Java HotSpot(TM) 64-Bit Server VM (25.151-b12) for bsd-amd64 JRE (1.8.0_151-b12), built on Sep  5 2017 19:37:08 by "java_re" with gcc 4.2.1 (Based on Apple Inc. build 5658) (LLVM build 2336.11.00)
Memory: 4k page, physical 8388608k(585636k free)

/proc/meminfo:

CommandLine flags: -XX:InitialHeapSize=1073741824 -XX:MaxHeapSize=1073741824 -XX:MaxNewSize=348966912 -XX:MaxTenuringThreshold=6 -XX:NewSize=348966912 -XX:OldPLABSize=16 -XX:OldSize=697933824 -XX:+PrintGC -XX:+PrintGCDateStamps -XX:+PrintGCDetails -XX:+PrintGCTimeStamps -XX:-UseAdaptiveSizePolicy -XX:+UseCompressedClassPointers -XX:+UseCompressedOops -XX:+UseConcMarkSweepGC -XX:+UseParNewGC 
2021-01-21T00:23:03.537-0800: 0.253: [GC (Allocation Failure) 2021-01-21T00:23:03.537-0800: 0.253: [ParNew: 272640K->34048K(306688K), 0.0350139 secs] 272640K->83765K(1014528K), 0.0351436 secs] [Times: user=0.04 sys=0.08, real=0.04 secs] 
2021-01-21T00:23:03.604-0800: 0.320: [GC (Allocation Failure) 2021-01-21T00:23:03.604-0800: 0.320: [ParNew: 306688K->34046K(306688K), 0.0466728 secs] 356405K->164230K(1014528K), 0.0467644 secs] [Times: user=0.05 sys=0.07, real=0.05 secs] 
2021-01-21T00:23:03.687-0800: 0.403: [GC (Allocation Failure) 2021-01-21T00:23:03.687-0800: 0.403: [ParNew: 306686K->34048K(306688K), 0.0614102 secs] 436870K->247215K(1014528K), 0.0614953 secs] [Times: user=0.18 sys=0.03, real=0.06 secs] 
2021-01-21T00:23:03.779-0800: 0.495: [GC (Allocation Failure) 2021-01-21T00:23:03.779-0800: 0.495: [ParNew: 306688K->34048K(306688K), 0.0875911 secs] 519855K->325056K(1014528K), 0.0876864 secs] [Times: user=0.10 sys=0.03, real=0.09 secs] 
2021-01-21T00:23:03.916-0800: 0.632: [GC (Allocation Failure) 2021-01-21T00:23:03.916-0800: 0.632: [ParNew: 306688K->34048K(306688K), 0.0674238 secs] 597696K->408337K(1014528K), 0.0675539 secs] [Times: user=0.16 sys=0.03, real=0.07 secs] 
2021-01-21T00:23:03.985-0800: 0.701: [GC (CMS Initial Mark) [1 CMS-initial-mark: 374289K(707840K)] 421483K(1014528K), 0.0011566 secs] [Times: user=0.00 sys=0.00, real=0.00 secs] 
2021-01-21T00:23:03.986-0800: 0.702: [CMS-concurrent-mark-start]
2021-01-21T00:23:03.999-0800: 0.715: [CMS-concurrent-mark: 0.013/0.013 secs] [Times: user=0.02 sys=0.00, real=0.01 secs] 
2021-01-21T00:23:03.999-0800: 0.715: [CMS-concurrent-preclean-start]
2021-01-21T00:23:04.001-0800: 0.717: [CMS-concurrent-preclean: 0.002/0.002 secs] [Times: user=0.00 sys=0.00, real=0.01 secs] 
2021-01-21T00:23:04.001-0800: 0.717: [CMS-concurrent-abortable-preclean-start]
2021-01-21T00:23:04.019-0800: 0.735: [GC (Allocation Failure) 2021-01-21T00:23:04.019-0800: 0.735: [ParNew2021-01-21T00:23:04.103-0800: 0.819: [CMS-concurrent-abortable-preclean: 0.001/0.102 secs] [Times: user=0.16 sys=0.03, real=0.10 secs] 
: 306376K->34048K(306688K), 0.1005273 secs] 680665K->490616K(1014528K), 0.1006361 secs] [Times: user=0.16 sys=0.04, real=0.11 secs] 
2021-01-21T00:23:04.120-0800: 0.836: [GC (CMS Final Remark) [YG occupancy: 40452 K (306688 K)]2021-01-21T00:23:04.120-0800: 0.836: [Rescan (parallel) , 0.0020569 secs]2021-01-21T00:23:04.122-0800: 0.838: [weak refs processing, 0.0000271 secs]2021-01-21T00:23:04.122-0800: 0.838: [class unloading, 0.0004398 secs]2021-01-21T00:23:04.123-0800: 0.839: [scrub symbol table, 0.0004550 secs]2021-01-21T00:23:04.123-0800: 0.839: [scrub string table, 0.0001241 secs][1 CMS-remark: 456568K(707840K)] 497021K(1014528K), 0.0032279 secs] [Times: user=0.00 sys=0.00, real=0.00 secs] 
2021-01-21T00:23:04.124-0800: 0.840: [CMS-concurrent-sweep-start]
2021-01-21T00:23:04.125-0800: 0.841: [CMS-concurrent-sweep: 0.001/0.001 secs] [Times: user=0.01 sys=0.00, real=0.00 secs] 
2021-01-21T00:23:04.125-0800: 0.841: [CMS-concurrent-reset-start]
2021-01-21T00:23:04.126-0800: 0.842: [CMS-concurrent-reset: 0.001/0.001 secs] [Times: user=0.00 sys=0.00, real=0.00 secs] 
2021-01-21T00:23:04.158-0800: 0.874: [GC (Allocation Failure) 2021-01-21T00:23:04.158-0800: 0.874: [ParNew: 306688K->34048K(306688K), 0.0177318 secs] 633766K->435054K(1014528K), 0.0178252 secs] [Times: user=0.06 sys=0.00, real=0.02 secs] 
2021-01-21T00:23:04.205-0800: 0.921: [GC (Allocation Failure) 2021-01-21T00:23:04.205-0800: 0.921: [ParNew: 306688K->34048K(306688K), 0.0427226 secs] 707694K->516964K(1014528K), 0.0428550 secs] [Times: user=0.11 sys=0.01, real=0.04 secs] 
2021-01-21T00:23:04.249-0800: 0.965: [GC (CMS Initial Mark) [1 CMS-initial-mark: 482916K(707840K)] 517252K(1014528K), 0.0005860 secs] [Times: user=0.00 sys=0.00, real=0.00 secs] 
2021-01-21T00:23:04.250-0800: 0.966: [CMS-concurrent-mark-start]
2021-01-21T00:23:04.257-0800: 0.973: [CMS-concurrent-mark: 0.008/0.008 secs] [Times: user=0.01 sys=0.00, real=0.00 secs] 
2021-01-21T00:23:04.257-0800: 0.973: [CMS-concurrent-preclean-start]
2021-01-21T00:23:04.258-0800: 0.974: [CMS-concurrent-preclean: 0.001/0.001 secs] [Times: user=0.00 sys=0.00, real=0.00 secs] 
2021-01-21T00:23:04.258-0800: 0.974: [CMS-concurrent-abortable-preclean-start]
2021-01-21T00:23:04.285-0800: 1.001: [GC (Allocation Failure) 2021-01-21T00:23:04.285-0800: 1.001: [ParNew2021-01-21T00:23:04.362-0800: 1.078: [CMS-concurrent-abortable-preclean: 0.001/0.104 secs] [Times: user=0.19 sys=0.03, real=0.11 secs] 
: 306688K->34048K(306688K), 0.0925095 secs] 789604K->587007K(1014528K), 0.0925970 secs] [Times: user=0.20 sys=0.04, real=0.09 secs] 
2021-01-21T00:23:04.378-0800: 1.094: [GC (CMS Final Remark) [YG occupancy: 34192 K (306688 K)]2021-01-21T00:23:04.378-0800: 1.094: [Rescan (parallel) , 0.0011428 secs]2021-01-21T00:23:04.379-0800: 1.095: [weak refs processing, 0.0000116 secs]2021-01-21T00:23:04.379-0800: 1.095: [class unloading, 0.0001917 secs]2021-01-21T00:23:04.379-0800: 1.095: [scrub symbol table, 0.0002718 secs]2021-01-21T00:23:04.379-0800: 1.095: [scrub string table, 0.0001055 secs][1 CMS-remark: 552959K(707840K)] 587151K(1014528K), 0.0017930 secs] [Times: user=0.00 sys=0.00, real=0.00 secs] 
2021-01-21T00:23:04.379-0800: 1.095: [CMS-concurrent-sweep-start]
Heap
 par new generation   total 306688K, used 45049K [0x0000000780000000, 0x0000000794cc0000, 0x0000000794cc0000)
  eden space 272640K,   4% used [0x0000000780000000, 0x0000000780abe448, 0x0000000790a40000)
  from space 34048K, 100% used [0x0000000792b80000, 0x0000000794cc0000, 0x0000000794cc0000)
  to   space 34048K,   0% used [0x0000000790a40000, 0x0000000790a40000, 0x0000000792b80000)
 concurrent mark-sweep generation total 707840K, used 528088K [0x0000000794cc0000, 0x00000007c0000000, 0x00000007c0000000)
 Metaspace       used 2698K, capacity 4486K, committed 4864K, reserved 1056768K
  class space    used 295K, capacity 386K, committed 512K, reserved 1048576K
