Java HotSpot(TM) 64-Bit Server VM (25.151-b12) for bsd-amd64 JRE (1.8.0_151-b12), built on Sep  5 2017 19:37:08 by "java_re" with gcc 4.2.1 (Based on Apple Inc. build 5658) (LLVM build 2336.11.00)
Memory: 4k page, physical 8388608k(82164k free)

/proc/meminfo:

CommandLine flags: -XX:InitialHeapSize=1073741824 -XX:MaxHeapSize=1073741824 -XX:+PrintGC -XX:+PrintGCDateStamps -XX:+PrintGCDetails -XX:+PrintGCTimeStamps -XX:-UseAdaptiveSizePolicy -XX:+UseCompressedClassPointers -XX:+UseCompressedOops -XX:+UseG1GC 
2021-01-21T00:28:56.705-0800: 0.250: [GC pause (G1 Evacuation Pause) (young), 0.0088842 secs]
   [Parallel Time: 7.9 ms, GC Workers: 4]
      [GC Worker Start (ms): Min: 250.0, Avg: 250.1, Max: 250.1, Diff: 0.1]
      [Ext Root Scanning (ms): Min: 0.2, Avg: 0.3, Max: 0.5, Diff: 0.3, Sum: 1.0]
      [Update RS (ms): Min: 0.0, Avg: 0.0, Max: 0.0, Diff: 0.0, Sum: 0.0]
         [Processed Buffers: Min: 0, Avg: 0.0, Max: 0, Diff: 0, Sum: 0]
      [Scan RS (ms): Min: 0.0, Avg: 0.0, Max: 0.0, Diff: 0.0, Sum: 0.0]
      [Code Root Scanning (ms): Min: 0.0, Avg: 0.0, Max: 0.0, Diff: 0.0, Sum: 0.0]
      [Object Copy (ms): Min: 6.6, Avg: 7.0, Max: 7.5, Diff: 0.9, Sum: 28.0]
      [Termination (ms): Min: 0.0, Avg: 0.5, Max: 0.7, Diff: 0.7, Sum: 2.0]
         [Termination Attempts: Min: 1, Avg: 1.0, Max: 1, Diff: 0, Sum: 4]
      [GC Worker Other (ms): Min: 0.0, Avg: 0.0, Max: 0.0, Diff: 0.0, Sum: 0.1]
      [GC Worker Total (ms): Min: 7.8, Avg: 7.8, Max: 7.9, Diff: 0.1, Sum: 31.2]
      [GC Worker End (ms): Min: 257.8, Avg: 257.9, Max: 257.9, Diff: 0.0]
   [Code Root Fixup: 0.0 ms]
   [Code Root Purge: 0.0 ms]
   [Clear CT: 0.0 ms]
   [Other: 0.9 ms]
      [Choose CSet: 0.0 ms]
      [Ref Proc: 0.7 ms]
      [Ref Enq: 0.0 ms]
      [Redirty Cards: 0.0 ms]
      [Humongous Register: 0.0 ms]
      [Humongous Reclaim: 0.0 ms]
      [Free CSet: 0.0 ms]
   [Eden: 51.0M(51.0M)->0.0B(44.0M) Survivors: 0.0B->7168.0K Heap: 65.2M(1024.0M)->24.2M(1024.0M)]
 [Times: user=0.01 sys=0.01, real=0.01 secs] 
2021-01-21T00:28:56.729-0800: 0.274: [GC pause (G1 Evacuation Pause) (young), 0.0074726 secs]
   [Parallel Time: 6.2 ms, GC Workers: 4]
      [GC Worker Start (ms): Min: 274.2, Avg: 274.2, Max: 274.4, Diff: 0.2]
      [Ext Root Scanning (ms): Min: 0.0, Avg: 0.1, Max: 0.2, Diff: 0.2, Sum: 0.5]
      [Update RS (ms): Min: 0.1, Avg: 0.1, Max: 0.2, Diff: 0.0, Sum: 0.6]
         [Processed Buffers: Min: 2, Avg: 2.8, Max: 3, Diff: 1, Sum: 11]
      [Scan RS (ms): Min: 0.0, Avg: 0.0, Max: 0.1, Diff: 0.1, Sum: 0.2]
      [Code Root Scanning (ms): Min: 0.0, Avg: 0.0, Max: 0.1, Diff: 0.1, Sum: 0.1]
      [Object Copy (ms): Min: 4.7, Avg: 5.1, Max: 5.7, Diff: 1.0, Sum: 20.4]
      [Termination (ms): Min: 0.0, Avg: 0.6, Max: 0.9, Diff: 0.9, Sum: 2.3]
         [Termination Attempts: Min: 1, Avg: 1.0, Max: 1, Diff: 0, Sum: 4]
      [GC Worker Other (ms): Min: 0.0, Avg: 0.0, Max: 0.0, Diff: 0.0, Sum: 0.0]
      [GC Worker Total (ms): Min: 6.0, Avg: 6.0, Max: 6.0, Diff: 0.1, Sum: 24.0]
      [GC Worker End (ms): Min: 280.2, Avg: 280.2, Max: 280.3, Diff: 0.2]
   [Code Root Fixup: 0.0 ms]
   [Code Root Purge: 0.0 ms]
   [Clear CT: 0.1 ms]
   [Other: 1.2 ms]
      [Choose CSet: 0.0 ms]
      [Ref Proc: 0.6 ms]
      [Ref Enq: 0.0 ms]
      [Redirty Cards: 0.1 ms]
      [Humongous Register: 0.0 ms]
      [Humongous Reclaim: 0.3 ms]
      [Free CSet: 0.0 ms]
   [Eden: 44.0M(44.0M)->0.0B(44.0M) Survivors: 7168.0K->7168.0K Heap: 79.6M(1024.0M)->42.2M(1024.0M)]
 [Times: user=0.01 sys=0.01, real=0.01 secs] 
2021-01-21T00:28:56.747-0800: 0.292: [GC pause (G1 Evacuation Pause) (young), 0.0099175 secs]
   [Parallel Time: 8.6 ms, GC Workers: 4]
      [GC Worker Start (ms): Min: 292.1, Avg: 292.8, Max: 293.4, Diff: 1.3]
      [Ext Root Scanning (ms): Min: 0.0, Avg: 0.1, Max: 0.2, Diff: 0.2, Sum: 0.4]
      [Update RS (ms): Min: 0.0, Avg: 0.1, Max: 0.2, Diff: 0.2, Sum: 0.4]
         [Processed Buffers: Min: 0, Avg: 2.2, Max: 5, Diff: 5, Sum: 9]
      [Scan RS (ms): Min: 0.0, Avg: 0.0, Max: 0.0, Diff: 0.0, Sum: 0.1]
      [Code Root Scanning (ms): Min: 0.0, Avg: 0.0, Max: 0.0, Diff: 0.0, Sum: 0.0]
      [Object Copy (ms): Min: 5.5, Avg: 6.6, Max: 7.0, Diff: 1.5, Sum: 26.3]
      [Termination (ms): Min: 0.0, Avg: 0.6, Max: 1.0, Diff: 1.0, Sum: 2.5]
         [Termination Attempts: Min: 1, Avg: 1.0, Max: 1, Diff: 0, Sum: 4]
      [GC Worker Other (ms): Min: 0.0, Avg: 0.4, Max: 1.5, Diff: 1.5, Sum: 1.5]
      [GC Worker Total (ms): Min: 7.0, Avg: 7.8, Max: 8.5, Diff: 1.5, Sum: 31.2]
      [GC Worker End (ms): Min: 300.5, Avg: 300.6, Max: 300.7, Diff: 0.2]
   [Code Root Fixup: 0.0 ms]
   [Code Root Purge: 0.0 ms]
   [Clear CT: 0.2 ms]
   [Other: 1.1 ms]
      [Choose CSet: 0.0 ms]
      [Ref Proc: 0.7 ms]
      [Ref Enq: 0.0 ms]
      [Redirty Cards: 0.1 ms]
      [Humongous Register: 0.0 ms]
      [Humongous Reclaim: 0.0 ms]
      [Free CSet: 0.0 ms]
   [Eden: 44.0M(44.0M)->0.0B(44.0M) Survivors: 7168.0K->7168.0K Heap: 94.6M(1024.0M)->61.9M(1024.0M)]
 [Times: user=0.01 sys=0.01, real=0.01 secs] 
2021-01-21T00:28:56.775-0800: 0.320: [GC pause (G1 Evacuation Pause) (young), 0.0107268 secs]
   [Parallel Time: 9.6 ms, GC Workers: 4]
      [GC Worker Start (ms): Min: 319.8, Avg: 320.4, Max: 321.3, Diff: 1.5]
      [Ext Root Scanning (ms): Min: 0.0, Avg: 0.1, Max: 0.2, Diff: 0.2, Sum: 0.3]
      [Update RS (ms): Min: 0.0, Avg: 0.1, Max: 0.3, Diff: 0.3, Sum: 0.5]
         [Processed Buffers: Min: 0, Avg: 2.2, Max: 5, Diff: 5, Sum: 9]
      [Scan RS (ms): Min: 0.0, Avg: 0.0, Max: 0.0, Diff: 0.0, Sum: 0.1]
      [Code Root Scanning (ms): Min: 0.0, Avg: 0.0, Max: 0.0, Diff: 0.0, Sum: 0.0]
      [Object Copy (ms): Min: 7.5, Avg: 8.0, Max: 8.7, Diff: 1.2, Sum: 31.9]
      [Termination (ms): Min: 0.0, Avg: 0.7, Max: 1.2, Diff: 1.2, Sum: 2.6]
         [Termination Attempts: Min: 1, Avg: 1.0, Max: 1, Diff: 0, Sum: 4]
      [GC Worker Other (ms): Min: 0.0, Avg: 0.0, Max: 0.0, Diff: 0.0, Sum: 0.0]
      [GC Worker Total (ms): Min: 7.9, Avg: 8.9, Max: 9.4, Diff: 1.5, Sum: 35.4]
      [GC Worker End (ms): Min: 329.2, Avg: 329.3, Max: 329.4, Diff: 0.1]
   [Code Root Fixup: 0.0 ms]
   [Code Root Purge: 0.0 ms]
   [Clear CT: 0.1 ms]
   [Other: 1.1 ms]
      [Choose CSet: 0.0 ms]
      [Ref Proc: 0.7 ms]
      [Ref Enq: 0.0 ms]
      [Redirty Cards: 0.1 ms]
      [Humongous Register: 0.1 ms]
      [Humongous Reclaim: 0.0 ms]
      [Free CSet: 0.0 ms]
   [Eden: 44.0M(44.0M)->0.0B(61.0M) Survivors: 7168.0K->7168.0K Heap: 117.1M(1024.0M)->79.6M(1024.0M)]
 [Times: user=0.01 sys=0.00, real=0.01 secs] 
2021-01-21T00:28:56.813-0800: 0.358: [GC pause (G1 Evacuation Pause) (young), 0.0222731 secs]
   [Parallel Time: 20.9 ms, GC Workers: 4]
      [GC Worker Start (ms): Min: 358.1, Avg: 358.9, Max: 359.7, Diff: 1.6]
      [Ext Root Scanning (ms): Min: 0.0, Avg: 0.1, Max: 0.2, Diff: 0.2, Sum: 0.2]
      [Update RS (ms): Min: 0.0, Avg: 0.1, Max: 0.3, Diff: 0.3, Sum: 0.5]
         [Processed Buffers: Min: 0, Avg: 2.2, Max: 5, Diff: 5, Sum: 9]
      [Scan RS (ms): Min: 0.0, Avg: 0.4, Max: 1.6, Diff: 1.6, Sum: 1.7]
      [Code Root Scanning (ms): Min: 0.0, Avg: 0.0, Max: 0.0, Diff: 0.0, Sum: 0.0]
      [Object Copy (ms): Min: 16.1, Avg: 18.8, Max: 20.3, Diff: 4.2, Sum: 75.0]
      [Termination (ms): Min: 0.0, Avg: 0.7, Max: 1.6, Diff: 1.6, Sum: 2.8]
         [Termination Attempts: Min: 1, Avg: 1.0, Max: 1, Diff: 0, Sum: 4]
      [GC Worker Other (ms): Min: 0.0, Avg: 0.1, Max: 0.3, Diff: 0.3, Sum: 0.3]
      [GC Worker Total (ms): Min: 19.3, Avg: 20.1, Max: 20.9, Diff: 1.6, Sum: 80.4]
      [GC Worker End (ms): Min: 379.0, Avg: 379.0, Max: 379.0, Diff: 0.0]
   [Code Root Fixup: 0.0 ms]
   [Code Root Purge: 0.0 ms]
   [Clear CT: 0.1 ms]
   [Other: 1.3 ms]
      [Choose CSet: 0.0 ms]
      [Ref Proc: 1.0 ms]
      [Ref Enq: 0.0 ms]
      [Redirty Cards: 0.0 ms]
      [Humongous Register: 0.0 ms]
      [Humongous Reclaim: 0.1 ms]
      [Free CSet: 0.0 ms]
   [Eden: 61.0M(61.0M)->0.0B(68.0M) Survivors: 7168.0K->9216.0K Heap: 157.6M(1024.0M)->102.8M(1024.0M)]
 [Times: user=0.01 sys=0.01, real=0.02 secs] 
2021-01-21T00:28:56.860-0800: 0.406: [GC pause (G1 Evacuation Pause) (young), 0.0184038 secs]
   [Parallel Time: 17.4 ms, GC Workers: 4]
      [GC Worker Start (ms): Min: 405.7, Avg: 408.8, Max: 413.7, Diff: 8.0]
      [Ext Root Scanning (ms): Min: 0.0, Avg: 0.1, Max: 0.2, Diff: 0.2, Sum: 0.3]
      [Update RS (ms): Min: 0.0, Avg: 0.2, Max: 0.4, Diff: 0.4, Sum: 0.7]
         [Processed Buffers: Min: 0, Avg: 2.5, Max: 5, Diff: 5, Sum: 10]
      [Scan RS (ms): Min: 0.0, Avg: 0.0, Max: 0.0, Diff: 0.0, Sum: 0.0]
      [Code Root Scanning (ms): Min: 0.0, Avg: 0.0, Max: 0.0, Diff: 0.0, Sum: 0.0]
      [Object Copy (ms): Min: 8.6, Avg: 12.8, Max: 16.5, Diff: 8.0, Sum: 51.4]
      [Termination (ms): Min: 0.0, Avg: 1.0, Max: 2.0, Diff: 2.0, Sum: 4.1]
         [Termination Attempts: Min: 1, Avg: 1.0, Max: 1, Diff: 0, Sum: 4]
      [GC Worker Other (ms): Min: 0.0, Avg: 0.0, Max: 0.0, Diff: 0.0, Sum: 0.0]
      [GC Worker Total (ms): Min: 9.3, Avg: 14.2, Max: 17.3, Diff: 8.0, Sum: 56.6]
      [GC Worker End (ms): Min: 422.8, Avg: 423.0, Max: 423.0, Diff: 0.2]
   [Code Root Fixup: 0.0 ms]
   [Code Root Purge: 0.0 ms]
   [Clear CT: 0.0 ms]
   [Other: 1.0 ms]
      [Choose CSet: 0.0 ms]
      [Ref Proc: 0.7 ms]
      [Ref Enq: 0.0 ms]
      [Redirty Cards: 0.0 ms]
      [Humongous Register: 0.1 ms]
      [Humongous Reclaim: 0.1 ms]
      [Free CSet: 0.0 ms]
   [Eden: 68.0M(68.0M)->0.0B(111.0M) Survivors: 9216.0K->10.0M Heap: 191.5M(1024.0M)->131.9M(1024.0M)]
 [Times: user=0.02 sys=0.02, real=0.01 secs] 
2021-01-21T00:28:56.930-0800: 0.476: [GC pause (G1 Evacuation Pause) (young), 0.0292727 secs]
   [Parallel Time: 28.0 ms, GC Workers: 4]
      [GC Worker Start (ms): Min: 475.7, Avg: 476.0, Max: 476.5, Diff: 0.8]
      [Ext Root Scanning (ms): Min: 0.0, Avg: 0.1, Max: 0.2, Diff: 0.2, Sum: 0.4]
      [Update RS (ms): Min: 0.0, Avg: 0.2, Max: 0.4, Diff: 0.4, Sum: 0.7]
         [Processed Buffers: Min: 0, Avg: 2.8, Max: 7, Diff: 7, Sum: 11]
      [Scan RS (ms): Min: 0.0, Avg: 0.0, Max: 0.0, Diff: 0.0, Sum: 0.1]
      [Code Root Scanning (ms): Min: 0.0, Avg: 0.0, Max: 0.0, Diff: 0.0, Sum: 0.0]
      [Object Copy (ms): Min: 26.5, Avg: 26.9, Max: 27.1, Diff: 0.6, Sum: 107.5]
      [Termination (ms): Min: 0.0, Avg: 0.4, Max: 0.8, Diff: 0.8, Sum: 1.7]
         [Termination Attempts: Min: 1, Avg: 1.0, Max: 1, Diff: 0, Sum: 4]
      [GC Worker Other (ms): Min: 0.0, Avg: 0.0, Max: 0.1, Diff: 0.0, Sum: 0.1]
      [GC Worker Total (ms): Min: 27.0, Avg: 27.6, Max: 27.9, Diff: 0.9, Sum: 110.5]
      [GC Worker End (ms): Min: 503.5, Avg: 503.6, Max: 503.6, Diff: 0.1]
   [Code Root Fixup: 0.0 ms]
   [Code Root Purge: 0.0 ms]
   [Clear CT: 0.1 ms]
   [Other: 1.2 ms]
      [Choose CSet: 0.0 ms]
      [Ref Proc: 0.7 ms]
      [Ref Enq: 0.0 ms]
      [Redirty Cards: 0.0 ms]
      [Humongous Register: 0.1 ms]
      [Humongous Reclaim: 0.1 ms]
      [Free CSet: 0.0 ms]
   [Eden: 111.0M(111.0M)->0.0B(86.0M) Survivors: 10.0M->16.0M Heap: 267.7M(1024.0M)->174.7M(1024.0M)]
 [Times: user=0.02 sys=0.02, real=0.03 secs] 
2021-01-21T00:28:56.980-0800: 0.525: [GC pause (G1 Evacuation Pause) (young), 0.0167759 secs]
   [Parallel Time: 15.0 ms, GC Workers: 4]
      [GC Worker Start (ms): Min: 525.2, Avg: 526.6, Max: 528.4, Diff: 3.2]
      [Ext Root Scanning (ms): Min: 0.0, Avg: 0.1, Max: 0.2, Diff: 0.2, Sum: 0.3]
      [Update RS (ms): Min: 0.0, Avg: 0.2, Max: 0.4, Diff: 0.4, Sum: 0.7]
         [Processed Buffers: Min: 0, Avg: 3.0, Max: 7, Diff: 7, Sum: 12]
      [Scan RS (ms): Min: 0.0, Avg: 0.0, Max: 0.0, Diff: 0.0, Sum: 0.1]
      [Code Root Scanning (ms): Min: 0.0, Avg: 0.0, Max: 0.0, Diff: 0.0, Sum: 0.0]
      [Object Copy (ms): Min: 10.9, Avg: 12.9, Max: 14.4, Diff: 3.4, Sum: 51.4]
      [Termination (ms): Min: 0.0, Avg: 0.4, Max: 0.8, Diff: 0.8, Sum: 1.6]
         [Termination Attempts: Min: 1, Avg: 1.0, Max: 1, Diff: 0, Sum: 4]
      [GC Worker Other (ms): Min: 0.0, Avg: 0.0, Max: 0.1, Diff: 0.1, Sum: 0.1]
      [GC Worker Total (ms): Min: 11.8, Avg: 13.5, Max: 14.9, Diff: 3.1, Sum: 54.2]
      [GC Worker End (ms): Min: 540.1, Avg: 540.1, Max: 540.2, Diff: 0.0]
   [Code Root Fixup: 0.0 ms]
   [Code Root Purge: 0.0 ms]
   [Clear CT: 0.1 ms]
   [Other: 1.7 ms]
      [Choose CSet: 0.0 ms]
      [Ref Proc: 1.3 ms]
      [Ref Enq: 0.0 ms]
      [Redirty Cards: 0.1 ms]
      [Humongous Register: 0.1 ms]
      [Humongous Reclaim: 0.1 ms]
      [Free CSet: 0.0 ms]
   [Eden: 86.0M(86.0M)->0.0B(182.0M) Survivors: 16.0M->13.0M Heap: 280.4M(1024.0M)->202.6M(1024.0M)]
 [Times: user=0.02 sys=0.01, real=0.01 secs] 
2021-01-21T00:28:57.080-0800: 0.625: [GC pause (G1 Evacuation Pause) (young), 0.0288430 secs]
   [Parallel Time: 26.9 ms, GC Workers: 4]
      [GC Worker Start (ms): Min: 624.9, Avg: 625.6, Max: 626.6, Diff: 1.8]
      [Ext Root Scanning (ms): Min: 0.0, Avg: 0.1, Max: 0.1, Diff: 0.1, Sum: 0.2]
      [Update RS (ms): Min: 0.0, Avg: 0.4, Max: 0.8, Diff: 0.8, Sum: 1.5]
         [Processed Buffers: Min: 0, Avg: 5.8, Max: 12, Diff: 12, Sum: 23]
      [Scan RS (ms): Min: 0.0, Avg: 0.0, Max: 0.1, Diff: 0.0, Sum: 0.1]
      [Code Root Scanning (ms): Min: 0.0, Avg: 0.0, Max: 0.0, Diff: 0.0, Sum: 0.0]
      [Object Copy (ms): Min: 25.0, Avg: 25.3, Max: 25.6, Diff: 0.6, Sum: 101.1]
      [Termination (ms): Min: 0.0, Avg: 0.4, Max: 0.7, Diff: 0.7, Sum: 1.7]
         [Termination Attempts: Min: 1, Avg: 1.0, Max: 1, Diff: 0, Sum: 4]
      [GC Worker Other (ms): Min: 0.0, Avg: 0.0, Max: 0.0, Diff: 0.0, Sum: 0.0]
      [GC Worker Total (ms): Min: 25.0, Avg: 26.1, Max: 26.9, Diff: 1.9, Sum: 104.6]
      [GC Worker End (ms): Min: 651.6, Avg: 651.7, Max: 651.8, Diff: 0.1]
   [Code Root Fixup: 0.0 ms]
   [Code Root Purge: 0.0 ms]
   [Clear CT: 0.1 ms]
   [Other: 1.8 ms]
      [Choose CSet: 0.0 ms]
      [Ref Proc: 1.3 ms]
      [Ref Enq: 0.0 ms]
      [Redirty Cards: 0.0 ms]
      [Humongous Register: 0.1 ms]
      [Humongous Reclaim: 0.2 ms]
      [Free CSet: 0.1 ms]
   [Eden: 182.0M(182.0M)->0.0B(122.0M) Survivors: 13.0M->25.0M Heap: 437.3M(1024.0M)->269.2M(1024.0M)]
 [Times: user=0.03 sys=0.03, real=0.02 secs] 
2021-01-21T00:28:57.130-0800: 0.675: [GC pause (G1 Evacuation Pause) (young), 0.0252162 secs]
   [Parallel Time: 24.2 ms, GC Workers: 4]
      [GC Worker Start (ms): Min: 675.2, Avg: 675.6, Max: 676.5, Diff: 1.3]
      [Ext Root Scanning (ms): Min: 0.0, Avg: 0.1, Max: 0.1, Diff: 0.1, Sum: 0.4]
      [Update RS (ms): Min: 0.0, Avg: 0.2, Max: 0.3, Diff: 0.3, Sum: 0.9]
         [Processed Buffers: Min: 0, Avg: 3.5, Max: 7, Diff: 7, Sum: 14]
      [Scan RS (ms): Min: 0.0, Avg: 0.0, Max: 0.0, Diff: 0.0, Sum: 0.1]
      [Code Root Scanning (ms): Min: 0.0, Avg: 0.0, Max: 0.0, Diff: 0.0, Sum: 0.0]
      [Object Copy (ms): Min: 22.8, Avg: 23.1, Max: 23.5, Diff: 0.7, Sum: 92.4]
      [Termination (ms): Min: 0.0, Avg: 0.4, Max: 0.7, Diff: 0.7, Sum: 1.5]
         [Termination Attempts: Min: 1, Avg: 1.0, Max: 1, Diff: 0, Sum: 4]
      [GC Worker Other (ms): Min: 0.0, Avg: 0.0, Max: 0.0, Diff: 0.0, Sum: 0.0]
      [GC Worker Total (ms): Min: 22.8, Avg: 23.8, Max: 24.1, Diff: 1.3, Sum: 95.2]
      [GC Worker End (ms): Min: 699.4, Avg: 699.4, Max: 699.4, Diff: 0.1]
   [Code Root Fixup: 0.0 ms]
   [Code Root Purge: 0.0 ms]
   [Clear CT: 0.0 ms]
   [Other: 1.0 ms]
      [Choose CSet: 0.0 ms]
      [Ref Proc: 0.6 ms]
      [Ref Enq: 0.0 ms]
      [Redirty Cards: 0.1 ms]
      [Humongous Register: 0.1 ms]
      [Humongous Reclaim: 0.1 ms]
      [Free CSet: 0.0 ms]
   [Eden: 122.0M(122.0M)->0.0B(195.0M) Survivors: 25.0M->19.0M Heap: 420.9M(1024.0M)->310.4M(1024.0M)]
 [Times: user=0.02 sys=0.01, real=0.02 secs] 
2021-01-21T00:28:57.214-0800: 0.759: [GC pause (G1 Evacuation Pause) (young), 0.0337588 secs]
   [Parallel Time: 32.2 ms, GC Workers: 4]
      [GC Worker Start (ms): Min: 758.8, Avg: 759.2, Max: 759.7, Diff: 1.0]
      [Ext Root Scanning (ms): Min: 0.0, Avg: 0.1, Max: 0.1, Diff: 0.1, Sum: 0.3]
      [Update RS (ms): Min: 0.0, Avg: 0.3, Max: 0.6, Diff: 0.6, Sum: 1.2]
         [Processed Buffers: Min: 0, Avg: 4.8, Max: 13, Diff: 13, Sum: 19]
      [Scan RS (ms): Min: 0.0, Avg: 0.0, Max: 0.0, Diff: 0.0, Sum: 0.1]
      [Code Root Scanning (ms): Min: 0.0, Avg: 0.0, Max: 0.0, Diff: 0.0, Sum: 0.0]
      [Object Copy (ms): Min: 30.1, Avg: 30.6, Max: 31.0, Diff: 0.9, Sum: 122.4]
      [Termination (ms): Min: 0.0, Avg: 0.6, Max: 1.1, Diff: 1.1, Sum: 2.5]
         [Termination Attempts: Min: 1, Avg: 1.0, Max: 1, Diff: 0, Sum: 4]
      [GC Worker Other (ms): Min: 0.0, Avg: 0.0, Max: 0.0, Diff: 0.0, Sum: 0.0]
      [GC Worker Total (ms): Min: 31.0, Avg: 31.6, Max: 32.1, Diff: 1.1, Sum: 126.4]
      [GC Worker End (ms): Min: 790.8, Avg: 790.8, Max: 790.9, Diff: 0.1]
   [Code Root Fixup: 0.0 ms]
   [Code Root Purge: 0.0 ms]
   [Clear CT: 0.1 ms]
   [Other: 1.4 ms]
      [Choose CSet: 0.0 ms]
      [Ref Proc: 0.9 ms]
      [Ref Enq: 0.0 ms]
      [Redirty Cards: 0.1 ms]
      [Humongous Register: 0.1 ms]
      [Humongous Reclaim: 0.2 ms]
      [Free CSet: 0.1 ms]
   [Eden: 195.0M(195.0M)->0.0B(215.0M) Survivors: 19.0M->27.0M Heap: 557.1M(1024.0M)->368.8M(1024.0M)]
 [Times: user=0.02 sys=0.02, real=0.03 secs] 
2021-01-21T00:28:57.281-0800: 0.826: [GC pause (G1 Humongous Allocation) (young) (initial-mark), 0.0209145 secs]
   [Parallel Time: 19.5 ms, GC Workers: 4]
      [GC Worker Start (ms): Min: 826.3, Avg: 826.5, Max: 826.6, Diff: 0.2]
      [Ext Root Scanning (ms): Min: 0.0, Avg: 1.0, Max: 2.2, Diff: 2.1, Sum: 4.1]
      [Update RS (ms): Min: 0.0, Avg: 0.4, Max: 0.9, Diff: 0.9, Sum: 1.5]
         [Processed Buffers: Min: 0, Avg: 5.2, Max: 11, Diff: 11, Sum: 21]
      [Scan RS (ms): Min: 0.0, Avg: 0.0, Max: 0.0, Diff: 0.0, Sum: 0.1]
      [Code Root Scanning (ms): Min: 0.0, Avg: 0.0, Max: 0.0, Diff: 0.0, Sum: 0.0]
      [Object Copy (ms): Min: 17.1, Avg: 17.4, Max: 18.1, Diff: 1.0, Sum: 69.8]
      [Termination (ms): Min: 0.0, Avg: 0.4, Max: 0.8, Diff: 0.8, Sum: 1.5]
         [Termination Attempts: Min: 1, Avg: 1.2, Max: 2, Diff: 1, Sum: 5]
      [GC Worker Other (ms): Min: 0.0, Avg: 0.0, Max: 0.0, Diff: 0.0, Sum: 0.1]
      [GC Worker Total (ms): Min: 19.1, Avg: 19.3, Max: 19.4, Diff: 0.3, Sum: 77.1]
      [GC Worker End (ms): Min: 845.7, Avg: 845.7, Max: 845.8, Diff: 0.1]
   [Code Root Fixup: 0.0 ms]
   [Code Root Purge: 0.0 ms]
   [Clear CT: 0.1 ms]
   [Other: 1.3 ms]
      [Choose CSet: 0.0 ms]
      [Ref Proc: 0.7 ms]
      [Ref Enq: 0.0 ms]
      [Redirty Cards: 0.1 ms]
      [Humongous Register: 0.1 ms]
      [Humongous Reclaim: 0.2 ms]
      [Free CSet: 0.1 ms]
   [Eden: 163.0M(215.0M)->0.0B(294.0M) Survivors: 27.0M->31.0M Heap: 577.2M(1024.0M)->416.7M(1024.0M)]
 [Times: user=0.02 sys=0.02, real=0.02 secs] 
2021-01-21T00:28:57.302-0800: 0.847: [GC concurrent-root-region-scan-start]
2021-01-21T00:28:57.303-0800: 0.848: [GC concurrent-root-region-scan-end, 0.0009402 secs]
2021-01-21T00:28:57.303-0800: 0.848: [GC concurrent-mark-start]
2021-01-21T00:28:57.317-0800: 0.862: [GC concurrent-mark-end, 0.0142334 secs]
2021-01-21T00:28:57.318-0800: 0.864: [GC remark 2021-01-21T00:28:57.319-0800: 0.864: [Finalize Marking, 0.0005949 secs] 2021-01-21T00:28:57.319-0800: 0.864: [GC ref-proc, 0.0000326 secs] 2021-01-21T00:28:57.319-0800: 0.864: [Unloading, 0.0004841 secs], 0.0020235 secs]
 [Times: user=0.01 sys=0.00, real=0.01 secs] 
2021-01-21T00:28:57.321-0800: 0.866: [GC cleanup 496M->480M(1024M), 0.0008137 secs]
 [Times: user=0.00 sys=0.00, real=0.00 secs] 
2021-01-21T00:28:57.322-0800: 0.867: [GC concurrent-cleanup-start]
2021-01-21T00:28:57.322-0800: 0.867: [GC concurrent-cleanup-end, 0.0000297 secs]
2021-01-21T00:28:57.460-0800: 1.005: [GC pause (G1 Evacuation Pause) (young), 0.0582996 secs]
   [Parallel Time: 56.9 ms, GC Workers: 4]
      [GC Worker Start (ms): Min: 1005.1, Avg: 1006.4, Max: 1008.0, Diff: 3.0]
      [Ext Root Scanning (ms): Min: 0.0, Avg: 0.1, Max: 0.1, Diff: 0.1, Sum: 0.2]
      [Update RS (ms): Min: 0.0, Avg: 0.3, Max: 0.6, Diff: 0.6, Sum: 1.2]
         [Processed Buffers: Min: 0, Avg: 4.2, Max: 13, Diff: 13, Sum: 17]
      [Scan RS (ms): Min: 0.0, Avg: 0.0, Max: 0.1, Diff: 0.0, Sum: 0.2]
      [Code Root Scanning (ms): Min: 0.0, Avg: 0.0, Max: 0.0, Diff: 0.0, Sum: 0.0]
      [Object Copy (ms): Min: 51.1, Avg: 53.2, Max: 55.9, Diff: 4.8, Sum: 212.6]
      [Termination (ms): Min: 0.0, Avg: 1.8, Max: 2.7, Diff: 2.7, Sum: 7.4]
         [Termination Attempts: Min: 1, Avg: 1.0, Max: 1, Diff: 0, Sum: 4]
      [GC Worker Other (ms): Min: 0.0, Avg: 0.0, Max: 0.0, Diff: 0.0, Sum: 0.1]
      [GC Worker Total (ms): Min: 53.8, Avg: 55.4, Max: 56.8, Diff: 3.0, Sum: 221.7]
      [GC Worker End (ms): Min: 1061.8, Avg: 1061.9, Max: 1061.9, Diff: 0.0]
   [Code Root Fixup: 0.0 ms]
   [Code Root Purge: 0.0 ms]
   [Clear CT: 0.2 ms]
   [Other: 1.3 ms]
      [Choose CSet: 0.0 ms]
      [Ref Proc: 0.7 ms]
      [Ref Enq: 0.0 ms]
      [Redirty Cards: 0.0 ms]
      [Humongous Register: 0.1 ms]
      [Humongous Reclaim: 0.2 ms]
      [Free CSet: 0.1 ms]
   [Eden: 294.0M(294.0M)->0.0B(10.0M) Survivors: 31.0M->41.0M Heap: 778.2M(1024.0M)->476.4M(1024.0M)]
 [Times: user=0.04 sys=0.04, real=0.05 secs] 
2021-01-21T00:28:57.522-0800: 1.067: [GC pause (G1 Evacuation Pause) (mixed), 0.0136460 secs]
   [Parallel Time: 13.0 ms, GC Workers: 4]
      [GC Worker Start (ms): Min: 1067.0, Avg: 1067.1, Max: 1067.5, Diff: 0.5]
      [Ext Root Scanning (ms): Min: 0.0, Avg: 0.2, Max: 0.4, Diff: 0.4, Sum: 0.6]
      [Update RS (ms): Min: 0.2, Avg: 0.3, Max: 0.4, Diff: 0.2, Sum: 1.2]
         [Processed Buffers: Min: 1, Avg: 3.5, Max: 5, Diff: 4, Sum: 14]
      [Scan RS (ms): Min: 0.0, Avg: 0.1, Max: 0.1, Diff: 0.1, Sum: 0.2]
      [Code Root Scanning (ms): Min: 0.0, Avg: 0.0, Max: 0.0, Diff: 0.0, Sum: 0.0]
      [Object Copy (ms): Min: 12.0, Avg: 12.1, Max: 12.2, Diff: 0.2, Sum: 48.6]
      [Termination (ms): Min: 0.0, Avg: 0.1, Max: 0.2, Diff: 0.2, Sum: 0.4]
         [Termination Attempts: Min: 1, Avg: 1.0, Max: 1, Diff: 0, Sum: 4]
      [GC Worker Other (ms): Min: 0.0, Avg: 0.0, Max: 0.0, Diff: 0.0, Sum: 0.1]
      [GC Worker Total (ms): Min: 12.5, Avg: 12.8, Max: 12.9, Diff: 0.5, Sum: 51.0]
      [GC Worker End (ms): Min: 1079.9, Avg: 1079.9, Max: 1079.9, Diff: 0.1]
   [Code Root Fixup: 0.0 ms]
   [Code Root Purge: 0.0 ms]
   [Clear CT: 0.1 ms]
   [Other: 0.6 ms]
      [Choose CSet: 0.0 ms]
      [Ref Proc: 0.1 ms]
      [Ref Enq: 0.0 ms]
      [Redirty Cards: 0.1 ms]
      [Humongous Register: 0.1 ms]
      [Humongous Reclaim: 0.0 ms]
      [Free CSet: 0.2 ms]
   [Eden: 10.0M(10.0M)->0.0B(47.0M) Survivors: 41.0M->4096.0K Heap: 487.5M(1024.0M)->399.9M(1024.0M)]
 [Times: user=0.03 sys=0.01, real=0.01 secs] 
2021-01-21T00:28:57.557-0800: 1.102: [GC pause (G1 Evacuation Pause) (mixed), 0.0032313 secs]
   [Parallel Time: 2.8 ms, GC Workers: 4]
      [GC Worker Start (ms): Min: 1102.2, Avg: 1102.2, Max: 1102.2, Diff: 0.0]
      [Ext Root Scanning (ms): Min: 0.1, Avg: 0.1, Max: 0.1, Diff: 0.0, Sum: 0.5]
      [Update RS (ms): Min: 0.4, Avg: 0.4, Max: 0.4, Diff: 0.0, Sum: 1.5]
         [Processed Buffers: Min: 4, Avg: 5.8, Max: 7, Diff: 3, Sum: 23]
      [Scan RS (ms): Min: 0.0, Avg: 0.0, Max: 0.0, Diff: 0.0, Sum: 0.0]
      [Code Root Scanning (ms): Min: 0.0, Avg: 0.0, Max: 0.0, Diff: 0.0, Sum: 0.0]
      [Object Copy (ms): Min: 1.7, Avg: 1.8, Max: 2.3, Diff: 0.6, Sum: 7.4]
      [Termination (ms): Min: 0.0, Avg: 0.4, Max: 0.6, Diff: 0.6, Sum: 1.7]
         [Termination Attempts: Min: 1, Avg: 1.0, Max: 1, Diff: 0, Sum: 4]
      [GC Worker Other (ms): Min: 0.0, Avg: 0.0, Max: 0.0, Diff: 0.0, Sum: 0.0]
      [GC Worker Total (ms): Min: 2.8, Avg: 2.8, Max: 2.8, Diff: 0.0, Sum: 11.1]
      [GC Worker End (ms): Min: 1105.0, Avg: 1105.0, Max: 1105.0, Diff: 0.0]
   [Code Root Fixup: 0.0 ms]
   [Code Root Purge: 0.0 ms]
   [Clear CT: 0.0 ms]
   [Other: 0.3 ms]
      [Choose CSet: 0.0 ms]
      [Ref Proc: 0.1 ms]
      [Ref Enq: 0.0 ms]
      [Redirty Cards: 0.0 ms]
      [Humongous Register: 0.1 ms]
      [Humongous Reclaim: 0.0 ms]
      [Free CSet: 0.0 ms]
   [Eden: 47.0M(47.0M)->0.0B(327.0M) Survivors: 4096.0K->7168.0K Heap: 460.9M(1024.0M)->409.9M(1024.0M)]
 [Times: user=0.01 sys=0.00, real=0.01 secs] 
2021-01-21T00:28:57.565-0800: 1.110: [GC pause (G1 Humongous Allocation) (young) (initial-mark), 0.0044659 secs]
   [Parallel Time: 3.9 ms, GC Workers: 4]
      [GC Worker Start (ms): Min: 1110.0, Avg: 1110.0, Max: 1110.1, Diff: 0.2]
      [Ext Root Scanning (ms): Min: 0.0, Avg: 0.3, Max: 1.0, Diff: 1.0, Sum: 1.3]
      [Update RS (ms): Min: 0.0, Avg: 0.3, Max: 0.5, Diff: 0.5, Sum: 1.4]
         [Processed Buffers: Min: 0, Avg: 4.8, Max: 7, Diff: 7, Sum: 19]
      [Scan RS (ms): Min: 0.0, Avg: 0.0, Max: 0.0, Diff: 0.0, Sum: 0.0]
      [Code Root Scanning (ms): Min: 0.0, Avg: 0.0, Max: 0.0, Diff: 0.0, Sum: 0.0]
      [Object Copy (ms): Min: 2.8, Avg: 3.1, Max: 3.2, Diff: 0.3, Sum: 12.3]
      [Termination (ms): Min: 0.0, Avg: 0.1, Max: 0.1, Diff: 0.1, Sum: 0.2]
         [Termination Attempts: Min: 1, Avg: 1.0, Max: 1, Diff: 0, Sum: 4]
      [GC Worker Other (ms): Min: 0.0, Avg: 0.0, Max: 0.0, Diff: 0.0, Sum: 0.0]
      [GC Worker Total (ms): Min: 3.7, Avg: 3.8, Max: 3.8, Diff: 0.1, Sum: 15.2]
      [GC Worker End (ms): Min: 1113.8, Avg: 1113.8, Max: 1113.9, Diff: 0.0]
   [Code Root Fixup: 0.0 ms]
   [Code Root Purge: 0.0 ms]
   [Clear CT: 0.1 ms]
   [Other: 0.5 ms]
      [Choose CSet: 0.0 ms]
      [Ref Proc: 0.2 ms]
      [Ref Enq: 0.0 ms]
      [Redirty Cards: 0.0 ms]
      [Humongous Register: 0.1 ms]
      [Humongous Reclaim: 0.0 ms]
      [Free CSet: 0.0 ms]
   [Eden: 28.0M(327.0M)->0.0B(319.0M) Survivors: 7168.0K->17.0M Heap: 442.7M(1024.0M)->420.6M(1024.0M)]
 [Times: user=0.02 sys=0.00, real=0.00 secs] 
2021-01-21T00:28:57.569-0800: 1.114: [GC concurrent-root-region-scan-start]
2021-01-21T00:28:57.570-0800: 1.115: [GC concurrent-root-region-scan-end, 0.0001098 secs]
2021-01-21T00:28:57.570-0800: 1.115: [GC concurrent-mark-start]
2021-01-21T00:28:57.571-0800: 1.117: [GC concurrent-mark-end, 0.0019761 secs]
2021-01-21T00:28:57.572-0800: 1.117: [GC remark 2021-01-21T00:28:57.572-0800: 1.117: [Finalize Marking, 0.0009743 secs] 2021-01-21T00:28:57.573-0800: 1.118: [GC ref-proc, 0.0000375 secs] 2021-01-21T00:28:57.573-0800: 1.118: [Unloading, 0.0004317 secs], 0.0024934 secs]
 [Times: user=0.01 sys=0.00, real=0.00 secs] 
2021-01-21T00:28:57.574-0800: 1.119: [GC cleanup 438M->436M(1024M), 0.0006156 secs]
 [Times: user=0.00 sys=0.00, real=0.00 secs] 
2021-01-21T00:28:57.575-0800: 1.120: [GC concurrent-cleanup-start]
2021-01-21T00:28:57.575-0800: 1.120: [GC concurrent-cleanup-end, 0.0000165 secs]
Heap
 garbage-first heap   total 1048576K, used 736880K [0x0000000780000000, 0x0000000780102000, 0x00000007c0000000)
  region size 1024K, 263 young (269312K), 17 survivors (17408K)
 Metaspace       used 2698K, capacity 4486K, committed 4864K, reserved 1056768K
  class space    used 295K, capacity 386K, committed 512K, reserved 1048576K
