Java HotSpot(TM) 64-Bit Server VM (25.151-b12) for bsd-amd64 JRE (1.8.0_151-b12), built on Sep  5 2017 19:37:08 by "java_re" with gcc 4.2.1 (Based on Apple Inc. build 5658) (LLVM build 2336.11.00)
Memory: 4k page, physical 8388608k(63240k free)

/proc/meminfo:

CommandLine flags: -XX:InitialHeapSize=1073741824 -XX:MaxHeapSize=1073741824 -XX:+PrintGC -XX:+PrintGCDateStamps -XX:+PrintGCDetails -XX:+PrintGCTimeStamps -XX:-UseAdaptiveSizePolicy -XX:+UseCompressedClassPointers -XX:+UseCompressedOops -XX:+UseParallelGC 
2021-01-21T00:13:46.024-0800: 0.382: [GC (Allocation Failure) [PSYoungGen: 262144K->43507K(305664K)] 262144K->74984K(1005056K), 0.0315235 secs] [Times: user=0.03 sys=0.03, real=0.03 secs] 
2021-01-21T00:13:46.100-0800: 0.458: [GC (Allocation Failure) [PSYoungGen: 305651K->43512K(305664K)] 337128K->150058K(1005056K), 0.0595575 secs] [Times: user=0.04 sys=0.05, real=0.06 secs] 
2021-01-21T00:13:46.192-0800: 0.550: [GC (Allocation Failure) [PSYoungGen: 305656K->43502K(305664K)] 412202K->213531K(1005056K), 0.0366672 secs] [Times: user=0.04 sys=0.03, real=0.03 secs] 
2021-01-21T00:13:46.259-0800: 0.617: [GC (Allocation Failure) [PSYoungGen: 305646K->43517K(305664K)] 475675K->283717K(1005056K), 0.0369520 secs] [Times: user=0.04 sys=0.04, real=0.04 secs] 
2021-01-21T00:13:46.325-0800: 0.683: [GC (Allocation Failure) [PSYoungGen: 305661K->43508K(305664K)] 545861K->363033K(1005056K), 0.0737971 secs] [Times: user=0.06 sys=0.04, real=0.07 secs] 
2021-01-21T00:13:46.431-0800: 0.789: [GC (Allocation Failure) [PSYoungGen: 305652K->43516K(305664K)] 625177K->440534K(1005056K), 0.0937503 secs] [Times: user=0.04 sys=0.03, real=0.09 secs] 
2021-01-21T00:13:46.555-0800: 0.913: [GC (Allocation Failure) [PSYoungGen: 305660K->43505K(305664K)] 702678K->516266K(1005056K), 0.0529198 secs] [Times: user=0.06 sys=0.04, real=0.05 secs] 
2021-01-21T00:13:46.639-0800: 0.997: [GC (Allocation Failure) [PSYoungGen: 305649K->43519K(305664K)] 778410K->589188K(1005056K), 0.0824367 secs] [Times: user=0.05 sys=0.04, real=0.09 secs] 
2021-01-21T00:13:46.794-0800: 1.152: [GC (Allocation Failure) [PSYoungGen: 305663K->43506K(305664K)] 851332K->649887K(1005056K), 0.0535096 secs] [Times: user=0.07 sys=0.05, real=0.05 secs] 
2021-01-21T00:13:46.848-0800: 1.206: [Full GC (Ergonomics) [PSYoungGen: 43506K->0K(305664K)] [ParOldGen: 606381K->315651K(699392K)] 649887K->315651K(1005056K), [Metaspace: 2691K->2691K(1056768K)], 0.1409517 secs] [Times: user=0.15 sys=0.19, real=0.14 secs] 
Heap
 PSYoungGen      total 305664K, used 16437K [0x00000007aab00000, 0x00000007c0000000, 0x00000007c0000000)
  eden space 262144K, 6% used [0x00000007aab00000,0x00000007abb0d6c8,0x00000007bab00000)
  from space 43520K, 0% used [0x00000007bab00000,0x00000007bab00000,0x00000007bd580000)
  to   space 43520K, 0% used [0x00000007bd580000,0x00000007bd580000,0x00000007c0000000)
 ParOldGen       total 699392K, used 315651K [0x0000000780000000, 0x00000007aab00000, 0x00000007aab00000)
  object space 699392K, 45% used [0x0000000780000000,0x0000000793440ca8,0x00000007aab00000)
 Metaspace       used 2697K, capacity 4486K, committed 4864K, reserved 1056768K
  class space    used 295K, capacity 386K, committed 512K, reserved 1048576K
