Java HotSpot(TM) 64-Bit Server VM (25.151-b12) for bsd-amd64 JRE (1.8.0_151-b12), built on Sep  5 2017 19:37:08 by "java_re" with gcc 4.2.1 (Based on Apple Inc. build 5658) (LLVM build 2336.11.00)
Memory: 4k page, physical 8388608k(110104k free)

/proc/meminfo:

CommandLine flags: -XX:InitialHeapSize=536870912 -XX:MaxHeapSize=536870912 -XX:+PrintGC -XX:+PrintGCDateStamps -XX:+PrintGCDetails -XX:+PrintGCTimeStamps -XX:-UseAdaptiveSizePolicy -XX:+UseCompressedClassPointers -XX:+UseCompressedOops -XX:+UseSerialGC 
2021-01-22T19:38:57.940-0800: 0.418: [GC (Allocation Failure) 2021-01-22T19:38:57.940-0800: 0.418: [DefNew: 139776K->17471K(157248K), 0.0440671 secs] 139776K->42292K(506816K), 0.0442106 secs] [Times: user=0.02 sys=0.01, real=0.04 secs] 
2021-01-22T19:38:58.010-0800: 0.488: [GC (Allocation Failure) 2021-01-22T19:38:58.010-0800: 0.488: [DefNew: 157247K->17466K(157248K), 0.0762379 secs] 182068K->90713K(506816K), 0.0763347 secs] [Times: user=0.02 sys=0.03, real=0.07 secs] 
2021-01-22T19:38:58.104-0800: 0.582: [GC (Allocation Failure) 2021-01-22T19:38:58.104-0800: 0.582: [DefNew: 157242K->17471K(157248K), 0.0358874 secs] 230489K->135325K(506816K), 0.0359966 secs] [Times: user=0.02 sys=0.01, real=0.04 secs] 
2021-01-22T19:38:58.159-0800: 0.636: [GC (Allocation Failure) 2021-01-22T19:38:58.159-0800: 0.636: [DefNew: 157247K->17471K(157248K), 0.0286932 secs] 275101K->178127K(506816K), 0.0287910 secs] [Times: user=0.01 sys=0.01, real=0.03 secs] 
2021-01-22T19:38:58.204-0800: 0.682: [GC (Allocation Failure) 2021-01-22T19:38:58.204-0800: 0.682: [DefNew: 157247K->17466K(157248K), 0.0281988 secs] 317903K->218183K(506816K), 0.0282840 secs] [Times: user=0.02 sys=0.02, real=0.03 secs] 
2021-01-22T19:38:58.248-0800: 0.725: [GC (Allocation Failure) 2021-01-22T19:38:58.248-0800: 0.726: [DefNew: 157242K->17471K(157248K), 0.0345576 secs] 357959K->261778K(506816K), 0.0346552 secs] [Times: user=0.02 sys=0.01, real=0.04 secs] 
2021-01-22T19:38:58.301-0800: 0.778: [GC (Allocation Failure) 2021-01-22T19:38:58.301-0800: 0.778: [DefNew: 157247K->17470K(157248K), 0.0368251 secs] 401554K->308109K(506816K), 0.0369182 secs] [Times: user=0.02 sys=0.02, real=0.03 secs] 
2021-01-22T19:38:58.359-0800: 0.836: [GC (Allocation Failure) 2021-01-22T19:38:58.359-0800: 0.836: [DefNew: 157246K->17471K(157248K), 0.0331977 secs] 447885K->354238K(506816K), 0.0332981 secs] [Times: user=0.02 sys=0.01, real=0.04 secs] 
2021-01-22T19:38:58.408-0800: 0.885: [GC (Allocation Failure) 2021-01-22T19:38:58.408-0800: 0.886: [DefNew: 157247K->157247K(157248K), 0.0000213 secs]2021-01-22T19:38:58.408-0800: 0.886: [Tenured: 336766K->273638K(349568K), 0.0563008 secs] 494014K->273638K(506816K), [Metaspace: 2691K->2691K(1056768K)], 0.0564312 secs] [Times: user=0.06 sys=0.00, real=0.06 secs] 
2021-01-22T19:38:58.481-0800: 0.958: [GC (Allocation Failure) 2021-01-22T19:38:58.481-0800: 0.958: [DefNew: 139776K->17468K(157248K), 0.0063373 secs] 413414K->322367K(506816K), 0.0064217 secs] [Times: user=0.01 sys=0.00, real=0.00 secs] 
2021-01-22T19:38:58.504-0800: 0.982: [GC (Allocation Failure) 2021-01-22T19:38:58.504-0800: 0.982: [DefNew: 157050K->157050K(157248K), 0.0000179 secs]2021-01-22T19:38:58.504-0800: 0.982: [Tenured: 304899K->292279K(349568K), 0.0334621 secs] 461949K->292279K(506816K), [Metaspace: 2691K->2691K(1056768K)], 0.0335841 secs] [Times: user=0.03 sys=0.00, real=0.03 secs] 
2021-01-22T19:38:58.554-0800: 1.031: [GC (Allocation Failure) 2021-01-22T19:38:58.554-0800: 1.031: [DefNew: 139776K->17471K(157248K), 0.0056304 secs] 432055K->336430K(506816K), 0.0057096 secs] [Times: user=0.00 sys=0.00, real=0.01 secs] 
2021-01-22T19:38:58.575-0800: 1.053: [GC (Allocation Failure) 2021-01-22T19:38:58.575-0800: 1.053: [DefNew: 157247K->157247K(157248K), 0.0000196 secs]2021-01-22T19:38:58.575-0800: 1.053: [Tenured: 318958K->311353K(349568K), 0.0347080 secs] 476206K->311353K(506816K), [Metaspace: 2691K->2691K(1056768K)], 0.0348274 secs] [Times: user=0.03 sys=0.00, real=0.04 secs] 
2021-01-22T19:38:58.627-0800: 1.104: [GC (Allocation Failure) 2021-01-22T19:38:58.627-0800: 1.105: [DefNew: 139776K->139776K(157248K), 0.0000189 secs]2021-01-22T19:38:58.627-0800: 1.105: [Tenured: 311353K->300592K(349568K), 0.0387226 secs] 451129K->300592K(506816K), [Metaspace: 2691K->2691K(1056768K)], 0.0388587 secs] [Times: user=0.04 sys=0.00, real=0.04 secs] 
2021-01-22T19:38:58.683-0800: 1.161: [GC (Allocation Failure) 2021-01-22T19:38:58.683-0800: 1.161: [DefNew: 139776K->17471K(157248K), 0.0065063 secs] 440368K->347189K(506816K), 0.0066106 secs] [Times: user=0.00 sys=0.00, real=0.01 secs] 
2021-01-22T19:38:58.706-0800: 1.183: [GC (Allocation Failure) 2021-01-22T19:38:58.706-0800: 1.183: [DefNew: 157247K->157247K(157248K), 0.0000193 secs]2021-01-22T19:38:58.706-0800: 1.183: [Tenured: 329717K->340198K(349568K), 0.0337572 secs] 486965K->340198K(506816K), [Metaspace: 2691K->2691K(1056768K)], 0.0338736 secs] [Times: user=0.03 sys=0.00, real=0.04 secs] 
2021-01-22T19:38:58.756-0800: 1.234: [GC (Allocation Failure) 2021-01-22T19:38:58.756-0800: 1.234: [DefNew: 139776K->139776K(157248K), 0.0000195 secs]2021-01-22T19:38:58.756-0800: 1.234: [Tenured: 340198K->342059K(349568K), 0.0365601 secs] 479974K->342059K(506816K), [Metaspace: 2691K->2691K(1056768K)], 0.0366806 secs] [Times: user=0.03 sys=0.01, real=0.04 secs] 
2021-01-22T19:38:58.810-0800: 1.287: [GC (Allocation Failure) 2021-01-22T19:38:58.810-0800: 1.287: [DefNew: 139682K->139682K(157248K), 0.0000241 secs]2021-01-22T19:38:58.810-0800: 1.287: [Tenured: 342059K->348944K(349568K), 0.0441230 secs] 481741K->359528K(506816K), [Metaspace: 2691K->2691K(1056768K)], 0.0442724 secs] [Times: user=0.04 sys=0.00, real=0.04 secs] 
2021-01-22T19:38:58.880-0800: 1.357: [Full GC (Allocation Failure) 2021-01-22T19:38:58.880-0800: 1.357: [Tenured: 349502K->341516K(349568K), 0.0482409 secs] 506733K->341516K(506816K), [Metaspace: 2691K->2691K(1056768K)], 0.0483352 secs] [Times: user=0.04 sys=0.00, real=0.04 secs] 
2021-01-22T19:38:58.945-0800: 1.422: [GC (Allocation Failure) 2021-01-22T19:38:58.945-0800: 1.422: [DefNew: 139776K->139776K(157248K), 0.0000203 secs]2021-01-22T19:38:58.945-0800: 1.422: [Tenured: 341516K->349459K(349568K), 0.0263751 secs] 481292K->366589K(506816K), [Metaspace: 2691K->2691K(1056768K)], 0.0265032 secs] [Times: user=0.03 sys=0.00, real=0.03 secs] 
2021-01-22T19:38:58.988-0800: 1.465: [Full GC (Allocation Failure) 2021-01-22T19:38:58.988-0800: 1.465: [Tenured: 349459K->349403K(349568K), 0.0359213 secs] 506704K->376502K(506816K), [Metaspace: 2691K->2691K(1056768K)], 0.0360238 secs] [Times: user=0.04 sys=0.00, real=0.04 secs] 
2021-01-22T19:38:59.040-0800: 1.517: [Full GC (Allocation Failure) 2021-01-22T19:38:59.040-0800: 1.517: [Tenured: 349501K->349477K(349568K), 0.0387728 secs] 506747K->368135K(506816K), [Metaspace: 2691K->2691K(1056768K)], 0.0388752 secs] [Times: user=0.04 sys=0.00, real=0.03 secs] 
2021-01-22T19:38:59.096-0800: 1.574: [Full GC (Allocation Failure) 2021-01-22T19:38:59.096-0800: 1.574: [Tenured: 349477K->349509K(349568K), 0.0434292 secs] 506635K->356587K(506816K), [Metaspace: 2691K->2691K(1056768K)], 0.0435228 secs] [Times: user=0.04 sys=0.00, real=0.05 secs] 
2021-01-22T19:38:59.158-0800: 1.636: [Full GC (Allocation Failure) 2021-01-22T19:38:59.158-0800: 1.636: [Tenured: 349509K->349532K(349568K), 0.0297800 secs] 506107K->375651K(506816K), [Metaspace: 2691K->2691K(1056768K)], 0.0298870 secs] [Times: user=0.03 sys=0.00, real=0.03 secs] 
2021-01-22T19:38:59.204-0800: 1.681: [Full GC (Allocation Failure) 2021-01-22T19:38:59.204-0800: 1.682: [Tenured: 349532K->349554K(349568K), 0.0366952 secs] 506753K->377304K(506816K), [Metaspace: 2691K->2691K(1056768K)], 0.0368078 secs] [Times: user=0.03 sys=0.00, real=0.04 secs] 
2021-01-22T19:38:59.256-0800: 1.734: [Full GC (Allocation Failure) 2021-01-22T19:38:59.256-0800: 1.734: [Tenured: 349554K->349520K(349568K), 0.0408807 secs] 506797K->382653K(506816K), [Metaspace: 2691K->2691K(1056768K)], 0.0409813 secs] [Times: user=0.04 sys=0.00, real=0.04 secs] 
2021-01-22T19:38:59.313-0800: 1.790: [Full GC (Allocation Failure) 2021-01-22T19:38:59.313-0800: 1.791: [Tenured: 349520K->349502K(349568K), 0.0460298 secs] 506426K->364979K(506816K), [Metaspace: 2691K->2691K(1056768K)], 0.0461247 secs] [Times: user=0.04 sys=0.00, real=0.04 secs] 
2021-01-22T19:38:59.382-0800: 1.859: [Full GC (Allocation Failure) 2021-01-22T19:38:59.382-0800: 1.860: [Tenured: 349502K->349414K(349568K), 0.0321258 secs] 506362K->372002K(506816K), [Metaspace: 2691K->2691K(1056768K)], 0.0322933 secs] [Times: user=0.04 sys=0.00, real=0.03 secs] 
2021-01-22T19:38:59.434-0800: 1.912: [Full GC (Allocation Failure) 2021-01-22T19:38:59.434-0800: 1.912: [Tenured: 349414K->349298K(349568K), 0.0353226 secs] 506495K->378002K(506816K), [Metaspace: 2691K->2691K(1056768K)], 0.0354236 secs] [Times: user=0.03 sys=0.00, real=0.04 secs] 
2021-01-22T19:38:59.486-0800: 1.963: [Full GC (Allocation Failure) 2021-01-22T19:38:59.486-0800: 1.963: [Tenured: 349567K->349297K(349568K), 0.0383314 secs] 506815K->377129K(506816K), [Metaspace: 2691K->2691K(1056768K)], 0.0384267 secs] [Times: user=0.04 sys=0.00, real=0.04 secs] 
2021-01-22T19:38:59.541-0800: 2.018: [Full GC (Allocation Failure) 2021-01-22T19:38:59.541-0800: 2.018: [Tenured: 349351K->349114K(349568K), 0.0444141 secs] 506589K->363644K(506816K), [Metaspace: 2691K->2691K(1056768K)], 0.0445145 secs] [Times: user=0.05 sys=0.00, real=0.04 secs] 
2021-01-22T19:38:59.602-0800: 2.080: [Full GC (Allocation Failure) 2021-01-22T19:38:59.602-0800: 2.080: [Tenured: 349114K->349479K(349568K), 0.0273069 secs] 505856K->386007K(506816K), [Metaspace: 2691K->2691K(1056768K)], 0.0273990 secs] [Times: user=0.03 sys=0.00, real=0.03 secs] 
2021-01-22T19:38:59.645-0800: 2.123: [Full GC (Allocation Failure) 2021-01-22T19:38:59.645-0800: 2.123: [Tenured: 349479K->349308K(349568K), 0.0359708 secs] 506472K->388306K(506816K), [Metaspace: 2691K->2691K(1056768K)], 0.0360697 secs] [Times: user=0.03 sys=0.00, real=0.04 secs] 
2021-01-22T19:38:59.697-0800: 2.174: [Full GC (Allocation Failure) 2021-01-22T19:38:59.697-0800: 2.174: [Tenured: 349485K->349546K(349568K), 0.0396732 secs] 506707K->379192K(506816K), [Metaspace: 2691K->2691K(1056768K)], 0.0397641 secs] [Times: user=0.04 sys=0.00, real=0.04 secs] 
2021-01-22T19:38:59.752-0800: 2.229: [Full GC (Allocation Failure) 2021-01-22T19:38:59.752-0800: 2.230: [Tenured: 349546K->349534K(349568K), 0.0451251 secs] 506728K->365271K(506816K), [Metaspace: 2691K->2691K(1056768K)], 0.0452263 secs] [Times: user=0.05 sys=0.00, real=0.04 secs] 
2021-01-22T19:38:59.813-0800: 2.291: [Full GC (Allocation Failure) 2021-01-22T19:38:59.813-0800: 2.291: [Tenured: 349534K->349122K(349568K), 0.0295826 secs] 506740K->386830K(506816K), [Metaspace: 2691K->2691K(1056768K)], 0.0296848 secs] [Times: user=0.03 sys=0.00, real=0.03 secs] 
2021-01-22T19:38:59.859-0800: 2.337: [Full GC (Allocation Failure) 2021-01-22T19:38:59.859-0800: 2.337: [Tenured: 349542K->349540K(349568K), 0.0452695 secs] 506788K->381218K(506816K), [Metaspace: 2691K->2691K(1056768K)], 0.0453747 secs] [Times: user=0.04 sys=0.00, real=0.05 secs] 
2021-01-22T19:38:59.928-0800: 2.406: [Full GC (Allocation Failure) 2021-01-22T19:38:59.928-0800: 2.406: [Tenured: 349540K->349354K(349568K), 0.0405277 secs] 506660K->380230K(506816K), [Metaspace: 2691K->2691K(1056768K)], 0.0406243 secs] [Times: user=0.04 sys=0.00, real=0.04 secs] 
2021-01-22T19:38:59.984-0800: 2.462: [Full GC (Allocation Failure) 2021-01-22T19:38:59.984-0800: 2.462: [Tenured: 349354K->349002K(349568K), 0.0475615 secs] 506337K->363834K(506816K), [Metaspace: 2691K->2691K(1056768K)], 0.0476562 secs] [Times: user=0.05 sys=0.00, real=0.05 secs] 
2021-01-22T19:39:00.049-0800: 2.527: [Full GC (Allocation Failure) 2021-01-22T19:39:00.049-0800: 2.527: [Tenured: 349002K->349459K(349568K), 0.0269860 secs] 506209K->387599K(506816K), [Metaspace: 2691K->2691K(1056768K)], 0.0270882 secs] [Times: user=0.03 sys=0.00, real=0.03 secs] 
2021-01-22T19:39:00.091-0800: 2.569: [Full GC (Allocation Failure) 2021-01-22T19:39:00.091-0800: 2.569: [Tenured: 349532K->349364K(349568K), 0.0382556 secs] 506715K->385469K(506816K), [Metaspace: 2691K->2691K(1056768K)], 0.0383525 secs] [Times: user=0.03 sys=0.01, real=0.04 secs] 
2021-01-22T19:39:00.144-0800: 2.622: [Full GC (Allocation Failure) 2021-01-22T19:39:00.144-0800: 2.622: [Tenured: 349364K->349351K(349568K), 0.0395348 secs] 506136K->389851K(506816K), [Metaspace: 2691K->2691K(1056768K)], 0.0396457 secs] [Times: user=0.04 sys=0.00, real=0.04 secs] 
2021-01-22T19:39:00.198-0800: 2.675: [Full GC (Allocation Failure) 2021-01-22T19:39:00.198-0800: 2.675: [Tenured: 349351K->349485K(349568K), 0.0454698 secs] 506341K->375124K(506816K), [Metaspace: 2691K->2691K(1056768K)], 0.0455664 secs] [Times: user=0.05 sys=0.00, real=0.05 secs] 
2021-01-22T19:39:00.260-0800: 2.737: [Full GC (Allocation Failure) 2021-01-22T19:39:00.260-0800: 2.737: [Tenured: 349557K->349409K(349568K), 0.0264334 secs] 506752K->390853K(506816K), [Metaspace: 2691K->2691K(1056768K)], 0.0265352 secs] [Times: user=0.03 sys=0.00, real=0.02 secs] 
2021-01-22T19:39:00.300-0800: 2.778: [Full GC (Allocation Failure) 2021-01-22T19:39:00.300-0800: 2.778: [Tenured: 349409K->349302K(349568K), 0.0362720 secs] 506653K->394669K(506816K), [Metaspace: 2691K->2691K(1056768K)], 0.0363685 secs] [Times: user=0.04 sys=0.00, real=0.03 secs] 
2021-01-22T19:39:00.351-0800: 2.829: [Full GC (Allocation Failure) 2021-01-22T19:39:00.351-0800: 2.829: [Tenured: 349475K->349171K(349568K), 0.0416217 secs] 506718K->390910K(506816K), [Metaspace: 2691K->2691K(1056768K)], 0.0417256 secs] [Times: user=0.05 sys=0.00, real=0.04 secs] 
2021-01-22T19:39:00.411-0800: 2.889: [Full GC (Allocation Failure) 2021-01-22T19:39:00.412-0800: 2.889: [Tenured: 349315K->349292K(349568K), 0.0524930 secs] 506541K->371824K(506816K), [Metaspace: 2691K->2691K(1056768K)], 0.0526423 secs] [Times: user=0.06 sys=0.00, real=0.05 secs] 
2021-01-22T19:39:00.481-0800: 2.958: [Full GC (Allocation Failure) 2021-01-22T19:39:00.481-0800: 2.958: [Tenured: 349292K->349521K(349568K), 0.0288491 secs] 506445K->393005K(506816K), [Metaspace: 2691K->2691K(1056768K)], 0.0289492 secs] [Times: user=0.03 sys=0.00, real=0.03 secs] 
2021-01-22T19:39:00.524-0800: 3.002: [Full GC (Allocation Failure) 2021-01-22T19:39:00.524-0800: 3.002: [Tenured: 349521K->349427K(349568K), 0.0366554 secs] 506695K->393593K(506816K), [Metaspace: 2691K->2691K(1056768K)], 0.0367514 secs] [Times: user=0.03 sys=0.00, real=0.04 secs] 
2021-01-22T19:39:00.575-0800: 3.053: [Full GC (Allocation Failure) 2021-01-22T19:39:00.575-0800: 3.053: [Tenured: 349427K->349523K(349568K), 0.0391162 secs] 506547K->393778K(506816K), [Metaspace: 2691K->2691K(1056768K)], 0.0392098 secs] [Times: user=0.04 sys=0.00, real=0.04 secs] 
2021-01-22T19:39:00.629-0800: 3.106: [Full GC (Allocation Failure) 2021-01-22T19:39:00.629-0800: 3.106: [Tenured: 349523K->349531K(349568K), 0.0454401 secs] 506704K->375870K(506816K), [Metaspace: 2691K->2691K(1056768K)], 0.0455307 secs] [Times: user=0.05 sys=0.00, real=0.05 secs] 
2021-01-22T19:39:00.691-0800: 3.168: [Full GC (Allocation Failure) 2021-01-22T19:39:00.691-0800: 3.168: [Tenured: 349531K->349515K(349568K), 0.0262956 secs] 506722K->395267K(506816K), [Metaspace: 2691K->2691K(1056768K)], 0.0263889 secs] [Times: user=0.03 sys=0.00, real=0.02 secs] 
2021-01-22T19:39:00.731-0800: 3.208: [Full GC (Allocation Failure) 2021-01-22T19:39:00.731-0800: 3.208: [Tenured: 349515K->349327K(349568K), 0.0372037 secs] 506205K->389736K(506816K), [Metaspace: 2691K->2691K(1056768K)], 0.0372974 secs] [Times: user=0.04 sys=0.00, real=0.03 secs] 
2021-01-22T19:39:00.783-0800: 3.260: [Full GC (Allocation Failure) 2021-01-22T19:39:00.783-0800: 3.260: [Tenured: 349327K->349200K(349568K), 0.0398188 secs] 506512K->382918K(506816K), [Metaspace: 2691K->2691K(1056768K)], 0.0399304 secs] [Times: user=0.04 sys=0.00, real=0.04 secs] 
2021-01-22T19:39:00.838-0800: 3.315: [Full GC (Allocation Failure) 2021-01-22T19:39:00.838-0800: 3.315: [Tenured: 349200K->349507K(349568K), 0.0449263 secs] 505787K->365767K(506816K), [Metaspace: 2691K->2691K(1056768K)], 0.0450173 secs] [Times: user=0.04 sys=0.00, real=0.05 secs] 
2021-01-22T19:39:00.900-0800: 3.377: [Full GC (Allocation Failure) 2021-01-22T19:39:00.900-0800: 3.377: [Tenured: 349507K->349365K(349568K), 0.0464851 secs] 506389K->387904K(506816K), [Metaspace: 2691K->2691K(1056768K)], 0.0465832 secs] [Times: user=0.04 sys=0.00, real=0.04 secs] 
2021-01-22T19:39:00.961-0800: 3.439: [Full GC (Allocation Failure) 2021-01-22T19:39:00.961-0800: 3.439: [Tenured: 349365K->349427K(349568K), 0.0378499 secs] 506383K->385520K(506816K), [Metaspace: 2691K->2691K(1056768K)], 0.0379497 secs] [Times: user=0.03 sys=0.00, real=0.03 secs] 
2021-01-22T19:39:01.014-0800: 3.492: [Full GC (Allocation Failure) 2021-01-22T19:39:01.014-0800: 3.492: [Tenured: 349427K->349531K(349568K), 0.0399418 secs] 506544K->388505K(506816K), [Metaspace: 2691K->2691K(1056768K)], 0.0400455 secs] [Times: user=0.04 sys=0.00, real=0.04 secs] 
2021-01-22T19:39:01.068-0800: 3.545: [Full GC (Allocation Failure) 2021-01-22T19:39:01.068-0800: 3.545: [Tenured: 349531K->349538K(349568K), 0.0465194 secs] 506722K->373616K(506816K), [Metaspace: 2691K->2691K(1056768K)], 0.0466165 secs] [Times: user=0.05 sys=0.00, real=0.05 secs] 
2021-01-22T19:39:01.129-0800: 3.607: [Full GC (Allocation Failure) 2021-01-22T19:39:01.129-0800: 3.607: [Tenured: 349538K->349405K(349568K), 0.0327329 secs] 506770K->388274K(506816K), [Metaspace: 2691K->2691K(1056768K)], 0.0328356 secs] [Times: user=0.03 sys=0.00, real=0.04 secs] 
2021-01-22T19:39:01.176-0800: 3.654: [Full GC (Allocation Failure) 2021-01-22T19:39:01.177-0800: 3.654: [Tenured: 349405K->349539K(349568K), 0.0377205 secs] 506538K->387233K(506816K), [Metaspace: 2691K->2691K(1056768K)], 0.0378247 secs] [Times: user=0.04 sys=0.00, real=0.04 secs] 
2021-01-22T19:39:01.228-0800: 3.706: [Full GC (Allocation Failure) 2021-01-22T19:39:01.228-0800: 3.706: [Tenured: 349539K->349515K(349568K), 0.0403675 secs] 506738K->388781K(506816K), [Metaspace: 2691K->2691K(1056768K)], 0.0404712 secs] [Times: user=0.04 sys=0.00, real=0.04 secs] 
2021-01-22T19:39:01.282-0800: 3.760: [Full GC (Allocation Failure) 2021-01-22T19:39:01.282-0800: 3.760: [Tenured: 349515K->349403K(349568K), 0.0461009 secs] 506559K->373104K(506816K), [Metaspace: 2691K->2691K(1056768K)], 0.0462043 secs] [Times: user=0.05 sys=0.00, real=0.04 secs] 
2021-01-22T19:39:01.344-0800: 3.822: [Full GC (Allocation Failure) 2021-01-22T19:39:01.344-0800: 3.822: [Tenured: 349403K->349092K(349568K), 0.0288782 secs] 506497K->398188K(506816K), [Metaspace: 2691K->2691K(1056768K)], 0.0289855 secs] [Times: user=0.03 sys=0.00, real=0.03 secs] 
2021-01-22T19:39:01.387-0800: 3.864: [Full GC (Allocation Failure) 2021-01-22T19:39:01.387-0800: 3.864: [Tenured: 349566K->349533K(349568K), 0.0475753 secs] 506712K->402036K(506816K), [Metaspace: 2691K->2691K(1056768K)], 0.0477445 secs] [Times: user=0.04 sys=0.00, real=0.05 secs] 
2021-01-22T19:39:01.451-0800: 3.929: [Full GC (Allocation Failure) 2021-01-22T19:39:01.451-0800: 3.929: [Tenured: 349533K->349567K(349568K), 0.0416870 secs] 506716K->400698K(506816K), [Metaspace: 2691K->2691K(1056768K)], 0.0417873 secs] [Times: user=0.04 sys=0.00, real=0.04 secs] 
2021-01-22T19:39:01.506-0800: 3.984: [Full GC (Allocation Failure) 2021-01-22T19:39:01.506-0800: 3.984: [Tenured: 349567K->349553K(349568K), 0.0484492 secs] 506768K->386889K(506816K), [Metaspace: 2691K->2691K(1056768K)], 0.0485476 secs] [Times: user=0.05 sys=0.00, real=0.05 secs] 
2021-01-22T19:39:01.570-0800: 4.048: [Full GC (Allocation Failure) 2021-01-22T19:39:01.570-0800: 4.048: [Tenured: 349553K->349012K(349568K), 0.0286178 secs] 506699K->397958K(506816K), [Metaspace: 2691K->2691K(1056768K)], 0.0287131 secs] [Times: user=0.03 sys=0.00, real=0.02 secs] 
2021-01-22T19:39:01.613-0800: 4.091: [Full GC (Allocation Failure) 2021-01-22T19:39:01.613-0800: 4.091: [Tenured: 349482K->349233K(349568K), 0.0378813 secs] 506728K->397796K(506816K), [Metaspace: 2691K->2691K(1056768K)], 0.0379797 secs] [Times: user=0.04 sys=0.00, real=0.04 secs] 
2021-01-22T19:39:01.664-0800: 4.142: [Full GC (Allocation Failure) 2021-01-22T19:39:01.664-0800: 4.142: [Tenured: 349557K->349098K(349568K), 0.0404270 secs] 506804K->393812K(506816K), [Metaspace: 2691K->2691K(1056768K)], 0.0405247 secs] [Times: user=0.04 sys=0.00, real=0.04 secs] 
2021-01-22T19:39:01.718-0800: 4.196: [Full GC (Allocation Failure) 2021-01-22T19:39:01.718-0800: 4.196: [Tenured: 349399K->349316K(349568K), 0.0457218 secs] 506530K->371909K(506816K), [Metaspace: 2691K->2691K(1056768K)], 0.0458415 secs] [Times: user=0.05 sys=0.00, real=0.05 secs] 
2021-01-22T19:39:01.782-0800: 4.259: [Full GC (Allocation Failure) 2021-01-22T19:39:01.782-0800: 4.259: [Tenured: 349401K->349228K(349568K), 0.0276671 secs] 506599K->389622K(506816K), [Metaspace: 2691K->2691K(1056768K)], 0.0277626 secs] [Times: user=0.03 sys=0.00, real=0.03 secs] 
2021-01-22T19:39:01.823-0800: 4.301: [Full GC (Allocation Failure) 2021-01-22T19:39:01.823-0800: 4.301: [Tenured: 349228K->349550K(349568K), 0.0351840 secs] 506390K->391951K(506816K), [Metaspace: 2691K->2691K(1056768K)], 0.0352849 secs] [Times: user=0.03 sys=0.00, real=0.03 secs] 
2021-01-22T19:39:01.872-0800: 4.350: [Full GC (Allocation Failure) 2021-01-22T19:39:01.872-0800: 4.350: [Tenured: 349550K->349455K(349568K), 0.0389801 secs] 506763K->387213K(506816K), [Metaspace: 2691K->2691K(1056768K)], 0.0390740 secs] [Times: user=0.04 sys=0.00, real=0.04 secs] 
2021-01-22T19:39:01.926-0800: 4.403: [Full GC (Allocation Failure) 2021-01-22T19:39:01.926-0800: 4.403: [Tenured: 349455K->349449K(349568K), 0.0591283 secs] 506565K->369724K(506816K), [Metaspace: 2691K->2691K(1056768K)], 0.0592260 secs] [Times: user=0.06 sys=0.01, real=0.06 secs] 
2021-01-22T19:39:02.001-0800: 4.479: [Full GC (Allocation Failure) 2021-01-22T19:39:02.001-0800: 4.479: [Tenured: 349557K->349561K(349568K), 0.0298441 secs] 506800K->385200K(506816K), [Metaspace: 2691K->2691K(1056768K)], 0.0299410 secs] [Times: user=0.03 sys=0.00, real=0.03 secs] 
2021-01-22T19:39:02.045-0800: 4.522: [Full GC (Allocation Failure) 2021-01-22T19:39:02.045-0800: 4.522: [Tenured: 349561K->349199K(349568K), 0.0360974 secs] 506435K->385203K(506816K), [Metaspace: 2691K->2691K(1056768K)], 0.0361985 secs] [Times: user=0.04 sys=0.00, real=0.04 secs] 
2021-01-22T19:39:02.095-0800: 4.572: [Full GC (Allocation Failure) 2021-01-22T19:39:02.095-0800: 4.572: [Tenured: 349530K->349491K(349568K), 0.0378045 secs] 506772K->392872K(506816K), [Metaspace: 2691K->2691K(1056768K)], 0.0379088 secs] [Times: user=0.04 sys=0.00, real=0.04 secs] 
2021-01-22T19:39:02.147-0800: 4.624: [Full GC (Allocation Failure) 2021-01-22T19:39:02.147-0800: 4.624: [Tenured: 349491K->349444K(349568K), 0.0491665 secs] 506535K->376065K(506816K), [Metaspace: 2691K->2691K(1056768K)], 0.0492631 secs] [Times: user=0.05 sys=0.00, real=0.05 secs] 
2021-01-22T19:39:02.211-0800: 4.689: [Full GC (Allocation Failure) 2021-01-22T19:39:02.211-0800: 4.689: [Tenured: 349444K->349263K(349568K), 0.0292623 secs] 506364K->393950K(506816K), [Metaspace: 2691K->2691K(1056768K)], 0.0293597 secs] [Times: user=0.03 sys=0.00, real=0.03 secs] 
2021-01-22T19:39:02.254-0800: 4.732: [Full GC (Allocation Failure) 2021-01-22T19:39:02.254-0800: 4.732: [Tenured: 349263K->349128K(349568K), 0.0371613 secs] 506089K->401644K(506816K), [Metaspace: 2691K->2691K(1056768K)], 0.0372537 secs] [Times: user=0.03 sys=0.00, real=0.04 secs] 
2021-01-22T19:39:02.304-0800: 4.782: [Full GC (Allocation Failure) 2021-01-22T19:39:02.304-0800: 4.782: [Tenured: 349564K->349423K(349568K), 0.0394803 secs] 506715K->402382K(506816K), [Metaspace: 2691K->2691K(1056768K)], 0.0395972 secs] [Times: user=0.04 sys=0.00, real=0.04 secs] 
2021-01-22T19:39:02.356-0800: 4.833: [Full GC (Allocation Failure) 2021-01-22T19:39:02.356-0800: 4.834: [Tenured: 349423K->349503K(349568K), 0.0462869 secs] 506197K->379952K(506816K), [Metaspace: 2691K->2691K(1056768K)], 0.0463913 secs] [Times: user=0.04 sys=0.00, real=0.05 secs] 
2021-01-22T19:39:02.418-0800: 4.896: [Full GC (Allocation Failure) 2021-01-22T19:39:02.418-0800: 4.896: [Tenured: 349503K->349299K(349568K), 0.0350864 secs] 506666K->398712K(506816K), [Metaspace: 2691K->2691K(1056768K)], 0.0352053 secs] [Times: user=0.03 sys=0.00, real=0.04 secs] 
2021-01-22T19:39:02.472-0800: 4.950: [Full GC (Allocation Failure) 2021-01-22T19:39:02.472-0800: 4.950: [Tenured: 349299K->349064K(349568K), 0.0356640 secs] 506438K->392509K(506816K), [Metaspace: 2691K->2691K(1056768K)], 0.0357660 secs] [Times: user=0.04 sys=0.00, real=0.03 secs] 
2021-01-22T19:39:02.522-0800: 5.000: [Full GC (Allocation Failure) 2021-01-22T19:39:02.522-0800: 5.000: [Tenured: 349460K->349507K(349568K), 0.0392715 secs] 506664K->395418K(506816K), [Metaspace: 2691K->2691K(1056768K)], 0.0393676 secs] [Times: user=0.04 sys=0.00, real=0.04 secs] 
2021-01-22T19:39:02.575-0800: 5.053: [Full GC (Allocation Failure) 2021-01-22T19:39:02.575-0800: 5.053: [Tenured: 349507K->349297K(349568K), 0.0456889 secs] 506262K->373695K(506816K), [Metaspace: 2691K->2691K(1056768K)], 0.0457889 secs] [Times: user=0.04 sys=0.00, real=0.05 secs] 
2021-01-22T19:39:02.637-0800: 5.115: [Full GC (Allocation Failure) 2021-01-22T19:39:02.638-0800: 5.115: [Tenured: 349513K->349138K(349568K), 0.0279415 secs] 506719K->391981K(506816K), [Metaspace: 2691K->2691K(1056768K)], 0.0280397 secs] [Times: user=0.03 sys=0.00, real=0.03 secs] 
2021-01-22T19:39:02.679-0800: 5.157: [Full GC (Allocation Failure) 2021-01-22T19:39:02.679-0800: 5.157: [Tenured: 349470K->349502K(349568K), 0.0388160 secs] 506698K->393328K(506816K), [Metaspace: 2691K->2691K(1056768K)], 0.0389089 secs] [Times: user=0.04 sys=0.00, real=0.04 secs] 
2021-01-22T19:39:02.732-0800: 5.209: [Full GC (Allocation Failure) 2021-01-22T19:39:02.732-0800: 5.210: [Tenured: 349502K->349444K(349568K), 0.0411684 secs] 506724K->395239K(506816K), [Metaspace: 2691K->2691K(1056768K)], 0.0412646 secs] [Times: user=0.04 sys=0.00, real=0.04 secs] 
2021-01-22T19:39:02.786-0800: 5.264: [Full GC (Allocation Failure) 2021-01-22T19:39:02.787-0800: 5.264: [Tenured: 349552K->349429K(349568K), 0.0466394 secs] 506794K->377086K(506816K), [Metaspace: 2691K->2691K(1056768K)], 0.0467367 secs] [Times: user=0.04 sys=0.00, real=0.05 secs] 
2021-01-22T19:39:02.850-0800: 5.327: [Full GC (Allocation Failure) 2021-01-22T19:39:02.850-0800: 5.328: [Tenured: 349555K->349550K(349568K), 0.0291923 secs] 506795K->393813K(506816K), [Metaspace: 2691K->2691K(1056768K)], 0.0293022 secs] [Times: user=0.03 sys=0.00, real=0.02 secs] 
2021-01-22T19:39:02.893-0800: 5.371: [Full GC (Allocation Failure) 2021-01-22T19:39:02.893-0800: 5.371: [Tenured: 349550K->349513K(349568K), 0.0395781 secs] 506681K->393932K(506816K), [Metaspace: 2691K->2691K(1056768K)], 0.0397470 secs] [Times: user=0.04 sys=0.00, real=0.04 secs] 
2021-01-22T19:39:02.950-0800: 5.428: [Full GC (Allocation Failure) 2021-01-22T19:39:02.950-0800: 5.428: [Tenured: 349513K->348807K(349568K), 0.0489892 secs] 506332K->393032K(506816K), [Metaspace: 2691K->2691K(1056768K)], 0.0490885 secs] [Times: user=0.04 sys=0.00, real=0.05 secs] 
2021-01-22T19:39:03.013-0800: 5.491: [Full GC (Allocation Failure) 2021-01-22T19:39:03.013-0800: 5.491: [Tenured: 349555K->349206K(349568K), 0.0476701 secs] 506774K->377560K(506816K), [Metaspace: 2691K->2691K(1056768K)], 0.0477702 secs] [Times: user=0.04 sys=0.00, real=0.05 secs] 
2021-01-22T19:39:03.077-0800: 5.555: [Full GC (Allocation Failure) 2021-01-22T19:39:03.077-0800: 5.555: [Tenured: 349529K->349419K(349568K), 0.0282877 secs] 506736K->397741K(506816K), [Metaspace: 2691K->2691K(1056768K)], 0.0283862 secs] [Times: user=0.03 sys=0.00, real=0.03 secs] 
2021-01-22T19:39:03.118-0800: 5.596: [Full GC (Allocation Failure) 2021-01-22T19:39:03.118-0800: 5.596: [Tenured: 349419K->349197K(349568K), 0.0381886 secs] 506539K->389566K(506816K), [Metaspace: 2691K->2691K(1056768K)], 0.0382893 secs] [Times: user=0.04 sys=0.00, real=0.04 secs] 
2021-01-22T19:39:03.170-0800: 5.648: [Full GC (Allocation Failure) 2021-01-22T19:39:03.170-0800: 5.648: [Tenured: 349386K->349336K(349568K), 0.0394241 secs] 506578K->390613K(506816K), [Metaspace: 2691K->2691K(1056768K)], 0.0396304 secs] [Times: user=0.04 sys=0.00, real=0.04 secs] 
2021-01-22T19:39:03.225-0800: 5.702: [Full GC (Allocation Failure) 2021-01-22T19:39:03.225-0800: 5.702: [Tenured: 349336K->349418K(349568K), 0.0460544 secs] 506421K->373302K(506816K), [Metaspace: 2691K->2691K(1056768K)], 0.0461571 secs] [Times: user=0.04 sys=0.00, real=0.05 secs] 
2021-01-22T19:39:03.286-0800: 5.764: [Full GC (Allocation Failure) 2021-01-22T19:39:03.286-0800: 5.764: [Tenured: 349418K->349372K(349568K), 0.0309059 secs] 506581K->392854K(506816K), [Metaspace: 2691K->2691K(1056768K)], 0.0310295 secs] [Times: user=0.03 sys=0.00, real=0.03 secs] 
2021-01-22T19:39:03.331-0800: 5.808: [Full GC (Allocation Failure) 2021-01-22T19:39:03.331-0800: 5.809: [Tenured: 349507K->349517K(349568K), 0.0379787 secs] 506748K->392899K(506816K), [Metaspace: 2691K->2691K(1056768K)], 0.0380758 secs] [Times: user=0.04 sys=0.00, real=0.03 secs] 
2021-01-22T19:39:03.383-0800: 5.861: [Full GC (Allocation Failure) 2021-01-22T19:39:03.383-0800: 5.861: [Tenured: 349517K->349189K(349568K), 0.0420436 secs] 506722K->388251K(506816K), [Metaspace: 2691K->2691K(1056768K)], 0.0421412 secs] [Times: user=0.04 sys=0.00, real=0.04 secs] 
2021-01-22T19:39:03.445-0800: 5.923: [Full GC (Allocation Failure) 2021-01-22T19:39:03.445-0800: 5.923: [Tenured: 349459K->348943K(349568K), 0.0535679 secs] 506704K->370377K(506816K), [Metaspace: 2691K->2691K(1056768K)], 0.0536657 secs] [Times: user=0.06 sys=0.00, real=0.05 secs] 
2021-01-22T19:39:03.515-0800: 5.993: [Full GC (Allocation Failure) 2021-01-22T19:39:03.515-0800: 5.993: [Tenured: 348943K->349405K(349568K), 0.0285932 secs] 505722K->391913K(506816K), [Metaspace: 2691K->2691K(1056768K)], 0.0286943 secs] [Times: user=0.03 sys=0.00, real=0.03 secs] 
2021-01-22T19:39:03.559-0800: 6.036: [Full GC (Allocation Failure) 2021-01-22T19:39:03.559-0800: 6.036: [Tenured: 349405K->349555K(349568K), 0.0381525 secs] 506258K->396034K(506816K), [Metaspace: 2691K->2691K(1056768K)], 0.0382505 secs] [Times: user=0.03 sys=0.00, real=0.04 secs] 
2021-01-22T19:39:03.610-0800: 6.088: [Full GC (Allocation Failure) 2021-01-22T19:39:03.610-0800: 6.088: [Tenured: 349555K->349453K(349568K), 0.0410410 secs] 506773K->401405K(506816K), [Metaspace: 2691K->2691K(1056768K)], 0.0411371 secs] [Times: user=0.04 sys=0.00, real=0.04 secs] 
2021-01-22T19:39:03.663-0800: 6.141: [Full GC (Allocation Failure) 2021-01-22T19:39:03.663-0800: 6.141: [Tenured: 349525K->349411K(349568K), 0.0471944 secs] 506747K->384553K(506816K), [Metaspace: 2691K->2691K(1056768K)], 0.0472890 secs] [Times: user=0.05 sys=0.00, real=0.05 secs] 
2021-01-22T19:39:03.724-0800: 6.202: [Full GC (Allocation Failure) 2021-01-22T19:39:03.724-0800: 6.202: [Tenured: 349505K->349417K(349568K), 0.0310856 secs] 506745K->404088K(506816K), [Metaspace: 2691K->2691K(1056768K)], 0.0311827 secs] [Times: user=0.03 sys=0.00, real=0.03 secs] 
2021-01-22T19:39:03.768-0800: 6.246: [Full GC (Allocation Failure) 2021-01-22T19:39:03.768-0800: 6.246: [Tenured: 349417K->349170K(349568K), 0.0407019 secs] 506512K->396310K(506816K), [Metaspace: 2691K->2691K(1056768K)], 0.0408034 secs] [Times: user=0.04 sys=0.00, real=0.04 secs] 
2021-01-22T19:39:03.822-0800: 6.300: [Full GC (Allocation Failure) 2021-01-22T19:39:03.822-0800: 6.300: [Tenured: 349521K->349464K(349568K), 0.0411797 secs] 506766K->396687K(506816K), [Metaspace: 2691K->2691K(1056768K)], 0.0412843 secs] [Times: user=0.04 sys=0.01, real=0.04 secs] 
2021-01-22T19:39:03.876-0800: 6.354: [Full GC (Allocation Failure) 2021-01-22T19:39:03.876-0800: 6.354: [Tenured: 349464K->349546K(349568K), 0.0482566 secs] 506573K->383003K(506816K), [Metaspace: 2691K->2691K(1056768K)], 0.0484423 secs] [Times: user=0.05 sys=0.00, real=0.05 secs] 
2021-01-22T19:39:03.944-0800: 6.422: [Full GC (Allocation Failure) 2021-01-22T19:39:03.944-0800: 6.422: [Tenured: 349546K->349506K(349568K), 0.0321693 secs] 506761K->399344K(506816K), [Metaspace: 2691K->2691K(1056768K)], 0.0322655 secs] [Times: user=0.03 sys=0.00, real=0.03 secs] 
2021-01-22T19:39:03.994-0800: 6.472: [Full GC (Allocation Failure) 2021-01-22T19:39:03.994-0800: 6.472: [Tenured: 349506K->349535K(349568K), 0.0378376 secs] 506711K->403808K(506816K), [Metaspace: 2691K->2691K(1056768K)], 0.0379357 secs] [Times: user=0.04 sys=0.00, real=0.04 secs] 
2021-01-22T19:39:04.045-0800: 6.522: [Full GC (Allocation Failure) 2021-01-22T19:39:04.045-0800: 6.522: [Tenured: 349535K->349217K(349568K), 0.0403560 secs] 506781K->409458K(506816K), [Metaspace: 2691K->2691K(1056768K)], 0.0404541 secs] [Times: user=0.04 sys=0.00, real=0.04 secs] 
2021-01-22T19:39:04.098-0800: 6.576: [Full GC (Allocation Failure) 2021-01-22T19:39:04.098-0800: 6.576: [Tenured: 349443K->349281K(349568K), 0.0483284 secs] 506689K->391247K(506816K), [Metaspace: 2691K->2691K(1056768K)], 0.0484302 secs] [Times: user=0.05 sys=0.00, real=0.05 secs] 
2021-01-22T19:39:04.161-0800: 6.639: [Full GC (Allocation Failure) 2021-01-22T19:39:04.161-0800: 6.639: [Tenured: 349437K->349340K(349568K), 0.0259180 secs] 506589K->412423K(506816K), [Metaspace: 2691K->2691K(1056768K)], 0.0260106 secs] [Times: user=0.03 sys=0.00, real=0.02 secs] 
2021-01-22T19:39:04.198-0800: 6.675: [Full GC (Allocation Failure) 2021-01-22T19:39:04.198-0800: 6.676: [Tenured: 349340K->349271K(349568K), 0.0362375 secs] 506092K->414836K(506816K), [Metaspace: 2691K->2691K(1056768K)], 0.0363284 secs] [Times: user=0.04 sys=0.00, real=0.04 secs] 
2021-01-22T19:39:04.244-0800: 6.722: [Full GC (Allocation Failure) 2021-01-22T19:39:04.245-0800: 6.722: [Tenured: 349439K->349104K(349568K), 0.0388064 secs] 506613K->408151K(506816K), [Metaspace: 2691K->2691K(1056768K)], 0.0389004 secs] [Times: user=0.04 sys=0.00, real=0.04 secs] 
2021-01-22T19:39:04.295-0800: 6.773: [Full GC (Allocation Failure) 2021-01-22T19:39:04.295-0800: 6.773: [Tenured: 349104K->349374K(349568K), 0.0473843 secs] 505938K->393282K(506816K), [Metaspace: 2691K->2691K(1056768K)], 0.0474916 secs] [Times: user=0.04 sys=0.00, real=0.05 secs] 
2021-01-22T19:39:04.357-0800: 6.835: [Full GC (Allocation Failure) 2021-01-22T19:39:04.357-0800: 6.835: [Tenured: 349374K->349558K(349568K), 0.0264930 secs] 506601K->410715K(506816K), [Metaspace: 2691K->2691K(1056768K)], 0.0265970 secs] [Times: user=0.03 sys=0.00, real=0.03 secs] 
2021-01-22T19:39:04.396-0800: 6.874: [Full GC (Allocation Failure) 2021-01-22T19:39:04.396-0800: 6.874: [Tenured: 349558K->349520K(349568K), 0.0376741 secs] 506792K->411083K(506816K), [Metaspace: 2691K->2691K(1056768K)], 0.0378147 secs] [Times: user=0.03 sys=0.00, real=0.04 secs] 
2021-01-22T19:39:04.449-0800: 6.927: [Full GC (Allocation Failure) 2021-01-22T19:39:04.449-0800: 6.927: [Tenured: 349520K->349489K(349568K), 0.0420090 secs] 506716K->414136K(506816K), [Metaspace: 2691K->2691K(1056768K)], 0.0421099 secs] [Times: user=0.04 sys=0.00, real=0.05 secs] 
2021-01-22T19:39:04.506-0800: 6.984: [Full GC (Allocation Failure) 2021-01-22T19:39:04.507-0800: 6.984: [Tenured: 349489K->349489K(349568K), 0.0524904 secs] 506486K->393315K(506816K), [Metaspace: 2691K->2691K(1056768K)], 0.0526782 secs] [Times: user=0.05 sys=0.00, real=0.05 secs] 
2021-01-22T19:39:04.574-0800: 7.052: [Full GC (Allocation Failure) 2021-01-22T19:39:04.574-0800: 7.052: [Tenured: 349525K->349434K(349568K), 0.0273152 secs] 506762K->410914K(506816K), [Metaspace: 2691K->2691K(1056768K)], 0.0274104 secs] [Times: user=0.03 sys=0.00, real=0.03 secs] 
2021-01-22T19:39:04.612-0800: 7.090: [Full GC (Allocation Failure) 2021-01-22T19:39:04.612-0800: 7.090: [Tenured: 349434K->349399K(349568K), 0.0384244 secs] 506460K->407565K(506816K), [Metaspace: 2691K->2691K(1056768K)], 0.0385165 secs] [Times: user=0.04 sys=0.00, real=0.04 secs] 
2021-01-22T19:39:04.663-0800: 7.141: [Full GC (Allocation Failure) 2021-01-22T19:39:04.663-0800: 7.141: [Tenured: 349399K->349062K(349568K), 0.0392876 secs] 506226K->397794K(506816K), [Metaspace: 2691K->2691K(1056768K)], 0.0393868 secs] [Times: user=0.04 sys=0.00, real=0.04 secs] 
2021-01-22T19:39:04.716-0800: 7.194: [Full GC (Allocation Failure) 2021-01-22T19:39:04.716-0800: 7.194: [Tenured: 349062K->349416K(349568K), 0.0468507 secs] 506242K->385859K(506816K), [Metaspace: 2691K->2691K(1056768K)], 0.0469518 secs] [Times: user=0.04 sys=0.00, real=0.05 secs] 
2021-01-22T19:39:04.779-0800: 7.257: [Full GC (Allocation Failure) 2021-01-22T19:39:04.779-0800: 7.257: [Tenured: 349416K->349492K(349568K), 0.0287524 secs] 506210K->399564K(506816K), [Metaspace: 2691K->2691K(1056768K)], 0.0288498 secs] [Times: user=0.03 sys=0.00, real=0.03 secs] 
2021-01-22T19:39:04.822-0800: 7.300: [Full GC (Allocation Failure) 2021-01-22T19:39:04.822-0800: 7.300: [Tenured: 349554K->349448K(349568K), 0.0357808 secs] 506782K->385921K(506816K), [Metaspace: 2691K->2691K(1056768K)], 0.0358833 secs] [Times: user=0.04 sys=0.00, real=0.03 secs] 
2021-01-22T19:39:04.872-0800: 7.350: [Full GC (Allocation Failure) 2021-01-22T19:39:04.872-0800: 7.350: [Tenured: 349448K->349417K(349568K), 0.0363663 secs] 506510K->383481K(506816K), [Metaspace: 2691K->2691K(1056768K)], 0.0364603 secs] [Times: user=0.04 sys=0.00, real=0.03 secs] 
2021-01-22T19:39:04.924-0800: 7.402: [Full GC (Allocation Failure) 2021-01-22T19:39:04.924-0800: 7.402: [Tenured: 349561K->349563K(349568K), 0.0556252 secs] 506735K->368493K(506816K), [Metaspace: 2691K->2691K(1056768K)], 0.0557199 secs] [Times: user=0.06 sys=0.00, real=0.06 secs] 
2021-01-22T19:39:05.000-0800: 7.478: [Full GC (Allocation Failure) 2021-01-22T19:39:05.000-0800: 7.478: [Tenured: 349563K->349221K(349568K), 0.0378113 secs] 506797K->385837K(506816K), [Metaspace: 2698K->2698K(1056768K)], 0.0379097 secs] [Times: user=0.03 sys=0.00, real=0.03 secs] 
2021-01-22T19:39:05.052-0800: 7.530: [Full GC (Allocation Failure) 2021-01-22T19:39:05.052-0800: 7.530: [Tenured: 349379K->349407K(349568K), 0.0373112 secs] 506535K->382402K(506816K), [Metaspace: 2698K->2698K(1056768K)], 0.0374054 secs] [Times: user=0.03 sys=0.00, real=0.03 secs] 
2021-01-22T19:39:05.104-0800: 7.582: [Full GC (Allocation Failure) 2021-01-22T19:39:05.104-0800: 7.582: [Tenured: 349407K->349503K(349568K), 0.0405781 secs] 506353K->383685K(506816K), [Metaspace: 2698K->2698K(1056768K)], 0.0406918 secs] [Times: user=0.04 sys=0.00, real=0.04 secs] 
2021-01-22T19:39:05.160-0800: 7.637: [Full GC (Allocation Failure) 2021-01-22T19:39:05.160-0800: 7.637: [Tenured: 349503K->349512K(349568K), 0.0448716 secs] 506725K->365604K(506816K), [Metaspace: 2698K->2698K(1056768K)], 0.0449709 secs] [Times: user=0.04 sys=0.00, real=0.04 secs] 
2021-01-22T19:39:05.221-0800: 7.699: [Full GC (Allocation Failure) 2021-01-22T19:39:05.221-0800: 7.699: [Tenured: 349512K->349496K(349568K), 0.0284552 secs] 506504K->388807K(506816K), [Metaspace: 2698K->2698K(1056768K)], 0.0285503 secs] [Times: user=0.03 sys=0.00, real=0.03 secs] 
2021-01-22T19:39:05.263-0800: 7.741: [Full GC (Allocation Failure) 2021-01-22T19:39:05.263-0800: 7.741: [Tenured: 349496K->349414K(349568K), 0.0353301 secs] 506657K->392860K(506816K), [Metaspace: 2698K->2698K(1056768K)], 0.0354278 secs] [Times: user=0.04 sys=0.00, real=0.03 secs] 
2021-01-22T19:39:05.313-0800: 7.791: [Full GC (Allocation Failure) 2021-01-22T19:39:05.313-0800: 7.791: [Tenured: 349509K->349338K(349568K), 0.0383878 secs] 506753K->390028K(506816K), [Metaspace: 2698K->2698K(1056768K)], 0.0384846 secs] [Times: user=0.04 sys=0.00, real=0.04 secs] 
2021-01-22T19:39:05.366-0800: 7.843: [Full GC (Allocation Failure) 2021-01-22T19:39:05.366-0800: 7.843: [Tenured: 349338K->349539K(349568K), 0.0447007 secs] 506107K->370540K(506816K), [Metaspace: 2698K->2698K(1056768K)], 0.0448041 secs] [Times: user=0.05 sys=0.00, real=0.05 secs] 
2021-01-22T19:39:05.427-0800: 7.905: [Full GC (Allocation Failure) 2021-01-22T19:39:05.427-0800: 7.905: [Tenured: 349539K->349485K(349568K), 0.0347469 secs] 506725K->386950K(506816K), [Metaspace: 2698K->2698K(1056768K)], 0.0348663 secs] [Times: user=0.04 sys=0.00, real=0.04 secs] 
2021-01-22T19:39:05.476-0800: 7.954: [Full GC (Allocation Failure) 2021-01-22T19:39:05.476-0800: 7.954: [Tenured: 349485K->349024K(349568K), 0.0383510 secs] 506732K->388019K(506816K), [Metaspace: 2698K->2698K(1056768K)], 0.0384454 secs] [Times: user=0.04 sys=0.00, real=0.04 secs] 
2021-01-22T19:39:05.529-0800: 8.007: [Full GC (Allocation Failure) 2021-01-22T19:39:05.529-0800: 8.007: [Tenured: 349424K->349484K(349568K), 0.0496066 secs] 506659K->386036K(506816K), [Metaspace: 2698K->2698K(1056768K)], 0.0497080 secs] [Times: user=0.05 sys=0.00, real=0.05 secs] 
2021-01-22T19:39:05.594-0800: 8.072: [Full GC (Allocation Failure) 2021-01-22T19:39:05.594-0800: 8.072: [Tenured: 349484K->348993K(349568K), 0.0451709 secs] 506661K->367839K(506816K), [Metaspace: 2698K->2698K(1056768K)], 0.0452680 secs] [Times: user=0.04 sys=0.00, real=0.05 secs] 
2021-01-22T19:39:05.657-0800: 8.135: [Full GC (Allocation Failure) 2021-01-22T19:39:05.657-0800: 8.135: [Tenured: 349257K->349563K(349568K), 0.0285068 secs] 506501K->383723K(506816K), [Metaspace: 2698K->2698K(1056768K)], 0.0286093 secs] [Times: user=0.03 sys=0.00, real=0.03 secs] 
2021-01-22T19:39:05.700-0800: 8.178: [Full GC (Allocation Failure) 2021-01-22T19:39:05.700-0800: 8.178: [Tenured: 349563K->349500K(349568K), 0.0369159 secs] 506297K->378629K(506816K), [Metaspace: 2698K->2698K(1056768K)], 0.0370157 secs] [Times: user=0.04 sys=0.00, real=0.03 secs] 
2021-01-22T19:39:05.752-0800: 8.230: [Full GC (Allocation Failure) 2021-01-22T19:39:05.752-0800: 8.230: [Tenured: 349500K->349221K(349568K), 0.0383088 secs] 506515K->383830K(506816K), [Metaspace: 2698K->2698K(1056768K)], 0.0384115 secs] [Times: user=0.04 sys=0.00, real=0.04 secs] 
2021-01-22T19:39:05.806-0800: 8.284: [Full GC (Allocation Failure) 2021-01-22T19:39:05.806-0800: 8.284: [Tenured: 349538K->348986K(349568K), 0.0472376 secs] 506771K->370229K(506816K), [Metaspace: 2698K->2698K(1056768K)], 0.0473325 secs] [Times: user=0.04 sys=0.00, real=0.05 secs] 
2021-01-22T19:39:05.871-0800: 8.349: [Full GC (Allocation Failure) 2021-01-22T19:39:05.871-0800: 8.349: [Tenured: 349499K->349561K(349568K), 0.0306528 secs] 506745K->386781K(506816K), [Metaspace: 2698K->2698K(1056768K)], 0.0307461 secs] [Times: user=0.03 sys=0.00, real=0.03 secs] 
2021-01-22T19:39:05.917-0800: 8.395: [Full GC (Allocation Failure) 2021-01-22T19:39:05.917-0800: 8.395: [Tenured: 349561K->349496K(349568K), 0.0455567 secs] 506453K->381605K(506816K), [Metaspace: 2698K->2698K(1056768K)], 0.0456566 secs] [Times: user=0.04 sys=0.00, real=0.05 secs] 
2021-01-22T19:39:05.979-0800: 8.457: [Full GC (Allocation Failure) 2021-01-22T19:39:05.979-0800: 8.457: [Tenured: 349496K->349427K(349568K), 0.0421074 secs] 506575K->387600K(506816K), [Metaspace: 2698K->2698K(1056768K)], 0.0422005 secs] [Times: user=0.04 sys=0.00, real=0.05 secs] 
2021-01-22T19:39:06.036-0800: 8.513: [Full GC (Allocation Failure) 2021-01-22T19:39:06.036-0800: 8.514: [Tenured: 349427K->349424K(349568K), 0.0554641 secs] 506194K->366044K(506816K), [Metaspace: 2698K->2698K(1056768K)], 0.0555621 secs] [Times: user=0.06 sys=0.00, real=0.06 secs] 
2021-01-22T19:39:06.108-0800: 8.586: [Full GC (Allocation Failure) 2021-01-22T19:39:06.108-0800: 8.586: [Tenured: 349424K->349393K(349568K), 0.0364821 secs] 506559K->387913K(506816K), [Metaspace: 2698K->2698K(1056768K)], 0.0365750 secs] [Times: user=0.03 sys=0.00, real=0.04 secs] 
2021-01-22T19:39:06.160-0800: 8.638: [Full GC (Allocation Failure) 2021-01-22T19:39:06.160-0800: 8.638: [Tenured: 349393K->349203K(349568K), 0.0377626 secs] 505945K->391564K(506816K), [Metaspace: 2698K->2698K(1056768K)], 0.0378605 secs] [Times: user=0.04 sys=0.00, real=0.03 secs] 
2021-01-22T19:39:06.212-0800: 8.690: [Full GC (Allocation Failure) 2021-01-22T19:39:06.212-0800: 8.690: [Tenured: 349545K->349490K(349568K), 0.0415617 secs] 506787K->388017K(506816K), [Metaspace: 2698K->2698K(1056768K)], 0.0416625 secs] [Times: user=0.04 sys=0.00, real=0.04 secs] 
2021-01-22T19:39:06.269-0800: 8.747: [Full GC (Allocation Failure) 2021-01-22T19:39:06.270-0800: 8.747: [Tenured: 349490K->349537K(349568K), 0.0473938 secs] 506426K->370660K(506816K), [Metaspace: 2698K->2698K(1056768K)], 0.0474915 secs] [Times: user=0.04 sys=0.00, real=0.05 secs] 
2021-01-22T19:39:06.334-0800: 8.812: [Full GC (Allocation Failure) 2021-01-22T19:39:06.334-0800: 8.812: [Tenured: 349537K->349347K(349568K), 0.0291151 secs] 506727K->385908K(506816K), [Metaspace: 2698K->2698K(1056768K)], 0.0292141 secs] [Times: user=0.03 sys=0.00, real=0.03 secs] 
2021-01-22T19:39:06.378-0800: 8.856: [Full GC (Allocation Failure) 2021-01-22T19:39:06.378-0800: 8.856: [Tenured: 349559K->349384K(349568K), 0.0372358 secs] 506803K->386114K(506816K), [Metaspace: 2698K->2698K(1056768K)], 0.0373314 secs] [Times: user=0.04 sys=0.00, real=0.04 secs] 
2021-01-22T19:39:06.432-0800: 8.909: [Full GC (Allocation Failure) 2021-01-22T19:39:06.432-0800: 8.910: [Tenured: 349496K->349567K(349568K), 0.0864494 secs] 506636K->388661K(506816K), [Metaspace: 2698K->2698K(1056768K)], 0.0867636 secs] [Times: user=0.06 sys=0.00, real=0.08 secs] 
2021-01-22T19:39:06.540-0800: 9.018: [Full GC (Allocation Failure) 2021-01-22T19:39:06.540-0800: 9.018: [Tenured: 349567K->349447K(349568K), 0.0645862 secs] 506777K->365706K(506816K), [Metaspace: 2698K->2698K(1056768K)], 0.0646839 secs] [Times: user=0.06 sys=0.00, real=0.06 secs] 
2021-01-22T19:39:06.621-0800: 9.099: [Full GC (Allocation Failure) 2021-01-22T19:39:06.621-0800: 9.099: [Tenured: 349519K->349488K(349568K), 0.0320580 secs] 506727K->385672K(506816K), [Metaspace: 2698K->2698K(1056768K)], 0.0321620 secs] [Times: user=0.03 sys=0.01, real=0.03 secs] 
2021-01-22T19:39:06.672-0800: 9.150: [Full GC (Allocation Failure) 2021-01-22T19:39:06.672-0800: 9.150: [Tenured: 349488K->349161K(349568K), 0.0447300 secs] 506721K->387307K(506816K), [Metaspace: 2698K->2698K(1056768K)], 0.0448516 secs] [Times: user=0.04 sys=0.00, real=0.04 secs] 
2021-01-22T19:39:06.739-0800: 9.217: [Full GC (Allocation Failure) 2021-01-22T19:39:06.739-0800: 9.217: [Tenured: 349161K->349172K(349568K), 0.0436207 secs] 506009K->389427K(506816K), [Metaspace: 2698K->2698K(1056768K)], 0.0437165 secs] [Times: user=0.04 sys=0.00, real=0.05 secs] 
2021-01-22T19:39:06.797-0800: 9.275: [Full GC (Allocation Failure) 2021-01-22T19:39:06.797-0800: 9.275: [Tenured: 349485K->349513K(349568K), 0.0522355 secs] 506711K->374013K(506816K), [Metaspace: 2698K->2698K(1056768K)], 0.0523255 secs] [Times: user=0.05 sys=0.00, real=0.05 secs] 
2021-01-22T19:39:06.874-0800: 9.352: [Full GC (Allocation Failure) 2021-01-22T19:39:06.874-0800: 9.352: [Tenured: 349513K->349279K(349568K), 0.0302101 secs] 506686K->393114K(506816K), [Metaspace: 2698K->2698K(1056768K)], 0.0302996 secs] [Times: user=0.03 sys=0.00, real=0.03 secs] 
2021-01-22T19:39:06.920-0800: 9.397: [Full GC (Allocation Failure) 2021-01-22T19:39:06.920-0800: 9.398: [Tenured: 349404K->349555K(349568K), 0.0443829 secs] 506634K->388946K(506816K), [Metaspace: 2698K->2698K(1056768K)], 0.0444735 secs] [Times: user=0.04 sys=0.00, real=0.04 secs] 
2021-01-22T19:39:06.979-0800: 9.457: [Full GC (Allocation Failure) 2021-01-22T19:39:06.979-0800: 9.457: [Tenured: 349555K->349527K(349568K), 0.0489178 secs] 506633K->387675K(506816K), [Metaspace: 2698K->2698K(1056768K)], 0.0490187 secs] [Times: user=0.05 sys=0.00, real=0.05 secs] 
2021-01-22T19:39:07.044-0800: 9.522: [Full GC (Allocation Failure) 2021-01-22T19:39:07.044-0800: 9.522: [Tenured: 349527K->349317K(349568K), 0.0542216 secs] 506555K->366703K(506816K), [Metaspace: 2698K->2698K(1056768K)], 0.0543216 secs] [Times: user=0.06 sys=0.00, real=0.05 secs] 
2021-01-22T19:39:07.120-0800: 9.597: [Full GC (Allocation Failure) 2021-01-22T19:39:07.120-0800: 9.598: [Tenured: 349485K->349163K(349568K), 0.0287741 secs] 506655K->375271K(506816K), [Metaspace: 2698K->2698K(1056768K)], 0.0288814 secs] [Times: user=0.03 sys=0.00, real=0.02 secs] 
2021-01-22T19:39:07.166-0800: 9.644: [Full GC (Allocation Failure) 2021-01-22T19:39:07.166-0800: 9.644: [Tenured: 349215K->349548K(349568K), 0.0406784 secs] 506445K->375613K(506816K), [Metaspace: 2698K->2698K(1056768K)], 0.0407657 secs] [Times: user=0.04 sys=0.00, real=0.04 secs] 
2021-01-22T19:39:07.222-0800: 9.700: [Full GC (Allocation Failure) 2021-01-22T19:39:07.222-0800: 9.700: [Tenured: 349548K->349512K(349568K), 0.0418248 secs] 506737K->374111K(506816K), [Metaspace: 2698K->2698K(1056768K)], 0.0419663 secs] [Times: user=0.04 sys=0.00, real=0.04 secs] 
2021-01-22T19:39:07.281-0800: 9.758: [Full GC (Allocation Failure) 2021-01-22T19:39:07.281-0800: 9.759: [Tenured: 349512K->349506K(349568K), 0.0459457 secs] 506481K->354211K(506816K), [Metaspace: 2698K->2698K(1056768K)], 0.0460545 secs] [Times: user=0.05 sys=0.00, real=0.04 secs] 
2021-01-22T19:39:07.345-0800: 9.823: [Full GC (Allocation Failure) 2021-01-22T19:39:07.346-0800: 9.823: [Tenured: 349506K->349481K(349568K), 0.0279869 secs] 506740K->374711K(506816K), [Metaspace: 2698K->2698K(1056768K)], 0.0280921 secs] [Times: user=0.03 sys=0.00, real=0.03 secs] 
2021-01-22T19:39:07.390-0800: 9.868: [Full GC (Allocation Failure) 2021-01-22T19:39:07.390-0800: 9.868: [Tenured: 349510K->349454K(349568K), 0.0357047 secs] 506740K->379965K(506816K), [Metaspace: 2698K->2698K(1056768K)], 0.0357993 secs] [Times: user=0.04 sys=0.00, real=0.03 secs] 
2021-01-22T19:39:07.441-0800: 9.919: [Full GC (Allocation Failure) 2021-01-22T19:39:07.441-0800: 9.919: [Tenured: 349454K->349510K(349568K), 0.0420668 secs] 506610K->380882K(506816K), [Metaspace: 2698K->2698K(1056768K)], 0.0421746 secs] [Times: user=0.04 sys=0.01, real=0.04 secs] 
2021-01-22T19:39:07.499-0800: 9.977: [Full GC (Allocation Failure) 2021-01-22T19:39:07.499-0800: 9.977: [Tenured: 349510K->349387K(349568K), 0.0454507 secs] 506670K->361307K(506816K), [Metaspace: 2698K->2698K(1056768K)], 0.0455715 secs] [Times: user=0.04 sys=0.00, real=0.05 secs] 
2021-01-22T19:39:07.564-0800: 10.042: [Full GC (Allocation Failure) 2021-01-22T19:39:07.564-0800: 10.042: [Tenured: 349565K->349239K(349568K), 0.0291662 secs] 506812K->381600K(506816K), [Metaspace: 2698K->2698K(1056768K)], 0.0292633 secs] [Times: user=0.03 sys=0.00, real=0.03 secs] 
2021-01-22T19:39:07.608-0800: 10.086: [Full GC (Allocation Failure) 2021-01-22T19:39:07.608-0800: 10.086: [Tenured: 349239K->349064K(349568K), 0.0388190 secs] 505815K->384263K(506816K), [Metaspace: 2698K->2698K(1056768K)], 0.0389126 secs] [Times: user=0.04 sys=0.00, real=0.04 secs] 
2021-01-22T19:39:07.662-0800: 10.140: [Full GC (Allocation Failure) 2021-01-22T19:39:07.662-0800: 10.140: [Tenured: 349328K->349463K(349568K), 0.0426557 secs] 506381K->385178K(506816K), [Metaspace: 2698K->2698K(1056768K)], 0.0427498 secs] [Times: user=0.04 sys=0.00, real=0.04 secs] 
2021-01-22T19:39:07.721-0800: 10.199: [Full GC (Allocation Failure) 2021-01-22T19:39:07.721-0800: 10.199: [Tenured: 349463K->349557K(349568K), 0.0494753 secs] 506580K->367300K(506816K), [Metaspace: 2698K->2698K(1056768K)], 0.0495688 secs] [Times: user=0.05 sys=0.00, real=0.05 secs] 
2021-01-22T19:39:07.790-0800: 10.268: [Full GC (Allocation Failure) 2021-01-22T19:39:07.790-0800: 10.268: [Tenured: 349557K->349197K(349568K), 0.0352086 secs] 506747K->383002K(506816K), [Metaspace: 2698K->2698K(1056768K)], 0.0352967 secs] [Times: user=0.04 sys=0.00, real=0.03 secs] 
2021-01-22T19:39:07.841-0800: 10.319: [Full GC (Allocation Failure) 2021-01-22T19:39:07.841-0800: 10.319: [Tenured: 349481K->349273K(349568K), 0.0478544 secs] 506727K->388739K(506816K), [Metaspace: 2698K->2698K(1056768K)], 0.0479532 secs] [Times: user=0.05 sys=0.00, real=0.04 secs] 
2021-01-22T19:39:07.907-0800: 10.385: [Full GC (Allocation Failure) 2021-01-22T19:39:07.907-0800: 10.385: [Tenured: 349273K->349425K(349568K), 0.0469952 secs] 506381K->384836K(506816K), [Metaspace: 2698K->2698K(1056768K)], 0.0470955 secs] [Times: user=0.05 sys=0.00, real=0.05 secs] 
2021-01-22T19:39:07.974-0800: 10.452: [Full GC (Allocation Failure) 2021-01-22T19:39:07.974-0800: 10.452: [Tenured: 349425K->349498K(349568K), 0.0599810 secs] 506605K->365268K(506816K), [Metaspace: 2698K->2698K(1056768K)], 0.0600801 secs] [Times: user=0.05 sys=0.00, real=0.06 secs] 
2021-01-22T19:39:08.055-0800: 10.534: [Full GC (Allocation Failure) 2021-01-22T19:39:08.056-0800: 10.534: [Tenured: 349498K->349419K(349568K), 0.0404459 secs] 506429K->393220K(506816K), [Metaspace: 2698K->2698K(1056768K)], 0.0405509 secs] [Times: user=0.04 sys=0.01, real=0.04 secs] 
2021-01-22T19:39:08.115-0800: 10.593: [Full GC (Allocation Failure) 2021-01-22T19:39:08.115-0800: 10.593: [Tenured: 349558K->349139K(349568K), 0.0611558 secs] 506805K->394529K(506816K), [Metaspace: 2698K->2698K(1056768K)], 0.0612529 secs] [Times: user=0.05 sys=0.00, real=0.06 secs] 
2021-01-22T19:39:08.193-0800: 10.671: [Full GC (Allocation Failure) 2021-01-22T19:39:08.193-0800: 10.671: [Tenured: 349139K->348967K(349568K), 0.0581357 secs] 505835K->396343K(506816K), [Metaspace: 2698K->2698K(1056768K)], 0.0582541 secs] [Times: user=0.06 sys=0.00, real=0.06 secs] 
2021-01-22T19:39:08.269-0800: 10.747: [Full GC (Allocation Failure) 2021-01-22T19:39:08.269-0800: 10.747: [Tenured: 349561K->349063K(349568K), 0.0611929 secs] 506809K->376981K(506816K), [Metaspace: 2698K->2698K(1056768K)], 0.0613120 secs] [Times: user=0.05 sys=0.00, real=0.07 secs] 
2021-01-22T19:39:08.347-0800: 10.825: [Full GC (Allocation Failure) 2021-01-22T19:39:08.347-0800: 10.825: [Tenured: 349424K->349545K(349568K), 0.0278024 secs] 506672K->391999K(506816K), [Metaspace: 2698K->2698K(1056768K)], 0.0278993 secs] [Times: user=0.03 sys=0.00, real=0.03 secs] 
2021-01-22T19:39:08.391-0800: 10.870: [Full GC (Allocation Failure) 2021-01-22T19:39:08.392-0800: 10.870: [Tenured: 349545K->349304K(349568K), 0.0539295 secs] 506529K->388453K(506816K), [Metaspace: 2698K->2698K(1056768K)], 0.0540254 secs] [Times: user=0.05 sys=0.00, real=0.05 secs] 
2021-01-22T19:39:08.472-0800: 10.950: [Full GC (Allocation Failure) 2021-01-22T19:39:08.472-0800: 10.950: [Tenured: 349304K->349520K(349568K), 0.0412301 secs] 506528K->385993K(506816K), [Metaspace: 2698K->2698K(1056768K)], 0.0413206 secs] [Times: user=0.04 sys=0.00, real=0.04 secs] 
2021-01-22T19:39:08.528-0800: 11.006: [Full GC (Allocation Failure) 2021-01-22T19:39:08.528-0800: 11.006: [Tenured: 349520K->349471K(349568K), 0.0604967 secs] 506411K->362678K(506816K), [Metaspace: 2698K->2698K(1056768K)], 0.0605989 secs] [Times: user=0.05 sys=0.00, real=0.06 secs] 
2021-01-22T19:39:08.612-0800: 11.090: [Full GC (Allocation Failure) 2021-01-22T19:39:08.612-0800: 11.090: [Tenured: 349543K->349254K(349568K), 0.0377096 secs] 506759K->375740K(506816K), [Metaspace: 2698K->2698K(1056768K)], 0.0379574 secs] [Times: user=0.03 sys=0.00, real=0.04 secs] 
2021-01-22T19:39:08.669-0800: 11.147: [Full GC (Allocation Failure) 2021-01-22T19:39:08.669-0800: 11.147: [Tenured: 349254K->349565K(349568K), 0.0467192 secs] 506337K->372276K(506816K), [Metaspace: 2698K->2698K(1056768K)], 0.0468295 secs] [Times: user=0.04 sys=0.00, real=0.05 secs] 
2021-01-22T19:39:08.734-0800: 11.212: [Full GC (Allocation Failure) 2021-01-22T19:39:08.734-0800: 11.213: [Tenured: 349565K->349284K(349568K), 0.0491452 secs] 506714K->378324K(506816K), [Metaspace: 2698K->2698K(1056768K)], 0.0492589 secs] [Times: user=0.04 sys=0.00, real=0.05 secs] 
2021-01-22T19:39:08.811-0800: 11.289: [Full GC (Allocation Failure) 2021-01-22T19:39:08.811-0800: 11.289: [Tenured: 349381K->349495K(349568K), 0.0525702 secs] 506571K->361315K(506816K), [Metaspace: 2698K->2698K(1056768K)], 0.0526716 secs] [Times: user=0.05 sys=0.00, real=0.05 secs] 
2021-01-22T19:39:08.881-0800: 11.359: [Full GC (Allocation Failure) 2021-01-22T19:39:08.881-0800: 11.359: [Tenured: 349495K->349523K(349568K), 0.0308949 secs] 506330K->373151K(506816K), [Metaspace: 2698K->2698K(1056768K)], 0.0309946 secs] [Times: user=0.03 sys=0.00, real=0.03 secs] 
2021-01-22T19:39:08.927-0800: 11.405: [Full GC (Allocation Failure) 2021-01-22T19:39:08.927-0800: 11.405: [Tenured: 349523K->349533K(349568K), 0.0369842 secs] 506723K->372821K(506816K), [Metaspace: 2698K->2698K(1056768K)], 0.0370878 secs] [Times: user=0.03 sys=0.00, real=0.04 secs] 
2021-01-22T19:39:08.980-0800: 11.458: [Full GC (Allocation Failure) 2021-01-22T19:39:08.980-0800: 11.458: [Tenured: 349533K->349192K(349568K), 0.0385235 secs] 506416K->371967K(506816K), [Metaspace: 2698K->2698K(1056768K)], 0.0386342 secs] [Times: user=0.04 sys=0.00, real=0.03 secs] 
2021-01-22T19:39:09.035-0800: 11.513: [Full GC (Allocation Failure) 2021-01-22T19:39:09.035-0800: 11.513: [Tenured: 349497K->349545K(349568K), 0.0553345 secs] 506732K->353244K(506816K), [Metaspace: 2698K->2698K(1056768K)], 0.0554516 secs] [Times: user=0.05 sys=0.00, real=0.06 secs] 
2021-01-22T19:39:09.112-0800: 11.590: [Full GC (Allocation Failure) 2021-01-22T19:39:09.112-0800: 11.590: [Tenured: 349545K->349422K(349568K), 0.0484976 secs] 506777K->381673K(506816K), [Metaspace: 2698K->2698K(1056768K)], 0.0486059 secs] [Times: user=0.05 sys=0.00, real=0.05 secs] 
2021-01-22T19:39:09.178-0800: 11.656: [Full GC (Allocation Failure) 2021-01-22T19:39:09.178-0800: 11.657: [Tenured: 349422K->349189K(349568K), 0.0499675 secs] 506312K->382057K(506816K), [Metaspace: 2698K->2698K(1056768K)], 0.0500628 secs] [Times: user=0.05 sys=0.00, real=0.05 secs] 
2021-01-22T19:39:09.246-0800: 11.724: [Full GC (Allocation Failure) 2021-01-22T19:39:09.246-0800: 11.724: [Tenured: 349515K->348985K(349568K), 0.0479115 secs] 506727K->384479K(506816K), [Metaspace: 2698K->2698K(1056768K)], 0.0480469 secs] [Times: user=0.05 sys=0.00, real=0.05 secs] 
2021-01-22T19:39:09.311-0800: 11.789: [Full GC (Allocation Failure) 2021-01-22T19:39:09.311-0800: 11.789: [Tenured: 348985K->349210K(349568K), 0.0511516 secs] 505958K->367645K(506816K), [Metaspace: 2698K->2698K(1056768K)], 0.0512432 secs] [Times: user=0.05 sys=0.00, real=0.05 secs] 
2021-01-22T19:39:09.382-0800: 11.860: [Full GC (Allocation Failure) 2021-01-22T19:39:09.382-0800: 11.860: [Tenured: 349210K->349429K(349568K), 0.0440049 secs] 506299K->389815K(506816K), [Metaspace: 2698K->2698K(1056768K)], 0.0440945 secs] [Times: user=0.04 sys=0.00, real=0.04 secs] 
2021-01-22T19:39:09.444-0800: 11.922: [Full GC (Allocation Failure) 2021-01-22T19:39:09.444-0800: 11.922: [Tenured: 349429K->349381K(349568K), 0.0535793 secs] 506506K->388207K(506816K), [Metaspace: 2698K->2698K(1056768K)], 0.0536727 secs] [Times: user=0.05 sys=0.00, real=0.05 secs] 
2021-01-22T19:39:09.524-0800: 12.002: [Full GC (Allocation Failure) 2021-01-22T19:39:09.524-0800: 12.002: [Tenured: 349381K->348976K(349568K), 0.0531172 secs] 506304K->392746K(506816K), [Metaspace: 2698K->2698K(1056768K)], 0.0532157 secs] [Times: user=0.05 sys=0.00, real=0.05 secs] 
2021-01-22T19:39:09.595-0800: 12.073: [Full GC (Allocation Failure) 2021-01-22T19:39:09.595-0800: 12.073: [Tenured: 349524K->349426K(349568K), 0.0644697 secs] 506747K->380006K(506816K), [Metaspace: 2698K->2698K(1056768K)], 0.0645591 secs] [Times: user=0.06 sys=0.00, real=0.07 secs] 
2021-01-22T19:39:09.677-0800: 12.155: [Full GC (Allocation Failure) 2021-01-22T19:39:09.677-0800: 12.155: [Tenured: 349552K->349550K(349568K), 0.0380384 secs] 506799K->395877K(506816K), [Metaspace: 2698K->2698K(1056768K)], 0.0381286 secs] [Times: user=0.04 sys=0.00, real=0.04 secs] 
2021-01-22T19:39:09.732-0800: 12.210: [Full GC (Allocation Failure) 2021-01-22T19:39:09.732-0800: 12.210: [Tenured: 349550K->349459K(349568K), 0.0458151 secs] 506501K->394663K(506816K), [Metaspace: 2698K->2698K(1056768K)], 0.0459108 secs] [Times: user=0.05 sys=0.00, real=0.04 secs] 
2021-01-22T19:39:09.795-0800: 12.273: [Full GC (Allocation Failure) 2021-01-22T19:39:09.795-0800: 12.273: [Tenured: 349459K->349360K(349568K), 0.0451917 secs] 506604K->397818K(506816K), [Metaspace: 2698K->2698K(1056768K)], 0.0452944 secs] [Times: user=0.04 sys=0.00, real=0.05 secs] 
2021-01-22T19:39:09.856-0800: 12.335: [Full GC (Allocation Failure) 2021-01-22T19:39:09.857-0800: 12.335: [Tenured: 349486K->349550K(349568K), 0.0471634 secs] 506729K->374976K(506816K), [Metaspace: 2698K->2698K(1056768K)], 0.0472589 secs] [Times: user=0.05 sys=0.00, real=0.05 secs] 
2021-01-22T19:39:09.920-0800: 12.398: [Full GC (Allocation Failure) 2021-01-22T19:39:09.920-0800: 12.398: [Tenured: 349564K->349360K(349568K), 0.0310720 secs] 506807K->396635K(506816K), [Metaspace: 2698K->2698K(1056768K)], 0.0311678 secs] [Times: user=0.03 sys=0.01, real=0.03 secs] 
2021-01-22T19:39:09.964-0800: 12.442: [Full GC (Allocation Failure) 2021-01-22T19:39:09.964-0800: 12.443: [Tenured: 349360K->349280K(349568K), 0.0389236 secs] 506400K->398737K(506816K), [Metaspace: 2698K->2698K(1056768K)], 0.0390239 secs] [Times: user=0.04 sys=0.00, real=0.04 secs] 
2021-01-22T19:39:10.017-0800: 12.495: [Full GC (Allocation Failure) 2021-01-22T19:39:10.017-0800: 12.495: [Tenured: 349280K->349529K(349568K), 0.0427633 secs] 506343K->398731K(506816K), [Metaspace: 2698K->2698K(1056768K)], 0.0428639 secs] [Times: user=0.04 sys=0.00, real=0.05 secs] 
2021-01-22T19:39:10.075-0800: 12.553: [Full GC (Allocation Failure) 2021-01-22T19:39:10.075-0800: 12.553: [Tenured: 349529K->349204K(349568K), 0.0507592 secs] 506592K->384081K(506816K), [Metaspace: 2698K->2698K(1056768K)], 0.0508581 secs] [Times: user=0.05 sys=0.00, real=0.05 secs] 
2021-01-22T19:39:10.142-0800: 12.620: [Full GC (Allocation Failure) 2021-01-22T19:39:10.142-0800: 12.620: [Tenured: 349369K->349516K(349568K), 0.0346386 secs] 506584K->397856K(506816K), [Metaspace: 2698K->2698K(1056768K)], 0.0347526 secs] [Times: user=0.04 sys=0.00, real=0.03 secs] 
2021-01-22T19:39:10.191-0800: 12.669: [Full GC (Allocation Failure) 2021-01-22T19:39:10.191-0800: 12.669: [Tenured: 349516K->349442K(349568K), 0.0400467 secs] 506567K->392663K(506816K), [Metaspace: 2698K->2698K(1056768K)], 0.0401439 secs] [Times: user=0.04 sys=0.00, real=0.04 secs] 
2021-01-22T19:39:10.245-0800: 12.724: [Full GC (Allocation Failure) 2021-01-22T19:39:10.245-0800: 12.724: [Tenured: 349442K->349562K(349568K), 0.0434134 secs] 506649K->395223K(506816K), [Metaspace: 2698K->2698K(1056768K)], 0.0435281 secs] [Times: user=0.04 sys=0.00, real=0.04 secs] 
2021-01-22T19:39:10.302-0800: 12.780: [Full GC (Allocation Failure) 2021-01-22T19:39:10.302-0800: 12.781: [Tenured: 349562K->349325K(349568K), 0.0476578 secs] 506686K->371918K(506816K), [Metaspace: 2698K->2698K(1056768K)], 0.0477552 secs] [Times: user=0.05 sys=0.00, real=0.05 secs] 
2021-01-22T19:39:10.367-0800: 12.845: [Full GC (Allocation Failure) 2021-01-22T19:39:10.367-0800: 12.845: [Tenured: 349517K->349156K(349568K), 0.0313992 secs] 506736K->393654K(506816K), [Metaspace: 2698K->2698K(1056768K)], 0.0315017 secs] [Times: user=0.04 sys=0.00, real=0.03 secs] 
2021-01-22T19:39:10.412-0800: 12.890: [Full GC (Allocation Failure) 2021-01-22T19:39:10.412-0800: 12.890: [Tenured: 349156K->349456K(349568K), 0.0377672 secs] 506167K->391440K(506816K), [Metaspace: 2698K->2698K(1056768K)], 0.0378585 secs] [Times: user=0.04 sys=0.00, real=0.04 secs] 
2021-01-22T19:39:10.467-0800: 12.945: [Full GC (Allocation Failure) 2021-01-22T19:39:10.467-0800: 12.945: [Tenured: 349456K->349414K(349568K), 0.0517043 secs] 506531K->395519K(506816K), [Metaspace: 2698K->2698K(1056768K)], 0.0519619 secs] [Times: user=0.05 sys=0.00, real=0.05 secs] 
2021-01-22T19:39:10.539-0800: 13.017: [Full GC (Allocation Failure) 2021-01-22T19:39:10.539-0800: 13.017: [Tenured: 349414K->349444K(349568K), 0.0542977 secs] 506582K->378129K(506816K), [Metaspace: 2698K->2698K(1056768K)], 0.0543983 secs] [Times: user=0.06 sys=0.00, real=0.06 secs] 
2021-01-22T19:39:10.612-0800: 13.090: [Full GC (Allocation Failure) 2021-01-22T19:39:10.612-0800: 13.090: [Tenured: 349444K->349467K(349568K), 0.0297909 secs] 506538K->399468K(506816K), [Metaspace: 2698K->2698K(1056768K)], 0.0298914 secs] [Times: user=0.03 sys=0.00, real=0.03 secs] 
2021-01-22T19:39:10.655-0800: 13.133: [Full GC (Allocation Failure) 2021-01-22T19:39:10.655-0800: 13.133: [Tenured: 349467K->349541K(349568K), 0.0402247 secs] 506472K->395526K(506816K), [Metaspace: 2698K->2698K(1056768K)], 0.0403269 secs] [Times: user=0.04 sys=0.00, real=0.04 secs] 
2021-01-22T19:39:10.709-0800: 13.187: [Full GC (Allocation Failure) 2021-01-22T19:39:10.709-0800: 13.187: [Tenured: 349541K->349317K(349568K), 0.0407973 secs] 506155K->390858K(506816K), [Metaspace: 2698K->2698K(1056768K)], 0.0408918 secs] [Times: user=0.04 sys=0.00, real=0.05 secs] 
2021-01-22T19:39:10.765-0800: 13.243: [Full GC (Allocation Failure) 2021-01-22T19:39:10.765-0800: 13.243: [Tenured: 349317K->349374K(349568K), 0.0502479 secs] 506153K->371065K(506816K), [Metaspace: 2698K->2698K(1056768K)], 0.0503455 secs] [Times: user=0.05 sys=0.00, real=0.05 secs] 
2021-01-22T19:39:10.832-0800: 13.311: [Full GC (Allocation Failure) 2021-01-22T19:39:10.833-0800: 13.311: [Tenured: 349427K->349434K(349568K), 0.0257317 secs] 506626K->391720K(506816K), [Metaspace: 2698K->2698K(1056768K)], 0.0258276 secs] [Times: user=0.03 sys=0.00, real=0.02 secs] 
2021-01-22T19:39:10.872-0800: 13.350: [Full GC (Allocation Failure) 2021-01-22T19:39:10.872-0800: 13.350: [Tenured: 349491K->349557K(349568K), 0.0363707 secs] 506695K->391985K(506816K), [Metaspace: 2698K->2698K(1056768K)], 0.0364778 secs] [Times: user=0.04 sys=0.00, real=0.03 secs] 
2021-01-22T19:39:10.923-0800: 13.401: [Full GC (Allocation Failure) 2021-01-22T19:39:10.923-0800: 13.401: [Tenured: 349557K->349348K(349568K), 0.0408847 secs] 506644K->392248K(506816K), [Metaspace: 2698K->2698K(1056768K)], 0.0410007 secs] [Times: user=0.04 sys=0.00, real=0.04 secs] 
2021-01-22T19:39:10.978-0800: 13.456: [Full GC (Allocation Failure) 2021-01-22T19:39:10.978-0800: 13.456: [Tenured: 349348K->349413K(349568K), 0.0568798 secs] 506452K->372594K(506816K), [Metaspace: 2698K->2698K(1056768K)], 0.0570949 secs] [Times: user=0.05 sys=0.01, real=0.06 secs] 
2021-01-22T19:39:11.059-0800: 13.537: [Full GC (Allocation Failure) 2021-01-22T19:39:11.059-0800: 13.537: [Tenured: 349413K->349475K(349568K), 0.0395601 secs] 506560K->389045K(506816K), [Metaspace: 2698K->2698K(1056768K)], 0.0396484 secs] [Times: user=0.04 sys=0.00, real=0.04 secs] 
2021-01-22T19:39:11.122-0800: 13.600: [Full GC (Allocation Failure) 2021-01-22T19:39:11.122-0800: 13.600: [Tenured: 349475K->349530K(349568K), 0.0428232 secs] 506521K->390698K(506816K), [Metaspace: 2698K->2698K(1056768K)], 0.0430185 secs] [Times: user=0.04 sys=0.00, real=0.04 secs] 
2021-01-22T19:39:11.181-0800: 13.659: [Full GC (Allocation Failure) 2021-01-22T19:39:11.181-0800: 13.659: [Tenured: 349530K->349493K(349568K), 0.0483939 secs] 506769K->393189K(506816K), [Metaspace: 2698K->2698K(1056768K)], 0.0484930 secs] [Times: user=0.05 sys=0.00, real=0.04 secs] 
2021-01-22T19:39:11.242-0800: 13.721: [Full GC (Allocation Failure) 2021-01-22T19:39:11.242-0800: 13.721: [Tenured: 349538K->349046K(349568K), 0.0478033 secs] 506747K->376993K(506816K), [Metaspace: 2698K->2698K(1056768K)], 0.0479021 secs] [Times: user=0.05 sys=0.00, real=0.05 secs] 
2021-01-22T19:39:11.307-0800: 13.785: [Full GC (Allocation Failure) 2021-01-22T19:39:11.307-0800: 13.785: [Tenured: 349450K->349349K(349568K), 0.0295654 secs] 506539K->392248K(506816K), [Metaspace: 2698K->2698K(1056768K)], 0.0296663 secs] [Times: user=0.03 sys=0.00, real=0.03 secs] 
2021-01-22T19:39:11.350-0800: 13.828: [Full GC (Allocation Failure) 2021-01-22T19:39:11.350-0800: 13.828: [Tenured: 349552K->349522K(349568K), 0.0361169 secs] 506785K->387834K(506816K), [Metaspace: 2698K->2698K(1056768K)], 0.0362244 secs] [Times: user=0.03 sys=0.00, real=0.03 secs] 
2021-01-22T19:39:11.400-0800: 13.878: [Full GC (Allocation Failure) 2021-01-22T19:39:11.400-0800: 13.878: [Tenured: 349522K->349447K(349568K), 0.0395618 secs] 506632K->391234K(506816K), [Metaspace: 2698K->2698K(1056768K)], 0.0396594 secs] [Times: user=0.04 sys=0.00, real=0.04 secs] 
2021-01-22T19:39:11.454-0800: 13.932: [Full GC (Allocation Failure) 2021-01-22T19:39:11.454-0800: 13.932: [Tenured: 349447K->349312K(349568K), 0.0472345 secs] 506409K->379686K(506816K), [Metaspace: 2698K->2698K(1056768K)], 0.0473233 secs] [Times: user=0.05 sys=0.00, real=0.05 secs] 
2021-01-22T19:39:11.518-0800: 13.996: [Full GC (Allocation Failure) 2021-01-22T19:39:11.518-0800: 13.996: [Tenured: 349456K->349220K(349568K), 0.0245319 secs] 506638K->399909K(506816K), [Metaspace: 2698K->2698K(1056768K)], 0.0246229 secs] [Times: user=0.03 sys=0.00, real=0.03 secs] 
2021-01-22T19:39:11.556-0800: 14.034: [Full GC (Allocation Failure) 2021-01-22T19:39:11.556-0800: 14.034: [Tenured: 349471K->349226K(349568K), 0.0350962 secs] 506594K->396940K(506816K), [Metaspace: 2698K->2698K(1056768K)], 0.0352006 secs] [Times: user=0.03 sys=0.00, real=0.04 secs] 
2021-01-22T19:39:11.604-0800: 14.083: [Full GC (Allocation Failure) 2021-01-22T19:39:11.604-0800: 14.083: [Tenured: 349226K->349517K(349568K), 0.0382798 secs] 505929K->398739K(506816K), [Metaspace: 2698K->2698K(1056768K)], 0.0383799 secs] [Times: user=0.03 sys=0.00, real=0.04 secs] 
2021-01-22T19:39:11.657-0800: 14.135: [Full GC (Allocation Failure) 2021-01-22T19:39:11.657-0800: 14.135: [Tenured: 349517K->349548K(349568K), 0.0500069 secs] 506667K->375862K(506816K), [Metaspace: 2698K->2698K(1056768K)], 0.0501024 secs] [Times: user=0.05 sys=0.00, real=0.05 secs] 
2021-01-22T19:39:11.724-0800: 14.202: [Full GC (Allocation Failure) 2021-01-22T19:39:11.724-0800: 14.202: [Tenured: 349548K->349315K(349568K), 0.0338489 secs] 506790K->394943K(506816K), [Metaspace: 2698K->2698K(1056768K)], 0.0339469 secs] [Times: user=0.04 sys=0.00, real=0.03 secs] 
2021-01-22T19:39:11.772-0800: 14.250: [Full GC (Allocation Failure) 2021-01-22T19:39:11.772-0800: 14.250: [Tenured: 349315K->349151K(349568K), 0.0414252 secs] 506457K->399477K(506816K), [Metaspace: 2698K->2698K(1056768K)], 0.0415174 secs] [Times: user=0.04 sys=0.00, real=0.04 secs] 
2021-01-22T19:39:11.826-0800: 14.304: [Full GC (Allocation Failure) 2021-01-22T19:39:11.826-0800: 14.304: [Tenured: 349420K->349553K(349568K), 0.0426139 secs] 506667K->390555K(506816K), [Metaspace: 2698K->2698K(1056768K)], 0.0427050 secs] [Times: user=0.04 sys=0.00, real=0.04 secs] 
2021-01-22T19:39:11.883-0800: 14.361: [Full GC (Allocation Failure) 2021-01-22T19:39:11.883-0800: 14.361: [Tenured: 349553K->348988K(349568K), 0.0569442 secs] 506791K->370054K(506816K), [Metaspace: 2698K->2698K(1056768K)], 0.0571282 secs] [Times: user=0.05 sys=0.01, real=0.06 secs] 
2021-01-22T19:39:11.973-0800: 14.451: [Full GC (Allocation Failure) 2021-01-22T19:39:11.973-0800: 14.451: [Tenured: 349549K->349367K(349568K), 0.0413663 secs] 506796K->391940K(506816K), [Metaspace: 2698K->2698K(1056768K)], 0.0414740 secs] [Times: user=0.04 sys=0.00, real=0.04 secs] 
2021-01-22T19:39:12.037-0800: 14.515: [Full GC (Allocation Failure) 2021-01-22T19:39:12.037-0800: 14.515: [Tenured: 349367K->349344K(349568K), 0.0581464 secs] 506502K->391906K(506816K), [Metaspace: 2698K->2698K(1056768K)], 0.0583475 secs] [Times: user=0.05 sys=0.00, real=0.06 secs] 
2021-01-22T19:39:12.116-0800: 14.594: [Full GC (Allocation Failure) 2021-01-22T19:39:12.116-0800: 14.594: [Tenured: 349545K->349541K(349568K), 0.0487864 secs] 506785K->392339K(506816K), [Metaspace: 2698K->2698K(1056768K)], 0.0488820 secs] [Times: user=0.04 sys=0.00, real=0.05 secs] 
2021-01-22T19:39:12.180-0800: 14.658: [Full GC (Allocation Failure) 2021-01-22T19:39:12.180-0800: 14.658: [Tenured: 349541K->349493K(349568K), 0.0470852 secs] 506736K->375034K(506816K), [Metaspace: 2698K->2698K(1056768K)], 0.0471736 secs] [Times: user=0.04 sys=0.00, real=0.04 secs] 
2021-01-22T19:39:12.243-0800: 14.721: [Full GC (Allocation Failure) 2021-01-22T19:39:12.243-0800: 14.721: [Tenured: 349493K->348904K(349568K), 0.0278454 secs] 506493K->393361K(506816K), [Metaspace: 2698K->2698K(1056768K)], 0.0279376 secs] [Times: user=0.03 sys=0.00, real=0.03 secs] 
2021-01-22T19:39:12.283-0800: 14.762: [Full GC (Allocation Failure) 2021-01-22T19:39:12.284-0800: 14.762: [Tenured: 348904K->349500K(349568K), 0.0357786 secs] 505725K->393647K(506816K), [Metaspace: 2698K->2698K(1056768K)], 0.0358758 secs] [Times: user=0.03 sys=0.00, real=0.03 secs] 
2021-01-22T19:39:12.333-0800: 14.811: [Full GC (Allocation Failure) 2021-01-22T19:39:12.333-0800: 14.811: [Tenured: 349500K->349559K(349568K), 0.0395330 secs] 506701K->394128K(506816K), [Metaspace: 2698K->2698K(1056768K)], 0.0396413 secs] [Times: user=0.04 sys=0.00, real=0.04 secs] 
2021-01-22T19:39:12.387-0800: 14.865: [Full GC (Allocation Failure) 2021-01-22T19:39:12.387-0800: 14.865: [Tenured: 349559K->349200K(349568K), 0.0468748 secs] 506752K->377097K(506816K), [Metaspace: 2698K->2698K(1056768K)], 0.0469683 secs] [Times: user=0.05 sys=0.00, real=0.05 secs] 
2021-01-22T19:39:12.450-0800: 14.928: [Full GC (Allocation Failure) 2021-01-22T19:39:12.450-0800: 14.929: [Tenured: 349565K->349566K(349568K), 0.0277349 secs] 506811K->398638K(506816K), [Metaspace: 2698K->2698K(1056768K)], 0.0278309 secs] [Times: user=0.03 sys=0.00, real=0.02 secs] 
2021-01-22T19:39:12.491-0800: 14.970: [Full GC (Allocation Failure) 2021-01-22T19:39:12.491-0800: 14.970: [Tenured: 349566K->349443K(349568K), 0.0374874 secs] 506751K->400379K(506816K), [Metaspace: 2698K->2698K(1056768K)], 0.0375827 secs] [Times: user=0.04 sys=0.00, real=0.03 secs] 
2021-01-22T19:39:12.542-0800: 15.020: [Full GC (Allocation Failure) 2021-01-22T19:39:12.542-0800: 15.020: [Tenured: 349443K->349352K(349568K), 0.0403058 secs] 506690K->398311K(506816K), [Metaspace: 2698K->2698K(1056768K)], 0.0404079 secs] [Times: user=0.04 sys=0.00, real=0.04 secs] 
2021-01-22T19:39:12.597-0800: 15.075: [Full GC (Allocation Failure) 2021-01-22T19:39:12.597-0800: 15.075: [Tenured: 349352K->349405K(349568K), 0.0667710 secs] 506021K->383690K(506816K), [Metaspace: 2698K->2698K(1056768K)], 0.0669062 secs] [Times: user=0.05 sys=0.00, real=0.07 secs] 
2021-01-22T19:39:12.684-0800: 15.162: [Full GC (Allocation Failure) 2021-01-22T19:39:12.684-0800: 15.162: [Tenured: 349405K->349246K(349568K), 0.0448600 secs] 505874K->400000K(506816K), [Metaspace: 2698K->2698K(1056768K)], 0.0449806 secs] [Times: user=0.04 sys=0.01, real=0.04 secs] 
2021-01-22T19:39:12.747-0800: 15.225: [Full GC (Allocation Failure) 2021-01-22T19:39:12.747-0800: 15.226: [Tenured: 349428K->349445K(349568K), 0.0529998 secs] 506597K->393353K(506816K), [Metaspace: 2698K->2698K(1056768K)], 0.0530910 secs] [Times: user=0.05 sys=0.00, real=0.06 secs] 
2021-01-22T19:39:12.819-0800: 15.297: [Full GC (Allocation Failure) 2021-01-22T19:39:12.819-0800: 15.297: [Tenured: 349553K->349484K(349568K), 0.0563856 secs] 506798K->390048K(506816K), [Metaspace: 2698K->2698K(1056768K)], 0.0566681 secs] [Times: user=0.06 sys=0.00, real=0.06 secs] 
2021-01-22T19:39:12.894-0800: 15.372: [Full GC (Allocation Failure) 2021-01-22T19:39:12.894-0800: 15.372: [Tenured: 349484K->349556K(349568K), 0.0632865 secs] 506562K->365890K(506816K), [Metaspace: 2698K->2698K(1056768K)], 0.0633765 secs] [Times: user=0.06 sys=0.00, real=0.06 secs] 
2021-01-22T19:39:12.979-0800: 15.458: [Full GC (Allocation Failure) 2021-01-22T19:39:12.979-0800: 15.458: [Tenured: 349556K->349465K(349568K), 0.0357498 secs] 506703K->386661K(506816K), [Metaspace: 2698K->2698K(1056768K)], 0.0358425 secs] [Times: user=0.03 sys=0.00, real=0.04 secs] 
2021-01-22T19:39:13.034-0800: 15.513: [Full GC (Allocation Failure) 2021-01-22T19:39:13.034-0800: 15.513: [Tenured: 349527K->349542K(349568K), 0.0459246 secs] 506751K->389241K(506816K), [Metaspace: 2698K->2698K(1056768K)], 0.0460171 secs] [Times: user=0.04 sys=0.00, real=0.05 secs] 
2021-01-22T19:39:13.099-0800: 15.577: [Full GC (Allocation Failure) 2021-01-22T19:39:13.099-0800: 15.578: [Tenured: 349560K->349268K(349568K), 0.0563602 secs] 506799K->386652K(506816K), [Metaspace: 2698K->2698K(1056768K)], 0.0564662 secs] [Times: user=0.05 sys=0.00, real=0.06 secs] 
2021-01-22T19:39:13.177-0800: 15.656: [Full GC (Allocation Failure) 2021-01-22T19:39:13.177-0800: 15.656: [Tenured: 349407K->349562K(349568K), 0.0626520 secs] 506593K->374861K(506816K), [Metaspace: 2698K->2698K(1056768K)], 0.0627896 secs] [Times: user=0.06 sys=0.00, real=0.07 secs] 
2021-01-22T19:39:13.263-0800: 15.741: [Full GC (Allocation Failure) 2021-01-22T19:39:13.263-0800: 15.741: [Tenured: 349562K->349562K(349568K), 0.0403669 secs] 506614K->392696K(506816K), [Metaspace: 2698K->2698K(1056768K)], 0.0404573 secs] [Times: user=0.04 sys=0.00, real=0.04 secs] 
2021-01-22T19:39:13.319-0800: 15.798: [Full GC (Allocation Failure) 2021-01-22T19:39:13.320-0800: 15.798: [Tenured: 349562K->349560K(349568K), 0.0401304 secs] 506790K->386622K(506816K), [Metaspace: 2698K->2698K(1056768K)], 0.0402712 secs] [Times: user=0.03 sys=0.00, real=0.05 secs] 
2021-01-22T19:39:13.376-0800: 15.855: [Full GC (Allocation Failure) 2021-01-22T19:39:13.376-0800: 15.855: [Tenured: 349560K->349210K(349568K), 0.0406900 secs] 506648K->385675K(506816K), [Metaspace: 2698K->2698K(1056768K)], 0.0755333 secs] [Times: user=0.04 sys=0.01, real=0.08 secs] 
2021-01-22T19:39:13.469-0800: 15.947: [Full GC (Allocation Failure) 2021-01-22T19:39:13.469-0800: 15.947: [Tenured: 349210K->349467K(349568K), 0.0474298 secs] 506264K->372535K(506816K), [Metaspace: 2698K->2698K(1056768K)], 0.0475013 secs] [Times: user=0.04 sys=0.00, real=0.05 secs] 
2021-01-22T19:39:13.532-0800: 16.010: [Full GC (Allocation Failure) 2021-01-22T19:39:13.532-0800: 16.010: [Tenured: 349467K->349407K(349568K), 0.0328354 secs] 506663K->389540K(506816K), [Metaspace: 2698K->2698K(1056768K)], 0.0329216 secs] [Times: user=0.03 sys=0.00, real=0.03 secs] 
2021-01-22T19:39:13.580-0800: 16.059: [Full GC (Allocation Failure) 2021-01-22T19:39:13.581-0800: 16.059: [Tenured: 349511K->349195K(349568K), 0.0449430 secs] 506753K->389074K(506816K), [Metaspace: 2698K->2698K(1056768K)], 0.0456031 secs] [Times: user=0.04 sys=0.00, real=0.04 secs] 
2021-01-22T19:39:13.640-0800: 16.119: [Full GC (Allocation Failure) 2021-01-22T19:39:13.641-0800: 16.119: [Tenured: 349522K->349538K(349568K), 0.0423215 secs] 506760K->388748K(506816K), [Metaspace: 2698K->2698K(1056768K)], 0.0424747 secs] [Times: user=0.04 sys=0.00, real=0.04 secs] 
2021-01-22T19:39:13.698-0800: 16.177: [Full GC (Allocation Failure) 2021-01-22T19:39:13.698-0800: 16.177: [Tenured: 349538K->349345K(349568K), 0.0507503 secs] 506688K->363431K(506816K), [Metaspace: 2698K->2698K(1056768K)], 0.0508520 secs] [Times: user=0.05 sys=0.00, real=0.05 secs] 
2021-01-22T19:39:13.768-0800: 16.247: [Full GC (Allocation Failure) 2021-01-22T19:39:13.768-0800: 16.247: [Tenured: 349557K->349188K(349568K), 0.0349902 secs] 506805K->375357K(506816K), [Metaspace: 2698K->2698K(1056768K)], 0.0350797 secs] [Times: user=0.04 sys=0.00, real=0.04 secs] 
2021-01-22T19:39:13.825-0800: 16.304: [Full GC (Allocation Failure) 2021-01-22T19:39:13.825-0800: 16.304: [Tenured: 349404K->348918K(349568K), 0.0405279 secs] 506638K->375854K(506816K), [Metaspace: 2698K->2698K(1056768K)], 0.0406274 secs] [Times: user=0.04 sys=0.00, real=0.04 secs] 
2021-01-22T19:39:13.884-0800: 16.362: [Full GC (Allocation Failure) 2021-01-22T19:39:13.884-0800: 16.362: [Tenured: 349544K->349457K(349568K), 0.0430518 secs] 506604K->375711K(506816K), [Metaspace: 2698K->2698K(1056768K)], 0.0431616 secs] [Times: user=0.05 sys=0.00, real=0.04 secs] 
2021-01-22T19:39:13.945-0800: 16.423: [Full GC (Allocation Failure) 2021-01-22T19:39:13.945-0800: 16.423: [Tenured: 349529K->349493K(349568K), 0.0488828 secs] 506774K->361742K(506816K), [Metaspace: 2698K->2698K(1056768K)], 0.0489783 secs] [Times: user=0.05 sys=0.00, real=0.05 secs] 
2021-01-22T19:39:14.015-0800: 16.493: [Full GC (Allocation Failure) 2021-01-22T19:39:14.015-0800: 16.493: [Tenured: 349565K->349500K(349568K), 0.0315796 secs] 506808K->374978K(506816K), [Metaspace: 2698K->2698K(1056768K)], 0.0316736 secs] [Times: user=0.03 sys=0.00, real=0.03 secs] 
2021-01-22T19:39:14.063-0800: 16.542: [Full GC (Allocation Failure) 2021-01-22T19:39:14.063-0800: 16.542: [Tenured: 349500K->349352K(349568K), 0.0387278 secs] 506620K->383518K(506816K), [Metaspace: 2698K->2698K(1056768K)], 0.0388243 secs] [Times: user=0.04 sys=0.00, real=0.04 secs] 
2021-01-22T19:39:14.118-0800: 16.596: [Full GC (Allocation Failure) 2021-01-22T19:39:14.118-0800: 16.596: [Tenured: 349352K->349440K(349568K), 0.0448094 secs] 506357K->380663K(506816K), [Metaspace: 2698K->2698K(1056768K)], 0.0449283 secs] [Times: user=0.05 sys=0.01, real=0.05 secs] 
2021-01-22T19:39:14.177-0800: 16.656: [Full GC (Allocation Failure) 2021-01-22T19:39:14.177-0800: 16.656: [Tenured: 349440K->349563K(349568K), 0.0449890 secs] 506390K->367065K(506816K), [Metaspace: 2698K->2698K(1056768K)], 0.0450930 secs] [Times: user=0.04 sys=0.00, real=0.05 secs] 
2021-01-22T19:39:14.238-0800: 16.717: [Full GC (Allocation Failure) 2021-01-22T19:39:14.238-0800: 16.717: [Tenured: 349563K->349479K(349568K), 0.0290841 secs] 506632K->387141K(506816K), [Metaspace: 2698K->2698K(1056768K)], 0.0291797 secs] [Times: user=0.03 sys=0.00, real=0.03 secs] 
2021-01-22T19:39:14.284-0800: 16.762: [Full GC (Allocation Failure) 2021-01-22T19:39:14.284-0800: 16.762: [Tenured: 349479K->349332K(349568K), 0.0399975 secs] 506144K->388245K(506816K), [Metaspace: 2698K->2698K(1056768K)], 0.0401421 secs] [Times: user=0.03 sys=0.00, real=0.04 secs] 
2021-01-22T19:39:14.343-0800: 16.821: [Full GC (Allocation Failure) 2021-01-22T19:39:14.343-0800: 16.821: [Tenured: 349332K->349401K(349568K), 0.0519691 secs] 506461K->393869K(506816K), [Metaspace: 2698K->2698K(1056768K)], 0.0521824 secs] [Times: user=0.05 sys=0.00, real=0.05 secs] 
2021-01-22T19:39:14.411-0800: 16.889: [Full GC (Allocation Failure) 2021-01-22T19:39:14.411-0800: 16.889: [Tenured: 349401K->349533K(349568K), 0.0590922 secs] 506479K->379164K(506816K), [Metaspace: 2698K->2698K(1056768K)], 0.0591923 secs] [Times: user=0.05 sys=0.00, real=0.06 secs] 
2021-01-22T19:39:14.488-0800: 16.966: [Full GC (Allocation Failure) 2021-01-22T19:39:14.488-0800: 16.966: [Tenured: 349533K->349081K(349568K), 0.0409962 secs] 506356K->395170K(506816K), [Metaspace: 2698K->2698K(1056768K)], 0.0411646 secs] [Times: user=0.04 sys=0.00, real=0.04 secs] 
2021-01-22T19:39:14.550-0800: 17.028: [Full GC (Allocation Failure) 2021-01-22T19:39:14.550-0800: 17.028: [Tenured: 349403K->349513K(349568K), 0.0545620 secs] 506644K->396292K(506816K), [Metaspace: 2698K->2698K(1056768K)], 0.0546694 secs] [Times: user=0.05 sys=0.00, real=0.05 secs] 
2021-01-22T19:39:14.619-0800: 17.097: [Full GC (Allocation Failure) 2021-01-22T19:39:14.619-0800: 17.098: [Tenured: 349513K->349447K(349568K), 0.0410941 secs] 506689K->390103K(506816K), [Metaspace: 2698K->2698K(1056768K)], 0.0411926 secs] [Times: user=0.04 sys=0.01, real=0.05 secs] 
2021-01-22T19:39:14.674-0800: 17.152: [Full GC (Allocation Failure) 2021-01-22T19:39:14.674-0800: 17.152: [Tenured: 349547K->349493K(349568K), 0.0471593 secs] 506782K->378780K(506816K), [Metaspace: 2698K->2698K(1056768K)], 0.0472563 secs] [Times: user=0.04 sys=0.00, real=0.05 secs] 
2021-01-22T19:39:14.736-0800: 17.214: [Full GC (Allocation Failure) 2021-01-22T19:39:14.736-0800: 17.214: [Tenured: 349565K->349101K(349568K), 0.0263902 secs] 506768K->403502K(506816K), [Metaspace: 2698K->2698K(1056768K)], 0.0264813 secs] [Times: user=0.02 sys=0.00, real=0.03 secs] 
2021-01-22T19:39:14.775-0800: 17.253: [Full GC (Allocation Failure) 2021-01-22T19:39:14.775-0800: 17.253: [Tenured: 349368K->349494K(349568K), 0.0399302 secs] 506513K->405576K(506816K), [Metaspace: 2698K->2698K(1056768K)], 0.0400347 secs] [Times: user=0.03 sys=0.00, real=0.04 secs] 
2021-01-22T19:39:14.829-0800: 17.307: [Full GC (Allocation Failure) 2021-01-22T19:39:14.829-0800: 17.307: [Tenured: 349530K->349337K(349568K), 0.0448540 secs] 506762K->409603K(506816K), [Metaspace: 2698K->2698K(1056768K)], 0.0449460 secs] [Times: user=0.04 sys=0.00, real=0.05 secs] 
2021-01-22T19:39:14.900-0800: 17.379: [Full GC (Allocation Failure) 2021-01-22T19:39:14.900-0800: 17.379: [Tenured: 349337K->349282K(349568K), 0.0742930 secs] 506161K->387683K(506816K), [Metaspace: 2698K->2698K(1056768K)], 0.0744036 secs] [Times: user=0.05 sys=0.00, real=0.07 secs] 
2021-01-22T19:39:14.989-0800: 17.467: [Full GC (Allocation Failure) 2021-01-22T19:39:14.989-0800: 17.467: [Tenured: 349282K->349230K(349568K), 0.0328082 secs] 506283K->396965K(506816K), [Metaspace: 2698K->2698K(1056768K)], 0.0329003 secs] [Times: user=0.03 sys=0.00, real=0.04 secs] 
2021-01-22T19:39:15.038-0800: 17.516: [Full GC (Allocation Failure) 2021-01-22T19:39:15.038-0800: 17.516: [Tenured: 349230K->349486K(349568K), 0.0546845 secs] 506442K->397314K(506816K), [Metaspace: 2698K->2698K(1056768K)], 0.0549742 secs] [Times: user=0.04 sys=0.00, real=0.06 secs] 
2021-01-22T19:39:15.111-0800: 17.590: [Full GC (Allocation Failure) 2021-01-22T19:39:15.111-0800: 17.590: [Tenured: 349486K->349250K(349568K), 0.0585867 secs] 506591K->395874K(506816K), [Metaspace: 2698K->2698K(1056768K)], 0.0586803 secs] [Times: user=0.05 sys=0.00, real=0.06 secs] 
2021-01-22T19:39:15.188-0800: 17.666: [Full GC (Allocation Failure) 2021-01-22T19:39:15.188-0800: 17.666: [Tenured: 349250K->349280K(349568K), 0.0594414 secs] 506408K->376831K(506816K), [Metaspace: 2698K->2698K(1056768K)], 0.0595536 secs] [Times: user=0.05 sys=0.00, real=0.06 secs] 
2021-01-22T19:39:15.264-0800: 17.743: [Full GC (Allocation Failure) 2021-01-22T19:39:15.265-0800: 17.743: [Tenured: 349280K->349560K(349568K), 0.0341795 secs] 506453K->391486K(506816K), [Metaspace: 2698K->2698K(1056768K)], 0.0342741 secs] [Times: user=0.03 sys=0.01, real=0.03 secs] 
2021-01-22T19:39:15.314-0800: 17.793: [Full GC (Allocation Failure) 2021-01-22T19:39:15.314-0800: 17.793: [Tenured: 349560K->349023K(349568K), 0.0492471 secs] 506260K->390851K(506816K), [Metaspace: 2698K->2698K(1056768K)], 0.0493654 secs] [Times: user=0.04 sys=0.00, real=0.05 secs] 
2021-01-22T19:39:15.380-0800: 17.858: [Full GC (Allocation Failure) 2021-01-22T19:39:15.380-0800: 17.858: [Tenured: 349419K->349402K(349568K), 0.0418601 secs] 506647K->386587K(506816K), [Metaspace: 2698K->2698K(1056768K)], 0.0419617 secs] [Times: user=0.04 sys=0.00, real=0.04 secs] 
2021-01-22T19:39:15.437-0800: 17.916: [Full GC (Allocation Failure) 2021-01-22T19:39:15.438-0800: 17.916: [Tenured: 349402K->349562K(349568K), 0.0447463 secs] 506284K->366190K(506816K), [Metaspace: 2698K->2698K(1056768K)], 0.0448515 secs] [Times: user=0.05 sys=0.00, real=0.05 secs] 
2021-01-22T19:39:15.500-0800: 17.978: [Full GC (Allocation Failure) 2021-01-22T19:39:15.500-0800: 17.978: [Tenured: 349562K->349554K(349568K), 0.0299839 secs] 506068K->385290K(506816K), [Metaspace: 2698K->2698K(1056768K)], 0.0300841 secs] [Times: user=0.03 sys=0.00, real=0.03 secs] 
2021-01-22T19:39:15.548-0800: 18.027: [Full GC (Allocation Failure) 2021-01-22T19:39:15.548-0800: 18.027: [Tenured: 349554K->349171K(349568K), 0.0464562 secs] 506719K->384505K(506816K), [Metaspace: 2698K->2698K(1056768K)], 0.0465432 secs] [Times: user=0.04 sys=0.00, real=0.05 secs] 
2021-01-22T19:39:15.613-0800: 18.092: [Full GC (Allocation Failure) 2021-01-22T19:39:15.613-0800: 18.092: [Tenured: 349420K->349503K(349568K), 0.0654366 secs] 506517K->382323K(506816K), [Metaspace: 2698K->2698K(1056768K)], 0.0655287 secs] [Times: user=0.05 sys=0.00, real=0.06 secs] 
2021-01-22T19:39:15.694-0800: 18.173: [Full GC (Allocation Failure) 2021-01-22T19:39:15.695-0800: 18.173: [Tenured: 349503K->349455K(349568K), 0.0553240 secs] 506234K->361079K(506816K), [Metaspace: 2698K->2698K(1056768K)], 0.0554506 secs] [Times: user=0.05 sys=0.00, real=0.06 secs] 
2021-01-22T19:39:15.767-0800: 18.246: [Full GC (Allocation Failure) 2021-01-22T19:39:15.767-0800: 18.246: [Tenured: 349455K->349444K(349568K), 0.0447484 secs] 506463K->379334K(506816K), [Metaspace: 2698K->2698K(1056768K)], 0.0448656 secs] [Times: user=0.03 sys=0.00, real=0.05 secs] 
2021-01-22T19:39:15.834-0800: 18.313: [Full GC (Allocation Failure) 2021-01-22T19:39:15.835-0800: 18.313: [Tenured: 349502K->349468K(349568K), 0.0536004 secs] 506746K->376652K(506816K), [Metaspace: 2698K->2698K(1056768K)], 0.0537212 secs] [Times: user=0.05 sys=0.00, real=0.05 secs] 
2021-01-22T19:39:15.912-0800: 18.390: [Full GC (Allocation Failure) 2021-01-22T19:39:15.912-0800: 18.390: [Tenured: 349468K->349018K(349568K), 0.0506873 secs] 506587K->389391K(506816K), [Metaspace: 2698K->2698K(1056768K)], 0.0507862 secs] [Times: user=0.05 sys=0.01, real=0.05 secs] 
2021-01-22T19:39:15.977-0800: 18.455: [Full GC (Allocation Failure) 2021-01-22T19:39:15.977-0800: 18.455: [Tenured: 349018K->349520K(349568K), 0.0467005 secs] 505675K->370307K(506816K), [Metaspace: 2698K->2698K(1056768K)], 0.0468178 secs] [Times: user=0.05 sys=0.00, real=0.05 secs] 
2021-01-22T19:39:16.041-0800: 18.519: [Full GC (Allocation Failure) 2021-01-22T19:39:16.041-0800: 18.519: [Tenured: 349520K->349567K(349568K), 0.0311445 secs] 506731K->381658K(506816K), [Metaspace: 2698K->2698K(1056768K)], 0.0312497 secs] [Times: user=0.03 sys=0.00, real=0.03 secs] 
2021-01-22T19:39:16.086-0800: 18.565: [Full GC (Allocation Failure) 2021-01-22T19:39:16.086-0800: 18.565: [Tenured: 349567K->349258K(349568K), 0.0378388 secs] 506212K->383147K(506816K), [Metaspace: 2698K->2698K(1056768K)], 0.0379440 secs] [Times: user=0.04 sys=0.00, real=0.04 secs] 
2021-01-22T19:39:16.140-0800: 18.618: [Full GC (Allocation Failure) 2021-01-22T19:39:16.140-0800: 18.618: [Tenured: 349258K->349437K(349568K), 0.0403589 secs] 506013K->380020K(506816K), [Metaspace: 2698K->2698K(1056768K)], 0.0404528 secs] [Times: user=0.04 sys=0.00, real=0.04 secs] 
2021-01-22T19:39:16.197-0800: 18.675: [Full GC (Allocation Failure) 2021-01-22T19:39:16.197-0800: 18.675: [Tenured: 349437K->349218K(349568K), 0.0848319 secs] 506627K->361174K(506816K), [Metaspace: 2698K->2698K(1056768K)], 0.0849369 secs] [Times: user=0.06 sys=0.00, real=0.09 secs] 
2021-01-22T19:39:16.303-0800: 18.781: [Full GC (Allocation Failure) 2021-01-22T19:39:16.303-0800: 18.781: [Tenured: 349218K->349514K(349568K), 0.0383291 secs] 506415K->374941K(506816K), [Metaspace: 2698K->2698K(1056768K)], 0.0384254 secs] [Times: user=0.03 sys=0.00, real=0.04 secs] 
2021-01-22T19:39:16.364-0800: 18.842: [Full GC (Allocation Failure) 2021-01-22T19:39:16.364-0800: 18.842: [Tenured: 349514K->349298K(349568K), 0.0523544 secs] 506665K->377138K(506816K), [Metaspace: 2698K->2698K(1056768K)], 0.0524558 secs] [Times: user=0.05 sys=0.00, real=0.05 secs] 
2021-01-22T19:39:16.438-0800: 18.916: [Full GC (Allocation Failure) 2021-01-22T19:39:16.438-0800: 18.916: [Tenured: 349298K->349215K(349568K), 0.0575031 secs] 506511K->381276K(506816K), [Metaspace: 2698K->2698K(1056768K)], 0.0576167 secs] [Times: user=0.05 sys=0.00, real=0.06 secs] 
2021-01-22T19:39:16.515-0800: 18.993: [Full GC (Allocation Failure) 2021-01-22T19:39:16.515-0800: 18.993: [Tenured: 349341K->349425K(349568K), 0.0576885 secs] 506582K->367846K(506816K), [Metaspace: 2698K->2698K(1056768K)], 0.0578013 secs] [Times: user=0.06 sys=0.01, real=0.06 secs] 
2021-01-22T19:39:16.597-0800: 19.075: [Full GC (Allocation Failure) 2021-01-22T19:39:16.597-0800: 19.075: [Tenured: 349425K->349501K(349568K), 0.0317779 secs] 506292K->383822K(506816K), [Metaspace: 2698K->2698K(1056768K)], 0.0318826 secs] [Times: user=0.03 sys=0.00, real=0.03 secs] 
2021-01-22T19:39:16.644-0800: 19.123: [Full GC (Allocation Failure) 2021-01-22T19:39:16.644-0800: 19.123: [Tenured: 349501K->349237K(349568K), 0.0446859 secs] 506313K->387438K(506816K), [Metaspace: 2698K->2698K(1056768K)], 0.0447931 secs] [Times: user=0.05 sys=0.00, real=0.04 secs] 
2021-01-22T19:39:16.705-0800: 19.183: [Full GC (Allocation Failure) 2021-01-22T19:39:16.705-0800: 19.183: [Tenured: 349237K->349510K(349568K), 0.0443723 secs] 506252K->389171K(506816K), [Metaspace: 2698K->2698K(1056768K)], 0.0444977 secs] [Times: user=0.04 sys=0.00, real=0.04 secs] 
2021-01-22T19:39:16.763-0800: 19.241: [Full GC (Allocation Failure) 2021-01-22T19:39:16.763-0800: 19.241: [Tenured: 349510K->349527K(349568K), 0.0546848 secs] 506709K->372394K(506816K), [Metaspace: 2698K->2698K(1056768K)], 0.0547923 secs] [Times: user=0.04 sys=0.00, real=0.05 secs] 
2021-01-22T19:39:16.835-0800: 19.313: [Full GC (Allocation Failure) 2021-01-22T19:39:16.835-0800: 19.313: [Tenured: 349527K->349431K(349568K), 0.0598249 secs] 506612K->387560K(506816K), [Metaspace: 2698K->2698K(1056768K)], 0.0599300 secs] [Times: user=0.03 sys=0.00, real=0.06 secs] 
2021-01-22T19:39:16.916-0800: 19.394: [Full GC (Allocation Failure) 2021-01-22T19:39:16.916-0800: 19.395: [Tenured: 349498K->349322K(349568K), 0.0521989 secs] 506705K->382056K(506816K), [Metaspace: 2698K->2698K(1056768K)], 0.0523034 secs] [Times: user=0.04 sys=0.00, real=0.05 secs] 
2021-01-22T19:39:16.991-0800: 19.470: [Full GC (Allocation Failure) 2021-01-22T19:39:16.992-0800: 19.470: [Tenured: 349322K->349410K(349568K), 0.0421962 secs] 506395K->383280K(506816K), [Metaspace: 2698K->2698K(1056768K)], 0.0423099 secs] [Times: user=0.04 sys=0.00, real=0.04 secs] 
2021-01-22T19:39:17.052-0800: 19.530: [Full GC (Allocation Failure) 2021-01-22T19:39:17.052-0800: 19.530: [Tenured: 349410K->349172K(349568K), 0.0520638 secs] 506585K->371114K(506816K), [Metaspace: 2698K->2698K(1056768K)], 0.0521638 secs] [Times: user=0.05 sys=0.00, real=0.05 secs] 
2021-01-22T19:39:17.120-0800: 19.599: [Full GC (Allocation Failure) 2021-01-22T19:39:17.120-0800: 19.599: [Tenured: 349172K->349535K(349568K), 0.0309140 secs] 506135K->389277K(506816K), [Metaspace: 2698K->2698K(1056768K)], 0.0310336 secs] [Times: user=0.03 sys=0.00, real=0.03 secs] 
2021-01-22T19:39:17.167-0800: 19.646: [Full GC (Allocation Failure) 2021-01-22T19:39:17.167-0800: 19.646: [Tenured: 349535K->349422K(349568K), 0.0655402 secs] 506217K->387831K(506816K), [Metaspace: 2698K->2698K(1056768K)], 0.0656360 secs] [Times: user=0.04 sys=0.00, real=0.07 secs] 
2021-01-22T19:39:17.248-0800: 19.727: [Full GC (Allocation Failure) 2021-01-22T19:39:17.248-0800: 19.727: [Tenured: 349566K->349165K(349568K), 0.0416447 secs] 506773K->393719K(506816K), [Metaspace: 2698K->2698K(1056768K)], 0.0417462 secs] [Times: user=0.04 sys=0.01, real=0.05 secs] 
2021-01-22T19:39:17.306-0800: 19.785: [Full GC (Allocation Failure) 2021-01-22T19:39:17.307-0800: 19.785: [Tenured: 349453K->349299K(349568K), 0.0594139 secs] 506610K->374479K(506816K), [Metaspace: 2698K->2698K(1056768K)], 0.0595131 secs] [Times: user=0.06 sys=0.00, real=0.06 secs] 
2021-01-22T19:39:17.386-0800: 19.865: [Full GC (Allocation Failure) 2021-01-22T19:39:17.386-0800: 19.865: [Tenured: 349299K->349130K(349568K), 0.0420756 secs] 506243K->388795K(506816K), [Metaspace: 2698K->2698K(1056768K)], 0.0421723 secs] [Times: user=0.03 sys=0.00, real=0.04 secs] 
2021-01-22T19:39:17.445-0800: 19.924: [Full GC (Allocation Failure) 2021-01-22T19:39:17.445-0800: 19.924: [Tenured: 349460K->349227K(349568K), 0.0490777 secs] 506693K->389630K(506816K), [Metaspace: 2698K->2698K(1056768K)], 0.0491839 secs] [Times: user=0.04 sys=0.00, real=0.05 secs] 
2021-01-22T19:39:17.513-0800: 19.991: [Full GC (Allocation Failure) 2021-01-22T19:39:17.513-0800: 19.991: [Tenured: 349515K->348909K(349568K), 0.0521680 secs] 506640K->394868K(506816K), [Metaspace: 2698K->2698K(1056768K)], 0.0522796 secs] [Times: user=0.05 sys=0.00, real=0.05 secs] 
2021-01-22T19:39:17.581-0800: 20.060: [Full GC (Allocation Failure) 2021-01-22T19:39:17.581-0800: 20.060: [Tenured: 349270K->349511K(349568K), 0.0581956 secs] 506482K->378811K(506816K), [Metaspace: 2698K->2698K(1056768K)], 0.0582953 secs] [Times: user=0.06 sys=0.00, real=0.06 secs] 
2021-01-22T19:39:17.659-0800: 20.138: [Full GC (Allocation Failure) 2021-01-22T19:39:17.659-0800: 20.138: [Tenured: 349511K->349379K(349568K), 0.0356422 secs] 506757K->391363K(506816K), [Metaspace: 2698K->2698K(1056768K)], 0.0357483 secs] [Times: user=0.03 sys=0.00, real=0.04 secs] 
2021-01-22T19:39:17.712-0800: 20.190: [Full GC (Allocation Failure) 2021-01-22T19:39:17.712-0800: 20.190: [Tenured: 349379K->348867K(349568K), 0.0490689 secs] 506510K->392768K(506816K), [Metaspace: 2698K->2698K(1056768K)], 0.0491728 secs] [Times: user=0.05 sys=0.01, real=0.05 secs] 
2021-01-22T19:39:17.779-0800: 20.257: [Full GC (Allocation Failure) 2021-01-22T19:39:17.779-0800: 20.257: [Tenured: 349517K->349564K(349568K), 0.0504291 secs] 506760K->397614K(506816K), [Metaspace: 2698K->2698K(1056768K)], 0.0505265 secs] [Times: user=0.04 sys=0.00, real=0.05 secs] 
2021-01-22T19:39:17.842-0800: 20.321: [Full GC (Allocation Failure) 2021-01-22T19:39:17.842-0800: 20.321: [Tenured: 349564K->349437K(349568K), 0.0519715 secs] 506767K->378414K(506816K), [Metaspace: 2698K->2698K(1056768K)], 0.0520668 secs] [Times: user=0.04 sys=0.00, real=0.05 secs] 
2021-01-22T19:39:17.910-0800: 20.389: [Full GC (Allocation Failure) 2021-01-22T19:39:17.910-0800: 20.389: [Tenured: 349567K->349403K(349568K), 0.0298992 secs] 506790K->395422K(506816K), [Metaspace: 2698K->2698K(1056768K)], 0.0300216 secs] [Times: user=0.03 sys=0.00, real=0.03 secs] 
2021-01-22T19:39:17.953-0800: 20.432: [Full GC (Allocation Failure) 2021-01-22T19:39:17.953-0800: 20.432: [Tenured: 349538K->349553K(349568K), 0.0412837 secs] 506783K->390918K(506816K), [Metaspace: 2698K->2698K(1056768K)], 0.0413867 secs] [Times: user=0.04 sys=0.00, real=0.04 secs] 
2021-01-22T19:39:18.010-0800: 20.489: [Full GC (Allocation Failure) 2021-01-22T19:39:18.010-0800: 20.489: [Tenured: 349553K->349338K(349568K), 0.0418350 secs] 506774K->392483K(506816K), [Metaspace: 2698K->2698K(1056768K)], 0.0419448 secs] [Times: user=0.04 sys=0.00, real=0.04 secs] 
2021-01-22T19:39:18.066-0800: 20.545: [Full GC (Allocation Failure) 2021-01-22T19:39:18.066-0800: 20.545: [Tenured: 349338K->349438K(349568K), 0.0519111 secs] 506082K->375511K(506816K), [Metaspace: 2698K->2698K(1056768K)], 0.0520178 secs] [Times: user=0.05 sys=0.00, real=0.05 secs] 
2021-01-22T19:39:18.134-0800: 20.613: [Full GC (Allocation Failure) 2021-01-22T19:39:18.134-0800: 20.613: [Tenured: 349438K->349532K(349568K), 0.0333717 secs] 506059K->388180K(506816K), [Metaspace: 2698K->2698K(1056768K)], 0.0334900 secs] [Times: user=0.03 sys=0.00, real=0.03 secs] 
2021-01-22T19:39:18.183-0800: 20.661: [Full GC (Allocation Failure) 2021-01-22T19:39:18.183-0800: 20.661: [Tenured: 349532K->349489K(349568K), 0.0604524 secs] 506720K->387590K(506816K), [Metaspace: 2698K->2698K(1056768K)], 0.0605522 secs] [Times: user=0.05 sys=0.00, real=0.06 secs] 
2021-01-22T19:39:18.269-0800: 20.747: [Full GC (Allocation Failure) 2021-01-22T19:39:18.269-0800: 20.747: [Tenured: 349489K->349334K(349568K), 0.0599133 secs] 506648K->388410K(506816K), [Metaspace: 2698K->2698K(1056768K)], 0.0600283 secs] [Times: user=0.05 sys=0.00, real=0.06 secs] 
2021-01-22T19:39:18.351-0800: 20.829: [Full GC (Allocation Failure) 2021-01-22T19:39:18.351-0800: 20.829: [Tenured: 349494K->349183K(349568K), 0.0704321 secs] 506738K->368866K(506816K), [Metaspace: 2698K->2698K(1056768K)], 0.0705404 secs] [Times: user=0.06 sys=0.01, real=0.07 secs] 
2021-01-22T19:39:18.444-0800: 20.923: [Full GC (Allocation Failure) 2021-01-22T19:39:18.444-0800: 20.923: [Tenured: 349183K->349336K(349568K), 0.0464277 secs] 505997K->382428K(506816K), [Metaspace: 2698K->2698K(1056768K)], 0.0465442 secs] [Times: user=0.04 sys=0.00, real=0.05 secs] 
2021-01-22T19:39:18.516-0800: 20.994: [Full GC (Allocation Failure) 2021-01-22T19:39:18.516-0800: 20.994: [Tenured: 349336K->349055K(349568K), 0.0471511 secs] 506543K->383063K(506816K), [Metaspace: 2698K->2698K(1056768K)], 0.0472625 secs] [Times: user=0.04 sys=0.00, real=0.05 secs] 
2021-01-22T19:39:18.584-0800: 21.062: [Full GC (Allocation Failure) 2021-01-22T19:39:18.584-0800: 21.062: [Tenured: 349539K->349487K(349568K), 0.0518951 secs] 506783K->389524K(506816K), [Metaspace: 2698K->2698K(1056768K)], 0.0520021 secs] [Times: user=0.05 sys=0.00, real=0.05 secs] 
2021-01-22T19:39:18.653-0800: 21.131: [Full GC (Allocation Failure) 2021-01-22T19:39:18.653-0800: 21.131: [Tenured: 349487K->349397K(349568K), 0.0550836 secs] 506430K->376220K(506816K), [Metaspace: 2698K->2698K(1056768K)], 0.0552036 secs] [Times: user=0.05 sys=0.00, real=0.05 secs] 
2021-01-22T19:39:18.724-0800: 21.202: [Full GC (Allocation Failure) 2021-01-22T19:39:18.724-0800: 21.202: [Tenured: 349397K->349416K(349568K), 0.0255879 secs] 506512K->393407K(506816K), [Metaspace: 2698K->2698K(1056768K)], 0.0256912 secs] [Times: user=0.03 sys=0.00, real=0.02 secs] 
2021-01-22T19:39:18.764-0800: 21.242: [Full GC (Allocation Failure) 2021-01-22T19:39:18.764-0800: 21.242: [Tenured: 349416K->349283K(349568K), 0.0380058 secs] 506365K->394715K(506816K), [Metaspace: 2698K->2698K(1056768K)], 0.0381017 secs] [Times: user=0.04 sys=0.00, real=0.04 secs] 
2021-01-22T19:39:18.817-0800: 21.295: [Full GC (Allocation Failure) 2021-01-22T19:39:18.817-0800: 21.295: [Tenured: 349283K->349338K(349568K), 0.0483630 secs] 506289K->399046K(506816K), [Metaspace: 2698K->2698K(1056768K)], 0.0485508 secs] [Times: user=0.05 sys=0.01, real=0.05 secs] 
2021-01-22T19:39:18.880-0800: 21.359: [Full GC (Allocation Failure) 2021-01-22T19:39:18.880-0800: 21.359: [Tenured: 349338K->349508K(349568K), 0.0514670 secs] 506557K->382271K(506816K), [Metaspace: 2698K->2698K(1056768K)], 0.0515893 secs] [Times: user=0.05 sys=0.00, real=0.05 secs] 
2021-01-22T19:39:18.948-0800: 21.426: [Full GC (Allocation Failure) 2021-01-22T19:39:18.948-0800: 21.426: [Tenured: 349508K->349512K(349568K), 0.0312699 secs] 506619K->398518K(506816K), [Metaspace: 2698K->2698K(1056768K)], 0.0314242 secs] [Times: user=0.03 sys=0.00, real=0.03 secs] 
2021-01-22T19:39:18.993-0800: 21.472: [Full GC (Allocation Failure) 2021-01-22T19:39:18.993-0800: 21.472: [Tenured: 349512K->349560K(349568K), 0.0413840 secs] 506688K->399177K(506816K), [Metaspace: 2698K->2698K(1056768K)], 0.0415255 secs] [Times: user=0.04 sys=0.00, real=0.04 secs] 
2021-01-22T19:39:19.050-0800: 21.529: [Full GC (Allocation Failure) 2021-01-22T19:39:19.050-0800: 21.529: [Tenured: 349560K->349366K(349568K), 0.0415010 secs] 506742K->397430K(506816K), [Metaspace: 2698K->2698K(1056768K)], 0.0415971 secs] [Times: user=0.05 sys=0.00, real=0.04 secs] 
2021-01-22T19:39:19.105-0800: 21.584: [Full GC (Allocation Failure) 2021-01-22T19:39:19.105-0800: 21.584: [Tenured: 349366K->349355K(349568K), 0.0461772 secs] 506359K->384647K(506816K), [Metaspace: 2698K->2698K(1056768K)], 0.0462796 secs] [Times: user=0.04 sys=0.00, real=0.05 secs] 
2021-01-22T19:39:19.166-0800: 21.644: [Full GC (Allocation Failure) 2021-01-22T19:39:19.166-0800: 21.644: [Tenured: 349499K->349556K(349568K), 0.0323692 secs] 506638K->395393K(506816K), [Metaspace: 2698K->2698K(1056768K)], 0.0324760 secs] [Times: user=0.03 sys=0.00, real=0.03 secs] 
2021-01-22T19:39:19.211-0800: 21.689: [Full GC (Allocation Failure) 2021-01-22T19:39:19.211-0800: 21.689: [Tenured: 349556K->349443K(349568K), 0.0401836 secs] 506366K->400311K(506816K), [Metaspace: 2698K->2698K(1056768K)], 0.0402872 secs] [Times: user=0.04 sys=0.00, real=0.04 secs] 
2021-01-22T19:39:19.267-0800: 21.745: [Full GC (Allocation Failure) 2021-01-22T19:39:19.267-0800: 21.745: [Tenured: 349443K->349462K(349568K), 0.0412048 secs] 506569K->405814K(506816K), [Metaspace: 2698K->2698K(1056768K)], 0.0413240 secs] [Times: user=0.04 sys=0.00, real=0.04 secs] 
2021-01-22T19:39:19.320-0800: 21.799: [Full GC (Allocation Failure) 2021-01-22T19:39:19.320-0800: 21.799: [Tenured: 349462K->349438K(349568K), 0.0472056 secs] 506261K->384181K(506816K), [Metaspace: 2698K->2698K(1056768K)], 0.0473018 secs] [Times: user=0.05 sys=0.00, real=0.04 secs] 
2021-01-22T19:39:19.383-0800: 21.861: [Full GC (Allocation Failure) 2021-01-22T19:39:19.383-0800: 21.861: [Tenured: 349438K->349237K(349568K), 0.0271967 secs] 506609K->394605K(506816K), [Metaspace: 2698K->2698K(1056768K)], 0.0273068 secs] [Times: user=0.03 sys=0.00, real=0.03 secs] 
2021-01-22T19:39:19.424-0800: 21.902: [Full GC (Allocation Failure) 2021-01-22T19:39:19.424-0800: 21.902: [Tenured: 349237K->349165K(349568K), 0.0484204 secs] 506329K->397787K(506816K), [Metaspace: 2698K->2698K(1056768K)], 0.0485315 secs] [Times: user=0.05 sys=0.00, real=0.05 secs] 
2021-01-22T19:39:19.490-0800: 21.968: [Full GC (Allocation Failure) 2021-01-22T19:39:19.490-0800: 21.968: [Tenured: 349561K->349539K(349568K), 0.0474059 secs] 506778K->399990K(506816K), [Metaspace: 2698K->2698K(1056768K)], 0.0475049 secs] [Times: user=0.05 sys=0.00, real=0.04 secs] 
2021-01-22T19:39:19.552-0800: 22.031: [Full GC (Allocation Failure) 2021-01-22T19:39:19.553-0800: 22.031: [Tenured: 349539K->349313K(349568K), 0.0576188 secs] 506762K->383032K(506816K), [Metaspace: 2698K->2698K(1056768K)], 0.0577146 secs] [Times: user=0.05 sys=0.00, real=0.06 secs] 
2021-01-22T19:39:19.627-0800: 22.106: [Full GC (Allocation Failure) 2021-01-22T19:39:19.628-0800: 22.106: [Tenured: 349313K->349511K(349568K), 0.0356506 secs] 506093K->404509K(506816K), [Metaspace: 2698K->2698K(1056768K)], 0.0358044 secs] [Times: user=0.03 sys=0.00, real=0.04 secs] 
2021-01-22T19:39:19.679-0800: 22.158: [Full GC (Allocation Failure) 2021-01-22T19:39:19.679-0800: 22.158: [Tenured: 349511K->349224K(349568K), 0.0454230 secs] 506649K->401257K(506816K), [Metaspace: 2698K->2698K(1056768K)], 0.0455505 secs] [Times: user=0.04 sys=0.00, real=0.05 secs] 
2021-01-22T19:39:19.739-0800: 22.218: [Full GC (Allocation Failure) 2021-01-22T19:39:19.739-0800: 22.218: [Tenured: 349506K->349532K(349568K), 0.0504278 secs] 506735K->406254K(506816K), [Metaspace: 2698K->2698K(1056768K)], 0.0505402 secs] [Times: user=0.05 sys=0.00, real=0.06 secs] 
2021-01-22T19:39:19.807-0800: 22.286: [Full GC (Allocation Failure) 2021-01-22T19:39:19.807-0800: 22.286: [Tenured: 349532K->348932K(349568K), 0.0611852 secs] 506415K->388780K(506816K), [Metaspace: 2698K->2698K(1056768K)], 0.0612954 secs] [Times: user=0.06 sys=0.00, real=0.06 secs] 
2021-01-22T19:39:19.884-0800: 22.362: [Full GC (Allocation Failure) 2021-01-22T19:39:19.884-0800: 22.362: [Tenured: 349515K->349295K(349568K), 0.0264637 secs] 506682K->402096K(506816K), [Metaspace: 2698K->2698K(1056768K)], 0.0265673 secs] [Times: user=0.03 sys=0.00, real=0.03 secs] 
2021-01-22T19:39:19.923-0800: 22.401: [Full GC (Allocation Failure) 2021-01-22T19:39:19.923-0800: 22.401: [Tenured: 349295K->349457K(349568K), 0.0387303 secs] 506243K->408834K(506816K), [Metaspace: 2698K->2698K(1056768K)], 0.0388259 secs] [Times: user=0.04 sys=0.00, real=0.04 secs] 
2021-01-22T19:39:19.975-0800: 22.453: [Full GC (Allocation Failure) 2021-01-22T19:39:19.975-0800: 22.454: [Tenured: 349457K->349072K(349568K), 0.0423362 secs] 506583K->403474K(506816K), [Metaspace: 2698K->2698K(1056768K)], 0.0424404 secs] [Times: user=0.04 sys=0.00, real=0.04 secs] 
2021-01-22T19:39:20.030-0800: 22.509: [Full GC (Allocation Failure) 2021-01-22T19:39:20.030-0800: 22.509: [Tenured: 349315K->349445K(349568K), 0.0478268 secs] 506425K->384533K(506816K), [Metaspace: 2698K->2698K(1056768K)], 0.0479300 secs] [Times: user=0.04 sys=0.00, real=0.04 secs] 
2021-01-22T19:39:20.093-0800: 22.572: [Full GC (Allocation Failure) 2021-01-22T19:39:20.093-0800: 22.572: [Tenured: 349520K->349243K(349568K), 0.0285661 secs] 506747K->392431K(506816K), [Metaspace: 2698K->2698K(1056768K)], 0.0286907 secs] [Times: user=0.03 sys=0.00, real=0.03 secs] 
2021-01-22T19:39:20.136-0800: 22.615: [Full GC (Allocation Failure) 2021-01-22T19:39:20.136-0800: 22.615: [Tenured: 349243K->349481K(349568K), 0.0389078 secs] 506321K->392055K(506816K), [Metaspace: 2698K->2698K(1056768K)], 0.0390116 secs] [Times: user=0.04 sys=0.00, real=0.04 secs] 
2021-01-22T19:39:20.191-0800: 22.670: [Full GC (Allocation Failure) 2021-01-22T19:39:20.191-0800: 22.670: [Tenured: 349481K->349465K(349568K), 0.0388677 secs] 506449K->391763K(506816K), [Metaspace: 2698K->2698K(1056768K)], 0.0389644 secs] [Times: user=0.03 sys=0.00, real=0.04 secs] 
2021-01-22T19:39:20.243-0800: 22.722: [Full GC (Allocation Failure) 2021-01-22T19:39:20.243-0800: 22.722: [Tenured: 349465K->349379K(349568K), 0.0505024 secs] 506554K->378648K(506816K), [Metaspace: 2698K->2698K(1056768K)], 0.0506013 secs] [Times: user=0.05 sys=0.01, real=0.05 secs] 
2021-01-22T19:39:20.310-0800: 22.788: [Full GC (Allocation Failure) 2021-01-22T19:39:20.310-0800: 22.788: [Tenured: 349379K->349502K(349568K), 0.0292482 secs] 506068K->390833K(506816K), [Metaspace: 2698K->2698K(1056768K)], 0.0293506 secs] [Times: user=0.03 sys=0.00, real=0.02 secs] 
2021-01-22T19:39:20.353-0800: 22.832: [Full GC (Allocation Failure) 2021-01-22T19:39:20.353-0800: 22.832: [Tenured: 349502K->349063K(349568K), 0.0376055 secs] 506673K->391187K(506816K), [Metaspace: 2698K->2698K(1056768K)], 0.0377090 secs] [Times: user=0.04 sys=0.00, real=0.04 secs] 
2021-01-22T19:39:20.405-0800: 22.884: [Full GC (Allocation Failure) 2021-01-22T19:39:20.405-0800: 22.884: [Tenured: 349386K->349462K(349568K), 0.0411899 secs] 506626K->394500K(506816K), [Metaspace: 2698K->2698K(1056768K)], 0.0412880 secs] [Times: user=0.04 sys=0.00, real=0.04 secs] 
2021-01-22T19:39:20.461-0800: 22.939: [Full GC (Allocation Failure) 2021-01-22T19:39:20.461-0800: 22.939: [Tenured: 349462K->348832K(349568K), 0.0466262 secs] 506093K->375052K(506816K), [Metaspace: 2698K->2698K(1056768K)], 0.0467422 secs] [Times: user=0.05 sys=0.00, real=0.04 secs] 
2021-01-22T19:39:20.523-0800: 23.001: [Full GC (Allocation Failure) 2021-01-22T19:39:20.523-0800: 23.002: [Tenured: 349499K->348999K(349568K), 0.0288055 secs] 506747K->393154K(506816K), [Metaspace: 2698K->2698K(1056768K)], 0.0289079 secs] [Times: user=0.03 sys=0.00, real=0.03 secs] 
2021-01-22T19:39:20.565-0800: 23.044: [Full GC (Allocation Failure) 2021-01-22T19:39:20.566-0800: 23.044: [Tenured: 348999K->349497K(349568K), 0.0371600 secs] 505846K->396352K(506816K), [Metaspace: 2698K->2698K(1056768K)], 0.0372650 secs] [Times: user=0.04 sys=0.00, real=0.04 secs] 
2021-01-22T19:39:20.615-0800: 23.094: [Full GC (Allocation Failure) 2021-01-22T19:39:20.615-0800: 23.094: [Tenured: 349497K->349387K(349568K), 0.0418361 secs] 506674K->397142K(506816K), [Metaspace: 2698K->2698K(1056768K)], 0.0419367 secs] [Times: user=0.05 sys=0.00, real=0.04 secs] 
2021-01-22T19:39:20.670-0800: 23.149: [Full GC (Allocation Failure) 2021-01-22T19:39:20.671-0800: 23.149: [Tenured: 349387K->349496K(349568K), 0.0478694 secs] 506168K->377714K(506816K), [Metaspace: 2698K->2698K(1056768K)], 0.0479794 secs] [Times: user=0.05 sys=0.00, real=0.04 secs] 
2021-01-22T19:39:20.742-0800: 23.221: [Full GC (Allocation Failure) 2021-01-22T19:39:20.742-0800: 23.221: [Tenured: 349496K->349513K(349568K), 0.0409527 secs] 506685K->397005K(506816K), [Metaspace: 2698K->2698K(1056768K)], 0.0410468 secs] [Times: user=0.03 sys=0.00, real=0.04 secs] 
2021-01-22T19:39:20.797-0800: 23.276: [Full GC (Allocation Failure) 2021-01-22T19:39:20.797-0800: 23.276: [Tenured: 349513K->349474K(349568K), 0.0463077 secs] 506283K->398329K(506816K), [Metaspace: 2698K->2698K(1056768K)], 0.0464079 secs] [Times: user=0.04 sys=0.00, real=0.05 secs] 
2021-01-22T19:39:20.857-0800: 23.336: [Full GC (Allocation Failure) 2021-01-22T19:39:20.857-0800: 23.336: [Tenured: 349474K->349537K(349568K), 0.0423363 secs] 506512K->392759K(506816K), [Metaspace: 2698K->2698K(1056768K)], 0.0424514 secs] [Times: user=0.05 sys=0.00, real=0.05 secs] 
2021-01-22T19:39:20.914-0800: 23.392: [Full GC (Allocation Failure) 2021-01-22T19:39:20.914-0800: 23.392: [Tenured: 349537K->349561K(349568K), 0.0459541 secs] 506732K->373234K(506816K), [Metaspace: 2698K->2698K(1056768K)], 0.0460674 secs] [Times: user=0.05 sys=0.00, real=0.05 secs] 
2021-01-22T19:39:20.977-0800: 23.456: [Full GC (Allocation Failure) 2021-01-22T19:39:20.978-0800: 23.456: [Tenured: 349561K->349010K(349568K), 0.0249785 secs] 506682K->391623K(506816K), [Metaspace: 2698K->2698K(1056768K)], 0.0250754 secs] [Times: user=0.03 sys=0.00, real=0.03 secs] 
2021-01-22T19:39:21.016-0800: 23.494: [Full GC (Allocation Failure) 2021-01-22T19:39:21.016-0800: 23.494: [Tenured: 349481K->349121K(349568K), 0.0363193 secs] 506721K->395713K(506816K), [Metaspace: 2698K->2698K(1056768K)], 0.0364224 secs] [Times: user=0.04 sys=0.00, real=0.04 secs] 
2021-01-22T19:39:21.066-0800: 23.544: [Full GC (Allocation Failure) 2021-01-22T19:39:21.066-0800: 23.544: [Tenured: 349566K->349286K(349568K), 0.0429302 secs] 506800K->394175K(506816K), [Metaspace: 2698K->2698K(1056768K)], 0.0430249 secs] [Times: user=0.04 sys=0.00, real=0.04 secs] 
2021-01-22T19:39:21.126-0800: 23.605: [Full GC (Allocation Failure) 2021-01-22T19:39:21.126-0800: 23.605: [Tenured: 349286K->349229K(349568K), 0.0613495 secs] 506366K->380242K(506816K), [Metaspace: 2698K->2698K(1056768K)], 0.0614450 secs] [Times: user=0.05 sys=0.00, real=0.06 secs] 
2021-01-22T19:39:21.207-0800: 23.686: [Full GC (Allocation Failure) 2021-01-22T19:39:21.208-0800: 23.686: [Tenured: 349445K->349535K(349568K), 0.0448377 secs] 506649K->397562K(506816K), [Metaspace: 2698K->2698K(1056768K)], 0.0449933 secs] [Times: user=0.04 sys=0.00, real=0.05 secs] 
2021-01-22T19:39:21.269-0800: 23.748: [Full GC (Allocation Failure) 2021-01-22T19:39:21.269-0800: 23.748: [Tenured: 349535K->348934K(349568K), 0.0515409 secs] 506699K->402629K(506816K), [Metaspace: 2698K->2698K(1056768K)], 0.0517097 secs] [Times: user=0.04 sys=0.00, real=0.06 secs] 
2021-01-22T19:39:21.336-0800: 23.814: [Full GC (Allocation Failure) 2021-01-22T19:39:21.336-0800: 23.815: [Tenured: 349520K->349441K(349568K), 0.0580404 secs] 506687K->402078K(506816K), [Metaspace: 2698K->2698K(1056768K)], 0.0581900 secs] [Times: user=0.05 sys=0.00, real=0.06 secs] 
2021-01-22T19:39:21.410-0800: 23.889: [Full GC (Allocation Failure) 2021-01-22T19:39:21.438-0800: 23.917: [Tenured: 349441K->349312K(349568K), 0.1057142 secs] 506025K->381606K(506816K), [Metaspace: 2698K->2698K(1056768K)], 0.1331316 secs] [Times: user=0.07 sys=0.00, real=0.13 secs] 
2021-01-22T19:39:21.574-0800: 24.052: [Full GC (Allocation Failure) 2021-01-22T19:39:21.574-0800: 24.053: [Tenured: 349312K->349172K(349568K), 0.0417398 secs] 506141K->392248K(506816K), [Metaspace: 2698K->2698K(1056768K)], 0.0423346 secs] [Times: user=0.03 sys=0.00, real=0.04 secs] 
2021-01-22T19:39:21.637-0800: 24.116: [Full GC (Allocation Failure) 2021-01-22T19:39:21.637-0800: 24.116: [Tenured: 349564K->349376K(349568K), 0.0451293 secs] 506811K->392921K(506816K), [Metaspace: 2698K->2698K(1056768K)], 0.0452419 secs] [Times: user=0.04 sys=0.00, real=0.05 secs] 
2021-01-22T19:39:21.696-0800: 24.175: [Full GC (Allocation Failure) 2021-01-22T19:39:21.697-0800: 24.175: [Tenured: 349529K->349049K(349568K), 0.0411112 secs] 506734K->386676K(506816K), [Metaspace: 2698K->2698K(1056768K)], 0.0412131 secs] [Times: user=0.04 sys=0.00, real=0.04 secs] 
2021-01-22T19:39:21.752-0800: 24.231: [Full GC (Allocation Failure) 2021-01-22T19:39:21.752-0800: 24.231: [Tenured: 349506K->349517K(349568K), 0.0461218 secs] 506726K->362646K(506816K), [Metaspace: 2698K->2698K(1056768K)], 0.0462392 secs] [Times: user=0.05 sys=0.01, real=0.04 secs] 
2021-01-22T19:39:21.815-0800: 24.294: [Full GC (Allocation Failure) 2021-01-22T19:39:21.815-0800: 24.294: [Tenured: 349517K->349451K(349568K), 0.0327188 secs] 506507K->375655K(506816K), [Metaspace: 2698K->2698K(1056768K)], 0.0328243 secs] [Times: user=0.03 sys=0.00, real=0.03 secs] 
2021-01-22T19:39:21.863-0800: 24.342: [Full GC (Allocation Failure) 2021-01-22T19:39:21.863-0800: 24.342: [Tenured: 349451K->349232K(349568K), 0.0371648 secs] 506348K->378631K(506816K), [Metaspace: 2698K->2698K(1056768K)], 0.0372708 secs] [Times: user=0.04 sys=0.00, real=0.04 secs] 
2021-01-22T19:39:21.915-0800: 24.394: [Full GC (Allocation Failure) 2021-01-22T19:39:21.915-0800: 24.394: [Tenured: 349521K->349552K(349568K), 0.0456642 secs] 506697K->380303K(506816K), [Metaspace: 2698K->2698K(1056768K)], 0.0457680 secs] [Times: user=0.05 sys=0.00, real=0.05 secs] 
2021-01-22T19:39:21.976-0800: 24.455: [Full GC (Allocation Failure) 2021-01-22T19:39:21.976-0800: 24.455: [Tenured: 349552K->349493K(349568K), 0.0471889 secs] 506742K->365796K(506816K), [Metaspace: 2698K->2698K(1056768K)], 0.0472863 secs] [Times: user=0.05 sys=0.00, real=0.05 secs] 
2021-01-22T19:39:22.041-0800: 24.520: [Full GC (Allocation Failure) 2021-01-22T19:39:22.041-0800: 24.520: [Tenured: 349493K->349175K(349568K), 0.0313774 secs] 506675K->382404K(506816K), [Metaspace: 2698K->2698K(1056768K)], 0.0314748 secs] [Times: user=0.03 sys=0.00, real=0.03 secs] 
2021-01-22T19:39:22.089-0800: 24.568: [Full GC (Allocation Failure) 2021-01-22T19:39:22.089-0800: 24.568: [Tenured: 349391K->349500K(349568K), 0.0458023 secs] 506586K->384452K(506816K), [Metaspace: 2698K->2698K(1056768K)], 0.0459507 secs] [Times: user=0.05 sys=0.00, real=0.05 secs] 
2021-01-22T19:39:22.153-0800: 24.632: [Full GC (Allocation Failure) 2021-01-22T19:39:22.153-0800: 24.632: [Tenured: 349500K->349282K(349568K), 0.0443266 secs] 506486K->383914K(506816K), [Metaspace: 2698K->2698K(1056768K)], 0.0444421 secs] [Times: user=0.05 sys=0.00, real=0.04 secs] 
2021-01-22T19:39:22.213-0800: 24.692: [Full GC (Allocation Failure) 2021-01-22T19:39:22.213-0800: 24.692: [Tenured: 349444K->349419K(349568K), 0.0503183 secs] 506632K->368229K(506816K), [Metaspace: 2698K->2698K(1056768K)], 0.0505323 secs] [Times: user=0.05 sys=0.00, real=0.05 secs] 
2021-01-22T19:39:22.283-0800: 24.762: [Full GC (Allocation Failure) 2021-01-22T19:39:22.283-0800: 24.762: [Tenured: 349541K->349555K(349568K), 0.0303185 secs] 506723K->389040K(506816K), [Metaspace: 2698K->2698K(1056768K)], 0.0304164 secs] [Times: user=0.02 sys=0.00, real=0.03 secs] 
2021-01-22T19:39:22.327-0800: 24.806: [Full GC (Allocation Failure) 2021-01-22T19:39:22.327-0800: 24.806: [Tenured: 349555K->349443K(349568K), 0.0436573 secs] 506763K->390611K(506816K), [Metaspace: 2698K->2698K(1056768K)], 0.0437686 secs] [Times: user=0.04 sys=0.00, real=0.05 secs] 
2021-01-22T19:39:22.389-0800: 24.868: [Full GC (Allocation Failure) 2021-01-22T19:39:22.389-0800: 24.868: [Tenured: 349443K->349243K(349568K), 0.0556029 secs] 506639K->393671K(506816K), [Metaspace: 2698K->2698K(1056768K)], 0.0557234 secs] [Times: user=0.05 sys=0.00, real=0.06 secs] 
2021-01-22T19:39:22.459-0800: 24.938: [Full GC (Allocation Failure) 2021-01-22T19:39:22.459-0800: 24.938: [Tenured: 349472K->349520K(349568K), 0.0584093 secs] 506614K->379159K(506816K), [Metaspace: 2698K->2698K(1056768K)], 0.0585268 secs] [Times: user=0.05 sys=0.00, real=0.06 secs] 
2021-01-22T19:39:22.537-0800: 25.015: [Full GC (Allocation Failure) 2021-01-22T19:39:22.537-0800: 25.015: [Tenured: 349520K->349273K(349568K), 0.0379946 secs] 506229K->390787K(506816K), [Metaspace: 2698K->2698K(1056768K)], 0.0380978 secs] [Times: user=0.04 sys=0.00, real=0.04 secs] 
2021-01-22T19:39:22.589-0800: 25.068: [Full GC (Allocation Failure) 2021-01-22T19:39:22.590-0800: 25.068: [Tenured: 349273K->349381K(349568K), 0.0374819 secs] 506057K->396284K(506816K), [Metaspace: 2698K->2698K(1056768K)], 0.0376149 secs] [Times: user=0.04 sys=0.00, real=0.04 secs] 
2021-01-22T19:39:22.640-0800: 25.119: [Full GC (Allocation Failure) 2021-01-22T19:39:22.641-0800: 25.119: [Tenured: 349381K->349529K(349568K), 0.0416085 secs] 506431K->395269K(506816K), [Metaspace: 2698K->2698K(1056768K)], 0.0417240 secs] [Times: user=0.04 sys=0.00, real=0.04 secs] 
2021-01-22T19:39:22.696-0800: 25.174: [Full GC (Allocation Failure) 2021-01-22T19:39:22.696-0800: 25.174: [Tenured: 349529K->349374K(349568K), 0.0521223 secs] 506673K->380460K(506816K), [Metaspace: 2698K->2698K(1056768K)], 0.0522242 secs] [Times: user=0.05 sys=0.00, real=0.05 secs] 
2021-01-22T19:39:22.765-0800: 25.243: [Full GC (Allocation Failure) 2021-01-22T19:39:22.765-0800: 25.243: [Tenured: 349513K->349567K(349568K), 0.0380032 secs] 506758K->396245K(506816K), [Metaspace: 2698K->2698K(1056768K)], 0.0381175 secs] [Times: user=0.03 sys=0.00, real=0.04 secs] 
2021-01-22T19:39:22.817-0800: 25.296: [Full GC (Allocation Failure) 2021-01-22T19:39:22.817-0800: 25.296: [Tenured: 349567K->349240K(349568K), 0.0394217 secs] 506618K->398926K(506816K), [Metaspace: 2698K->2698K(1056768K)], 0.0395194 secs] [Times: user=0.04 sys=0.00, real=0.04 secs] 
2021-01-22T19:39:22.869-0800: 25.348: [Full GC (Allocation Failure) 2021-01-22T19:39:22.869-0800: 25.348: [Tenured: 349380K->349213K(349568K), 0.0400351 secs] 506491K->404924K(506816K), [Metaspace: 2698K->2698K(1056768K)], 0.0401345 secs] [Times: user=0.04 sys=0.00, real=0.04 secs] 
2021-01-22T19:39:22.922-0800: 25.400: [Full GC (Allocation Failure) 2021-01-22T19:39:22.922-0800: 25.400: [Tenured: 349564K->349440K(349568K), 0.0505458 secs] 506796K->383570K(506816K), [Metaspace: 2698K->2698K(1056768K)], 0.0506472 secs] [Times: user=0.05 sys=0.00, real=0.05 secs] 
2021-01-22T19:39:22.989-0800: 25.467: [Full GC (Allocation Failure) 2021-01-22T19:39:22.989-0800: 25.467: [Tenured: 349548K->349534K(349568K), 0.1002139 secs] 506785K->400392K(506816K), [Metaspace: 2698K->2698K(1056768K)], 0.1003245 secs] [Times: user=0.03 sys=0.00, real=0.10 secs] 
2021-01-22T19:39:23.105-0800: 25.584: [Full GC (Allocation Failure) 2021-01-22T19:39:23.105-0800: 25.584: [Tenured: 349534K->349535K(349568K), 0.0387879 secs] 506684K->403235K(506816K), [Metaspace: 2698K->2698K(1056768K)], 0.0388889 secs] [Times: user=0.03 sys=0.00, real=0.04 secs] 
2021-01-22T19:39:23.164-0800: 25.643: [Full GC (Allocation Failure) 2021-01-22T19:39:23.164-0800: 25.643: [Tenured: 349535K->349455K(349568K), 0.0514021 secs] 506701K->403265K(506816K), [Metaspace: 2698K->2698K(1056768K)], 0.0514992 secs] [Times: user=0.05 sys=0.00, real=0.05 secs] 
2021-01-22T19:39:23.235-0800: 25.714: [Full GC (Allocation Failure) 2021-01-22T19:39:23.235-0800: 25.714: [Tenured: 349455K->349281K(349568K), 0.0709504 secs] 506425K->378839K(506816K), [Metaspace: 2698K->2698K(1056768K)], 0.0710791 secs] [Times: user=0.07 sys=0.00, real=0.07 secs] 
2021-01-22T19:39:23.324-0800: 25.802: [Full GC (Allocation Failure) 2021-01-22T19:39:23.324-0800: 25.803: [Tenured: 349281K->349475K(349568K), 0.0363918 secs] 506000K->389837K(506816K), [Metaspace: 2698K->2698K(1056768K)], 0.0367205 secs] [Times: user=0.04 sys=0.00, real=0.04 secs] 
2021-01-22T19:39:23.377-0800: 25.856: [Full GC (Allocation Failure) 2021-01-22T19:39:23.377-0800: 25.856: [Tenured: 349475K->349382K(349568K), 0.0460100 secs] 506444K->391762K(506816K), [Metaspace: 2698K->2698K(1056768K)], 0.0461046 secs] [Times: user=0.04 sys=0.00, real=0.05 secs] 
2021-01-22T19:39:23.440-0800: 25.919: [Full GC (Allocation Failure) 2021-01-22T19:39:23.440-0800: 25.919: [Tenured: 349382K->349476K(349568K), 0.0508640 secs] 506182K->390586K(506816K), [Metaspace: 2698K->2698K(1056768K)], 0.0509882 secs] [Times: user=0.04 sys=0.00, real=0.05 secs] 
2021-01-22T19:39:23.508-0800: 25.987: [Full GC (Allocation Failure) 2021-01-22T19:39:23.508-0800: 25.987: [Tenured: 349476K->349266K(349568K), 0.0559675 secs] 506675K->372682K(506816K), [Metaspace: 2698K->2698K(1056768K)], 0.0560774 secs] [Times: user=0.05 sys=0.00, real=0.06 secs] 
2021-01-22T19:39:23.583-0800: 26.062: [Full GC (Allocation Failure) 2021-01-22T19:39:23.583-0800: 26.062: [Tenured: 349518K->349567K(349568K), 0.0307693 secs] 506740K->388271K(506816K), [Metaspace: 2698K->2698K(1056768K)], 0.0308683 secs] [Times: user=0.03 sys=0.00, real=0.03 secs] 
2021-01-22T19:39:23.629-0800: 26.107: [Full GC (Allocation Failure) 2021-01-22T19:39:23.629-0800: 26.107: [Tenured: 349567K->349557K(349568K), 0.0390595 secs] 506778K->387763K(506816K), [Metaspace: 2698K->2698K(1056768K)], 0.0392154 secs] [Times: user=0.04 sys=0.00, real=0.04 secs] 
2021-01-22T19:39:23.683-0800: 26.162: [Full GC (Allocation Failure) 2021-01-22T19:39:23.683-0800: 26.162: [Tenured: 349557K->349468K(349568K), 0.0585620 secs] 506792K->388198K(506816K), [Metaspace: 2698K->2698K(1056768K)], 0.0586598 secs] [Times: user=0.04 sys=0.01, real=0.06 secs] 
2021-01-22T19:39:23.758-0800: 26.236: [Full GC (Allocation Failure) 2021-01-22T19:39:23.758-0800: 26.237: [Tenured: 349468K->349431K(349568K), 0.0499032 secs] 506469K->373127K(506816K), [Metaspace: 2698K->2698K(1056768K)], 0.0500090 secs] [Times: user=0.05 sys=0.00, real=0.05 secs] 
2021-01-22T19:39:23.824-0800: 26.303: [Full GC (Allocation Failure) 2021-01-22T19:39:23.824-0800: 26.303: [Tenured: 349559K->349086K(349568K), 0.0267252 secs] 506804K->390430K(506816K), [Metaspace: 2698K->2698K(1056768K)], 0.0268313 secs] [Times: user=0.03 sys=0.00, real=0.03 secs] 
2021-01-22T19:39:23.866-0800: 26.345: [Full GC (Allocation Failure) 2021-01-22T19:39:23.867-0800: 26.345: [Tenured: 349280K->348835K(349568K), 0.0379647 secs] 506422K->383991K(506816K), [Metaspace: 2698K->2698K(1056768K)], 0.0380642 secs] [Times: user=0.04 sys=0.00, real=0.04 secs] 
2021-01-22T19:39:23.920-0800: 26.399: [Full GC (Allocation Failure) 2021-01-22T19:39:23.920-0800: 26.399: [Tenured: 349460K->349450K(349568K), 0.0859758 secs] 506701K->382954K(506816K), [Metaspace: 2698K->2698K(1056768K)], 0.0861105 secs] [Times: user=0.04 sys=0.00, real=0.08 secs] 
2021-01-22T19:39:24.023-0800: 26.502: [Full GC (Allocation Failure) 2021-01-22T19:39:24.023-0800: 26.502: [Tenured: 349450K->349169K(349568K), 0.0529795 secs] 506637K->365317K(506816K), [Metaspace: 2698K->2698K(1056768K)], 0.0530772 secs] [Times: user=0.05 sys=0.00, real=0.05 secs] 
2021-01-22T19:39:24.092-0800: 26.571: [Full GC (Allocation Failure) 2021-01-22T19:39:24.093-0800: 26.571: [Tenured: 349560K->349452K(349568K), 0.0290667 secs] 506781K->383610K(506816K), [Metaspace: 2698K->2698K(1056768K)], 0.0291686 secs] [Times: user=0.03 sys=0.00, real=0.03 secs] 
2021-01-22T19:39:24.138-0800: 26.616: [Full GC (Allocation Failure) 2021-01-22T19:39:24.138-0800: 26.616: [Tenured: 349452K->349431K(349568K), 0.0379522 secs] 506697K->390516K(506816K), [Metaspace: 2698K->2698K(1056768K)], 0.0380584 secs] [Times: user=0.03 sys=0.00, real=0.04 secs] 
2021-01-22T19:39:24.191-0800: 26.670: [Full GC (Allocation Failure) 2021-01-22T19:39:24.192-0800: 26.670: [Tenured: 349483K->349087K(349568K), 0.0489520 secs] 506686K->393749K(506816K), [Metaspace: 2698K->2698K(1056768K)], 0.0490596 secs] [Times: user=0.04 sys=0.00, real=0.05 secs] 
2021-01-22T19:39:24.255-0800: 26.734: [Full GC (Allocation Failure) 2021-01-22T19:39:24.255-0800: 26.734: [Tenured: 349542K->349514K(349568K), 0.0599931 secs] 506790K->374308K(506816K), [Metaspace: 2698K->2698K(1056768K)], 0.0600976 secs] [Times: user=0.05 sys=0.00, real=0.06 secs] 
2021-01-22T19:39:24.332-0800: 26.811: [Full GC (Allocation Failure) 2021-01-22T19:39:24.332-0800: 26.811: [Tenured: 349514K->349206K(349568K), 0.0399674 secs] 506709K->383099K(506816K), [Metaspace: 2698K->2698K(1056768K)], 0.0400795 secs] [Times: user=0.04 sys=0.00, real=0.04 secs] 
2021-01-22T19:39:24.391-0800: 26.869: [Full GC (Allocation Failure) 2021-01-22T19:39:24.391-0800: 26.869: [Tenured: 349530K->349170K(349568K), 0.0371845 secs] 506755K->382066K(506816K), [Metaspace: 2698K->2698K(1056768K)], 0.0372831 secs] [Times: user=0.04 sys=0.01, real=0.03 secs] 
2021-01-22T19:39:24.446-0800: 26.925: [Full GC (Allocation Failure) 2021-01-22T19:39:24.446-0800: 26.925: [Tenured: 349170K->349536K(349568K), 0.0425852 secs] 505892K->383338K(506816K), [Metaspace: 2698K->2698K(1056768K)], 0.0427037 secs] [Times: user=0.04 sys=0.00, real=0.04 secs] 
2021-01-22T19:39:24.505-0800: 26.984: [Full GC (Allocation Failure) 2021-01-22T19:39:24.505-0800: 26.984: [Tenured: 349536K->349537K(349568K), 0.0464708 secs] 506748K->367960K(506816K), [Metaspace: 2698K->2698K(1056768K)], 0.0465718 secs] [Times: user=0.05 sys=0.00, real=0.05 secs] 
2021-01-22T19:39:24.569-0800: 27.048: [Full GC (Allocation Failure) 2021-01-22T19:39:24.569-0800: 27.048: [Tenured: 349537K->349532K(349568K), 0.0333265 secs] 506170K->384941K(506816K), [Metaspace: 2698K->2698K(1056768K)], 0.0334427 secs] [Times: user=0.03 sys=0.00, real=0.04 secs] 
2021-01-22T19:39:24.617-0800: 27.095: [Full GC (Allocation Failure) 2021-01-22T19:39:24.617-0800: 27.095: [Tenured: 349532K->349448K(349568K), 0.0386171 secs] 506163K->383828K(506816K), [Metaspace: 2698K->2698K(1056768K)], 0.0387165 secs] [Times: user=0.04 sys=0.00, real=0.04 secs] 
2021-01-22T19:39:24.669-0800: 27.148: [Full GC (Allocation Failure) 2021-01-22T19:39:24.670-0800: 27.148: [Tenured: 349448K->349043K(349568K), 0.0398312 secs] 506608K->383899K(506816K), [Metaspace: 2698K->2698K(1056768K)], 0.0399386 secs] [Times: user=0.04 sys=0.00, real=0.04 secs] 
2021-01-22T19:39:24.723-0800: 27.202: [Full GC (Allocation Failure) 2021-01-22T19:39:24.723-0800: 27.202: [Tenured: 349539K->349540K(349568K), 0.0451228 secs] 506786K->370736K(506816K), [Metaspace: 2698K->2698K(1056768K)], 0.0452219 secs] [Times: user=0.04 sys=0.00, real=0.04 secs] 
2021-01-22T19:39:24.784-0800: 27.263: [Full GC (Allocation Failure) 2021-01-22T19:39:24.784-0800: 27.263: [Tenured: 349540K->349437K(349568K), 0.0284700 secs] 506737K->392696K(506816K), [Metaspace: 2698K->2698K(1056768K)], 0.0285728 secs] [Times: user=0.03 sys=0.00, real=0.03 secs] 
2021-01-22T19:39:24.827-0800: 27.306: [Full GC (Allocation Failure) 2021-01-22T19:39:24.827-0800: 27.306: [Tenured: 349437K->349542K(349568K), 0.0356343 secs] 506629K->391815K(506816K), [Metaspace: 2698K->2698K(1056768K)], 0.0357299 secs] [Times: user=0.04 sys=0.00, real=0.04 secs] 
2021-01-22T19:39:24.876-0800: 27.355: [Full GC (Allocation Failure) 2021-01-22T19:39:24.876-0800: 27.355: [Tenured: 349542K->349488K(349568K), 0.0395862 secs] 506744K->389707K(506816K), [Metaspace: 2698K->2698K(1056768K)], 0.0396953 secs] [Times: user=0.04 sys=0.00, real=0.04 secs] 
2021-01-22T19:39:24.929-0800: 27.408: [Full GC (Allocation Failure) 2021-01-22T19:39:24.929-0800: 27.408: [Tenured: 349488K->348875K(349568K), 0.0492192 secs] 506414K->380016K(506816K), [Metaspace: 2698K->2698K(1056768K)], 0.0493179 secs] [Times: user=0.05 sys=0.00, real=0.05 secs] 
2021-01-22T19:39:25.001-0800: 27.480: [Full GC (Allocation Failure) 2021-01-22T19:39:25.001-0800: 27.480: [Tenured: 349473K->349442K(349568K), 0.0444809 secs] 506704K->396578K(506816K), [Metaspace: 2698K->2698K(1056768K)], 0.0445889 secs] [Times: user=0.04 sys=0.00, real=0.04 secs] 
2021-01-22T19:39:25.136-0800: 27.615: [Full GC (Allocation Failure) 2021-01-22T19:39:25.136-0800: 27.615: [Tenured: 349442K->349437K(349568K), 0.0475407 secs] 506432K->401750K(506816K), [Metaspace: 2698K->2698K(1056768K)], 0.0476270 secs] [Times: user=0.05 sys=0.00, real=0.05 secs] 
2021-01-22T19:39:25.201-0800: 27.680: [Full GC (Allocation Failure) 2021-01-22T19:39:25.201-0800: 27.680: [Tenured: 349437K->349225K(349568K), 0.0652878 secs] 506562K->399179K(506816K), [Metaspace: 2698K->2698K(1056768K)], 0.0653919 secs] [Times: user=0.05 sys=0.00, real=0.06 secs] 
2021-01-22T19:39:25.288-0800: 27.767: [Full GC (Allocation Failure) 2021-01-22T19:39:25.288-0800: 27.767: [Tenured: 349477K->349391K(349568K), 0.0677942 secs] 506718K->382511K(506816K), [Metaspace: 2698K->2698K(1056768K)], 0.0679044 secs] [Times: user=0.05 sys=0.01, real=0.07 secs] 
2021-01-22T19:39:25.375-0800: 27.854: [Full GC (Allocation Failure) 2021-01-22T19:39:25.375-0800: 27.854: [Tenured: 349391K->348931K(349568K), 0.0343313 secs] 506378K->395439K(506816K), [Metaspace: 2698K->2698K(1056768K)], 0.0344641 secs] [Times: user=0.03 sys=0.00, real=0.03 secs] 
2021-01-22T19:39:25.424-0800: 27.903: [Full GC (Allocation Failure) 2021-01-22T19:39:25.424-0800: 27.903: [Tenured: 349287K->349420K(349568K), 0.0443680 secs] 506295K->393973K(506816K), [Metaspace: 2698K->2698K(1056768K)], 0.0445944 secs] [Times: user=0.04 sys=0.00, real=0.04 secs] 
2021-01-22T19:39:25.482-0800: 27.961: [Full GC (Allocation Failure) 2021-01-22T19:39:25.482-0800: 27.961: [Tenured: 349541K->349510K(349568K), 0.0408135 secs] 506762K->395915K(506816K), [Metaspace: 2698K->2698K(1056768K)], 0.0409164 secs] [Times: user=0.04 sys=0.00, real=0.04 secs] 
2021-01-22T19:39:25.536-0800: 28.015: [Full GC (Allocation Failure) 2021-01-22T19:39:25.536-0800: 28.015: [Tenured: 349510K->349263K(349568K), 0.0462902 secs] 506700K->380030K(506816K), [Metaspace: 2698K->2698K(1056768K)], 0.0463952 secs] [Times: user=0.04 sys=0.00, real=0.05 secs] 
2021-01-22T19:39:25.599-0800: 28.077: [Full GC (Allocation Failure) 2021-01-22T19:39:25.599-0800: 28.077: [Tenured: 349263K->349168K(349568K), 0.0286655 secs] 506082K->393620K(506816K), [Metaspace: 2698K->2698K(1056768K)], 0.0287856 secs] [Times: user=0.03 sys=0.00, real=0.03 secs] 
2021-01-22T19:39:25.640-0800: 28.119: [Full GC (Allocation Failure) 2021-01-22T19:39:25.640-0800: 28.119: [Tenured: 349168K->348822K(349568K), 0.0550367 secs] 506311K->394155K(506816K), [Metaspace: 2698K->2698K(1056768K)], 0.0551265 secs] [Times: user=0.04 sys=0.00, real=0.05 secs] 
2021-01-22T19:39:25.711-0800: 28.190: [Full GC (Allocation Failure) 2021-01-22T19:39:25.711-0800: 28.190: [Tenured: 349524K->349079K(349568K), 0.0477326 secs] 506770K->395658K(506816K), [Metaspace: 2698K->2698K(1056768K)], 0.0478340 secs] [Times: user=0.05 sys=0.00, real=0.04 secs] 
2021-01-22T19:39:25.772-0800: 28.251: [Full GC (Allocation Failure) 2021-01-22T19:39:25.772-0800: 28.251: [Tenured: 349561K->349453K(349568K), 0.0565364 secs] 506809K->378895K(506816K), [Metaspace: 2698K->2698K(1056768K)], 0.0566350 secs] [Times: user=0.05 sys=0.00, real=0.05 secs] 
2021-01-22T19:39:25.845-0800: 28.324: [Full GC (Allocation Failure) 2021-01-22T19:39:25.845-0800: 28.324: [Tenured: 349453K->349533K(349568K), 0.0310894 secs] 506118K->395053K(506816K), [Metaspace: 2698K->2698K(1056768K)], 0.0311915 secs] [Times: user=0.02 sys=0.00, real=0.03 secs] 
2021-01-22T19:39:25.891-0800: 28.370: [Full GC (Allocation Failure) 2021-01-22T19:39:25.891-0800: 28.370: [Tenured: 349533K->349182K(349568K), 0.0379727 secs] 506651K->392733K(506816K), [Metaspace: 2698K->2698K(1056768K)], 0.0380669 secs] [Times: user=0.03 sys=0.00, real=0.03 secs] 
2021-01-22T19:39:25.946-0800: 28.424: [Full GC (Allocation Failure) 2021-01-22T19:39:25.946-0800: 28.424: [Tenured: 349499K->349469K(349568K), 0.0499642 secs] 506727K->392153K(506816K), [Metaspace: 2698K->2698K(1056768K)], 0.0500614 secs] [Times: user=0.04 sys=0.00, real=0.05 secs] 
2021-01-22T19:39:26.011-0800: 28.490: [Full GC (Allocation Failure) 2021-01-22T19:39:26.011-0800: 28.490: [Tenured: 349469K->349186K(349568K), 0.0552548 secs] 506316K->370662K(506816K), [Metaspace: 2698K->2698K(1056768K)], 0.0553560 secs] [Times: user=0.05 sys=0.01, real=0.05 secs] 
2021-01-22T19:39:26.087-0800: 28.566: [Full GC (Allocation Failure) 2021-01-22T19:39:26.087-0800: 28.566: [Tenured: 349543K->349011K(349568K), 0.0301656 secs] 506791K->392924K(506816K), [Metaspace: 2698K->2698K(1056768K)], 0.0302665 secs] [Times: user=0.03 sys=0.00, real=0.03 secs] 
2021-01-22T19:39:26.135-0800: 28.614: [Full GC (Allocation Failure) 2021-01-22T19:39:26.135-0800: 28.614: [Tenured: 349320K->349547K(349568K), 0.0383688 secs] 506564K->398394K(506816K), [Metaspace: 2698K->2698K(1056768K)], 0.0384915 secs] [Times: user=0.03 sys=0.00, real=0.04 secs] 
2021-01-22T19:39:26.186-0800: 28.665: [Full GC (Allocation Failure) 2021-01-22T19:39:26.186-0800: 28.665: [Tenured: 349547K->349543K(349568K), 0.0418548 secs] 506790K->398671K(506816K), [Metaspace: 2698K->2698K(1056768K)], 0.0419510 secs] [Times: user=0.04 sys=0.00, real=0.04 secs] 
2021-01-22T19:39:26.242-0800: 28.721: [Full GC (Allocation Failure) 2021-01-22T19:39:26.242-0800: 28.721: [Tenured: 349543K->349534K(349568K), 0.0483892 secs] 506787K->382730K(506816K), [Metaspace: 2698K->2698K(1056768K)], 0.0484930 secs] [Times: user=0.05 sys=0.00, real=0.05 secs] 
2021-01-22T19:39:26.305-0800: 28.784: [Full GC (Allocation Failure) 2021-01-22T19:39:26.305-0800: 28.784: [Tenured: 349534K->349313K(349568K), 0.0293518 secs] 506563K->401502K(506816K), [Metaspace: 2698K->2698K(1056768K)], 0.0294510 secs] [Times: user=0.03 sys=0.00, real=0.03 secs] 
2021-01-22T19:39:26.348-0800: 28.827: [Full GC (Allocation Failure) 2021-01-22T19:39:26.348-0800: 28.827: [Tenured: 349313K->349032K(349568K), 0.0392680 secs] 506401K->404768K(506816K), [Metaspace: 2698K->2698K(1056768K)], 0.0393598 secs] [Times: user=0.04 sys=0.00, real=0.04 secs] 
2021-01-22T19:39:26.400-0800: 28.879: [Full GC (Allocation Failure) 2021-01-22T19:39:26.400-0800: 28.879: [Tenured: 349464K->349548K(349568K), 0.0444892 secs] 506691K->398419K(506816K), [Metaspace: 2698K->2698K(1056768K)], 0.0446102 secs] [Times: user=0.04 sys=0.00, real=0.04 secs] 
2021-01-22T19:39:26.465-0800: 28.944: [Full GC (Allocation Failure) 2021-01-22T19:39:26.465-0800: 28.944: [Tenured: 349548K->349297K(349568K), 0.1097735 secs] 506793K->380093K(506816K), [Metaspace: 2698K->2698K(1056768K)], 0.1098726 secs] [Times: user=0.05 sys=0.00, real=0.11 secs] 
2021-01-22T19:39:26.596-0800: 29.075: [Full GC (Allocation Failure) 2021-01-22T19:39:26.596-0800: 29.075: [Tenured: 349297K->349538K(349568K), 0.0401252 secs] 506340K->396322K(506816K), [Metaspace: 2698K->2698K(1056768K)], 0.0402990 secs] [Times: user=0.04 sys=0.00, real=0.04 secs] 
2021-01-22T19:39:26.653-0800: 29.132: [Full GC (Allocation Failure) 2021-01-22T19:39:26.653-0800: 29.132: [Tenured: 349538K->349300K(349568K), 0.0471681 secs] 506676K->393870K(506816K), [Metaspace: 2698K->2698K(1056768K)], 0.0473157 secs] [Times: user=0.04 sys=0.01, real=0.05 secs] 
2021-01-22T19:39:26.722-0800: 29.200: [Full GC (Allocation Failure) 2021-01-22T19:39:26.722-0800: 29.200: [Tenured: 349450K->349502K(349568K), 0.0531820 secs] 506686K->393765K(506816K), [Metaspace: 2698K->2698K(1056768K)], 0.0532846 secs] [Times: user=0.05 sys=0.00, real=0.05 secs] 
2021-01-22T19:39:26.793-0800: 29.272: [Full GC (Allocation Failure) 2021-01-22T19:39:26.793-0800: 29.272: [Tenured: 349502K->349416K(349568K), 0.0635637 secs] 506459K->372610K(506816K), [Metaspace: 2698K->2698K(1056768K)], 0.0636652 secs] [Times: user=0.05 sys=0.00, real=0.06 secs] 
2021-01-22T19:39:26.877-0800: 29.356: [Full GC (Allocation Failure) 2021-01-22T19:39:26.877-0800: 29.356: [Tenured: 349416K->349139K(349568K), 0.0404464 secs] 506409K->382342K(506816K), [Metaspace: 2698K->2698K(1056768K)], 0.0406427 secs] [Times: user=0.04 sys=0.00, real=0.04 secs] 
2021-01-22T19:39:26.939-0800: 29.418: [Full GC (Allocation Failure) 2021-01-22T19:39:26.939-0800: 29.418: [Tenured: 349561K->349182K(349568K), 0.0441603 secs] 506797K->380415K(506816K), [Metaspace: 2698K->2698K(1056768K)], 0.0442638 secs] [Times: user=0.04 sys=0.00, real=0.05 secs] 
2021-01-22T19:39:27.002-0800: 29.481: [Full GC (Allocation Failure) 2021-01-22T19:39:27.003-0800: 29.482: [Tenured: 349434K->349489K(349568K), 0.0480586 secs] 506650K->384622K(506816K), [Metaspace: 2698K->2698K(1056768K)], 0.0482790 secs] [Times: user=0.04 sys=0.00, real=0.05 secs] 
2021-01-22T19:39:27.067-0800: 29.546: [Full GC (Allocation Failure) 2021-01-22T19:39:27.067-0800: 29.546: [Tenured: 349489K->349389K(349568K), 0.0470208 secs] 506355K->363681K(506816K), [Metaspace: 2698K->2698K(1056768K)], 0.0471134 secs] [Times: user=0.04 sys=0.00, real=0.05 secs] 
2021-01-22T19:39:27.131-0800: 29.610: [Full GC (Allocation Failure) 2021-01-22T19:39:27.131-0800: 29.610: [Tenured: 349488K->349268K(349568K), 0.0306583 secs] 506728K->383758K(506816K), [Metaspace: 2698K->2698K(1056768K)], 0.0307551 secs] [Times: user=0.03 sys=0.00, real=0.03 secs] 
2021-01-22T19:39:27.175-0800: 29.654: [Full GC (Allocation Failure) 2021-01-22T19:39:27.175-0800: 29.654: [Tenured: 349268K->349504K(349568K), 0.0374290 secs] 506260K->388031K(506816K), [Metaspace: 2698K->2698K(1056768K)], 0.0375314 secs] [Times: user=0.04 sys=0.00, real=0.04 secs] 
2021-01-22T19:39:27.227-0800: 29.706: [Full GC (Allocation Failure) 2021-01-22T19:39:27.227-0800: 29.706: [Tenured: 349545K->349564K(349568K), 0.0386312 secs] 506790K->388294K(506816K), [Metaspace: 2698K->2698K(1056768K)], 0.0387574 secs] [Times: user=0.04 sys=0.00, real=0.04 secs] 
2021-01-22T19:39:27.281-0800: 29.760: [Full GC (Allocation Failure) 2021-01-22T19:39:27.281-0800: 29.760: [Tenured: 349564K->349536K(349568K), 0.0536782 secs] 506653K->371817K(506816K), [Metaspace: 2698K->2698K(1056768K)], 0.0537819 secs] [Times: user=0.05 sys=0.00, real=0.05 secs] 
2021-01-22T19:39:27.355-0800: 29.834: [Full GC (Allocation Failure) 2021-01-22T19:39:27.355-0800: 29.834: [Tenured: 349536K->349341K(349568K), 0.0366229 secs] 506229K->391991K(506816K), [Metaspace: 2698K->2698K(1056768K)], 0.0367749 secs] [Times: user=0.04 sys=0.00, real=0.04 secs] 
2021-01-22T19:39:27.411-0800: 29.890: [Full GC (Allocation Failure) 2021-01-22T19:39:27.411-0800: 29.890: [Tenured: 349341K->349437K(349568K), 0.0536321 secs] 506343K->395610K(506816K), [Metaspace: 2698K->2698K(1056768K)], 0.0537253 secs] [Times: user=0.05 sys=0.00, real=0.05 secs] 
2021-01-22T19:39:27.482-0800: 29.961: [Full GC (Allocation Failure) 2021-01-22T19:39:27.482-0800: 29.961: [Tenured: 349437K->349482K(349568K), 0.0513698 secs] 506435K->394003K(506816K), [Metaspace: 2698K->2698K(1056768K)], 0.0514767 secs] [Times: user=0.05 sys=0.00, real=0.05 secs] 
2021-01-22T19:39:27.548-0800: 30.027: [Full GC (Allocation Failure) 2021-01-22T19:39:27.548-0800: 30.027: [Tenured: 349482K->349561K(349568K), 0.0466293 secs] 506279K->374263K(506816K), [Metaspace: 2698K->2698K(1056768K)], 0.0467349 secs] [Times: user=0.05 sys=0.00, real=0.05 secs] 
2021-01-22T19:39:27.610-0800: 30.089: [Full GC (Allocation Failure) 2021-01-22T19:39:27.610-0800: 30.089: [Tenured: 349561K->349537K(349568K), 0.0285721 secs] 506477K->395640K(506816K), [Metaspace: 2698K->2698K(1056768K)], 0.0286680 secs] [Times: user=0.03 sys=0.00, real=0.02 secs] 
2021-01-22T19:39:27.652-0800: 30.131: [Full GC (Allocation Failure) 2021-01-22T19:39:27.652-0800: 30.131: [Tenured: 349537K->349295K(349568K), 0.0425708 secs] 506778K->394395K(506816K), [Metaspace: 2698K->2698K(1056768K)], 0.0426669 secs] [Times: user=0.04 sys=0.00, real=0.04 secs] 
2021-01-22T19:39:27.710-0800: 30.189: [Full GC (Allocation Failure) 2021-01-22T19:39:27.710-0800: 30.189: [Tenured: 349295K->349436K(349568K), 0.0457108 secs] 506244K->391952K(506816K), [Metaspace: 2698K->2698K(1056768K)], 0.0458080 secs] [Times: user=0.05 sys=0.01, real=0.04 secs] 
2021-01-22T19:39:27.772-0800: 30.251: [Full GC (Allocation Failure) 2021-01-22T19:39:27.772-0800: 30.251: [Tenured: 349436K->349452K(349568K), 0.0583758 secs] 506528K->374620K(506816K), [Metaspace: 2698K->2698K(1056768K)], 0.0584669 secs] [Times: user=0.06 sys=0.00, real=0.06 secs] 
2021-01-22T19:39:27.850-0800: 30.329: [Full GC (Allocation Failure) 2021-01-22T19:39:27.850-0800: 30.329: [Tenured: 349452K->349273K(349568K), 0.0315203 secs] 506087K->391214K(506816K), [Metaspace: 2698K->2698K(1056768K)], 0.0316089 secs] [Times: user=0.03 sys=0.00, real=0.03 secs] 
2021-01-22T19:39:27.894-0800: 30.373: [Full GC (Allocation Failure) 2021-01-22T19:39:27.894-0800: 30.373: [Tenured: 349273K->349321K(349568K), 0.0388136 secs] 506456K->391689K(506816K), [Metaspace: 2698K->2698K(1056768K)], 0.0389068 secs] [Times: user=0.04 sys=0.00, real=0.04 secs] 
2021-01-22T19:39:27.948-0800: 30.427: [Full GC (Allocation Failure) 2021-01-22T19:39:27.948-0800: 30.427: [Tenured: 349560K->349249K(349568K), 0.0425813 secs] 506791K->390308K(506816K), [Metaspace: 2698K->2698K(1056768K)], 0.0426749 secs] [Times: user=0.04 sys=0.00, real=0.05 secs] 
2021-01-22T19:39:28.006-0800: 30.485: [Full GC (Allocation Failure) 2021-01-22T19:39:28.006-0800: 30.485: [Tenured: 349249K->349020K(349568K), 0.0545391 secs] 506238K->369990K(506816K), [Metaspace: 2698K->2698K(1056768K)], 0.0546310 secs] [Times: user=0.05 sys=0.00, real=0.06 secs] 
2021-01-22T19:39:28.078-0800: 30.557: [Full GC (Allocation Failure) 2021-01-22T19:39:28.078-0800: 30.557: [Tenured: 349020K->349553K(349568K), 0.0305057 secs] 505771K->380865K(506816K), [Metaspace: 2698K->2698K(1056768K)], 0.0305997 secs] [Times: user=0.03 sys=0.00, real=0.03 secs] 
2021-01-22T19:39:28.123-0800: 30.602: [Full GC (Allocation Failure) 2021-01-22T19:39:28.123-0800: 30.602: [Tenured: 349553K->349186K(349568K), 0.0366554 secs] 506789K->384068K(506816K), [Metaspace: 2698K->2698K(1056768K)], 0.0367551 secs] [Times: user=0.04 sys=0.00, real=0.04 secs] 
2021-01-22T19:39:28.174-0800: 30.653: [Full GC (Allocation Failure) 2021-01-22T19:39:28.174-0800: 30.653: [Tenured: 349474K->349192K(349568K), 0.0395619 secs] 506622K->388609K(506816K), [Metaspace: 2698K->2698K(1056768K)], 0.0396481 secs] [Times: user=0.04 sys=0.00, real=0.04 secs] 
2021-01-22T19:39:28.229-0800: 30.708: [Full GC (Allocation Failure) 2021-01-22T19:39:28.229-0800: 30.708: [Tenured: 349519K->349494K(349568K), 0.0444812 secs] 506767K->366951K(506816K), [Metaspace: 2698K->2698K(1056768K)], 0.0445760 secs] [Times: user=0.04 sys=0.00, real=0.05 secs] 
2021-01-22T19:39:28.290-0800: 30.769: [Full GC (Allocation Failure) 2021-01-22T19:39:28.290-0800: 30.769: [Tenured: 349548K->349422K(349568K), 0.0284051 secs] 506786K->378334K(506816K), [Metaspace: 2698K->2698K(1056768K)], 0.0285002 secs] [Times: user=0.03 sys=0.00, real=0.02 secs] 
2021-01-22T19:39:28.333-0800: 30.812: [Full GC (Allocation Failure) 2021-01-22T19:39:28.333-0800: 30.812: [Tenured: 349422K->349422K(349568K), 0.0369847 secs] 506194K->380223K(506816K), [Metaspace: 2698K->2698K(1056768K)], 0.0370816 secs] [Times: user=0.04 sys=0.00, real=0.04 secs] 
2021-01-22T19:39:28.386-0800: 30.865: [Full GC (Allocation Failure) 2021-01-22T19:39:28.386-0800: 30.865: [Tenured: 349422K->349034K(349568K), 0.0394414 secs] 506448K->379429K(506816K), [Metaspace: 2698K->2698K(1056768K)], 0.0395420 secs] [Times: user=0.04 sys=0.00, real=0.04 secs] 
2021-01-22T19:39:28.441-0800: 30.920: [Full GC (Allocation Failure) 2021-01-22T19:39:28.441-0800: 30.920: [Tenured: 349280K->349278K(349568K), 0.0449479 secs] 506528K->370393K(506816K), [Metaspace: 2698K->2698K(1056768K)], 0.0450574 secs] [Times: user=0.04 sys=0.00, real=0.04 secs] 
2021-01-22T19:39:28.503-0800: 30.982: [Full GC (Allocation Failure) 2021-01-22T19:39:28.503-0800: 30.982: [Tenured: 349438K->348995K(349568K), 0.0287908 secs] 506684K->387048K(506816K), [Metaspace: 2698K->2698K(1056768K)], 0.0288884 secs] [Times: user=0.03 sys=0.00, real=0.03 secs] 
2021-01-22T19:39:28.546-0800: 31.025: [Full GC (Allocation Failure) 2021-01-22T19:39:28.546-0800: 31.025: [Tenured: 348995K->349486K(349568K), 0.0368245 secs] 505714K->380975K(506816K), [Metaspace: 2698K->2698K(1056768K)], 0.0369365 secs] [Times: user=0.04 sys=0.00, real=0.04 secs] 
2021-01-22T19:39:28.599-0800: 31.078: [Full GC (Allocation Failure) 2021-01-22T19:39:28.599-0800: 31.078: [Tenured: 349486K->349030K(349568K), 0.0396033 secs] 506709K->387509K(506816K), [Metaspace: 2698K->2698K(1056768K)], 0.0397009 secs] [Times: user=0.04 sys=0.00, real=0.04 secs] 
2021-01-22T19:39:28.652-0800: 31.131: [Full GC (Allocation Failure) 2021-01-22T19:39:28.652-0800: 31.131: [Tenured: 349435K->349534K(349568K), 0.0461000 secs] 506667K->377749K(506816K), [Metaspace: 2698K->2698K(1056768K)], 0.0462072 secs] [Times: user=0.04 sys=0.00, real=0.04 secs] 
2021-01-22T19:39:28.713-0800: 31.192: [Full GC (Allocation Failure) 2021-01-22T19:39:28.713-0800: 31.192: [Tenured: 349534K->349528K(349568K), 0.0311539 secs] 506620K->397168K(506816K), [Metaspace: 2698K->2698K(1056768K)], 0.0312475 secs] [Times: user=0.03 sys=0.00, real=0.03 secs] 
2021-01-22T19:39:28.757-0800: 31.236: [Full GC (Allocation Failure) 2021-01-22T19:39:28.757-0800: 31.236: [Tenured: 349546K->348977K(349568K), 0.0384623 secs] 506782K->395984K(506816K), [Metaspace: 2698K->2698K(1056768K)], 0.0385550 secs] [Times: user=0.04 sys=0.00, real=0.04 secs] 
2021-01-22T19:39:28.808-0800: 31.287: [Full GC (Allocation Failure) 2021-01-22T19:39:28.808-0800: 31.287: [Tenured: 348977K->349339K(349568K), 0.0396942 secs] 505868K->391647K(506816K), [Metaspace: 2698K->2698K(1056768K)], 0.0397904 secs] [Times: user=0.04 sys=0.00, real=0.04 secs] 
2021-01-22T19:39:28.862-0800: 31.341: [Full GC (Allocation Failure) 2021-01-22T19:39:28.862-0800: 31.341: [Tenured: 349339K->349408K(349568K), 0.0452768 secs] 506331K->369845K(506816K), [Metaspace: 2698K->2698K(1056768K)], 0.0453686 secs] [Times: user=0.04 sys=0.01, real=0.04 secs] 
2021-01-22T19:39:28.924-0800: 31.403: [Full GC (Allocation Failure) 2021-01-22T19:39:28.924-0800: 31.403: [Tenured: 349408K->349454K(349568K), 0.0263065 secs] 506033K->386915K(506816K), [Metaspace: 2698K->2698K(1056768K)], 0.0264079 secs] [Times: user=0.02 sys=0.00, real=0.03 secs] 
2021-01-22T19:39:28.965-0800: 31.444: [Full GC (Allocation Failure) 2021-01-22T19:39:28.965-0800: 31.444: [Tenured: 349454K->349365K(349568K), 0.0365474 secs] 506442K->391062K(506816K), [Metaspace: 2698K->2698K(1056768K)], 0.0366286 secs] [Times: user=0.04 sys=0.00, real=0.04 secs] 
2021-01-22T19:39:29.015-0800: 31.494: [Full GC (Allocation Failure) 2021-01-22T19:39:29.015-0800: 31.495: [Tenured: 349365K->349443K(349568K), 0.0390784 secs] 506319K->384639K(506816K), [Metaspace: 2698K->2698K(1056768K)], 0.0391755 secs] [Times: user=0.04 sys=0.00, real=0.04 secs] 
2021-01-22T19:39:29.070-0800: 31.549: [Full GC (Allocation Failure) 2021-01-22T19:39:29.070-0800: 31.549: [Tenured: 349469K->349514K(349568K), 0.0450989 secs] 506709K->367728K(506816K), [Metaspace: 2698K->2698K(1056768K)], 0.0451953 secs] [Times: user=0.05 sys=0.00, real=0.04 secs] 
2021-01-22T19:39:29.131-0800: 31.610: [Full GC (Allocation Failure) 2021-01-22T19:39:29.131-0800: 31.610: [Tenured: 349514K->349506K(349568K), 0.0245598 secs] 506638K->390808K(506816K), [Metaspace: 2698K->2698K(1056768K)], 0.0246604 secs] [Times: user=0.03 sys=0.00, real=0.02 secs] 
2021-01-22T19:39:29.171-0800: 31.650: [Full GC (Allocation Failure) 2021-01-22T19:39:29.171-0800: 31.650: [Tenured: 349506K->349349K(349568K), 0.0357353 secs] 506719K->388950K(506816K), [Metaspace: 2698K->2698K(1056768K)], 0.0358373 secs] [Times: user=0.04 sys=0.00, real=0.03 secs] 
2021-01-22T19:39:29.222-0800: 31.701: [Full GC (Allocation Failure) 2021-01-22T19:39:29.222-0800: 31.701: [Tenured: 349493K->349268K(349568K), 0.0383303 secs] 506658K->394734K(506816K), [Metaspace: 2698K->2698K(1056768K)], 0.0384289 secs] [Times: user=0.04 sys=0.00, real=0.04 secs] 
2021-01-22T19:39:29.273-0800: 31.752: [Full GC (Allocation Failure) 2021-01-22T19:39:29.273-0800: 31.752: [Tenured: 349412K->349562K(349568K), 0.0459625 secs] 506618K->379507K(506816K), [Metaspace: 2698K->2698K(1056768K)], 0.0460541 secs] [Times: user=0.04 sys=0.00, real=0.04 secs] 
2021-01-22T19:39:29.335-0800: 31.814: [Full GC (Allocation Failure) 2021-01-22T19:39:29.335-0800: 31.814: [Tenured: 349562K->349531K(349568K), 0.0306213 secs] 506781K->394299K(506816K), [Metaspace: 2698K->2698K(1056768K)], 0.0307177 secs] [Times: user=0.03 sys=0.00, real=0.03 secs] 
2021-01-22T19:39:29.378-0800: 31.857: [Full GC (Allocation Failure) 2021-01-22T19:39:29.378-0800: 31.857: [Tenured: 349531K->349214K(349568K), 0.0391077 secs] 506515K->396276K(506816K), [Metaspace: 2698K->2698K(1056768K)], 0.0392020 secs] [Times: user=0.04 sys=0.00, real=0.04 secs] 
2021-01-22T19:39:29.431-0800: 31.910: [Full GC (Allocation Failure) 2021-01-22T19:39:29.431-0800: 31.910: [Tenured: 349374K->349344K(349568K), 0.0389415 secs] 506611K->391180K(506816K), [Metaspace: 2698K->2698K(1056768K)], 0.0390407 secs] [Times: user=0.04 sys=0.00, real=0.04 secs] 
2021-01-22T19:39:29.483-0800: 31.962: [Full GC (Allocation Failure) 2021-01-22T19:39:29.483-0800: 31.962: [Tenured: 349560K->349518K(349568K), 0.0467662 secs] 506754K->380512K(506816K), [Metaspace: 2698K->2698K(1056768K)], 0.0468713 secs] [Times: user=0.05 sys=0.00, real=0.05 secs] 
2021-01-22T19:39:29.545-0800: 32.024: [Full GC (Allocation Failure) 2021-01-22T19:39:29.545-0800: 32.024: [Tenured: 349518K->349281K(349568K), 0.0322317 secs] 506743K->396612K(506816K), [Metaspace: 2698K->2698K(1056768K)], 0.0323425 secs] [Times: user=0.03 sys=0.00, real=0.03 secs] 
2021-01-22T19:39:29.591-0800: 32.070: [Full GC (Allocation Failure) 2021-01-22T19:39:29.591-0800: 32.070: [Tenured: 349281K->349447K(349568K), 0.0378957 secs] 506320K->397109K(506816K), [Metaspace: 2698K->2698K(1056768K)], 0.0379993 secs] [Times: user=0.04 sys=0.00, real=0.03 secs] 
2021-01-22T19:39:29.642-0800: 32.121: [Full GC (Allocation Failure) 2021-01-22T19:39:29.642-0800: 32.121: [Tenured: 349447K->349450K(349568K), 0.0400186 secs] 506669K->393466K(506816K), [Metaspace: 2698K->2698K(1056768K)], 0.0401135 secs] [Times: user=0.04 sys=0.00, real=0.04 secs] 
2021-01-22T19:39:29.696-0800: 32.175: [Full GC (Allocation Failure) 2021-01-22T19:39:29.696-0800: 32.175: [Tenured: 349450K->349186K(349568K), 0.0453930 secs] 506541K->373620K(506816K), [Metaspace: 2698K->2698K(1056768K)], 0.0455002 secs] [Times: user=0.04 sys=0.00, real=0.05 secs] 
2021-01-22T19:39:29.758-0800: 32.237: [Full GC (Allocation Failure) 2021-01-22T19:39:29.758-0800: 32.237: [Tenured: 349186K->349246K(349568K), 0.0296255 secs] 505779K->393388K(506816K), [Metaspace: 2698K->2698K(1056768K)], 0.0297207 secs] [Times: user=0.03 sys=0.00, real=0.03 secs] 
2021-01-22T19:39:29.803-0800: 32.282: [Full GC (Allocation Failure) 2021-01-22T19:39:29.803-0800: 32.282: [Tenured: 349246K->349357K(349568K), 0.0361336 secs] 506312K->390260K(506816K), [Metaspace: 2698K->2698K(1056768K)], 0.0362379 secs] [Times: user=0.04 sys=0.00, real=0.03 secs] 
2021-01-22T19:39:29.853-0800: 32.332: [Full GC (Allocation Failure) 2021-01-22T19:39:29.853-0800: 32.332: [Tenured: 349357K->348924K(349568K), 0.0385469 secs] 506492K->395731K(506816K), [Metaspace: 2698K->2698K(1056768K)], 0.0386482 secs] [Times: user=0.04 sys=0.00, real=0.04 secs] 
2021-01-22T19:39:29.905-0800: 32.384: [Full GC (Allocation Failure) 2021-01-22T19:39:29.905-0800: 32.384: [Tenured: 349238K->349313K(349568K), 0.0467173 secs] 506174K->377654K(506816K), [Metaspace: 2698K->2698K(1056768K)], 0.0468221 secs] [Times: user=0.05 sys=0.00, real=0.05 secs] 
2021-01-22T19:39:29.968-0800: 32.447: [Full GC (Allocation Failure) 2021-01-22T19:39:29.968-0800: 32.447: [Tenured: 349503K->349418K(349568K), 0.0288680 secs] 506717K->392455K(506816K), [Metaspace: 2698K->2698K(1056768K)], 0.0289658 secs] [Times: user=0.02 sys=0.00, real=0.03 secs] 
2021-01-22T19:39:30.010-0800: 32.489: [Full GC (Allocation Failure) 2021-01-22T19:39:30.010-0800: 32.489: [Tenured: 349418K->349490K(349568K), 0.0399227 secs] 506426K->395521K(506816K), [Metaspace: 2698K->2698K(1056768K)], 0.0400369 secs] [Times: user=0.04 sys=0.00, real=0.04 secs] 
2021-01-22T19:39:30.064-0800: 32.543: [Full GC (Allocation Failure) 2021-01-22T19:39:30.064-0800: 32.543: [Tenured: 349490K->349364K(349568K), 0.0434731 secs] 506326K->398377K(506816K), [Metaspace: 2698K->2698K(1056768K)], 0.0437293 secs] [Times: user=0.04 sys=0.00, real=0.04 secs] 
2021-01-22T19:39:30.122-0800: 32.601: [Full GC (Allocation Failure) 2021-01-22T19:39:30.122-0800: 32.601: [Tenured: 349364K->349445K(349568K), 0.0498006 secs] 506531K->382138K(506816K), [Metaspace: 2698K->2698K(1056768K)], 0.0499055 secs] [Times: user=0.05 sys=0.00, real=0.05 secs] 
2021-01-22T19:39:30.188-0800: 32.667: [Full GC (Allocation Failure) 2021-01-22T19:39:30.188-0800: 32.667: [Tenured: 349445K->349539K(349568K), 0.0322395 secs] 506072K->394360K(506816K), [Metaspace: 2698K->2698K(1056768K)], 0.0323374 secs] [Times: user=0.03 sys=0.00, real=0.04 secs] 
2021-01-22T19:39:30.236-0800: 32.715: [Full GC (Allocation Failure) 2021-01-22T19:39:30.236-0800: 32.715: [Tenured: 349539K->349495K(349568K), 0.0386520 secs] 506753K->398899K(506816K), [Metaspace: 2698K->2698K(1056768K)], 0.0387621 secs] [Times: user=0.04 sys=0.00, real=0.04 secs] 
2021-01-22T19:39:30.287-0800: 32.766: [Full GC (Allocation Failure) 2021-01-22T19:39:30.287-0800: 32.767: [Tenured: 349549K->349473K(349568K), 0.0418189 secs] 506761K->395829K(506816K), [Metaspace: 2698K->2698K(1056768K)], 0.0419414 secs] [Times: user=0.04 sys=0.00, real=0.04 secs] 
2021-01-22T19:39:30.344-0800: 32.823: [Full GC (Allocation Failure) 2021-01-22T19:39:30.344-0800: 32.823: [Tenured: 349473K->349565K(349568K), 0.0508829 secs] 506664K->386430K(506816K), [Metaspace: 2698K->2698K(1056768K)], 0.0509917 secs] [Times: user=0.05 sys=0.00, real=0.05 secs] 
2021-01-22T19:39:30.410-0800: 32.889: [Full GC (Allocation Failure) 2021-01-22T19:39:30.410-0800: 32.889: [Tenured: 349565K->349293K(349568K), 0.0257380 secs] 506564K->406321K(506816K), [Metaspace: 2698K->2698K(1056768K)], 0.0258369 secs] [Times: user=0.02 sys=0.00, real=0.02 secs] 
2021-01-22T19:39:30.449-0800: 32.928: [Full GC (Allocation Failure) 2021-01-22T19:39:30.449-0800: 32.928: [Tenured: 349359K->349468K(349568K), 0.0392444 secs] 506600K->395733K(506816K), [Metaspace: 2698K->2698K(1056768K)], 0.0393480 secs] [Times: user=0.03 sys=0.01, real=0.04 secs] 
2021-01-22T19:39:30.502-0800: 32.981: [Full GC (Allocation Failure) 2021-01-22T19:39:30.502-0800: 32.981: [Tenured: 349535K->349485K(349568K), 0.0472365 secs] 506783K->393623K(506816K), [Metaspace: 2698K->2698K(1056768K)], 0.0473533 secs] [Times: user=0.04 sys=0.00, real=0.05 secs] 
2021-01-22T19:39:30.565-0800: 33.044: [Full GC (Allocation Failure) 2021-01-22T19:39:30.565-0800: 33.044: [Tenured: 349485K->349444K(349568K), 0.0503032 secs] 506704K->377773K(506816K), [Metaspace: 2698K->2698K(1056768K)], 0.0504088 secs] [Times: user=0.05 sys=0.00, real=0.05 secs] 
2021-01-22T19:39:30.632-0800: 33.111: [Full GC (Allocation Failure) 2021-01-22T19:39:30.632-0800: 33.111: [Tenured: 349444K->349527K(349568K), 0.0239904 secs] 506610K->395844K(506816K), [Metaspace: 2698K->2698K(1056768K)], 0.0240929 secs] [Times: user=0.03 sys=0.00, real=0.02 secs] 
2021-01-22T19:39:30.671-0800: 33.150: [Full GC (Allocation Failure) 2021-01-22T19:39:30.671-0800: 33.150: [Tenured: 349527K->349321K(349568K), 0.0440759 secs] 506741K->391511K(506816K), [Metaspace: 2698K->2698K(1056768K)], 0.0463673 secs] [Times: user=0.04 sys=0.00, real=0.04 secs] 
2021-01-22T19:39:30.734-0800: 33.213: [Full GC (Allocation Failure) 2021-01-22T19:39:30.734-0800: 33.213: [Tenured: 349321K->349507K(349568K), 0.0498912 secs] 506417K->398486K(506816K), [Metaspace: 2698K->2698K(1056768K)], 0.0499887 secs] [Times: user=0.05 sys=0.00, real=0.05 secs] 
2021-01-22T19:39:30.801-0800: 33.280: [Full GC (Allocation Failure) 2021-01-22T19:39:30.801-0800: 33.280: [Tenured: 349541K->349352K(349568K), 0.0521214 secs] 506788K->385228K(506816K), [Metaspace: 2698K->2698K(1056768K)], 0.0522222 secs] [Times: user=0.05 sys=0.00, real=0.05 secs] 
2021-01-22T19:39:30.868-0800: 33.347: [Full GC (Allocation Failure) 2021-01-22T19:39:30.868-0800: 33.347: [Tenured: 349352K->349422K(349568K), 0.0323026 secs] 506355K->396387K(506816K), [Metaspace: 2698K->2698K(1056768K)], 0.0324185 secs] [Times: user=0.03 sys=0.00, real=0.04 secs] 
2021-01-22T19:39:30.915-0800: 33.394: [Full GC (Allocation Failure) 2021-01-22T19:39:30.915-0800: 33.394: [Tenured: 349422K->349521K(349568K), 0.0392349 secs] 506494K->402461K(506816K), [Metaspace: 2698K->2698K(1056768K)], 0.0393372 secs] [Times: user=0.04 sys=0.00, real=0.04 secs] 
2021-01-22T19:39:30.967-0800: 33.446: [Full GC (Allocation Failure) 2021-01-22T19:39:30.967-0800: 33.446: [Tenured: 349521K->349038K(349568K), 0.0402673 secs] 506708K->405043K(506816K), [Metaspace: 2698K->2698K(1056768K)], 0.0403742 secs] [Times: user=0.04 sys=0.00, real=0.04 secs] 
2021-01-22T19:39:31.019-0800: 33.498: [Full GC (Allocation Failure) 2021-01-22T19:39:31.019-0800: 33.498: [Tenured: 349038K->349119K(349568K), 0.0515890 secs] 506077K->388946K(506816K), [Metaspace: 2698K->2698K(1056768K)], 0.0517010 secs] [Times: user=0.04 sys=0.01, real=0.06 secs] 
2021-01-22T19:39:31.085-0800: 33.564: [Full GC (Allocation Failure) 2021-01-22T19:39:31.085-0800: 33.564: [Tenured: 349560K->349006K(349568K), 0.0282405 secs] 506807K->409385K(506816K), [Metaspace: 2698K->2698K(1056768K)], 0.0283500 secs] [Times: user=0.03 sys=0.00, real=0.03 secs] 
2021-01-22T19:39:31.125-0800: 33.604: [Full GC (Allocation Failure) 2021-01-22T19:39:31.125-0800: 33.604: [Tenured: 349292K->349422K(349568K), 0.0381673 secs] 506489K->408895K(506816K), [Metaspace: 2698K->2698K(1056768K)], 0.0382635 secs] [Times: user=0.04 sys=0.00, real=0.04 secs] 
2021-01-22T19:39:31.175-0800: 33.654: [Full GC (Allocation Failure) 2021-01-22T19:39:31.175-0800: 33.654: [Tenured: 349557K->349009K(349568K), 0.0453985 secs] 506794K->410110K(506816K), [Metaspace: 2698K->2698K(1056768K)], 0.0455088 secs] [Times: user=0.04 sys=0.00, real=0.05 secs] 
2021-01-22T19:39:31.237-0800: 33.716: [Full GC (Allocation Failure) 2021-01-22T19:39:31.237-0800: 33.716: [Tenured: 349441K->349320K(349568K), 0.0669963 secs] 506668K->394611K(506816K), [Metaspace: 2698K->2698K(1056768K)], 0.0672500 secs] [Times: user=0.05 sys=0.00, real=0.07 secs] 
2021-01-22T19:39:31.326-0800: 33.805: [Full GC (Allocation Failure) 2021-01-22T19:39:31.326-0800: 33.805: [Tenured: 349320K->349527K(349568K), 0.0419335 secs] 506545K->410044K(506816K), [Metaspace: 2698K->2698K(1056768K)], 0.0420437 secs] [Times: user=0.03 sys=0.00, real=0.04 secs] 
2021-01-22T19:39:31.382-0800: 33.861: [Full GC (Allocation Failure) 2021-01-22T19:39:31.382-0800: 33.861: [Tenured: 349527K->349122K(349568K), 0.0489773 secs] 506662K->411814K(506816K), [Metaspace: 2698K->2698K(1056768K)], 0.0490883 secs] [Times: user=0.04 sys=0.00, real=0.05 secs] 
2021-01-22T19:39:31.444-0800: 33.923: [Full GC (Allocation Failure) 2021-01-22T19:39:31.444-0800: 33.923: [Tenured: 349406K->349537K(349568K), 0.0501749 secs] 506648K->408628K(506816K), [Metaspace: 2698K->2698K(1056768K)], 0.0502659 secs] [Times: user=0.04 sys=0.00, real=0.05 secs] 
2021-01-22T19:39:31.509-0800: 33.988: [Full GC (Allocation Failure) 2021-01-22T19:39:31.509-0800: 33.988: [Tenured: 349537K->349423K(349568K), 0.0602977 secs] 506376K->387984K(506816K), [Metaspace: 2698K->2698K(1056768K)], 0.0604040 secs] [Times: user=0.05 sys=0.01, real=0.06 secs] 
2021-01-22T19:39:31.587-0800: 34.066: [Full GC (Allocation Failure) 2021-01-22T19:39:31.587-0800: 34.067: [Tenured: 349423K->349376K(349568K), 0.0314541 secs] 506616K->402223K(506816K), [Metaspace: 2698K->2698K(1056768K)], 0.0315697 secs] [Times: user=0.03 sys=0.00, real=0.03 secs] 
2021-01-22T19:39:31.634-0800: 34.113: [Full GC (Allocation Failure) 2021-01-22T19:39:31.634-0800: 34.113: [Tenured: 349376K->349395K(349568K), 0.0417560 secs] 506281K->399690K(506816K), [Metaspace: 2698K->2698K(1056768K)], 0.0418571 secs] [Times: user=0.04 sys=0.00, real=0.04 secs] 
2021-01-22T19:39:31.690-0800: 34.169: [Full GC (Allocation Failure) 2021-01-22T19:39:31.690-0800: 34.169: [Tenured: 349556K->349393K(349568K), 0.0425211 secs] 506801K->404430K(506816K), [Metaspace: 2698K->2698K(1056768K)], 0.0426354 secs] [Times: user=0.04 sys=0.00, real=0.04 secs] 
2021-01-22T19:39:31.746-0800: 34.225: [Full GC (Allocation Failure) 2021-01-22T19:39:31.746-0800: 34.225: [Tenured: 349393K->349142K(349568K), 0.0491373 secs] 506497K->385544K(506816K), [Metaspace: 2698K->2698K(1056768K)], 0.0492416 secs] [Times: user=0.05 sys=0.00, real=0.05 secs] 
2021-01-22T19:39:31.809-0800: 34.288: [Full GC (Allocation Failure) 2021-01-22T19:39:31.809-0800: 34.288: [Tenured: 349430K->349518K(349568K), 0.0276731 secs] 506654K->405583K(506816K), [Metaspace: 2698K->2698K(1056768K)], 0.0277801 secs] [Times: user=0.03 sys=0.00, real=0.03 secs] 
2021-01-22T19:39:31.849-0800: 34.328: [Full GC (Allocation Failure) 2021-01-22T19:39:31.849-0800: 34.328: [Tenured: 349545K->349556K(349568K), 0.0371965 secs] 506791K->410135K(506816K), [Metaspace: 2698K->2698K(1056768K)], 0.0373032 secs] [Times: user=0.04 sys=0.00, real=0.04 secs] 
2021-01-22T19:39:31.899-0800: 34.378: [Full GC (Allocation Failure) 2021-01-22T19:39:31.899-0800: 34.378: [Tenured: 349565K->349251K(349568K), 0.0470251 secs] 506807K->406090K(506816K), [Metaspace: 2698K->2698K(1056768K)], 0.0471290 secs] [Times: user=0.05 sys=0.00, real=0.05 secs] 
2021-01-22T19:39:31.957-0800: 34.437: [Full GC (Allocation Failure) 2021-01-22T19:39:31.958-0800: 34.437: [Tenured: 349251K->349458K(349568K), 0.0491861 secs] 506383K->381662K(506816K), [Metaspace: 2698K->2698K(1056768K)], 0.0492907 secs] [Times: user=0.05 sys=0.00, real=0.05 secs] 
2021-01-22T19:39:32.022-0800: 34.501: [Full GC (Allocation Failure) 2021-01-22T19:39:32.022-0800: 34.501: [Tenured: 349530K->349523K(349568K), 0.0317613 secs] 506748K->400210K(506816K), [Metaspace: 2698K->2698K(1056768K)], 0.0318575 secs] [Times: user=0.03 sys=0.00, real=0.03 secs] 
2021-01-22T19:39:32.066-0800: 34.545: [Full GC (Allocation Failure) 2021-01-22T19:39:32.066-0800: 34.545: [Tenured: 349523K->349524K(349568K), 0.0371602 secs] 506734K->405034K(506816K), [Metaspace: 2698K->2698K(1056768K)], 0.0372607 secs] [Times: user=0.03 sys=0.00, real=0.04 secs] 
2021-01-22T19:39:32.116-0800: 34.595: [Full GC (Allocation Failure) 2021-01-22T19:39:32.116-0800: 34.595: [Tenured: 349524K->349404K(349568K), 0.0392450 secs] 506758K->405037K(506816K), [Metaspace: 2698K->2698K(1056768K)], 0.0393498 secs] [Times: user=0.04 sys=0.00, real=0.04 secs] 
2021-01-22T19:39:32.168-0800: 34.647: [Full GC (Allocation Failure) 2021-01-22T19:39:32.168-0800: 34.647: [Tenured: 349459K->349507K(349568K), 0.0482339 secs] 506689K->387264K(506816K), [Metaspace: 2698K->2698K(1056768K)], 0.0483505 secs] [Times: user=0.04 sys=0.00, real=0.05 secs] 
2021-01-22T19:39:32.230-0800: 34.710: [Full GC (Allocation Failure) 2021-01-22T19:39:32.230-0800: 34.710: [Tenured: 349507K->349412K(349568K), 0.0313271 secs] 506418K->404806K(506816K), [Metaspace: 2698K->2698K(1056768K)], 0.0314336 secs] [Times: user=0.03 sys=0.00, real=0.03 secs] 
2021-01-22T19:39:32.275-0800: 34.754: [Full GC (Allocation Failure) 2021-01-22T19:39:32.275-0800: 34.754: [Tenured: 349412K->349565K(349568K), 0.0382081 secs] 506535K->404794K(506816K), [Metaspace: 2698K->2698K(1056768K)], 0.0383300 secs] [Times: user=0.04 sys=0.00, real=0.04 secs] 
2021-01-22T19:39:32.325-0800: 34.804: [Full GC (Allocation Failure) 2021-01-22T19:39:32.325-0800: 34.804: [Tenured: 349565K->349449K(349568K), 0.0414238 secs] 506806K->409294K(506816K), [Metaspace: 2698K->2698K(1056768K)], 0.0415231 secs] [Times: user=0.04 sys=0.00, real=0.04 secs] 
2021-01-22T19:39:32.379-0800: 34.858: [Full GC (Allocation Failure) 2021-01-22T19:39:32.379-0800: 34.858: [Tenured: 349449K->349205K(349568K), 0.0487525 secs] 506568K->389845K(506816K), [Metaspace: 2698K->2698K(1056768K)], 0.0488595 secs] [Times: user=0.04 sys=0.00, real=0.05 secs] 
2021-01-22T19:39:32.443-0800: 34.922: [Full GC (Allocation Failure) 2021-01-22T19:39:32.443-0800: 34.922: [Tenured: 349561K->349546K(349568K), 0.0264325 secs] 506474K->412399K(506816K), [Metaspace: 2698K->2698K(1056768K)], 0.0265399 secs] [Times: user=0.03 sys=0.00, real=0.02 secs] 
2021-01-22T19:39:32.482-0800: 34.961: [Full GC (Allocation Failure) 2021-01-22T19:39:32.482-0800: 34.961: [Tenured: 349546K->349470K(349568K), 0.0349951 secs] 506458K->411288K(506816K), [Metaspace: 2698K->2698K(1056768K)], 0.0350976 secs] [Times: user=0.03 sys=0.00, real=0.03 secs] 
2021-01-22T19:39:32.529-0800: 35.008: [Full GC (Allocation Failure) 2021-01-22T19:39:32.529-0800: 35.008: [Tenured: 349470K->349063K(349568K), 0.0386670 secs] 506675K->414542K(506816K), [Metaspace: 2698K->2698K(1056768K)], 0.0387701 secs] [Times: user=0.04 sys=0.00, real=0.04 secs] 
2021-01-22T19:39:32.579-0800: 35.058: [Full GC (Allocation Failure) 2021-01-22T19:39:32.579-0800: 35.058: [Tenured: 349528K->349522K(349568K), 0.0483056 secs] 506693K->396738K(506816K), [Metaspace: 2698K->2698K(1056768K)], 0.0484059 secs] [Times: user=0.05 sys=0.00, real=0.05 secs] 
2021-01-22T19:39:32.641-0800: 35.121: [Full GC (Allocation Failure) 2021-01-22T19:39:32.641-0800: 35.121: [Tenured: 349558K->349511K(349568K), 0.0291743 secs] 506784K->410545K(506816K), [Metaspace: 2698K->2698K(1056768K)], 0.0292769 secs] [Times: user=0.02 sys=0.00, real=0.03 secs] 
2021-01-22T19:39:32.683-0800: 35.162: [Full GC (Allocation Failure) 2021-01-22T19:39:32.683-0800: 35.162: [Tenured: 349511K->349343K(349568K), 0.0368452 secs] 506589K->410246K(506816K), [Metaspace: 2698K->2698K(1056768K)], 0.0369523 secs] [Times: user=0.03 sys=0.00, real=0.04 secs] 
2021-01-22T19:39:32.732-0800: 35.211: [Full GC (Allocation Failure) 2021-01-22T19:39:32.732-0800: 35.211: [Tenured: 349343K->349203K(349568K), 0.0392603 secs] 506023K->409604K(506816K), [Metaspace: 2698K->2698K(1056768K)], 0.0393655 secs] [Times: user=0.03 sys=0.00, real=0.04 secs] 
2021-01-22T19:39:32.782-0800: 35.261: [Full GC (Allocation Failure) 2021-01-22T19:39:32.782-0800: 35.261: [Tenured: 349203K->349553K(349568K), 0.0477941 secs] 506363K->395733K(506816K), [Metaspace: 2698K->2698K(1056768K)], 0.0479019 secs] [Times: user=0.04 sys=0.00, real=0.05 secs] 
2021-01-22T19:39:32.843-0800: 35.322: [Full GC (Allocation Failure) 2021-01-22T19:39:32.843-0800: 35.322: [Tenured: 349553K->349505K(349568K), 0.0283073 secs] 506752K->409181K(506816K), [Metaspace: 2698K->2698K(1056768K)], 0.0284093 secs] [Times: user=0.02 sys=0.00, real=0.03 secs] 
2021-01-22T19:39:32.882-0800: 35.362: [Full GC (Allocation Failure) 2021-01-22T19:39:32.882-0800: 35.362: [Tenured: 349505K->349388K(349568K), 0.0379141 secs] 506483K->409950K(506816K), [Metaspace: 2698K->2698K(1056768K)], 0.0380205 secs] [Times: user=0.03 sys=0.00, real=0.04 secs] 
2021-01-22T19:39:32.932-0800: 35.411: [Full GC (Allocation Failure) 2021-01-22T19:39:32.932-0800: 35.411: [Tenured: 349388K->349361K(349568K), 0.0458605 secs] 506517K->409270K(506816K), [Metaspace: 2698K->2698K(1056768K)], 0.0459804 secs] [Times: user=0.05 sys=0.01, real=0.04 secs] 
2021-01-22T19:39:32.992-0800: 35.471: [Full GC (Allocation Failure) 2021-01-22T19:39:32.992-0800: 35.471: [Tenured: 349361K->349518K(349568K), 0.0504045 secs] 506317K->393387K(506816K), [Metaspace: 2698K->2698K(1056768K)], 0.0505133 secs] [Times: user=0.05 sys=0.00, real=0.05 secs] 
2021-01-22T19:39:33.056-0800: 35.535: [Full GC (Allocation Failure) 2021-01-22T19:39:33.056-0800: 35.535: [Tenured: 349518K->349405K(349568K), 0.0338468 secs] 506736K->402720K(506816K), [Metaspace: 2698K->2698K(1056768K)], 0.0339518 secs] [Times: user=0.03 sys=0.00, real=0.04 secs] 
2021-01-22T19:39:33.102-0800: 35.581: [Full GC (Allocation Failure) 2021-01-22T19:39:33.102-0800: 35.581: [Tenured: 349405K->349514K(349568K), 0.0392187 secs] 506343K->399252K(506816K), [Metaspace: 2698K->2698K(1056768K)], 0.0393236 secs] [Times: user=0.04 sys=0.00, real=0.04 secs] 
2021-01-22T19:39:33.155-0800: 35.634: [Full GC (Allocation Failure) 2021-01-22T19:39:33.155-0800: 35.634: [Tenured: 349514K->349102K(349568K), 0.0403075 secs] 506662K->396952K(506816K), [Metaspace: 2698K->2698K(1056768K)], 0.0404110 secs] [Times: user=0.04 sys=0.00, real=0.04 secs] 
2021-01-22T19:39:33.208-0800: 35.687: [Full GC (Allocation Failure) 2021-01-22T19:39:33.208-0800: 35.687: [Tenured: 349401K->349495K(349568K), 0.0465204 secs] 506442K->384330K(506816K), [Metaspace: 2698K->2698K(1056768K)], 0.0466260 secs] [Times: user=0.04 sys=0.00, real=0.05 secs] 
2021-01-22T19:39:33.269-0800: 35.748: [Full GC (Allocation Failure) 2021-01-22T19:39:33.269-0800: 35.748: [Tenured: 349495K->349219K(349568K), 0.0299987 secs] 506527K->399458K(506816K), [Metaspace: 2698K->2698K(1056768K)], 0.0301031 secs] [Times: user=0.03 sys=0.00, real=0.03 secs] 
2021-01-22T19:39:33.313-0800: 35.792: [Full GC (Allocation Failure) 2021-01-22T19:39:33.313-0800: 35.792: [Tenured: 349219K->348986K(349568K), 0.0366810 secs] 506250K->401880K(506816K), [Metaspace: 2698K->2698K(1056768K)], 0.0367903 secs] [Times: user=0.04 sys=0.00, real=0.04 secs] 
2021-01-22T19:39:33.362-0800: 35.841: [Full GC (Allocation Failure) 2021-01-22T19:39:33.362-0800: 35.841: [Tenured: 349391K->349339K(349568K), 0.0409768 secs] 506612K->407265K(506816K), [Metaspace: 2698K->2698K(1056768K)], 0.0410926 secs] [Times: user=0.04 sys=0.00, real=0.04 secs] 
2021-01-22T19:39:33.415-0800: 35.894: [Full GC (Allocation Failure) 2021-01-22T19:39:33.415-0800: 35.894: [Tenured: 349339K->349383K(349568K), 0.0477408 secs] 506583K->392610K(506816K), [Metaspace: 2698K->2698K(1056768K)], 0.0478447 secs] [Times: user=0.05 sys=0.00, real=0.05 secs] 
2021-01-22T19:39:33.477-0800: 35.956: [Full GC (Allocation Failure) 2021-01-22T19:39:33.477-0800: 35.956: [Tenured: 349383K->349520K(349568K), 0.0217512 secs] 506539K->412912K(506816K), [Metaspace: 2698K->2698K(1056768K)], 0.0218525 secs] [Times: user=0.03 sys=0.00, real=0.02 secs] 
2021-01-22T19:39:33.510-0800: 35.990: [Full GC (Allocation Failure) 2021-01-22T19:39:33.510-0800: 35.990: [Tenured: 349520K->349285K(349568K), 0.0345833 secs] 506656K->409259K(506816K), [Metaspace: 2698K->2698K(1056768K)], 0.0346901 secs] [Times: user=0.03 sys=0.00, real=0.03 secs] 
2021-01-22T19:39:33.556-0800: 36.035: [Full GC (Allocation Failure) 2021-01-22T19:39:33.556-0800: 36.035: [Tenured: 349555K->349522K(349568K), 0.0389322 secs] 506786K->407546K(506816K), [Metaspace: 2698K->2698K(1056768K)], 0.0390373 secs] [Times: user=0.04 sys=0.00, real=0.04 secs] 
2021-01-22T19:39:33.606-0800: 36.086: [Full GC (Allocation Failure) 2021-01-22T19:39:33.606-0800: 36.086: [Tenured: 349522K->349481K(349568K), 0.0473622 secs] 506409K->390007K(506816K), [Metaspace: 2698K->2698K(1056768K)], 0.0474641 secs] [Times: user=0.05 sys=0.00, real=0.05 secs] 
2021-01-22T19:39:33.669-0800: 36.148: [Full GC (Allocation Failure) 2021-01-22T19:39:33.669-0800: 36.148: [Tenured: 349481K->349524K(349568K), 0.0264193 secs] 506635K->406781K(506816K), [Metaspace: 2698K->2698K(1056768K)], 0.0265169 secs] [Times: user=0.02 sys=0.00, real=0.03 secs] 
2021-01-22T19:39:33.707-0800: 36.187: [Full GC (Allocation Failure) 2021-01-22T19:39:33.708-0800: 36.187: [Tenured: 349524K->349532K(349568K), 0.0372641 secs] 506696K->399514K(506816K), [Metaspace: 2698K->2698K(1056768K)], 0.0373647 secs] [Times: user=0.04 sys=0.00, real=0.04 secs] 
2021-01-22T19:39:33.759-0800: 36.238: [Full GC (Allocation Failure) 2021-01-22T19:39:33.759-0800: 36.238: [Tenured: 349532K->349423K(349568K), 0.0405197 secs] 506239K->396214K(506816K), [Metaspace: 2698K->2698K(1056768K)], 0.0406199 secs] [Times: user=0.04 sys=0.00, real=0.05 secs] 
2021-01-22T19:39:33.813-0800: 36.293: [Full GC (Allocation Failure) 2021-01-22T19:39:33.814-0800: 36.293: [Tenured: 349531K->349421K(349568K), 0.0580455 secs] 506760K->379759K(506816K), [Metaspace: 2698K->2698K(1056768K)], 0.0581443 secs] [Times: user=0.05 sys=0.00, real=0.06 secs] 
2021-01-22T19:39:33.890-0800: 36.369: [Full GC (Allocation Failure) 2021-01-22T19:39:33.890-0800: 36.369: [Tenured: 349421K->349305K(349568K), 0.0351123 secs] 506580K->393717K(506816K), [Metaspace: 2698K->2698K(1056768K)], 0.0352269 secs] [Times: user=0.03 sys=0.00, real=0.03 secs] 
2021-01-22T19:39:33.942-0800: 36.422: [Full GC (Allocation Failure) 2021-01-22T19:39:33.943-0800: 36.422: [Tenured: 349388K->349044K(349568K), 0.0440011 secs] 506603K->393245K(506816K), [Metaspace: 2698K->2698K(1056768K)], 0.0441239 secs] [Times: user=0.04 sys=0.00, real=0.04 secs] 
2021-01-22T19:39:34.002-0800: 36.482: [Full GC (Allocation Failure) 2021-01-22T19:39:34.002-0800: 36.482: [Tenured: 349474K->349282K(349568K), 0.0462823 secs] 506720K->394592K(506816K), [Metaspace: 2698K->2698K(1056768K)], 0.0463977 secs] [Times: user=0.04 sys=0.01, real=0.04 secs] 
2021-01-22T19:39:34.065-0800: 36.544: [Full GC (Allocation Failure) 2021-01-22T19:39:34.065-0800: 36.544: [Tenured: 349554K->349459K(349568K), 0.0533082 secs] 506792K->379137K(506816K), [Metaspace: 2698K->2698K(1056768K)], 0.0534175 secs] [Times: user=0.05 sys=0.00, real=0.05 secs] 
2021-01-22T19:39:34.149-0800: 36.628: [Full GC (Allocation Failure) 2021-01-22T19:39:34.149-0800: 36.629: [Tenured: 349513K->349387K(349568K), 0.0376612 secs] 506759K->391818K(506816K), [Metaspace: 2698K->2698K(1056768K)], 0.0377875 secs] [Times: user=0.03 sys=0.00, real=0.04 secs] 
2021-01-22T19:39:34.204-0800: 36.683: [Full GC (Allocation Failure) 2021-01-22T19:39:34.204-0800: 36.683: [Tenured: 349531K->349484K(349568K), 0.0430004 secs] 506768K->397477K(506816K), [Metaspace: 2698K->2698K(1056768K)], 0.0431449 secs] [Times: user=0.04 sys=0.00, real=0.04 secs] 
2021-01-22T19:39:34.262-0800: 36.741: [Full GC (Allocation Failure) 2021-01-22T19:39:34.262-0800: 36.741: [Tenured: 349484K->349429K(349568K), 0.0413812 secs] 506707K->398303K(506816K), [Metaspace: 2698K->2698K(1056768K)], 0.0414845 secs] [Times: user=0.04 sys=0.00, real=0.04 secs] 
2021-01-22T19:39:34.316-0800: 36.796: [Full GC (Allocation Failure) 2021-01-22T19:39:34.317-0800: 36.796: [Tenured: 349429K->349512K(349568K), 0.0471934 secs] 506608K->377186K(506816K), [Metaspace: 2698K->2698K(1056768K)], 0.0472929 secs] [Times: user=0.05 sys=0.00, real=0.05 secs] 
2021-01-22T19:39:34.380-0800: 36.859: [Full GC (Allocation Failure) 2021-01-22T19:39:34.380-0800: 36.859: [Tenured: 349512K->349043K(349568K), 0.0257770 secs] 506702K->398133K(506816K), [Metaspace: 2698K->2698K(1056768K)], 0.0258781 secs] [Times: user=0.03 sys=0.00, real=0.02 secs] 
2021-01-22T19:39:34.418-0800: 36.898: [Full GC (Allocation Failure) 2021-01-22T19:39:34.418-0800: 36.898: [Tenured: 349495K->349459K(349568K), 0.0391723 secs] 506743K->399773K(506816K), [Metaspace: 2698K->2698K(1056768K)], 0.0392657 secs] [Times: user=0.04 sys=0.00, real=0.04 secs] 
2021-01-22T19:39:34.472-0800: 36.951: [Full GC (Allocation Failure) 2021-01-22T19:39:34.472-0800: 36.951: [Tenured: 349459K->349422K(349568K), 0.0408270 secs] 506443K->397874K(506816K), [Metaspace: 2698K->2698K(1056768K)], 0.0409288 secs] [Times: user=0.04 sys=0.00, real=0.04 secs] 
2021-01-22T19:39:34.528-0800: 37.007: [Full GC (Allocation Failure) 2021-01-22T19:39:34.528-0800: 37.007: [Tenured: 349566K->349208K(349568K), 0.0598014 secs] 506707K->379383K(506816K), [Metaspace: 2698K->2698K(1056768K)], 0.0600530 secs] [Times: user=0.05 sys=0.00, real=0.06 secs] 
2021-01-22T19:39:34.609-0800: 37.088: [Full GC (Allocation Failure) 2021-01-22T19:39:34.609-0800: 37.088: [Tenured: 349352K->349278K(349568K), 0.0534735 secs] 506588K->403659K(506816K), [Metaspace: 2698K->2698K(1056768K)], 0.0535763 secs] [Times: user=0.04 sys=0.01, real=0.06 secs] 
2021-01-22T19:39:34.684-0800: 37.163: [Full GC (Allocation Failure) 2021-01-22T19:39:34.684-0800: 37.164: [Tenured: 349278K->349480K(349568K), 0.0780127 secs] 506148K->400725K(506816K), [Metaspace: 2698K->2698K(1056768K)], 0.0781324 secs] [Times: user=0.05 sys=0.01, real=0.08 secs] 
2021-01-22T19:39:34.785-0800: 37.264: [Full GC (Allocation Failure) 2021-01-22T19:39:34.785-0800: 37.264: [Tenured: 349480K->349540K(349568K), 0.0555428 secs] 506590K->404384K(506816K), [Metaspace: 2698K->2698K(1056768K)], 0.0556456 secs] [Times: user=0.04 sys=0.00, real=0.06 secs] 
2021-01-22T19:39:34.855-0800: 37.334: [Full GC (Allocation Failure) 2021-01-22T19:39:34.855-0800: 37.334: [Tenured: 349540K->349498K(349568K), 0.0512791 secs] 506723K->392003K(506816K), [Metaspace: 2698K->2698K(1056768K)], 0.0513826 secs] [Times: user=0.05 sys=0.00, real=0.05 secs] 
2021-01-22T19:39:34.922-0800: 37.401: [Full GC (Allocation Failure) 2021-01-22T19:39:34.922-0800: 37.401: [Tenured: 349498K->349319K(349568K), 0.0304685 secs] 506575K->410577K(506816K), [Metaspace: 2698K->2698K(1056768K)], 0.0305730 secs] [Times: user=0.03 sys=0.00, real=0.03 secs] 
2021-01-22T19:39:34.964-0800: 37.444: [Full GC (Allocation Failure) 2021-01-22T19:39:34.965-0800: 37.444: [Tenured: 349319K->349453K(349568K), 0.0382915 secs] 506387K->406388K(506816K), [Metaspace: 2698K->2698K(1056768K)], 0.0384104 secs] [Times: user=0.04 sys=0.00, real=0.04 secs] 
2021-01-22T19:39:35.016-0800: 37.495: [Full GC (Allocation Failure) 2021-01-22T19:39:35.016-0800: 37.495: [Tenured: 349525K->349160K(349568K), 0.0413694 secs] 506750K->408330K(506816K), [Metaspace: 2698K->2698K(1056768K)], 0.0414685 secs] [Times: user=0.05 sys=0.00, real=0.04 secs] 
2021-01-22T19:39:35.071-0800: 37.550: [Full GC (Allocation Failure) 2021-01-22T19:39:35.071-0800: 37.550: [Tenured: 349448K->349191K(349568K), 0.0543259 secs] 506542K->389210K(506816K), [Metaspace: 2698K->2698K(1056768K)], 0.0544468 secs] [Times: user=0.05 sys=0.00, real=0.05 secs] 
2021-01-22T19:39:35.148-0800: 37.627: [Full GC (Allocation Failure) 2021-01-22T19:39:35.148-0800: 37.628: [Tenured: 349452K->348848K(349568K), 0.0479037 secs] 506653K->400189K(506816K), [Metaspace: 2698K->2698K(1056768K)], 0.0483039 secs] [Times: user=0.03 sys=0.00, real=0.05 secs] 
2021-01-22T19:39:35.216-0800: 37.695: [Full GC (Allocation Failure) 2021-01-22T19:39:35.216-0800: 37.695: [Tenured: 349504K->348905K(349568K), 0.0497877 secs] 506751K->398354K(506816K), [Metaspace: 2698K->2698K(1056768K)], 0.0499698 secs] [Times: user=0.05 sys=0.00, real=0.05 secs] 
2021-01-22T19:39:35.279-0800: 37.758: [Full GC (Allocation Failure) 2021-01-22T19:39:35.279-0800: 37.758: [Tenured: 349561K->349509K(349568K), 0.0495805 secs] 506808K->398591K(506816K), [Metaspace: 2698K->2698K(1056768K)], 0.0496863 secs] [Times: user=0.05 sys=0.01, real=0.05 secs] 
2021-01-22T19:39:35.344-0800: 37.823: [Full GC (Allocation Failure) 2021-01-22T19:39:35.344-0800: 37.823: [Tenured: 349545K->349505K(349568K), 0.0556869 secs] 506791K->385527K(506816K), [Metaspace: 2698K->2698K(1056768K)], 0.0560031 secs] [Times: user=0.05 sys=0.00, real=0.06 secs] 
2021-01-22T19:39:35.416-0800: 37.895: [Full GC (Allocation Failure) 2021-01-22T19:39:35.416-0800: 37.895: [Tenured: 349505K->349130K(349568K), 0.0265405 secs] 506497K->403732K(506816K), [Metaspace: 2698K->2698K(1056768K)], 0.0266345 secs] [Times: user=0.02 sys=0.00, real=0.03 secs] 
2021-01-22T19:39:35.456-0800: 37.935: [Full GC (Allocation Failure) 2021-01-22T19:39:35.456-0800: 37.935: [Tenured: 349411K->349367K(349568K), 0.0415328 secs] 506512K->402077K(506816K), [Metaspace: 2698K->2698K(1056768K)], 0.0416399 secs] [Times: user=0.04 sys=0.00, real=0.04 secs] 
2021-01-22T19:39:35.514-0800: 37.993: [Full GC (Allocation Failure) 2021-01-22T19:39:35.514-0800: 37.993: [Tenured: 349367K->348953K(349568K), 0.0427730 secs] 506556K->391400K(506816K), [Metaspace: 2698K->2698K(1056768K)], 0.0428733 secs] [Times: user=0.04 sys=0.00, real=0.04 secs] 
2021-01-22T19:39:35.572-0800: 38.051: [Full GC (Allocation Failure) 2021-01-22T19:39:35.572-0800: 38.051: [Tenured: 349290K->349047K(349568K), 0.0581475 secs] 506527K->373872K(506816K), [Metaspace: 2698K->2698K(1056768K)], 0.0582549 secs] [Times: user=0.05 sys=0.00, real=0.06 secs] 
2021-01-22T19:39:35.649-0800: 38.128: [Full GC (Allocation Failure) 2021-01-22T19:39:35.649-0800: 38.128: [Tenured: 349441K->349509K(349568K), 0.0325655 secs] 506685K->398367K(506816K), [Metaspace: 2698K->2698K(1056768K)], 0.0326770 secs] [Times: user=0.03 sys=0.00, real=0.04 secs] 
2021-01-22T19:39:35.696-0800: 38.176: [Full GC (Allocation Failure) 2021-01-22T19:39:35.697-0800: 38.176: [Tenured: 349509K->349060K(349568K), 0.0488526 secs] 506478K->394869K(506816K), [Metaspace: 2698K->2698K(1056768K)], 0.0489528 secs] [Times: user=0.05 sys=0.00, real=0.05 secs] 
2021-01-22T19:39:35.761-0800: 38.241: [Full GC (Allocation Failure) 2021-01-22T19:39:35.761-0800: 38.241: [Tenured: 349060K->349396K(349568K), 0.0510185 secs] 505888K->388972K(506816K), [Metaspace: 2698K->2698K(1056768K)], 0.0511285 secs] [Times: user=0.05 sys=0.01, real=0.05 secs] 
2021-01-22T19:39:35.828-0800: 38.308: [Full GC (Allocation Failure) 2021-01-22T19:39:35.828-0800: 38.308: [Tenured: 349505K->349540K(349568K), 0.0485402 secs] 506742K->371234K(506816K), [Metaspace: 2698K->2698K(1056768K)], 0.0486600 secs] [Times: user=0.04 sys=0.00, real=0.05 secs] 
2021-01-22T19:39:35.894-0800: 38.373: [Full GC (Allocation Failure) 2021-01-22T19:39:35.894-0800: 38.373: [Tenured: 349540K->349510K(349568K), 0.0347014 secs] 506764K->394310K(506816K), [Metaspace: 2698K->2698K(1056768K)], 0.0347997 secs] [Times: user=0.03 sys=0.00, real=0.03 secs] 
2021-01-22T19:39:35.944-0800: 38.424: [Full GC (Allocation Failure) 2021-01-22T19:39:35.944-0800: 38.424: [Tenured: 349510K->349518K(349568K), 0.0554528 secs] 506645K->398308K(506816K), [Metaspace: 2698K->2698K(1056768K)], 0.0555657 secs] [Times: user=0.04 sys=0.00, real=0.06 secs] 
2021-01-22T19:39:36.022-0800: 38.501: [Full GC (Allocation Failure) 2021-01-22T19:39:36.022-0800: 38.501: [Tenured: 349518K->349266K(349568K), 0.0546533 secs] 506538K->391872K(506816K), [Metaspace: 2698K->2698K(1056768K)], 0.0547512 secs] [Times: user=0.05 sys=0.00, real=0.05 secs] 
2021-01-22T19:39:36.096-0800: 38.575: [Full GC (Allocation Failure) 2021-01-22T19:39:36.096-0800: 38.576: [Tenured: 349482K->349342K(349568K), 0.0661670 secs] 506717K->380966K(506816K), [Metaspace: 2698K->2698K(1056768K)], 0.0662726 secs] [Times: user=0.06 sys=0.00, real=0.07 secs] 
2021-01-22T19:39:36.193-0800: 38.673: [Full GC (Allocation Failure) 2021-01-22T19:39:36.194-0800: 38.673: [Tenured: 349342K->349266K(349568K), 0.0520808 secs] 506496K->402890K(506816K), [Metaspace: 2698K->2698K(1056768K)], 0.0522292 secs] [Times: user=0.04 sys=0.00, real=0.05 secs] 
2021-01-22T19:39:36.274-0800: 38.753: [Full GC (Allocation Failure) 2021-01-22T19:39:36.274-0800: 38.753: [Tenured: 349482K->349292K(349568K), 0.0846878 secs] 506664K->400395K(506816K), [Metaspace: 2698K->2698K(1056768K)], 0.0847879 secs] [Times: user=0.05 sys=0.01, real=0.08 secs] 
2021-01-22T19:39:36.388-0800: 38.867: [Full GC (Allocation Failure) 2021-01-22T19:39:36.388-0800: 38.867: [Tenured: 349526K->349330K(349568K), 0.0807447 secs] 506745K->400434K(506816K), [Metaspace: 2698K->2698K(1056768K)], 0.0808575 secs] [Times: user=0.05 sys=0.00, real=0.08 secs] 
2021-01-22T19:39:36.487-0800: 38.967: [Full GC (Allocation Failure) 2021-01-22T19:39:36.487-0800: 38.967: [Tenured: 349330K->348955K(349568K), 0.0559772 secs] 506448K->378990K(506816K), [Metaspace: 2698K->2698K(1056768K)], 0.0560698 secs] [Times: user=0.05 sys=0.00, real=0.06 secs] 
2021-01-22T19:39:36.561-0800: 39.040: [Full GC (Allocation Failure) 2021-01-22T19:39:36.561-0800: 39.040: [Tenured: 349567K->349546K(349568K), 0.0368341 secs] 506802K->400642K(506816K), [Metaspace: 2698K->2698K(1056768K)], 0.0369392 secs] [Times: user=0.03 sys=0.00, real=0.03 secs] 
2021-01-22T19:39:36.613-0800: 39.093: [Full GC (Allocation Failure) 2021-01-22T19:39:36.614-0800: 39.093: [Tenured: 349546K->349212K(349568K), 0.0787992 secs] 506642K->404460K(506816K), [Metaspace: 2698K->2698K(1056768K)], 0.0789010 secs] [Times: user=0.05 sys=0.00, real=0.08 secs] 
2021-01-22T19:39:36.710-0800: 39.190: [Full GC (Allocation Failure) 2021-01-22T19:39:36.710-0800: 39.190: [Tenured: 349388K->349159K(349568K), 0.0490289 secs] 506569K->405810K(506816K), [Metaspace: 2698K->2698K(1056768K)], 0.0491182 secs] [Times: user=0.04 sys=0.00, real=0.04 secs] 
2021-01-22T19:39:36.774-0800: 39.253: [Full GC (Allocation Failure) 2021-01-22T19:39:36.774-0800: 39.253: [Tenured: 349519K->349288K(349568K), 0.0633723 secs] 506765K->390256K(506816K), [Metaspace: 2698K->2698K(1056768K)], 0.0634609 secs] [Times: user=0.06 sys=0.00, real=0.06 secs] 
2021-01-22T19:39:36.854-0800: 39.334: [Full GC (Allocation Failure) 2021-01-22T19:39:36.854-0800: 39.334: [Tenured: 349288K->349555K(349568K), 0.0373654 secs] 506293K->404517K(506816K), [Metaspace: 2698K->2698K(1056768K)], 0.0374660 secs] [Times: user=0.04 sys=0.00, real=0.04 secs] 
2021-01-22T19:39:36.907-0800: 39.386: [Full GC (Allocation Failure) 2021-01-22T19:39:36.907-0800: 39.386: [Tenured: 349555K->349327K(349568K), 0.0558069 secs] 506772K->403622K(506816K), [Metaspace: 2698K->2698K(1056768K)], 0.0559083 secs] [Times: user=0.05 sys=0.00, real=0.06 secs] 
2021-01-22T19:39:36.978-0800: 39.458: [Full GC (Allocation Failure) 2021-01-22T19:39:36.978-0800: 39.458: [Tenured: 349327K->349542K(349568K), 0.0421016 secs] 506344K->401554K(506816K), [Metaspace: 2698K->2698K(1056768K)], 0.0422143 secs] [Times: user=0.04 sys=0.00, real=0.05 secs] 
2021-01-22T19:39:37.034-0800: 39.513: [Full GC (Allocation Failure) 2021-01-22T19:39:37.034-0800: 39.513: [Tenured: 349542K->349461K(349568K), 0.0477733 secs] 506660K->386635K(506816K), [Metaspace: 2698K->2698K(1056768K)], 0.0478778 secs] [Times: user=0.05 sys=0.00, real=0.05 secs] 
2021-01-22T19:39:37.097-0800: 39.577: [Full GC (Allocation Failure) 2021-01-22T19:39:37.097-0800: 39.577: [Tenured: 349498K->349495K(349568K), 0.0259776 secs] 506719K->401614K(506816K), [Metaspace: 2698K->2698K(1056768K)], 0.0260829 secs] [Times: user=0.02 sys=0.00, real=0.03 secs] 
2021-01-22T19:39:37.136-0800: 39.615: [Full GC (Allocation Failure) 2021-01-22T19:39:37.136-0800: 39.615: [Tenured: 349495K->349526K(349568K), 0.0357007 secs] 506621K->404445K(506816K), [Metaspace: 2698K->2698K(1056768K)], 0.0358052 secs] [Times: user=0.04 sys=0.00, real=0.04 secs] 
2021-01-22T19:39:37.184-0800: 39.664: [Full GC (Allocation Failure) 2021-01-22T19:39:37.184-0800: 39.664: [Tenured: 349562K->349235K(349568K), 0.0383168 secs] 506776K->400057K(506816K), [Metaspace: 2698K->2698K(1056768K)], 0.0384182 secs] [Times: user=0.04 sys=0.00, real=0.04 secs] 
2021-01-22T19:39:37.235-0800: 39.714: [Full GC (Allocation Failure) 2021-01-22T19:39:37.235-0800: 39.714: [Tenured: 349464K->349550K(349568K), 0.0506865 secs] 506676K->392795K(506816K), [Metaspace: 2698K->2698K(1056768K)], 0.0508065 secs] [Times: user=0.05 sys=0.00, real=0.05 secs] 
2021-01-22T19:39:37.299-0800: 39.778: [Full GC (Allocation Failure) 2021-01-22T19:39:37.299-0800: 39.778: [Tenured: 349550K->349313K(349568K), 0.0271046 secs] 506491K->409517K(506816K), [Metaspace: 2698K->2698K(1056768K)], 0.0272045 secs] [Times: user=0.02 sys=0.00, real=0.03 secs] 
2021-01-22T19:39:37.338-0800: 39.817: [Full GC (Allocation Failure) 2021-01-22T19:39:37.338-0800: 39.817: [Tenured: 349457K->349076K(349568K), 0.0358365 secs] 506589K->404203K(506816K), [Metaspace: 2698K->2698K(1056768K)], 0.0359353 secs] [Times: user=0.04 sys=0.00, real=0.04 secs] 
2021-01-22T19:39:37.385-0800: 39.865: [Full GC (Allocation Failure) 2021-01-22T19:39:37.385-0800: 39.865: [Tenured: 349076K->349483K(349568K), 0.0396814 secs] 505902K->402500K(506816K), [Metaspace: 2698K->2698K(1056768K)], 0.0397894 secs] [Times: user=0.04 sys=0.00, real=0.04 secs] 
2021-01-22T19:39:37.438-0800: 39.917: [Full GC (Allocation Failure) 2021-01-22T19:39:37.438-0800: 39.918: [Tenured: 349483K->349376K(349568K), 0.0470445 secs] 506463K->388575K(506816K), [Metaspace: 2698K->2698K(1056768K)], 0.0471505 secs] [Times: user=0.05 sys=0.00, real=0.05 secs] 
2021-01-22T19:39:37.499-0800: 39.979: [Full GC (Allocation Failure) 2021-01-22T19:39:37.499-0800: 39.979: [Tenured: 349520K->349017K(349568K), 0.0310515 secs] 506658K->407640K(506816K), [Metaspace: 2698K->2698K(1056768K)], 0.0311556 secs] [Times: user=0.04 sys=0.00, real=0.04 secs] 
2021-01-22T19:39:37.542-0800: 40.022: [Full GC (Allocation Failure) 2021-01-22T19:39:37.542-0800: 40.022: [Tenured: 349491K->349062K(349568K), 0.0387469 secs] 506738K->404855K(506816K), [Metaspace: 2698K->2698K(1056768K)], 0.0388555 secs] [Times: user=0.04 sys=0.00, real=0.04 secs] 
2021-01-22T19:39:37.593-0800: 40.072: [Full GC (Allocation Failure) 2021-01-22T19:39:37.593-0800: 40.072: [Tenured: 349242K->349424K(349568K), 0.0429318 secs] 506392K->404896K(506816K), [Metaspace: 2698K->2698K(1056768K)], 0.0430333 secs] [Times: user=0.04 sys=0.00, real=0.04 secs] 
2021-01-22T19:39:37.650-0800: 40.130: [Full GC (Allocation Failure) 2021-01-22T19:39:37.650-0800: 40.130: [Tenured: 349424K->349362K(349568K), 0.0616167 secs] 506607K->394657K(506816K), [Metaspace: 2698K->2698K(1056768K)], 0.0617210 secs] [Times: user=0.06 sys=0.00, real=0.06 secs] 
2021-01-22T19:39:37.728-0800: 40.207: [Full GC (Allocation Failure) 2021-01-22T19:39:37.728-0800: 40.208: [Tenured: 349506K->349112K(349568K), 0.0385451 secs] 506709K->407097K(506816K), [Metaspace: 2698K->2698K(1056768K)], 0.0386615 secs] [Times: user=0.03 sys=0.00, real=0.04 secs] 
2021-01-22T19:39:37.792-0800: 40.271: [Full GC (Allocation Failure) 2021-01-22T19:39:37.792-0800: 40.271: [Tenured: 349521K->349547K(349568K), 0.0574496 secs] 506768K->405231K(506816K), [Metaspace: 2698K->2698K(1056768K)], 0.0577638 secs] [Times: user=0.05 sys=0.00, real=0.06 secs] 
2021-01-22T19:39:37.865-0800: 40.344: [Full GC (Allocation Failure) 2021-01-22T19:39:37.865-0800: 40.344: [Tenured: 349547K->349563K(349568K), 0.0478268 secs] 506296K->400462K(506816K), [Metaspace: 2698K->2698K(1056768K)], 0.0481507 secs] [Times: user=0.04 sys=0.00, real=0.05 secs] 
2021-01-22T19:39:37.929-0800: 40.409: [Full GC (Allocation Failure) 2021-01-22T19:39:37.929-0800: 40.409: [Tenured: 349563K->349126K(349568K), 0.0665375 secs] 506303K->385804K(506816K), [Metaspace: 2698K->2698K(1056768K)], 0.0666606 secs] [Times: user=0.06 sys=0.00, real=0.07 secs] 
2021-01-22T19:39:38.013-0800: 40.492: [Full GC (Allocation Failure) 2021-01-22T19:39:38.013-0800: 40.492: [Tenured: 349126K->349004K(349568K), 0.0322283 secs] 506205K->407023K(506816K), [Metaspace: 2698K->2698K(1056768K)], 0.0323331 secs] [Times: user=0.03 sys=0.00, real=0.03 secs] 
2021-01-22T19:39:38.057-0800: 40.537: [Full GC (Allocation Failure) 2021-01-22T19:39:38.057-0800: 40.537: [Tenured: 349506K->348902K(349568K), 0.0380030 secs] 506745K->401118K(506816K), [Metaspace: 2698K->2698K(1056768K)], 0.0381068 secs] [Times: user=0.04 sys=0.00, real=0.04 secs] 
2021-01-22T19:39:38.107-0800: 40.587: [Full GC (Allocation Failure) 2021-01-22T19:39:38.107-0800: 40.587: [Tenured: 349139K->349552K(349568K), 0.0398410 secs] 506325K->402009K(506816K), [Metaspace: 2698K->2698K(1056768K)], 0.0399567 secs] [Times: user=0.04 sys=0.00, real=0.04 secs] 
2021-01-22T19:39:38.160-0800: 40.640: [Full GC (Allocation Failure) 2021-01-22T19:39:38.160-0800: 40.640: [Tenured: 349552K->349450K(349568K), 0.0486607 secs] 506738K->387915K(506816K), [Metaspace: 2698K->2698K(1056768K)], 0.0487638 secs] [Times: user=0.05 sys=0.01, real=0.04 secs] 
2021-01-22T19:39:38.223-0800: 40.703: [Full GC (Allocation Failure) 2021-01-22T19:39:38.223-0800: 40.703: [Tenured: 349450K->349239K(349568K), 0.0303964 secs] 506626K->407320K(506816K), [Metaspace: 2698K->2698K(1056768K)], 0.0304968 secs] [Times: user=0.03 sys=0.00, real=0.03 secs] 
2021-01-22T19:39:38.264-0800: 40.744: [Full GC (Allocation Failure) 2021-01-22T19:39:38.264-0800: 40.744: [Tenured: 349281K->349513K(349568K), 0.0386201 secs] 506524K->414249K(506816K), [Metaspace: 2698K->2698K(1056768K)], 0.0387168 secs] [Times: user=0.03 sys=0.00, real=0.04 secs] 
2021-01-22T19:39:38.314-0800: 40.794: [Full GC (Allocation Failure) 2021-01-22T19:39:38.314-0800: 40.794: [Tenured: 349513K->349336K(349568K), 0.0417171 secs] 506428K->413979K(506816K), [Metaspace: 2698K->2698K(1056768K)], 0.0418034 secs] [Times: user=0.04 sys=0.00, real=0.04 secs] 
2021-01-22T19:39:38.367-0800: 40.847: [Full GC (Allocation Failure) 2021-01-22T19:39:38.367-0800: 40.847: [Tenured: 349336K->349552K(349568K), 0.0542695 secs] 506339K->389140K(506816K), [Metaspace: 2698K->2698K(1056768K)], 0.0543601 secs] [Times: user=0.05 sys=0.00, real=0.06 secs] 
2021-01-22T19:39:38.439-0800: 40.919: [Full GC (Allocation Failure) 2021-01-22T19:39:38.439-0800: 40.919: [Tenured: 349552K->349453K(349568K), 0.0315000 secs] 506570K->401509K(506816K), [Metaspace: 2698K->2698K(1056768K)], 0.0316027 secs] [Times: user=0.03 sys=0.00, real=0.04 secs] 
2021-01-22T19:39:38.483-0800: 40.963: [Full GC (Allocation Failure) 2021-01-22T19:39:38.483-0800: 40.963: [Tenured: 349453K->349116K(349568K), 0.0391882 secs] 506566K->397869K(506816K), [Metaspace: 2698K->2698K(1056768K)], 0.0392948 secs] [Times: user=0.04 sys=0.00, real=0.04 secs] 
2021-01-22T19:39:38.536-0800: 41.015: [Full GC (Allocation Failure) 2021-01-22T19:39:38.536-0800: 41.015: [Tenured: 349559K->349513K(349568K), 0.0395407 secs] 506791K->395666K(506816K), [Metaspace: 2698K->2698K(1056768K)], 0.0396479 secs] [Times: user=0.04 sys=0.00, real=0.04 secs] 
2021-01-22T19:39:38.589-0800: 41.068: [Full GC (Allocation Failure) 2021-01-22T19:39:38.589-0800: 41.068: [Tenured: 349513K->349515K(349568K), 0.0469323 secs] 506748K->384718K(506816K), [Metaspace: 2698K->2698K(1056768K)], 0.0470358 secs] [Times: user=0.05 sys=0.00, real=0.05 secs] 
2021-01-22T19:39:38.651-0800: 41.130: [Full GC (Allocation Failure) 2021-01-22T19:39:38.651-0800: 41.130: [Tenured: 349515K->349290K(349568K), 0.0283243 secs] 506682K->403842K(506816K), [Metaspace: 2698K->2698K(1056768K)], 0.0284448 secs] [Times: user=0.03 sys=0.00, real=0.02 secs] 
2021-01-22T19:39:38.692-0800: 41.172: [Full GC (Allocation Failure) 2021-01-22T19:39:38.692-0800: 41.172: [Tenured: 349290K->349021K(349568K), 0.0378751 secs] 505798K->402494K(506816K), [Metaspace: 2698K->2698K(1056768K)], 0.0379774 secs] [Times: user=0.03 sys=0.00, real=0.04 secs] 
2021-01-22T19:39:38.743-0800: 41.222: [Full GC (Allocation Failure) 2021-01-22T19:39:38.743-0800: 41.222: [Tenured: 349563K->349153K(349568K), 0.0402895 secs] 506691K->407218K(506816K), [Metaspace: 2698K->2698K(1056768K)], 0.0403931 secs] [Times: user=0.04 sys=0.00, real=0.04 secs] 
2021-01-22T19:39:38.797-0800: 41.276: [Full GC (Allocation Failure) 2021-01-22T19:39:38.797-0800: 41.276: [Tenured: 349540K->349174K(349568K), 0.0468955 secs] 506777K->387628K(506816K), [Metaspace: 2698K->2698K(1056768K)], 0.0469990 secs] [Times: user=0.05 sys=0.00, real=0.05 secs] 
2021-01-22T19:39:38.857-0800: 41.337: [Full GC (Allocation Failure) 2021-01-22T19:39:38.858-0800: 41.337: [Tenured: 349462K->349486K(349568K), 0.0309357 secs] 506649K->399698K(506816K), [Metaspace: 2698K->2698K(1056768K)], 0.0310423 secs] [Times: user=0.03 sys=0.00, real=0.03 secs] 
2021-01-22T19:39:38.904-0800: 41.383: [Full GC (Allocation Failure) 2021-01-22T19:39:38.904-0800: 41.383: [Tenured: 349486K->349225K(349568K), 0.0373858 secs] 506469K->405877K(506816K), [Metaspace: 2698K->2698K(1056768K)], 0.0374886 secs] [Times: user=0.04 sys=0.00, real=0.04 secs] 
2021-01-22T19:39:38.954-0800: 41.433: [Full GC (Allocation Failure) 2021-01-22T19:39:38.954-0800: 41.433: [Tenured: 349225K->349392K(349568K), 0.0409410 secs] 506390K->402400K(506816K), [Metaspace: 2698K->2698K(1056768K)], 0.0410383 secs] [Times: user=0.04 sys=0.00, real=0.04 secs] 
2021-01-22T19:39:39.010-0800: 41.489: [Full GC (Allocation Failure) 2021-01-22T19:39:39.010-0800: 41.489: [Tenured: 349392K->349113K(349568K), 0.0523938 secs] 506409K->379417K(506816K), [Metaspace: 2698K->2698K(1056768K)], 0.0525027 secs] [Times: user=0.05 sys=0.00, real=0.05 secs] 
2021-01-22T19:39:39.078-0800: 41.557: [Full GC (Allocation Failure) 2021-01-22T19:39:39.078-0800: 41.557: [Tenured: 349113K->349143K(349568K), 0.0310988 secs] 505834K->391205K(506816K), [Metaspace: 2698K->2698K(1056768K)], 0.0312029 secs] [Times: user=0.03 sys=0.00, real=0.03 secs] 
2021-01-22T19:39:39.123-0800: 41.603: [Full GC (Allocation Failure) 2021-01-22T19:39:39.123-0800: 41.603: [Tenured: 349564K->349192K(349568K), 0.0377251 secs] 506794K->393982K(506816K), [Metaspace: 2698K->2698K(1056768K)], 0.0378259 secs] [Times: user=0.04 sys=0.00, real=0.04 secs] 
2021-01-22T19:39:39.175-0800: 41.654: [Full GC (Allocation Failure) 2021-01-22T19:39:39.175-0800: 41.654: [Tenured: 349192K->349491K(349568K), 0.0399092 secs] 506430K->398652K(506816K), [Metaspace: 2698K->2698K(1056768K)], 0.0400191 secs] [Times: user=0.04 sys=0.00, real=0.04 secs] 
2021-01-22T19:39:39.228-0800: 41.707: [Full GC (Allocation Failure) 2021-01-22T19:39:39.228-0800: 41.707: [Tenured: 349491K->349386K(349568K), 0.0466857 secs] 506609K->381244K(506816K), [Metaspace: 2698K->2698K(1056768K)], 0.0467888 secs] [Times: user=0.04 sys=0.00, real=0.05 secs] 
2021-01-22T19:39:39.289-0800: 41.769: [Full GC (Allocation Failure) 2021-01-22T19:39:39.289-0800: 41.769: [Tenured: 349386K->349517K(349568K), 0.0321272 secs] 506016K->397765K(506816K), [Metaspace: 2698K->2698K(1056768K)], 0.0322264 secs] [Times: user=0.03 sys=0.00, real=0.04 secs] 
2021-01-22T19:39:39.334-0800: 41.813: [Full GC (Allocation Failure) 2021-01-22T19:39:39.334-0800: 41.813: [Tenured: 349544K->349496K(349568K), 0.0380362 secs] 506786K->398677K(506816K), [Metaspace: 2698K->2698K(1056768K)], 0.0381298 secs] [Times: user=0.04 sys=0.00, real=0.04 secs] 
2021-01-22T19:39:39.384-0800: 41.864: [Full GC (Allocation Failure) 2021-01-22T19:39:39.384-0800: 41.864: [Tenured: 349496K->349466K(349568K), 0.0409242 secs] 506682K->395811K(506816K), [Metaspace: 2698K->2698K(1056768K)], 0.0410305 secs] [Times: user=0.04 sys=0.00, real=0.04 secs] 
2021-01-22T19:39:39.440-0800: 41.919: [Full GC (Allocation Failure) 2021-01-22T19:39:39.440-0800: 41.919: [Tenured: 349466K->349555K(349568K), 0.0574684 secs] 506537K->377074K(506816K), [Metaspace: 2698K->2698K(1056768K)], 0.0575689 secs] [Times: user=0.04 sys=0.00, real=0.05 secs] 
2021-01-22T19:39:39.514-0800: 41.994: [Full GC (Allocation Failure) 2021-01-22T19:39:39.514-0800: 41.994: [Tenured: 349555K->349440K(349568K), 0.0286028 secs] 506580K->394307K(506816K), [Metaspace: 2698K->2698K(1056768K)], 0.0287083 secs] [Times: user=0.03 sys=0.00, real=0.03 secs] 
2021-01-22T19:39:39.558-0800: 42.037: [Full GC (Allocation Failure) 2021-01-22T19:39:39.558-0800: 42.037: [Tenured: 349512K->348860K(349568K), 0.0378070 secs] 506732K->391220K(506816K), [Metaspace: 2698K->2698K(1056768K)], 0.0379045 secs] [Times: user=0.04 sys=0.00, real=0.04 secs] 
2021-01-22T19:39:39.613-0800: 42.093: [Full GC (Allocation Failure) 2021-01-22T19:39:39.614-0800: 42.093: [Tenured: 349544K->349486K(349568K), 0.0625374 secs] 506780K->391327K(506816K), [Metaspace: 2698K->2698K(1056768K)], 0.0626875 secs] [Times: user=0.05 sys=0.00, real=0.06 secs] 
2021-01-22T19:39:39.692-0800: 42.172: [Full GC (Allocation Failure) 2021-01-22T19:39:39.692-0800: 42.172: [Tenured: 349486K->349433K(349568K), 0.0471224 secs] 506525K->371927K(506816K), [Metaspace: 2698K->2698K(1056768K)], 0.0472184 secs] [Times: user=0.05 sys=0.01, real=0.04 secs] 
2021-01-22T19:39:39.757-0800: 42.236: [Full GC (Allocation Failure) 2021-01-22T19:39:39.757-0800: 42.237: [Tenured: 349433K->349459K(349568K), 0.0292741 secs] 506460K->397223K(506816K), [Metaspace: 2698K->2698K(1056768K)], 0.0293945 secs] [Times: user=0.03 sys=0.00, real=0.03 secs] 
2021-01-22T19:39:39.806-0800: 42.285: [Full GC (Allocation Failure) 2021-01-22T19:39:39.806-0800: 42.285: [Tenured: 349459K->349421K(349568K), 0.0408117 secs] 506598K->403366K(506816K), [Metaspace: 2698K->2698K(1056768K)], 0.0409072 secs] [Times: user=0.04 sys=0.00, real=0.04 secs] 
2021-01-22T19:39:39.859-0800: 42.338: [Full GC (Allocation Failure) 2021-01-22T19:39:39.859-0800: 42.338: [Tenured: 349421K->349408K(349568K), 0.0416540 secs] 506648K->409703K(506816K), [Metaspace: 2698K->2698K(1056768K)], 0.0417528 secs] [Times: user=0.04 sys=0.00, real=0.05 secs] 
2021-01-22T19:39:39.913-0800: 42.392: [Full GC (Allocation Failure) 2021-01-22T19:39:39.913-0800: 42.392: [Tenured: 349408K->349359K(349568K), 0.0475967 secs] 506526K->391917K(506816K), [Metaspace: 2698K->2698K(1056768K)], 0.0476936 secs] [Times: user=0.05 sys=0.00, real=0.05 secs] 
2021-01-22T19:39:39.975-0800: 42.454: [Full GC (Allocation Failure) 2021-01-22T19:39:39.975-0800: 42.454: [Tenured: 349503K->349260K(349568K), 0.0269036 secs] 506660K->409269K(506816K), [Metaspace: 2698K->2698K(1056768K)], 0.0270022 secs] [Times: user=0.03 sys=0.00, real=0.03 secs] 
2021-01-22T19:39:40.015-0800: 42.494: [Full GC (Allocation Failure) 2021-01-22T19:39:40.015-0800: 42.494: [Tenured: 349260K->349467K(349568K), 0.0369169 secs] 506460K->409024K(506816K), [Metaspace: 2698K->2698K(1056768K)], 0.0370145 secs] [Times: user=0.04 sys=0.00, real=0.04 secs] 
2021-01-22T19:39:40.067-0800: 42.547: [Full GC (Allocation Failure) 2021-01-22T19:39:40.067-0800: 42.547: [Tenured: 349467K->349460K(349568K), 0.0407987 secs] 506713K->407527K(506816K), [Metaspace: 2698K->2698K(1056768K)], 0.0408989 secs] [Times: user=0.04 sys=0.00, real=0.04 secs] 
2021-01-22T19:39:40.121-0800: 42.601: [Full GC (Allocation Failure) 2021-01-22T19:39:40.121-0800: 42.601: [Tenured: 349460K->349504K(349568K), 0.0484916 secs] 506485K->389568K(506816K), [Metaspace: 2698K->2698K(1056768K)], 0.0485911 secs] [Times: user=0.05 sys=0.00, real=0.05 secs] 
2021-01-22T19:39:40.185-0800: 42.664: [Full GC (Allocation Failure) 2021-01-22T19:39:40.185-0800: 42.664: [Tenured: 349504K->349356K(349568K), 0.0284590 secs] 506416K->416290K(506816K), [Metaspace: 2698K->2698K(1056768K)], 0.0285592 secs] [Times: user=0.02 sys=0.00, real=0.03 secs] 
2021-01-22T19:39:40.226-0800: 42.705: [Full GC (Allocation Failure) 2021-01-22T19:39:40.226-0800: 42.705: [Tenured: 349508K->348926K(349568K), 0.0387569 secs] 506735K->408001K(506816K), [Metaspace: 2698K->2698K(1056768K)], 0.0388449 secs] [Times: user=0.03 sys=0.00, real=0.04 secs] 
2021-01-22T19:39:40.278-0800: 42.757: [Full GC (Allocation Failure) 2021-01-22T19:39:40.278-0800: 42.757: [Tenured: 349359K->349533K(349568K), 0.0415792 secs] 506496K->403670K(506816K), [Metaspace: 2698K->2698K(1056768K)], 0.0416858 secs] [Times: user=0.04 sys=0.00, real=0.04 secs] 
2021-01-22T19:39:40.333-0800: 42.812: [Full GC (Allocation Failure) 2021-01-22T19:39:40.333-0800: 42.812: [Tenured: 349565K->349199K(349568K), 0.0500326 secs] 506812K->388116K(506816K), [Metaspace: 2698K->2698K(1056768K)], 0.0501251 secs] [Times: user=0.05 sys=0.00, real=0.05 secs] 
2021-01-22T19:39:40.400-0800: 42.879: [Full GC (Allocation Failure) 2021-01-22T19:39:40.400-0800: 42.879: [Tenured: 349199K->349472K(349568K), 0.0316324 secs] 506012K->397231K(506816K), [Metaspace: 2698K->2698K(1056768K)], 0.0317250 secs] [Times: user=0.03 sys=0.00, real=0.03 secs] 
2021-01-22T19:39:40.447-0800: 42.926: [Full GC (Allocation Failure) 2021-01-22T19:39:40.447-0800: 42.926: [Tenured: 349472K->349230K(349568K), 0.0389008 secs] 506596K->391804K(506816K), [Metaspace: 2698K->2698K(1056768K)], 0.0390008 secs] [Times: user=0.04 sys=0.00, real=0.04 secs] 
2021-01-22T19:39:40.500-0800: 42.979: [Full GC (Allocation Failure) 2021-01-22T19:39:40.500-0800: 42.979: [Tenured: 349518K->349049K(349568K), 0.0423018 secs] 506670K->395419K(506816K), [Metaspace: 2698K->2698K(1056768K)], 0.0423973 secs] [Times: user=0.04 sys=0.00, real=0.04 secs] 
2021-01-22T19:39:40.557-0800: 43.037: [Full GC (Allocation Failure) 2021-01-22T19:39:40.557-0800: 43.037: [Tenured: 349553K->349491K(349568K), 0.0527815 secs] 506800K->376936K(506816K), [Metaspace: 2698K->2698K(1056768K)], 0.0528880 secs] [Times: user=0.05 sys=0.00, real=0.06 secs] 
2021-01-22T19:39:40.626-0800: 43.105: [Full GC (Allocation Failure) 2021-01-22T19:39:40.626-0800: 43.105: [Tenured: 349491K->349381K(349568K), 0.0328370 secs] 506714K->390637K(506816K), [Metaspace: 2698K->2698K(1056768K)], 0.0329187 secs] [Times: user=0.03 sys=0.01, real=0.03 secs] 
2021-01-22T19:39:40.673-0800: 43.153: [Full GC (Allocation Failure) 2021-01-22T19:39:40.674-0800: 43.153: [Tenured: 349381K->349305K(349568K), 0.0435981 secs] 506624K->389461K(506816K), [Metaspace: 2698K->2698K(1056768K)], 0.0436943 secs] [Times: user=0.05 sys=0.00, real=0.04 secs] 
2021-01-22T19:39:40.735-0800: 43.214: [Full GC (Allocation Failure) 2021-01-22T19:39:40.735-0800: 43.214: [Tenured: 349305K->349398K(349568K), 0.0473107 secs] 506353K->390151K(506816K), [Metaspace: 2698K->2698K(1056768K)], 0.0474139 secs] [Times: user=0.05 sys=0.00, real=0.05 secs] 
2021-01-22T19:39:40.802-0800: 43.281: [Full GC (Allocation Failure) 2021-01-22T19:39:40.802-0800: 43.281: [Tenured: 349537K->349409K(349568K), 0.0469087 secs] 506778K->370308K(506816K), [Metaspace: 2698K->2698K(1056768K)], 0.0470134 secs] [Times: user=0.04 sys=0.00, real=0.04 secs] 
2021-01-22T19:39:40.865-0800: 43.345: [Full GC (Allocation Failure) 2021-01-22T19:39:40.865-0800: 43.345: [Tenured: 349409K->349326K(349568K), 0.0344312 secs] 506397K->390968K(506816K), [Metaspace: 2698K->2698K(1056768K)], 0.0345151 secs] [Times: user=0.03 sys=0.00, real=0.04 secs] 
2021-01-22T19:39:40.915-0800: 43.395: [Full GC (Allocation Failure) 2021-01-22T19:39:40.915-0800: 43.395: [Tenured: 349326K->349327K(349568K), 0.0439981 secs] 505933K->393018K(506816K), [Metaspace: 2698K->2698K(1056768K)], 0.0440976 secs] [Times: user=0.04 sys=0.00, real=0.05 secs] 
2021-01-22T19:39:40.974-0800: 43.454: [Full GC (Allocation Failure) 2021-01-22T19:39:40.974-0800: 43.454: [Tenured: 349327K->348926K(349568K), 0.0473872 secs] 506321K->387472K(506816K), [Metaspace: 2698K->2698K(1056768K)], 0.0474753 secs] [Times: user=0.05 sys=0.00, real=0.05 secs] 
2021-01-22T19:39:41.036-0800: 43.515: [Full GC (Allocation Failure) 2021-01-22T19:39:41.036-0800: 43.515: [Tenured: 349479K->349465K(349568K), 0.0459357 secs] 506672K->369309K(506816K), [Metaspace: 2698K->2698K(1056768K)], 0.0460365 secs] [Times: user=0.05 sys=0.00, real=0.05 secs] 
2021-01-22T19:39:41.098-0800: 43.577: [Full GC (Allocation Failure) 2021-01-22T19:39:41.098-0800: 43.577: [Tenured: 349465K->349521K(349568K), 0.0294042 secs] 506535K->386961K(506816K), [Metaspace: 2698K->2698K(1056768K)], 0.0294999 secs] [Times: user=0.03 sys=0.00, real=0.03 secs] 
2021-01-22T19:39:41.142-0800: 43.622: [Full GC (Allocation Failure) 2021-01-22T19:39:41.142-0800: 43.622: [Tenured: 349521K->349332K(349568K), 0.0386008 secs] 506653K->391231K(506816K), [Metaspace: 2698K->2698K(1056768K)], 0.0386977 secs] [Times: user=0.04 sys=0.00, real=0.04 secs] 
2021-01-22T19:39:41.194-0800: 43.674: [Full GC (Allocation Failure) 2021-01-22T19:39:41.194-0800: 43.674: [Tenured: 349414K->349450K(349568K), 0.0420046 secs] 506621K->392699K(506816K), [Metaspace: 2698K->2698K(1056768K)], 0.0420988 secs] [Times: user=0.04 sys=0.00, real=0.04 secs] 
2021-01-22T19:39:41.251-0800: 43.731: [Full GC (Allocation Failure) 2021-01-22T19:39:41.251-0800: 43.731: [Tenured: 349450K->349547K(349568K), 0.0538271 secs] 506151K->376954K(506816K), [Metaspace: 2698K->2698K(1056768K)], 0.0539145 secs] [Times: user=0.05 sys=0.00, real=0.05 secs] 
2021-01-22T19:39:41.321-0800: 43.801: [Full GC (Allocation Failure) 2021-01-22T19:39:41.321-0800: 43.801: [Tenured: 349547K->349359K(349568K), 0.0277959 secs] 506550K->401208K(506816K), [Metaspace: 2698K->2698K(1056768K)], 0.0278960 secs] [Times: user=0.03 sys=0.00, real=0.02 secs] 
2021-01-22T19:39:41.363-0800: 43.843: [Full GC (Allocation Failure) 2021-01-22T19:39:41.363-0800: 43.843: [Tenured: 349516K->349515K(349568K), 0.0448657 secs] 506732K->402987K(506816K), [Metaspace: 2698K->2698K(1056768K)], 0.0449729 secs] [Times: user=0.04 sys=0.00, real=0.04 secs] 
2021-01-22T19:39:41.422-0800: 43.902: [Full GC (Allocation Failure) 2021-01-22T19:39:41.422-0800: 43.902: [Tenured: 349515K->349481K(349568K), 0.0442506 secs] 506508K->404291K(506816K), [Metaspace: 2698K->2698K(1056768K)], 0.0443401 secs] [Times: user=0.04 sys=0.00, real=0.04 secs] 
2021-01-22T19:39:41.479-0800: 43.959: [Full GC (Allocation Failure) 2021-01-22T19:39:41.479-0800: 43.959: [Tenured: 349481K->348914K(349568K), 0.0543269 secs] 506655K->388234K(506816K), [Metaspace: 2698K->2698K(1056768K)], 0.0544047 secs] [Times: user=0.05 sys=0.01, real=0.06 secs] 
2021-01-22T19:39:41.552-0800: 44.031: [Full GC (Allocation Failure) 2021-01-22T19:39:41.552-0800: 44.032: [Tenured: 349431K->348966K(349568K), 0.0314465 secs] 506658K->401160K(506816K), [Metaspace: 2698K->2698K(1056768K)], 0.0315447 secs] [Times: user=0.03 sys=0.00, real=0.03 secs] 
2021-01-22T19:39:41.597-0800: 44.076: [Full GC (Allocation Failure) 2021-01-22T19:39:41.597-0800: 44.076: [Tenured: 349224K->349550K(349568K), 0.0370719 secs] 506319K->400396K(506816K), [Metaspace: 2698K->2698K(1056768K)], 0.0371672 secs] [Times: user=0.03 sys=0.00, real=0.04 secs] 
2021-01-22T19:39:41.647-0800: 44.127: [Full GC (Allocation Failure) 2021-01-22T19:39:41.647-0800: 44.127: [Tenured: 349550K->349215K(349568K), 0.0409139 secs] 506521K->402061K(506816K), [Metaspace: 2698K->2698K(1056768K)], 0.0410085 secs] [Times: user=0.04 sys=0.00, real=0.04 secs] 
2021-01-22T19:39:41.701-0800: 44.181: [Full GC (Allocation Failure) 2021-01-22T19:39:41.701-0800: 44.181: [Tenured: 349356K->349134K(349568K), 0.0564050 secs] 506543K->383500K(506816K), [Metaspace: 2698K->2698K(1056768K)], 0.0565004 secs] [Times: user=0.05 sys=0.00, real=0.05 secs] 
2021-01-22T19:39:41.775-0800: 44.255: [Full GC (Allocation Failure) 2021-01-22T19:39:41.775-0800: 44.255: [Tenured: 349531K->349469K(349568K), 0.0338930 secs] 506772K->394187K(506816K), [Metaspace: 2698K->2698K(1056768K)], 0.0339944 secs] [Times: user=0.03 sys=0.00, real=0.03 secs] 
2021-01-22T19:39:41.822-0800: 44.302: [Full GC (Allocation Failure) 2021-01-22T19:39:41.822-0800: 44.302: [Tenured: 349469K->349432K(349568K), 0.0396346 secs] 506554K->386805K(506816K), [Metaspace: 2698K->2698K(1056768K)], 0.0397369 secs] [Times: user=0.04 sys=0.00, real=0.04 secs] 
2021-01-22T19:39:41.876-0800: 44.356: [Full GC (Allocation Failure) 2021-01-22T19:39:41.877-0800: 44.356: [Tenured: 349432K->349512K(349568K), 0.0553820 secs] 506465K->386890K(506816K), [Metaspace: 2698K->2698K(1056768K)], 0.0554775 secs] [Times: user=0.04 sys=0.00, real=0.06 secs] 
2021-01-22T19:39:41.954-0800: 44.434: [Full GC (Allocation Failure) 2021-01-22T19:39:41.955-0800: 44.434: [Tenured: 349512K->349440K(349568K), 0.0591363 secs] 506635K->372205K(506816K), [Metaspace: 2698K->2698K(1056768K)], 0.0592367 secs] [Times: user=0.06 sys=0.00, real=0.06 secs] 
2021-01-22T19:39:42.033-0800: 44.513: [Full GC (Allocation Failure) 2021-01-22T19:39:42.033-0800: 44.513: [Tenured: 349560K->348974K(349568K), 0.0285170 secs] 506797K->392152K(506816K), [Metaspace: 2698K->2698K(1056768K)], 0.0286193 secs] [Times: user=0.03 sys=0.00, real=0.03 secs] 
2021-01-22T19:39:42.076-0800: 44.556: [Full GC (Allocation Failure) 2021-01-22T19:39:42.076-0800: 44.556: [Tenured: 349427K->349550K(349568K), 0.0363147 secs] 506670K->398753K(506816K), [Metaspace: 2698K->2698K(1056768K)], 0.0364144 secs] [Times: user=0.03 sys=0.00, real=0.04 secs] 
2021-01-22T19:39:42.126-0800: 44.605: [Full GC (Allocation Failure) 2021-01-22T19:39:42.126-0800: 44.605: [Tenured: 349550K->349034K(349568K), 0.0495992 secs] 506130K->394885K(506816K), [Metaspace: 2698K->2698K(1056768K)], 0.0497007 secs] [Times: user=0.04 sys=0.00, real=0.05 secs] 
2021-01-22T19:39:42.189-0800: 44.668: [Full GC (Allocation Failure) 2021-01-22T19:39:42.189-0800: 44.668: [Tenured: 349509K->349297K(349568K), 0.0501265 secs] 506738K->382178K(506816K), [Metaspace: 2698K->2698K(1056768K)], 0.0502210 secs] [Times: user=0.05 sys=0.00, real=0.05 secs] 
2021-01-22T19:39:42.256-0800: 44.736: [Full GC (Allocation Failure) 2021-01-22T19:39:42.256-0800: 44.736: [Tenured: 349492K->349561K(349568K), 0.0307405 secs] 506634K->397026K(506816K), [Metaspace: 2698K->2698K(1056768K)], 0.0308441 secs] [Times: user=0.03 sys=0.00, real=0.03 secs] 
2021-01-22T19:39:42.300-0800: 44.780: [Full GC (Allocation Failure) 2021-01-22T19:39:42.300-0800: 44.780: [Tenured: 349561K->349514K(349568K), 0.0374305 secs] 506728K->393904K(506816K), [Metaspace: 2698K->2698K(1056768K)], 0.0375257 secs] [Times: user=0.04 sys=0.00, real=0.03 secs] 
2021-01-22T19:39:42.352-0800: 44.832: [Full GC (Allocation Failure) 2021-01-22T19:39:42.352-0800: 44.832: [Tenured: 349514K->349300K(349568K), 0.0401841 secs] 506401K->390546K(506816K), [Metaspace: 2698K->2698K(1056768K)], 0.0402886 secs] [Times: user=0.04 sys=0.00, real=0.04 secs] 
2021-01-22T19:39:42.407-0800: 44.886: [Full GC (Allocation Failure) 2021-01-22T19:39:42.407-0800: 44.886: [Tenured: 349300K->349483K(349568K), 0.0467885 secs] 506226K->378020K(506816K), [Metaspace: 2698K->2698K(1056768K)], 0.0468912 secs] [Times: user=0.05 sys=0.00, real=0.05 secs] 
2021-01-22T19:39:42.470-0800: 44.950: [Full GC (Allocation Failure) 2021-01-22T19:39:42.470-0800: 44.950: [Tenured: 349483K->349553K(349568K), 0.0267111 secs] 506580K->394398K(506816K), [Metaspace: 2698K->2698K(1056768K)], 0.0268095 secs] [Times: user=0.02 sys=0.01, real=0.02 secs] 
2021-01-22T19:39:42.510-0800: 44.990: [Full GC (Allocation Failure) 2021-01-22T19:39:42.510-0800: 44.990: [Tenured: 349553K->349562K(349568K), 0.0360442 secs] 506668K->401705K(506816K), [Metaspace: 2698K->2698K(1056768K)], 0.0361379 secs] [Times: user=0.03 sys=0.00, real=0.03 secs] 
2021-01-22T19:39:42.560-0800: 45.040: [Full GC (Allocation Failure) 2021-01-22T19:39:42.560-0800: 45.040: [Tenured: 349562K->349465K(349568K), 0.0398650 secs] 506712K->402250K(506816K), [Metaspace: 2698K->2698K(1056768K)], 0.0399670 secs] [Times: user=0.04 sys=0.00, real=0.04 secs] 
2021-01-22T19:39:42.613-0800: 45.093: [Full GC (Allocation Failure) 2021-01-22T19:39:42.613-0800: 45.093: [Tenured: 349465K->348925K(349568K), 0.0472588 secs] 506697K->381254K(506816K), [Metaspace: 2698K->2698K(1056768K)], 0.0473639 secs] [Times: user=0.05 sys=0.00, real=0.05 secs] 
2021-01-22T19:39:42.676-0800: 45.156: [Full GC (Allocation Failure) 2021-01-22T19:39:42.676-0800: 45.156: [Tenured: 349359K->349515K(349568K), 0.0315488 secs] 506607K->402121K(506816K), [Metaspace: 2698K->2698K(1056768K)], 0.0316381 secs] [Times: user=0.03 sys=0.00, real=0.03 secs] 
2021-01-22T19:39:42.721-0800: 45.201: [Full GC (Allocation Failure) 2021-01-22T19:39:42.721-0800: 45.201: [Tenured: 349515K->348981K(349568K), 0.0396242 secs] 506727K->400952K(506816K), [Metaspace: 2698K->2698K(1056768K)], 0.0397260 secs] [Times: user=0.03 sys=0.00, real=0.04 secs] 
2021-01-22T19:39:42.775-0800: 45.255: [Full GC (Allocation Failure) 2021-01-22T19:39:42.775-0800: 45.255: [Tenured: 349498K->349297K(349568K), 0.0449144 secs] 506404K->401238K(506816K), [Metaspace: 2698K->2698K(1056768K)], 0.0450095 secs] [Times: user=0.04 sys=0.00, real=0.05 secs] 
2021-01-22T19:39:42.836-0800: 45.316: [Full GC (Allocation Failure) 2021-01-22T19:39:42.836-0800: 45.316: [Tenured: 349556K->349170K(349568K), 0.0469472 secs] 506797K->387295K(506816K), [Metaspace: 2698K->2698K(1056768K)], 0.0470418 secs] [Times: user=0.04 sys=0.00, real=0.05 secs] 
2021-01-22T19:39:42.897-0800: 45.376: [Full GC (Allocation Failure) 2021-01-22T19:39:42.897-0800: 45.376: [Tenured: 349170K->349488K(349568K), 0.0274146 secs] 506152K->404769K(506816K), [Metaspace: 2698K->2698K(1056768K)], 0.0275197 secs] [Times: user=0.02 sys=0.00, real=0.03 secs] 
2021-01-22T19:39:42.936-0800: 45.416: [Full GC (Allocation Failure) 2021-01-22T19:39:42.936-0800: 45.416: [Tenured: 349561K->349549K(349568K), 0.0370752 secs] 506790K->398747K(506816K), [Metaspace: 2698K->2698K(1056768K)], 0.0371713 secs] [Times: user=0.03 sys=0.00, real=0.04 secs] 
2021-01-22T19:39:42.987-0800: 45.467: [Full GC (Allocation Failure) 2021-01-22T19:39:42.987-0800: 45.467: [Tenured: 349549K->349564K(349568K), 0.0387112 secs] 506769K->395686K(506816K), [Metaspace: 2698K->2698K(1056768K)], 0.0388089 secs] [Times: user=0.03 sys=0.00, real=0.04 secs] 
2021-01-22T19:39:43.040-0800: 45.520: [Full GC (Allocation Failure) 2021-01-22T19:39:43.040-0800: 45.520: [Tenured: 349564K->349422K(349568K), 0.0488695 secs] 506617K->379755K(506816K), [Metaspace: 2698K->2698K(1056768K)], 0.0489679 secs] [Times: user=0.05 sys=0.00, real=0.04 secs] 
2021-01-22T19:39:43.105-0800: 45.584: [Full GC (Allocation Failure) 2021-01-22T19:39:43.105-0800: 45.585: [Tenured: 349422K->349457K(349568K), 0.0258227 secs] 506406K->396986K(506816K), [Metaspace: 2698K->2698K(1056768K)], 0.0259310 secs] [Times: user=0.03 sys=0.00, real=0.03 secs] 
2021-01-22T19:39:43.145-0800: 45.625: [Full GC (Allocation Failure) 2021-01-22T19:39:43.145-0800: 45.625: [Tenured: 349457K->349167K(349568K), 0.0379888 secs] 506475K->395591K(506816K), [Metaspace: 2698K->2698K(1056768K)], 0.0380793 secs] [Times: user=0.04 sys=0.00, real=0.04 secs] 
2021-01-22T19:39:43.197-0800: 45.677: [Full GC (Allocation Failure) 2021-01-22T19:39:43.197-0800: 45.677: [Tenured: 349167K->349454K(349568K), 0.0390654 secs] 506348K->397123K(506816K), [Metaspace: 2698K->2698K(1056768K)], 0.0391702 secs] [Times: user=0.04 sys=0.00, real=0.04 secs] 
2021-01-22T19:39:43.249-0800: 45.729: [Full GC (Allocation Failure) 2021-01-22T19:39:43.250-0800: 45.729: [Tenured: 349454K->349204K(349568K), 0.0468097 secs] 506579K->376357K(506816K), [Metaspace: 2698K->2698K(1056768K)], 0.0469102 secs] [Times: user=0.05 sys=0.00, real=0.05 secs] 
2021-01-22T19:39:43.313-0800: 45.792: [Full GC (Allocation Failure) 2021-01-22T19:39:43.313-0800: 45.793: [Tenured: 349518K->348919K(349568K), 0.0288435 secs] 506748K->394902K(506816K), [Metaspace: 2698K->2698K(1056768K)], 0.0289478 secs] [Times: user=0.03 sys=0.00, real=0.03 secs] 
2021-01-22T19:39:43.356-0800: 45.835: [Full GC (Allocation Failure) 2021-01-22T19:39:43.356-0800: 45.836: [Tenured: 349439K->349562K(349568K), 0.0375891 secs] 506674K->394394K(506816K), [Metaspace: 2698K->2698K(1056768K)], 0.0376855 secs] [Times: user=0.04 sys=0.00, real=0.04 secs] 
2021-01-22T19:39:43.407-0800: 45.887: [Full GC (Allocation Failure) 2021-01-22T19:39:43.407-0800: 45.887: [Tenured: 349562K->349450K(349568K), 0.0410139 secs] 506781K->399152K(506816K), [Metaspace: 2698K->2698K(1056768K)], 0.0411114 secs] [Times: user=0.04 sys=0.00, real=0.04 secs] 
2021-01-22T19:39:43.461-0800: 45.940: [Full GC (Allocation Failure) 2021-01-22T19:39:43.461-0800: 45.940: [Tenured: 349450K->349542K(349568K), 0.0458963 secs] 506351K->378103K(506816K), [Metaspace: 2698K->2698K(1056768K)], 0.0459955 secs] [Times: user=0.05 sys=0.00, real=0.04 secs] 
2021-01-22T19:39:43.524-0800: 46.003: [Full GC (Allocation Failure) 2021-01-22T19:39:43.524-0800: 46.003: [Tenured: 349542K->349334K(349568K), 0.0284884 secs] 506720K->391798K(506816K), [Metaspace: 2698K->2698K(1056768K)], 0.0285831 secs] [Times: user=0.03 sys=0.00, real=0.03 secs] 
2021-01-22T19:39:43.566-0800: 46.046: [Full GC (Allocation Failure) 2021-01-22T19:39:43.566-0800: 46.046: [Tenured: 349502K->349557K(349568K), 0.0363598 secs] 506729K->391007K(506816K), [Metaspace: 2698K->2698K(1056768K)], 0.0364642 secs] [Times: user=0.04 sys=0.00, real=0.04 secs] 
2021-01-22T19:39:43.616-0800: 46.096: [Full GC (Allocation Failure) 2021-01-22T19:39:43.616-0800: 46.096: [Tenured: 349557K->349549K(349568K), 0.0401445 secs] 506400K->387362K(506816K), [Metaspace: 2698K->2698K(1056768K)], 0.0402426 secs] [Times: user=0.04 sys=0.00, real=0.04 secs] 
2021-01-22T19:39:43.672-0800: 46.151: [Full GC (Allocation Failure) 2021-01-22T19:39:43.672-0800: 46.151: [Tenured: 349549K->348937K(349568K), 0.0477713 secs] 506664K->368940K(506816K), [Metaspace: 2698K->2698K(1056768K)], 0.0478658 secs] [Times: user=0.05 sys=0.01, real=0.04 secs] 
2021-01-22T19:39:43.737-0800: 46.217: [Full GC (Allocation Failure) 2021-01-22T19:39:43.737-0800: 46.217: [Tenured: 349285K->348859K(349568K), 0.0344804 secs] 506522K->381987K(506816K), [Metaspace: 2698K->2698K(1056768K)], 0.0345746 secs] [Times: user=0.03 sys=0.00, real=0.04 secs] 
2021-01-22T19:39:43.790-0800: 46.270: [Full GC (Allocation Failure) 2021-01-22T19:39:43.790-0800: 46.270: [Tenured: 349048K->349471K(349568K), 0.0501800 secs] 506189K->385411K(506816K), [Metaspace: 2698K->2698K(1056768K)], 0.0502840 secs] [Times: user=0.05 sys=0.00, real=0.05 secs] 
2021-01-22T19:39:43.857-0800: 46.337: [Full GC (Allocation Failure) 2021-01-22T19:39:43.857-0800: 46.337: [Tenured: 349471K->349543K(349568K), 0.0441268 secs] 506583K->386677K(506816K), [Metaspace: 2698K->2698K(1056768K)], 0.0442218 secs] [Times: user=0.05 sys=0.00, real=0.05 secs] 
2021-01-22T19:39:43.916-0800: 46.396: [Full GC (Allocation Failure) 2021-01-22T19:39:43.916-0800: 46.396: [Tenured: 349543K->349356K(349568K), 0.0494911 secs] 506192K->373366K(506816K), [Metaspace: 2698K->2698K(1056768K)], 0.0496038 secs] [Times: user=0.05 sys=0.00, real=0.05 secs] 
2021-01-22T19:39:43.983-0800: 46.462: [Full GC (Allocation Failure) 2021-01-22T19:39:43.983-0800: 46.462: [Tenured: 349545K->349449K(349568K), 0.0369350 secs] 506778K->396496K(506816K), [Metaspace: 2698K->2698K(1056768K)], 0.0370300 secs] [Times: user=0.03 sys=0.00, real=0.04 secs] 
2021-01-22T19:39:44.035-0800: 46.514: [Full GC (Allocation Failure) 2021-01-22T19:39:44.035-0800: 46.514: [Tenured: 349449K->349293K(349568K), 0.0405262 secs] 506556K->394721K(506816K), [Metaspace: 2698K->2698K(1056768K)], 0.0406205 secs] [Times: user=0.04 sys=0.00, real=0.04 secs] 
2021-01-22T19:39:44.090-0800: 46.569: [Full GC (Allocation Failure) 2021-01-22T19:39:44.090-0800: 46.569: [Tenured: 349509K->349532K(349568K), 0.0474770 secs] 506724K->394495K(506816K), [Metaspace: 2698K->2698K(1056768K)], 0.0475662 secs] [Times: user=0.05 sys=0.00, real=0.04 secs] 
2021-01-22T19:39:44.152-0800: 46.632: [Full GC (Allocation Failure) 2021-01-22T19:39:44.152-0800: 46.632: [Tenured: 349532K->349434K(349568K), 0.0550299 secs] 506588K->369977K(506816K), [Metaspace: 2698K->2698K(1056768K)], 0.0551452 secs] [Times: user=0.06 sys=0.00, real=0.05 secs] 
2021-01-22T19:39:44.228-0800: 46.708: [Full GC (Allocation Failure) 2021-01-22T19:39:44.228-0800: 46.708: [Tenured: 349434K->349542K(349568K), 0.0434200 secs] 506451K->383678K(506816K), [Metaspace: 2698K->2698K(1056768K)], 0.0435097 secs] [Times: user=0.04 sys=0.00, real=0.05 secs] 
2021-01-22T19:39:44.290-0800: 46.770: [Full GC (Allocation Failure) 2021-01-22T19:39:44.290-0800: 46.770: [Tenured: 349542K->349383K(349568K), 0.0514416 secs] 506724K->394342K(506816K), [Metaspace: 2698K->2698K(1056768K)], 0.0515348 secs] [Times: user=0.05 sys=0.01, real=0.05 secs] 
2021-01-22T19:39:44.359-0800: 46.838: [Full GC (Allocation Failure) 2021-01-22T19:39:44.359-0800: 46.838: [Tenured: 349455K->349231K(349568K), 0.0542612 secs] 506656K->392541K(506816K), [Metaspace: 2698K->2698K(1056768K)], 0.0543506 secs] [Times: user=0.05 sys=0.00, real=0.06 secs] 
2021-01-22T19:39:44.426-0800: 46.906: [Full GC (Allocation Failure) 2021-01-22T19:39:44.426-0800: 46.906: [Tenured: 349475K->349452K(349568K), 0.0473711 secs] 506612K->381464K(506816K), [Metaspace: 2698K->2698K(1056768K)], 0.0474627 secs] [Times: user=0.05 sys=0.00, real=0.05 secs] 
2021-01-22T19:39:44.488-0800: 46.968: [Full GC (Allocation Failure) 2021-01-22T19:39:44.488-0800: 46.968: [Tenured: 349452K->349545K(349568K), 0.0313250 secs] 506386K->397446K(506816K), [Metaspace: 2698K->2698K(1056768K)], 0.0314236 secs] [Times: user=0.03 sys=0.00, real=0.03 secs] 
2021-01-22T19:39:44.534-0800: 47.013: [Full GC (Allocation Failure) 2021-01-22T19:39:44.534-0800: 47.013: [Tenured: 349545K->349548K(349568K), 0.0376531 secs] 506689K->393281K(506816K), [Metaspace: 2698K->2698K(1056768K)], 0.0377571 secs] [Times: user=0.04 sys=0.00, real=0.04 secs] 
2021-01-22T19:39:44.594-0800: 47.074: [Full GC (Allocation Failure) 2021-01-22T19:39:44.594-0800: 47.074: [Tenured: 349548K->348857K(349568K), 0.0506461 secs] 506441K->392517K(506816K), [Metaspace: 2698K->2698K(1056768K)], 0.0507455 secs] [Times: user=0.05 sys=0.00, real=0.05 secs] 
2021-01-22T19:39:44.660-0800: 47.139: [Full GC (Allocation Failure) 2021-01-22T19:39:44.660-0800: 47.139: [Tenured: 349563K->349539K(349568K), 0.0514519 secs] 506797K->370041K(506816K), [Metaspace: 2698K->2698K(1056768K)], 0.0515478 secs] [Times: user=0.05 sys=0.00, real=0.05 secs] 
2021-01-22T19:39:44.727-0800: 47.207: [Full GC (Allocation Failure) 2021-01-22T19:39:44.727-0800: 47.207: [Tenured: 349539K->349426K(349568K), 0.0249024 secs] 506296K->384806K(506816K), [Metaspace: 2698K->2698K(1056768K)], 0.0252841 secs] [Times: user=0.03 sys=0.00, real=0.03 secs] 
2021-01-22T19:39:44.768-0800: 47.247: [Full GC (Allocation Failure) 2021-01-22T19:39:44.768-0800: 47.247: [Tenured: 349426K->349545K(349568K), 0.0388178 secs] 506444K->384123K(506816K), [Metaspace: 2698K->2698K(1056768K)], 0.0389179 secs] [Times: user=0.04 sys=0.00, real=0.04 secs] 
2021-01-22T19:39:44.822-0800: 47.301: [Full GC (Allocation Failure) 2021-01-22T19:39:44.822-0800: 47.302: [Tenured: 349545K->349462K(349568K), 0.0397641 secs] 506446K->378937K(506816K), [Metaspace: 2698K->2698K(1056768K)], 0.0398696 secs] [Times: user=0.04 sys=0.00, real=0.04 secs] 
2021-01-22T19:39:44.876-0800: 47.356: [Full GC (Allocation Failure) 2021-01-22T19:39:44.876-0800: 47.356: [Tenured: 349462K->349098K(349568K), 0.0472673 secs] 506657K->364286K(506816K), [Metaspace: 2698K->2698K(1056768K)], 0.0474190 secs] [Times: user=0.05 sys=0.00, real=0.05 secs] 
2021-01-22T19:39:44.946-0800: 47.426: [Full GC (Allocation Failure) 2021-01-22T19:39:44.946-0800: 47.426: [Tenured: 349550K->349545K(349568K), 0.0341446 secs] 506798K->373016K(506816K), [Metaspace: 2698K->2698K(1056768K)], 0.0342399 secs] [Times: user=0.03 sys=0.00, real=0.04 secs] 
2021-01-22T19:39:45.002-0800: 47.482: [Full GC (Allocation Failure) 2021-01-22T19:39:45.002-0800: 47.482: [Tenured: 349545K->349139K(349568K), 0.0532195 secs] 506669K->377126K(506816K), [Metaspace: 2698K->2698K(1056768K)], 0.0533138 secs] [Times: user=0.05 sys=0.00, real=0.05 secs] 
2021-01-22T19:39:45.076-0800: 47.556: [Full GC (Allocation Failure) 2021-01-22T19:39:45.076-0800: 47.556: [Tenured: 349283K->349373K(349568K), 0.0618802 secs] 506461K->386083K(506816K), [Metaspace: 2698K->2698K(1056768K)], 0.0619801 secs] [Times: user=0.05 sys=0.00, real=0.06 secs] 
2021-01-22T19:39:45.157-0800: 47.637: [Full GC (Allocation Failure) 2021-01-22T19:39:45.157-0800: 47.637: [Tenured: 349373K->349399K(349568K), 0.0532142 secs] 506521K->364506K(506816K), [Metaspace: 2698K->2698K(1056768K)], 0.0533287 secs] [Times: user=0.05 sys=0.00, real=0.06 secs] 
2021-01-22T19:39:45.229-0800: 47.709: [Full GC (Allocation Failure) 2021-01-22T19:39:45.229-0800: 47.709: [Tenured: 349399K->349553K(349568K), 0.0308843 secs] 505994K->378404K(506816K), [Metaspace: 2698K->2698K(1056768K)], 0.0309889 secs] [Times: user=0.03 sys=0.00, real=0.04 secs] 
2021-01-22T19:39:45.277-0800: 47.757: [Full GC (Allocation Failure) 2021-01-22T19:39:45.277-0800: 47.757: [Tenured: 349553K->349448K(349568K), 0.0395165 secs] 506688K->377825K(506816K), [Metaspace: 2698K->2698K(1056768K)], 0.0396398 secs] [Times: user=0.04 sys=0.00, real=0.04 secs] 
2021-01-22T19:39:45.332-0800: 47.812: [Full GC (Allocation Failure) 2021-01-22T19:39:45.332-0800: 47.812: [Tenured: 349448K->349034K(349568K), 0.0425851 secs] 506632K->381437K(506816K), [Metaspace: 2698K->2698K(1056768K)], 0.0427057 secs] [Times: user=0.04 sys=0.00, real=0.04 secs] 
2021-01-22T19:39:45.391-0800: 47.871: [Full GC (Allocation Failure) 2021-01-22T19:39:45.391-0800: 47.871: [Tenured: 349034K->349267K(349568K), 0.0686319 secs] 506143K->365307K(506816K), [Metaspace: 2698K->2698K(1056768K)], 0.0687601 secs] [Times: user=0.05 sys=0.00, real=0.07 secs] 
2021-01-22T19:39:45.483-0800: 47.963: [Full GC (Allocation Failure) 2021-01-22T19:39:45.483-0800: 47.963: [Tenured: 349411K->349339K(349568K), 0.0479129 secs] 506632K->383999K(506816K), [Metaspace: 2698K->2698K(1056768K)], 0.0480222 secs] [Times: user=0.04 sys=0.00, real=0.05 secs] 
2021-01-22T19:39:45.548-0800: 48.028: [Full GC (Allocation Failure) 2021-01-22T19:39:45.548-0800: 48.028: [Tenured: 349554K->349093K(349568K), 0.0522703 secs] 506748K->381274K(506816K), [Metaspace: 2698K->2698K(1056768K)], 0.0523772 secs] [Times: user=0.04 sys=0.00, real=0.06 secs] 
2021-01-22T19:39:45.624-0800: 48.104: [Full GC (Allocation Failure) 2021-01-22T19:39:45.624-0800: 48.104: [Tenured: 349563K->349426K(349568K), 0.0571056 secs] 506810K->380455K(506816K), [Metaspace: 2698K->2698K(1056768K)], 0.0572134 secs] [Times: user=0.05 sys=0.01, real=0.06 secs] 
2021-01-22T19:39:45.702-0800: 48.182: [Full GC (Allocation Failure) 2021-01-22T19:39:45.703-0800: 48.182: [Tenured: 349426K->349141K(349568K), 0.0717596 secs] 506435K->362937K(506816K), [Metaspace: 2698K->2698K(1056768K)], 0.0720117 secs] [Times: user=0.06 sys=0.00, real=0.07 secs] 
2021-01-22T19:39:45.800-0800: 48.280: [Full GC (Allocation Failure) 2021-01-22T19:39:45.800-0800: 48.280: [Tenured: 349498K->349507K(349568K), 0.0530905 secs] 506588K->379800K(506816K), [Metaspace: 2698K->2698K(1056768K)], 0.0533441 secs] [Times: user=0.04 sys=0.00, real=0.05 secs] 
2021-01-22T19:39:45.875-0800: 48.355: [Full GC (Allocation Failure) 2021-01-22T19:39:45.875-0800: 48.355: [Tenured: 349507K->349505K(349568K), 0.0559548 secs] 506733K->380237K(506816K), [Metaspace: 2698K->2698K(1056768K)], 0.0560684 secs] [Times: user=0.05 sys=0.00, real=0.06 secs] 
2021-01-22T19:39:45.947-0800: 48.426: [Full GC (Allocation Failure) 2021-01-22T19:39:45.947-0800: 48.427: [Tenured: 349505K->349373K(349568K), 0.0630603 secs] 506670K->383795K(506816K), [Metaspace: 2698K->2698K(1056768K)], 0.0631887 secs] [Times: user=0.05 sys=0.00, real=0.07 secs] 
2021-01-22T19:39:46.035-0800: 48.514: [Full GC (Allocation Failure) 2021-01-22T19:39:46.035-0800: 48.514: [Tenured: 349445K->349471K(349568K), 0.0819427 secs] 506671K->363506K(506816K), [Metaspace: 2698K->2698K(1056768K)], 0.0820634 secs] [Times: user=0.06 sys=0.00, real=0.08 secs] 
2021-01-22T19:39:46.145-0800: 48.624: [Full GC (Allocation Failure) 2021-01-22T19:39:46.145-0800: 48.624: [Tenured: 349471K->349462K(349568K), 0.0384256 secs] 506408K->380454K(506816K), [Metaspace: 2698K->2698K(1056768K)], 0.0385387 secs] [Times: user=0.03 sys=0.00, real=0.04 secs] 
2021-01-22T19:39:46.199-0800: 48.678: [Full GC (Allocation Failure) 2021-01-22T19:39:46.199-0800: 48.678: [Tenured: 349462K->349428K(349568K), 0.0373156 secs] 506465K->382417K(506816K), [Metaspace: 2698K->2698K(1056768K)], 0.0374218 secs] [Times: user=0.03 sys=0.00, real=0.04 secs] 
2021-01-22T19:39:46.253-0800: 48.733: [Full GC (Allocation Failure) 2021-01-22T19:39:46.253-0800: 48.733: [Tenured: 349428K->349239K(349568K), 0.0421237 secs] 506612K->388434K(506816K), [Metaspace: 2698K->2698K(1056768K)], 0.0422240 secs] [Times: user=0.04 sys=0.00, real=0.04 secs] 
2021-01-22T19:39:46.309-0800: 48.789: [Full GC (Allocation Failure) 2021-01-22T19:39:46.309-0800: 48.789: [Tenured: 349561K->349559K(349568K), 0.0466651 secs] 506647K->370704K(506816K), [Metaspace: 2698K->2698K(1056768K)], 0.0467701 secs] [Times: user=0.05 sys=0.00, real=0.05 secs] 
2021-01-22T19:39:46.372-0800: 48.852: [Full GC (Allocation Failure) 2021-01-22T19:39:46.372-0800: 48.852: [Tenured: 349559K->349406K(349568K), 0.0279107 secs] 506752K->388846K(506816K), [Metaspace: 2698K->2698K(1056768K)], 0.0280104 secs] [Times: user=0.02 sys=0.00, real=0.03 secs] 
2021-01-22T19:39:46.417-0800: 48.897: [Full GC (Allocation Failure) 2021-01-22T19:39:46.417-0800: 48.897: [Tenured: 349478K->349567K(349568K), 0.0557830 secs] 506685K->387612K(506816K), [Metaspace: 2698K->2698K(1056768K)], 0.0558948 secs] [Times: user=0.04 sys=0.01, real=0.06 secs] 
2021-01-22T19:39:46.492-0800: 48.972: [Full GC (Allocation Failure) 2021-01-22T19:39:46.492-0800: 48.972: [Tenured: 349567K->349164K(349568K), 0.0650124 secs] 506801K->391831K(506816K), [Metaspace: 2698K->2698K(1056768K)], 0.0651118 secs] [Times: user=0.05 sys=0.00, real=0.06 secs] 
2021-01-22T19:39:46.575-0800: 49.055: [Full GC (Allocation Failure) 2021-01-22T19:39:46.575-0800: 49.055: [Tenured: 349452K->349348K(349568K), 0.0682781 secs] 506560K->375160K(506816K), [Metaspace: 2698K->2698K(1056768K)], 0.0683774 secs] [Times: user=0.05 sys=0.00, real=0.07 secs] 
2021-01-22T19:39:46.665-0800: 49.145: [Full GC (Allocation Failure) 2021-01-22T19:39:46.665-0800: 49.145: [Tenured: 349559K->349364K(349568K), 0.0436545 secs] 506804K->391417K(506816K), [Metaspace: 2698K->2698K(1056768K)], 0.0437660 secs] [Times: user=0.05 sys=0.00, real=0.04 secs] 
2021-01-22T19:39:46.730-0800: 49.210: [Full GC (Allocation Failure) 2021-01-22T19:39:46.730-0800: 49.210: [Tenured: 349520K->349398K(349568K), 0.0396184 secs] 506758K->392084K(506816K), [Metaspace: 2698K->2698K(1056768K)], 0.0397181 secs] [Times: user=0.03 sys=0.00, real=0.04 secs] 
2021-01-22T19:39:46.787-0800: 49.267: [Full GC (Allocation Failure) 2021-01-22T19:39:46.787-0800: 49.267: [Tenured: 349398K->348990K(349568K), 0.0467787 secs] 506621K->393522K(506816K), [Metaspace: 2698K->2698K(1056768K)], 0.0468921 secs] [Times: user=0.05 sys=0.00, real=0.05 secs] 
2021-01-22T19:39:46.848-0800: 49.328: [Full GC (Allocation Failure) 2021-01-22T19:39:46.848-0800: 49.328: [Tenured: 349330K->349516K(349568K), 0.0489332 secs] 506392K->373268K(506816K), [Metaspace: 2698K->2698K(1056768K)], 0.0490341 secs] [Times: user=0.05 sys=0.00, real=0.05 secs] 
2021-01-22T19:39:46.914-0800: 49.394: [Full GC (Allocation Failure) 2021-01-22T19:39:46.914-0800: 49.394: [Tenured: 349516K->348972K(349568K), 0.0309866 secs] 506638K->389631K(506816K), [Metaspace: 2698K->2698K(1056768K)], 0.0310917 secs] [Times: user=0.04 sys=0.00, real=0.03 secs] 
2021-01-22T19:39:46.961-0800: 49.441: [Full GC (Allocation Failure) 2021-01-22T19:39:46.961-0800: 49.441: [Tenured: 348972K->349248K(349568K), 0.0366219 secs] 505579K->388687K(506816K), [Metaspace: 2698K->2698K(1056768K)], 0.0367323 secs] [Times: user=0.04 sys=0.00, real=0.03 secs] 
2021-01-22T19:39:47.012-0800: 49.491: [Full GC (Allocation Failure) 2021-01-22T19:39:47.012-0800: 49.491: [Tenured: 349421K->349110K(349568K), 0.0429264 secs] 506634K->392473K(506816K), [Metaspace: 2698K->2698K(1056768K)], 0.0430274 secs] [Times: user=0.04 sys=0.00, real=0.04 secs] 
2021-01-22T19:39:47.068-0800: 49.548: [Full GC (Allocation Failure) 2021-01-22T19:39:47.068-0800: 49.548: [Tenured: 349110K->349371K(349568K), 0.0461146 secs] 506273K->370603K(506816K), [Metaspace: 2698K->2698K(1056768K)], 0.0462160 secs] [Times: user=0.04 sys=0.00, real=0.05 secs] 
2021-01-22T19:39:47.131-0800: 49.610: [Full GC (Allocation Failure) 2021-01-22T19:39:47.131-0800: 49.610: [Tenured: 349371K->349405K(349568K), 0.0254320 secs] 506419K->388592K(506816K), [Metaspace: 2698K->2698K(1056768K)], 0.0255370 secs] [Times: user=0.02 sys=0.00, real=0.02 secs] 
2021-01-22T19:39:47.172-0800: 49.651: [Full GC (Allocation Failure) 2021-01-22T19:39:47.172-0800: 49.652: [Tenured: 349405K->349553K(349568K), 0.0372214 secs] 506567K->391556K(506816K), [Metaspace: 2698K->2698K(1056768K)], 0.0373290 secs] [Times: user=0.03 sys=0.00, real=0.03 secs] 
2021-01-22T19:39:47.223-0800: 49.703: [Full GC (Allocation Failure) 2021-01-22T19:39:47.223-0800: 49.703: [Tenured: 349553K->349499K(349568K), 0.0477462 secs] 506641K->395891K(506816K), [Metaspace: 2698K->2698K(1056768K)], 0.0478531 secs] [Times: user=0.04 sys=0.01, real=0.05 secs] 
2021-01-22T19:39:47.294-0800: 49.774: [Full GC (Allocation Failure) 2021-01-22T19:39:47.294-0800: 49.774: [Tenured: 349499K->349388K(349568K), 0.0621479 secs] 506612K->373568K(506816K), [Metaspace: 2698K->2698K(1056768K)], 0.0622544 secs] [Times: user=0.05 sys=0.00, real=0.06 secs] 
2021-01-22T19:39:47.379-0800: 49.859: [Full GC (Allocation Failure) 2021-01-22T19:39:47.379-0800: 49.859: [Tenured: 349388K->349526K(349568K), 0.0390661 secs] 506602K->392172K(506816K), [Metaspace: 2698K->2698K(1056768K)], 0.0392569 secs] [Times: user=0.03 sys=0.00, real=0.04 secs] 
2021-01-22T19:39:47.434-0800: 49.914: [Full GC (Allocation Failure) 2021-01-22T19:39:47.434-0800: 49.914: [Tenured: 349526K->349538K(349568K), 0.0433174 secs] 506763K->395115K(506816K), [Metaspace: 2698K->2698K(1056768K)], 0.0434197 secs] [Times: user=0.04 sys=0.00, real=0.04 secs] 
2021-01-22T19:39:47.493-0800: 49.973: [Full GC (Allocation Failure) 2021-01-22T19:39:47.493-0800: 49.973: [Tenured: 349538K->349223K(349568K), 0.0457438 secs] 506783K->395498K(506816K), [Metaspace: 2698K->2698K(1056768K)], 0.0458457 secs] [Times: user=0.04 sys=0.00, real=0.04 secs] 
2021-01-22T19:39:47.553-0800: 50.033: [Full GC (Allocation Failure) 2021-01-22T19:39:47.553-0800: 50.033: [Tenured: 349523K->349413K(349568K), 0.0479399 secs] 506758K->375184K(506816K), [Metaspace: 2698K->2698K(1056768K)], 0.0480463 secs] [Times: user=0.05 sys=0.00, real=0.05 secs] 
2021-01-22T19:39:47.617-0800: 50.097: [Full GC (Allocation Failure) 2021-01-22T19:39:47.617-0800: 50.097: [Tenured: 349486K->349548K(349568K), 0.0348283 secs] 506702K->394858K(506816K), [Metaspace: 2698K->2698K(1056768K)], 0.0350743 secs] [Times: user=0.03 sys=0.00, real=0.04 secs] 
2021-01-22T19:39:47.673-0800: 50.153: [Full GC (Allocation Failure) 2021-01-22T19:39:47.673-0800: 50.153: [Tenured: 349548K->349481K(349568K), 0.0568404 secs] 506792K->397978K(506816K), [Metaspace: 2698K->2698K(1056768K)], 0.0569492 secs] [Times: user=0.04 sys=0.00, real=0.06 secs] 
2021-01-22T19:39:47.748-0800: 50.228: [Full GC (Allocation Failure) 2021-01-22T19:39:47.748-0800: 50.228: [Tenured: 349481K->349554K(349568K), 0.0639988 secs] 506677K->396636K(506816K), [Metaspace: 2698K->2698K(1056768K)], 0.0641029 secs] [Times: user=0.05 sys=0.01, real=0.07 secs] 
2021-01-22T19:39:47.829-0800: 50.308: [Full GC (Allocation Failure) 2021-01-22T19:39:47.829-0800: 50.308: [Tenured: 349554K->349293K(349568K), 0.0478663 secs] 506700K->372958K(506816K), [Metaspace: 2698K->2698K(1056768K)], 0.0479836 secs] [Times: user=0.05 sys=0.00, real=0.05 secs] 
2021-01-22T19:39:47.893-0800: 50.373: [Full GC (Allocation Failure) 2021-01-22T19:39:47.893-0800: 50.373: [Tenured: 349293K->349552K(349568K), 0.0356701 secs] 506480K->391888K(506816K), [Metaspace: 2698K->2698K(1056768K)], 0.0357678 secs] [Times: user=0.04 sys=0.00, real=0.03 secs] 
2021-01-22T19:39:47.946-0800: 50.426: [Full GC (Allocation Failure) 2021-01-22T19:39:47.946-0800: 50.426: [Tenured: 349552K->349062K(349568K), 0.0378885 secs] 506783K->387527K(506816K), [Metaspace: 2698K->2698K(1056768K)], 0.0379896 secs] [Times: user=0.04 sys=0.00, real=0.04 secs] 
2021-01-22T19:39:47.998-0800: 50.478: [Full GC (Allocation Failure) 2021-01-22T19:39:47.998-0800: 50.478: [Tenured: 349314K->349521K(349568K), 0.0414487 secs] 506535K->386688K(506816K), [Metaspace: 2698K->2698K(1056768K)], 0.0415784 secs] [Times: user=0.05 sys=0.00, real=0.05 secs] 
2021-01-22T19:39:48.054-0800: 50.534: [Full GC (Allocation Failure) 2021-01-22T19:39:48.054-0800: 50.534: [Tenured: 349521K->349172K(349568K), 0.0461487 secs] 506730K->367145K(506816K), [Metaspace: 2698K->2698K(1056768K)], 0.0462493 secs] [Times: user=0.05 sys=0.00, real=0.05 secs] 
2021-01-22T19:39:48.118-0800: 50.598: [Full GC (Allocation Failure) 2021-01-22T19:39:48.118-0800: 50.598: [Tenured: 349172K->349442K(349568K), 0.0298401 secs] 506193K->386873K(506816K), [Metaspace: 2698K->2698K(1056768K)], 0.0299457 secs] [Times: user=0.03 sys=0.00, real=0.03 secs] 
2021-01-22T19:39:48.162-0800: 50.642: [Full GC (Allocation Failure) 2021-01-22T19:39:48.162-0800: 50.642: [Tenured: 349442K->349490K(349568K), 0.0370156 secs] 506448K->397725K(506816K), [Metaspace: 2698K->2698K(1056768K)], 0.0371187 secs] [Times: user=0.03 sys=0.00, real=0.03 secs] 
2021-01-22T19:39:48.212-0800: 50.692: [Full GC (Allocation Failure) 2021-01-22T19:39:48.212-0800: 50.692: [Tenured: 349490K->349277K(349568K), 0.0408228 secs] 506673K->402630K(506816K), [Metaspace: 2698K->2698K(1056768K)], 0.0409240 secs] [Times: user=0.04 sys=0.00, real=0.04 secs] 
2021-01-22T19:39:48.266-0800: 50.746: [Full GC (Allocation Failure) 2021-01-22T19:39:48.266-0800: 50.746: [Tenured: 349277K->349404K(349568K), 0.0466329 secs] 506182K->375823K(506816K), [Metaspace: 2698K->2698K(1056768K)], 0.0467324 secs] [Times: user=0.04 sys=0.00, real=0.05 secs] 
2021-01-22T19:39:48.328-0800: 50.808: [Full GC (Allocation Failure) 2021-01-22T19:39:48.328-0800: 50.808: [Tenured: 349404K->349497K(349568K), 0.0335088 secs] 506584K->392460K(506816K), [Metaspace: 2698K->2698K(1056768K)], 0.0336167 secs] [Times: user=0.03 sys=0.00, real=0.04 secs] 
2021-01-22T19:39:48.377-0800: 50.857: [Full GC (Allocation Failure) 2021-01-22T19:39:48.377-0800: 50.857: [Tenured: 349497K->349295K(349568K), 0.0578671 secs] 506663K->395141K(506816K), [Metaspace: 2698K->2698K(1056768K)], 0.0579803 secs] [Times: user=0.04 sys=0.00, real=0.06 secs] 
2021-01-22T19:39:48.460-0800: 50.940: [Full GC (Allocation Failure) 2021-01-22T19:39:48.460-0800: 50.940: [Tenured: 349486K->349508K(349568K), 0.0569762 secs] 506702K->387397K(506816K), [Metaspace: 2698K->2698K(1056768K)], 0.0572005 secs] [Times: user=0.05 sys=0.00, real=0.05 secs] 
2021-01-22T19:39:48.536-0800: 51.016: [Full GC (Allocation Failure) 2021-01-22T19:39:48.536-0800: 51.016: [Tenured: 349508K->349532K(349568K), 0.0722979 secs] 506231K->365552K(506816K), [Metaspace: 2698K->2698K(1056768K)], 0.0724084 secs] [Times: user=0.06 sys=0.00, real=0.07 secs] 
2021-01-22T19:39:48.626-0800: 51.106: [Full GC (Allocation Failure) 2021-01-22T19:39:48.626-0800: 51.106: [Tenured: 349532K->349493K(349568K), 0.0320524 secs] 506655K->385045K(506816K), [Metaspace: 2698K->2698K(1056768K)], 0.0321531 secs] [Times: user=0.04 sys=0.00, real=0.03 secs] 
2021-01-22T19:39:48.673-0800: 51.153: [Full GC (Allocation Failure) 2021-01-22T19:39:48.673-0800: 51.153: [Tenured: 349493K->349390K(349568K), 0.0394986 secs] 506299K->384994K(506816K), [Metaspace: 2698K->2698K(1056768K)], 0.0395969 secs] [Times: user=0.04 sys=0.01, real=0.04 secs] 
2021-01-22T19:39:48.728-0800: 51.208: [Full GC (Allocation Failure) 2021-01-22T19:39:48.728-0800: 51.208: [Tenured: 349390K->349163K(349568K), 0.0406225 secs] 506364K->383419K(506816K), [Metaspace: 2698K->2698K(1056768K)], 0.0407228 secs] [Times: user=0.04 sys=0.00, real=0.04 secs] 
2021-01-22T19:39:48.784-0800: 51.264: [Full GC (Allocation Failure) 2021-01-22T19:39:48.784-0800: 51.264: [Tenured: 349521K->349426K(349568K), 0.0469914 secs] 506728K->366949K(506816K), [Metaspace: 2698K->2698K(1056768K)], 0.0470911 secs] [Times: user=0.04 sys=0.00, real=0.05 secs] 
2021-01-22T19:39:48.847-0800: 51.327: [Full GC (Allocation Failure) 2021-01-22T19:39:48.847-0800: 51.327: [Tenured: 349486K->349560K(349568K), 0.0286807 secs] 506728K->388502K(506816K), [Metaspace: 2698K->2698K(1056768K)], 0.0287885 secs] [Times: user=0.03 sys=0.00, real=0.03 secs] 
2021-01-22T19:39:48.890-0800: 51.370: [Full GC (Allocation Failure) 2021-01-22T19:39:48.890-0800: 51.370: [Tenured: 349560K->349521K(349568K), 0.0357766 secs] 506748K->389011K(506816K), [Metaspace: 2698K->2698K(1056768K)], 0.0359006 secs] [Times: user=0.04 sys=0.00, real=0.03 secs] 
2021-01-22T19:39:48.940-0800: 51.420: [Full GC (Allocation Failure) 2021-01-22T19:39:48.940-0800: 51.420: [Tenured: 349521K->349303K(349568K), 0.0404456 secs] 506639K->387308K(506816K), [Metaspace: 2698K->2698K(1056768K)], 0.0405534 secs] [Times: user=0.04 sys=0.00, real=0.04 secs] 
2021-01-22T19:39:48.995-0800: 51.475: [Full GC (Allocation Failure) 2021-01-22T19:39:48.995-0800: 51.475: [Tenured: 349303K->349389K(349568K), 0.0453657 secs] 506391K->370042K(506816K), [Metaspace: 2698K->2698K(1056768K)], 0.0454668 secs] [Times: user=0.04 sys=0.00, real=0.05 secs] 
2021-01-22T19:39:49.056-0800: 51.536: [Full GC (Allocation Failure) 2021-01-22T19:39:49.056-0800: 51.536: [Tenured: 349548K->349413K(349568K), 0.0288396 secs] 506689K->394205K(506816K), [Metaspace: 2698K->2698K(1056768K)], 0.0289409 secs] [Times: user=0.03 sys=0.00, real=0.03 secs] 
2021-01-22T19:39:49.098-0800: 51.578: [Full GC (Allocation Failure) 2021-01-22T19:39:49.099-0800: 51.578: [Tenured: 349560K->349399K(349568K), 0.0402987 secs] 506783K->391108K(506816K), [Metaspace: 2698K->2698K(1056768K)], 0.0404268 secs] [Times: user=0.04 sys=0.00, real=0.04 secs] 
2021-01-22T19:39:49.154-0800: 51.634: [Full GC (Allocation Failure) 2021-01-22T19:39:49.154-0800: 51.634: [Tenured: 349399K->349362K(349568K), 0.0438155 secs] 506621K->392571K(506816K), [Metaspace: 2698K->2698K(1056768K)], 0.0439159 secs] [Times: user=0.05 sys=0.00, real=0.04 secs] 
2021-01-22T19:39:49.212-0800: 51.692: [Full GC (Allocation Failure) 2021-01-22T19:39:49.212-0800: 51.692: [Tenured: 349470K->349471K(349568K), 0.0502223 secs] 506689K->373976K(506816K), [Metaspace: 2698K->2698K(1056768K)], 0.0503396 secs] [Times: user=0.05 sys=0.00, real=0.05 secs] 
2021-01-22T19:39:49.279-0800: 51.759: [Full GC (Allocation Failure) 2021-01-22T19:39:49.279-0800: 51.759: [Tenured: 349471K->349292K(349568K), 0.0275880 secs] 506594K->391114K(506816K), [Metaspace: 2698K->2698K(1056768K)], 0.0276913 secs] [Times: user=0.03 sys=0.00, real=0.03 secs] 
2021-01-22T19:39:49.321-0800: 51.801: [Full GC (Allocation Failure) 2021-01-22T19:39:49.321-0800: 51.801: [Tenured: 349536K->349566K(349568K), 0.0361292 secs] 506784K->392380K(506816K), [Metaspace: 2698K->2698K(1056768K)], 0.0362326 secs] [Times: user=0.03 sys=0.00, real=0.03 secs] 
2021-01-22T19:39:49.372-0800: 51.852: [Full GC (Allocation Failure) 2021-01-22T19:39:49.372-0800: 51.852: [Tenured: 349566K->349368K(349568K), 0.0393035 secs] 506733K->391785K(506816K), [Metaspace: 2698K->2698K(1056768K)], 0.0394083 secs] [Times: user=0.04 sys=0.00, real=0.04 secs] 
2021-01-22T19:39:49.425-0800: 51.905: [Full GC (Allocation Failure) 2021-01-22T19:39:49.425-0800: 51.905: [Tenured: 349368K->349450K(349568K), 0.0455545 secs] 506389K->372739K(506816K), [Metaspace: 2698K->2698K(1056768K)], 0.0456561 secs] [Times: user=0.05 sys=0.00, real=0.05 secs] 
2021-01-22T19:39:49.487-0800: 51.967: [Full GC (Allocation Failure) 2021-01-22T19:39:49.487-0800: 51.967: [Tenured: 349522K->349527K(349568K), 0.0287582 secs] 506728K->387394K(506816K), [Metaspace: 2698K->2698K(1056768K)], 0.0288555 secs] [Times: user=0.03 sys=0.00, real=0.03 secs] 
2021-01-22T19:39:49.531-0800: 52.011: [Full GC (Allocation Failure) 2021-01-22T19:39:49.531-0800: 52.011: [Tenured: 349527K->349555K(349568K), 0.0367003 secs] 506597K->383581K(506816K), [Metaspace: 2698K->2698K(1056768K)], 0.0368009 secs] [Times: user=0.04 sys=0.00, real=0.03 secs] 
2021-01-22T19:39:49.582-0800: 52.062: [Full GC (Allocation Failure) 2021-01-22T19:39:49.582-0800: 52.062: [Tenured: 349555K->349533K(349568K), 0.0393776 secs] 506788K->383939K(506816K), [Metaspace: 2698K->2698K(1056768K)], 0.0394811 secs] [Times: user=0.04 sys=0.00, real=0.04 secs] 
2021-01-22T19:39:49.636-0800: 52.116: [Full GC (Allocation Failure) 2021-01-22T19:39:49.636-0800: 52.116: [Tenured: 349533K->349159K(349568K), 0.0456598 secs] 506767K->371528K(506816K), [Metaspace: 2698K->2698K(1056768K)], 0.0457629 secs] [Times: user=0.04 sys=0.00, real=0.05 secs] 
2021-01-22T19:39:49.699-0800: 52.179: [Full GC (Allocation Failure) 2021-01-22T19:39:49.699-0800: 52.179: [Tenured: 349492K->349107K(349568K), 0.0297047 secs] 506455K->387403K(506816K), [Metaspace: 2698K->2698K(1056768K)], 0.0298122 secs] [Times: user=0.03 sys=0.00, real=0.03 secs] 
2021-01-22T19:39:49.743-0800: 52.223: [Full GC (Allocation Failure) 2021-01-22T19:39:49.743-0800: 52.223: [Tenured: 349476K->349557K(349568K), 0.0367858 secs] 506533K->384009K(506816K), [Metaspace: 2698K->2698K(1056768K)], 0.0368840 secs] [Times: user=0.03 sys=0.00, real=0.04 secs] 
2021-01-22T19:39:49.794-0800: 52.274: [Full GC (Allocation Failure) 2021-01-22T19:39:49.794-0800: 52.274: [Tenured: 349557K->349560K(349568K), 0.0391987 secs] 506684K->391710K(506816K), [Metaspace: 2698K->2698K(1056768K)], 0.0393031 secs] [Times: user=0.04 sys=0.00, real=0.04 secs] 
2021-01-22T19:39:49.848-0800: 52.328: [Full GC (Allocation Failure) 2021-01-22T19:39:49.848-0800: 52.328: [Tenured: 349560K->349205K(349568K), 0.0460184 secs] 506451K->373368K(506816K), [Metaspace: 2698K->2698K(1056768K)], 0.0461237 secs] [Times: user=0.05 sys=0.00, real=0.05 secs] 
2021-01-22T19:39:49.910-0800: 52.390: [Full GC (Allocation Failure) 2021-01-22T19:39:49.910-0800: 52.390: [Tenured: 349326K->349511K(349568K), 0.0276619 secs] 506569K->389158K(506816K), [Metaspace: 2698K->2698K(1056768K)], 0.0277794 secs] [Times: user=0.03 sys=0.00, real=0.02 secs] 
2021-01-22T19:39:49.953-0800: 52.433: [Full GC (Allocation Failure) 2021-01-22T19:39:49.953-0800: 52.433: [Tenured: 349511K->349254K(349568K), 0.0378928 secs] 506755K->388474K(506816K), [Metaspace: 2698K->2698K(1056768K)], 0.0379966 secs] [Times: user=0.04 sys=0.00, real=0.04 secs] 
2021-01-22T19:39:50.005-0800: 52.485: [Full GC (Allocation Failure) 2021-01-22T19:39:50.005-0800: 52.485: [Tenured: 349254K->349524K(349568K), 0.0400770 secs] 506197K->390826K(506816K), [Metaspace: 2698K->2698K(1056768K)], 0.0401711 secs] [Times: user=0.04 sys=0.00, real=0.04 secs] 
2021-01-22T19:39:50.059-0800: 52.539: [Full GC (Allocation Failure) 2021-01-22T19:39:50.059-0800: 52.539: [Tenured: 349524K->349552K(349568K), 0.0471475 secs] 506440K->371805K(506816K), [Metaspace: 2698K->2698K(1056768K)], 0.0472523 secs] [Times: user=0.05 sys=0.00, real=0.05 secs] 
2021-01-22T19:39:50.122-0800: 52.602: [Full GC (Allocation Failure) 2021-01-22T19:39:50.122-0800: 52.602: [Tenured: 349552K->349370K(349568K), 0.0305087 secs] 506673K->393667K(506816K), [Metaspace: 2698K->2698K(1056768K)], 0.0309911 secs] [Times: user=0.03 sys=0.00, real=0.03 secs] 
2021-01-22T19:39:50.174-0800: 52.654: [Full GC (Allocation Failure) 2021-01-22T19:39:50.174-0800: 52.654: [Tenured: 349467K->349559K(349568K), 0.0579156 secs] 506697K->396180K(506816K), [Metaspace: 2698K->2698K(1056768K)], 0.0580378 secs] [Times: user=0.05 sys=0.00, real=0.06 secs] 
2021-01-22T19:39:50.250-0800: 52.730: [Full GC (Allocation Failure) 2021-01-22T19:39:50.250-0800: 52.730: [Tenured: 349559K->349524K(349568K), 0.0588357 secs] 506580K->397743K(506816K), [Metaspace: 2698K->2698K(1056768K)], 0.0589340 secs] [Times: user=0.06 sys=0.00, real=0.05 secs] 
2021-01-22T19:39:50.322-0800: 52.802: [Full GC (Allocation Failure) 2021-01-22T19:39:50.322-0800: 52.802: [Tenured: 349524K->349427K(349568K), 0.0484236 secs] 506315K->378593K(506816K), [Metaspace: 2698K->2698K(1056768K)], 0.0485232 secs] [Times: user=0.05 sys=0.00, real=0.05 secs] 
2021-01-22T19:39:50.386-0800: 52.866: [Full GC (Allocation Failure) 2021-01-22T19:39:50.386-0800: 52.866: [Tenured: 349427K->349554K(349568K), 0.0316210 secs] 506399K->394936K(506816K), [Metaspace: 2698K->2698K(1056768K)], 0.0317179 secs] [Times: user=0.03 sys=0.00, real=0.03 secs] 
2021-01-22T19:39:50.431-0800: 52.911: [Full GC (Allocation Failure) 2021-01-22T19:39:50.431-0800: 52.911: [Tenured: 349554K->349324K(349568K), 0.0391688 secs] 506762K->396349K(506816K), [Metaspace: 2698K->2698K(1056768K)], 0.0392876 secs] [Times: user=0.04 sys=0.00, real=0.04 secs] 
2021-01-22T19:39:50.484-0800: 52.964: [Full GC (Allocation Failure) 2021-01-22T19:39:50.484-0800: 52.964: [Tenured: 349565K->349271K(349568K), 0.0407696 secs] 506813K->387044K(506816K), [Metaspace: 2698K->2698K(1056768K)], 0.0408748 secs] [Times: user=0.04 sys=0.00, real=0.04 secs] 
2021-01-22T19:39:50.539-0800: 53.019: [Full GC (Allocation Failure) 2021-01-22T19:39:50.539-0800: 53.019: [Tenured: 349271K->349338K(349568K), 0.0457856 secs] 506466K->371218K(506816K), [Metaspace: 2698K->2698K(1056768K)], 0.0458907 secs] [Times: user=0.05 sys=0.00, real=0.05 secs] 
2021-01-22T19:39:50.602-0800: 53.082: [Full GC (Allocation Failure) 2021-01-22T19:39:50.602-0800: 53.082: [Tenured: 349482K->348996K(349568K), 0.0287606 secs] 506633K->385545K(506816K), [Metaspace: 2698K->2698K(1056768K)], 0.0288665 secs] [Times: user=0.02 sys=0.00, real=0.03 secs] 
2021-01-22T19:39:50.644-0800: 53.125: [Full GC (Allocation Failure) 2021-01-22T19:39:50.645-0800: 53.125: [Tenured: 349420K->349549K(349568K), 0.0360077 secs] 506665K->383660K(506816K), [Metaspace: 2698K->2698K(1056768K)], 0.0361108 secs] [Times: user=0.03 sys=0.00, real=0.04 secs] 
2021-01-22T19:39:50.696-0800: 53.176: [Full GC (Allocation Failure) 2021-01-22T19:39:50.696-0800: 53.176: [Tenured: 349567K->349560K(349568K), 0.0402975 secs] 506798K->386486K(506816K), [Metaspace: 2698K->2698K(1056768K)], 0.0403955 secs] [Times: user=0.04 sys=0.00, real=0.04 secs] 
2021-01-22T19:39:50.752-0800: 53.232: [Full GC (Allocation Failure) 2021-01-22T19:39:50.753-0800: 53.233: [Tenured: 349560K->349311K(349568K), 0.0646348 secs] 506716K->372062K(506816K), [Metaspace: 2698K->2698K(1056768K)], 0.0647736 secs] [Times: user=0.06 sys=0.00, real=0.06 secs] 
2021-01-22T19:39:50.842-0800: 53.322: [Full GC (Allocation Failure) 2021-01-22T19:39:50.842-0800: 53.322: [Tenured: 349539K->349498K(349568K), 0.0426390 secs] 506703K->399655K(506816K), [Metaspace: 2698K->2698K(1056768K)], 0.0427672 secs] [Times: user=0.04 sys=0.00, real=0.04 secs] 
2021-01-22T19:39:50.901-0800: 53.381: [Full GC (Allocation Failure) 2021-01-22T19:39:50.901-0800: 53.382: [Tenured: 349498K->349507K(349568K), 0.0593073 secs] 506297K->397866K(506816K), [Metaspace: 2698K->2698K(1056768K)], 0.0594156 secs] [Times: user=0.06 sys=0.00, real=0.06 secs] 
2021-01-22T19:39:50.976-0800: 53.456: [Full GC (Allocation Failure) 2021-01-22T19:39:50.976-0800: 53.456: [Tenured: 349507K->349389K(349568K), 0.0476634 secs] 506632K->392494K(506816K), [Metaspace: 2698K->2698K(1056768K)], 0.0477650 secs] [Times: user=0.05 sys=0.01, real=0.05 secs] 
2021-01-22T19:39:51.037-0800: 53.517: [Full GC (Allocation Failure) 2021-01-22T19:39:51.037-0800: 53.517: [Tenured: 349533K->349286K(349568K), 0.0478596 secs] 506723K->377623K(506816K), [Metaspace: 2698K->2698K(1056768K)], 0.0479665 secs] [Times: user=0.05 sys=0.00, real=0.05 secs] 
2021-01-22T19:39:51.101-0800: 53.582: [Full GC (Allocation Failure) 2021-01-22T19:39:51.102-0800: 53.582: [Tenured: 349286K->349202K(349568K), 0.0305608 secs] 506387K->390142K(506816K), [Metaspace: 2698K->2698K(1056768K)], 0.0306597 secs] [Times: user=0.03 sys=0.00, real=0.03 secs] 
2021-01-22T19:39:51.145-0800: 53.625: [Full GC (Allocation Failure) 2021-01-22T19:39:51.145-0800: 53.625: [Tenured: 349493K->349365K(349568K), 0.0440877 secs] 506729K->388601K(506816K), [Metaspace: 2698K->2698K(1056768K)], 0.0441983 secs] [Times: user=0.04 sys=0.00, real=0.05 secs] 
2021-01-22T19:39:51.204-0800: 53.684: [Full GC (Allocation Failure) 2021-01-22T19:39:51.204-0800: 53.684: [Tenured: 349543K->349558K(349568K), 0.0402750 secs] 506766K->391257K(506816K), [Metaspace: 2698K->2698K(1056768K)], 0.0403839 secs] [Times: user=0.04 sys=0.00, real=0.04 secs] 
2021-01-22T19:39:51.259-0800: 53.739: [Full GC (Allocation Failure) 2021-01-22T19:39:51.259-0800: 53.739: [Tenured: 349558K->349554K(349568K), 0.0459672 secs] 506780K->377050K(506816K), [Metaspace: 2698K->2698K(1056768K)], 0.0460989 secs] [Times: user=0.04 sys=0.00, real=0.05 secs] 
2021-01-22T19:39:51.322-0800: 53.802: [Full GC (Allocation Failure) 2021-01-22T19:39:51.322-0800: 53.802: [Tenured: 349554K->349535K(349568K), 0.0254271 secs] 506777K->398220K(506816K), [Metaspace: 2698K->2698K(1056768K)], 0.0255352 secs] [Times: user=0.02 sys=0.00, real=0.02 secs] 
2021-01-22T19:39:51.363-0800: 53.843: [Full GC (Allocation Failure) 2021-01-22T19:39:51.363-0800: 53.843: [Tenured: 349535K->349404K(349568K), 0.0380679 secs] 506731K->396262K(506816K), [Metaspace: 2698K->2698K(1056768K)], 0.0382216 secs] [Times: user=0.04 sys=0.00, real=0.04 secs] 
2021-01-22T19:39:51.415-0800: 53.896: [Full GC (Allocation Failure) 2021-01-22T19:39:51.416-0800: 53.896: [Tenured: 349404K->349416K(349568K), 0.0440642 secs] 506384K->398489K(506816K), [Metaspace: 2698K->2698K(1056768K)], 0.0441759 secs] [Times: user=0.04 sys=0.00, real=0.05 secs] 
2021-01-22T19:39:51.474-0800: 53.954: [Full GC (Allocation Failure) 2021-01-22T19:39:51.474-0800: 53.954: [Tenured: 349416K->349384K(349568K), 0.0503240 secs] 506557K->374056K(506816K), [Metaspace: 2698K->2698K(1056768K)], 0.0509728 secs] [Times: user=0.05 sys=0.00, real=0.05 secs] 
2021-01-22T19:39:51.540-0800: 54.020: [Full GC (Allocation Failure) 2021-01-22T19:39:51.540-0800: 54.020: [Tenured: 349384K->349247K(349568K), 0.0346672 secs] 506313K->390935K(506816K), [Metaspace: 2698K->2698K(1056768K)], 0.0347883 secs] [Times: user=0.03 sys=0.00, real=0.03 secs] 
2021-01-22T19:39:51.589-0800: 54.069: [Full GC (Allocation Failure) 2021-01-22T19:39:51.589-0800: 54.069: [Tenured: 349247K->349321K(349568K), 0.0454394 secs] 506287K->397905K(506816K), [Metaspace: 2698K->2698K(1056768K)], 0.0455381 secs] [Times: user=0.04 sys=0.00, real=0.05 secs] 
2021-01-22T19:39:51.648-0800: 54.128: [Full GC (Allocation Failure) 2021-01-22T19:39:51.648-0800: 54.129: [Tenured: 349465K->349501K(349568K), 0.0482126 secs] 506605K->397041K(506816K), [Metaspace: 2698K->2698K(1056768K)], 0.0483196 secs] [Times: user=0.05 sys=0.00, real=0.05 secs] 
2021-01-22T19:39:51.712-0800: 54.192: [Full GC (Allocation Failure) 2021-01-22T19:39:51.712-0800: 54.192: [Tenured: 349555K->349470K(349568K), 0.0547886 secs] 506799K->377598K(506816K), [Metaspace: 2698K->2698K(1056768K)], 0.0548738 secs] [Times: user=0.05 sys=0.00, real=0.05 secs] 
2021-01-22T19:39:51.782-0800: 54.262: [Full GC (Allocation Failure) 2021-01-22T19:39:51.782-0800: 54.262: [Tenured: 349561K->349396K(349568K), 0.0274858 secs] 506772K->398228K(506816K), [Metaspace: 2698K->2698K(1056768K)], 0.0275894 secs] [Times: user=0.03 sys=0.00, real=0.03 secs] 
2021-01-22T19:39:51.824-0800: 54.304: [Full GC (Allocation Failure) 2021-01-22T19:39:51.824-0800: 54.304: [Tenured: 349530K->349510K(349568K), 0.0376683 secs] 506708K->395123K(506816K), [Metaspace: 2698K->2698K(1056768K)], 0.0377576 secs] [Times: user=0.04 sys=0.00, real=0.04 secs] 
2021-01-22T19:39:51.875-0800: 54.355: [Full GC (Allocation Failure) 2021-01-22T19:39:51.875-0800: 54.356: [Tenured: 349510K->349557K(349568K), 0.0372317 secs] 506282K->389037K(506816K), [Metaspace: 2698K->2698K(1056768K)], 0.0373320 secs] [Times: user=0.04 sys=0.00, real=0.04 secs] 
2021-01-22T19:39:51.927-0800: 54.407: [Full GC (Allocation Failure) 2021-01-22T19:39:51.927-0800: 54.407: [Tenured: 349557K->349484K(349568K), 0.0492918 secs] 506724K->370550K(506816K), [Metaspace: 2698K->2698K(1056768K)], 0.0493934 secs] [Times: user=0.05 sys=0.00, real=0.05 secs] 
2021-01-22T19:39:51.992-0800: 54.472: [Full GC (Allocation Failure) 2021-01-22T19:39:51.992-0800: 54.472: [Tenured: 349484K->349310K(349568K), 0.0309919 secs] 506310K->387220K(506816K), [Metaspace: 2698K->2698K(1056768K)], 0.0311023 secs] [Times: user=0.03 sys=0.00, real=0.03 secs] 
2021-01-22T19:39:52.039-0800: 54.519: [Full GC (Allocation Failure) 2021-01-22T19:39:52.039-0800: 54.519: [Tenured: 349526K->349058K(349568K), 0.0374748 secs] 506766K->380642K(506816K), [Metaspace: 2698K->2698K(1056768K)], 0.0375762 secs] [Times: user=0.04 sys=0.00, real=0.04 secs] 
2021-01-22T19:39:52.091-0800: 54.571: [Full GC (Allocation Failure) 2021-01-22T19:39:52.091-0800: 54.571: [Tenured: 349176K->349482K(349568K), 0.0381993 secs] 506335K->380541K(506816K), [Metaspace: 2698K->2698K(1056768K)], 0.0383002 secs] [Times: user=0.04 sys=0.00, real=0.03 secs] 
2021-01-22T19:39:52.144-0800: 54.624: [Full GC (Allocation Failure) 2021-01-22T19:39:52.144-0800: 54.624: [Tenured: 349518K->349013K(349568K), 0.0447523 secs] 506755K->357844K(506816K), [Metaspace: 2698K->2698K(1056768K)], 0.0448629 secs] [Times: user=0.04 sys=0.00, real=0.04 secs] 
2021-01-22T19:39:52.208-0800: 54.688: [Full GC (Allocation Failure) 2021-01-22T19:39:52.208-0800: 54.688: [Tenured: 349531K->349516K(349568K), 0.0288627 secs] 506753K->386702K(506816K), [Metaspace: 2698K->2698K(1056768K)], 0.0289665 secs] [Times: user=0.03 sys=0.00, real=0.03 secs] 
2021-01-22T19:39:52.251-0800: 54.731: [Full GC (Allocation Failure) 2021-01-22T19:39:52.251-0800: 54.731: [Tenured: 349516K->349430K(349568K), 0.0350824 secs] 506695K->383631K(506816K), [Metaspace: 2698K->2698K(1056768K)], 0.0351913 secs] [Times: user=0.04 sys=0.00, real=0.03 secs] 
2021-01-22T19:39:52.302-0800: 54.782: [Full GC (Allocation Failure) 2021-01-22T19:39:52.302-0800: 54.782: [Tenured: 349502K->349491K(349568K), 0.0384935 secs] 506716K->385124K(506816K), [Metaspace: 2698K->2698K(1056768K)], 0.0385919 secs] [Times: user=0.04 sys=0.00, real=0.04 secs] 
2021-01-22T19:39:52.354-0800: 54.834: [Full GC (Allocation Failure) 2021-01-22T19:39:52.354-0800: 54.834: [Tenured: 349491K->349107K(349568K), 0.0447566 secs] 506622K->367877K(506816K), [Metaspace: 2698K->2698K(1056768K)], 0.0448776 secs] [Times: user=0.04 sys=0.00, real=0.04 secs] 
2021-01-22T19:39:52.416-0800: 54.897: [Full GC (Allocation Failure) 2021-01-22T19:39:52.416-0800: 54.897: [Tenured: 349514K->348936K(349568K), 0.0291804 secs] 506746K->387376K(506816K), [Metaspace: 2698K->2698K(1056768K)], 0.0292836 secs] [Times: user=0.03 sys=0.00, real=0.03 secs] 
2021-01-22T19:39:52.460-0800: 54.941: [Full GC (Allocation Failure) 2021-01-22T19:39:52.460-0800: 54.941: [Tenured: 349308K->349388K(349568K), 0.0378577 secs] 506226K->389090K(506816K), [Metaspace: 2698K->2698K(1056768K)], 0.0379660 secs] [Times: user=0.04 sys=0.00, real=0.03 secs] 
2021-01-22T19:39:52.512-0800: 54.992: [Full GC (Allocation Failure) 2021-01-22T19:39:52.512-0800: 54.992: [Tenured: 349388K->349336K(349568K), 0.0396112 secs] 506594K->384123K(506816K), [Metaspace: 2698K->2698K(1056768K)], 0.0397163 secs] [Times: user=0.04 sys=0.00, real=0.04 secs] 
2021-01-22T19:39:52.567-0800: 55.048: [Full GC (Allocation Failure) 2021-01-22T19:39:52.568-0800: 55.048: [Tenured: 349336K->349411K(349568K), 0.0448353 secs] 506087K->366937K(506816K), [Metaspace: 2698K->2698K(1056768K)], 0.0449336 secs] [Times: user=0.04 sys=0.00, real=0.05 secs] 
2021-01-22T19:39:52.629-0800: 55.109: [Full GC (Allocation Failure) 2021-01-22T19:39:52.629-0800: 55.109: [Tenured: 349411K->349422K(349568K), 0.0296823 secs] 506416K->383072K(506816K), [Metaspace: 2698K->2698K(1056768K)], 0.0297878 secs] [Times: user=0.03 sys=0.00, real=0.03 secs] 
2021-01-22T19:39:52.673-0800: 55.153: [Full GC (Allocation Failure) 2021-01-22T19:39:52.673-0800: 55.153: [Tenured: 349422K->349443K(349568K), 0.0364832 secs] 506527K->379350K(506816K), [Metaspace: 2698K->2698K(1056768K)], 0.0365869 secs] [Times: user=0.04 sys=0.00, real=0.04 secs] 
2021-01-22T19:39:52.725-0800: 55.205: [Full GC (Allocation Failure) 2021-01-22T19:39:52.725-0800: 55.205: [Tenured: 349443K->349432K(349568K), 0.0390473 secs] 506601K->371850K(506816K), [Metaspace: 2698K->2698K(1056768K)], 0.0391448 secs] [Times: user=0.04 sys=0.00, real=0.04 secs] 
2021-01-22T19:39:52.781-0800: 55.262: [Full GC (Allocation Failure) 2021-01-22T19:39:52.782-0800: 55.262: [Tenured: 349432K->349469K(349568K), 0.0437695 secs] 506492K->353800K(506816K), [Metaspace: 2698K->2698K(1056768K)], 0.0438767 secs] [Times: user=0.04 sys=0.00, real=0.04 secs] 
2021-01-22T19:39:52.843-0800: 55.324: [Full GC (Allocation Failure) 2021-01-22T19:39:52.843-0800: 55.324: [Tenured: 349469K->349267K(349568K), 0.0301187 secs] 506706K->373408K(506816K), [Metaspace: 2698K->2698K(1056768K)], 0.0302249 secs] [Times: user=0.03 sys=0.00, real=0.03 secs] 
2021-01-22T19:39:52.890-0800: 55.370: [Full GC (Allocation Failure) 2021-01-22T19:39:52.890-0800: 55.370: [Tenured: 349363K->348969K(349568K), 0.0373776 secs] 506528K->378290K(506816K), [Metaspace: 2698K->2698K(1056768K)], 0.0374806 secs] [Times: user=0.04 sys=0.00, real=0.03 secs] 
2021-01-22T19:39:52.943-0800: 55.423: [Full GC (Allocation Failure) 2021-01-22T19:39:52.943-0800: 55.423: [Tenured: 349560K->349027K(349568K), 0.0407356 secs] 506763K->381580K(506816K), [Metaspace: 2698K->2698K(1056768K)], 0.0408411 secs] [Times: user=0.04 sys=0.00, real=0.04 secs] 
2021-01-22T19:39:52.999-0800: 55.479: [Full GC (Allocation Failure) 2021-01-22T19:39:52.999-0800: 55.479: [Tenured: 349497K->349258K(349568K), 0.0445491 secs] 506711K->364790K(506816K), [Metaspace: 2698K->2698K(1056768K)], 0.0446640 secs] [Times: user=0.04 sys=0.00, real=0.05 secs] 
2021-01-22T19:39:53.061-0800: 55.541: [Full GC (Allocation Failure) 2021-01-22T19:39:53.061-0800: 55.541: [Tenured: 349258K->348973K(349568K), 0.0291425 secs] 505924K->381434K(506816K), [Metaspace: 2698K->2698K(1056768K)], 0.0292522 secs] [Times: user=0.03 sys=0.00, real=0.03 secs] 
2021-01-22T19:39:53.108-0800: 55.588: [Full GC (Allocation Failure) 2021-01-22T19:39:53.108-0800: 55.588: [Tenured: 349171K->349545K(349568K), 0.0378837 secs] 506399K->383148K(506816K), [Metaspace: 2698K->2698K(1056768K)], 0.0380539 secs] [Times: user=0.04 sys=0.00, real=0.04 secs] 
2021-01-22T19:39:53.160-0800: 55.641: [Full GC (Allocation Failure) 2021-01-22T19:39:53.161-0800: 55.641: [Tenured: 349545K->349521K(349568K), 0.0390625 secs] 506644K->386665K(506816K), [Metaspace: 2698K->2698K(1056768K)], 0.0391617 secs] [Times: user=0.04 sys=0.00, real=0.04 secs] 
2021-01-22T19:39:53.214-0800: 55.694: [Full GC (Allocation Failure) 2021-01-22T19:39:53.214-0800: 55.694: [Tenured: 349557K->349557K(349568K), 0.0461037 secs] 506770K->374402K(506816K), [Metaspace: 2698K->2698K(1056768K)], 0.0462019 secs] [Times: user=0.05 sys=0.00, real=0.05 secs] 
2021-01-22T19:39:53.277-0800: 55.758: [Full GC (Allocation Failure) 2021-01-22T19:39:53.277-0800: 55.758: [Tenured: 349557K->349429K(349568K), 0.0304027 secs] 506698K->392484K(506816K), [Metaspace: 2698K->2698K(1056768K)], 0.0305004 secs] [Times: user=0.03 sys=0.00, real=0.03 secs] 
2021-01-22T19:39:53.321-0800: 55.801: [Full GC (Allocation Failure) 2021-01-22T19:39:53.321-0800: 55.801: [Tenured: 349429K->349488K(349568K), 0.0370897 secs] 506617K->386864K(506816K), [Metaspace: 2698K->2698K(1056768K)], 0.0371956 secs] [Times: user=0.03 sys=0.00, real=0.03 secs] 
2021-01-22T19:39:53.373-0800: 55.853: [Full GC (Allocation Failure) 2021-01-22T19:39:53.373-0800: 55.853: [Tenured: 349488K->349538K(349568K), 0.0388605 secs] 506346K->384237K(506816K), [Metaspace: 2698K->2698K(1056768K)], 0.0389669 secs] [Times: user=0.04 sys=0.00, real=0.04 secs] 
2021-01-22T19:39:53.427-0800: 55.907: [Full GC (Allocation Failure) 2021-01-22T19:39:53.427-0800: 55.907: [Tenured: 349538K->349352K(349568K), 0.0449794 secs] 506779K->370146K(506816K), [Metaspace: 2698K->2698K(1056768K)], 0.0450857 secs] [Times: user=0.05 sys=0.00, real=0.05 secs] 
2021-01-22T19:39:53.490-0800: 55.970: [Full GC (Allocation Failure) 2021-01-22T19:39:53.490-0800: 55.970: [Tenured: 349424K->349461K(349568K), 0.0247775 secs] 506625K->385658K(506816K), [Metaspace: 2698K->2698K(1056768K)], 0.0248786 secs] [Times: user=0.03 sys=0.00, real=0.02 secs] 
2021-01-22T19:39:53.529-0800: 56.009: [Full GC (Allocation Failure) 2021-01-22T19:39:53.529-0800: 56.009: [Tenured: 349461K->349340K(349568K), 0.0349014 secs] 506533K->383264K(506816K), [Metaspace: 2698K->2698K(1056768K)], 0.0349997 secs] [Times: user=0.04 sys=0.00, real=0.04 secs] 
2021-01-22T19:39:53.580-0800: 56.060: [Full GC (Allocation Failure) 2021-01-22T19:39:53.580-0800: 56.060: [Tenured: 349497K->349328K(349568K), 0.0380107 secs] 506622K->380780K(506816K), [Metaspace: 2698K->2698K(1056768K)], 0.0381112 secs] [Times: user=0.04 sys=0.00, real=0.03 secs] 
2021-01-22T19:39:53.633-0800: 56.113: [Full GC (Allocation Failure) 2021-01-22T19:39:53.633-0800: 56.113: [Tenured: 349550K->349510K(349568K), 0.0451830 secs] 506798K->368529K(506816K), [Metaspace: 2698K->2698K(1056768K)], 0.0452799 secs] [Times: user=0.04 sys=0.00, real=0.04 secs] 
2021-01-22T19:39:53.695-0800: 56.176: [Full GC (Allocation Failure) 2021-01-22T19:39:53.695-0800: 56.176: [Tenured: 349510K->349523K(349568K), 0.0314449 secs] 506640K->380032K(506816K), [Metaspace: 2698K->2698K(1056768K)], 0.0315427 secs] [Times: user=0.03 sys=0.00, real=0.03 secs] 
2021-01-22T19:39:53.742-0800: 56.222: [Full GC (Allocation Failure) 2021-01-22T19:39:53.742-0800: 56.222: [Tenured: 349523K->349341K(349568K), 0.0396925 secs] 506560K->385661K(506816K), [Metaspace: 2698K->2698K(1056768K)], 0.0397917 secs] [Times: user=0.04 sys=0.00, real=0.04 secs] 
2021-01-22T19:39:53.799-0800: 56.279: [Full GC (Allocation Failure) 2021-01-22T19:39:53.799-0800: 56.279: [Tenured: 349341K->349508K(349568K), 0.0537953 secs] 506370K->385247K(506816K), [Metaspace: 2698K->2698K(1056768K)], 0.0539015 secs] [Times: user=0.05 sys=0.00, real=0.06 secs] 
2021-01-22T19:39:53.873-0800: 56.353: [Full GC (Allocation Failure) 2021-01-22T19:39:53.873-0800: 56.353: [Tenured: 349508K->349320K(349568K), 0.0685357 secs] 506428K->365933K(506816K), [Metaspace: 2698K->2698K(1056768K)], 0.0687177 secs] [Times: user=0.06 sys=0.00, real=0.07 secs] 
2021-01-22T19:39:53.965-0800: 56.445: [Full GC (Allocation Failure) 2021-01-22T19:39:53.965-0800: 56.445: [Tenured: 349320K->349352K(349568K), 0.0361060 secs] 506515K->391559K(506816K), [Metaspace: 2698K->2698K(1056768K)], 0.0361993 secs] [Times: user=0.03 sys=0.00, real=0.04 secs] 
2021-01-22T19:39:54.019-0800: 56.499: [Full GC (Allocation Failure) 2021-01-22T19:39:54.019-0800: 56.499: [Tenured: 349515K->349482K(349568K), 0.0575046 secs] 506748K->382516K(506816K), [Metaspace: 2698K->2698K(1056768K)], 0.0577915 secs] [Times: user=0.05 sys=0.00, real=0.06 secs] 
2021-01-22T19:39:54.095-0800: 56.576: [Full GC (Allocation Failure) 2021-01-22T19:39:54.095-0800: 56.576: [Tenured: 349482K->349204K(349568K), 0.0433848 secs] 506692K->389774K(506816K), [Metaspace: 2698K->2698K(1056768K)], 0.0434917 secs] [Times: user=0.04 sys=0.00, real=0.04 secs] 
2021-01-22T19:39:54.159-0800: 56.639: [Full GC (Allocation Failure) 2021-01-22T19:39:54.159-0800: 56.639: [Tenured: 349204K->349534K(349568K), 0.0483597 secs] 506423K->376230K(506816K), [Metaspace: 2698K->2698K(1056768K)], 0.0484502 secs] [Times: user=0.04 sys=0.00, real=0.05 secs] 
2021-01-22T19:39:54.224-0800: 56.704: [Full GC (Allocation Failure) 2021-01-22T19:39:54.224-0800: 56.704: [Tenured: 349534K->349251K(349568K), 0.0279118 secs] 506691K->393982K(506816K), [Metaspace: 2698K->2698K(1056768K)], 0.0280066 secs] [Times: user=0.03 sys=0.00, real=0.03 secs] 
2021-01-22T19:39:54.265-0800: 56.746: [Full GC (Allocation Failure) 2021-01-22T19:39:54.265-0800: 56.746: [Tenured: 349563K->349083K(349568K), 0.0390780 secs] 506803K->398667K(506816K), [Metaspace: 2698K->2698K(1056768K)], 0.0391689 secs] [Times: user=0.04 sys=0.00, real=0.04 secs] 
2021-01-22T19:39:54.318-0800: 56.798: [Full GC (Allocation Failure) 2021-01-22T19:39:54.318-0800: 56.798: [Tenured: 349481K->349482K(349568K), 0.0404449 secs] 506537K->397250K(506816K), [Metaspace: 2698K->2698K(1056768K)], 0.0405408 secs] [Times: user=0.04 sys=0.00, real=0.04 secs] 
2021-01-22T19:39:54.372-0800: 56.852: [Full GC (Allocation Failure) 2021-01-22T19:39:54.372-0800: 56.852: [Tenured: 349554K->349553K(349568K), 0.0469559 secs] 506769K->375634K(506816K), [Metaspace: 2698K->2698K(1056768K)], 0.0470513 secs] [Times: user=0.05 sys=0.00, real=0.04 secs] 
2021-01-22T19:39:54.434-0800: 56.915: [Full GC (Allocation Failure) 2021-01-22T19:39:54.434-0800: 56.915: [Tenured: 349553K->349297K(349568K), 0.0286071 secs] 506290K->394798K(506816K), [Metaspace: 2698K->2698K(1056768K)], 0.0287058 secs] [Times: user=0.03 sys=0.00, real=0.03 secs] 
2021-01-22T19:39:54.477-0800: 56.957: [Full GC (Allocation Failure) 2021-01-22T19:39:54.477-0800: 56.957: [Tenured: 349297K->349375K(349568K), 0.0377376 secs] 506446K->395337K(506816K), [Metaspace: 2698K->2698K(1056768K)], 0.0378401 secs] [Times: user=0.03 sys=0.00, real=0.04 secs] 
2021-01-22T19:39:54.528-0800: 57.008: [Full GC (Allocation Failure) 2021-01-22T19:39:54.528-0800: 57.008: [Tenured: 349551K->349566K(349568K), 0.0407509 secs] 506747K->385985K(506816K), [Metaspace: 2698K->2698K(1056768K)], 0.0408514 secs] [Times: user=0.04 sys=0.01, real=0.04 secs] 
2021-01-22T19:39:54.583-0800: 57.063: [Full GC (Allocation Failure) 2021-01-22T19:39:54.583-0800: 57.063: [Tenured: 349566K->349561K(349568K), 0.0469214 secs] 506717K->370894K(506816K), [Metaspace: 2698K->2698K(1056768K)], 0.0470207 secs] [Times: user=0.05 sys=0.00, real=0.05 secs] 
2021-01-22T19:39:54.647-0800: 57.127: [Full GC (Allocation Failure) 2021-01-22T19:39:54.647-0800: 57.127: [Tenured: 349561K->349485K(349568K), 0.0326111 secs] 506755K->385693K(506816K), [Metaspace: 2698K->2698K(1056768K)], 0.0327055 secs] [Times: user=0.04 sys=0.00, real=0.04 secs] 
2021-01-22T19:39:54.694-0800: 57.174: [Full GC (Allocation Failure) 2021-01-22T19:39:54.694-0800: 57.174: [Tenured: 349485K->349554K(349568K), 0.0396301 secs] 506658K->386855K(506816K), [Metaspace: 2698K->2698K(1056768K)], 0.0397255 secs] [Times: user=0.04 sys=0.00, real=0.04 secs] 
2021-01-22T19:39:54.750-0800: 57.230: [Full GC (Allocation Failure) 2021-01-22T19:39:54.750-0800: 57.230: [Tenured: 349554K->349508K(349568K), 0.0413363 secs] 506790K->381937K(506816K), [Metaspace: 2698K->2698K(1056768K)], 0.0414278 secs] [Times: user=0.04 sys=0.00, real=0.04 secs] 
2021-01-22T19:39:54.809-0800: 57.289: [Full GC (Allocation Failure) 2021-01-22T19:39:54.809-0800: 57.289: [Tenured: 349544K->349345K(349568K), 0.0481030 secs] 506764K->364818K(506816K), [Metaspace: 2698K->2698K(1056768K)], 0.0481922 secs] [Times: user=0.05 sys=0.00, real=0.05 secs] 
2021-01-22T19:39:54.875-0800: 57.355: [Full GC (Allocation Failure) 2021-01-22T19:39:54.875-0800: 57.355: [Tenured: 349496K->349120K(349568K), 0.0265672 secs] 506712K->394475K(506816K), [Metaspace: 2698K->2698K(1056768K)], 0.0266686 secs] [Times: user=0.02 sys=0.00, real=0.03 secs] 
2021-01-22T19:39:54.916-0800: 57.397: [Full GC (Allocation Failure) 2021-01-22T19:39:54.916-0800: 57.397: [Tenured: 349535K->349394K(349568K), 0.0372465 secs] 506782K->392006K(506816K), [Metaspace: 2698K->2698K(1056768K)], 0.0373456 secs] [Times: user=0.03 sys=0.00, real=0.04 secs] 
2021-01-22T19:39:54.968-0800: 57.448: [Full GC (Allocation Failure) 2021-01-22T19:39:54.968-0800: 57.448: [Tenured: 349394K->349085K(349568K), 0.0379421 secs] 506632K->389544K(506816K), [Metaspace: 2698K->2698K(1056768K)], 0.0380428 secs] [Times: user=0.04 sys=0.00, real=0.04 secs] 
2021-01-22T19:39:55.020-0800: 57.500: [Full GC (Allocation Failure) 2021-01-22T19:39:55.020-0800: 57.500: [Tenured: 349335K->349556K(349568K), 0.0473785 secs] 506349K->377076K(506816K), [Metaspace: 2698K->2698K(1056768K)], 0.0474766 secs] [Times: user=0.05 sys=0.00, real=0.04 secs] 
2021-01-22T19:39:55.083-0800: 57.564: [Full GC (Allocation Failure) 2021-01-22T19:39:55.083-0800: 57.564: [Tenured: 349556K->349402K(349568K), 0.0293828 secs] 506794K->392691K(506816K), [Metaspace: 2698K->2698K(1056768K)], 0.0294831 secs] [Times: user=0.03 sys=0.00, real=0.03 secs] 
2021-01-22T19:39:55.130-0800: 57.610: [Full GC (Allocation Failure) 2021-01-22T19:39:55.130-0800: 57.610: [Tenured: 349537K->349454K(349568K), 0.0387214 secs] 506777K->396877K(506816K), [Metaspace: 2698K->2698K(1056768K)], 0.0388157 secs] [Times: user=0.04 sys=0.00, real=0.03 secs] 
2021-01-22T19:39:55.182-0800: 57.662: [Full GC (Allocation Failure) 2021-01-22T19:39:55.182-0800: 57.662: [Tenured: 349454K->349503K(349568K), 0.0407559 secs] 506533K->399993K(506816K), [Metaspace: 2698K->2698K(1056768K)], 0.0408629 secs] [Times: user=0.04 sys=0.00, real=0.04 secs] 
2021-01-22T19:39:55.235-0800: 57.716: [Full GC (Allocation Failure) 2021-01-22T19:39:55.236-0800: 57.716: [Tenured: 349503K->349393K(349568K), 0.0468979 secs] 506642K->381365K(506816K), [Metaspace: 2698K->2698K(1056768K)], 0.0470037 secs] [Times: user=0.05 sys=0.00, real=0.05 secs] 
2021-01-22T19:39:55.298-0800: 57.778: [Full GC (Allocation Failure) 2021-01-22T19:39:55.298-0800: 57.778: [Tenured: 349393K->349381K(349568K), 0.0339398 secs] 506467K->390375K(506816K), [Metaspace: 2698K->2698K(1056768K)], 0.0340371 secs] [Times: user=0.04 sys=0.00, real=0.04 secs] 
2021-01-22T19:39:55.345-0800: 57.825: [Full GC (Allocation Failure) 2021-01-22T19:39:55.345-0800: 57.825: [Tenured: 349381K->349393K(349568K), 0.0381011 secs] 506583K->388530K(506816K), [Metaspace: 2698K->2698K(1056768K)], 0.0382013 secs] [Times: user=0.04 sys=0.00, real=0.04 secs] 
2021-01-22T19:39:55.397-0800: 57.877: [Full GC (Allocation Failure) 2021-01-22T19:39:55.397-0800: 57.877: [Tenured: 349393K->349271K(349568K), 0.0404371 secs] 506386K->388441K(506816K), [Metaspace: 2698K->2698K(1056768K)], 0.0405313 secs] [Times: user=0.04 sys=0.00, real=0.04 secs] 
2021-01-22T19:39:55.452-0800: 57.933: [Full GC (Allocation Failure) 2021-01-22T19:39:55.452-0800: 57.933: [Tenured: 349271K->348982K(349568K), 0.0449388 secs] 506109K->372783K(506816K), [Metaspace: 2698K->2698K(1056768K)], 0.0450370 secs] [Times: user=0.04 sys=0.00, real=0.04 secs] 
2021-01-22T19:39:55.513-0800: 57.993: [Full GC (Allocation Failure) 2021-01-22T19:39:55.513-0800: 57.993: [Tenured: 349428K->349532K(349568K), 0.0264331 secs] 506601K->396543K(506816K), [Metaspace: 2698K->2698K(1056768K)], 0.0265299 secs] [Times: user=0.02 sys=0.00, real=0.02 secs] 
2021-01-22T19:39:55.552-0800: 58.032: [Full GC (Allocation Failure) 2021-01-22T19:39:55.552-0800: 58.033: [Tenured: 349532K->349530K(349568K), 0.0372039 secs] 506726K->399822K(506816K), [Metaspace: 2698K->2698K(1056768K)], 0.0372969 secs] [Times: user=0.03 sys=0.00, real=0.04 secs] 
2021-01-22T19:39:55.603-0800: 58.083: [Full GC (Allocation Failure) 2021-01-22T19:39:55.603-0800: 58.083: [Tenured: 349530K->349412K(349568K), 0.0404754 secs] 506649K->399244K(506816K), [Metaspace: 2698K->2698K(1056768K)], 0.0405803 secs] [Times: user=0.04 sys=0.00, real=0.04 secs] 
2021-01-22T19:39:55.657-0800: 58.137: [Full GC (Allocation Failure) 2021-01-22T19:39:55.657-0800: 58.137: [Tenured: 349412K->349407K(349568K), 0.0468672 secs] 506063K->383187K(506816K), [Metaspace: 2698K->2698K(1056768K)], 0.0469649 secs] [Times: user=0.05 sys=0.00, real=0.05 secs] 
2021-01-22T19:39:55.718-0800: 58.198: [Full GC (Allocation Failure) 2021-01-22T19:39:55.718-0800: 58.199: [Tenured: 349407K->349540K(349568K), 0.0287181 secs] 506398K->396538K(506816K), [Metaspace: 2698K->2698K(1056768K)], 0.0288170 secs] [Times: user=0.03 sys=0.00, real=0.03 secs] 
2021-01-22T19:39:55.761-0800: 58.241: [Full GC (Allocation Failure) 2021-01-22T19:39:55.761-0800: 58.241: [Tenured: 349540K->349558K(349568K), 0.0352608 secs] 506609K->401065K(506816K), [Metaspace: 2698K->2698K(1056768K)], 0.0353602 secs] [Times: user=0.04 sys=0.00, real=0.03 secs] 
2021-01-22T19:39:55.809-0800: 58.289: [Full GC (Allocation Failure) 2021-01-22T19:39:55.809-0800: 58.289: [Tenured: 349558K->349496K(349568K), 0.0400224 secs] 506712K->401773K(506816K), [Metaspace: 2698K->2698K(1056768K)], 0.0401157 secs] [Times: user=0.04 sys=0.00, real=0.04 secs] 
2021-01-22T19:39:55.862-0800: 58.342: [Full GC (Allocation Failure) 2021-01-22T19:39:55.862-0800: 58.342: [Tenured: 349496K->349444K(349568K), 0.0463153 secs] 506539K->381250K(506816K), [Metaspace: 2698K->2698K(1056768K)], 0.0464132 secs] [Times: user=0.05 sys=0.00, real=0.04 secs] 
2021-01-22T19:39:55.923-0800: 58.403: [Full GC (Allocation Failure) 2021-01-22T19:39:55.923-0800: 58.403: [Tenured: 349444K->349524K(349568K), 0.0304729 secs] 506417K->394842K(506816K), [Metaspace: 2698K->2698K(1056768K)], 0.0305695 secs] [Times: user=0.03 sys=0.00, real=0.03 secs] 
2021-01-22T19:39:55.968-0800: 58.448: [Full GC (Allocation Failure) 2021-01-22T19:39:55.968-0800: 58.448: [Tenured: 349524K->349053K(349568K), 0.0364607 secs] 506714K->391162K(506816K), [Metaspace: 2698K->2698K(1056768K)], 0.0365584 secs] [Times: user=0.04 sys=0.00, real=0.04 secs] 
2021-01-22T19:39:56.018-0800: 58.499: [Full GC (Allocation Failure) 2021-01-22T19:39:56.018-0800: 58.499: [Tenured: 349053K->349522K(349568K), 0.0394565 secs] 505867K->383844K(506816K), [Metaspace: 2698K->2698K(1056768K)], 0.0395525 secs] [Times: user=0.04 sys=0.00, real=0.04 secs] 
2021-01-22T19:39:56.073-0800: 58.553: [Full GC (Allocation Failure) 2021-01-22T19:39:56.073-0800: 58.553: [Tenured: 349522K->348865K(349568K), 0.0455708 secs] 506766K->364945K(506816K), [Metaspace: 2698K->2698K(1056768K)], 0.0456686 secs] [Times: user=0.05 sys=0.00, real=0.04 secs] 
2021-01-22T19:39:56.135-0800: 58.615: [Full GC (Allocation Failure) 2021-01-22T19:39:56.135-0800: 58.615: [Tenured: 349482K->349483K(349568K), 0.0285299 secs] 506656K->387076K(506816K), [Metaspace: 2698K->2698K(1056768K)], 0.0286311 secs] [Times: user=0.03 sys=0.00, real=0.03 secs] 
2021-01-22T19:39:56.178-0800: 58.659: [Full GC (Allocation Failure) 2021-01-22T19:39:56.178-0800: 58.659: [Tenured: 349483K->348960K(349568K), 0.0356253 secs] 506500K->384872K(506816K), [Metaspace: 2698K->2698K(1056768K)], 0.0357345 secs] [Times: user=0.03 sys=0.00, real=0.04 secs] 
2021-01-22T19:39:56.229-0800: 58.709: [Full GC (Allocation Failure) 2021-01-22T19:39:56.229-0800: 58.709: [Tenured: 349212K->349430K(349568K), 0.0398803 secs] 506441K->382881K(506816K), [Metaspace: 2698K->2698K(1056768K)], 0.0399711 secs] [Times: user=0.04 sys=0.00, real=0.04 secs] 
2021-01-22T19:39:56.284-0800: 58.764: [Full GC (Allocation Failure) 2021-01-22T19:39:56.284-0800: 58.764: [Tenured: 349430K->349524K(349568K), 0.0451190 secs] 506313K->371967K(506816K), [Metaspace: 2698K->2698K(1056768K)], 0.0452133 secs] [Times: user=0.05 sys=0.00, real=0.04 secs] 
2021-01-22T19:39:56.345-0800: 58.825: [Full GC (Allocation Failure) 2021-01-22T19:39:56.345-0800: 58.825: [Tenured: 349524K->349264K(349568K), 0.0327701 secs] 506769K->379883K(506816K), [Metaspace: 2698K->2698K(1056768K)], 0.0328669 secs] [Times: user=0.03 sys=0.00, real=0.03 secs] 
2021-01-22T19:39:56.392-0800: 58.872: [Full GC (Allocation Failure) 2021-01-22T19:39:56.392-0800: 58.872: [Tenured: 349408K->349524K(349568K), 0.0371129 secs] 506631K->384721K(506816K), [Metaspace: 2698K->2698K(1056768K)], 0.0372231 secs] [Times: user=0.04 sys=0.00, real=0.03 secs] 
2021-01-22T19:39:56.444-0800: 58.924: [Full GC (Allocation Failure) 2021-01-22T19:39:56.444-0800: 58.925: [Tenured: 349560K->349203K(349568K), 0.0406948 secs] 506807K->385680K(506816K), [Metaspace: 2698K->2698K(1056768K)], 0.0407981 secs] [Times: user=0.04 sys=0.00, real=0.04 secs] 
2021-01-22T19:39:56.500-0800: 58.980: [Full GC (Allocation Failure) 2021-01-22T19:39:56.500-0800: 58.980: [Tenured: 349561K->349458K(349568K), 0.0455585 secs] 506749K->375504K(506816K), [Metaspace: 2698K->2698K(1056768K)], 0.0456630 secs] [Times: user=0.04 sys=0.00, real=0.04 secs] 
2021-01-22T19:39:56.561-0800: 59.041: [Full GC (Allocation Failure) 2021-01-22T19:39:56.561-0800: 59.041: [Tenured: 349458K->349560K(349568K), 0.0283141 secs] 506081K->393304K(506816K), [Metaspace: 2698K->2698K(1056768K)], 0.0284208 secs] [Times: user=0.03 sys=0.00, real=0.02 secs] 
2021-01-22T19:39:56.603-0800: 59.084: [Full GC (Allocation Failure) 2021-01-22T19:39:56.603-0800: 59.084: [Tenured: 349560K->349455K(349568K), 0.0373880 secs] 506804K->388745K(506816K), [Metaspace: 2698K->2698K(1056768K)], 0.0374849 secs] [Times: user=0.04 sys=0.00, real=0.04 secs] 
2021-01-22T19:39:56.655-0800: 59.136: [Full GC (Allocation Failure) 2021-01-22T19:39:56.655-0800: 59.136: [Tenured: 349528K->349558K(349568K), 0.0409446 secs] 506742K->389504K(506816K), [Metaspace: 2698K->2698K(1056768K)], 0.0410481 secs] [Times: user=0.04 sys=0.00, real=0.04 secs] 
2021-01-22T19:39:56.711-0800: 59.191: [Full GC (Allocation Failure) 2021-01-22T19:39:56.711-0800: 59.191: [Tenured: 349558K->349534K(349568K), 0.0462547 secs] 506633K->367455K(506816K), [Metaspace: 2698K->2698K(1056768K)], 0.0463561 secs] [Times: user=0.04 sys=0.00, real=0.04 secs] 
2021-01-22T19:39:56.773-0800: 59.253: [Full GC (Allocation Failure) 2021-01-22T19:39:56.773-0800: 59.253: [Tenured: 349534K->349368K(349568K), 0.0288721 secs] 506624K->388312K(506816K), [Metaspace: 2698K->2698K(1056768K)], 0.0289915 secs] [Times: user=0.03 sys=0.00, real=0.03 secs] 
2021-01-22T19:39:56.817-0800: 59.297: [Full GC (Allocation Failure) 2021-01-22T19:39:56.821-0800: 59.302: [Tenured: 349368K->349563K(349568K), 0.0382424 secs] 506491K->389086K(506816K), [Metaspace: 2698K->2698K(1056768K)], 0.0424488 secs] [Times: user=0.04 sys=0.00, real=0.05 secs] 
2021-01-22T19:39:56.873-0800: 59.353: [Full GC (Allocation Failure) 2021-01-22T19:39:56.873-0800: 59.353: [Tenured: 349563K->349532K(349568K), 0.0391085 secs] 506251K->384569K(506816K), [Metaspace: 2698K->2698K(1056768K)], 0.0392089 secs] [Times: user=0.04 sys=0.00, real=0.04 secs] 
2021-01-22T19:39:56.927-0800: 59.408: [Full GC (Allocation Failure) 2021-01-22T19:39:56.927-0800: 59.408: [Tenured: 349532K->349564K(349568K), 0.0495164 secs] 506719K->365472K(506816K), [Metaspace: 2698K->2698K(1056768K)], 0.0496128 secs] [Times: user=0.05 sys=0.00, real=0.05 secs] 
2021-01-22T19:39:56.994-0800: 59.474: [Full GC (Allocation Failure) 2021-01-22T19:39:56.994-0800: 59.474: [Tenured: 349564K->349406K(349568K), 0.0322749 secs] 506604K->380879K(506816K), [Metaspace: 2698K->2698K(1056768K)], 0.0323736 secs] [Times: user=0.04 sys=0.00, real=0.03 secs] 
2021-01-22T19:39:57.041-0800: 59.521: [Full GC (Allocation Failure) 2021-01-22T19:39:57.041-0800: 59.521: [Tenured: 349406K->349533K(349568K), 0.0354519 secs] 506051K->377118K(506816K), [Metaspace: 2698K->2698K(1056768K)], 0.0355458 secs] [Times: user=0.04 sys=0.00, real=0.03 secs] 
2021-01-22T19:39:57.091-0800: 59.572: [Full GC (Allocation Failure) 2021-01-22T19:39:57.091-0800: 59.572: [Tenured: 349533K->349563K(349568K), 0.0418935 secs] 506746K->389864K(506816K), [Metaspace: 2698K->2698K(1056768K)], 0.0419900 secs] [Times: user=0.04 sys=0.00, real=0.04 secs] 
2021-01-22T19:39:57.148-0800: 59.628: [Full GC (Allocation Failure) 2021-01-22T19:39:57.148-0800: 59.628: [Tenured: 349563K->348886K(349568K), 0.0463978 secs] 506809K->381714K(506816K), [Metaspace: 2698K->2698K(1056768K)], 0.0464951 secs] [Times: user=0.04 sys=0.00, real=0.05 secs] 
2021-01-22T19:39:57.210-0800: 59.690: [Full GC (Allocation Failure) 2021-01-22T19:39:57.210-0800: 59.690: [Tenured: 349539K->349507K(349568K), 0.0289904 secs] 506787K->391684K(506816K), [Metaspace: 2698K->2698K(1056768K)], 0.0290901 secs] [Times: user=0.03 sys=0.00, real=0.02 secs] 
2021-01-22T19:39:57.252-0800: 59.732: [Full GC (Allocation Failure) 2021-01-22T19:39:57.256-0800: 59.736: [Tenured: 349507K->349374K(349568K), 0.0397886 secs] 506503K->391301K(506816K), [Metaspace: 2698K->2698K(1056768K)], 0.0434255 secs] [Times: user=0.04 sys=0.00, real=0.04 secs] 
2021-01-22T19:39:57.309-0800: 59.790: [Full GC (Allocation Failure) 2021-01-22T19:39:57.309-0800: 59.790: [Tenured: 349374K->349420K(349568K), 0.0397468 secs] 506601K->383146K(506816K), [Metaspace: 2698K->2698K(1056768K)], 0.0398397 secs] [Times: user=0.04 sys=0.00, real=0.04 secs] 
2021-01-22T19:39:57.364-0800: 59.845: [Full GC (Allocation Failure) 2021-01-22T19:39:57.364-0800: 59.845: [Tenured: 349420K->349538K(349568K), 0.0452621 secs] 506509K->370644K(506816K), [Metaspace: 2698K->2698K(1056768K)], 0.0453557 secs] [Times: user=0.04 sys=0.00, real=0.05 secs] 
2021-01-22T19:39:57.425-0800: 59.906: [Full GC (Allocation Failure) 2021-01-22T19:39:57.425-0800: 59.906: [Tenured: 349538K->349327K(349568K), 0.0309217 secs] 506594K->389285K(506816K), [Metaspace: 2698K->2698K(1056768K)], 0.0310202 secs] [Times: user=0.03 sys=0.00, real=0.03 secs] 
2021-01-22T19:39:57.471-0800: 59.951: [Full GC (Allocation Failure) 2021-01-22T19:39:57.471-0800: 59.951: [Tenured: 349327K->349529K(349568K), 0.0377236 secs] 506139K->387491K(506816K), [Metaspace: 2698K->2698K(1056768K)], 0.0378230 secs] [Times: user=0.04 sys=0.00, real=0.03 secs] 
2021-01-22T19:39:57.523-0800: 60.003: [Full GC (Allocation Failure) 2021-01-22T19:39:57.523-0800: 60.003: [Tenured: 349529K->349331K(349568K), 0.0409191 secs] 506617K->389759K(506816K), [Metaspace: 2698K->2698K(1056768K)], 0.0410227 secs] [Times: user=0.04 sys=0.00, real=0.04 secs] 
2021-01-22T19:39:57.578-0800: 60.058: [Full GC (Allocation Failure) 2021-01-22T19:39:57.578-0800: 60.058: [Tenured: 349448K->349558K(349568K), 0.0469366 secs] 506625K->371265K(506816K), [Metaspace: 2698K->2698K(1056768K)], 0.0470362 secs] [Times: user=0.04 sys=0.00, real=0.05 secs] 
2021-01-22T19:39:57.641-0800: 60.121: [Full GC (Allocation Failure) 2021-01-22T19:39:57.641-0800: 60.121: [Tenured: 349558K->349002K(349568K), 0.0325486 secs] 506790K->388470K(506816K), [Metaspace: 2698K->2698K(1056768K)], 0.0326478 secs] [Times: user=0.03 sys=0.00, real=0.03 secs] 
2021-01-22T19:39:57.688-0800: 60.168: [Full GC (Allocation Failure) 2021-01-22T19:39:57.688-0800: 60.168: [Tenured: 349462K->349337K(349568K), 0.0361863 secs] 506697K->392460K(506816K), [Metaspace: 2698K->2698K(1056768K)], 0.0362875 secs] [Times: user=0.03 sys=0.00, real=0.04 secs] 
2021-01-22T19:39:57.739-0800: 60.220: [Full GC (Allocation Failure) 2021-01-22T19:39:57.739-0800: 60.220: [Tenured: 349337K->349495K(349568K), 0.0391923 secs] 506410K->390879K(506816K), [Metaspace: 2698K->2698K(1056768K)], 0.0392899 secs] [Times: user=0.04 sys=0.00, real=0.04 secs] 
2021-01-22T19:39:57.793-0800: 60.273: [Full GC (Allocation Failure) 2021-01-22T19:39:57.793-0800: 60.273: [Tenured: 349495K->349518K(349568K), 0.0468945 secs] 506584K->377079K(506816K), [Metaspace: 2698K->2698K(1056768K)], 0.0470008 secs] [Times: user=0.05 sys=0.01, real=0.05 secs] 
2021-01-22T19:39:57.855-0800: 60.335: [Full GC (Allocation Failure) 2021-01-22T19:39:57.855-0800: 60.335: [Tenured: 349518K->349401K(349568K), 0.0321634 secs] 506609K->392933K(506816K), [Metaspace: 2698K->2698K(1056768K)], 0.0322597 secs] [Times: user=0.03 sys=0.00, real=0.03 secs] 
2021-01-22T19:39:57.901-0800: 60.381: [Full GC (Allocation Failure) 2021-01-22T19:39:57.901-0800: 60.381: [Tenured: 349561K->349333K(349568K), 0.0391050 secs] 506796K->394249K(506816K), [Metaspace: 2698K->2698K(1056768K)], 0.0392097 secs] [Times: user=0.04 sys=0.00, real=0.04 secs] 
2021-01-22T19:39:57.954-0800: 60.434: [Full GC (Allocation Failure) 2021-01-22T19:39:57.954-0800: 60.434: [Tenured: 349333K->349538K(349568K), 0.0416442 secs] 506504K->391358K(506816K), [Metaspace: 2698K->2698K(1056768K)], 0.0417428 secs] [Times: user=0.04 sys=0.00, real=0.04 secs] 
2021-01-22T19:39:58.010-0800: 60.490: [Full GC (Allocation Failure) 2021-01-22T19:39:58.010-0800: 60.490: [Tenured: 349538K->349269K(349568K), 0.0475627 secs] 506541K->379956K(506816K), [Metaspace: 2698K->2698K(1056768K)], 0.0476708 secs] [Times: user=0.04 sys=0.00, real=0.04 secs] 
2021-01-22T19:39:58.074-0800: 60.554: [Full GC (Allocation Failure) 2021-01-22T19:39:58.074-0800: 60.554: [Tenured: 349413K->349336K(349568K), 0.0311686 secs] 506642K->395276K(506816K), [Metaspace: 2698K->2698K(1056768K)], 0.0312627 secs] [Times: user=0.03 sys=0.00, real=0.03 secs] 
2021-01-22T19:39:58.119-0800: 60.599: [Full GC (Allocation Failure) 2021-01-22T19:39:58.119-0800: 60.599: [Tenured: 349536K->349357K(349568K), 0.0390585 secs] 506673K->394334K(506816K), [Metaspace: 2698K->2698K(1056768K)], 0.0391558 secs] [Times: user=0.04 sys=0.00, real=0.04 secs] 
2021-01-22T19:39:58.171-0800: 60.652: [Full GC (Allocation Failure) 2021-01-22T19:39:58.171-0800: 60.652: [Tenured: 349357K->349428K(349568K), 0.0392284 secs] 506477K->393677K(506816K), [Metaspace: 2698K->2698K(1056768K)], 0.0393263 secs] [Times: user=0.03 sys=0.00, real=0.04 secs] 
2021-01-22T19:39:58.224-0800: 60.704: [Full GC (Allocation Failure) 2021-01-22T19:39:58.224-0800: 60.704: [Tenured: 349428K->349472K(349568K), 0.0475681 secs] 506539K->377928K(506816K), [Metaspace: 2698K->2698K(1056768K)], 0.0476580 secs] [Times: user=0.04 sys=0.00, real=0.05 secs] 
2021-01-22T19:39:58.285-0800: 60.766: [Full GC (Allocation Failure) 2021-01-22T19:39:58.285-0800: 60.766: [Tenured: 349559K->349475K(349568K), 0.0287992 secs] 506807K->400442K(506816K), [Metaspace: 2698K->2698K(1056768K)], 0.0288999 secs] [Times: user=0.03 sys=0.00, real=0.03 secs] 
2021-01-22T19:39:58.327-0800: 60.807: [Full GC (Allocation Failure) 2021-01-22T19:39:58.327-0800: 60.807: [Tenured: 349475K->349474K(349568K), 0.0359881 secs] 506333K->402616K(506816K), [Metaspace: 2698K->2698K(1056768K)], 0.0360901 secs] [Times: user=0.04 sys=0.00, real=0.04 secs] 
2021-01-22T19:39:58.375-0800: 60.856: [Full GC (Allocation Failure) 2021-01-22T19:39:58.375-0800: 60.856: [Tenured: 349474K->349433K(349568K), 0.0402115 secs] 506512K->405336K(506816K), [Metaspace: 2698K->2698K(1056768K)], 0.0403109 secs] [Times: user=0.04 sys=0.00, real=0.04 secs] 
2021-01-22T19:39:58.429-0800: 60.909: [Full GC (Allocation Failure) 2021-01-22T19:39:58.429-0800: 60.909: [Tenured: 349433K->348897K(349568K), 0.0490024 secs] 506679K->390549K(506816K), [Metaspace: 2698K->2698K(1056768K)], 0.0491054 secs] [Times: user=0.05 sys=0.00, real=0.05 secs] 
2021-01-22T19:39:58.499-0800: 60.979: [Full GC (Allocation Failure) 2021-01-22T19:39:58.499-0800: 60.979: [Tenured: 349519K->349490K(349568K), 0.0245988 secs] 506736K->404881K(506816K), [Metaspace: 2698K->2698K(1056768K)], 0.0246968 secs] [Times: user=0.03 sys=0.00, real=0.03 secs] 
2021-01-22T19:39:58.536-0800: 61.017: [Full GC (Allocation Failure) 2021-01-22T19:39:58.536-0800: 61.017: [Tenured: 349544K->349530K(349568K), 0.0352901 secs] 506787K->403962K(506816K), [Metaspace: 2698K->2698K(1056768K)], 0.0353849 secs] [Times: user=0.03 sys=0.00, real=0.04 secs] 
2021-01-22T19:39:58.584-0800: 61.065: [Full GC (Allocation Failure) 2021-01-22T19:39:58.584-0800: 61.065: [Tenured: 349530K->349507K(349568K), 0.0384590 secs] 506777K->404532K(506816K), [Metaspace: 2698K->2698K(1056768K)], 0.0385643 secs] [Times: user=0.03 sys=0.00, real=0.04 secs] 
2021-01-22T19:39:58.637-0800: 61.118: [Full GC (Allocation Failure) 2021-01-22T19:39:58.637-0800: 61.118: [Tenured: 349507K->349407K(349568K), 0.0531678 secs] 506752K->387456K(506816K), [Metaspace: 2698K->2698K(1056768K)], 0.0532597 secs] [Times: user=0.05 sys=0.00, real=0.06 secs] 
2021-01-22T19:39:58.707-0800: 61.188: [Full GC (Allocation Failure) 2021-01-22T19:39:58.708-0800: 61.188: [Tenured: 349559K->349436K(349568K), 0.0294362 secs] 506802K->403243K(506816K), [Metaspace: 2698K->2698K(1056768K)], 0.0295479 secs] [Times: user=0.03 sys=0.00, real=0.03 secs] 
2021-01-22T19:39:58.750-0800: 61.230: [Full GC (Allocation Failure) 2021-01-22T19:39:58.750-0800: 61.230: [Tenured: 349436K->349368K(349568K), 0.0391047 secs] 506551K->403434K(506816K), [Metaspace: 2698K->2698K(1056768K)], 0.0392041 secs] [Times: user=0.04 sys=0.00, real=0.03 secs] 
2021-01-22T19:39:58.802-0800: 61.283: [Full GC (Allocation Failure) 2021-01-22T19:39:58.802-0800: 61.283: [Tenured: 349512K->349563K(349568K), 0.0419809 secs] 506734K->405035K(506816K), [Metaspace: 2698K->2698K(1056768K)], 0.0420749 secs] [Times: user=0.04 sys=0.00, real=0.04 secs] 
2021-01-22T19:39:58.856-0800: 61.337: [Full GC (Allocation Failure) 2021-01-22T19:39:58.857-0800: 61.337: [Tenured: 349563K->349310K(349568K), 0.0475295 secs] 506689K->387596K(506816K), [Metaspace: 2698K->2698K(1056768K)], 0.0476225 secs] [Times: user=0.05 sys=0.00, real=0.05 secs] 
2021-01-22T19:39:58.918-0800: 61.398: [Full GC (Allocation Failure) 2021-01-22T19:39:58.918-0800: 61.398: [Tenured: 349310K->349436K(349568K), 0.0300382 secs] 506231K->403911K(506816K), [Metaspace: 2698K->2698K(1056768K)], 0.0301371 secs] [Times: user=0.03 sys=0.00, real=0.03 secs] 
2021-01-22T19:39:58.960-0800: 61.440: [Full GC (Allocation Failure) 2021-01-22T19:39:58.960-0800: 61.440: [Tenured: 349545K->349020K(349568K), 0.0400943 secs] 506786K->405505K(506816K), [Metaspace: 2698K->2698K(1056768K)], 0.0401915 secs] [Times: user=0.04 sys=0.00, real=0.04 secs] 
2021-01-22T19:39:59.013-0800: 61.493: [Full GC (Allocation Failure) 2021-01-22T19:39:59.013-0800: 61.493: [Tenured: 349561K->349080K(349568K), 0.0424600 secs] 506774K->402778K(506816K), [Metaspace: 2698K->2698K(1056768K)], 0.0425599 secs] [Times: user=0.04 sys=0.00, real=0.04 secs] 
2021-01-22T19:39:59.068-0800: 61.548: [Full GC (Allocation Failure) 2021-01-22T19:39:59.068-0800: 61.548: [Tenured: 349491K->349423K(349568K), 0.0482888 secs] 506641K->391723K(506816K), [Metaspace: 2698K->2698K(1056768K)], 0.0483924 secs] [Times: user=0.05 sys=0.00, real=0.05 secs] 
2021-01-22T19:39:59.131-0800: 61.611: [Full GC (Allocation Failure) 2021-01-22T19:39:59.131-0800: 61.611: [Tenured: 349531K->349318K(349568K), 0.0299571 secs] 506767K->409163K(506816K), [Metaspace: 2698K->2698K(1056768K)], 0.0300591 secs] [Times: user=0.03 sys=0.00, real=0.03 secs] 
2021-01-22T19:39:59.172-0800: 61.653: [Full GC (Allocation Failure) 2021-01-22T19:39:59.172-0800: 61.653: [Tenured: 349318K->349426K(349568K), 0.0358664 secs] 506427K->414865K(506816K), [Metaspace: 2698K->2698K(1056768K)], 0.0359585 secs] [Times: user=0.03 sys=0.00, real=0.03 secs] 
2021-01-22T19:39:59.221-0800: 61.701: [Full GC (Allocation Failure) 2021-01-22T19:39:59.221-0800: 61.701: [Tenured: 349497K->349459K(349568K), 0.0403908 secs] 506745K->411154K(506816K), [Metaspace: 2698K->2698K(1056768K)], 0.0404912 secs] [Times: user=0.04 sys=0.00, real=0.04 secs] 
2021-01-22T19:39:59.272-0800: 61.753: [Full GC (Allocation Failure) 2021-01-22T19:39:59.272-0800: 61.753: [Tenured: 349459K->349561K(349568K), 0.0477656 secs] 506539K->393823K(506816K), [Metaspace: 2698K->2698K(1056768K)], 0.0478627 secs] [Times: user=0.04 sys=0.00, real=0.05 secs] 
2021-01-22T19:39:59.334-0800: 61.815: [Full GC (Allocation Failure) 2021-01-22T19:39:59.334-0800: 61.815: [Tenured: 349561K->349527K(349568K), 0.0301338 secs] 506657K->406160K(506816K), [Metaspace: 2698K->2698K(1056768K)], 0.0302277 secs] [Times: user=0.03 sys=0.00, real=0.03 secs] 
2021-01-22T19:39:59.376-0800: 61.857: [Full GC (Allocation Failure) 2021-01-22T19:39:59.376-0800: 61.857: [Tenured: 349527K->349467K(349568K), 0.0371973 secs] 506505K->408733K(506816K), [Metaspace: 2698K->2698K(1056768K)], 0.0372982 secs] [Times: user=0.04 sys=0.00, real=0.04 secs] 
2021-01-22T19:39:59.426-0800: 61.906: [Full GC (Allocation Failure) 2021-01-22T19:39:59.426-0800: 61.906: [Tenured: 349467K->349538K(349568K), 0.0412843 secs] 506619K->408628K(506816K), [Metaspace: 2698K->2698K(1056768K)], 0.0413832 secs] [Times: user=0.04 sys=0.00, real=0.04 secs] 
2021-01-22T19:39:59.478-0800: 61.958: [Full GC (Allocation Failure) 2021-01-22T19:39:59.478-0800: 61.958: [Tenured: 349538K->349526K(349568K), 0.0486777 secs] 506682K->393951K(506816K), [Metaspace: 2698K->2698K(1056768K)], 0.0487749 secs] [Times: user=0.05 sys=0.00, real=0.05 secs] 
2021-01-22T19:39:59.539-0800: 62.020: [Full GC (Allocation Failure) 2021-01-22T19:39:59.539-0800: 62.020: [Tenured: 349526K->349557K(349568K), 0.0308751 secs] 506462K->405213K(506816K), [Metaspace: 2698K->2698K(1056768K)], 0.0309740 secs] [Times: user=0.03 sys=0.00, real=0.04 secs] 
2021-01-22T19:39:59.583-0800: 62.063: [Full GC (Allocation Failure) 2021-01-22T19:39:59.583-0800: 62.063: [Tenured: 349557K->349341K(349568K), 0.0375373 secs] 506643K->403921K(506816K), [Metaspace: 2698K->2698K(1056768K)], 0.0376402 secs] [Times: user=0.03 sys=0.00, real=0.04 secs] 
2021-01-22T19:39:59.633-0800: 62.114: [Full GC (Allocation Failure) 2021-01-22T19:39:59.633-0800: 62.114: [Tenured: 349485K->349519K(349568K), 0.0405891 secs] 506694K->397789K(506816K), [Metaspace: 2698K->2698K(1056768K)], 0.0406880 secs] [Times: user=0.04 sys=0.01, real=0.04 secs] 
2021-01-22T19:39:59.687-0800: 62.167: [Full GC (Allocation Failure) 2021-01-22T19:39:59.687-0800: 62.167: [Tenured: 349519K->349386K(349568K), 0.0464528 secs] 506664K->380961K(506816K), [Metaspace: 2698K->2698K(1056768K)], 0.0465523 secs] [Times: user=0.05 sys=0.00, real=0.05 secs] 
2021-01-22T19:39:59.749-0800: 62.229: [Full GC (Allocation Failure) 2021-01-22T19:39:59.749-0800: 62.229: [Tenured: 349386K->349067K(349568K), 0.0292735 secs] 506143K->401238K(506816K), [Metaspace: 2698K->2698K(1056768K)], 0.0293771 secs] [Times: user=0.03 sys=0.00, real=0.03 secs] 
2021-01-22T19:39:59.791-0800: 62.271: [Full GC (Allocation Failure) 2021-01-22T19:39:59.791-0800: 62.271: [Tenured: 349479K->349493K(349568K), 0.0397749 secs] 506460K->398762K(506816K), [Metaspace: 2698K->2698K(1056768K)], 0.0398774 secs] [Times: user=0.04 sys=0.00, real=0.04 secs] 
2021-01-22T19:39:59.844-0800: 62.325: [Full GC (Allocation Failure) 2021-01-22T19:39:59.844-0800: 62.325: [Tenured: 349493K->349368K(349568K), 0.0406036 secs] 506686K->400927K(506816K), [Metaspace: 2698K->2698K(1056768K)], 0.0407022 secs] [Times: user=0.04 sys=0.00, real=0.04 secs] 
2021-01-22T19:39:59.898-0800: 62.379: [Full GC (Allocation Failure) 2021-01-22T19:39:59.898-0800: 62.379: [Tenured: 349368K->349467K(349568K), 0.0469282 secs] 506290K->384936K(506816K), [Metaspace: 2698K->2698K(1056768K)], 0.0470250 secs] [Times: user=0.05 sys=0.00, real=0.05 secs] 
2021-01-22T19:39:59.959-0800: 62.440: [Full GC (Allocation Failure) 2021-01-22T19:39:59.960-0800: 62.440: [Tenured: 349467K->349552K(349568K), 0.0320050 secs] 506116K->406135K(506816K), [Metaspace: 2698K->2698K(1056768K)], 0.0321085 secs] [Times: user=0.03 sys=0.00, real=0.04 secs] 
2021-01-22T19:40:00.003-0800: 62.484: [Full GC (Allocation Failure) 2021-01-22T19:40:00.003-0800: 62.484: [Tenured: 349552K->349310K(349568K), 0.0418748 secs] 506793K->410843K(506816K), [Metaspace: 2698K->2698K(1056768K)], 0.0419758 secs] [Times: user=0.05 sys=0.00, real=0.04 secs] 
2021-01-22T19:40:00.056-0800: 62.536: [Full GC (Allocation Failure) 2021-01-22T19:40:00.056-0800: 62.537: [Tenured: 349526K->349274K(349568K), 0.0406744 secs] 506721K->417886K(506816K), [Metaspace: 2698K->2698K(1056768K)], 0.0407762 secs] [Times: user=0.04 sys=0.00, real=0.04 secs] 
2021-01-22T19:40:00.108-0800: 62.589: [Full GC (Allocation Failure) 2021-01-22T19:40:00.109-0800: 62.589: [Tenured: 349537K->349426K(349568K), 0.0504007 secs] 506760K->401928K(506816K), [Metaspace: 2698K->2698K(1056768K)], 0.0504960 secs] [Times: user=0.05 sys=0.00, real=0.05 secs] 
2021-01-22T19:40:00.173-0800: 62.653: [Full GC (Allocation Failure) 2021-01-22T19:40:00.173-0800: 62.653: [Tenured: 349426K->348869K(349568K), 0.0289020 secs] 506610K->418734K(506816K), [Metaspace: 2698K->2698K(1056768K)], 0.0289998 secs] [Times: user=0.03 sys=0.00, real=0.03 secs] 
2021-01-22T19:40:00.212-0800: 62.692: [Full GC (Allocation Failure) 2021-01-22T19:40:00.212-0800: 62.692: [Tenured: 349529K->349549K(349568K), 0.0353949 secs] 506706K->425623K(506816K), [Metaspace: 2698K->2698K(1056768K)], 0.0354953 secs] [Times: user=0.03 sys=0.00, real=0.03 secs] 
2021-01-22T19:40:00.258-0800: 62.738: [Full GC (Allocation Failure) 2021-01-22T19:40:00.258-0800: 62.738: [Tenured: 349549K->349471K(349568K), 0.0412339 secs] 506613K->423479K(506816K), [Metaspace: 2698K->2698K(1056768K)], 0.0413295 secs] [Times: user=0.05 sys=0.00, real=0.04 secs] 
2021-01-22T19:40:00.310-0800: 62.790: [Full GC (Allocation Failure) 2021-01-22T19:40:00.310-0800: 62.791: [Tenured: 349471K->349118K(349568K), 0.0483730 secs] 506308K->399125K(506816K), [Metaspace: 2698K->2698K(1056768K)], 0.0484759 secs] [Times: user=0.04 sys=0.00, real=0.04 secs] 
2021-01-22T19:40:00.372-0800: 62.852: [Full GC (Allocation Failure) 2021-01-22T19:40:00.372-0800: 62.852: [Tenured: 349406K->349380K(349568K), 0.0270895 secs] 506513K->417551K(506816K), [Metaspace: 2698K->2698K(1056768K)], 0.0271930 secs] [Times: user=0.02 sys=0.00, real=0.02 secs] 
2021-01-22T19:40:00.410-0800: 62.890: [Full GC (Allocation Failure) 2021-01-22T19:40:00.410-0800: 62.890: [Tenured: 349524K->349438K(349568K), 0.0383204 secs] 506651K->416640K(506816K), [Metaspace: 2698K->2698K(1056768K)], 0.0384225 secs] [Times: user=0.03 sys=0.00, real=0.03 secs] 
2021-01-22T19:40:00.461-0800: 62.941: [Full GC (Allocation Failure) 2021-01-22T19:40:00.461-0800: 62.941: [Tenured: 349438K->349032K(349568K), 0.0427012 secs] 506610K->415011K(506816K), [Metaspace: 2698K->2698K(1056768K)], 0.0428021 secs] [Times: user=0.04 sys=0.00, real=0.04 secs] 
2021-01-22T19:40:00.514-0800: 62.994: [Full GC (Allocation Failure) 2021-01-22T19:40:00.514-0800: 62.994: [Tenured: 349342K->349467K(349568K), 0.0493128 secs] 506436K->397510K(506816K), [Metaspace: 2698K->2698K(1056768K)], 0.0494144 secs] [Times: user=0.05 sys=0.00, real=0.05 secs] 
2021-01-22T19:40:00.578-0800: 63.058: [Full GC (Allocation Failure) 2021-01-22T19:40:00.578-0800: 63.058: [Tenured: 349467K->349131K(349568K), 0.0277316 secs] 506543K->406926K(506816K), [Metaspace: 2698K->2698K(1056768K)], 0.0278358 secs] [Times: user=0.03 sys=0.00, real=0.03 secs] 
2021-01-22T19:40:00.617-0800: 63.097: [Full GC (Allocation Failure) 2021-01-22T19:40:00.617-0800: 63.097: [Tenured: 349523K->349395K(349568K), 0.0379618 secs] 506719K->409485K(506816K), [Metaspace: 2698K->2698K(1056768K)], 0.0380549 secs] [Times: user=0.04 sys=0.00, real=0.04 secs] 
2021-01-22T19:40:00.667-0800: 63.147: [Full GC (Allocation Failure) 2021-01-22T19:40:00.667-0800: 63.147: [Tenured: 349395K->349445K(349568K), 0.0400051 secs] 506393K->410769K(506816K), [Metaspace: 2698K->2698K(1056768K)], 0.0401148 secs] [Times: user=0.04 sys=0.00, real=0.04 secs] 
2021-01-22T19:40:00.719-0800: 63.200: [Full GC (Allocation Failure) 2021-01-22T19:40:00.719-0800: 63.200: [Tenured: 349445K->349366K(349568K), 0.0479135 secs] 506635K->391982K(506816K), [Metaspace: 2698K->2698K(1056768K)], 0.0480055 secs] [Times: user=0.05 sys=0.00, real=0.05 secs] 
2021-01-22T19:40:00.781-0800: 63.261: [Full GC (Allocation Failure) 2021-01-22T19:40:00.781-0800: 63.262: [Tenured: 349366K->349529K(349568K), 0.0334364 secs] 506315K->408907K(506816K), [Metaspace: 2698K->2698K(1056768K)], 0.0335355 secs] [Times: user=0.04 sys=0.00, real=0.03 secs] 
2021-01-22T19:40:00.826-0800: 63.307: [Full GC (Allocation Failure) 2021-01-22T19:40:00.826-0800: 63.307: [Tenured: 349529K->349424K(349568K), 0.0395053 secs] 506392K->408829K(506816K), [Metaspace: 2698K->2698K(1056768K)], 0.0396124 secs] [Times: user=0.04 sys=0.00, real=0.04 secs] 
2021-01-22T19:40:00.878-0800: 63.358: [Full GC (Allocation Failure) 2021-01-22T19:40:00.878-0800: 63.358: [Tenured: 349424K->349551K(349568K), 0.0411576 secs] 506136K->415111K(506816K), [Metaspace: 2698K->2698K(1056768K)], 0.0412515 secs] [Times: user=0.04 sys=0.00, real=0.04 secs] 
2021-01-22T19:40:00.930-0800: 63.411: [Full GC (Allocation Failure) 2021-01-22T19:40:00.930-0800: 63.411: [Tenured: 349551K->349511K(349568K), 0.0484354 secs] 506741K->399850K(506816K), [Metaspace: 2698K->2698K(1056768K)], 0.0485359 secs] [Times: user=0.05 sys=0.00, real=0.04 secs] 
2021-01-22T19:40:00.991-0800: 63.472: [Full GC (Allocation Failure) 2021-01-22T19:40:00.991-0800: 63.472: [Tenured: 349511K->349173K(349568K), 0.0242641 secs] 506698K->418234K(506816K), [Metaspace: 2698K->2698K(1056768K)], 0.0243637 secs] [Times: user=0.03 sys=0.00, real=0.02 secs] 
2021-01-22T19:40:01.026-0800: 63.507: [Full GC (Allocation Failure) 2021-01-22T19:40:01.026-0800: 63.507: [Tenured: 349461K->349232K(349568K), 0.0360870 secs] 506611K->414853K(506816K), [Metaspace: 2698K->2698K(1056768K)], 0.0361810 secs] [Times: user=0.03 sys=0.00, real=0.04 secs] 
2021-01-22T19:40:01.074-0800: 63.554: [Full GC (Allocation Failure) 2021-01-22T19:40:01.074-0800: 63.554: [Tenured: 349445K->349507K(349568K), 0.0399481 secs] 506668K->414102K(506816K), [Metaspace: 2698K->2698K(1056768K)], 0.0400427 secs] [Times: user=0.04 sys=0.00, real=0.04 secs] 
2021-01-22T19:40:01.125-0800: 63.606: [Full GC (Allocation Failure) 2021-01-22T19:40:01.125-0800: 63.606: [Tenured: 349507K->349310K(349568K), 0.0486811 secs] 506708K->399558K(506816K), [Metaspace: 2698K->2698K(1056768K)], 0.0487780 secs] [Times: user=0.05 sys=0.00, real=0.05 secs] 
2021-01-22T19:40:01.187-0800: 63.668: [Full GC (Allocation Failure) 2021-01-22T19:40:01.187-0800: 63.668: [Tenured: 349454K->349454K(349568K), 0.0257491 secs] 506662K->416950K(506816K), [Metaspace: 2698K->2698K(1056768K)], 0.0258402 secs] [Times: user=0.02 sys=0.00, real=0.03 secs] 
2021-01-22T19:40:01.224-0800: 63.705: [Full GC (Allocation Failure) 2021-01-22T19:40:01.224-0800: 63.705: [Tenured: 349454K->349404K(349568K), 0.0341013 secs] 506639K->419100K(506816K), [Metaspace: 2698K->2698K(1056768K)], 0.0341949 secs] [Times: user=0.03 sys=0.00, real=0.03 secs] 
2021-01-22T19:40:01.270-0800: 63.750: [Full GC (Allocation Failure) 2021-01-22T19:40:01.270-0800: 63.750: [Tenured: 349404K->349503K(349568K), 0.0371084 secs] 506291K->417560K(506816K), [Metaspace: 2698K->2698K(1056768K)], 0.0372132 secs] [Times: user=0.04 sys=0.00, real=0.03 secs] 
2021-01-22T19:40:01.318-0800: 63.798: [Full GC (Allocation Failure) 2021-01-22T19:40:01.318-0800: 63.798: [Tenured: 349503K->349553K(349568K), 0.0486873 secs] 506138K->399112K(506816K), [Metaspace: 2698K->2698K(1056768K)], 0.0487829 secs] [Times: user=0.05 sys=0.00, real=0.05 secs] 
2021-01-22T19:40:01.380-0800: 63.860: [Full GC (Allocation Failure) 2021-01-22T19:40:01.380-0800: 63.860: [Tenured: 349553K->349310K(349568K), 0.0236273 secs] 506464K->417367K(506816K), [Metaspace: 2698K->2698K(1056768K)], 0.0237221 secs] [Times: user=0.02 sys=0.00, real=0.02 secs] 
2021-01-22T19:40:01.414-0800: 63.895: [Full GC (Allocation Failure) 2021-01-22T19:40:01.414-0800: 63.895: [Tenured: 349310K->349547K(349568K), 0.0361409 secs] 506102K->416718K(506816K), [Metaspace: 2698K->2698K(1056768K)], 0.0362345 secs] [Times: user=0.03 sys=0.00, real=0.04 secs] 
2021-01-22T19:40:01.464-0800: 63.944: [Full GC (Allocation Failure) 2021-01-22T19:40:01.464-0800: 63.944: [Tenured: 349547K->349462K(349568K), 0.0387534 secs] 506787K->415875K(506816K), [Metaspace: 2698K->2698K(1056768K)], 0.0388521 secs] [Times: user=0.04 sys=0.00, real=0.04 secs] 
2021-01-22T19:40:01.514-0800: 63.994: [Full GC (Allocation Failure) 2021-01-22T19:40:01.514-0800: 63.994: [Tenured: 349462K->349255K(349568K), 0.0483181 secs] 506583K->395593K(506816K), [Metaspace: 2698K->2698K(1056768K)], 0.0484158 secs] [Times: user=0.05 sys=0.00, real=0.05 secs] 
2021-01-22T19:40:01.576-0800: 64.057: [Full GC (Allocation Failure) 2021-01-22T19:40:01.576-0800: 64.057: [Tenured: 349399K->349254K(349568K), 0.0274157 secs] 506635K->401105K(506816K), [Metaspace: 2698K->2698K(1056768K)], 0.0275157 secs] [Times: user=0.02 sys=0.00, real=0.03 secs] 
2021-01-22T19:40:01.616-0800: 64.097: [Full GC (Allocation Failure) 2021-01-22T19:40:01.616-0800: 64.097: [Tenured: 349506K->349484K(349568K), 0.0352848 secs] 506721K->401158K(506816K), [Metaspace: 2698K->2698K(1056768K)], 0.0353811 secs] [Times: user=0.03 sys=0.00, real=0.04 secs] 
2021-01-22T19:40:01.664-0800: 64.144: [Full GC (Allocation Failure) 2021-01-22T19:40:01.664-0800: 64.144: [Tenured: 349484K->349335K(349568K), 0.0409144 secs] 506571K->399751K(506816K), [Metaspace: 2698K->2698K(1056768K)], 0.0410158 secs] [Times: user=0.04 sys=0.00, real=0.04 secs] 
2021-01-22T19:40:01.718-0800: 64.199: [Full GC (Allocation Failure) 2021-01-22T19:40:01.718-0800: 64.199: [Tenured: 349335K->349370K(349568K), 0.0456426 secs] 506565K->375102K(506816K), [Metaspace: 2698K->2698K(1056768K)], 0.0457465 secs] [Times: user=0.04 sys=0.01, real=0.05 secs] 
2021-01-22T19:40:01.780-0800: 64.261: [Full GC (Allocation Failure) 2021-01-22T19:40:01.780-0800: 64.261: [Tenured: 349370K->349499K(349568K), 0.0292100 secs] 506120K->388999K(506816K), [Metaspace: 2698K->2698K(1056768K)], 0.0293052 secs] [Times: user=0.03 sys=0.00, real=0.03 secs] 
2021-01-22T19:40:01.824-0800: 64.304: [Full GC (Allocation Failure) 2021-01-22T19:40:01.824-0800: 64.304: [Tenured: 349499K->349356K(349568K), 0.0375726 secs] 506667K->394058K(506816K), [Metaspace: 2698K->2698K(1056768K)], 0.0376751 secs] [Times: user=0.04 sys=0.00, real=0.04 secs] 
2021-01-22T19:40:01.874-0800: 64.355: [Full GC (Allocation Failure) 2021-01-22T19:40:01.874-0800: 64.355: [Tenured: 349482K->349273K(349568K), 0.0407389 secs] 506725K->394615K(506816K), [Metaspace: 2698K->2698K(1056768K)], 0.0408373 secs] [Times: user=0.04 sys=0.00, real=0.04 secs] 
2021-01-22T19:40:01.928-0800: 64.409: [Full GC (Allocation Failure) 2021-01-22T19:40:01.928-0800: 64.409: [Tenured: 349273K->349511K(349568K), 0.0501147 secs] 506135K->372199K(506816K), [Metaspace: 2698K->2698K(1056768K)], 0.0502130 secs] [Times: user=0.05 sys=0.00, real=0.05 secs] 
2021-01-22T19:40:01.995-0800: 64.476: [Full GC (Allocation Failure) 2021-01-22T19:40:01.995-0800: 64.476: [Tenured: 349511K->349517K(349568K), 0.0321173 secs] 506566K->382662K(506816K), [Metaspace: 2698K->2698K(1056768K)], 0.0322257 secs] [Times: user=0.04 sys=0.00, real=0.03 secs] 
2021-01-22T19:40:02.043-0800: 64.523: [Full GC (Allocation Failure) 2021-01-22T19:40:02.043-0800: 64.523: [Tenured: 349517K->349500K(349568K), 0.0351283 secs] 506289K->384649K(506816K), [Metaspace: 2698K->2698K(1056768K)], 0.0352403 secs] [Times: user=0.04 sys=0.00, real=0.03 secs] 
2021-01-22T19:40:02.093-0800: 64.573: [Full GC (Allocation Failure) 2021-01-22T19:40:02.093-0800: 64.573: [Tenured: 349500K->349199K(349568K), 0.0387901 secs] 506488K->387148K(506816K), [Metaspace: 2698K->2698K(1056768K)], 0.0388959 secs] [Times: user=0.04 sys=0.00, real=0.04 secs] 
2021-01-22T19:40:02.145-0800: 64.625: [Full GC (Allocation Failure) 2021-01-22T19:40:02.145-0800: 64.626: [Tenured: 349283K->349339K(349568K), 0.0469671 secs] 506506K->373427K(506816K), [Metaspace: 2698K->2698K(1056768K)], 0.0470639 secs] [Times: user=0.05 sys=0.00, real=0.05 secs] 
2021-01-22T19:40:02.209-0800: 64.689: [Full GC (Allocation Failure) 2021-01-22T19:40:02.209-0800: 64.690: [Tenured: 349339K->349296K(349568K), 0.0332443 secs] 506438K->386808K(506816K), [Metaspace: 2698K->2698K(1056768K)], 0.0333361 secs] [Times: user=0.03 sys=0.00, real=0.04 secs] 
2021-01-22T19:40:02.257-0800: 64.737: [Full GC (Allocation Failure) 2021-01-22T19:40:02.257-0800: 64.737: [Tenured: 349296K->349562K(349568K), 0.0379041 secs] 506448K->383183K(506816K), [Metaspace: 2698K->2698K(1056768K)], 0.0380066 secs] [Times: user=0.04 sys=0.00, real=0.04 secs] 
2021-01-22T19:40:02.309-0800: 64.790: [Full GC (Allocation Failure) 2021-01-22T19:40:02.309-0800: 64.790: [Tenured: 349562K->348969K(349568K), 0.0399538 secs] 506674K->382471K(506816K), [Metaspace: 2698K->2698K(1056768K)], 0.0400521 secs] [Times: user=0.04 sys=0.00, real=0.04 secs] 
2021-01-22T19:40:02.364-0800: 64.845: [Full GC (Allocation Failure) 2021-01-22T19:40:02.364-0800: 64.845: [Tenured: 349331K->349435K(349568K), 0.0449434 secs] 506575K->366463K(506816K), [Metaspace: 2698K->2698K(1056768K)], 0.0450486 secs] [Times: user=0.04 sys=0.00, real=0.04 secs] 
2021-01-22T19:40:02.426-0800: 64.907: [Full GC (Allocation Failure) 2021-01-22T19:40:02.426-0800: 64.907: [Tenured: 349435K->349477K(349568K), 0.0283704 secs] 506678K->381614K(506816K), [Metaspace: 2698K->2698K(1056768K)], 0.0284750 secs] [Times: user=0.03 sys=0.00, real=0.03 secs] 
2021-01-22T19:40:02.470-0800: 64.950: [Full GC (Allocation Failure) 2021-01-22T19:40:02.470-0800: 64.950: [Tenured: 349477K->349302K(349568K), 0.0354464 secs] 506639K->382126K(506816K), [Metaspace: 2698K->2698K(1056768K)], 0.0355444 secs] [Times: user=0.04 sys=0.00, real=0.03 secs] 
2021-01-22T19:40:02.520-0800: 65.001: [Full GC (Allocation Failure) 2021-01-22T19:40:02.520-0800: 65.001: [Tenured: 349302K->349234K(349568K), 0.0381316 secs] 506249K->383531K(506816K), [Metaspace: 2698K->2698K(1056768K)], 0.0382261 secs] [Times: user=0.04 sys=0.00, real=0.03 secs] 
2021-01-22T19:40:02.573-0800: 65.054: [Full GC (Allocation Failure) 2021-01-22T19:40:02.573-0800: 65.054: [Tenured: 349375K->349234K(349568K), 0.0461021 secs] 506599K->376731K(506816K), [Metaspace: 2698K->2698K(1056768K)], 0.0462015 secs] [Times: user=0.04 sys=0.00, real=0.04 secs] 
2021-01-22T19:40:02.635-0800: 65.116: [Full GC (Allocation Failure) 2021-01-22T19:40:02.635-0800: 65.116: [Tenured: 349517K->349494K(349568K), 0.0289783 secs] 506762K->388830K(506816K), [Metaspace: 2698K->2698K(1056768K)], 0.0290800 secs] [Times: user=0.03 sys=0.00, real=0.03 secs] 
2021-01-22T19:40:02.679-0800: 65.159: [Full GC (Allocation Failure) 2021-01-22T19:40:02.679-0800: 65.159: [Tenured: 349494K->349407K(349568K), 0.0352855 secs] 506718K->389814K(506816K), [Metaspace: 2698K->2698K(1056768K)], 0.0353805 secs] [Times: user=0.04 sys=0.00, real=0.04 secs] 
2021-01-22T19:40:02.728-0800: 65.208: [Full GC (Allocation Failure) 2021-01-22T19:40:02.728-0800: 65.208: [Tenured: 349407K->349533K(349568K), 0.0374469 secs] 506408K->393836K(506816K), [Metaspace: 2698K->2698K(1056768K)], 0.0375443 secs] [Times: user=0.04 sys=0.00, real=0.04 secs] 
2021-01-22T19:40:02.779-0800: 65.260: [Full GC (Allocation Failure) 2021-01-22T19:40:02.779-0800: 65.260: [Tenured: 349533K->349498K(349568K), 0.0474148 secs] 506378K->380807K(506816K), [Metaspace: 2698K->2698K(1056768K)], 0.0475103 secs] [Times: user=0.05 sys=0.00, real=0.05 secs] 
2021-01-22T19:40:02.842-0800: 65.322: [Full GC (Allocation Failure) 2021-01-22T19:40:02.842-0800: 65.322: [Tenured: 349498K->349439K(349568K), 0.0302757 secs] 506669K->399367K(506816K), [Metaspace: 2698K->2698K(1056768K)], 0.0303784 secs] [Times: user=0.04 sys=0.00, real=0.03 secs] 
2021-01-22T19:40:02.884-0800: 65.365: [Full GC (Allocation Failure) 2021-01-22T19:40:02.885-0800: 65.365: [Tenured: 349558K->349421K(349568K), 0.0375956 secs] 506785K->398594K(506816K), [Metaspace: 2698K->2698K(1056768K)], 0.0376914 secs] [Times: user=0.03 sys=0.00, real=0.04 secs] 
2021-01-22T19:40:02.936-0800: 65.416: [Full GC (Allocation Failure) 2021-01-22T19:40:02.936-0800: 65.416: [Tenured: 349547K->349484K(349568K), 0.0406916 secs] 506791K->401535K(506816K), [Metaspace: 2698K->2698K(1056768K)], 0.0407941 secs] [Times: user=0.04 sys=0.00, real=0.04 secs] 
2021-01-22T19:40:02.989-0800: 65.470: [Full GC (Allocation Failure) 2021-01-22T19:40:02.989-0800: 65.470: [Tenured: 349484K->349223K(349568K), 0.0464603 secs] 506643K->381433K(506816K), [Metaspace: 2698K->2698K(1056768K)], 0.0465614 secs] [Times: user=0.05 sys=0.00, real=0.05 secs] 
2021-01-22T19:40:03.050-0800: 65.531: [Full GC (Allocation Failure) 2021-01-22T19:40:03.050-0800: 65.531: [Tenured: 349511K->349492K(349568K), 0.0295973 secs] 506736K->399479K(506816K), [Metaspace: 2698K->2698K(1056768K)], 0.0296955 secs] [Times: user=0.03 sys=0.00, real=0.03 secs] 
2021-01-22T19:40:03.092-0800: 65.573: [Full GC (Allocation Failure) 2021-01-22T19:40:03.092-0800: 65.573: [Tenured: 349492K->349174K(349568K), 0.0389016 secs] 506681K->395583K(506816K), [Metaspace: 2698K->2698K(1056768K)], 0.0389932 secs] [Times: user=0.04 sys=0.00, real=0.04 secs] 
2021-01-22T19:40:03.146-0800: 65.626: [Full GC (Allocation Failure) 2021-01-22T19:40:03.146-0800: 65.626: [Tenured: 349475K->349504K(349568K), 0.0414679 secs] 506607K->399552K(506816K), [Metaspace: 2698K->2698K(1056768K)], 0.0416193 secs] [Times: user=0.04 sys=0.00, real=0.04 secs] 
2021-01-22T19:40:03.200-0800: 65.681: [Full GC (Allocation Failure) 2021-01-22T19:40:03.200-0800: 65.681: [Tenured: 349504K->348864K(349568K), 0.0465341 secs] 506322K->379861K(506816K), [Metaspace: 2698K->2698K(1056768K)], 0.0466281 secs] [Times: user=0.05 sys=0.00, real=0.04 secs] 
2021-01-22T19:40:03.262-0800: 65.743: [Full GC (Allocation Failure) 2021-01-22T19:40:03.262-0800: 65.743: [Tenured: 349544K->349388K(349568K), 0.0305021 secs] 506769K->396176K(506816K), [Metaspace: 2698K->2698K(1056768K)], 0.0305879 secs] [Times: user=0.03 sys=0.00, real=0.03 secs] 
2021-01-22T19:40:03.306-0800: 65.787: [Full GC (Allocation Failure) 2021-01-22T19:40:03.306-0800: 65.787: [Tenured: 349532K->349113K(349568K), 0.0387752 secs] 506753K->393727K(506816K), [Metaspace: 2698K->2698K(1056768K)], 0.0388593 secs] [Times: user=0.03 sys=0.00, real=0.04 secs] 
2021-01-22T19:40:03.359-0800: 65.840: [Full GC (Allocation Failure) 2021-01-22T19:40:03.359-0800: 65.840: [Tenured: 349505K->349513K(349568K), 0.0402780 secs] 506751K->387818K(506816K), [Metaspace: 2698K->2698K(1056768K)], 0.0403742 secs] [Times: user=0.04 sys=0.00, real=0.05 secs] 
2021-01-22T19:40:03.416-0800: 65.897: [Full GC (Allocation Failure) 2021-01-22T19:40:03.416-0800: 65.897: [Tenured: 349513K->349455K(349568K), 0.0452496 secs] 506524K->365063K(506816K), [Metaspace: 2698K->2698K(1056768K)], 0.0453323 secs] [Times: user=0.05 sys=0.00, real=0.05 secs] 
2021-01-22T19:40:03.479-0800: 65.959: [Full GC (Allocation Failure) 2021-01-22T19:40:03.479-0800: 65.959: [Tenured: 349455K->349252K(349568K), 0.0278359 secs] 506439K->382188K(506816K), [Metaspace: 2698K->2698K(1056768K)], 0.0279380 secs] [Times: user=0.02 sys=0.00, real=0.03 secs] 
2021-01-22T19:40:03.521-0800: 66.002: [Full GC (Allocation Failure) 2021-01-22T19:40:03.521-0800: 66.002: [Tenured: 349348K->349566K(349568K), 0.0375159 secs] 506511K->384284K(506816K), [Metaspace: 2698K->2698K(1056768K)], 0.0376146 secs] [Times: user=0.04 sys=0.00, real=0.03 secs] 
2021-01-22T19:40:03.574-0800: 66.054: [Full GC (Allocation Failure) 2021-01-22T19:40:03.574-0800: 66.054: [Tenured: 349566K->349553K(349568K), 0.0387906 secs] 506802K->375975K(506816K), [Metaspace: 2698K->2698K(1056768K)], 0.0388816 secs] [Times: user=0.04 sys=0.00, real=0.04 secs] 
2021-01-22T19:40:03.628-0800: 66.109: [Full GC (Allocation Failure) 2021-01-22T19:40:03.628-0800: 66.109: [Tenured: 349553K->349563K(349568K), 0.0440070 secs] 506550K->357600K(506816K), [Metaspace: 2698K->2698K(1056768K)], 0.0441181 secs] [Times: user=0.04 sys=0.00, real=0.05 secs] 
2021-01-22T19:40:03.689-0800: 66.169: [Full GC (Allocation Failure) 2021-01-22T19:40:03.689-0800: 66.169: [Tenured: 349563K->349456K(349568K), 0.0289183 secs] 506717K->379170K(506816K), [Metaspace: 2698K->2698K(1056768K)], 0.0290125 secs] [Times: user=0.03 sys=0.00, real=0.03 secs] 
2021-01-22T19:40:03.732-0800: 66.213: [Full GC (Allocation Failure) 2021-01-22T19:40:03.732-0800: 66.213: [Tenured: 349456K->349233K(349568K), 0.0370076 secs] 506570K->385277K(506816K), [Metaspace: 2698K->2698K(1056768K)], 0.0370972 secs] [Times: user=0.04 sys=0.00, real=0.03 secs] 
2021-01-22T19:40:03.784-0800: 66.265: [Full GC (Allocation Failure) 2021-01-22T19:40:03.784-0800: 66.265: [Tenured: 349233K->349473K(349568K), 0.0387118 secs] 506322K->386061K(506816K), [Metaspace: 2698K->2698K(1056768K)], 0.0388122 secs] [Times: user=0.04 sys=0.00, real=0.04 secs] 
2021-01-22T19:40:03.837-0800: 66.318: [Full GC (Allocation Failure) 2021-01-22T19:40:03.837-0800: 66.318: [Tenured: 349473K->349561K(349568K), 0.0453041 secs] 506649K->373461K(506816K), [Metaspace: 2698K->2698K(1056768K)], 0.0454055 secs] [Times: user=0.05 sys=0.00, real=0.05 secs] 
2021-01-22T19:40:03.899-0800: 66.380: [Full GC (Allocation Failure) 2021-01-22T19:40:03.899-0800: 66.380: [Tenured: 349561K->349010K(349568K), 0.0285423 secs] 506782K->391062K(506816K), [Metaspace: 2698K->2698K(1056768K)], 0.0286441 secs] [Times: user=0.02 sys=0.00, real=0.03 secs] 
2021-01-22T19:40:03.942-0800: 66.422: [Full GC (Allocation Failure) 2021-01-22T19:40:03.942-0800: 66.422: [Tenured: 349424K->349503K(349568K), 0.0371129 secs] 506663K->389395K(506816K), [Metaspace: 2698K->2698K(1056768K)], 0.0372114 secs] [Times: user=0.03 sys=0.00, real=0.03 secs] 
2021-01-22T19:40:03.993-0800: 66.474: [Full GC (Allocation Failure) 2021-01-22T19:40:03.993-0800: 66.474: [Tenured: 349503K->349412K(349568K), 0.0434536 secs] 506750K->392010K(506816K), [Metaspace: 2698K->2698K(1056768K)], 0.0435355 secs] [Times: user=0.04 sys=0.00, real=0.04 secs] 
2021-01-22T19:40:04.055-0800: 66.535: [Full GC (Allocation Failure) 2021-01-22T19:40:04.055-0800: 66.536: [Tenured: 349412K->349475K(349568K), 0.0463156 secs] 506346K->372327K(506816K), [Metaspace: 2698K->2698K(1056768K)], 0.0464081 secs] [Times: user=0.04 sys=0.00, real=0.05 secs] 
2021-01-22T19:40:04.119-0800: 66.599: [Full GC (Allocation Failure) 2021-01-22T19:40:04.119-0800: 66.599: [Tenured: 349475K->349504K(349568K), 0.0255122 secs] 506609K->393919K(506816K), [Metaspace: 2698K->2698K(1056768K)], 0.0256119 secs] [Times: user=0.03 sys=0.00, real=0.03 secs] 
2021-01-22T19:40:04.159-0800: 66.640: [Full GC (Allocation Failure) 2021-01-22T19:40:04.159-0800: 66.640: [Tenured: 349540K->349536K(349568K), 0.0371120 secs] 506758K->395767K(506816K), [Metaspace: 2698K->2698K(1056768K)], 0.0372032 secs] [Times: user=0.04 sys=0.00, real=0.04 secs] 
2021-01-22T19:40:04.209-0800: 66.690: [Full GC (Allocation Failure) 2021-01-22T19:40:04.209-0800: 66.690: [Tenured: 349536K->349129K(349568K), 0.0416445 secs] 506781K->397870K(506816K), [Metaspace: 2698K->2698K(1056768K)], 0.0417470 secs] [Times: user=0.04 sys=0.00, real=0.05 secs] 
2021-01-22T19:40:04.264-0800: 66.745: [Full GC (Allocation Failure) 2021-01-22T19:40:04.264-0800: 66.745: [Tenured: 349535K->349428K(349568K), 0.0471004 secs] 506767K->380983K(506816K), [Metaspace: 2698K->2698K(1056768K)], 0.0472006 secs] [Times: user=0.05 sys=0.00, real=0.05 secs] 
2021-01-22T19:40:04.326-0800: 66.807: [Full GC (Allocation Failure) 2021-01-22T19:40:04.326-0800: 66.807: [Tenured: 349428K->349503K(349568K), 0.0261071 secs] 506655K->400018K(506816K), [Metaspace: 2698K->2698K(1056768K)], 0.0262047 secs] [Times: user=0.03 sys=0.00, real=0.03 secs] 
2021-01-22T19:40:04.365-0800: 66.846: [Full GC (Allocation Failure) 2021-01-22T19:40:04.365-0800: 66.846: [Tenured: 349503K->349510K(349568K), 0.0382552 secs] 506510K->399799K(506816K), [Metaspace: 2698K->2698K(1056768K)], 0.0383536 secs] [Times: user=0.04 sys=0.00, real=0.04 secs] 
2021-01-22T19:40:04.418-0800: 66.899: [Full GC (Allocation Failure) 2021-01-22T19:40:04.418-0800: 66.899: [Tenured: 349556K->349372K(349568K), 0.0403239 secs] 506803K->397387K(506816K), [Metaspace: 2698K->2698K(1056768K)], 0.0404209 secs] [Times: user=0.04 sys=0.00, real=0.04 secs] 
2021-01-22T19:40:04.472-0800: 66.953: [Full GC (Allocation Failure) 2021-01-22T19:40:04.472-0800: 66.953: [Tenured: 349372K->349384K(349568K), 0.0463140 secs] 506327K->378058K(506816K), [Metaspace: 2698K->2698K(1056768K)], 0.0464219 secs] [Times: user=0.04 sys=0.00, real=0.04 secs] 
2021-01-22T19:40:04.533-0800: 67.014: [Full GC (Allocation Failure) 2021-01-22T19:40:04.533-0800: 67.014: [Tenured: 349384K->349536K(349568K), 0.0338922 secs] 506430K->398640K(506816K), [Metaspace: 2698K->2698K(1056768K)], 0.0339905 secs] [Times: user=0.03 sys=0.00, real=0.03 secs] 
2021-01-22T19:40:04.580-0800: 67.061: [Full GC (Allocation Failure) 2021-01-22T19:40:04.580-0800: 67.061: [Tenured: 349536K->349311K(349568K), 0.0403429 secs] 506686K->399139K(506816K), [Metaspace: 2698K->2698K(1056768K)], 0.0404421 secs] [Times: user=0.04 sys=0.00, real=0.04 secs] 
2021-01-22T19:40:04.634-0800: 67.114: [Full GC (Allocation Failure) 2021-01-22T19:40:04.634-0800: 67.114: [Tenured: 349398K->349411K(349568K), 0.0405325 secs] 506578K->401119K(506816K), [Metaspace: 2698K->2698K(1056768K)], 0.0406494 secs] [Times: user=0.04 sys=0.00, real=0.04 secs] 
2021-01-22T19:40:04.688-0800: 67.168: [Full GC (Allocation Failure) 2021-01-22T19:40:04.688-0800: 67.168: [Tenured: 349411K->349479K(349568K), 0.0470147 secs] 506433K->384828K(506816K), [Metaspace: 2698K->2698K(1056768K)], 0.0471169 secs] [Times: user=0.05 sys=0.00, real=0.05 secs] 
2021-01-22T19:40:04.751-0800: 67.232: [Full GC (Allocation Failure) 2021-01-22T19:40:04.751-0800: 67.232: [Tenured: 349479K->349248K(349568K), 0.0309150 secs] 506472K->399591K(506816K), [Metaspace: 2698K->2698K(1056768K)], 0.0310059 secs] [Times: user=0.03 sys=0.00, real=0.03 secs] 
2021-01-22T19:40:04.796-0800: 67.277: [Full GC (Allocation Failure) 2021-01-22T19:40:04.796-0800: 67.277: [Tenured: 349551K->349504K(349568K), 0.0396937 secs] 506798K->399132K(506816K), [Metaspace: 2698K->2698K(1056768K)], 0.0397830 secs] [Times: user=0.03 sys=0.00, real=0.04 secs] 
2021-01-22T19:40:04.849-0800: 67.330: [Full GC (Allocation Failure) 2021-01-22T19:40:04.849-0800: 67.330: [Tenured: 349541K->349487K(349568K), 0.0396746 secs] 506765K->390438K(506816K), [Metaspace: 2698K->2698K(1056768K)], 0.0397678 secs] [Times: user=0.04 sys=0.00, real=0.04 secs] 
2021-01-22T19:40:04.903-0800: 67.384: [Full GC (Allocation Failure) 2021-01-22T19:40:04.903-0800: 67.384: [Tenured: 349559K->349274K(349568K), 0.0455703 secs] 506781K->367425K(506816K), [Metaspace: 2698K->2698K(1056768K)], 0.0456872 secs] [Times: user=0.05 sys=0.00, real=0.04 secs] 
2021-01-22T19:40:04.965-0800: 67.445: [Full GC (Allocation Failure) 2021-01-22T19:40:04.965-0800: 67.445: [Tenured: 349330K->349011K(349568K), 0.0302499 secs] 506542K->384307K(506816K), [Metaspace: 2698K->2698K(1056768K)], 0.0303435 secs] [Times: user=0.03 sys=0.00, real=0.03 secs] 
2021-01-22T19:40:05.010-0800: 67.490: [Full GC (Allocation Failure) 2021-01-22T19:40:05.010-0800: 67.490: [Tenured: 349011K->349475K(349568K), 0.0388895 secs] 505865K->384313K(506816K), [Metaspace: 2698K->2698K(1056768K)], 0.0389856 secs] [Times: user=0.04 sys=0.00, real=0.03 secs] 
2021-01-22T19:40:05.062-0800: 67.543: [Full GC (Allocation Failure) 2021-01-22T19:40:05.062-0800: 67.543: [Tenured: 349475K->349094K(349568K), 0.0430375 secs] 506375K->389440K(506816K), [Metaspace: 2698K->2698K(1056768K)], 0.0431237 secs] [Times: user=0.04 sys=0.00, real=0.04 secs] 
2021-01-22T19:40:05.118-0800: 67.599: [Full GC (Allocation Failure) 2021-01-22T19:40:05.118-0800: 67.599: [Tenured: 349526K->349513K(349568K), 0.0472299 secs] 506750K->376029K(506816K), [Metaspace: 2698K->2698K(1056768K)], 0.0473264 secs] [Times: user=0.05 sys=0.00, real=0.05 secs] 
2021-01-22T19:40:05.181-0800: 67.662: [Full GC (Allocation Failure) 2021-01-22T19:40:05.181-0800: 67.662: [Tenured: 349513K->349468K(349568K), 0.0308347 secs] 506756K->393567K(506816K), [Metaspace: 2698K->2698K(1056768K)], 0.0309273 secs] [Times: user=0.03 sys=0.00, real=0.03 secs] 
2021-01-22T19:40:05.226-0800: 67.707: [Full GC (Allocation Failure) 2021-01-22T19:40:05.226-0800: 67.707: [Tenured: 349540K->349246K(349568K), 0.0387358 secs] 506749K->387594K(506816K), [Metaspace: 2698K->2698K(1056768K)], 0.0388430 secs] [Times: user=0.04 sys=0.00, real=0.04 secs] 
2021-01-22T19:40:05.278-0800: 67.759: [Full GC (Allocation Failure) 2021-01-22T19:40:05.278-0800: 67.759: [Tenured: 349394K->349532K(349568K), 0.0401757 secs] 506593K->391395K(506816K), [Metaspace: 2698K->2698K(1056768K)], 0.0402772 secs] [Times: user=0.04 sys=0.00, real=0.04 secs] 
2021-01-22T19:40:05.333-0800: 67.814: [Full GC (Allocation Failure) 2021-01-22T19:40:05.333-0800: 67.814: [Tenured: 349532K->349499K(349568K), 0.0457405 secs] 506681K->372975K(506816K), [Metaspace: 2698K->2698K(1056768K)], 0.0458490 secs] [Times: user=0.04 sys=0.00, real=0.04 secs] 
2021-01-22T19:40:05.396-0800: 67.877: [Full GC (Allocation Failure) 2021-01-22T19:40:05.396-0800: 67.877: [Tenured: 349499K->349472K(349568K), 0.0316113 secs] 506647K->389565K(506816K), [Metaspace: 2698K->2698K(1056768K)], 0.0317284 secs] [Times: user=0.03 sys=0.00, real=0.03 secs] 
2021-01-22T19:40:05.442-0800: 67.923: [Full GC (Allocation Failure) 2021-01-22T19:40:05.443-0800: 67.923: [Tenured: 349472K->349372K(349568K), 0.0386328 secs] 506608K->397127K(506816K), [Metaspace: 2698K->2698K(1056768K)], 0.0387338 secs] [Times: user=0.03 sys=0.01, real=0.04 secs] 
2021-01-22T19:40:05.495-0800: 67.975: [Full GC (Allocation Failure) 2021-01-22T19:40:05.495-0800: 67.976: [Tenured: 349480K->349460K(349568K), 0.0402039 secs] 506712K->393369K(506816K), [Metaspace: 2698K->2698K(1056768K)], 0.0403044 secs] [Times: user=0.04 sys=0.00, real=0.04 secs] 
2021-01-22T19:40:05.549-0800: 68.029: [Full GC (Allocation Failure) 2021-01-22T19:40:05.549-0800: 68.029: [Tenured: 349460K->349527K(349568K), 0.0463477 secs] 506429K->380342K(506816K), [Metaspace: 2698K->2698K(1056768K)], 0.0464467 secs] [Times: user=0.05 sys=0.00, real=0.05 secs] 
2021-01-22T19:40:05.611-0800: 68.091: [Full GC (Allocation Failure) 2021-01-22T19:40:05.611-0800: 68.092: [Tenured: 349527K->349496K(349568K), 0.0299678 secs] 506762K->391051K(506816K), [Metaspace: 2698K->2698K(1056768K)], 0.0300663 secs] [Times: user=0.03 sys=0.00, real=0.03 secs] 
2021-01-22T19:40:05.655-0800: 68.136: [Full GC (Allocation Failure) 2021-01-22T19:40:05.655-0800: 68.136: [Tenured: 349496K->349106K(349568K), 0.0384052 secs] 506583K->395765K(506816K), [Metaspace: 2698K->2698K(1056768K)], 0.0384955 secs] [Times: user=0.03 sys=0.00, real=0.04 secs] 
2021-01-22T19:40:05.707-0800: 68.188: [Full GC (Allocation Failure) 2021-01-22T19:40:05.707-0800: 68.188: [Tenured: 349407K->349337K(349568K), 0.0404701 secs] 506570K->397857K(506816K), [Metaspace: 2698K->2698K(1056768K)], 0.0405660 secs] [Times: user=0.04 sys=0.00, real=0.04 secs] 
2021-01-22T19:40:05.760-0800: 68.241: [Full GC (Allocation Failure) 2021-01-22T19:40:05.760-0800: 68.241: [Tenured: 349481K->349321K(349568K), 0.0457842 secs] 506727K->375305K(506816K), [Metaspace: 2698K->2698K(1056768K)], 0.0458812 secs] [Times: user=0.05 sys=0.00, real=0.04 secs] 
2021-01-22T19:40:05.822-0800: 68.303: [Full GC (Allocation Failure) 2021-01-22T19:40:05.822-0800: 68.303: [Tenured: 349456K->349476K(349568K), 0.0312442 secs] 506696K->392051K(506816K), [Metaspace: 2698K->2698K(1056768K)], 0.0313437 secs] [Times: user=0.03 sys=0.00, real=0.03 secs] 
2021-01-22T19:40:05.866-0800: 68.347: [Full GC (Allocation Failure) 2021-01-22T19:40:05.867-0800: 68.347: [Tenured: 349476K->349110K(349568K), 0.0374428 secs] 506326K->393806K(506816K), [Metaspace: 2698K->2698K(1056768K)], 0.0375492 secs] [Times: user=0.03 sys=0.00, real=0.04 secs] 
2021-01-22T19:40:05.918-0800: 68.399: [Full GC (Allocation Failure) 2021-01-22T19:40:05.918-0800: 68.399: [Tenured: 349492K->349460K(349568K), 0.0401480 secs] 506648K->390142K(506816K), [Metaspace: 2698K->2698K(1056768K)], 0.0402479 secs] [Times: user=0.04 sys=0.00, real=0.04 secs] 
2021-01-22T19:40:05.972-0800: 68.453: [Full GC (Allocation Failure) 2021-01-22T19:40:05.972-0800: 68.453: [Tenured: 349460K->349419K(349568K), 0.0454402 secs] 506517K->376260K(506816K), [Metaspace: 2698K->2698K(1056768K)], 0.0455418 secs] [Times: user=0.05 sys=0.00, real=0.04 secs] 
2021-01-22T19:40:06.033-0800: 68.514: [Full GC (Allocation Failure) 2021-01-22T19:40:06.033-0800: 68.514: [Tenured: 349419K->349515K(349568K), 0.0294898 secs] 506393K->393727K(506816K), [Metaspace: 2698K->2698K(1056768K)], 0.0295929 secs] [Times: user=0.03 sys=0.00, real=0.03 secs] 
2021-01-22T19:40:06.076-0800: 68.557: [Full GC (Allocation Failure) 2021-01-22T19:40:06.076-0800: 68.557: [Tenured: 349515K->349377K(349568K), 0.0402636 secs] 506146K->400501K(506816K), [Metaspace: 2698K->2698K(1056768K)], 0.0403654 secs] [Times: user=0.04 sys=0.00, real=0.04 secs] 
2021-01-22T19:40:06.130-0800: 68.611: [Full GC (Allocation Failure) 2021-01-22T19:40:06.130-0800: 68.611: [Tenured: 349377K->349507K(349568K), 0.0424473 secs] 505977K->396321K(506816K), [Metaspace: 2698K->2698K(1056768K)], 0.0425666 secs] [Times: user=0.04 sys=0.00, real=0.04 secs] 
2021-01-22T19:40:06.186-0800: 68.667: [Full GC (Allocation Failure) 2021-01-22T19:40:06.186-0800: 68.667: [Tenured: 349543K->349290K(349568K), 0.0454017 secs] 506775K->373399K(506816K), [Metaspace: 2698K->2698K(1056768K)], 0.0455035 secs] [Times: user=0.05 sys=0.00, real=0.05 secs] 
2021-01-22T19:40:06.248-0800: 68.729: [Full GC (Allocation Failure) 2021-01-22T19:40:06.248-0800: 68.729: [Tenured: 349462K->349365K(349568K), 0.0292820 secs] 506687K->389766K(506816K), [Metaspace: 2698K->2698K(1056768K)], 0.0293810 secs] [Times: user=0.03 sys=0.00, real=0.03 secs] 
2021-01-22T19:40:06.292-0800: 68.772: [Full GC (Allocation Failure) 2021-01-22T19:40:06.292-0800: 68.772: [Tenured: 349365K->349531K(349568K), 0.0380335 secs] 506492K->383545K(506816K), [Metaspace: 2698K->2698K(1056768K)], 0.0381287 secs] [Times: user=0.04 sys=0.00, real=0.04 secs] 
2021-01-22T19:40:06.345-0800: 68.825: [Full GC (Allocation Failure) 2021-01-22T19:40:06.345-0800: 68.825: [Tenured: 349531K->349364K(349568K), 0.0395530 secs] 506612K->385365K(506816K), [Metaspace: 2698K->2698K(1056768K)], 0.0396515 secs] [Times: user=0.04 sys=0.00, real=0.04 secs] 
2021-01-22T19:40:06.400-0800: 68.881: [Full GC (Allocation Failure) 2021-01-22T19:40:06.400-0800: 68.881: [Tenured: 349560K->349216K(349568K), 0.0442497 secs] 506808K->362269K(506816K), [Metaspace: 2698K->2698K(1056768K)], 0.0443503 secs] [Times: user=0.04 sys=0.00, real=0.04 secs] 
2021-01-22T19:40:06.462-0800: 68.943: [Full GC (Allocation Failure) 2021-01-22T19:40:06.462-0800: 68.943: [Tenured: 349504K->349469K(349568K), 0.0295401 secs] 506631K->382005K(506816K), [Metaspace: 2698K->2698K(1056768K)], 0.0296536 secs] [Times: user=0.03 sys=0.00, real=0.03 secs] 
2021-01-22T19:40:06.506-0800: 68.986: [Full GC (Allocation Failure) 2021-01-22T19:40:06.506-0800: 68.987: [Tenured: 349469K->349489K(349568K), 0.0370983 secs] 506523K->384685K(506816K), [Metaspace: 2698K->2698K(1056768K)], 0.0372166 secs] [Times: user=0.04 sys=0.00, real=0.04 secs] 
2021-01-22T19:40:06.558-0800: 69.039: [Full GC (Allocation Failure) 2021-01-22T19:40:06.558-0800: 69.039: [Tenured: 349561K->349399K(349568K), 0.0380847 secs] 506795K->385339K(506816K), [Metaspace: 2698K->2698K(1056768K)], 0.0381776 secs] [Times: user=0.04 sys=0.00, real=0.04 secs] 
2021-01-22T19:40:06.611-0800: 69.092: [Full GC (Allocation Failure) 2021-01-22T19:40:06.611-0800: 69.092: [Tenured: 349399K->349335K(349568K), 0.0469801 secs] 506364K->374976K(506816K), [Metaspace: 2698K->2698K(1056768K)], 0.0470801 secs] [Times: user=0.04 sys=0.00, real=0.04 secs] 
2021-01-22T19:40:06.674-0800: 69.155: [Full GC (Allocation Failure) 2021-01-22T19:40:06.674-0800: 69.155: [Tenured: 349335K->349498K(349568K), 0.0321977 secs] 506410K->387565K(506816K), [Metaspace: 2698K->2698K(1056768K)], 0.0323051 secs] [Times: user=0.03 sys=0.00, real=0.03 secs] 
2021-01-22T19:40:06.720-0800: 69.201: [Full GC (Allocation Failure) 2021-01-22T19:40:06.720-0800: 69.201: [Tenured: 349498K->349553K(349568K), 0.0396002 secs] 506482K->388524K(506816K), [Metaspace: 2698K->2698K(1056768K)], 0.0397010 secs] [Times: user=0.04 sys=0.00, real=0.04 secs] 
2021-01-22T19:40:06.775-0800: 69.256: [Full GC (Allocation Failure) 2021-01-22T19:40:06.775-0800: 69.256: [Tenured: 349553K->349283K(349568K), 0.0411309 secs] 506705K->394268K(506816K), [Metaspace: 2698K->2698K(1056768K)], 0.0412220 secs] [Times: user=0.04 sys=0.00, real=0.04 secs] 
2021-01-22T19:40:06.830-0800: 69.311: [Full GC (Allocation Failure) 2021-01-22T19:40:06.830-0800: 69.311: [Tenured: 349499K->349539K(349568K), 0.0480866 secs] 506683K->378185K(506816K), [Metaspace: 2698K->2698K(1056768K)], 0.0481812 secs] [Times: user=0.05 sys=0.00, real=0.04 secs] 
2021-01-22T19:40:06.896-0800: 69.376: [Full GC (Allocation Failure) 2021-01-22T19:40:06.896-0800: 69.376: [Tenured: 349539K->349489K(349568K), 0.0327210 secs] 506390K->399399K(506816K), [Metaspace: 2698K->2698K(1056768K)], 0.0328395 secs] [Times: user=0.03 sys=0.00, real=0.03 secs] 
2021-01-22T19:40:06.943-0800: 69.424: [Full GC (Allocation Failure) 2021-01-22T19:40:06.943-0800: 69.424: [Tenured: 349489K->349468K(349568K), 0.0383095 secs] 506375K->403888K(506816K), [Metaspace: 2698K->2698K(1056768K)], 0.0384099 secs] [Times: user=0.04 sys=0.00, real=0.04 secs] 
2021-01-22T19:40:06.997-0800: 69.478: [Full GC (Allocation Failure) 2021-01-22T19:40:06.997-0800: 69.478: [Tenured: 349522K->349442K(349568K), 0.0413325 secs] 506762K->409590K(506816K), [Metaspace: 2698K->2698K(1056768K)], 0.0414371 secs] [Times: user=0.04 sys=0.00, real=0.04 secs] 
2021-01-22T19:40:07.050-0800: 69.531: [Full GC (Allocation Failure) 2021-01-22T19:40:07.050-0800: 69.531: [Tenured: 349442K->349564K(349568K), 0.0474591 secs] 506411K->390813K(506816K), [Metaspace: 2698K->2698K(1056768K)], 0.0475594 secs] [Times: user=0.05 sys=0.00, real=0.04 secs] 
2021-01-22T19:40:07.113-0800: 69.594: [Full GC (Allocation Failure) 2021-01-22T19:40:07.113-0800: 69.594: [Tenured: 349564K->349299K(349568K), 0.0282986 secs] 506772K->404838K(506816K), [Metaspace: 2698K->2698K(1056768K)], 0.0283913 secs] [Times: user=0.03 sys=0.00, real=0.03 secs] 
2021-01-22T19:40:07.154-0800: 69.635: [Full GC (Allocation Failure) 2021-01-22T19:40:07.154-0800: 69.635: [Tenured: 349299K->349519K(349568K), 0.0387897 secs] 505929K->405040K(506816K), [Metaspace: 2698K->2698K(1056768K)], 0.0388944 secs] [Times: user=0.04 sys=0.00, real=0.04 secs] 
2021-01-22T19:40:07.205-0800: 69.686: [Full GC (Allocation Failure) 2021-01-22T19:40:07.205-0800: 69.686: [Tenured: 349519K->349438K(349568K), 0.0404624 secs] 506686K->396129K(506816K), [Metaspace: 2698K->2698K(1056768K)], 0.0405596 secs] [Times: user=0.04 sys=0.01, real=0.04 secs] 
2021-01-22T19:40:07.260-0800: 69.740: [Full GC (Allocation Failure) 2021-01-22T19:40:07.260-0800: 69.740: [Tenured: 349438K->349350K(349568K), 0.0467316 secs] 506589K->377634K(506816K), [Metaspace: 2698K->2698K(1056768K)], 0.0468430 secs] [Times: user=0.04 sys=0.00, real=0.04 secs] 
2021-01-22T19:40:07.322-0800: 69.802: [Full GC (Allocation Failure) 2021-01-22T19:40:07.322-0800: 69.803: [Tenured: 349566K->349532K(349568K), 0.0309395 secs] 506777K->398672K(506816K), [Metaspace: 2698K->2698K(1056768K)], 0.0310336 secs] [Times: user=0.03 sys=0.00, real=0.03 secs] 
2021-01-22T19:40:07.366-0800: 69.847: [Full GC (Allocation Failure) 2021-01-22T19:40:07.366-0800: 69.847: [Tenured: 349532K->349212K(349568K), 0.0387348 secs] 506504K->395943K(506816K), [Metaspace: 2698K->2698K(1056768K)], 0.0388379 secs] [Times: user=0.04 sys=0.00, real=0.04 secs] 
2021-01-22T19:40:07.419-0800: 69.900: [Full GC (Allocation Failure) 2021-01-22T19:40:07.419-0800: 69.900: [Tenured: 349212K->349489K(349568K), 0.0403542 secs] 506426K->389526K(506816K), [Metaspace: 2698K->2698K(1056768K)], 0.0404447 secs] [Times: user=0.04 sys=0.00, real=0.05 secs] 
2021-01-22T19:40:07.473-0800: 69.954: [Full GC (Allocation Failure) 2021-01-22T19:40:07.474-0800: 69.954: [Tenured: 349489K->349358K(349568K), 0.0454789 secs] 506609K->374140K(506816K), [Metaspace: 2698K->2698K(1056768K)], 0.0455773 secs] [Times: user=0.04 sys=0.00, real=0.04 secs] 
2021-01-22T19:40:07.536-0800: 70.017: [Full GC (Allocation Failure) 2021-01-22T19:40:07.536-0800: 70.017: [Tenured: 349358K->349484K(349568K), 0.0305013 secs] 506349K->389528K(506816K), [Metaspace: 2698K->2698K(1056768K)], 0.0306038 secs] [Times: user=0.03 sys=0.00, real=0.03 secs] 
2021-01-22T19:40:07.580-0800: 70.061: [Full GC (Allocation Failure) 2021-01-22T19:40:07.581-0800: 70.061: [Tenured: 349484K->349554K(349568K), 0.0366087 secs] 506476K->388483K(506816K), [Metaspace: 2698K->2698K(1056768K)], 0.0367277 secs] [Times: user=0.04 sys=0.00, real=0.03 secs] 
2021-01-22T19:40:07.632-0800: 70.112: [Full GC (Allocation Failure) 2021-01-22T19:40:07.632-0800: 70.113: [Tenured: 349554K->349462K(349568K), 0.0395099 secs] 506770K->388289K(506816K), [Metaspace: 2698K->2698K(1056768K)], 0.0396043 secs] [Times: user=0.03 sys=0.00, real=0.04 secs] 
2021-01-22T19:40:07.686-0800: 70.167: [Full GC (Allocation Failure) 2021-01-22T19:40:07.686-0800: 70.167: [Tenured: 349462K->349513K(349568K), 0.0451746 secs] 506337K->369362K(506816K), [Metaspace: 2698K->2698K(1056768K)], 0.0452697 secs] [Times: user=0.04 sys=0.00, real=0.05 secs] 
2021-01-22T19:40:07.749-0800: 70.230: [Full GC (Allocation Failure) 2021-01-22T19:40:07.749-0800: 70.230: [Tenured: 349545K->349480K(349568K), 0.0280983 secs] 506790K->381919K(506816K), [Metaspace: 2698K->2698K(1056768K)], 0.0281944 secs] [Times: user=0.03 sys=0.00, real=0.03 secs] 
2021-01-22T19:40:07.793-0800: 70.274: [Full GC (Allocation Failure) 2021-01-22T19:40:07.793-0800: 70.274: [Tenured: 349480K->348966K(349568K), 0.0371776 secs] 506473K->385281K(506816K), [Metaspace: 2698K->2698K(1056768K)], 0.0372773 secs] [Times: user=0.03 sys=0.00, real=0.04 secs] 
2021-01-22T19:40:07.847-0800: 70.327: [Full GC (Allocation Failure) 2021-01-22T19:40:07.847-0800: 70.327: [Tenured: 349507K->349560K(349568K), 0.0394438 secs] 506737K->384168K(506816K), [Metaspace: 2698K->2698K(1056768K)], 0.0395797 secs] [Times: user=0.04 sys=0.00, real=0.04 secs] 
2021-01-22T19:40:07.901-0800: 70.382: [Full GC (Allocation Failure) 2021-01-22T19:40:07.901-0800: 70.382: [Tenured: 349560K->349391K(349568K), 0.0454573 secs] 506674K->374225K(506816K), [Metaspace: 2698K->2698K(1056768K)], 0.0455601 secs] [Times: user=0.05 sys=0.00, real=0.04 secs] 
2021-01-22T19:40:07.963-0800: 70.444: [Full GC (Allocation Failure) 2021-01-22T19:40:07.963-0800: 70.444: [Tenured: 349391K->349526K(349568K), 0.0295993 secs] 506057K->395442K(506816K), [Metaspace: 2698K->2698K(1056768K)], 0.0297085 secs] [Times: user=0.03 sys=0.00, real=0.03 secs] 
2021-01-22T19:40:08.006-0800: 70.487: [Full GC (Allocation Failure) 2021-01-22T19:40:08.006-0800: 70.487: [Tenured: 349526K->349440K(349568K), 0.0357059 secs] 506707K->395133K(506816K), [Metaspace: 2698K->2698K(1056768K)], 0.0358106 secs] [Times: user=0.03 sys=0.00, real=0.04 secs] 
2021-01-22T19:40:08.056-0800: 70.537: [Full GC (Allocation Failure) 2021-01-22T19:40:08.056-0800: 70.537: [Tenured: 349440K->349419K(349568K), 0.0386431 secs] 506661K->391390K(506816K), [Metaspace: 2698K->2698K(1056768K)], 0.0387411 secs] [Times: user=0.03 sys=0.00, real=0.04 secs] 
2021-01-22T19:40:08.110-0800: 70.591: [Full GC (Allocation Failure) 2021-01-22T19:40:08.110-0800: 70.591: [Tenured: 349563K->349467K(349568K), 0.0460093 secs] 506751K->369036K(506816K), [Metaspace: 2698K->2698K(1056768K)], 0.0460936 secs] [Times: user=0.04 sys=0.00, real=0.04 secs] 
2021-01-22T19:40:08.173-0800: 70.654: [Full GC (Allocation Failure) 2021-01-22T19:40:08.173-0800: 70.654: [Tenured: 349554K->348928K(349568K), 0.0304485 secs] 506797K->393025K(506816K), [Metaspace: 2698K->2698K(1056768K)], 0.0305439 secs] [Times: user=0.03 sys=0.00, real=0.03 secs] 
2021-01-22T19:40:08.216-0800: 70.697: [Full GC (Allocation Failure) 2021-01-22T19:40:08.216-0800: 70.697: [Tenured: 349327K->349323K(349568K), 0.0370103 secs] 506384K->391605K(506816K), [Metaspace: 2698K->2698K(1056768K)], 0.0371101 secs] [Times: user=0.04 sys=0.00, real=0.04 secs] 
2021-01-22T19:40:08.267-0800: 70.748: [Full GC (Allocation Failure) 2021-01-22T19:40:08.267-0800: 70.748: [Tenured: 349489K->349234K(349568K), 0.0434237 secs] 506713K->385777K(506816K), [Metaspace: 2698K->2698K(1056768K)], 0.0435085 secs] [Times: user=0.04 sys=0.00, real=0.05 secs] 
2021-01-22T19:40:08.330-0800: 70.811: [Full GC (Allocation Failure) 2021-01-22T19:40:08.330-0800: 70.811: [Tenured: 349558K->349214K(349568K), 0.0606819 secs] 506774K->373092K(506816K), [Metaspace: 2698K->2698K(1056768K)], 0.0607807 secs] [Times: user=0.05 sys=0.00, real=0.06 secs] 
2021-01-22T19:40:08.408-0800: 70.889: [Full GC (Allocation Failure) 2021-01-22T19:40:08.408-0800: 70.889: [Tenured: 349562K->349536K(349568K), 0.0319667 secs] 506808K->376200K(506816K), [Metaspace: 2698K->2698K(1056768K)], 0.0320650 secs] [Times: user=0.03 sys=0.00, real=0.04 secs] 
2021-01-22T19:40:08.455-0800: 70.936: [Full GC (Allocation Failure) 2021-01-22T19:40:08.455-0800: 70.936: [Tenured: 349563K->348973K(349568K), 0.0352905 secs] 506803K->376916K(506816K), [Metaspace: 2698K->2698K(1056768K)], 0.0353889 secs] [Times: user=0.03 sys=0.00, real=0.04 secs] 
2021-01-22T19:40:08.507-0800: 70.988: [Full GC (Allocation Failure) 2021-01-22T19:40:08.507-0800: 70.988: [Tenured: 349566K->349417K(349568K), 0.0408014 secs] 506798K->381537K(506816K), [Metaspace: 2698K->2698K(1056768K)], 0.0408969 secs] [Times: user=0.04 sys=0.00, real=0.04 secs] 
2021-01-22T19:40:08.562-0800: 71.043: [Full GC (Allocation Failure) 2021-01-22T19:40:08.562-0800: 71.043: [Tenured: 349417K->349521K(349568K), 0.0455416 secs] 506312K->366064K(506816K), [Metaspace: 2698K->2698K(1056768K)], 0.0456363 secs] [Times: user=0.05 sys=0.00, real=0.04 secs] 
2021-01-22T19:40:08.625-0800: 71.106: [Full GC (Allocation Failure) 2021-01-22T19:40:08.625-0800: 71.106: [Tenured: 349521K->349526K(349568K), 0.0312398 secs] 506705K->383267K(506816K), [Metaspace: 2698K->2698K(1056768K)], 0.0313496 secs] [Times: user=0.03 sys=0.00, real=0.03 secs] 
2021-01-22T19:40:08.671-0800: 71.152: [Full GC (Allocation Failure) 2021-01-22T19:40:08.672-0800: 71.152: [Tenured: 349526K->348979K(349568K), 0.0370521 secs] 506205K->383721K(506816K), [Metaspace: 2698K->2698K(1056768K)], 0.0371516 secs] [Times: user=0.03 sys=0.00, real=0.03 secs] 
2021-01-22T19:40:08.724-0800: 71.205: [Full GC (Allocation Failure) 2021-01-22T19:40:08.724-0800: 71.205: [Tenured: 349537K->349515K(349568K), 0.0386952 secs] 506781K->378371K(506816K), [Metaspace: 2698K->2698K(1056768K)], 0.0387904 secs] [Times: user=0.04 sys=0.00, real=0.04 secs] 
2021-01-22T19:40:08.778-0800: 71.259: [Full GC (Allocation Failure) 2021-01-22T19:40:08.778-0800: 71.259: [Tenured: 349515K->349477K(349568K), 0.0454932 secs] 506630K->359865K(506816K), [Metaspace: 2698K->2698K(1056768K)], 0.0458115 secs] [Times: user=0.05 sys=0.00, real=0.05 secs] 
2021-01-22T19:40:08.842-0800: 71.323: [Full GC (Allocation Failure) 2021-01-22T19:40:08.842-0800: 71.323: [Tenured: 349477K->349467K(349568K), 0.0319576 secs] 506689K->381380K(506816K), [Metaspace: 2698K->2698K(1056768K)], 0.0320622 secs] [Times: user=0.04 sys=0.00, real=0.03 secs] 
2021-01-22T19:40:08.890-0800: 71.371: [Full GC (Allocation Failure) 2021-01-22T19:40:08.890-0800: 71.371: [Tenured: 349517K->349516K(349568K), 0.0385477 secs] 506742K->384502K(506816K), [Metaspace: 2698K->2698K(1056768K)], 0.0386676 secs] [Times: user=0.04 sys=0.00, real=0.03 secs] 
2021-01-22T19:40:08.943-0800: 71.424: [Full GC (Allocation Failure) 2021-01-22T19:40:08.943-0800: 71.424: [Tenured: 349516K->349556K(349568K), 0.0402042 secs] 506362K->381861K(506816K), [Metaspace: 2698K->2698K(1056768K)], 0.0403133 secs] [Times: user=0.04 sys=0.00, real=0.04 secs] 
2021-01-22T19:40:08.997-0800: 71.478: [Full GC (Allocation Failure) 2021-01-22T19:40:08.997-0800: 71.478: [Tenured: 349556K->349146K(349568K), 0.0462676 secs] 506664K->363572K(506816K), [Metaspace: 2698K->2698K(1056768K)], 0.0463615 secs] [Times: user=0.04 sys=0.00, real=0.05 secs] 
2021-01-22T19:40:09.064-0800: 71.545: [Full GC (Allocation Failure) 2021-01-22T19:40:09.064-0800: 71.545: [Tenured: 349463K->349506K(349568K), 0.0316622 secs] 506648K->377090K(506816K), [Metaspace: 2698K->2698K(1056768K)], 0.0317608 secs] [Times: user=0.03 sys=0.00, real=0.03 secs] 
2021-01-22T19:40:09.111-0800: 71.592: [Full GC (Allocation Failure) 2021-01-22T19:40:09.111-0800: 71.592: [Tenured: 349506K->349551K(349568K), 0.0381751 secs] 506733K->378316K(506816K), [Metaspace: 2698K->2698K(1056768K)], 0.0382760 secs] [Times: user=0.04 sys=0.00, real=0.04 secs] 
2021-01-22T19:40:09.164-0800: 71.645: [Full GC (Allocation Failure) 2021-01-22T19:40:09.164-0800: 71.645: [Tenured: 349551K->349561K(349568K), 0.0397551 secs] 506605K->376086K(506816K), [Metaspace: 2698K->2698K(1056768K)], 0.0398793 secs] [Times: user=0.04 sys=0.00, real=0.04 secs] 
2021-01-22T19:40:09.219-0800: 71.700: [Full GC (Allocation Failure) 2021-01-22T19:40:09.219-0800: 71.700: [Tenured: 349561K->349014K(349568K), 0.0453217 secs] 506805K->367016K(506816K), [Metaspace: 2698K->2698K(1056768K)], 0.0454230 secs] [Times: user=0.05 sys=0.00, real=0.05 secs] 
2021-01-22T19:40:09.280-0800: 71.761: [Full GC (Allocation Failure) 2021-01-22T19:40:09.280-0800: 71.761: [Tenured: 349345K->349492K(349568K), 0.0278634 secs] 506532K->387813K(506816K), [Metaspace: 2698K->2698K(1056768K)], 0.0279653 secs] [Times: user=0.02 sys=0.00, real=0.02 secs] 
2021-01-22T19:40:09.322-0800: 71.803: [Full GC (Allocation Failure) 2021-01-22T19:40:09.322-0800: 71.803: [Tenured: 349492K->349068K(349568K), 0.0385049 secs] 506574K->382352K(506816K), [Metaspace: 2698K->2698K(1056768K)], 0.0386016 secs] [Times: user=0.03 sys=0.00, real=0.04 secs] 
2021-01-22T19:40:09.376-0800: 71.857: [Full GC (Allocation Failure) 2021-01-22T19:40:09.376-0800: 71.857: [Tenured: 349504K->349425K(349568K), 0.0386426 secs] 506750K->383102K(506816K), [Metaspace: 2698K->2698K(1056768K)], 0.0387443 secs] [Times: user=0.04 sys=0.00, real=0.04 secs] 
2021-01-22T19:40:09.429-0800: 71.910: [Full GC (Allocation Failure) 2021-01-22T19:40:09.429-0800: 71.910: [Tenured: 349425K->349225K(349568K), 0.0470182 secs] 506565K->376967K(506816K), [Metaspace: 2698K->2698K(1056768K)], 0.0471143 secs] [Times: user=0.05 sys=0.00, real=0.05 secs] 
2021-01-22T19:40:09.492-0800: 71.973: [Full GC (Allocation Failure) 2021-01-22T19:40:09.492-0800: 71.973: [Tenured: 349225K->349443K(349568K), 0.0251706 secs] 505921K->399072K(506816K), [Metaspace: 2698K->2698K(1056768K)], 0.0252676 secs] [Times: user=0.03 sys=0.00, real=0.02 secs] 
2021-01-22T19:40:09.530-0800: 72.011: [Full GC (Allocation Failure) 2021-01-22T19:40:09.530-0800: 72.011: [Tenured: 349443K->349403K(349568K), 0.0373368 secs] 506602K->397678K(506816K), [Metaspace: 2698K->2698K(1056768K)], 0.0374338 secs] [Times: user=0.04 sys=0.00, real=0.03 secs] 
2021-01-22T19:40:09.581-0800: 72.062: [Full GC (Allocation Failure) 2021-01-22T19:40:09.581-0800: 72.062: [Tenured: 349511K->349500K(349568K), 0.0422150 secs] 506730K->394382K(506816K), [Metaspace: 2698K->2698K(1056768K)], 0.0423229 secs] [Times: user=0.04 sys=0.00, real=0.04 secs] 
2021-01-22T19:40:09.637-0800: 72.118: [Full GC (Allocation Failure) 2021-01-22T19:40:09.637-0800: 72.118: [Tenured: 349500K->349522K(349568K), 0.0470421 secs] 506514K->380329K(506816K), [Metaspace: 2698K->2698K(1056768K)], 0.0471419 secs] [Times: user=0.04 sys=0.00, real=0.05 secs] 
2021-01-22T19:40:09.699-0800: 72.180: [Full GC (Allocation Failure) 2021-01-22T19:40:09.699-0800: 72.180: [Tenured: 349522K->349250K(349568K), 0.0330394 secs] 506754K->392078K(506816K), [Metaspace: 2698K->2698K(1056768K)], 0.0331413 secs] [Times: user=0.03 sys=0.00, real=0.04 secs] 
2021-01-22T19:40:09.746-0800: 72.227: [Full GC (Allocation Failure) 2021-01-22T19:40:09.746-0800: 72.227: [Tenured: 349554K->349020K(349568K), 0.0359238 secs] 506802K->395043K(506816K), [Metaspace: 2698K->2698K(1056768K)], 0.0360187 secs] [Times: user=0.03 sys=0.00, real=0.04 secs] 
2021-01-22T19:40:09.797-0800: 72.278: [Full GC (Allocation Failure) 2021-01-22T19:40:09.797-0800: 72.278: [Tenured: 349522K->349514K(349568K), 0.0395331 secs] 506769K->390460K(506816K), [Metaspace: 2698K->2698K(1056768K)], 0.0396343 secs] [Times: user=0.04 sys=0.00, real=0.04 secs] 
2021-01-22T19:40:09.851-0800: 72.332: [Full GC (Allocation Failure) 2021-01-22T19:40:09.851-0800: 72.332: [Tenured: 349514K->349334K(349568K), 0.0454296 secs] 506705K->368446K(506816K), [Metaspace: 2698K->2698K(1056768K)], 0.0455216 secs] [Times: user=0.05 sys=0.00, real=0.04 secs] 
2021-01-22T19:40:09.913-0800: 72.394: [Full GC (Allocation Failure) 2021-01-22T19:40:09.913-0800: 72.394: [Tenured: 349334K->349538K(349568K), 0.0275184 secs] 506536K->385883K(506816K), [Metaspace: 2698K->2698K(1056768K)], 0.0276210 secs] [Times: user=0.03 sys=0.00, real=0.03 secs] 
2021-01-22T19:40:09.954-0800: 72.435: [Full GC (Allocation Failure) 2021-01-22T19:40:09.954-0800: 72.435: [Tenured: 349538K->349261K(349568K), 0.0375082 secs] 506754K->386508K(506816K), [Metaspace: 2698K->2698K(1056768K)], 0.0376046 secs] [Times: user=0.04 sys=0.00, real=0.04 secs] 
2021-01-22T19:40:10.006-0800: 72.487: [Full GC (Allocation Failure) 2021-01-22T19:40:10.006-0800: 72.487: [Tenured: 349562K->349317K(349568K), 0.0403885 secs] 506809K->383033K(506816K), [Metaspace: 2698K->2698K(1056768K)], 0.0404925 secs] [Times: user=0.04 sys=0.00, real=0.04 secs] 
2021-01-22T19:40:10.061-0800: 72.542: [Full GC (Allocation Failure) 2021-01-22T19:40:10.061-0800: 72.542: [Tenured: 349533K->349311K(349568K), 0.0453770 secs] 506758K->367810K(506816K), [Metaspace: 2698K->2698K(1056768K)], 0.0454758 secs] [Times: user=0.04 sys=0.00, real=0.04 secs] 
2021-01-22T19:40:10.124-0800: 72.605: [Full GC (Allocation Failure) 2021-01-22T19:40:10.124-0800: 72.605: [Tenured: 349311K->349538K(349568K), 0.0269660 secs] 505962K->390035K(506816K), [Metaspace: 2698K->2698K(1056768K)], 0.0270643 secs] [Times: user=0.03 sys=0.00, real=0.03 secs] 
2021-01-22T19:40:10.166-0800: 72.647: [Full GC (Allocation Failure) 2021-01-22T19:40:10.166-0800: 72.647: [Tenured: 349538K->349496K(349568K), 0.0363863 secs] 506765K->388603K(506816K), [Metaspace: 2698K->2698K(1056768K)], 0.0364907 secs] [Times: user=0.04 sys=0.00, real=0.04 secs] 
2021-01-22T19:40:10.216-0800: 72.697: [Full GC (Allocation Failure) 2021-01-22T19:40:10.216-0800: 72.697: [Tenured: 349556K->349565K(349568K), 0.0394770 secs] 506770K->386691K(506816K), [Metaspace: 2698K->2698K(1056768K)], 0.0395737 secs] [Times: user=0.04 sys=0.00, real=0.04 secs] 
2021-01-22T19:40:10.270-0800: 72.751: [Full GC (Allocation Failure) 2021-01-22T19:40:10.270-0800: 72.751: [Tenured: 349565K->349542K(349568K), 0.0448503 secs] 506619K->364845K(506816K), [Metaspace: 2698K->2698K(1056768K)], 0.0449480 secs] [Times: user=0.04 sys=0.00, real=0.04 secs] 
2021-01-22T19:40:10.332-0800: 72.813: [Full GC (Allocation Failure) 2021-01-22T19:40:10.332-0800: 72.813: [Tenured: 349542K->349493K(349568K), 0.0293001 secs] 506772K->384700K(506816K), [Metaspace: 2698K->2698K(1056768K)], 0.0293905 secs] [Times: user=0.03 sys=0.00, real=0.03 secs] 
2021-01-22T19:40:10.376-0800: 72.857: [Full GC (Allocation Failure) 2021-01-22T19:40:10.376-0800: 72.857: [Tenured: 349493K->349524K(349568K), 0.0386035 secs] 506609K->382531K(506816K), [Metaspace: 2698K->2698K(1056768K)], 0.0387044 secs] [Times: user=0.04 sys=0.00, real=0.04 secs] 
2021-01-22T19:40:10.429-0800: 72.910: [Full GC (Allocation Failure) 2021-01-22T19:40:10.429-0800: 72.910: [Tenured: 349524K->349558K(349568K), 0.0398926 secs] 506765K->380514K(506816K), [Metaspace: 2698K->2698K(1056768K)], 0.0399902 secs] [Times: user=0.04 sys=0.00, real=0.04 secs] 
2021-01-22T19:40:10.485-0800: 72.966: [Full GC (Allocation Failure) 2021-01-22T19:40:10.485-0800: 72.966: [Tenured: 349558K->349006K(349568K), 0.0449059 secs] 506261K->366824K(506816K), [Metaspace: 2698K->2698K(1056768K)], 0.0450148 secs] [Times: user=0.05 sys=0.00, real=0.05 secs] 
2021-01-22T19:40:10.547-0800: 73.028: [Full GC (Allocation Failure) 2021-01-22T19:40:10.547-0800: 73.028: [Tenured: 349514K->349481K(349568K), 0.0330512 secs] 506707K->387001K(506816K), [Metaspace: 2698K->2698K(1056768K)], 0.0331533 secs] [Times: user=0.03 sys=0.00, real=0.04 secs] 
2021-01-22T19:40:10.594-0800: 73.075: [Full GC (Allocation Failure) 2021-01-22T19:40:10.594-0800: 73.075: [Tenured: 349481K->349481K(349568K), 0.0374905 secs] 506717K->383104K(506816K), [Metaspace: 2698K->2698K(1056768K)], 0.0375898 secs] [Times: user=0.04 sys=0.00, real=0.04 secs] 
2021-01-22T19:40:10.647-0800: 73.128: [Full GC (Allocation Failure) 2021-01-22T19:40:10.647-0800: 73.128: [Tenured: 349481K->349516K(349568K), 0.0407683 secs] 506401K->385561K(506816K), [Metaspace: 2698K->2698K(1056768K)], 0.0408586 secs] [Times: user=0.04 sys=0.00, real=0.04 secs] 
2021-01-22T19:40:10.703-0800: 73.184: [Full GC (Allocation Failure) 2021-01-22T19:40:10.703-0800: 73.184: [Tenured: 349516K->349023K(349568K), 0.0451099 secs] 506745K->371668K(506816K), [Metaspace: 2698K->2698K(1056768K)], 0.0452087 secs] [Times: user=0.04 sys=0.00, real=0.04 secs] 
2021-01-22T19:40:10.765-0800: 73.246: [Full GC (Allocation Failure) 2021-01-22T19:40:10.765-0800: 73.246: [Tenured: 349505K->349393K(349568K), 0.0268949 secs] 506743K->391452K(506816K), [Metaspace: 2698K->2698K(1056768K)], 0.0269907 secs] [Times: user=0.03 sys=0.00, real=0.03 secs] 
2021-01-22T19:40:10.806-0800: 73.287: [Full GC (Allocation Failure) 2021-01-22T19:40:10.806-0800: 73.287: [Tenured: 349393K->349393K(349568K), 0.0370228 secs] 506246K->396200K(506816K), [Metaspace: 2698K->2698K(1056768K)], 0.0371221 secs] [Times: user=0.04 sys=0.00, real=0.04 secs] 
2021-01-22T19:40:10.857-0800: 73.338: [Full GC (Allocation Failure) 2021-01-22T19:40:10.857-0800: 73.338: [Tenured: 349393K->349443K(349568K), 0.0419218 secs] 506279K->390051K(506816K), [Metaspace: 2698K->2698K(1056768K)], 0.0420250 secs] [Times: user=0.04 sys=0.00, real=0.04 secs] 
2021-01-22T19:40:10.913-0800: 73.394: [Full GC (Allocation Failure) 2021-01-22T19:40:10.913-0800: 73.394: [Tenured: 349515K->349519K(349568K), 0.0457095 secs] 506750K->375616K(506816K), [Metaspace: 2698K->2698K(1056768K)], 0.0458039 secs] [Times: user=0.05 sys=0.00, real=0.04 secs] 
2021-01-22T19:40:10.974-0800: 73.455: [Full GC (Allocation Failure) 2021-01-22T19:40:10.974-0800: 73.455: [Tenured: 349519K->349392K(349568K), 0.0291378 secs] 506550K->398803K(506816K), [Metaspace: 2698K->2698K(1056768K)], 0.0292320 secs] [Times: user=0.02 sys=0.00, real=0.03 secs] 
2021-01-22T19:40:11.016-0800: 73.497: [Full GC (Allocation Failure) 2021-01-22T19:40:11.016-0800: 73.497: [Tenured: 349392K->349501K(349568K), 0.0378262 secs] 506295K->398456K(506816K), [Metaspace: 2698K->2698K(1056768K)], 0.0379206 secs] [Times: user=0.03 sys=0.00, real=0.04 secs] 
2021-01-22T19:40:11.066-0800: 73.547: [Full GC (Allocation Failure) 2021-01-22T19:40:11.066-0800: 73.547: [Tenured: 349501K->349073K(349568K), 0.0409595 secs] 506388K->400607K(506816K), [Metaspace: 2698K->2698K(1056768K)], 0.0410553 secs] [Times: user=0.04 sys=0.00, real=0.04 secs] 
2021-01-22T19:40:11.121-0800: 73.602: [Full GC (Allocation Failure) 2021-01-22T19:40:11.121-0800: 73.602: [Tenured: 349344K->349330K(349568K), 0.0487684 secs] 506582K->384276K(506816K), [Metaspace: 2698K->2698K(1056768K)], 0.0488687 secs] [Times: user=0.05 sys=0.00, real=0.05 secs] 
2021-01-22T19:40:11.185-0800: 73.666: [Full GC (Allocation Failure) 2021-01-22T19:40:11.186-0800: 73.667: [Tenured: 349330K->349561K(349568K), 0.0272994 secs] 506406K->400137K(506816K), [Metaspace: 2698K->2698K(1056768K)], 0.0273999 secs] [Times: user=0.03 sys=0.00, real=0.03 secs] 
2021-01-22T19:40:11.225-0800: 73.706: [Full GC (Allocation Failure) 2021-01-22T19:40:11.225-0800: 73.706: [Tenured: 349561K->349529K(349568K), 0.0395429 secs] 506552K->403299K(506816K), [Metaspace: 2698K->2698K(1056768K)], 0.0396404 secs] [Times: user=0.04 sys=0.00, real=0.04 secs] 
2021-01-22T19:40:11.277-0800: 73.758: [Full GC (Allocation Failure) 2021-01-22T19:40:11.277-0800: 73.758: [Tenured: 349529K->349565K(349568K), 0.0411064 secs] 506542K->402736K(506816K), [Metaspace: 2698K->2698K(1056768K)], 0.0412079 secs] [Times: user=0.04 sys=0.00, real=0.04 secs] 
2021-01-22T19:40:11.332-0800: 73.813: [Full GC (Allocation Failure) 2021-01-22T19:40:11.332-0800: 73.813: [Tenured: 349565K->349467K(349568K), 0.0465093 secs] 506704K->381527K(506816K), [Metaspace: 2698K->2698K(1056768K)], 0.0466087 secs] [Times: user=0.05 sys=0.00, real=0.04 secs] 
2021-01-22T19:40:11.393-0800: 73.874: [Full GC (Allocation Failure) 2021-01-22T19:40:11.393-0800: 73.874: [Tenured: 349467K->349411K(349568K), 0.0314655 secs] 506324K->397922K(506816K), [Metaspace: 2698K->2698K(1056768K)], 0.0315725 secs] [Times: user=0.03 sys=0.00, real=0.03 secs] 
2021-01-22T19:40:11.438-0800: 73.919: [Full GC (Allocation Failure) 2021-01-22T19:40:11.438-0800: 73.919: [Tenured: 349411K->349545K(349568K), 0.0364041 secs] 506567K->396163K(506816K), [Metaspace: 2698K->2698K(1056768K)], 0.0365025 secs] [Times: user=0.03 sys=0.00, real=0.04 secs] 
2021-01-22T19:40:11.488-0800: 73.969: [Full GC (Allocation Failure) 2021-01-22T19:40:11.488-0800: 73.969: [Tenured: 349545K->349270K(349568K), 0.0383048 secs] 506591K->393342K(506816K), [Metaspace: 2698K->2698K(1056768K)], 0.0384129 secs] [Times: user=0.03 sys=0.00, real=0.04 secs] 
2021-01-22T19:40:11.541-0800: 74.022: [Full GC (Allocation Failure) 2021-01-22T19:40:11.541-0800: 74.022: [Tenured: 349558K->349387K(349568K), 0.0454187 secs] 506663K->375530K(506816K), [Metaspace: 2698K->2698K(1056768K)], 0.0455154 secs] [Times: user=0.04 sys=0.00, real=0.04 secs] 
2021-01-22T19:40:11.602-0800: 74.083: [Full GC (Allocation Failure) 2021-01-22T19:40:11.602-0800: 74.083: [Tenured: 349387K->349492K(349568K), 0.0320288 secs] 506619K->388601K(506816K), [Metaspace: 2698K->2698K(1056768K)], 0.0321288 secs] [Times: user=0.03 sys=0.00, real=0.03 secs] 
2021-01-22T19:40:11.648-0800: 74.129: [Full GC (Allocation Failure) 2021-01-22T19:40:11.648-0800: 74.129: [Tenured: 349492K->349516K(349568K), 0.0377851 secs] 506597K->386497K(506816K), [Metaspace: 2698K->2698K(1056768K)], 0.0378850 secs] [Times: user=0.04 sys=0.00, real=0.04 secs] 
2021-01-22T19:40:11.700-0800: 74.181: [Full GC (Allocation Failure) 2021-01-22T19:40:11.700-0800: 74.181: [Tenured: 349516K->349523K(349568K), 0.0396791 secs] 506466K->392522K(506816K), [Metaspace: 2698K->2698K(1056768K)], 0.0397735 secs] [Times: user=0.04 sys=0.00, real=0.03 secs] 
2021-01-22T19:40:11.755-0800: 74.236: [Full GC (Allocation Failure) 2021-01-22T19:40:11.755-0800: 74.236: [Tenured: 349523K->349324K(349568K), 0.0451932 secs] 506697K->370785K(506816K), [Metaspace: 2698K->2698K(1056768K)], 0.0452937 secs] [Times: user=0.05 sys=0.00, real=0.05 secs] 
2021-01-22T19:40:11.816-0800: 74.297: [Full GC (Allocation Failure) 2021-01-22T19:40:11.816-0800: 74.297: [Tenured: 349324K->349521K(349568K), 0.0267740 secs] 506056K->388876K(506816K), [Metaspace: 2698K->2698K(1056768K)], 0.0268711 secs] [Times: user=0.03 sys=0.00, real=0.03 secs] 
2021-01-22T19:40:11.856-0800: 74.337: [Full GC (Allocation Failure) 2021-01-22T19:40:11.856-0800: 74.337: [Tenured: 349521K->349550K(349568K), 0.0371611 secs] 506452K->390025K(506816K), [Metaspace: 2698K->2698K(1056768K)], 0.0372758 secs] [Times: user=0.04 sys=0.00, real=0.04 secs] 
2021-01-22T19:40:11.907-0800: 74.388: [Full GC (Allocation Failure) 2021-01-22T19:40:11.907-0800: 74.388: [Tenured: 349550K->349283K(349568K), 0.0440631 secs] 506580K->390996K(506816K), [Metaspace: 2698K->2698K(1056768K)], 0.0441579 secs] [Times: user=0.05 sys=0.00, real=0.05 secs] 
2021-01-22T19:40:11.966-0800: 74.447: [Full GC (Allocation Failure) 2021-01-22T19:40:11.966-0800: 74.447: [Tenured: 349283K->349434K(349568K), 0.0468589 secs] 506167K->378824K(506816K), [Metaspace: 2698K->2698K(1056768K)], 0.0469587 secs] [Times: user=0.05 sys=0.00, real=0.05 secs] 
2021-01-22T19:40:12.028-0800: 74.509: [Full GC (Allocation Failure) 2021-01-22T19:40:12.028-0800: 74.509: [Tenured: 349434K->349428K(349568K), 0.0285500 secs] 506413K->401227K(506816K), [Metaspace: 2698K->2698K(1056768K)], 0.0286426 secs] [Times: user=0.03 sys=0.00, real=0.03 secs] 
2021-01-22T19:40:12.070-0800: 74.551: [Full GC (Allocation Failure) 2021-01-22T19:40:12.070-0800: 74.551: [Tenured: 349536K->349251K(349568K), 0.0367825 secs] 506749K->398598K(506816K), [Metaspace: 2698K->2698K(1056768K)], 0.0368822 secs] [Times: user=0.04 sys=0.00, real=0.03 secs] 
2021-01-22T19:40:12.119-0800: 74.600: [Full GC (Allocation Failure) 2021-01-22T19:40:12.119-0800: 74.600: [Tenured: 349503K->349546K(349568K), 0.0399613 secs] 506747K->398737K(506816K), [Metaspace: 2698K->2698K(1056768K)], 0.0400587 secs] [Times: user=0.04 sys=0.00, real=0.04 secs] 
2021-01-22T19:40:12.172-0800: 74.653: [Full GC (Allocation Failure) 2021-01-22T19:40:12.172-0800: 74.653: [Tenured: 349546K->349516K(349568K), 0.0466735 secs] 506445K->383193K(506816K), [Metaspace: 2698K->2698K(1056768K)], 0.0467729 secs] [Times: user=0.05 sys=0.00, real=0.04 secs] 
2021-01-22T19:40:12.233-0800: 74.714: [Full GC (Allocation Failure) 2021-01-22T19:40:12.233-0800: 74.715: [Tenured: 349516K->349474K(349568K), 0.0314672 secs] 506395K->395836K(506816K), [Metaspace: 2698K->2698K(1056768K)], 0.0315654 secs] [Times: user=0.03 sys=0.00, real=0.03 secs] 
2021-01-22T19:40:12.279-0800: 74.760: [Full GC (Allocation Failure) 2021-01-22T19:40:12.279-0800: 74.760: [Tenured: 349474K->349266K(349568K), 0.0384252 secs] 506275K->396701K(506816K), [Metaspace: 2698K->2698K(1056768K)], 0.0385224 secs] [Times: user=0.04 sys=0.00, real=0.04 secs] 
2021-01-22T19:40:12.330-0800: 74.811: [Full GC (Allocation Failure) 2021-01-22T19:40:12.330-0800: 74.811: [Tenured: 349379K->349414K(349568K), 0.0422180 secs] 506611K->396357K(506816K), [Metaspace: 2698K->2698K(1056768K)], 0.0423165 secs] [Times: user=0.04 sys=0.00, real=0.04 secs] 
2021-01-22T19:40:12.385-0800: 74.866: [Full GC (Allocation Failure) 2021-01-22T19:40:12.385-0800: 74.867: [Tenured: 349414K->349382K(349568K), 0.0458711 secs] 506515K->374203K(506816K), [Metaspace: 2698K->2698K(1056768K)], 0.0459615 secs] [Times: user=0.04 sys=0.00, real=0.05 secs] 
2021-01-22T19:40:12.448-0800: 74.929: [Full GC (Allocation Failure) 2021-01-22T19:40:12.448-0800: 74.929: [Tenured: 349531K->349085K(349568K), 0.0281184 secs] 506755K->397597K(506816K), [Metaspace: 2698K->2698K(1056768K)], 0.0282183 secs] [Times: user=0.03 sys=0.00, real=0.03 secs] 
2021-01-22T19:40:12.489-0800: 74.970: [Full GC (Allocation Failure) 2021-01-22T19:40:12.489-0800: 74.970: [Tenured: 349366K->349084K(349568K), 0.0360157 secs] 506552K->395744K(506816K), [Metaspace: 2698K->2698K(1056768K)], 0.0361075 secs] [Times: user=0.04 sys=0.00, real=0.04 secs] 
2021-01-22T19:40:12.539-0800: 75.020: [Full GC (Allocation Failure) 2021-01-22T19:40:12.539-0800: 75.020: [Tenured: 349467K->349437K(349568K), 0.0392988 secs] 506688K->393724K(506816K), [Metaspace: 2698K->2698K(1056768K)], 0.0393954 secs] [Times: user=0.04 sys=0.00, real=0.04 secs] 
2021-01-22T19:40:12.594-0800: 75.075: [Full GC (Allocation Failure) 2021-01-22T19:40:12.594-0800: 75.075: [Tenured: 349511K->349396K(349568K), 0.0456968 secs] 506723K->379288K(506816K), [Metaspace: 2698K->2698K(1056768K)], 0.0457995 secs] [Times: user=0.05 sys=0.00, real=0.04 secs] 
2021-01-22T19:40:12.654-0800: 75.135: [Full GC (Allocation Failure) 2021-01-22T19:40:12.654-0800: 75.135: [Tenured: 349396K->349555K(349568K), 0.0275344 secs] 506560K->391052K(506816K), [Metaspace: 2698K->2698K(1056768K)], 0.0276326 secs] [Times: user=0.03 sys=0.00, real=0.03 secs] 
2021-01-22T19:40:12.696-0800: 75.177: [Full GC (Allocation Failure) 2021-01-22T19:40:12.696-0800: 75.177: [Tenured: 349555K->349100K(349568K), 0.0366733 secs] 506732K->388604K(506816K), [Metaspace: 2698K->2698K(1056768K)], 0.0367694 secs] [Times: user=0.03 sys=0.00, real=0.04 secs] 
2021-01-22T19:40:12.748-0800: 75.229: [Full GC (Allocation Failure) 2021-01-22T19:40:12.748-0800: 75.229: [Tenured: 349516K->349530K(349568K), 0.0397779 secs] 506763K->391198K(506816K), [Metaspace: 2698K->2698K(1056768K)], 0.0398731 secs] [Times: user=0.04 sys=0.00, real=0.04 secs] 
2021-01-22T19:40:12.801-0800: 75.282: [Full GC (Allocation Failure) 2021-01-22T19:40:12.801-0800: 75.282: [Tenured: 349530K->348948K(349568K), 0.0465221 secs] 506706K->380020K(506816K), [Metaspace: 2698K->2698K(1056768K)], 0.0466415 secs] [Times: user=0.05 sys=0.00, real=0.04 secs] 
2021-01-22T19:40:12.864-0800: 75.345: [Full GC (Allocation Failure) 2021-01-22T19:40:12.864-0800: 75.345: [Tenured: 349461K->349185K(349568K), 0.0263700 secs] 506617K->403330K(506816K), [Metaspace: 2698K->2698K(1056768K)], 0.0264629 secs] [Times: user=0.03 sys=0.00, real=0.03 secs] 
2021-01-22T19:40:12.903-0800: 75.384: [Full GC (Allocation Failure) 2021-01-22T19:40:12.903-0800: 75.384: [Tenured: 349567K->349445K(349568K), 0.0359735 secs] 506811K->398643K(506816K), [Metaspace: 2698K->2698K(1056768K)], 0.0360696 secs] [Times: user=0.04 sys=0.00, real=0.03 secs] 
2021-01-22T19:40:12.951-0800: 75.432: [Full GC (Allocation Failure) 2021-01-22T19:40:12.951-0800: 75.432: [Tenured: 349445K->349365K(349568K), 0.0403662 secs] 506560K->399536K(506816K), [Metaspace: 2698K->2698K(1056768K)], 0.0404643 secs] [Times: user=0.04 sys=0.00, real=0.04 secs] 
2021-01-22T19:40:13.003-0800: 75.484: [Full GC (Allocation Failure) 2021-01-22T19:40:13.003-0800: 75.485: [Tenured: 349564K->348823K(349568K), 0.0480295 secs] 506797K->384348K(506816K), [Metaspace: 2698K->2698K(1056768K)], 0.0481336 secs] [Times: user=0.05 sys=0.00, real=0.05 secs] 
2021-01-22T19:40:13.067-0800: 75.548: [Full GC (Allocation Failure) 2021-01-22T19:40:13.067-0800: 75.548: [Tenured: 349514K->349489K(349568K), 0.0314682 secs] 506759K->393071K(506816K), [Metaspace: 2698K->2698K(1056768K)], 0.0315727 secs] [Times: user=0.04 sys=0.00, real=0.03 secs] 
2021-01-22T19:40:13.113-0800: 75.594: [Full GC (Allocation Failure) 2021-01-22T19:40:13.113-0800: 75.594: [Tenured: 349489K->349518K(349568K), 0.0366251 secs] 506720K->394272K(506816K), [Metaspace: 2698K->2698K(1056768K)], 0.0367331 secs] [Times: user=0.04 sys=0.00, real=0.04 secs] 
2021-01-22T19:40:13.164-0800: 75.645: [Full GC (Allocation Failure) 2021-01-22T19:40:13.164-0800: 75.645: [Tenured: 349518K->349289K(349568K), 0.0389108 secs] 506676K->391563K(506816K), [Metaspace: 2698K->2698K(1056768K)], 0.0390099 secs] [Times: user=0.04 sys=0.00, real=0.04 secs] 
2021-01-22T19:40:13.216-0800: 75.697: [Full GC (Allocation Failure) 2021-01-22T19:40:13.216-0800: 75.697: [Tenured: 349363K->348929K(349568K), 0.0462855 secs] 506604K->383427K(506816K), [Metaspace: 2698K->2698K(1056768K)], 0.0463832 secs] [Times: user=0.05 sys=0.00, real=0.05 secs] 
2021-01-22T19:40:13.277-0800: 75.758: [Full GC (Allocation Failure) 2021-01-22T19:40:13.277-0800: 75.758: [Tenured: 349024K->349547K(349568K), 0.0288780 secs] 506252K->397145K(506816K), [Metaspace: 2698K->2698K(1056768K)], 0.0289692 secs] [Times: user=0.03 sys=0.00, real=0.03 secs] 
2021-01-22T19:40:13.319-0800: 75.800: [Full GC (Allocation Failure) 2021-01-22T19:40:13.319-0800: 75.800: [Tenured: 349547K->349540K(349568K), 0.0351649 secs] 506678K->395494K(506816K), [Metaspace: 2698K->2698K(1056768K)], 0.0352641 secs] [Times: user=0.03 sys=0.00, real=0.04 secs] 
2021-01-22T19:40:13.368-0800: 75.849: [Full GC (Allocation Failure) 2021-01-22T19:40:13.368-0800: 75.850: [Tenured: 349540K->349371K(349568K), 0.0389554 secs] 506753K->391769K(506816K), [Metaspace: 2698K->2698K(1056768K)], 0.0390537 secs] [Times: user=0.04 sys=0.00, real=0.04 secs] 
2021-01-22T19:40:13.421-0800: 75.902: [Full GC (Allocation Failure) 2021-01-22T19:40:13.421-0800: 75.902: [Tenured: 349497K->349089K(349568K), 0.0470436 secs] 506728K->374471K(506816K), [Metaspace: 2698K->2698K(1056768K)], 0.0471412 secs] [Times: user=0.04 sys=0.00, real=0.04 secs] 
2021-01-22T19:40:13.484-0800: 75.965: [Full GC (Allocation Failure) 2021-01-22T19:40:13.484-0800: 75.965: [Tenured: 349460K->349548K(349568K), 0.0273457 secs] 506707K->387063K(506816K), [Metaspace: 2698K->2698K(1056768K)], 0.0274399 secs] [Times: user=0.03 sys=0.00, real=0.03 secs] 
2021-01-22T19:40:13.526-0800: 76.007: [Full GC (Allocation Failure) 2021-01-22T19:40:13.526-0800: 76.007: [Tenured: 349548K->349509K(349568K), 0.0365309 secs] 506727K->386092K(506816K), [Metaspace: 2698K->2698K(1056768K)], 0.0366333 secs] [Times: user=0.04 sys=0.00, real=0.04 secs] 
2021-01-22T19:40:13.576-0800: 76.058: [Full GC (Allocation Failure) 2021-01-22T19:40:13.576-0800: 76.058: [Tenured: 349509K->349499K(349568K), 0.0405034 secs] 506620K->387938K(506816K), [Metaspace: 2698K->2698K(1056768K)], 0.0406015 secs] [Times: user=0.04 sys=0.00, real=0.04 secs] 
2021-01-22T19:40:13.631-0800: 76.112: [Full GC (Allocation Failure) 2021-01-22T19:40:13.631-0800: 76.112: [Tenured: 349499K->349432K(349568K), 0.0466822 secs] 506583K->369809K(506816K), [Metaspace: 2698K->2698K(1056768K)], 0.0467786 secs] [Times: user=0.04 sys=0.00, real=0.04 secs] 
2021-01-22T19:40:13.695-0800: 76.176: [Full GC (Allocation Failure) 2021-01-22T19:40:13.695-0800: 76.176: [Tenured: 349500K->349440K(349568K), 0.0298709 secs] 506743K->383621K(506816K), [Metaspace: 2698K->2698K(1056768K)], 0.0299735 secs] [Times: user=0.03 sys=0.00, real=0.03 secs] 
2021-01-22T19:40:13.739-0800: 76.220: [Full GC (Allocation Failure) 2021-01-22T19:40:13.739-0800: 76.220: [Tenured: 349440K->349221K(349568K), 0.0368882 secs] 506361K->386902K(506816K), [Metaspace: 2698K->2698K(1056768K)], 0.0369799 secs] [Times: user=0.04 sys=0.00, real=0.04 secs] 
2021-01-22T19:40:13.790-0800: 76.272: [Full GC (Allocation Failure) 2021-01-22T19:40:13.790-0800: 76.272: [Tenured: 349221K->349464K(349568K), 0.0403953 secs] 506056K->383216K(506816K), [Metaspace: 2698K->2698K(1056768K)], 0.0404913 secs] [Times: user=0.04 sys=0.00, real=0.04 secs] 
2021-01-22T19:40:13.848-0800: 76.329: [Full GC (Allocation Failure) 2021-01-22T19:40:13.848-0800: 76.329: [Tenured: 349464K->349463K(349568K), 0.0446936 secs] 506647K->366448K(506816K), [Metaspace: 2698K->2698K(1056768K)], 0.0447818 secs] [Times: user=0.04 sys=0.00, real=0.05 secs] 
2021-01-22T19:40:13.908-0800: 76.389: [Full GC (Allocation Failure) 2021-01-22T19:40:13.908-0800: 76.389: [Tenured: 349463K->349389K(349568K), 0.0282463 secs] 506381K->384762K(506816K), [Metaspace: 2698K->2698K(1056768K)], 0.0283600 secs] [Times: user=0.03 sys=0.00, real=0.03 secs] 
2021-01-22T19:40:13.951-0800: 76.432: [Full GC (Allocation Failure) 2021-01-22T19:40:13.951-0800: 76.432: [Tenured: 349389K->349551K(349568K), 0.0374253 secs] 506630K->384437K(506816K), [Metaspace: 2698K->2698K(1056768K)], 0.0375216 secs] [Times: user=0.04 sys=0.00, real=0.03 secs] 
2021-01-22T19:40:14.003-0800: 76.484: [Full GC (Allocation Failure) 2021-01-22T19:40:14.003-0800: 76.484: [Tenured: 349551K->349341K(349568K), 0.0396001 secs] 506351K->380044K(506816K), [Metaspace: 2698K->2698K(1056768K)], 0.0396944 secs] [Times: user=0.04 sys=0.00, real=0.04 secs] 
2021-01-22T19:40:14.058-0800: 76.539: [Full GC (Allocation Failure) 2021-01-22T19:40:14.058-0800: 76.539: [Tenured: 349535K->349175K(349568K), 0.0464717 secs] 506682K->373005K(506816K), [Metaspace: 2698K->2698K(1056768K)], 0.0465635 secs] [Times: user=0.05 sys=0.00, real=0.05 secs] 
2021-01-22T19:40:14.121-0800: 76.602: [Full GC (Allocation Failure) 2021-01-22T19:40:14.121-0800: 76.602: [Tenured: 349521K->349424K(349568K), 0.0297652 secs] 506768K->385781K(506816K), [Metaspace: 2698K->2698K(1056768K)], 0.0298725 secs] [Times: user=0.03 sys=0.00, real=0.03 secs] 
2021-01-22T19:40:14.167-0800: 76.648: [Full GC (Allocation Failure) 2021-01-22T19:40:14.167-0800: 76.648: [Tenured: 349510K->349403K(349568K), 0.0361919 secs] 506705K->376751K(506816K), [Metaspace: 2698K->2698K(1056768K)], 0.0362954 secs] [Times: user=0.03 sys=0.00, real=0.04 secs] 
2021-01-22T19:40:14.218-0800: 76.699: [Full GC (Allocation Failure) 2021-01-22T19:40:14.218-0800: 76.700: [Tenured: 349403K->349444K(349568K), 0.0394222 secs] 506532K->383318K(506816K), [Metaspace: 2698K->2698K(1056768K)], 0.0395247 secs] [Times: user=0.04 sys=0.00, real=0.04 secs] 
2021-01-22T19:40:14.273-0800: 76.754: [Full GC (Allocation Failure) 2021-01-22T19:40:14.273-0800: 76.754: [Tenured: 349444K->349409K(349568K), 0.0444502 secs] 506393K->366296K(506816K), [Metaspace: 2698K->2698K(1056768K)], 0.0445415 secs] [Times: user=0.05 sys=0.01, real=0.04 secs] 
2021-01-22T19:40:14.335-0800: 76.816: [Full GC (Allocation Failure) 2021-01-22T19:40:14.335-0800: 76.816: [Tenured: 349517K->349374K(349568K), 0.0319648 secs] 506740K->380097K(506816K), [Metaspace: 2698K->2698K(1056768K)], 0.0320585 secs] [Times: user=0.04 sys=0.00, real=0.03 secs] 
2021-01-22T19:40:14.381-0800: 76.862: [Full GC (Allocation Failure) 2021-01-22T19:40:14.381-0800: 76.862: [Tenured: 349374K->349267K(349568K), 0.0372146 secs] 506161K->385366K(506816K), [Metaspace: 2698K->2698K(1056768K)], 0.0373101 secs] [Times: user=0.04 sys=0.00, real=0.03 secs] 
2021-01-22T19:40:14.433-0800: 76.914: [Full GC (Allocation Failure) 2021-01-22T19:40:14.433-0800: 76.914: [Tenured: 349317K->349517K(349568K), 0.0411902 secs] 506519K->385613K(506816K), [Metaspace: 2698K->2698K(1056768K)], 0.0413045 secs] [Times: user=0.04 sys=0.00, real=0.04 secs] 
2021-01-22T19:40:14.487-0800: 76.968: [Full GC (Allocation Failure) 2021-01-22T19:40:14.487-0800: 76.968: [Tenured: 349517K->348923K(349568K), 0.0458401 secs] 506147K->372623K(506816K), [Metaspace: 2698K->2698K(1056768K)], 0.0459404 secs] [Times: user=0.04 sys=0.00, real=0.05 secs] 
2021-01-22T19:40:14.549-0800: 77.030: [Full GC (Allocation Failure) 2021-01-22T19:40:14.549-0800: 77.030: [Tenured: 349530K->349038K(349568K), 0.0297865 secs] 506707K->390252K(506816K), [Metaspace: 2698K->2698K(1056768K)], 0.0298991 secs] [Times: user=0.03 sys=0.00, real=0.03 secs] 
2021-01-22T19:40:14.594-0800: 77.075: [Full GC (Allocation Failure) 2021-01-22T19:40:14.594-0800: 77.075: [Tenured: 349326K->349124K(349568K), 0.0377980 secs] 506534K->386838K(506816K), [Metaspace: 2698K->2698K(1056768K)], 0.0379000 secs] [Times: user=0.04 sys=0.00, real=0.04 secs] 
2021-01-22T19:40:14.647-0800: 77.128: [Full GC (Allocation Failure) 2021-01-22T19:40:14.647-0800: 77.128: [Tenured: 349545K->349465K(349568K), 0.0406105 secs] 506720K->391482K(506816K), [Metaspace: 2698K->2698K(1056768K)], 0.0407068 secs] [Times: user=0.04 sys=0.00, real=0.04 secs] 
2021-01-22T19:40:14.702-0800: 77.183: [Full GC (Allocation Failure) 2021-01-22T19:40:14.702-0800: 77.183: [Tenured: 349465K->349295K(349568K), 0.0459500 secs] 506265K->376067K(506816K), [Metaspace: 2698K->2698K(1056768K)], 0.0460548 secs] [Times: user=0.04 sys=0.00, real=0.04 secs] 
2021-01-22T19:40:14.763-0800: 77.244: [Full GC (Allocation Failure) 2021-01-22T19:40:14.763-0800: 77.244: [Tenured: 349529K->349494K(349568K), 0.0321558 secs] 506765K->399151K(506816K), [Metaspace: 2698K->2698K(1056768K)], 0.0322629 secs] [Times: user=0.03 sys=0.00, real=0.03 secs] 
2021-01-22T19:40:14.810-0800: 77.291: [Full GC (Allocation Failure) 2021-01-22T19:40:14.810-0800: 77.291: [Tenured: 349494K->349470K(349568K), 0.0382784 secs] 506726K->403441K(506816K), [Metaspace: 2698K->2698K(1056768K)], 0.0383804 secs] [Times: user=0.03 sys=0.00, real=0.03 secs] 
2021-01-22T19:40:14.862-0800: 77.343: [Full GC (Allocation Failure) 2021-01-22T19:40:14.862-0800: 77.343: [Tenured: 349470K->349437K(349568K), 0.0417842 secs] 506566K->401051K(506816K), [Metaspace: 2698K->2698K(1056768K)], 0.0418852 secs] [Times: user=0.04 sys=0.00, real=0.04 secs] 
2021-01-22T19:40:14.917-0800: 77.398: [Full GC (Allocation Failure) 2021-01-22T19:40:14.917-0800: 77.398: [Tenured: 349478K->349546K(349568K), 0.0462661 secs] 506720K->381625K(506816K), [Metaspace: 2698K->2698K(1056768K)], 0.0463670 secs] [Times: user=0.05 sys=0.00, real=0.05 secs] 
2021-01-22T19:40:14.979-0800: 77.460: [Full GC (Allocation Failure) 2021-01-22T19:40:14.979-0800: 77.460: [Tenured: 349546K->349404K(349568K), 0.0302530 secs] 506777K->398762K(506816K), [Metaspace: 2698K->2698K(1056768K)], 0.0303528 secs] [Times: user=0.03 sys=0.00, real=0.03 secs] 
2021-01-22T19:40:15.022-0800: 77.503: [Full GC (Allocation Failure) 2021-01-22T19:40:15.022-0800: 77.503: [Tenured: 349404K->349318K(349568K), 0.0383541 secs] 506596K->399272K(506816K), [Metaspace: 2698K->2698K(1056768K)], 0.0384499 secs] [Times: user=0.04 sys=0.00, real=0.04 secs] 
2021-01-22T19:40:15.073-0800: 77.555: [Full GC (Allocation Failure) 2021-01-22T19:40:15.073-0800: 77.555: [Tenured: 349458K->349026K(349568K), 0.0410622 secs] 506684K->396467K(506816K), [Metaspace: 2698K->2698K(1056768K)], 0.0411601 secs] [Times: user=0.04 sys=0.00, real=0.04 secs] 
2021-01-22T19:40:15.128-0800: 77.609: [Full GC (Allocation Failure) 2021-01-22T19:40:15.128-0800: 77.609: [Tenured: 349026K->349563K(349568K), 0.0467421 secs] 506115K->384537K(506816K), [Metaspace: 2698K->2698K(1056768K)], 0.0468401 secs] [Times: user=0.05 sys=0.00, real=0.05 secs] 
2021-01-22T19:40:15.191-0800: 77.672: [Full GC (Allocation Failure) 2021-01-22T19:40:15.191-0800: 77.672: [Tenured: 349563K->349053K(349568K), 0.0266836 secs] 506790K->399878K(506816K), [Metaspace: 2698K->2698K(1056768K)], 0.0267874 secs] [Times: user=0.02 sys=0.00, real=0.02 secs] 
2021-01-22T19:40:15.230-0800: 77.711: [Full GC (Allocation Failure) 2021-01-22T19:40:15.230-0800: 77.711: [Tenured: 349053K->349563K(349568K), 0.0374150 secs] 506003K->400673K(506816K), [Metaspace: 2698K->2698K(1056768K)], 0.0375303 secs] [Times: user=0.04 sys=0.00, real=0.03 secs] 
2021-01-22T19:40:15.281-0800: 77.762: [Full GC (Allocation Failure) 2021-01-22T19:40:15.281-0800: 77.762: [Tenured: 349563K->349063K(349568K), 0.0408034 secs] 506644K->401792K(506816K), [Metaspace: 2698K->2698K(1056768K)], 0.0409054 secs] [Times: user=0.05 sys=0.00, real=0.04 secs] 
2021-01-22T19:40:15.334-0800: 77.816: [Full GC (Allocation Failure) 2021-01-22T19:40:15.334-0800: 77.816: [Tenured: 349063K->349525K(349568K), 0.0468722 secs] 506137K->381547K(506816K), [Metaspace: 2698K->2698K(1056768K)], 0.0469718 secs] [Times: user=0.04 sys=0.00, real=0.05 secs] 
2021-01-22T19:40:15.396-0800: 77.878: [Full GC (Allocation Failure) 2021-01-22T19:40:15.397-0800: 77.878: [Tenured: 349525K->349564K(349568K), 0.0306570 secs] 506759K->401153K(506816K), [Metaspace: 2698K->2698K(1056768K)], 0.0307577 secs] [Times: user=0.03 sys=0.00, real=0.03 secs] 
2021-01-22T19:40:15.440-0800: 77.921: [Full GC (Allocation Failure) 2021-01-22T19:40:15.440-0800: 77.921: [Tenured: 349564K->349457K(349568K), 0.0371177 secs] 506417K->398187K(506816K), [Metaspace: 2698K->2698K(1056768K)], 0.0372123 secs] [Times: user=0.04 sys=0.00, real=0.03 secs] 
2021-01-22T19:40:15.490-0800: 77.971: [Full GC (Allocation Failure) 2021-01-22T19:40:15.490-0800: 77.971: [Tenured: 349457K->349503K(349568K), 0.0395886 secs] 506364K->405819K(506816K), [Metaspace: 2698K->2698K(1056768K)], 0.0397039 secs] [Times: user=0.04 sys=0.00, real=0.04 secs] 
2021-01-22T19:40:15.543-0800: 78.024: [Full GC (Allocation Failure) 2021-01-22T19:40:15.543-0800: 78.024: [Tenured: 349503K->349347K(349568K), 0.0465079 secs] 506619K->385631K(506816K), [Metaspace: 2698K->2698K(1056768K)], 0.0466101 secs] [Times: user=0.05 sys=0.00, real=0.04 secs] 
2021-01-22T19:40:15.604-0800: 78.085: [Full GC (Allocation Failure) 2021-01-22T19:40:15.604-0800: 78.085: [Tenured: 349347K->349143K(349568K), 0.0262776 secs] 506530K->409789K(506816K), [Metaspace: 2698K->2698K(1056768K)], 0.0263813 secs] [Times: user=0.02 sys=0.00, real=0.03 secs] 
2021-01-22T19:40:15.643-0800: 78.124: [Full GC (Allocation Failure) 2021-01-22T19:40:15.643-0800: 78.124: [Tenured: 349143K->349530K(349568K), 0.0385795 secs] 506074K->407587K(506816K), [Metaspace: 2698K->2698K(1056768K)], 0.0386753 secs] [Times: user=0.04 sys=0.00, real=0.04 secs] 
2021-01-22T19:40:15.694-0800: 78.175: [Full GC (Allocation Failure) 2021-01-22T19:40:15.694-0800: 78.175: [Tenured: 349530K->349497K(349568K), 0.0402235 secs] 506737K->401640K(506816K), [Metaspace: 2698K->2698K(1056768K)], 0.0403183 secs] [Times: user=0.05 sys=0.00, real=0.04 secs] 
2021-01-22T19:40:15.747-0800: 78.229: [Full GC (Allocation Failure) 2021-01-22T19:40:15.747-0800: 78.229: [Tenured: 349497K->349393K(349568K), 0.0468457 secs] 506632K->384529K(506816K), [Metaspace: 2698K->2698K(1056768K)], 0.0469556 secs] [Times: user=0.04 sys=0.00, real=0.05 secs] 
2021-01-22T19:40:15.809-0800: 78.290: [Full GC (Allocation Failure) 2021-01-22T19:40:15.809-0800: 78.290: [Tenured: 349528K->349455K(349568K), 0.0312305 secs] 506751K->399068K(506816K), [Metaspace: 2698K->2698K(1056768K)], 0.0313281 secs] [Times: user=0.03 sys=0.00, real=0.04 secs] 
2021-01-22T19:40:15.853-0800: 78.334: [Full GC (Allocation Failure) 2021-01-22T19:40:15.853-0800: 78.335: [Tenured: 349455K->348970K(349568K), 0.0361509 secs] 506562K->400839K(506816K), [Metaspace: 2698K->2698K(1056768K)], 0.0362410 secs] [Times: user=0.04 sys=0.00, real=0.03 secs] 
2021-01-22T19:40:15.902-0800: 78.383: [Full GC (Allocation Failure) 2021-01-22T19:40:15.902-0800: 78.383: [Tenured: 349337K->348933K(349568K), 0.0388093 secs] 506345K->402118K(506816K), [Metaspace: 2698K->2698K(1056768K)], 0.0389059 secs] [Times: user=0.04 sys=0.00, real=0.04 secs] 
2021-01-22T19:40:15.954-0800: 78.435: [Full GC (Allocation Failure) 2021-01-22T19:40:15.954-0800: 78.435: [Tenured: 349442K->349100K(349568K), 0.0475386 secs] 506680K->385200K(506816K), [Metaspace: 2698K->2698K(1056768K)], 0.0476423 secs] [Times: user=0.05 sys=0.00, real=0.05 secs] 
2021-01-22T19:40:16.016-0800: 78.497: [Full GC (Allocation Failure) 2021-01-22T19:40:16.016-0800: 78.497: [Tenured: 349374K->349486K(349568K), 0.0314385 secs] 506617K->399426K(506816K), [Metaspace: 2698K->2698K(1056768K)], 0.0315411 secs] [Times: user=0.03 sys=0.00, real=0.03 secs] 
2021-01-22T19:40:16.060-0800: 78.541: [Full GC (Allocation Failure) 2021-01-22T19:40:16.060-0800: 78.541: [Tenured: 349486K->349491K(349568K), 0.0371256 secs] 506604K->401433K(506816K), [Metaspace: 2698K->2698K(1056768K)], 0.0372233 secs] [Times: user=0.04 sys=0.00, real=0.03 secs] 
2021-01-22T19:40:16.110-0800: 78.591: [Full GC (Allocation Failure) 2021-01-22T19:40:16.110-0800: 78.591: [Tenured: 349491K->349483K(349568K), 0.0426172 secs] 506658K->401562K(506816K), [Metaspace: 2698K->2698K(1056768K)], 0.0427111 secs] [Times: user=0.04 sys=0.00, real=0.04 secs] 
2021-01-22T19:40:16.167-0800: 78.648: [Full GC (Allocation Failure) 2021-01-22T19:40:16.167-0800: 78.648: [Tenured: 349483K->349489K(349568K), 0.0464208 secs] 506606K->378672K(506816K), [Metaspace: 2698K->2698K(1056768K)], 0.0465266 secs] [Times: user=0.05 sys=0.00, real=0.05 secs] 
2021-01-22T19:40:16.229-0800: 78.711: [Full GC (Allocation Failure) 2021-01-22T19:40:16.230-0800: 78.711: [Tenured: 349489K->349481K(349568K), 0.0302612 secs] 506728K->391994K(506816K), [Metaspace: 2698K->2698K(1056768K)], 0.0303597 secs] [Times: user=0.03 sys=0.00, real=0.04 secs] 
2021-01-22T19:40:16.274-0800: 78.755: [Full GC (Allocation Failure) 2021-01-22T19:40:16.274-0800: 78.755: [Tenured: 349481K->349501K(349568K), 0.0380551 secs] 506224K->393268K(506816K), [Metaspace: 2698K->2698K(1056768K)], 0.0381535 secs] [Times: user=0.04 sys=0.01, real=0.04 secs] 
2021-01-22T19:40:16.326-0800: 78.807: [Full GC (Allocation Failure) 2021-01-22T19:40:16.326-0800: 78.807: [Tenured: 349501K->349507K(349568K), 0.0410280 secs] 506560K->386386K(506816K), [Metaspace: 2698K->2698K(1056768K)], 0.0411281 secs] [Times: user=0.04 sys=0.00, real=0.04 secs] 
2021-01-22T19:40:16.380-0800: 78.862: [Full GC (Allocation Failure) 2021-01-22T19:40:16.380-0800: 78.862: [Tenured: 349507K->349507K(349568K), 0.0465397 secs] 506646K->375356K(506816K), [Metaspace: 2698K->2698K(1056768K)], 0.0466396 secs] [Times: user=0.04 sys=0.00, real=0.04 secs] 
2021-01-22T19:40:16.443-0800: 78.924: [Full GC (Allocation Failure) 2021-01-22T19:40:16.443-0800: 78.924: [Tenured: 349507K->349401K(349568K), 0.0313447 secs] 506651K->391279K(506816K), [Metaspace: 2698K->2698K(1056768K)], 0.0314415 secs] [Times: user=0.03 sys=0.00, real=0.03 secs] 
2021-01-22T19:40:16.488-0800: 78.969: [Full GC (Allocation Failure) 2021-01-22T19:40:16.488-0800: 78.969: [Tenured: 349401K->349446K(349568K), 0.0387303 secs] 506423K->395148K(506816K), [Metaspace: 2698K->2698K(1056768K)], 0.0388206 secs] [Times: user=0.04 sys=0.00, real=0.04 secs] 
2021-01-22T19:40:16.541-0800: 79.022: [Full GC (Allocation Failure) 2021-01-22T19:40:16.541-0800: 79.022: [Tenured: 349500K->349281K(349568K), 0.0396236 secs] 506730K->394603K(506816K), [Metaspace: 2698K->2698K(1056768K)], 0.0397239 secs] [Times: user=0.04 sys=0.00, real=0.04 secs] 
2021-01-22T19:40:16.594-0800: 79.075: [Full GC (Allocation Failure) 2021-01-22T19:40:16.594-0800: 79.075: [Tenured: 349281K->349450K(349568K), 0.0462457 secs] 506178K->375453K(506816K), [Metaspace: 2698K->2698K(1056768K)], 0.0463509 secs] [Times: user=0.04 sys=0.00, real=0.05 secs] 
2021-01-22T19:40:16.656-0800: 79.138: [Full GC (Allocation Failure) 2021-01-22T19:40:16.656-0800: 79.138: [Tenured: 349450K->349534K(349568K), 0.0274788 secs] 506452K->393226K(506816K), [Metaspace: 2698K->2698K(1056768K)], 0.0275798 secs] [Times: user=0.03 sys=0.00, real=0.03 secs] 
2021-01-22T19:40:16.698-0800: 79.180: [Full GC (Allocation Failure) 2021-01-22T19:40:16.698-0800: 79.180: [Tenured: 349534K->349531K(349568K), 0.0352155 secs] 506475K->399271K(506816K), [Metaspace: 2698K->2698K(1056768K)], 0.0353116 secs] [Times: user=0.04 sys=0.00, real=0.04 secs] 
2021-01-22T19:40:16.747-0800: 79.228: [Full GC (Allocation Failure) 2021-01-22T19:40:16.747-0800: 79.228: [Tenured: 349531K->349314K(349568K), 0.0391603 secs] 506768K->398829K(506816K), [Metaspace: 2698K->2698K(1056768K)], 0.0392629 secs] [Times: user=0.04 sys=0.00, real=0.04 secs] 
2021-01-22T19:40:16.799-0800: 79.280: [Full GC (Allocation Failure) 2021-01-22T19:40:16.799-0800: 79.280: [Tenured: 349314K->349463K(349568K), 0.0469185 secs] 506439K->382098K(506816K), [Metaspace: 2698K->2698K(1056768K)], 0.0470179 secs] [Times: user=0.05 sys=0.00, real=0.05 secs] 
2021-01-22T19:40:16.861-0800: 79.342: [Full GC (Allocation Failure) 2021-01-22T19:40:16.861-0800: 79.342: [Tenured: 349463K->349413K(349568K), 0.0265730 secs] 506651K->401138K(506816K), [Metaspace: 2698K->2698K(1056768K)], 0.0266577 secs] [Times: user=0.03 sys=0.00, real=0.03 secs] 
2021-01-22T19:40:16.908-0800: 79.390: [Full GC (Allocation Failure) 2021-01-22T19:40:16.908-0800: 79.390: [Tenured: 349413K->349490K(349568K), 0.0387654 secs] 506329K->401191K(506816K), [Metaspace: 2698K->2698K(1056768K)], 0.0388653 secs] [Times: user=0.03 sys=0.00, real=0.04 secs] 
2021-01-22T19:40:16.961-0800: 79.442: [Full GC (Allocation Failure) 2021-01-22T19:40:16.961-0800: 79.442: [Tenured: 349490K->349541K(349568K), 0.0412789 secs] 506714K->399231K(506816K), [Metaspace: 2698K->2698K(1056768K)], 0.0413814 secs] [Times: user=0.04 sys=0.00, real=0.04 secs] 
2021-01-22T19:40:17.016-0800: 79.497: [Full GC (Allocation Failure) 2021-01-22T19:40:17.016-0800: 79.497: [Tenured: 349541K->349565K(349568K), 0.0463982 secs] 506154K->378791K(506816K), [Metaspace: 2698K->2698K(1056768K)], 0.0465006 secs] [Times: user=0.05 sys=0.00, real=0.05 secs] 
2021-01-22T19:40:17.077-0800: 79.559: [Full GC (Allocation Failure) 2021-01-22T19:40:17.077-0800: 79.559: [Tenured: 349565K->349499K(349568K), 0.0303850 secs] 506784K->396647K(506816K), [Metaspace: 2698K->2698K(1056768K)], 0.0304804 secs] [Times: user=0.03 sys=0.00, real=0.03 secs] 
2021-01-22T19:40:17.122-0800: 79.603: [Full GC (Allocation Failure) 2021-01-22T19:40:17.122-0800: 79.603: [Tenured: 349499K->349526K(349568K), 0.0381892 secs] 506679K->394071K(506816K), [Metaspace: 2698K->2698K(1056768K)], 0.0382909 secs] [Times: user=0.04 sys=0.00, real=0.04 secs] 
2021-01-22T19:40:17.174-0800: 79.655: [Full GC (Allocation Failure) 2021-01-22T19:40:17.174-0800: 79.655: [Tenured: 349526K->349548K(349568K), 0.0398820 secs] 506774K->392079K(506816K), [Metaspace: 2698K->2698K(1056768K)], 0.0399782 secs] [Times: user=0.04 sys=0.00, real=0.04 secs] 
2021-01-22T19:40:17.227-0800: 79.709: [Full GC (Allocation Failure) 2021-01-22T19:40:17.227-0800: 79.709: [Tenured: 349548K->349408K(349568K), 0.0461824 secs] 506479K->375166K(506816K), [Metaspace: 2698K->2698K(1056768K)], 0.0462778 secs] [Times: user=0.05 sys=0.00, real=0.05 secs] 
2021-01-22T19:40:17.290-0800: 79.771: [Full GC (Allocation Failure) 2021-01-22T19:40:17.290-0800: 79.771: [Tenured: 349408K->349455K(349568K), 0.0286114 secs] 506622K->393660K(506816K), [Metaspace: 2698K->2698K(1056768K)], 0.0287087 secs] [Times: user=0.02 sys=0.00, real=0.02 secs] 
2021-01-22T19:40:17.332-0800: 79.814: [Full GC (Allocation Failure) 2021-01-22T19:40:17.332-0800: 79.814: [Tenured: 349455K->349464K(349568K), 0.0369628 secs] 506655K->389041K(506816K), [Metaspace: 2698K->2698K(1056768K)], 0.0370558 secs] [Times: user=0.03 sys=0.00, real=0.03 secs] 
2021-01-22T19:40:17.383-0800: 79.865: [Full GC (Allocation Failure) 2021-01-22T19:40:17.384-0800: 79.865: [Tenured: 349464K->349083K(349568K), 0.0393210 secs] 506481K->383499K(506816K), [Metaspace: 2698K->2698K(1056768K)], 0.0394180 secs] [Times: user=0.04 sys=0.00, real=0.04 secs] 
2021-01-22T19:40:17.438-0800: 79.919: [Full GC (Allocation Failure) 2021-01-22T19:40:17.438-0800: 79.919: [Tenured: 349371K->349467K(349568K), 0.0446625 secs] 506545K->365727K(506816K), [Metaspace: 2698K->2698K(1056768K)], 0.0447643 secs] [Times: user=0.05 sys=0.00, real=0.05 secs] 
2021-01-22T19:40:17.499-0800: 79.980: [Full GC (Allocation Failure) 2021-01-22T19:40:17.499-0800: 79.980: [Tenured: 349534K->349289K(349568K), 0.0283723 secs] 506779K->386807K(506816K), [Metaspace: 2698K->2698K(1056768K)], 0.0284715 secs] [Times: user=0.03 sys=0.00, real=0.03 secs] 
2021-01-22T19:40:17.542-0800: 80.023: [Full GC (Allocation Failure) 2021-01-22T19:40:17.542-0800: 80.023: [Tenured: 349289K->349564K(349568K), 0.0370969 secs] 506323K->376125K(506816K), [Metaspace: 2698K->2698K(1056768K)], 0.0371948 secs] [Times: user=0.03 sys=0.00, real=0.03 secs] 
2021-01-22T19:40:17.595-0800: 80.076: [Full GC (Allocation Failure) 2021-01-22T19:40:17.595-0800: 80.076: [Tenured: 349564K->349092K(349568K), 0.0381526 secs] 506538K->379171K(506816K), [Metaspace: 2698K->2698K(1056768K)], 0.0382539 secs] [Times: user=0.04 sys=0.00, real=0.04 secs] 
2021-01-22T19:40:17.650-0800: 80.131: [Full GC (Allocation Failure) 2021-01-22T19:40:17.650-0800: 80.131: [Tenured: 349092K->349215K(349568K), 0.0443811 secs] 506203K->362693K(506816K), [Metaspace: 2698K->2698K(1056768K)], 0.0444672 secs] [Times: user=0.05 sys=0.00, real=0.04 secs] 
2021-01-22T19:40:17.711-0800: 80.193: [Full GC (Allocation Failure) 2021-01-22T19:40:17.711-0800: 80.193: [Tenured: 349494K->349432K(349568K), 0.0256238 secs] 506736K->386850K(506816K), [Metaspace: 2698K->2698K(1056768K)], 0.0257151 secs] [Times: user=0.02 sys=0.00, real=0.02 secs] 
2021-01-22T19:40:17.752-0800: 80.233: [Full GC (Allocation Failure) 2021-01-22T19:40:17.752-0800: 80.233: [Tenured: 349432K->349054K(349568K), 0.0345871 secs] 506598K->389424K(506816K), [Metaspace: 2698K->2698K(1056768K)], 0.0346837 secs] [Times: user=0.03 sys=0.00, real=0.03 secs] 
2021-01-22T19:40:17.801-0800: 80.282: [Full GC (Allocation Failure) 2021-01-22T19:40:17.801-0800: 80.282: [Tenured: 349565K->349402K(349568K), 0.0379468 secs] 506779K->390065K(506816K), [Metaspace: 2698K->2698K(1056768K)], 0.0380451 secs] [Times: user=0.04 sys=0.00, real=0.03 secs] 
2021-01-22T19:40:17.853-0800: 80.335: [Full GC (Allocation Failure) 2021-01-22T19:40:17.853-0800: 80.335: [Tenured: 349402K->349321K(349568K), 0.0453308 secs] 506544K->374700K(506816K), [Metaspace: 2698K->2698K(1056768K)], 0.0454184 secs] [Times: user=0.04 sys=0.00, real=0.04 secs] 
2021-01-22T19:40:17.915-0800: 80.397: [Full GC (Allocation Failure) 2021-01-22T19:40:17.915-0800: 80.397: [Tenured: 349321K->349505K(349568K), 0.0296887 secs] 506353K->390393K(506816K), [Metaspace: 2698K->2698K(1056768K)], 0.0297847 secs] [Times: user=0.03 sys=0.00, real=0.03 secs] 
2021-01-22T19:40:17.959-0800: 80.441: [Full GC (Allocation Failure) 2021-01-22T19:40:17.959-0800: 80.441: [Tenured: 349505K->349476K(349568K), 0.0384485 secs] 506676K->389007K(506816K), [Metaspace: 2698K->2698K(1056768K)], 0.0385489 secs] [Times: user=0.04 sys=0.00, real=0.04 secs] 
2021-01-22T19:40:18.011-0800: 80.493: [Full GC (Allocation Failure) 2021-01-22T19:40:18.011-0800: 80.493: [Tenured: 349538K->349233K(349568K), 0.0417592 secs] 506785K->396152K(506816K), [Metaspace: 2698K->2698K(1056768K)], 0.0418575 secs] [Times: user=0.05 sys=0.00, real=0.04 secs] 
2021-01-22T19:40:18.067-0800: 80.548: [Full GC (Allocation Failure) 2021-01-22T19:40:18.067-0800: 80.548: [Tenured: 349233K->349554K(349568K), 0.0471936 secs] 506106K->372616K(506816K), [Metaspace: 2698K->2698K(1056768K)], 0.0472924 secs] [Times: user=0.05 sys=0.00, real=0.05 secs] 
2021-01-22T19:40:18.131-0800: 80.612: [Full GC (Allocation Failure) 2021-01-22T19:40:18.131-0800: 80.612: [Tenured: 349554K->349489K(349568K), 0.0256623 secs] 506497K->393655K(506816K), [Metaspace: 2698K->2698K(1056768K)], 0.0257626 secs] [Times: user=0.03 sys=0.00, real=0.02 secs] 
2021-01-22T19:40:18.170-0800: 80.651: [Full GC (Allocation Failure) 2021-01-22T19:40:18.170-0800: 80.651: [Tenured: 349489K->348994K(349568K), 0.0363457 secs] 506613K->391998K(506816K), [Metaspace: 2698K->2698K(1056768K)], 0.0364440 secs] [Times: user=0.04 sys=0.00, real=0.03 secs] 
2021-01-22T19:40:18.220-0800: 80.702: [Full GC (Allocation Failure) 2021-01-22T19:40:18.221-0800: 80.702: [Tenured: 349362K->349498K(349568K), 0.0382623 secs] 506608K->392305K(506816K), [Metaspace: 2698K->2698K(1056768K)], 0.0383598 secs] [Times: user=0.04 sys=0.00, real=0.03 secs] 
2021-01-22T19:40:18.273-0800: 80.754: [Full GC (Allocation Failure) 2021-01-22T19:40:18.273-0800: 80.754: [Tenured: 349498K->349471K(349568K), 0.0463153 secs] 506610K->380089K(506816K), [Metaspace: 2698K->2698K(1056768K)], 0.0464174 secs] [Times: user=0.05 sys=0.00, real=0.04 secs] 
2021-01-22T19:40:18.334-0800: 80.815: [Full GC (Allocation Failure) 2021-01-22T19:40:18.334-0800: 80.815: [Tenured: 349561K->349316K(349568K), 0.0319372 secs] 506797K->398830K(506816K), [Metaspace: 2698K->2698K(1056768K)], 0.0320407 secs] [Times: user=0.04 sys=0.00, real=0.03 secs] 
2021-01-22T19:40:18.378-0800: 80.859: [Full GC (Allocation Failure) 2021-01-22T19:40:18.378-0800: 80.859: [Tenured: 349460K->349389K(349568K), 0.0386363 secs] 506618K->400581K(506816K), [Metaspace: 2698K->2698K(1056768K)], 0.0387420 secs] [Times: user=0.04 sys=0.00, real=0.04 secs] 
2021-01-22T19:40:18.429-0800: 80.911: [Full GC (Allocation Failure) 2021-01-22T19:40:18.429-0800: 80.911: [Tenured: 349389K->349458K(349568K), 0.0415111 secs] 506573K->397536K(506816K), [Metaspace: 2698K->2698K(1056768K)], 0.0416132 secs] [Times: user=0.04 sys=0.00, real=0.05 secs] 
2021-01-22T19:40:18.484-0800: 80.965: [Full GC (Allocation Failure) 2021-01-22T19:40:18.484-0800: 80.965: [Tenured: 349458K->349550K(349568K), 0.0458151 secs] 506615K->376111K(506816K), [Metaspace: 2698K->2698K(1056768K)], 0.0459157 secs] [Times: user=0.05 sys=0.01, real=0.05 secs] 
2021-01-22T19:40:18.547-0800: 81.028: [Full GC (Allocation Failure) 2021-01-22T19:40:18.547-0800: 81.028: [Tenured: 349550K->349213K(349568K), 0.0297106 secs] 506740K->391747K(506816K), [Metaspace: 2698K->2698K(1056768K)], 0.0298170 secs] [Times: user=0.03 sys=0.00, real=0.03 secs] 
2021-01-22T19:40:18.590-0800: 81.071: [Full GC (Allocation Failure) 2021-01-22T19:40:18.590-0800: 81.071: [Tenured: 349465K->349278K(349568K), 0.0401225 secs] 506685K->381436K(506816K), [Metaspace: 2698K->2698K(1056768K)], 0.0402189 secs] [Times: user=0.04 sys=0.00, real=0.04 secs] 
2021-01-22T19:40:18.646-0800: 81.127: [Full GC (Allocation Failure) 2021-01-22T19:40:18.646-0800: 81.127: [Tenured: 349278K->349067K(349568K), 0.0411758 secs] 506101K->387245K(506816K), [Metaspace: 2698K->2698K(1056768K)], 0.0412855 secs] [Times: user=0.05 sys=0.00, real=0.04 secs] 
2021-01-22T19:40:18.701-0800: 81.182: [Full GC (Allocation Failure) 2021-01-22T19:40:18.701-0800: 81.183: [Tenured: 349499K->349500K(349568K), 0.0455086 secs] 506718K->368569K(506816K), [Metaspace: 2698K->2698K(1056768K)], 0.0456087 secs] [Times: user=0.05 sys=0.00, real=0.04 secs] 
2021-01-22T19:40:18.763-0800: 81.245: [Full GC (Allocation Failure) 2021-01-22T19:40:18.763-0800: 81.245: [Tenured: 349500K->349554K(349568K), 0.0321658 secs] 506435K->390900K(506816K), [Metaspace: 2698K->2698K(1056768K)], 0.0322580 secs] [Times: user=0.03 sys=0.00, real=0.03 secs] 
2021-01-22T19:40:18.810-0800: 81.291: [Full GC (Allocation Failure) 2021-01-22T19:40:18.810-0800: 81.291: [Tenured: 349554K->349515K(349568K), 0.0355740 secs] 506519K->393303K(506816K), [Metaspace: 2698K->2698K(1056768K)], 0.0356878 secs] [Times: user=0.03 sys=0.00, real=0.03 secs] 
2021-01-22T19:40:18.860-0800: 81.341: [Full GC (Allocation Failure) 2021-01-22T19:40:18.860-0800: 81.341: [Tenured: 349563K->349400K(349568K), 0.0392663 secs] 506806K->383043K(506816K), [Metaspace: 2698K->2698K(1056768K)], 0.0393656 secs] [Times: user=0.04 sys=0.00, real=0.03 secs] 
2021-01-22T19:40:18.915-0800: 81.396: [Full GC (Allocation Failure) 2021-01-22T19:40:18.915-0800: 81.397: [Tenured: 349400K->349239K(349568K), 0.0462451 secs] 506534K->368900K(506816K), [Metaspace: 2698K->2698K(1056768K)], 0.0463443 secs] [Times: user=0.05 sys=0.00, real=0.05 secs] 
2021-01-22T19:40:18.977-0800: 81.459: [Full GC (Allocation Failure) 2021-01-22T19:40:18.977-0800: 81.459: [Tenured: 349239K->349489K(349568K), 0.0307195 secs] 505813K->388224K(506816K), [Metaspace: 2698K->2698K(1056768K)], 0.0308192 secs] [Times: user=0.03 sys=0.00, real=0.03 secs] 
2021-01-22T19:40:19.024-0800: 81.505: [Full GC (Allocation Failure) 2021-01-22T19:40:19.024-0800: 81.505: [Tenured: 349489K->349278K(349568K), 0.0348097 secs] 506664K->385181K(506816K), [Metaspace: 2698K->2698K(1056768K)], 0.0349071 secs] [Times: user=0.03 sys=0.00, real=0.03 secs] 
2021-01-22T19:40:19.074-0800: 81.555: [Full GC (Allocation Failure) 2021-01-22T19:40:19.074-0800: 81.555: [Tenured: 349422K->349567K(349568K), 0.0407804 secs] 506669K->384400K(506816K), [Metaspace: 2698K->2698K(1056768K)], 0.0408767 secs] [Times: user=0.04 sys=0.00, real=0.04 secs] 
2021-01-22T19:40:19.129-0800: 81.610: [Full GC (Allocation Failure) 2021-01-22T19:40:19.129-0800: 81.610: [Tenured: 349567K->349313K(349568K), 0.0449036 secs] 506774K->366259K(506816K), [Metaspace: 2698K->2698K(1056768K)], 0.0450056 secs] [Times: user=0.05 sys=0.00, real=0.05 secs] 
2021-01-22T19:40:19.190-0800: 81.671: [Full GC (Allocation Failure) 2021-01-22T19:40:19.190-0800: 81.671: [Tenured: 349313K->349561K(349568K), 0.0291739 secs] 506339K->379525K(506816K), [Metaspace: 2698K->2698K(1056768K)], 0.0292734 secs] [Times: user=0.03 sys=0.00, real=0.02 secs] 
2021-01-22T19:40:19.235-0800: 81.716: [Full GC (Allocation Failure) 2021-01-22T19:40:19.235-0800: 81.716: [Tenured: 349561K->349135K(349568K), 0.0370504 secs] 506807K->379766K(506816K), [Metaspace: 2698K->2698K(1056768K)], 0.0371483 secs] [Times: user=0.03 sys=0.00, real=0.04 secs] 
2021-01-22T19:40:19.287-0800: 81.769: [Full GC (Allocation Failure) 2021-01-22T19:40:19.287-0800: 81.769: [Tenured: 349135K->349557K(349568K), 0.0403093 secs] 506086K->377078K(506816K), [Metaspace: 2698K->2698K(1056768K)], 0.0404034 secs] [Times: user=0.04 sys=0.00, real=0.04 secs] 
2021-01-22T19:40:19.342-0800: 81.824: [Full GC (Allocation Failure) 2021-01-22T19:40:19.342-0800: 81.824: [Tenured: 349557K->348908K(349568K), 0.0446316 secs] 506523K->359127K(506816K), [Metaspace: 2698K->2698K(1056768K)], 0.0447269 secs] [Times: user=0.05 sys=0.00, real=0.04 secs] 
2021-01-22T19:40:19.404-0800: 81.886: [Full GC (Allocation Failure) 2021-01-22T19:40:19.404-0800: 81.886: [Tenured: 349448K->349524K(349568K), 0.0340689 secs] 506663K->378725K(506816K), [Metaspace: 2698K->2698K(1056768K)], 0.0341685 secs] [Times: user=0.03 sys=0.00, real=0.03 secs] 
2021-01-22T19:40:19.454-0800: 81.936: [Full GC (Allocation Failure) 2021-01-22T19:40:19.454-0800: 81.936: [Tenured: 349524K->348947K(349568K), 0.0395866 secs] 506493K->382127K(506816K), [Metaspace: 2698K->2698K(1056768K)], 0.0396861 secs] [Times: user=0.04 sys=0.00, real=0.04 secs] 
2021-01-22T19:40:19.508-0800: 81.990: [Full GC (Allocation Failure) 2021-01-22T19:40:19.508-0800: 81.990: [Tenured: 348947K->349325K(349568K), 0.0418931 secs] 505667K->379459K(506816K), [Metaspace: 2698K->2698K(1056768K)], 0.0419922 secs] [Times: user=0.04 sys=0.00, real=0.05 secs] 
2021-01-22T19:40:19.566-0800: 82.047: [Full GC (Allocation Failure) 2021-01-22T19:40:19.566-0800: 82.047: [Tenured: 349380K->349428K(349568K), 0.0448067 secs] 506615K->368700K(506816K), [Metaspace: 2698K->2698K(1056768K)], 0.0449087 secs] [Times: user=0.04 sys=0.00, real=0.05 secs] 
2021-01-22T19:40:19.627-0800: 82.109: [Full GC (Allocation Failure) 2021-01-22T19:40:19.627-0800: 82.109: [Tenured: 349526K->349491K(349568K), 0.0263741 secs] 506758K->388264K(506816K), [Metaspace: 2698K->2698K(1056768K)], 0.0264697 secs] [Times: user=0.02 sys=0.00, real=0.03 secs] 
2021-01-22T19:40:19.668-0800: 82.149: [Full GC (Allocation Failure) 2021-01-22T19:40:19.668-0800: 82.149: [Tenured: 349491K->349334K(349568K), 0.0384524 secs] 506372K->393354K(506816K), [Metaspace: 2698K->2698K(1056768K)], 0.0385552 secs] [Times: user=0.03 sys=0.00, real=0.04 secs] 
2021-01-22T19:40:19.721-0800: 82.202: [Full GC (Allocation Failure) 2021-01-22T19:40:19.721-0800: 82.202: [Tenured: 349334K->349336K(349568K), 0.0396434 secs] 506499K->390304K(506816K), [Metaspace: 2698K->2698K(1056768K)], 0.0397402 secs] [Times: user=0.04 sys=0.00, real=0.04 secs] 
2021-01-22T19:40:19.775-0800: 82.256: [Full GC (Allocation Failure) 2021-01-22T19:40:19.775-0800: 82.256: [Tenured: 349336K->349457K(349568K), 0.0454150 secs] 506236K->371403K(506816K), [Metaspace: 2698K->2698K(1056768K)], 0.0455096 secs] [Times: user=0.05 sys=0.00, real=0.05 secs] 
2021-01-22T19:40:19.838-0800: 82.320: [Full GC (Allocation Failure) 2021-01-22T19:40:19.839-0800: 82.320: [Tenured: 349457K->349013K(349568K), 0.0295274 secs] 506681K->385703K(506816K), [Metaspace: 2698K->2698K(1056768K)], 0.0296252 secs] [Times: user=0.03 sys=0.00, real=0.03 secs] 
2021-01-22T19:40:19.883-0800: 82.364: [Full GC (Allocation Failure) 2021-01-22T19:40:19.883-0800: 82.364: [Tenured: 349488K->349512K(349568K), 0.0367821 secs] 506656K->390605K(506816K), [Metaspace: 2698K->2698K(1056768K)], 0.0368760 secs] [Times: user=0.04 sys=0.00, real=0.03 secs] 
2021-01-22T19:40:19.934-0800: 82.415: [Full GC (Allocation Failure) 2021-01-22T19:40:19.934-0800: 82.415: [Tenured: 349512K->349379K(349568K), 0.0401520 secs] 506683K->394860K(506816K), [Metaspace: 2698K->2698K(1056768K)], 0.0402496 secs] [Times: user=0.04 sys=0.00, real=0.04 secs] 
2021-01-22T19:40:19.988-0800: 82.469: [Full GC (Allocation Failure) 2021-01-22T19:40:19.988-0800: 82.469: [Tenured: 349451K->349518K(349568K), 0.0449313 secs] 506630K->370273K(506816K), [Metaspace: 2698K->2698K(1056768K)], 0.0450257 secs] [Times: user=0.04 sys=0.00, real=0.05 secs] 
2021-01-22T19:40:20.050-0800: 82.531: [Full GC (Allocation Failure) 2021-01-22T19:40:20.050-0800: 82.531: [Tenured: 349518K->349415K(349568K), 0.0309121 secs] 506736K->392091K(506816K), [Metaspace: 2698K->2698K(1056768K)], 0.0310053 secs] [Times: user=0.03 sys=0.00, real=0.03 secs] 
2021-01-22T19:40:20.094-0800: 82.576: [Full GC (Allocation Failure) 2021-01-22T19:40:20.094-0800: 82.576: [Tenured: 349415K->349235K(349568K), 0.0391964 secs] 506658K->390285K(506816K), [Metaspace: 2698K->2698K(1056768K)], 0.0392985 secs] [Times: user=0.04 sys=0.00, real=0.04 secs] 
2021-01-22T19:40:20.147-0800: 82.629: [Full GC (Allocation Failure) 2021-01-22T19:40:20.147-0800: 82.629: [Tenured: 349462K->349163K(349568K), 0.0417284 secs] 506607K->391303K(506816K), [Metaspace: 2698K->2698K(1056768K)], 0.0418293 secs] [Times: user=0.05 sys=0.00, real=0.04 secs] 
2021-01-22T19:40:20.202-0800: 82.684: [Full GC (Allocation Failure) 2021-01-22T19:40:20.202-0800: 82.684: [Tenured: 349530K->349460K(349568K), 0.0457827 secs] 506775K->370466K(506816K), [Metaspace: 2698K->2698K(1056768K)], 0.0458731 secs] [Times: user=0.04 sys=0.00, real=0.04 secs] 
2021-01-22T19:40:20.265-0800: 82.746: [Full GC (Allocation Failure) 2021-01-22T19:40:20.265-0800: 82.746: [Tenured: 349460K->349360K(349568K), 0.0285975 secs] 506371K->388482K(506816K), [Metaspace: 2698K->2698K(1056768K)], 0.0286973 secs] [Times: user=0.03 sys=0.00, real=0.03 secs] 
2021-01-22T19:40:20.307-0800: 82.788: [Full GC (Allocation Failure) 2021-01-22T19:40:20.307-0800: 82.788: [Tenured: 349360K->349132K(349568K), 0.0373959 secs] 506257K->388335K(506816K), [Metaspace: 2698K->2698K(1056768K)], 0.0374944 secs] [Times: user=0.04 sys=0.00, real=0.04 secs] 
2021-01-22T19:40:20.360-0800: 82.841: [Full GC (Allocation Failure) 2021-01-22T19:40:20.360-0800: 82.841: [Tenured: 349564K->349506K(349568K), 0.0401402 secs] 506709K->388063K(506816K), [Metaspace: 2698K->2698K(1056768K)], 0.0402391 secs] [Times: user=0.04 sys=0.00, real=0.04 secs] 
2021-01-22T19:40:20.414-0800: 82.895: [Full GC (Allocation Failure) 2021-01-22T19:40:20.414-0800: 82.895: [Tenured: 349506K->348860K(349568K), 0.0452511 secs] 506667K->371732K(506816K), [Metaspace: 2698K->2698K(1056768K)], 0.0453470 secs] [Times: user=0.04 sys=0.00, real=0.04 secs] 
2021-01-22T19:40:20.475-0800: 82.957: [Full GC (Allocation Failure) 2021-01-22T19:40:20.475-0800: 82.957: [Tenured: 349432K->349526K(349568K), 0.0291436 secs] 506661K->389985K(506816K), [Metaspace: 2698K->2698K(1056768K)], 0.0292450 secs] [Times: user=0.03 sys=0.00, real=0.03 secs] 
2021-01-22T19:40:20.519-0800: 83.001: [Full GC (Allocation Failure) 2021-01-22T19:40:20.519-0800: 83.001: [Tenured: 349562K->349527K(349568K), 0.0392064 secs] 506800K->390666K(506816K), [Metaspace: 2698K->2698K(1056768K)], 0.0393005 secs] [Times: user=0.04 sys=0.00, real=0.04 secs] 
2021-01-22T19:40:20.573-0800: 83.054: [Full GC (Allocation Failure) 2021-01-22T19:40:20.573-0800: 83.054: [Tenured: 349527K->348941K(349568K), 0.0399637 secs] 506735K->389609K(506816K), [Metaspace: 2698K->2698K(1056768K)], 0.0400568 secs] [Times: user=0.04 sys=0.00, real=0.04 secs] 
2021-01-22T19:40:20.627-0800: 83.109: [Full GC (Allocation Failure) 2021-01-22T19:40:20.627-0800: 83.109: [Tenured: 349514K->349525K(349568K), 0.0450249 secs] 506719K->370472K(506816K), [Metaspace: 2698K->2698K(1056768K)], 0.0451232 secs] [Times: user=0.05 sys=0.00, real=0.05 secs] 
2021-01-22T19:40:20.689-0800: 83.170: [Full GC (Allocation Failure) 2021-01-22T19:40:20.689-0800: 83.170: [Tenured: 349525K->349512K(349568K), 0.0308544 secs] 506706K->388798K(506816K), [Metaspace: 2698K->2698K(1056768K)], 0.0309630 secs] [Times: user=0.03 sys=0.00, real=0.04 secs] 
2021-01-22T19:40:20.735-0800: 83.217: [Full GC (Allocation Failure) 2021-01-22T19:40:20.735-0800: 83.217: [Tenured: 349512K->349444K(349568K), 0.0388645 secs] 506227K->385790K(506816K), [Metaspace: 2698K->2698K(1056768K)], 0.0389575 secs] [Times: user=0.04 sys=0.00, real=0.04 secs] 
2021-01-22T19:40:20.790-0800: 83.271: [Full GC (Allocation Failure) 2021-01-22T19:40:20.790-0800: 83.271: [Tenured: 349552K->349467K(349568K), 0.0418186 secs] 506774K->385690K(506816K), [Metaspace: 2698K->2698K(1056768K)], 0.0419174 secs] [Times: user=0.04 sys=0.00, real=0.04 secs] 
2021-01-22T19:40:20.847-0800: 83.328: [Full GC (Allocation Failure) 2021-01-22T19:40:20.847-0800: 83.328: [Tenured: 349559K->349550K(349568K), 0.0458235 secs] 506806K->371334K(506816K), [Metaspace: 2698K->2698K(1056768K)], 0.0459152 secs] [Times: user=0.04 sys=0.00, real=0.05 secs] 
2021-01-22T19:40:20.910-0800: 83.392: [Full GC (Allocation Failure) 2021-01-22T19:40:20.910-0800: 83.392: [Tenured: 349550K->349540K(349568K), 0.0285594 secs] 506703K->387233K(506816K), [Metaspace: 2698K->2698K(1056768K)], 0.0286570 secs] [Times: user=0.03 sys=0.00, real=0.02 secs] 
2021-01-22T19:40:20.953-0800: 83.435: [Full GC (Allocation Failure) 2021-01-22T19:40:20.953-0800: 83.435: [Tenured: 349540K->349144K(349568K), 0.0389249 secs] 506227K->395386K(506816K), [Metaspace: 2698K->2698K(1056768K)], 0.0390151 secs] [Times: user=0.04 sys=0.00, real=0.04 secs] 
2021-01-22T19:40:21.006-0800: 83.487: [Full GC (Allocation Failure) 2021-01-22T19:40:21.006-0800: 83.487: [Tenured: 349557K->349408K(349568K), 0.0396640 secs] 506730K->392603K(506816K), [Metaspace: 2698K->2698K(1056768K)], 0.0397564 secs] [Times: user=0.04 sys=0.00, real=0.04 secs] 
2021-01-22T19:40:21.059-0800: 83.541: [Full GC (Allocation Failure) 2021-01-22T19:40:21.059-0800: 83.541: [Tenured: 349480K->349521K(349568K), 0.0461456 secs] 506667K->378843K(506816K), [Metaspace: 2698K->2698K(1056768K)], 0.0462375 secs] [Times: user=0.05 sys=0.00, real=0.05 secs] 
2021-01-22T19:40:21.121-0800: 83.602: [Full GC (Allocation Failure) 2021-01-22T19:40:21.121-0800: 83.602: [Tenured: 349521K->349147K(349568K), 0.0291855 secs] 506760K->398504K(506816K), [Metaspace: 2698K->2698K(1056768K)], 0.0292854 secs] [Times: user=0.03 sys=0.00, real=0.03 secs] 
2021-01-22T19:40:21.163-0800: 83.644: [Full GC (Allocation Failure) 2021-01-22T19:40:21.163-0800: 83.645: [Tenured: 349529K->349556K(349568K), 0.0374763 secs] 506769K->398723K(506816K), [Metaspace: 2698K->2698K(1056768K)], 0.0375718 secs] [Times: user=0.04 sys=0.00, real=0.04 secs] 
2021-01-22T19:40:21.214-0800: 83.696: [Full GC (Allocation Failure) 2021-01-22T19:40:21.214-0800: 83.696: [Tenured: 349556K->349552K(349568K), 0.0396086 secs] 506675K->399659K(506816K), [Metaspace: 2698K->2698K(1056768K)], 0.0397040 secs] [Times: user=0.04 sys=0.00, real=0.04 secs] 
2021-01-22T19:40:21.268-0800: 83.749: [Full GC (Allocation Failure) 2021-01-22T19:40:21.268-0800: 83.749: [Tenured: 349552K->349021K(349568K), 0.0469236 secs] 506756K->386801K(506816K), [Metaspace: 2698K->2698K(1056768K)], 0.0470233 secs] [Times: user=0.04 sys=0.00, real=0.05 secs] 
2021-01-22T19:40:21.329-0800: 83.810: [Full GC (Allocation Failure) 2021-01-22T19:40:21.329-0800: 83.810: [Tenured: 349021K->349283K(349568K), 0.0214192 secs] 505832K->411062K(506816K), [Metaspace: 2698K->2698K(1056768K)], 0.0215170 secs] [Times: user=0.02 sys=0.00, real=0.03 secs] 
2021-01-22T19:40:21.362-0800: 83.843: [Full GC (Allocation Failure) 2021-01-22T19:40:21.362-0800: 83.843: [Tenured: 349519K->349513K(349568K), 0.0373716 secs] 506691K->409454K(506816K), [Metaspace: 2698K->2698K(1056768K)], 0.0374740 secs] [Times: user=0.04 sys=0.00, real=0.03 secs] 
2021-01-22T19:40:21.410-0800: 83.891: [Full GC (Allocation Failure) 2021-01-22T19:40:21.410-0800: 83.892: [Tenured: 349513K->349160K(349568K), 0.0394595 secs] 506625K->411709K(506816K), [Metaspace: 2698K->2698K(1056768K)], 0.0395548 secs] [Times: user=0.04 sys=0.00, real=0.04 secs] 
2021-01-22T19:40:21.462-0800: 83.943: [Full GC (Allocation Failure) 2021-01-22T19:40:21.462-0800: 83.944: [Tenured: 349394K->349251K(349568K), 0.0542779 secs] 506629K->396248K(506816K), [Metaspace: 2698K->2698K(1056768K)], 0.0551588 secs] [Times: user=0.05 sys=0.00, real=0.05 secs] 
2021-01-22T19:40:21.531-0800: 84.013: [Full GC (Allocation Failure) 2021-01-22T19:40:21.531-0800: 84.013: [Tenured: 349539K->349251K(349568K), 0.0305812 secs] 506729K->413356K(506816K), [Metaspace: 2698K->2698K(1056768K)], 0.0312790 secs] [Times: user=0.03 sys=0.00, real=0.03 secs] 
2021-01-22T19:40:21.574-0800: 84.055: [Full GC (Allocation Failure) 2021-01-22T19:40:21.574-0800: 84.055: [Tenured: 349251K->349564K(349568K), 0.0368932 secs] 506435K->419979K(506816K), [Metaspace: 2698K->2698K(1056768K)], 0.0369881 secs] [Times: user=0.04 sys=0.00, real=0.04 secs] 
2021-01-22T19:40:21.620-0800: 84.102: [Full GC (Allocation Failure) 2021-01-22T19:40:21.620-0800: 84.102: [Tenured: 349564K->349141K(349568K), 0.0403597 secs] 506805K->420401K(506816K), [Metaspace: 2698K->2698K(1056768K)], 0.0404643 secs] [Times: user=0.04 sys=0.00, real=0.04 secs] 
2021-01-22T19:40:21.671-0800: 84.152: [Full GC (Allocation Failure) 2021-01-22T19:40:21.671-0800: 84.152: [Tenured: 349499K->349471K(349568K), 0.0480252 secs] 506746K->398797K(506816K), [Metaspace: 2698K->2698K(1056768K)], 0.0481266 secs] [Times: user=0.04 sys=0.00, real=0.04 secs] 
2021-01-22T19:40:21.733-0800: 84.214: [Full GC (Allocation Failure) 2021-01-22T19:40:21.733-0800: 84.214: [Tenured: 349534K->349292K(349568K), 0.0258353 secs] 506782K->415210K(506816K), [Metaspace: 2698K->2698K(1056768K)], 0.0259331 secs] [Times: user=0.02 sys=0.00, real=0.02 secs] 
2021-01-22T19:40:21.770-0800: 84.252: [Full GC (Allocation Failure) 2021-01-22T19:40:21.770-0800: 84.252: [Tenured: 349292K->349328K(349568K), 0.0362162 secs] 506326K->412226K(506816K), [Metaspace: 2698K->2698K(1056768K)], 0.0363206 secs] [Times: user=0.03 sys=0.00, real=0.03 secs] 
2021-01-22T19:40:21.818-0800: 84.299: [Full GC (Allocation Failure) 2021-01-22T19:40:21.818-0800: 84.299: [Tenured: 349328K->349483K(349568K), 0.0395272 secs] 506368K->405015K(506816K), [Metaspace: 2698K->2698K(1056768K)], 0.0396266 secs] [Times: user=0.04 sys=0.00, real=0.04 secs] 
2021-01-22T19:40:21.870-0800: 84.351: [Full GC (Allocation Failure) 2021-01-22T19:40:21.870-0800: 84.352: [Tenured: 349483K->349385K(349568K), 0.0470648 secs] 506331K->388938K(506816K), [Metaspace: 2698K->2698K(1056768K)], 0.0471658 secs] [Times: user=0.05 sys=0.00, real=0.04 secs] 
2021-01-22T19:40:21.931-0800: 84.413: [Full GC (Allocation Failure) 2021-01-22T19:40:21.932-0800: 84.413: [Tenured: 349385K->349509K(349568K), 0.0311681 secs] 506338K->408177K(506816K), [Metaspace: 2698K->2698K(1056768K)], 0.0312672 secs] [Times: user=0.03 sys=0.00, real=0.03 secs] 
2021-01-22T19:40:21.975-0800: 84.457: [Full GC (Allocation Failure) 2021-01-22T19:40:21.975-0800: 84.457: [Tenured: 349509K->349479K(349568K), 0.0388892 secs] 506695K->406297K(506816K), [Metaspace: 2698K->2698K(1056768K)], 0.0389833 secs] [Times: user=0.04 sys=0.00, real=0.04 secs] 
2021-01-22T19:40:22.026-0800: 84.508: [Full GC (Allocation Failure) 2021-01-22T19:40:22.026-0800: 84.508: [Tenured: 349479K->349429K(349568K), 0.0440737 secs] 506548K->395309K(506816K), [Metaspace: 2698K->2698K(1056768K)], 0.0441709 secs] [Times: user=0.04 sys=0.00, real=0.05 secs] 
2021-01-22T19:40:22.086-0800: 84.568: [Full GC (Allocation Failure) 2021-01-22T19:40:22.087-0800: 84.568: [Tenured: 349429K->349491K(349568K), 0.0455058 secs] 506648K->374975K(506816K), [Metaspace: 2698K->2698K(1056768K)], 0.0456423 secs] [Times: user=0.04 sys=0.01, real=0.05 secs] 
2021-01-22T19:40:22.148-0800: 84.630: [Full GC (Allocation Failure) 2021-01-22T19:40:22.148-0800: 84.630: [Tenured: 349491K->349472K(349568K), 0.0322978 secs] 506654K->385651K(506816K), [Metaspace: 2698K->2698K(1056768K)], 0.0324023 secs] [Times: user=0.03 sys=0.00, real=0.04 secs] 
2021-01-22T19:40:22.195-0800: 84.677: [Full GC (Allocation Failure) 2021-01-22T19:40:22.195-0800: 84.677: [Tenured: 349535K->349214K(349568K), 0.0382611 secs] 506776K->385573K(506816K), [Metaspace: 2698K->2698K(1056768K)], 0.0383578 secs] [Times: user=0.04 sys=0.00, real=0.04 secs] 
2021-01-22T19:40:22.248-0800: 84.730: [Full GC (Allocation Failure) 2021-01-22T19:40:22.248-0800: 84.730: [Tenured: 349429K->349404K(349568K), 0.0408788 secs] 506644K->390973K(506816K), [Metaspace: 2698K->2698K(1056768K)], 0.0409835 secs] [Times: user=0.04 sys=0.00, real=0.04 secs] 
2021-01-22T19:40:22.303-0800: 84.784: [Full GC (Allocation Failure) 2021-01-22T19:40:22.303-0800: 84.785: [Tenured: 349404K->349493K(349568K), 0.0468131 secs] 506527K->381190K(506816K), [Metaspace: 2698K->2698K(1056768K)], 0.0469227 secs] [Times: user=0.05 sys=0.00, real=0.05 secs] 
2021-01-22T19:40:22.367-0800: 84.848: [Full GC (Allocation Failure) 2021-01-22T19:40:22.367-0800: 84.848: [Tenured: 349493K->349536K(349568K), 0.0258445 secs] 506530K->396194K(506816K), [Metaspace: 2698K->2698K(1056768K)], 0.0259464 secs] [Times: user=0.03 sys=0.00, real=0.03 secs] 
2021-01-22T19:40:22.406-0800: 84.887: [Full GC (Allocation Failure) 2021-01-22T19:40:22.406-0800: 84.887: [Tenured: 349536K->349553K(349568K), 0.0372250 secs] 506697K->396946K(506816K), [Metaspace: 2698K->2698K(1056768K)], 0.0373345 secs] [Times: user=0.04 sys=0.00, real=0.04 secs] 
2021-01-22T19:40:22.456-0800: 84.937: [Full GC (Allocation Failure) 2021-01-22T19:40:22.456-0800: 84.938: [Tenured: 349553K->348966K(349568K), 0.0416191 secs] 506770K->404551K(506816K), [Metaspace: 2698K->2698K(1056768K)], 0.0417300 secs] [Times: user=0.04 sys=0.00, real=0.04 secs] 
2021-01-22T19:40:22.510-0800: 84.991: [Full GC (Allocation Failure) 2021-01-22T19:40:22.510-0800: 84.992: [Tenured: 349547K->349506K(349568K), 0.0474237 secs] 506300K->388664K(506816K), [Metaspace: 2698K->2698K(1056768K)], 0.0475311 secs] [Times: user=0.04 sys=0.00, real=0.04 secs] 
2021-01-22T19:40:22.572-0800: 85.053: [Full GC (Allocation Failure) 2021-01-22T19:40:22.572-0800: 85.053: [Tenured: 349506K->348809K(349568K), 0.0289329 secs] 506158K->406219K(506816K), [Metaspace: 2698K->2698K(1056768K)], 0.0290319 secs] [Times: user=0.03 sys=0.00, real=0.03 secs] 
2021-01-22T19:40:22.614-0800: 85.095: [Full GC (Allocation Failure) 2021-01-22T19:40:22.614-0800: 85.095: [Tenured: 349100K->349424K(349568K), 0.0370037 secs] 506321K->404204K(506816K), [Metaspace: 2698K->2698K(1056768K)], 0.0371069 secs] [Times: user=0.04 sys=0.00, real=0.04 secs] 
2021-01-22T19:40:22.663-0800: 85.145: [Full GC (Allocation Failure) 2021-01-22T19:40:22.663-0800: 85.145: [Tenured: 349424K->349539K(349568K), 0.0387941 secs] 506650K->403779K(506816K), [Metaspace: 2698K->2698K(1056768K)], 0.0388991 secs] [Times: user=0.04 sys=0.00, real=0.04 secs] 
2021-01-22T19:40:22.715-0800: 85.196: [Full GC (Allocation Failure) 2021-01-22T19:40:22.715-0800: 85.196: [Tenured: 349539K->349468K(349568K), 0.0477729 secs] 506712K->388905K(506816K), [Metaspace: 2698K->2698K(1056768K)], 0.0478754 secs] [Times: user=0.05 sys=0.00, real=0.05 secs] 
2021-01-22T19:40:22.776-0800: 85.258: [Full GC (Allocation Failure) 2021-01-22T19:40:22.776-0800: 85.258: [Tenured: 349468K->349477K(349568K), 0.0282145 secs] 506644K->405584K(506816K), [Metaspace: 2698K->2698K(1056768K)], 0.0283165 secs] [Times: user=0.03 sys=0.00, real=0.03 secs] 
2021-01-22T19:40:22.816-0800: 85.297: [Full GC (Allocation Failure) 2021-01-22T19:40:22.816-0800: 85.297: [Tenured: 349477K->349518K(349568K), 0.0384131 secs] 506608K->406484K(506816K), [Metaspace: 2698K->2698K(1056768K)], 0.0385224 secs] [Times: user=0.04 sys=0.00, real=0.04 secs] 
2021-01-22T19:40:22.866-0800: 85.348: [Full GC (Allocation Failure) 2021-01-22T19:40:22.866-0800: 85.348: [Tenured: 349518K->349556K(349568K), 0.0418086 secs] 506618K->403671K(506816K), [Metaspace: 2698K->2698K(1056768K)], 0.0419136 secs] [Times: user=0.04 sys=0.00, real=0.04 secs] 
2021-01-22T19:40:22.921-0800: 85.403: [Full GC (Allocation Failure) 2021-01-22T19:40:22.921-0800: 85.403: [Tenured: 349556K->349398K(349568K), 0.0472352 secs] 506722K->381970K(506816K), [Metaspace: 2698K->2698K(1056768K)], 0.0473420 secs] [Times: user=0.04 sys=0.00, real=0.04 secs] 
2021-01-22T19:40:22.985-0800: 85.466: [Full GC (Allocation Failure) 2021-01-22T19:40:22.985-0800: 85.466: [Tenured: 349398K->349056K(349568K), 0.0292291 secs] 506640K->397250K(506816K), [Metaspace: 2698K->2698K(1056768K)], 0.0293269 secs] [Times: user=0.03 sys=0.00, real=0.03 secs] 
2021-01-22T19:40:23.027-0800: 85.508: [Full GC (Allocation Failure) 2021-01-22T19:40:23.027-0800: 85.508: [Tenured: 349418K->349336K(349568K), 0.0385930 secs] 506665K->400884K(506816K), [Metaspace: 2698K->2698K(1056768K)], 0.0386963 secs] [Times: user=0.04 sys=0.00, real=0.04 secs] 
2021-01-22T19:40:23.079-0800: 85.561: [Full GC (Allocation Failure) 2021-01-22T19:40:23.079-0800: 85.561: [Tenured: 349336K->349238K(349568K), 0.0418133 secs] 505979K->400127K(506816K), [Metaspace: 2698K->2698K(1056768K)], 0.0419203 secs] [Times: user=0.04 sys=0.00, real=0.05 secs] 
2021-01-22T19:40:23.134-0800: 85.616: [Full GC (Allocation Failure) 2021-01-22T19:40:23.134-0800: 85.616: [Tenured: 349238K->349241K(349568K), 0.0462221 secs] 506311K->381921K(506816K), [Metaspace: 2698K->2698K(1056768K)], 0.0463400 secs] [Times: user=0.04 sys=0.00, real=0.05 secs] 
2021-01-22T19:40:23.196-0800: 85.677: [Full GC (Allocation Failure) 2021-01-22T19:40:23.196-0800: 85.677: [Tenured: 349241K->349274K(349568K), 0.0282533 secs] 506393K->393316K(506816K), [Metaspace: 2698K->2698K(1056768K)], 0.0283635 secs] [Times: user=0.03 sys=0.00, real=0.03 secs] 
2021-01-22T19:40:23.237-0800: 85.719: [Full GC (Allocation Failure) 2021-01-22T19:40:23.237-0800: 85.719: [Tenured: 349526K->349544K(349568K), 0.0387167 secs] 506768K->391529K(506816K), [Metaspace: 2698K->2698K(1056768K)], 0.0388232 secs] [Times: user=0.04 sys=0.00, real=0.04 secs] 
2021-01-22T19:40:23.290-0800: 85.771: [Full GC (Allocation Failure) 2021-01-22T19:40:23.290-0800: 85.771: [Tenured: 349544K->349541K(349568K), 0.0386836 secs] 506734K->392554K(506816K), [Metaspace: 2698K->2698K(1056768K)], 0.0387929 secs] [Times: user=0.04 sys=0.00, real=0.03 secs] 
2021-01-22T19:40:23.343-0800: 85.824: [Full GC (Allocation Failure) 2021-01-22T19:40:23.343-0800: 85.824: [Tenured: 349541K->349420K(349568K), 0.0464513 secs] 506782K->379208K(506816K), [Metaspace: 2698K->2698K(1056768K)], 0.0465628 secs] [Times: user=0.05 sys=0.00, real=0.04 secs] 
2021-01-22T19:40:23.404-0800: 85.886: [Full GC (Allocation Failure) 2021-01-22T19:40:23.404-0800: 85.886: [Tenured: 349544K->349544K(349568K), 0.0303362 secs] 506788K->395437K(506816K), [Metaspace: 2698K->2698K(1056768K)], 0.0304420 secs] [Times: user=0.03 sys=0.00, real=0.03 secs] 
2021-01-22T19:40:23.447-0800: 85.929: [Full GC (Allocation Failure) 2021-01-22T19:40:23.447-0800: 85.929: [Tenured: 349544K->349339K(349568K), 0.0377682 secs] 506390K->400040K(506816K), [Metaspace: 2698K->2698K(1056768K)], 0.0378869 secs] [Times: user=0.04 sys=0.00, real=0.04 secs] 
2021-01-22T19:40:23.499-0800: 85.981: [Full GC (Allocation Failure) 2021-01-22T19:40:23.499-0800: 85.981: [Tenured: 349339K->349372K(349568K), 0.0398914 secs] 506502K->394033K(506816K), [Metaspace: 2698K->2698K(1056768K)], 0.0399986 secs] [Times: user=0.04 sys=0.00, real=0.04 secs] 
2021-01-22T19:40:23.553-0800: 86.035: [Full GC (Allocation Failure) 2021-01-22T19:40:23.553-0800: 86.035: [Tenured: 349372K->349226K(349568K), 0.0465080 secs] 505875K->380133K(506816K), [Metaspace: 2698K->2698K(1056768K)], 0.0466176 secs] [Times: user=0.05 sys=0.00, real=0.05 secs] 
2021-01-22T19:40:23.615-0800: 86.096: [Full GC (Allocation Failure) 2021-01-22T19:40:23.615-0800: 86.096: [Tenured: 349226K->349559K(349568K), 0.0242789 secs] 506063K->398532K(506816K), [Metaspace: 2698K->2698K(1056768K)], 0.0243838 secs] [Times: user=0.02 sys=0.00, real=0.02 secs] 
2021-01-22T19:40:23.652-0800: 86.134: [Full GC (Allocation Failure) 2021-01-22T19:40:23.653-0800: 86.134: [Tenured: 349559K->349526K(349568K), 0.0372975 secs] 506763K->393835K(506816K), [Metaspace: 2698K->2698K(1056768K)], 0.0374116 secs] [Times: user=0.04 sys=0.00, real=0.04 secs] 
2021-01-22T19:40:23.704-0800: 86.185: [Full GC (Allocation Failure) 2021-01-22T19:40:23.704-0800: 86.186: [Tenured: 349526K->349385K(349568K), 0.0407491 secs] 506718K->394414K(506816K), [Metaspace: 2698K->2698K(1056768K)], 0.0408541 secs] [Times: user=0.04 sys=0.00, real=0.04 secs] 
2021-01-22T19:40:23.759-0800: 86.240: [Full GC (Allocation Failure) 2021-01-22T19:40:23.759-0800: 86.240: [Tenured: 349529K->349205K(349568K), 0.0467775 secs] 506768K->379279K(506816K), [Metaspace: 2698K->2698K(1056768K)], 0.0468890 secs] [Times: user=0.05 sys=0.00, real=0.05 secs] 
2021-01-22T19:40:23.821-0800: 86.303: [Full GC (Allocation Failure) 2021-01-22T19:40:23.821-0800: 86.303: [Tenured: 349205K->349354K(349568K), 0.0304241 secs] 505766K->398809K(506816K), [Metaspace: 2698K->2698K(1056768K)], 0.0305224 secs] [Times: user=0.03 sys=0.00, real=0.03 secs] 
2021-01-22T19:40:23.865-0800: 86.346: [Full GC (Allocation Failure) 2021-01-22T19:40:23.865-0800: 86.346: [Tenured: 349354K->349393K(349568K), 0.0378979 secs] 506389K->396284K(506816K), [Metaspace: 2698K->2698K(1056768K)], 0.0379998 secs] [Times: user=0.04 sys=0.00, real=0.04 secs] 
2021-01-22T19:40:23.917-0800: 86.399: [Full GC (Allocation Failure) 2021-01-22T19:40:23.917-0800: 86.399: [Tenured: 349393K->349502K(349568K), 0.0390699 secs] 506415K->397530K(506816K), [Metaspace: 2698K->2698K(1056768K)], 0.0391702 secs] [Times: user=0.03 sys=0.00, real=0.04 secs] 
2021-01-22T19:40:23.969-0800: 86.451: [Full GC (Allocation Failure) 2021-01-22T19:40:23.969-0800: 86.451: [Tenured: 349502K->349554K(349568K), 0.0538545 secs] 506645K->380571K(506816K), [Metaspace: 2698K->2698K(1056768K)], 0.0539567 secs] [Times: user=0.05 sys=0.00, real=0.06 secs] 
2021-01-22T19:40:24.039-0800: 86.520: [Full GC (Allocation Failure) 2021-01-22T19:40:24.039-0800: 86.520: [Tenured: 349554K->349441K(349568K), 0.0269544 secs] 506557K->398198K(506816K), [Metaspace: 2698K->2698K(1056768K)], 0.0270603 secs] [Times: user=0.03 sys=0.00, real=0.03 secs] 
2021-01-22T19:40:24.079-0800: 86.560: [Full GC (Allocation Failure) 2021-01-22T19:40:24.079-0800: 86.560: [Tenured: 349441K->349357K(349568K), 0.0363632 secs] 506425K->394308K(506816K), [Metaspace: 2698K->2698K(1056768K)], 0.0364661 secs] [Times: user=0.04 sys=0.00, real=0.04 secs] 
2021-01-22T19:40:24.130-0800: 86.612: [Full GC (Allocation Failure) 2021-01-22T19:40:24.130-0800: 86.612: [Tenured: 349357K->349166K(349568K), 0.0406891 secs] 506440K->398994K(506816K), [Metaspace: 2698K->2698K(1056768K)], 0.0407954 secs] [Times: user=0.04 sys=0.01, real=0.04 secs] 
2021-01-22T19:40:24.185-0800: 86.667: [Full GC (Allocation Failure) 2021-01-22T19:40:24.185-0800: 86.667: [Tenured: 349533K->349455K(349568K), 0.0480781 secs] 506777K->380045K(506816K), [Metaspace: 2698K->2698K(1056768K)], 0.0481847 secs] [Times: user=0.04 sys=0.00, real=0.05 secs] 
2021-01-22T19:40:24.249-0800: 86.730: [Full GC (Allocation Failure) 2021-01-22T19:40:24.249-0800: 86.730: [Tenured: 349518K->349443K(349568K), 0.0313958 secs] 506760K->398506K(506816K), [Metaspace: 2698K->2698K(1056768K)], 0.0315000 secs] [Times: user=0.03 sys=0.00, real=0.04 secs] 
2021-01-22T19:40:24.293-0800: 86.775: [Full GC (Allocation Failure) 2021-01-22T19:40:24.293-0800: 86.775: [Tenured: 349443K->349562K(349568K), 0.0381164 secs] 506205K->393057K(506816K), [Metaspace: 2698K->2698K(1056768K)], 0.0382249 secs] [Times: user=0.04 sys=0.00, real=0.04 secs] 
2021-01-22T19:40:24.346-0800: 86.828: [Full GC (Allocation Failure) 2021-01-22T19:40:24.346-0800: 86.828: [Tenured: 349562K->349443K(349568K), 0.0396858 secs] 506742K->390118K(506816K), [Metaspace: 2698K->2698K(1056768K)], 0.0397880 secs] [Times: user=0.04 sys=0.00, real=0.04 secs] 
2021-01-22T19:40:24.400-0800: 86.881: [Full GC (Allocation Failure) 2021-01-22T19:40:24.400-0800: 86.881: [Tenured: 349443K->349512K(349568K), 0.0452236 secs] 506395K->370407K(506816K), [Metaspace: 2698K->2698K(1056768K)], 0.0453251 secs] [Times: user=0.05 sys=0.00, real=0.04 secs] 
2021-01-22T19:40:24.462-0800: 86.943: [Full GC (Allocation Failure) 2021-01-22T19:40:24.462-0800: 86.943: [Tenured: 349512K->349387K(349568K), 0.0288610 secs] 506061K->385125K(506816K), [Metaspace: 2698K->2698K(1056768K)], 0.0289679 secs] [Times: user=0.03 sys=0.00, real=0.03 secs] 
2021-01-22T19:40:24.505-0800: 86.986: [Full GC (Allocation Failure) 2021-01-22T19:40:24.505-0800: 86.986: [Tenured: 349495K->349539K(349568K), 0.0367696 secs] 506723K->381246K(506816K), [Metaspace: 2698K->2698K(1056768K)], 0.0368791 secs] [Times: user=0.04 sys=0.00, real=0.04 secs] 
2021-01-22T19:40:24.557-0800: 87.039: [Full GC (Allocation Failure) 2021-01-22T19:40:24.557-0800: 87.039: [Tenured: 349539K->349251K(349568K), 0.0389320 secs] 506539K->383639K(506816K), [Metaspace: 2698K->2698K(1056768K)], 0.0390382 secs] [Times: user=0.04 sys=0.00, real=0.04 secs] 
2021-01-22T19:40:24.611-0800: 87.093: [Full GC (Allocation Failure) 2021-01-22T19:40:24.611-0800: 87.093: [Tenured: 349251K->349476K(349568K), 0.0444558 secs] 506076K->364746K(506816K), [Metaspace: 2698K->2698K(1056768K)], 0.0445631 secs] [Times: user=0.04 sys=0.00, real=0.04 secs] 
2021-01-22T19:40:24.673-0800: 87.154: [Full GC (Allocation Failure) 2021-01-22T19:40:24.673-0800: 87.154: [Tenured: 349539K->349379K(349568K), 0.0287100 secs] 506780K->383773K(506816K), [Metaspace: 2698K->2698K(1056768K)], 0.0288166 secs] [Times: user=0.03 sys=0.00, real=0.03 secs] 
2021-01-22T19:40:24.716-0800: 87.198: [Full GC (Allocation Failure) 2021-01-22T19:40:24.716-0800: 87.198: [Tenured: 349487K->349516K(349568K), 0.0370146 secs] 506699K->390890K(506816K), [Metaspace: 2698K->2698K(1056768K)], 0.0371246 secs] [Times: user=0.04 sys=0.00, real=0.04 secs] 
2021-01-22T19:40:24.767-0800: 87.249: [Full GC (Allocation Failure) 2021-01-22T19:40:24.767-0800: 87.249: [Tenured: 349516K->349360K(349568K), 0.0392595 secs] 506446K->394609K(506816K), [Metaspace: 2698K->2698K(1056768K)], 0.0393675 secs] [Times: user=0.03 sys=0.00, real=0.04 secs] 
2021-01-22T19:40:24.820-0800: 87.302: [Full GC (Allocation Failure) 2021-01-22T19:40:24.820-0800: 87.302: [Tenured: 349360K->348973K(349568K), 0.0468305 secs] 506342K->376199K(506816K), [Metaspace: 2698K->2698K(1056768K)], 0.0469316 secs] [Times: user=0.05 sys=0.00, real=0.04 secs] 
2021-01-22T19:40:24.884-0800: 87.366: [Full GC (Allocation Failure) 2021-01-22T19:40:24.884-0800: 87.366: [Tenured: 349542K->349465K(349568K), 0.0300521 secs] 506678K->387028K(506816K), [Metaspace: 2698K->2698K(1056768K)], 0.0301520 secs] [Times: user=0.03 sys=0.00, real=0.03 secs] 
2021-01-22T19:40:24.928-0800: 87.409: [Full GC (Allocation Failure) 2021-01-22T19:40:24.928-0800: 87.410: [Tenured: 349465K->349498K(349568K), 0.0354562 secs] 506140K->386853K(506816K), [Metaspace: 2698K->2698K(1056768K)], 0.0355730 secs] [Times: user=0.03 sys=0.00, real=0.04 secs] 
2021-01-22T19:40:24.978-0800: 87.460: [Full GC (Allocation Failure) 2021-01-22T19:40:24.978-0800: 87.460: [Tenured: 349498K->349215K(349568K), 0.0392911 secs] 506661K->389674K(506816K), [Metaspace: 2698K->2698K(1056768K)], 0.0393958 secs] [Times: user=0.03 sys=0.00, real=0.04 secs] 
2021-01-22T19:40:25.032-0800: 87.513: [Full GC (Allocation Failure) 2021-01-22T19:40:25.032-0800: 87.513: [Tenured: 349558K->349356K(349568K), 0.0468506 secs] 506752K->376986K(506816K), [Metaspace: 2698K->2698K(1056768K)], 0.0469509 secs] [Times: user=0.04 sys=0.00, real=0.04 secs] 
2021-01-22T19:40:25.094-0800: 87.576: [Full GC (Allocation Failure) 2021-01-22T19:40:25.094-0800: 87.576: [Tenured: 349428K->349482K(349568K), 0.0273017 secs] 506611K->389705K(506816K), [Metaspace: 2698K->2698K(1056768K)], 0.0274043 secs] [Times: user=0.03 sys=0.00, real=0.03 secs] 
2021-01-22T19:40:25.136-0800: 87.617: [Full GC (Allocation Failure) 2021-01-22T19:40:25.136-0800: 87.617: [Tenured: 349482K->349263K(349568K), 0.0360512 secs] 506609K->390328K(506816K), [Metaspace: 2698K->2698K(1056768K)], 0.0361574 secs] [Times: user=0.04 sys=0.00, real=0.04 secs] 
2021-01-22T19:40:25.186-0800: 87.668: [Full GC (Allocation Failure) 2021-01-22T19:40:25.187-0800: 87.668: [Tenured: 349448K->349512K(349568K), 0.0387413 secs] 506565K->389571K(506816K), [Metaspace: 2698K->2698K(1056768K)], 0.0388419 secs] [Times: user=0.04 sys=0.00, real=0.04 secs] 
2021-01-22T19:40:25.240-0800: 87.722: [Full GC (Allocation Failure) 2021-01-22T19:40:25.240-0800: 87.722: [Tenured: 349512K->349413K(349568K), 0.0453478 secs] 506615K->367961K(506816K), [Metaspace: 2698K->2698K(1056768K)], 0.0454490 secs] [Times: user=0.04 sys=0.00, real=0.04 secs] 
2021-01-22T19:40:25.302-0800: 87.783: [Full GC (Allocation Failure) 2021-01-22T19:40:25.302-0800: 87.783: [Tenured: 349413K->349089K(349568K), 0.0283824 secs] 506641K->387063K(506816K), [Metaspace: 2698K->2698K(1056768K)], 0.0284906 secs] [Times: user=0.02 sys=0.00, real=0.03 secs] 
2021-01-22T19:40:25.345-0800: 87.827: [Full GC (Allocation Failure) 2021-01-22T19:40:25.345-0800: 87.827: [Tenured: 349364K->349242K(349568K), 0.0379913 secs] 506404K->387707K(506816K), [Metaspace: 2698K->2698K(1056768K)], 0.0380961 secs] [Times: user=0.04 sys=0.00, real=0.04 secs] 
2021-01-22T19:40:25.398-0800: 87.880: [Full GC (Allocation Failure) 2021-01-22T19:40:25.398-0800: 87.880: [Tenured: 349492K->349563K(349568K), 0.0392555 secs] 506734K->386842K(506816K), [Metaspace: 2698K->2698K(1056768K)], 0.0393779 secs] [Times: user=0.04 sys=0.00, real=0.04 secs] 
2021-01-22T19:40:25.451-0800: 87.933: [Full GC (Allocation Failure) 2021-01-22T19:40:25.451-0800: 87.933: [Tenured: 349563K->349428K(349568K), 0.0452051 secs] 506800K->368372K(506816K), [Metaspace: 2698K->2698K(1056768K)], 0.0453045 secs] [Times: user=0.04 sys=0.00, real=0.04 secs] 
2021-01-22T19:40:25.514-0800: 87.995: [Full GC (Allocation Failure) 2021-01-22T19:40:25.514-0800: 87.995: [Tenured: 349428K->349400K(349568K), 0.0286277 secs] 506476K->387262K(506816K), [Metaspace: 2698K->2698K(1056768K)], 0.0287303 secs] [Times: user=0.03 sys=0.00, real=0.03 secs] 
2021-01-22T19:40:25.557-0800: 88.039: [Full GC (Allocation Failure) 2021-01-22T19:40:25.557-0800: 88.039: [Tenured: 349547K->349462K(349568K), 0.0390222 secs] 506664K->385282K(506816K), [Metaspace: 2698K->2698K(1056768K)], 0.0391256 secs] [Times: user=0.04 sys=0.00, real=0.04 secs] 
2021-01-22T19:40:25.610-0800: 88.092: [Full GC (Allocation Failure) 2021-01-22T19:40:25.610-0800: 88.092: [Tenured: 349462K->349190K(349568K), 0.0407974 secs] 506538K->388242K(506816K), [Metaspace: 2698K->2698K(1056768K)], 0.0409042 secs] [Times: user=0.04 sys=0.00, real=0.04 secs] 
2021-01-22T19:40:25.665-0800: 88.147: [Full GC (Allocation Failure) 2021-01-22T19:40:25.665-0800: 88.147: [Tenured: 349520K->349347K(349568K), 0.0450791 secs] 506728K->366713K(506816K), [Metaspace: 2698K->2698K(1056768K)], 0.0451882 secs] [Times: user=0.04 sys=0.00, real=0.05 secs] 
2021-01-22T19:40:25.727-0800: 88.208: [Full GC (Allocation Failure) 2021-01-22T19:40:25.727-0800: 88.209: [Tenured: 349444K->349237K(349568K), 0.0291578 secs] 506689K->388306K(506816K), [Metaspace: 2698K->2698K(1056768K)], 0.0292842 secs] [Times: user=0.03 sys=0.00, real=0.03 secs] 
2021-01-22T19:40:25.770-0800: 88.252: [Full GC (Allocation Failure) 2021-01-22T19:40:25.770-0800: 88.252: [Tenured: 349237K->349494K(349568K), 0.0395342 secs] 506110K->382205K(506816K), [Metaspace: 2698K->2698K(1056768K)], 0.0396358 secs] [Times: user=0.04 sys=0.00, real=0.04 secs] 
2021-01-22T19:40:25.825-0800: 88.307: [Full GC (Allocation Failure) 2021-01-22T19:40:25.825-0800: 88.307: [Tenured: 349494K->349542K(349568K), 0.0407421 secs] 506602K->384109K(506816K), [Metaspace: 2698K->2698K(1056768K)], 0.0408445 secs] [Times: user=0.04 sys=0.00, real=0.04 secs] 
2021-01-22T19:40:25.880-0800: 88.361: [Full GC (Allocation Failure) 2021-01-22T19:40:25.880-0800: 88.361: [Tenured: 349542K->349550K(349568K), 0.0458398 secs] 506535K->371342K(506816K), [Metaspace: 2698K->2698K(1056768K)], 0.0459418 secs] [Times: user=0.05 sys=0.00, real=0.04 secs] 
2021-01-22T19:40:25.943-0800: 88.425: [Full GC (Allocation Failure) 2021-01-22T19:40:25.943-0800: 88.425: [Tenured: 349550K->349526K(349568K), 0.0294263 secs] 506759K->391144K(506816K), [Metaspace: 2698K->2698K(1056768K)], 0.0295311 secs] [Times: user=0.02 sys=0.00, real=0.03 secs] 
2021-01-22T19:40:25.987-0800: 88.469: [Full GC (Allocation Failure) 2021-01-22T19:40:25.987-0800: 88.469: [Tenured: 349526K->349101K(349568K), 0.0374237 secs] 506708K->393362K(506816K), [Metaspace: 2698K->2698K(1056768K)], 0.0375339 secs] [Times: user=0.04 sys=0.00, real=0.04 secs] 
2021-01-22T19:40:26.039-0800: 88.520: [Full GC (Allocation Failure) 2021-01-22T19:40:26.039-0800: 88.520: [Tenured: 349527K->349492K(349568K), 0.0403482 secs] 506740K->389598K(506816K), [Metaspace: 2698K->2698K(1056768K)], 0.0404600 secs] [Times: user=0.04 sys=0.00, real=0.04 secs] 
2021-01-22T19:40:26.093-0800: 88.575: [Full GC (Allocation Failure) 2021-01-22T19:40:26.093-0800: 88.575: [Tenured: 349492K->349153K(349568K), 0.0466226 secs] 506445K->371558K(506816K), [Metaspace: 2698K->2698K(1056768K)], 0.0467437 secs] [Times: user=0.05 sys=0.00, real=0.05 secs] 
2021-01-22T19:40:26.161-0800: 88.643: [Full GC (Allocation Failure) 2021-01-22T19:40:26.161-0800: 88.643: [Tenured: 349153K->349241K(349568K), 0.0295357 secs] 506351K->390495K(506816K), [Metaspace: 2698K->2698K(1056768K)], 0.0296461 secs] [Times: user=0.03 sys=0.00, real=0.03 secs] 
2021-01-22T19:40:26.205-0800: 88.687: [Full GC (Allocation Failure) 2021-01-22T19:40:26.205-0800: 88.687: [Tenured: 349359K->349409K(349568K), 0.0361357 secs] 506551K->395009K(506816K), [Metaspace: 2698K->2698K(1056768K)], 0.0362474 secs] [Times: user=0.04 sys=0.00, real=0.04 secs] 
2021-01-22T19:40:26.254-0800: 88.736: [Full GC (Allocation Failure) 2021-01-22T19:40:26.254-0800: 88.736: [Tenured: 349409K->349289K(349568K), 0.0372392 secs] 506407K->395600K(506816K), [Metaspace: 2698K->2698K(1056768K)], 0.0373463 secs] [Times: user=0.04 sys=0.00, real=0.04 secs] 
2021-01-22T19:40:26.305-0800: 88.786: [Full GC (Allocation Failure) 2021-01-22T19:40:26.305-0800: 88.786: [Tenured: 349537K->349498K(349568K), 0.0464174 secs] 506718K->380283K(506816K), [Metaspace: 2698K->2698K(1056768K)], 0.0465221 secs] [Times: user=0.05 sys=0.00, real=0.05 secs] 
2021-01-22T19:40:26.367-0800: 88.849: [Full GC (Allocation Failure) 2021-01-22T19:40:26.367-0800: 88.849: [Tenured: 349498K->349564K(349568K), 0.0299871 secs] 506357K->396037K(506816K), [Metaspace: 2698K->2698K(1056768K)], 0.0300869 secs] [Times: user=0.03 sys=0.00, real=0.03 secs] 
2021-01-22T19:40:26.409-0800: 88.891: [Full GC (Allocation Failure) 2021-01-22T19:40:26.409-0800: 88.891: [Tenured: 349564K->348844K(349568K), 0.0378093 secs] 506336K->396170K(506816K), [Metaspace: 2698K->2698K(1056768K)], 0.0379167 secs] [Times: user=0.03 sys=0.00, real=0.04 secs] 
2021-01-22T19:40:26.460-0800: 88.942: [Full GC (Allocation Failure) 2021-01-22T19:40:26.460-0800: 88.942: [Tenured: 349491K->349475K(349568K), 0.0396321 secs] 506548K->395818K(506816K), [Metaspace: 2698K->2698K(1056768K)], 0.0397348 secs] [Times: user=0.04 sys=0.00, real=0.04 secs] 
2021-01-22T19:40:26.514-0800: 88.995: [Full GC (Allocation Failure) 2021-01-22T19:40:26.514-0800: 88.995: [Tenured: 349547K->349432K(349568K), 0.0456910 secs] 506759K->377025K(506816K), [Metaspace: 2698K->2698K(1056768K)], 0.0457997 secs] [Times: user=0.04 sys=0.00, real=0.04 secs] 
2021-01-22T19:40:26.575-0800: 89.056: [Full GC (Allocation Failure) 2021-01-22T19:40:26.575-0800: 89.056: [Tenured: 349480K->349054K(349568K), 0.0300102 secs] 506702K->397779K(506816K), [Metaspace: 2698K->2698K(1056768K)], 0.0301174 secs] [Times: user=0.03 sys=0.00, real=0.03 secs] 
2021-01-22T19:40:26.619-0800: 89.101: [Full GC (Allocation Failure) 2021-01-22T19:40:26.619-0800: 89.101: [Tenured: 349438K->349442K(349568K), 0.0373719 secs] 506678K->396079K(506816K), [Metaspace: 2698K->2698K(1056768K)], 0.0374757 secs] [Times: user=0.04 sys=0.00, real=0.04 secs] 
2021-01-22T19:40:26.671-0800: 89.152: [Full GC (Allocation Failure) 2021-01-22T19:40:26.671-0800: 89.152: [Tenured: 349442K->349334K(349568K), 0.0399284 secs] 506683K->396601K(506816K), [Metaspace: 2698K->2698K(1056768K)], 0.0400334 secs] [Times: user=0.04 sys=0.00, real=0.04 secs] 
2021-01-22T19:40:26.727-0800: 89.209: [Full GC (Allocation Failure) 2021-01-22T19:40:26.727-0800: 89.209: [Tenured: 349334K->349209K(349568K), 0.0472325 secs] 506538K->377976K(506816K), [Metaspace: 2698K->2698K(1056768K)], 0.0473410 secs] [Times: user=0.05 sys=0.00, real=0.05 secs] 
2021-01-22T19:40:26.790-0800: 89.272: [Full GC (Allocation Failure) 2021-01-22T19:40:26.790-0800: 89.272: [Tenured: 349209K->349288K(349568K), 0.0269655 secs] 506287K->391915K(506816K), [Metaspace: 2698K->2698K(1056768K)], 0.0270715 secs] [Times: user=0.03 sys=0.00, real=0.02 secs] 
2021-01-22T19:40:26.831-0800: 89.313: [Full GC (Allocation Failure) 2021-01-22T19:40:26.831-0800: 89.313: [Tenured: 349509K->349282K(349568K), 0.0361770 secs] 506742K->395063K(506816K), [Metaspace: 2698K->2698K(1056768K)], 0.0362816 secs] [Times: user=0.04 sys=0.00, real=0.03 secs] 
2021-01-22T19:40:26.881-0800: 89.363: [Full GC (Allocation Failure) 2021-01-22T19:40:26.881-0800: 89.363: [Tenured: 349282K->349327K(349568K), 0.0386210 secs] 506465K->396888K(506816K), [Metaspace: 2698K->2698K(1056768K)], 0.0387316 secs] [Times: user=0.04 sys=0.00, real=0.04 secs] 
2021-01-22T19:40:26.934-0800: 89.416: [Full GC (Allocation Failure) 2021-01-22T19:40:26.934-0800: 89.416: [Tenured: 349561K->349457K(349568K), 0.0488964 secs] 506809K->374042K(506816K), [Metaspace: 2698K->2698K(1056768K)], 0.0490021 secs] [Times: user=0.04 sys=0.00, real=0.05 secs] 
2021-01-22T19:40:26.999-0800: 89.480: [Full GC (Allocation Failure) 2021-01-22T19:40:26.999-0800: 89.480: [Tenured: 349457K->349363K(349568K), 0.0315997 secs] 506440K->392870K(506816K), [Metaspace: 2698K->2698K(1056768K)], 0.0317175 secs] [Times: user=0.03 sys=0.00, real=0.04 secs] 
2021-01-22T19:40:27.044-0800: 89.525: [Full GC (Allocation Failure) 2021-01-22T19:40:27.044-0800: 89.525: [Tenured: 349363K->349475K(349568K), 0.0364715 secs] 506182K->394660K(506816K), [Metaspace: 2698K->2698K(1056768K)], 0.0365725 secs] [Times: user=0.04 sys=0.00, real=0.04 secs] 
2021-01-22T19:40:27.094-0800: 89.576: [Full GC (Allocation Failure) 2021-01-22T19:40:27.094-0800: 89.576: [Tenured: 349475K->349533K(349568K), 0.0376252 secs] 506638K->392154K(506816K), [Metaspace: 2698K->2698K(1056768K)], 0.0377239 secs] [Times: user=0.04 sys=0.00, real=0.04 secs] 
2021-01-22T19:40:27.145-0800: 89.627: [Full GC (Allocation Failure) 2021-01-22T19:40:27.145-0800: 89.627: [Tenured: 349533K->349051K(349568K), 0.0447473 secs] 506688K->364581K(506816K), [Metaspace: 2698K->2698K(1056768K)], 0.0448498 secs] [Times: user=0.05 sys=0.00, real=0.05 secs] 
2021-01-22T19:40:27.206-0800: 89.688: [Full GC (Allocation Failure) 2021-01-22T19:40:27.206-0800: 89.688: [Tenured: 349308K->349330K(349568K), 0.0306207 secs] 506400K->386120K(506816K), [Metaspace: 2698K->2698K(1056768K)], 0.0307271 secs] [Times: user=0.03 sys=0.00, real=0.03 secs] 
2021-01-22T19:40:27.252-0800: 89.734: [Full GC (Allocation Failure) 2021-01-22T19:40:27.252-0800: 89.734: [Tenured: 349419K->349259K(349568K), 0.0353187 secs] 506646K->395247K(506816K), [Metaspace: 2698K->2698K(1056768K)], 0.0354238 secs] [Times: user=0.04 sys=0.00, real=0.03 secs] 
2021-01-22T19:40:27.301-0800: 89.782: [Full GC (Allocation Failure) 2021-01-22T19:40:27.301-0800: 89.782: [Tenured: 349259K->349268K(349568K), 0.0395912 secs] 505963K->394800K(506816K), [Metaspace: 2698K->2698K(1056768K)], 0.0397078 secs] [Times: user=0.04 sys=0.00, real=0.04 secs] 
2021-01-22T19:40:27.354-0800: 89.836: [Full GC (Allocation Failure) 2021-01-22T19:40:27.354-0800: 89.836: [Tenured: 349412K->349389K(349568K), 0.0453223 secs] 506595K->373985K(506816K), [Metaspace: 2698K->2698K(1056768K)], 0.0454270 secs] [Times: user=0.05 sys=0.00, real=0.05 secs] 
2021-01-22T19:40:27.416-0800: 89.898: [Full GC (Allocation Failure) 2021-01-22T19:40:27.416-0800: 89.898: [Tenured: 349389K->349372K(349568K), 0.0284967 secs] 506210K->395085K(506816K), [Metaspace: 2698K->2698K(1056768K)], 0.0285925 secs] [Times: user=0.03 sys=0.00, real=0.03 secs] 
2021-01-22T19:40:27.459-0800: 89.940: [Full GC (Allocation Failure) 2021-01-22T19:40:27.459-0800: 89.941: [Tenured: 349372K->349413K(349568K), 0.0362271 secs] 506315K->395923K(506816K), [Metaspace: 2698K->2698K(1056768K)], 0.0363324 secs] [Times: user=0.03 sys=0.00, real=0.04 secs] 
2021-01-22T19:40:27.508-0800: 89.990: [Full GC (Allocation Failure) 2021-01-22T19:40:27.508-0800: 89.990: [Tenured: 349461K->349385K(349568K), 0.0389284 secs] 506705K->396664K(506816K), [Metaspace: 2698K->2698K(1056768K)], 0.0390309 secs] [Times: user=0.03 sys=0.00, real=0.04 secs] 
2021-01-22T19:40:27.561-0800: 90.043: [Full GC (Allocation Failure) 2021-01-22T19:40:27.561-0800: 90.043: [Tenured: 349385K->349565K(349568K), 0.0469332 secs] 506535K->379443K(506816K), [Metaspace: 2698K->2698K(1056768K)], 0.0470433 secs] [Times: user=0.04 sys=0.00, real=0.04 secs] 
2021-01-22T19:40:27.623-0800: 90.105: [Full GC (Allocation Failure) 2021-01-22T19:40:27.623-0800: 90.105: [Tenured: 349565K->349320K(349568K), 0.0289470 secs] 506630K->392743K(506816K), [Metaspace: 2698K->2698K(1056768K)], 0.0290469 secs] [Times: user=0.03 sys=0.00, real=0.03 secs] 
2021-01-22T19:40:27.665-0800: 90.147: [Full GC (Allocation Failure) 2021-01-22T19:40:27.665-0800: 90.147: [Tenured: 349500K->349564K(349568K), 0.0371695 secs] 506612K->394460K(506816K), [Metaspace: 2698K->2698K(1056768K)], 0.0372662 secs] [Times: user=0.04 sys=0.00, real=0.04 secs] 
2021-01-22T19:40:27.716-0800: 90.198: [Full GC (Allocation Failure) 2021-01-22T19:40:27.716-0800: 90.198: [Tenured: 349564K->349333K(349568K), 0.0400680 secs] 506788K->387585K(506816K), [Metaspace: 2698K->2698K(1056768K)], 0.0401751 secs] [Times: user=0.04 sys=0.00, real=0.04 secs] 
2021-01-22T19:40:27.770-0800: 90.252: [Full GC (Allocation Failure) 2021-01-22T19:40:27.770-0800: 90.252: [Tenured: 349477K->349531K(349568K), 0.0450112 secs] 506668K->367497K(506816K), [Metaspace: 2698K->2698K(1056768K)], 0.0451140 secs] [Times: user=0.04 sys=0.00, real=0.04 secs] 
2021-01-22T19:40:27.833-0800: 90.314: [Full GC (Allocation Failure) 2021-01-22T19:40:27.833-0800: 90.315: [Tenured: 349531K->349537K(349568K), 0.0242734 secs] 506304K->384764K(506816K), [Metaspace: 2698K->2698K(1056768K)], 0.0243760 secs] [Times: user=0.02 sys=0.00, real=0.02 secs] 
2021-01-22T19:40:27.871-0800: 90.353: [Full GC (Allocation Failure) 2021-01-22T19:40:27.871-0800: 90.353: [Tenured: 349537K->349475K(349568K), 0.0371903 secs] 506776K->385430K(506816K), [Metaspace: 2698K->2698K(1056768K)], 0.0372986 secs] [Times: user=0.03 sys=0.00, real=0.03 secs] 
2021-01-22T19:40:27.924-0800: 90.406: [Full GC (Allocation Failure) 2021-01-22T19:40:27.924-0800: 90.406: [Tenured: 349475K->349512K(349568K), 0.0396514 secs] 506606K->386803K(506816K), [Metaspace: 2698K->2698K(1056768K)], 0.0397485 secs] [Times: user=0.04 sys=0.00, real=0.04 secs] 
2021-01-22T19:40:27.978-0800: 90.460: [Full GC (Allocation Failure) 2021-01-22T19:40:27.978-0800: 90.460: [Tenured: 349512K->349525K(349568K), 0.0446026 secs] 506691K->362651K(506816K), [Metaspace: 2698K->2698K(1056768K)], 0.0447031 secs] [Times: user=0.05 sys=0.00, real=0.05 secs] 
2021-01-22T19:40:28.040-0800: 90.522: [Full GC (Allocation Failure) 2021-01-22T19:40:28.040-0800: 90.522: [Tenured: 349525K->349388K(349568K), 0.0331284 secs] 506632K->381079K(506816K), [Metaspace: 2698K->2698K(1056768K)], 0.0332290 secs] [Times: user=0.04 sys=0.01, real=0.03 secs] 
2021-01-22T19:40:28.090-0800: 90.571: [Full GC (Allocation Failure) 2021-01-22T19:40:28.090-0800: 90.571: [Tenured: 349496K->349431K(349568K), 0.0371969 secs] 506717K->376763K(506816K), [Metaspace: 2698K->2698K(1056768K)], 0.0373027 secs] [Times: user=0.04 sys=0.00, real=0.03 secs] 
2021-01-22T19:40:28.143-0800: 90.625: [Full GC (Allocation Failure) 2021-01-22T19:40:28.143-0800: 90.625: [Tenured: 349431K->349259K(349568K), 0.0391366 secs] 506636K->375228K(506816K), [Metaspace: 2698K->2698K(1056768K)], 0.0392361 secs] [Times: user=0.04 sys=0.00, real=0.04 secs] 
2021-01-22T19:40:28.198-0800: 90.680: [Full GC (Allocation Failure) 2021-01-22T19:40:28.198-0800: 90.680: [Tenured: 349436K->349390K(349568K), 0.0437282 secs] 506526K->357527K(506816K), [Metaspace: 2698K->2698K(1056768K)], 0.0438304 secs] [Times: user=0.05 sys=0.00, real=0.05 secs] 
2021-01-22T19:40:28.260-0800: 90.742: [Full GC (Allocation Failure) 2021-01-22T19:40:28.260-0800: 90.742: [Tenured: 349508K->349557K(349568K), 0.0304877 secs] 506748K->373615K(506816K), [Metaspace: 2698K->2698K(1056768K)], 0.0305940 secs] [Times: user=0.03 sys=0.00, real=0.03 secs] 
2021-01-22T19:40:28.306-0800: 90.788: [Full GC (Allocation Failure) 2021-01-22T19:40:28.306-0800: 90.788: [Tenured: 349557K->349525K(349568K), 0.0365974 secs] 506729K->374047K(506816K), [Metaspace: 2698K->2698K(1056768K)], 0.0367043 secs] [Times: user=0.04 sys=0.00, real=0.04 secs] 
2021-01-22T19:40:28.359-0800: 90.841: [Full GC (Allocation Failure) 2021-01-22T19:40:28.359-0800: 90.841: [Tenured: 349525K->349489K(349568K), 0.0376953 secs] 506752K->369022K(506816K), [Metaspace: 2698K->2698K(1056768K)], 0.0378151 secs] [Times: user=0.04 sys=0.00, real=0.04 secs] 
2021-01-22T19:40:28.412-0800: 90.894: [Full GC (Allocation Failure) 2021-01-22T19:40:28.412-0800: 90.894: [Tenured: 349489K->349544K(349568K), 0.0439922 secs] 506262K->356331K(506816K), [Metaspace: 2698K->2698K(1056768K)], 0.0441046 secs] [Times: user=0.05 sys=0.00, real=0.04 secs] 
2021-01-22T19:40:28.475-0800: 90.957: [Full GC (Allocation Failure) 2021-01-22T19:40:28.475-0800: 90.957: [Tenured: 349544K->349242K(349568K), 0.0273850 secs] 506335K->379182K(506816K), [Metaspace: 2698K->2698K(1056768K)], 0.0274930 secs] [Times: user=0.02 sys=0.00, real=0.03 secs] 
2021-01-22T19:40:28.517-0800: 90.999: [Full GC (Allocation Failure) 2021-01-22T19:40:28.517-0800: 90.999: [Tenured: 349496K->349397K(349568K), 0.0360843 secs] 506740K->383831K(506816K), [Metaspace: 2698K->2698K(1056768K)], 0.0361865 secs] [Times: user=0.03 sys=0.00, real=0.04 secs] 
2021-01-22T19:40:28.567-0800: 91.048: [Full GC (Allocation Failure) 2021-01-22T19:40:28.567-0800: 91.049: [Tenured: 349397K->349179K(349568K), 0.0388996 secs] 506644K->385775K(506816K), [Metaspace: 2698K->2698K(1056768K)], 0.0390075 secs] [Times: user=0.04 sys=0.00, real=0.04 secs] 
2021-01-22T19:40:28.620-0800: 91.102: [Full GC (Allocation Failure) 2021-01-22T19:40:28.621-0800: 91.102: [Tenured: 349395K->349335K(349568K), 0.0453340 secs] 506628K->375887K(506816K), [Metaspace: 2698K->2698K(1056768K)], 0.0454348 secs] [Times: user=0.05 sys=0.00, real=0.04 secs] 
2021-01-22T19:40:28.683-0800: 91.165: [Full GC (Allocation Failure) 2021-01-22T19:40:28.683-0800: 91.165: [Tenured: 349335K->349555K(349568K), 0.0284355 secs] 506479K->389392K(506816K), [Metaspace: 2698K->2698K(1056768K)], 0.0285402 secs] [Times: user=0.03 sys=0.00, real=0.03 secs] 
2021-01-22T19:40:28.726-0800: 91.207: [Full GC (Allocation Failure) 2021-01-22T19:40:28.726-0800: 91.207: [Tenured: 349555K->349445K(349568K), 0.0374882 secs] 506595K->386667K(506816K), [Metaspace: 2698K->2698K(1056768K)], 0.0375865 secs] [Times: user=0.03 sys=0.00, real=0.04 secs] 
2021-01-22T19:40:28.777-0800: 91.259: [Full GC (Allocation Failure) 2021-01-22T19:40:28.777-0800: 91.259: [Tenured: 349508K->349368K(349568K), 0.0395676 secs] 506750K->386014K(506816K), [Metaspace: 2698K->2698K(1056768K)], 0.0396849 secs] [Times: user=0.04 sys=0.00, real=0.04 secs] 
2021-01-22T19:40:28.832-0800: 91.314: [Full GC (Allocation Failure) 2021-01-22T19:40:28.832-0800: 91.314: [Tenured: 349541K->349250K(349568K), 0.0458481 secs] 506784K->368009K(506816K), [Metaspace: 2698K->2698K(1056768K)], 0.0459556 secs] [Times: user=0.05 sys=0.00, real=0.04 secs] 
2021-01-22T19:40:28.894-0800: 91.376: [Full GC (Allocation Failure) 2021-01-22T19:40:28.894-0800: 91.376: [Tenured: 349250K->349077K(349568K), 0.0274588 secs] 506288K->382679K(506816K), [Metaspace: 2698K->2698K(1056768K)], 0.0275673 secs] [Times: user=0.03 sys=0.00, real=0.03 secs] 
2021-01-22T19:40:28.936-0800: 91.418: [Full GC (Allocation Failure) 2021-01-22T19:40:28.937-0800: 91.418: [Tenured: 349553K->349532K(349568K), 0.0362119 secs] 506752K->384852K(506816K), [Metaspace: 2698K->2698K(1056768K)], 0.0363074 secs] [Times: user=0.03 sys=0.00, real=0.04 secs] 
2021-01-22T19:40:28.988-0800: 91.470: [Full GC (Allocation Failure) 2021-01-22T19:40:28.988-0800: 91.470: [Tenured: 349532K->349367K(349568K), 0.0394394 secs] 506682K->382329K(506816K), [Metaspace: 2698K->2698K(1056768K)], 0.0395608 secs] [Times: user=0.04 sys=0.00, real=0.04 secs] 
2021-01-22T19:40:29.043-0800: 91.525: [Full GC (Allocation Failure) 2021-01-22T19:40:29.043-0800: 91.525: [Tenured: 349537K->349554K(349568K), 0.0443359 secs] 506779K->362721K(506816K), [Metaspace: 2698K->2698K(1056768K)], 0.0444452 secs] [Times: user=0.05 sys=0.00, real=0.04 secs] 
2021-01-22T19:40:29.105-0800: 91.587: [Full GC (Allocation Failure) 2021-01-22T19:40:29.105-0800: 91.587: [Tenured: 349554K->349428K(349568K), 0.0293377 secs] 506789K->379378K(506816K), [Metaspace: 2698K->2698K(1056768K)], 0.0294431 secs] [Times: user=0.03 sys=0.00, real=0.03 secs] 
2021-01-22T19:40:29.152-0800: 91.634: [Full GC (Allocation Failure) 2021-01-22T19:40:29.152-0800: 91.634: [Tenured: 349536K->349376K(349568K), 0.0384320 secs] 506766K->377117K(506816K), [Metaspace: 2698K->2698K(1056768K)], 0.0385366 secs] [Times: user=0.04 sys=0.00, real=0.04 secs] 
2021-01-22T19:40:29.207-0800: 91.689: [Full GC (Allocation Failure) 2021-01-22T19:40:29.207-0800: 91.689: [Tenured: 349520K->349336K(349568K), 0.0401875 secs] 506642K->386732K(506816K), [Metaspace: 2698K->2698K(1056768K)], 0.0402938 secs] [Times: user=0.04 sys=0.00, real=0.04 secs] 
2021-01-22T19:40:29.262-0800: 91.744: [Full GC (Allocation Failure) 2021-01-22T19:40:29.262-0800: 91.744: [Tenured: 349336K->349304K(349568K), 0.0505424 secs] 506539K->379500K(506816K), [Metaspace: 2698K->2698K(1056768K)], 0.0506499 secs] [Times: user=0.04 sys=0.00, real=0.05 secs] 
2021-01-22T19:40:29.327-0800: 91.809: [Full GC (Allocation Failure) 2021-01-22T19:40:29.327-0800: 91.809: [Tenured: 349304K->349538K(349568K), 0.0282234 secs] 506132K->395542K(506816K), [Metaspace: 2698K->2698K(1056768K)], 0.0283257 secs] [Times: user=0.03 sys=0.00, real=0.03 secs] 
2021-01-22T19:40:29.369-0800: 91.851: [Full GC (Allocation Failure) 2021-01-22T19:40:29.369-0800: 91.851: [Tenured: 349538K->349514K(349568K), 0.0378696 secs] 506642K->387026K(506816K), [Metaspace: 2698K->2698K(1056768K)], 0.0379787 secs] [Times: user=0.04 sys=0.00, real=0.04 secs] 
2021-01-22T19:40:29.421-0800: 91.903: [Full GC (Allocation Failure) 2021-01-22T19:40:29.421-0800: 91.903: [Tenured: 349514K->349463K(349568K), 0.0396756 secs] 506546K->389253K(506816K), [Metaspace: 2698K->2698K(1056768K)], 0.0397802 secs] [Times: user=0.04 sys=0.00, real=0.04 secs] 
2021-01-22T19:40:29.473-0800: 91.955: [Full GC (Allocation Failure) 2021-01-22T19:40:29.473-0800: 91.955: [Tenured: 349463K->349169K(349568K), 0.0458547 secs] 506634K->373302K(506816K), [Metaspace: 2698K->2698K(1056768K)], 0.0459539 secs] [Times: user=0.05 sys=0.00, real=0.04 secs] 
2021-01-22T19:40:29.545-0800: 92.027: [Full GC (Allocation Failure) 2021-01-22T19:40:29.545-0800: 92.027: [Tenured: 349169K->349536K(349568K), 0.0298587 secs] 506044K->392138K(506816K), [Metaspace: 2698K->2698K(1056768K)], 0.0299586 secs] [Times: user=0.03 sys=0.00, real=0.03 secs] 
2021-01-22T19:40:29.589-0800: 92.071: [Full GC (Allocation Failure) 2021-01-22T19:40:29.589-0800: 92.071: [Tenured: 349536K->349458K(349568K), 0.0389105 secs] 506570K->391365K(506816K), [Metaspace: 2698K->2698K(1056768K)], 0.0390222 secs] [Times: user=0.04 sys=0.00, real=0.04 secs] 
2021-01-22T19:40:29.643-0800: 92.124: [Full GC (Allocation Failure) 2021-01-22T19:40:29.643-0800: 92.125: [Tenured: 349458K->349446K(349568K), 0.0396429 secs] 506476K->393163K(506816K), [Metaspace: 2698K->2698K(1056768K)], 0.0397498 secs] [Times: user=0.04 sys=0.00, real=0.04 secs] 
2021-01-22T19:40:29.699-0800: 92.181: [Full GC (Allocation Failure) 2021-01-22T19:40:29.699-0800: 92.181: [Tenured: 349446K->349346K(349568K), 0.0470039 secs] 506562K->375889K(506816K), [Metaspace: 2698K->2698K(1056768K)], 0.0470884 secs] [Times: user=0.05 sys=0.00, real=0.05 secs] 
2021-01-22T19:40:29.761-0800: 92.243: [Full GC (Allocation Failure) 2021-01-22T19:40:29.762-0800: 92.243: [Tenured: 349346K->349361K(349568K), 0.0318585 secs] 506331K->389682K(506816K), [Metaspace: 2698K->2698K(1056768K)], 0.0319630 secs] [Times: user=0.03 sys=0.00, real=0.03 secs] 
2021-01-22T19:40:29.808-0800: 92.290: [Full GC (Allocation Failure) 2021-01-22T19:40:29.808-0800: 92.290: [Tenured: 349527K->349503K(349568K), 0.0375586 secs] 506707K->387902K(506816K), [Metaspace: 2698K->2698K(1056768K)], 0.0376810 secs] [Times: user=0.04 sys=0.00, real=0.04 secs] 
2021-01-22T19:40:29.860-0800: 92.342: [Full GC (Allocation Failure) 2021-01-22T19:40:29.860-0800: 92.342: [Tenured: 349503K->349296K(349568K), 0.0417351 secs] 506684K->386948K(506816K), [Metaspace: 2698K->2698K(1056768K)], 0.0418306 secs] [Times: user=0.04 sys=0.00, real=0.04 secs] 
2021-01-22T19:40:29.916-0800: 92.398: [Full GC (Allocation Failure) 2021-01-22T19:40:29.916-0800: 92.398: [Tenured: 349296K->349489K(349568K), 0.0453243 secs] 506341K->367630K(506816K), [Metaspace: 2698K->2698K(1056768K)], 0.0454136 secs] [Times: user=0.04 sys=0.00, real=0.05 secs] 
2021-01-22T19:40:29.979-0800: 92.461: [Full GC (Allocation Failure) 2021-01-22T19:40:29.979-0800: 92.461: [Tenured: 349489K->349541K(349568K), 0.0292484 secs] 506387K->390493K(506816K), [Metaspace: 2698K->2698K(1056768K)], 0.0293449 secs] [Times: user=0.03 sys=0.00, real=0.03 secs] 
2021-01-22T19:40:30.021-0800: 92.503: [Full GC (Allocation Failure) 2021-01-22T19:40:30.021-0800: 92.503: [Tenured: 349541K->349527K(349568K), 0.0381374 secs] 506788K->388484K(506816K), [Metaspace: 2698K->2698K(1056768K)], 0.0382393 secs] [Times: user=0.04 sys=0.00, real=0.03 secs] 
2021-01-22T19:40:30.073-0800: 92.555: [Full GC (Allocation Failure) 2021-01-22T19:40:30.073-0800: 92.555: [Tenured: 349527K->349449K(349568K), 0.0403094 secs] 506423K->390560K(506816K), [Metaspace: 2698K->2698K(1056768K)], 0.0404123 secs] [Times: user=0.04 sys=0.00, real=0.04 secs] 
2021-01-22T19:40:30.128-0800: 92.610: [Full GC (Allocation Failure) 2021-01-22T19:40:30.128-0800: 92.610: [Tenured: 349521K->349489K(349568K), 0.0455361 secs] 506724K->370066K(506816K), [Metaspace: 2698K->2698K(1056768K)], 0.0456338 secs] [Times: user=0.04 sys=0.00, real=0.05 secs] 
2021-01-22T19:40:30.191-0800: 92.673: [Full GC (Allocation Failure) 2021-01-22T19:40:30.191-0800: 92.673: [Tenured: 349543K->349467K(349568K), 0.0276924 secs] 506775K->387867K(506816K), [Metaspace: 2698K->2698K(1056768K)], 0.0277927 secs] [Times: user=0.02 sys=0.00, real=0.02 secs] 
2021-01-22T19:40:30.233-0800: 92.715: [Full GC (Allocation Failure) 2021-01-22T19:40:30.233-0800: 92.715: [Tenured: 349467K->349358K(349568K), 0.0362448 secs] 506436K->387804K(506816K), [Metaspace: 2698K->2698K(1056768K)], 0.0363389 secs] [Times: user=0.04 sys=0.00, real=0.03 secs] 
2021-01-22T19:40:30.283-0800: 92.765: [Full GC (Allocation Failure) 2021-01-22T19:40:30.283-0800: 92.765: [Tenured: 349504K->349458K(349568K), 0.0379661 secs] 506723K->394939K(506816K), [Metaspace: 2698K->2698K(1056768K)], 0.0380618 secs] [Times: user=0.04 sys=0.00, real=0.04 secs] 
2021-01-22T19:40:30.336-0800: 92.818: [Full GC (Allocation Failure) 2021-01-22T19:40:30.336-0800: 92.818: [Tenured: 349458K->349497K(349568K), 0.0450444 secs] 506440K->371450K(506816K), [Metaspace: 2698K->2698K(1056768K)], 0.0451396 secs] [Times: user=0.05 sys=0.00, real=0.05 secs] 
2021-01-22T19:40:30.397-0800: 92.879: [Full GC (Allocation Failure) 2021-01-22T19:40:30.397-0800: 92.879: [Tenured: 349497K->349521K(349568K), 0.0277398 secs] 506612K->391420K(506816K), [Metaspace: 2698K->2698K(1056768K)], 0.0278347 secs] [Times: user=0.03 sys=0.00, real=0.03 secs] 
2021-01-22T19:40:30.439-0800: 92.921: [Full GC (Allocation Failure) 2021-01-22T19:40:30.439-0800: 92.921: [Tenured: 349521K->349542K(349568K), 0.0356535 secs] 506728K->386777K(506816K), [Metaspace: 2698K->2698K(1056768K)], 0.0357514 secs] [Times: user=0.04 sys=0.00, real=0.04 secs] 
2021-01-22T19:40:30.489-0800: 92.971: [Full GC (Allocation Failure) 2021-01-22T19:40:30.489-0800: 92.971: [Tenured: 349542K->349180K(349568K), 0.0397090 secs] 506330K->388556K(506816K), [Metaspace: 2698K->2698K(1056768K)], 0.0398067 secs] [Times: user=0.04 sys=0.00, real=0.04 secs] 
2021-01-22T19:40:30.542-0800: 93.024: [Full GC (Allocation Failure) 2021-01-22T19:40:30.542-0800: 93.024: [Tenured: 349450K->349498K(349568K), 0.0461911 secs] 506695K->375915K(506816K), [Metaspace: 2698K->2698K(1056768K)], 0.0462837 secs] [Times: user=0.04 sys=0.00, real=0.04 secs] 
2021-01-22T19:40:30.604-0800: 93.086: [Full GC (Allocation Failure) 2021-01-22T19:40:30.604-0800: 93.086: [Tenured: 349498K->349171K(349568K), 0.0285197 secs] 506683K->388253K(506816K), [Metaspace: 2698K->2698K(1056768K)], 0.0286162 secs] [Times: user=0.03 sys=0.00, real=0.03 secs] 
2021-01-22T19:40:30.648-0800: 93.130: [Full GC (Allocation Failure) 2021-01-22T19:40:30.648-0800: 93.130: [Tenured: 349459K->349486K(349568K), 0.0363050 secs] 506676K->394557K(506816K), [Metaspace: 2698K->2698K(1056768K)], 0.0364043 secs] [Times: user=0.04 sys=0.00, real=0.04 secs] 
2021-01-22T19:40:30.698-0800: 93.180: [Full GC (Allocation Failure) 2021-01-22T19:40:30.698-0800: 93.180: [Tenured: 349486K->349263K(349568K), 0.0395727 secs] 506478K->391143K(506816K), [Metaspace: 2698K->2698K(1056768K)], 0.0396723 secs] [Times: user=0.04 sys=0.00, real=0.04 secs] 
2021-01-22T19:40:30.753-0800: 93.235: [Full GC (Allocation Failure) 2021-01-22T19:40:30.753-0800: 93.235: [Tenured: 349364K->349418K(349568K), 0.0468115 secs] 506569K->381035K(506816K), [Metaspace: 2698K->2698K(1056768K)], 0.0469048 secs] [Times: user=0.05 sys=0.00, real=0.05 secs] 
2021-01-22T19:40:30.814-0800: 93.296: [Full GC (Allocation Failure) 2021-01-22T19:40:30.814-0800: 93.296: [Tenured: 349418K->349117K(349568K), 0.0306913 secs] 506517K->395903K(506816K), [Metaspace: 2698K->2698K(1056768K)], 0.0307867 secs] [Times: user=0.03 sys=0.00, real=0.03 secs] 
2021-01-22T19:40:30.859-0800: 93.341: [Full GC (Allocation Failure) 2021-01-22T19:40:30.859-0800: 93.341: [Tenured: 349444K->348969K(349568K), 0.0380633 secs] 506674K->399147K(506816K), [Metaspace: 2698K->2698K(1056768K)], 0.0387755 secs] [Times: user=0.04 sys=0.00, real=0.04 secs] 
2021-01-22T19:40:30.911-0800: 93.393: [Full GC (Allocation Failure) 2021-01-22T19:40:30.911-0800: 93.393: [Tenured: 349500K->349374K(349568K), 0.0379387 secs] 506699K->384689K(506816K), [Metaspace: 2698K->2698K(1056768K)], 0.0380366 secs] [Times: user=0.04 sys=0.00, real=0.03 secs] 
2021-01-22T19:40:30.966-0800: 93.448: [Full GC (Allocation Failure) 2021-01-22T19:40:30.966-0800: 93.448: [Tenured: 349374K->349306K(349568K), 0.0446324 secs] 506518K->367129K(506816K), [Metaspace: 2698K->2698K(1056768K)], 0.0447343 secs] [Times: user=0.05 sys=0.00, real=0.05 secs] 
2021-01-22T19:40:31.027-0800: 93.509: [Full GC (Allocation Failure) 2021-01-22T19:40:31.027-0800: 93.509: [Tenured: 349537K->349545K(349568K), 0.0290076 secs] 506778K->380684K(506816K), [Metaspace: 2698K->2698K(1056768K)], 0.0291096 secs] [Times: user=0.02 sys=0.00, real=0.03 secs] 
2021-01-22T19:40:31.072-0800: 93.554: [Full GC (Allocation Failure) 2021-01-22T19:40:31.072-0800: 93.554: [Tenured: 349545K->349226K(349568K), 0.0395125 secs] 506784K->373203K(506816K), [Metaspace: 2698K->2698K(1056768K)], 0.0396116 secs] [Times: user=0.04 sys=0.00, real=0.04 secs] 
2021-01-22T19:40:31.127-0800: 93.609: [Full GC (Allocation Failure) 2021-01-22T19:40:31.127-0800: 93.609: [Tenured: 349365K->349264K(349568K), 0.0407831 secs] 506599K->376887K(506816K), [Metaspace: 2698K->2698K(1056768K)], 0.0408892 secs] [Times: user=0.04 sys=0.00, real=0.04 secs] 
2021-01-22T19:40:31.183-0800: 93.665: [Full GC (Allocation Failure) 2021-01-22T19:40:31.183-0800: 93.665: [Tenured: 349264K->349350K(349568K), 0.0441966 secs] 506137K->359505K(506816K), [Metaspace: 2698K->2698K(1056768K)], 0.0442942 secs] [Times: user=0.04 sys=0.00, real=0.04 secs] 
2021-01-22T19:40:31.245-0800: 93.727: [Full GC (Allocation Failure) 2021-01-22T19:40:31.245-0800: 93.727: [Tenured: 349566K->349512K(349568K), 0.0288637 secs] 506750K->375661K(506816K), [Metaspace: 2698K->2698K(1056768K)], 0.0289625 secs] [Times: user=0.03 sys=0.00, real=0.03 secs] 
2021-01-22T19:40:31.289-0800: 93.771: [Full GC (Allocation Failure) 2021-01-22T19:40:31.289-0800: 93.771: [Tenured: 349512K->349441K(349568K), 0.0382402 secs] 506531K->381024K(506816K), [Metaspace: 2698K->2698K(1056768K)], 0.0383344 secs] [Times: user=0.04 sys=0.00, real=0.04 secs] 
2021-01-22T19:40:31.342-0800: 93.824: [Full GC (Allocation Failure) 2021-01-22T19:40:31.342-0800: 93.824: [Tenured: 349513K->349400K(349568K), 0.0404454 secs] 506726K->382246K(506816K), [Metaspace: 2698K->2698K(1056768K)], 0.0405460 secs] [Times: user=0.04 sys=0.00, real=0.04 secs] 
2021-01-22T19:40:31.398-0800: 93.880: [Full GC (Allocation Failure) 2021-01-22T19:40:31.398-0800: 93.880: [Tenured: 349400K->349387K(349568K), 0.0445683 secs] 506627K->365036K(506816K), [Metaspace: 2698K->2698K(1056768K)], 0.0446729 secs] [Times: user=0.05 sys=0.00, real=0.05 secs] 
2021-01-22T19:40:31.460-0800: 93.942: [Full GC (Allocation Failure) 2021-01-22T19:40:31.460-0800: 93.942: [Tenured: 349387K->349076K(349568K), 0.0290788 secs] 506129K->383286K(506816K), [Metaspace: 2698K->2698K(1056768K)], 0.0291853 secs] [Times: user=0.03 sys=0.00, real=0.02 secs] 
2021-01-22T19:40:31.504-0800: 93.986: [Full GC (Allocation Failure) 2021-01-22T19:40:31.504-0800: 93.986: [Tenured: 349076K->349389K(349568K), 0.0366611 secs] 505974K->386955K(506816K), [Metaspace: 2698K->2698K(1056768K)], 0.0367758 secs] [Times: user=0.03 sys=0.00, real=0.04 secs] 
2021-01-22T19:40:31.557-0800: 94.039: [Full GC (Allocation Failure) 2021-01-22T19:40:31.557-0800: 94.039: [Tenured: 349389K->349179K(349568K), 0.0399252 secs] 506414K->381426K(506816K), [Metaspace: 2698K->2698K(1056768K)], 0.0400217 secs] [Times: user=0.04 sys=0.00, real=0.04 secs] 
2021-01-22T19:40:31.612-0800: 94.094: [Full GC (Allocation Failure) 2021-01-22T19:40:31.612-0800: 94.094: [Tenured: 349179K->349383K(349568K), 0.0437195 secs] 506017K->360522K(506816K), [Metaspace: 2698K->2698K(1056768K)], 0.0438240 secs] [Times: user=0.05 sys=0.00, real=0.04 secs] 
2021-01-22T19:40:31.673-0800: 94.155: [Full GC (Allocation Failure) 2021-01-22T19:40:31.673-0800: 94.155: [Tenured: 349383K->349410K(349568K), 0.0311330 secs] 506427K->377108K(506816K), [Metaspace: 2698K->2698K(1056768K)], 0.0312380 secs] [Times: user=0.03 sys=0.00, real=0.03 secs] 
2021-01-22T19:40:31.719-0800: 94.201: [Full GC (Allocation Failure) 2021-01-22T19:40:31.719-0800: 94.201: [Tenured: 349410K->349291K(349568K), 0.0368074 secs] 506626K->380474K(506816K), [Metaspace: 2698K->2698K(1056768K)], 0.0369122 secs] [Times: user=0.04 sys=0.00, real=0.04 secs] 
2021-01-22T19:40:31.771-0800: 94.253: [Full GC (Allocation Failure) 2021-01-22T19:40:31.771-0800: 94.253: [Tenured: 349500K->349447K(349568K), 0.0404405 secs] 506729K->384691K(506816K), [Metaspace: 2698K->2698K(1056768K)], 0.0405369 secs] [Times: user=0.04 sys=0.01, real=0.04 secs] 
2021-01-22T19:40:31.825-0800: 94.307: [Full GC (Allocation Failure) 2021-01-22T19:40:31.825-0800: 94.307: [Tenured: 349447K->349550K(349568K), 0.0453081 secs] 506655K->361897K(506816K), [Metaspace: 2698K->2698K(1056768K)], 0.0454099 secs] [Times: user=0.04 sys=0.00, real=0.05 secs] 
2021-01-22T19:40:31.887-0800: 94.369: [Full GC (Allocation Failure) 2021-01-22T19:40:31.888-0800: 94.370: [Tenured: 349550K->349510K(349568K), 0.0274901 secs] 506762K->380631K(506816K), [Metaspace: 2698K->2698K(1056768K)], 0.0275965 secs] [Times: user=0.03 sys=0.00, real=0.03 secs] 
2021-01-22T19:40:31.930-0800: 94.412: [Full GC (Allocation Failure) 2021-01-22T19:40:31.930-0800: 94.412: [Tenured: 349510K->349449K(349568K), 0.0404517 secs] 506740K->383630K(506816K), [Metaspace: 2698K->2698K(1056768K)], 0.0405439 secs] [Times: user=0.04 sys=0.00, real=0.04 secs] 
2021-01-22T19:40:31.986-0800: 94.468: [Full GC (Allocation Failure) 2021-01-22T19:40:31.986-0800: 94.468: [Tenured: 349449K->349398K(349568K), 0.0403356 secs] 506521K->380920K(506816K), [Metaspace: 2698K->2698K(1056768K)], 0.0404317 secs] [Times: user=0.04 sys=0.00, real=0.04 secs] 
2021-01-22T19:40:32.042-0800: 94.524: [Full GC (Allocation Failure) 2021-01-22T19:40:32.042-0800: 94.524: [Tenured: 349398K->349522K(349568K), 0.0442922 secs] 506580K->362847K(506816K), [Metaspace: 2698K->2698K(1056768K)], 0.0443847 secs] [Times: user=0.05 sys=0.00, real=0.04 secs] 
2021-01-22T19:40:32.104-0800: 94.586: [Full GC (Allocation Failure) 2021-01-22T19:40:32.104-0800: 94.586: [Tenured: 349553K->349292K(349568K), 0.0320229 secs] 506798K->381973K(506816K), [Metaspace: 2698K->2698K(1056768K)], 0.0321144 secs] [Times: user=0.04 sys=0.00, real=0.03 secs] 
2021-01-22T19:40:32.154-0800: 94.636: [Full GC (Allocation Failure) 2021-01-22T19:40:32.154-0800: 94.636: [Tenured: 349436K->349545K(349568K), 0.0381660 secs] 506654K->380309K(506816K), [Metaspace: 2698K->2698K(1056768K)], 0.0382769 secs] [Times: user=0.04 sys=0.00, real=0.04 secs] 
2021-01-22T19:40:32.208-0800: 94.690: [Full GC (Allocation Failure) 2021-01-22T19:40:32.208-0800: 94.690: [Tenured: 349545K->349153K(349568K), 0.0386638 secs] 506786K->380144K(506816K), [Metaspace: 2698K->2698K(1056768K)], 0.0387633 secs] [Times: user=0.03 sys=0.00, real=0.04 secs] 
2021-01-22T19:40:32.261-0800: 94.743: [Full GC (Allocation Failure) 2021-01-22T19:40:32.261-0800: 94.744: [Tenured: 349153K->349556K(349568K), 0.0460341 secs] 506279K->372178K(506816K), [Metaspace: 2698K->2698K(1056768K)], 0.0461367 secs] [Times: user=0.04 sys=0.00, real=0.04 secs] 
2021-01-22T19:40:32.323-0800: 94.805: [Full GC (Allocation Failure) 2021-01-22T19:40:32.323-0800: 94.805: [Tenured: 349556K->349527K(349568K), 0.0294231 secs] 506498K->390815K(506816K), [Metaspace: 2698K->2698K(1056768K)], 0.0295243 secs] [Times: user=0.03 sys=0.00, real=0.03 secs] 
2021-01-22T19:40:32.366-0800: 94.848: [Full GC (Allocation Failure) 2021-01-22T19:40:32.366-0800: 94.848: [Tenured: 349527K->349303K(349568K), 0.0365751 secs] 506155K->388082K(506816K), [Metaspace: 2698K->2698K(1056768K)], 0.0366669 secs] [Times: user=0.04 sys=0.00, real=0.04 secs] 
2021-01-22T19:40:32.417-0800: 94.899: [Full GC (Allocation Failure) 2021-01-22T19:40:32.417-0800: 94.899: [Tenured: 349303K->349309K(349568K), 0.0399935 secs] 506481K->382826K(506816K), [Metaspace: 2698K->2698K(1056768K)], 0.0400960 secs] [Times: user=0.04 sys=0.00, real=0.04 secs] 
2021-01-22T19:40:32.472-0800: 94.954: [Full GC (Allocation Failure) 2021-01-22T19:40:32.472-0800: 94.954: [Tenured: 349453K->349564K(349568K), 0.0445219 secs] 506575K->359987K(506816K), [Metaspace: 2698K->2698K(1056768K)], 0.0446277 secs] [Times: user=0.04 sys=0.00, real=0.04 secs] 
2021-01-22T19:40:32.534-0800: 95.016: [Full GC (Allocation Failure) 2021-01-22T19:40:32.534-0800: 95.016: [Tenured: 349564K->349540K(349568K), 0.0308551 secs] 506801K->373421K(506816K), [Metaspace: 2698K->2698K(1056768K)], 0.0309587 secs] [Times: user=0.03 sys=0.00, real=0.03 secs] 
2021-01-22T19:40:32.581-0800: 95.063: [Full GC (Allocation Failure) 2021-01-22T19:40:32.581-0800: 95.063: [Tenured: 349540K->349561K(349568K), 0.0377375 secs] 506779K->379359K(506816K), [Metaspace: 2698K->2698K(1056768K)], 0.0378343 secs] [Times: user=0.03 sys=0.00, real=0.03 secs] 
2021-01-22T19:40:32.634-0800: 95.116: [Full GC (Allocation Failure) 2021-01-22T19:40:32.634-0800: 95.116: [Tenured: 349561K->349292K(349568K), 0.0398116 secs] 506453K->383518K(506816K), [Metaspace: 2698K->2698K(1056768K)], 0.0399099 secs] [Times: user=0.04 sys=0.00, real=0.04 secs] 
2021-01-22T19:40:32.688-0800: 95.170: [Full GC (Allocation Failure) 2021-01-22T19:40:32.688-0800: 95.171: [Tenured: 349477K->349000K(349568K), 0.0450301 secs] 506690K->366675K(506816K), [Metaspace: 2698K->2698K(1056768K)], 0.0451301 secs] [Times: user=0.05 sys=0.00, real=0.05 secs] 
2021-01-22T19:40:32.750-0800: 95.232: [Full GC (Allocation Failure) 2021-01-22T19:40:32.750-0800: 95.232: [Tenured: 349524K->349110K(349568K), 0.0290979 secs] 506769K->380948K(506816K), [Metaspace: 2698K->2698K(1056768K)], 0.0291907 secs] [Times: user=0.03 sys=0.00, real=0.03 secs] 
2021-01-22T19:40:32.795-0800: 95.277: [Full GC (Allocation Failure) 2021-01-22T19:40:32.795-0800: 95.277: [Tenured: 349110K->349493K(349568K), 0.0364427 secs] 505822K->384802K(506816K), [Metaspace: 2698K->2698K(1056768K)], 0.0365376 secs] [Times: user=0.04 sys=0.00, real=0.04 secs] 
2021-01-22T19:40:32.848-0800: 95.330: [Full GC (Allocation Failure) 2021-01-22T19:40:32.848-0800: 95.330: [Tenured: 349493K->349472K(349568K), 0.0395563 secs] 506619K->381002K(506816K), [Metaspace: 2698K->2698K(1056768K)], 0.0396638 secs] [Times: user=0.04 sys=0.00, real=0.04 secs] 
2021-01-22T19:40:32.903-0800: 95.385: [Full GC (Allocation Failure) 2021-01-22T19:40:32.903-0800: 95.385: [Tenured: 349472K->349547K(349568K), 0.0444099 secs] 506639K->364221K(506816K), [Metaspace: 2698K->2698K(1056768K)], 0.0445068 secs] [Times: user=0.04 sys=0.00, real=0.04 secs] 
2021-01-22T19:40:32.964-0800: 95.446: [Full GC (Allocation Failure) 2021-01-22T19:40:32.964-0800: 95.447: [Tenured: 349547K->349230K(349568K), 0.0299662 secs] 506568K->387951K(506816K), [Metaspace: 2698K->2698K(1056768K)], 0.0300673 secs] [Times: user=0.03 sys=0.00, real=0.03 secs] 
2021-01-22T19:40:33.009-0800: 95.491: [Full GC (Allocation Failure) 2021-01-22T19:40:33.009-0800: 95.491: [Tenured: 349230K->349299K(349568K), 0.0351693 secs] 506332K->385761K(506816K), [Metaspace: 2698K->2698K(1056768K)], 0.0352696 secs] [Times: user=0.04 sys=0.00, real=0.04 secs] 
2021-01-22T19:40:33.062-0800: 95.544: [Full GC (Allocation Failure) 2021-01-22T19:40:33.062-0800: 95.544: [Tenured: 349299K->349539K(349568K), 0.0396399 secs] 506331K->387605K(506816K), [Metaspace: 2698K->2698K(1056768K)], 0.0397351 secs] [Times: user=0.04 sys=0.00, real=0.04 secs] 
2021-01-22T19:40:33.116-0800: 95.598: [Full GC (Allocation Failure) 2021-01-22T19:40:33.116-0800: 95.598: [Tenured: 349539K->349245K(349568K), 0.0457535 secs] 506772K->367972K(506816K), [Metaspace: 2698K->2698K(1056768K)], 0.0458501 secs] [Times: user=0.04 sys=0.00, real=0.05 secs] 
2021-01-22T19:40:33.179-0800: 95.661: [Full GC (Allocation Failure) 2021-01-22T19:40:33.179-0800: 95.661: [Tenured: 349563K->349320K(349568K), 0.0273757 secs] 506807K->383906K(506816K), [Metaspace: 2698K->2698K(1056768K)], 0.0274764 secs] [Times: user=0.03 sys=0.00, real=0.03 secs] 
2021-01-22T19:40:33.220-0800: 95.702: [Full GC (Allocation Failure) 2021-01-22T19:40:33.220-0800: 95.702: [Tenured: 349320K->349534K(349568K), 0.0375476 secs] 506368K->387317K(506816K), [Metaspace: 2698K->2698K(1056768K)], 0.0376519 secs] [Times: user=0.04 sys=0.00, real=0.03 secs] 
2021-01-22T19:40:33.272-0800: 95.754: [Full GC (Allocation Failure) 2021-01-22T19:40:33.272-0800: 95.754: [Tenured: 349534K->349080K(349568K), 0.0383128 secs] 506683K->372818K(506816K), [Metaspace: 2698K->2698K(1056768K)], 0.0384138 secs] [Times: user=0.04 sys=0.00, real=0.04 secs] 
2021-01-22T19:40:33.327-0800: 95.809: [Full GC (Allocation Failure) 2021-01-22T19:40:33.327-0800: 95.809: [Tenured: 349460K->349524K(349568K), 0.0446494 secs] 506704K->355106K(506816K), [Metaspace: 2698K->2698K(1056768K)], 0.0447509 secs] [Times: user=0.04 sys=0.00, real=0.05 secs] 
2021-01-22T19:40:33.389-0800: 95.871: [Full GC (Allocation Failure) 2021-01-22T19:40:33.389-0800: 95.872: [Tenured: 349524K->349089K(349568K), 0.0307457 secs] 506756K->379769K(506816K), [Metaspace: 2698K->2698K(1056768K)], 0.0308475 secs] [Times: user=0.03 sys=0.00, real=0.04 secs] 
2021-01-22T19:40:33.436-0800: 95.918: [Full GC (Allocation Failure) 2021-01-22T19:40:33.436-0800: 95.918: [Tenured: 349522K->349547K(349568K), 0.0377106 secs] 506645K->378437K(506816K), [Metaspace: 2698K->2698K(1056768K)], 0.0378104 secs] [Times: user=0.04 sys=0.00, real=0.04 secs] 
2021-01-22T19:40:33.489-0800: 95.971: [Full GC (Allocation Failure) 2021-01-22T19:40:33.489-0800: 95.971: [Tenured: 349547K->349224K(349568K), 0.0378879 secs] 506583K->380263K(506816K), [Metaspace: 2698K->2698K(1056768K)], 0.0379863 secs] [Times: user=0.03 sys=0.00, real=0.04 secs] 
2021-01-22T19:40:33.542-0800: 96.024: [Full GC (Allocation Failure) 2021-01-22T19:40:33.542-0800: 96.024: [Tenured: 349224K->349545K(349568K), 0.0456663 secs] 506282K->366931K(506816K), [Metaspace: 2698K->2698K(1056768K)], 0.0457669 secs] [Times: user=0.04 sys=0.00, real=0.04 secs] 
2021-01-22T19:40:33.605-0800: 96.087: [Full GC (Allocation Failure) 2021-01-22T19:40:33.605-0800: 96.087: [Tenured: 349545K->349444K(349568K), 0.0306514 secs] 506284K->385421K(506816K), [Metaspace: 2698K->2698K(1056768K)], 0.0307505 secs] [Times: user=0.03 sys=0.01, real=0.03 secs] 
2021-01-22T19:40:33.650-0800: 96.132: [Full GC (Allocation Failure) 2021-01-22T19:40:33.650-0800: 96.133: [Tenured: 349444K->349481K(349568K), 0.0381434 secs] 506471K->384534K(506816K), [Metaspace: 2698K->2698K(1056768K)], 0.0382478 secs] [Times: user=0.03 sys=0.00, real=0.03 secs] 
2021-01-22T19:40:33.703-0800: 96.185: [Full GC (Allocation Failure) 2021-01-22T19:40:33.703-0800: 96.185: [Tenured: 349481K->349328K(349568K), 0.0401902 secs] 506593K->383664K(506816K), [Metaspace: 2698K->2698K(1056768K)], 0.0402840 secs] [Times: user=0.04 sys=0.00, real=0.04 secs] 
2021-01-22T19:40:33.757-0800: 96.240: [Full GC (Allocation Failure) 2021-01-22T19:40:33.758-0800: 96.240: [Tenured: 349540K->349407K(349568K), 0.0455543 secs] 506786K->368261K(506816K), [Metaspace: 2698K->2698K(1056768K)], 0.0456485 secs] [Times: user=0.05 sys=0.00, real=0.05 secs] 
2021-01-22T19:40:33.820-0800: 96.302: [Full GC (Allocation Failure) 2021-01-22T19:40:33.820-0800: 96.302: [Tenured: 349407K->349357K(349568K), 0.0308778 secs] 506409K->394167K(506816K), [Metaspace: 2698K->2698K(1056768K)], 0.0309746 secs] [Times: user=0.03 sys=0.00, real=0.03 secs] 
2021-01-22T19:40:33.864-0800: 96.346: [Full GC (Allocation Failure) 2021-01-22T19:40:33.864-0800: 96.346: [Tenured: 349357K->349554K(349568K), 0.0374366 secs] 506596K->387855K(506816K), [Metaspace: 2698K->2698K(1056768K)], 0.0375343 secs] [Times: user=0.03 sys=0.00, real=0.04 secs] 
2021-01-22T19:40:33.916-0800: 96.398: [Full GC (Allocation Failure) 2021-01-22T19:40:33.916-0800: 96.398: [Tenured: 349554K->349355K(349568K), 0.0392120 secs] 506707K->386035K(506816K), [Metaspace: 2698K->2698K(1056768K)], 0.0393117 secs] [Times: user=0.04 sys=0.00, real=0.04 secs] 
2021-01-22T19:40:33.970-0800: 96.452: [Full GC (Allocation Failure) 2021-01-22T19:40:33.970-0800: 96.453: [Tenured: 349355K->349396K(349568K), 0.0452092 secs] 506352K->370456K(506816K), [Metaspace: 2698K->2698K(1056768K)], 0.0453041 secs] [Times: user=0.05 sys=0.00, real=0.04 secs] 
2021-01-22T19:40:34.033-0800: 96.515: [Full GC (Allocation Failure) 2021-01-22T19:40:34.033-0800: 96.515: [Tenured: 349396K->349478K(349568K), 0.0269885 secs] 506642K->385897K(506816K), [Metaspace: 2698K->2698K(1056768K)], 0.0270842 secs] [Times: user=0.02 sys=0.00, real=0.03 secs] 
2021-01-22T19:40:34.074-0800: 96.557: [Full GC (Allocation Failure) 2021-01-22T19:40:34.074-0800: 96.557: [Tenured: 349551K->349546K(349568K), 0.0364612 secs] 506795K->385301K(506816K), [Metaspace: 2698K->2698K(1056768K)], 0.0365600 secs] [Times: user=0.03 sys=0.00, real=0.04 secs] 
2021-01-22T19:40:34.126-0800: 96.608: [Full GC (Allocation Failure) 2021-01-22T19:40:34.126-0800: 96.608: [Tenured: 349546K->349529K(349568K), 0.0409331 secs] 506279K->382544K(506816K), [Metaspace: 2698K->2698K(1056768K)], 0.0410274 secs] [Times: user=0.04 sys=0.00, real=0.04 secs] 
2021-01-22T19:40:34.181-0800: 96.664: [Full GC (Allocation Failure) 2021-01-22T19:40:34.182-0800: 96.664: [Tenured: 349529K->349487K(349568K), 0.0460043 secs] 506529K->365391K(506816K), [Metaspace: 2698K->2698K(1056768K)], 0.0462692 secs] [Times: user=0.05 sys=0.00, real=0.04 secs] 
2021-01-22T19:40:34.245-0800: 96.727: [Full GC (Allocation Failure) 2021-01-22T19:40:34.245-0800: 96.727: [Tenured: 349487K->349227K(349568K), 0.0299359 secs] 506697K->385588K(506816K), [Metaspace: 2698K->2698K(1056768K)], 0.0300405 secs] [Times: user=0.03 sys=0.00, real=0.03 secs] 
2021-01-22T19:40:34.290-0800: 96.772: [Full GC (Allocation Failure) 2021-01-22T19:40:34.290-0800: 96.772: [Tenured: 349563K->349181K(349568K), 0.0373479 secs] 506803K->384781K(506816K), [Metaspace: 2698K->2698K(1056768K)], 0.0374636 secs] [Times: user=0.04 sys=0.00, real=0.03 secs] 
2021-01-22T19:40:34.342-0800: 96.824: [Full GC (Allocation Failure) 2021-01-22T19:40:34.342-0800: 96.824: [Tenured: 349181K->349420K(349568K), 0.0386763 secs] 506073K->387499K(506816K), [Metaspace: 2698K->2698K(1056768K)], 0.0387716 secs] [Times: user=0.04 sys=0.00, real=0.04 secs] 
2021-01-22T19:40:34.395-0800: 96.877: [Full GC (Allocation Failure) 2021-01-22T19:40:34.395-0800: 96.877: [Tenured: 349420K->349486K(349568K), 0.0455274 secs] 506463K->375750K(506816K), [Metaspace: 2698K->2698K(1056768K)], 0.0456318 secs] [Times: user=0.04 sys=0.00, real=0.05 secs] 
2021-01-22T19:40:34.457-0800: 96.939: [Full GC (Allocation Failure) 2021-01-22T19:40:34.457-0800: 96.939: [Tenured: 349486K->349492K(349568K), 0.0298330 secs] 506615K->395313K(506816K), [Metaspace: 2698K->2698K(1056768K)], 0.0299326 secs] [Times: user=0.03 sys=0.00, real=0.03 secs] 
2021-01-22T19:40:34.501-0800: 96.983: [Full GC (Allocation Failure) 2021-01-22T19:40:34.501-0800: 96.983: [Tenured: 349551K->349327K(349568K), 0.0362563 secs] 506789K->389031K(506816K), [Metaspace: 2698K->2698K(1056768K)], 0.0363534 secs] [Times: user=0.04 sys=0.00, real=0.03 secs] 
2021-01-22T19:40:34.552-0800: 97.034: [Full GC (Allocation Failure) 2021-01-22T19:40:34.552-0800: 97.034: [Tenured: 349327K->349444K(349568K), 0.0381572 secs] 506173K->382902K(506816K), [Metaspace: 2698K->2698K(1056768K)], 0.0382574 secs] [Times: user=0.04 sys=0.00, real=0.04 secs] 
2021-01-22T19:40:34.606-0800: 97.088: [Full GC (Allocation Failure) 2021-01-22T19:40:34.606-0800: 97.088: [Tenured: 349444K->349455K(349568K), 0.0435841 secs] 506491K->359945K(506816K), [Metaspace: 2698K->2698K(1056768K)], 0.0436817 secs] [Times: user=0.05 sys=0.00, real=0.05 secs] 
2021-01-22T19:40:34.667-0800: 97.149: [Full GC (Allocation Failure) 2021-01-22T19:40:34.667-0800: 97.149: [Tenured: 349455K->349255K(349568K), 0.0302510 secs] 506548K->379811K(506816K), [Metaspace: 2698K->2698K(1056768K)], 0.0303489 secs] [Times: user=0.03 sys=0.00, real=0.03 secs] 
2021-01-22T19:40:34.713-0800: 97.195: [Full GC (Allocation Failure) 2021-01-22T19:40:34.713-0800: 97.195: [Tenured: 349515K->349434K(349568K), 0.0359339 secs] 506760K->379058K(506816K), [Metaspace: 2698K->2698K(1056768K)], 0.0360303 secs] [Times: user=0.04 sys=0.00, real=0.03 secs] 
2021-01-22T19:40:34.764-0800: 97.246: [Full GC (Allocation Failure) 2021-01-22T19:40:34.764-0800: 97.246: [Tenured: 349434K->349519K(349568K), 0.0379122 secs] 506424K->377877K(506816K), [Metaspace: 2698K->2698K(1056768K)], 0.0380041 secs] [Times: user=0.04 sys=0.00, real=0.04 secs] 
2021-01-22T19:40:34.816-0800: 97.298: [Full GC (Allocation Failure) 2021-01-22T19:40:34.816-0800: 97.298: [Tenured: 349519K->349015K(349568K), 0.0449623 secs] 506362K->365397K(506816K), [Metaspace: 2698K->2698K(1056768K)], 0.0450757 secs] [Times: user=0.05 sys=0.00, real=0.05 secs] 
2021-01-22T19:40:34.878-0800: 97.360: [Full GC (Allocation Failure) 2021-01-22T19:40:34.878-0800: 97.360: [Tenured: 349546K->349353K(349568K), 0.0291967 secs] 506520K->389297K(506816K), [Metaspace: 2698K->2698K(1056768K)], 0.0292908 secs] [Times: user=0.02 sys=0.00, real=0.03 secs] 
2021-01-22T19:40:34.921-0800: 97.403: [Full GC (Allocation Failure) 2021-01-22T19:40:34.921-0800: 97.403: [Tenured: 349353K->349431K(349568K), 0.0390370 secs] 505907K->392775K(506816K), [Metaspace: 2698K->2698K(1056768K)], 0.0391364 secs] [Times: user=0.04 sys=0.00, real=0.04 secs] 
2021-01-22T19:40:34.975-0800: 97.457: [Full GC (Allocation Failure) 2021-01-22T19:40:34.975-0800: 97.457: [Tenured: 349523K->349556K(349568K), 0.0403313 secs] 506761K->392051K(506816K), [Metaspace: 2698K->2698K(1056768K)], 0.0404249 secs] [Times: user=0.04 sys=0.00, real=0.04 secs] 
2021-01-22T19:40:35.029-0800: 97.511: [Full GC (Allocation Failure) 2021-01-22T19:40:35.029-0800: 97.511: [Tenured: 349556K->349335K(349568K), 0.0486940 secs] 506659K->373515K(506816K), [Metaspace: 2698K->2698K(1056768K)], 0.0487932 secs] [Times: user=0.04 sys=0.00, real=0.05 secs] 
2021-01-22T19:40:35.093-0800: 97.575: [Full GC (Allocation Failure) 2021-01-22T19:40:35.093-0800: 97.575: [Tenured: 349551K->349539K(349568K), 0.0294058 secs] 506781K->398377K(506816K), [Metaspace: 2698K->2698K(1056768K)], 0.0295281 secs] [Times: user=0.03 sys=0.00, real=0.03 secs] 
2021-01-22T19:40:35.135-0800: 97.618: [Full GC (Allocation Failure) 2021-01-22T19:40:35.136-0800: 97.618: [Tenured: 349539K->349205K(349568K), 0.0392012 secs] 506742K->398310K(506816K), [Metaspace: 2698K->2698K(1056768K)], 0.0393035 secs] [Times: user=0.04 sys=0.00, real=0.04 secs] 
2021-01-22T19:40:35.188-0800: 97.670: [Full GC (Allocation Failure) 2021-01-22T19:40:35.188-0800: 97.670: [Tenured: 349205K->349418K(349568K), 0.0400477 secs] 506395K->396886K(506816K), [Metaspace: 2698K->2698K(1056768K)], 0.0401436 secs] [Times: user=0.04 sys=0.00, real=0.04 secs] 
2021-01-22T19:40:35.242-0800: 97.724: [Full GC (Allocation Failure) 2021-01-22T19:40:35.242-0800: 97.724: [Tenured: 349418K->349552K(349568K), 0.0465376 secs] 506497K->381348K(506816K), [Metaspace: 2698K->2698K(1056768K)], 0.0466373 secs] [Times: user=0.04 sys=0.00, real=0.04 secs] 
2021-01-22T19:40:35.304-0800: 97.787: [Full GC (Allocation Failure) 2021-01-22T19:40:35.304-0800: 97.787: [Tenured: 349552K->349493K(349568K), 0.0295462 secs] 506793K->404177K(506816K), [Metaspace: 2698K->2698K(1056768K)], 0.0296459 secs] [Times: user=0.03 sys=0.00, real=0.03 secs] 
2021-01-22T19:40:35.347-0800: 97.829: [Full GC (Allocation Failure) 2021-01-22T19:40:35.347-0800: 97.829: [Tenured: 349529K->349143K(349568K), 0.0374386 secs] 506748K->398736K(506816K), [Metaspace: 2698K->2698K(1056768K)], 0.0375372 secs] [Times: user=0.04 sys=0.00, real=0.04 secs] 
2021-01-22T19:40:35.397-0800: 97.879: [Full GC (Allocation Failure) 2021-01-22T19:40:35.397-0800: 97.879: [Tenured: 349353K->349535K(349568K), 0.0401663 secs] 506592K->401971K(506816K), [Metaspace: 2698K->2698K(1056768K)], 0.0402645 secs] [Times: user=0.04 sys=0.00, real=0.04 secs] 
2021-01-22T19:40:35.450-0800: 97.932: [Full GC (Allocation Failure) 2021-01-22T19:40:35.450-0800: 97.932: [Tenured: 349535K->349216K(349568K), 0.0472127 secs] 506642K->388231K(506816K), [Metaspace: 2698K->2698K(1056768K)], 0.0473136 secs] [Times: user=0.05 sys=0.00, real=0.04 secs] 
2021-01-22T19:40:35.511-0800: 97.993: [Full GC (Allocation Failure) 2021-01-22T19:40:35.511-0800: 97.993: [Tenured: 349216K->349549K(349568K), 0.0305571 secs] 506400K->403953K(506816K), [Metaspace: 2698K->2698K(1056768K)], 0.0306586 secs] [Times: user=0.04 sys=0.00, real=0.03 secs] 
2021-01-22T19:40:35.554-0800: 98.037: [Full GC (Allocation Failure) 2021-01-22T19:40:35.554-0800: 98.037: [Tenured: 349549K->349516K(349568K), 0.0364037 secs] 506688K->397503K(506816K), [Metaspace: 2698K->2698K(1056768K)], 0.0364973 secs] [Times: user=0.03 sys=0.00, real=0.04 secs] 
2021-01-22T19:40:35.604-0800: 98.086: [Full GC (Allocation Failure) 2021-01-22T19:40:35.604-0800: 98.087: [Tenured: 349516K->349499K(349568K), 0.0395340 secs] 506419K->399853K(506816K), [Metaspace: 2698K->2698K(1056768K)], 0.0396311 secs] [Times: user=0.04 sys=0.00, real=0.04 secs] 
2021-01-22T19:40:35.657-0800: 98.139: [Full GC (Allocation Failure) 2021-01-22T19:40:35.657-0800: 98.140: [Tenured: 349499K->349544K(349568K), 0.0468319 secs] 506693K->385086K(506816K), [Metaspace: 2698K->2698K(1056768K)], 0.0469304 secs] [Times: user=0.05 sys=0.01, real=0.05 secs] 
2021-01-22T19:40:35.719-0800: 98.202: [Full GC (Allocation Failure) 2021-01-22T19:40:35.720-0800: 98.202: [Tenured: 349544K->349275K(349568K), 0.0286037 secs] 506766K->401428K(506816K), [Metaspace: 2698K->2698K(1056768K)], 0.0286921 secs] [Times: user=0.03 sys=0.00, real=0.03 secs] 
2021-01-22T19:40:35.761-0800: 98.244: [Full GC (Allocation Failure) 2021-01-22T19:40:35.761-0800: 98.244: [Tenured: 349418K->349310K(349568K), 0.0376277 secs] 506595K->399942K(506816K), [Metaspace: 2698K->2698K(1056768K)], 0.0377244 secs] [Times: user=0.04 sys=0.00, real=0.03 secs] 
2021-01-22T19:40:35.812-0800: 98.295: [Full GC (Allocation Failure) 2021-01-22T19:40:35.812-0800: 98.295: [Tenured: 349310K->349178K(349568K), 0.0414409 secs] 505972K->398998K(506816K), [Metaspace: 2698K->2698K(1056768K)], 0.0415401 secs] [Times: user=0.05 sys=0.00, real=0.04 secs] 
2021-01-22T19:40:35.867-0800: 98.349: [Full GC (Allocation Failure) 2021-01-22T19:40:35.867-0800: 98.349: [Tenured: 349178K->349558K(349568K), 0.0458650 secs] 506184K->377878K(506816K), [Metaspace: 2698K->2698K(1056768K)], 0.0459617 secs] [Times: user=0.04 sys=0.00, real=0.05 secs] 
2021-01-22T19:40:35.928-0800: 98.410: [Full GC (Allocation Failure) 2021-01-22T19:40:35.928-0800: 98.410: [Tenured: 349558K->349333K(349568K), 0.0322604 secs] 506258K->390957K(506816K), [Metaspace: 2698K->2698K(1056768K)], 0.0323577 secs] [Times: user=0.03 sys=0.00, real=0.04 secs] 
2021-01-22T19:40:35.975-0800: 98.457: [Full GC (Allocation Failure) 2021-01-22T19:40:35.975-0800: 98.457: [Tenured: 349527K->349423K(349568K), 0.0371784 secs] 506762K->387044K(506816K), [Metaspace: 2698K->2698K(1056768K)], 0.0372795 secs] [Times: user=0.04 sys=0.00, real=0.04 secs] 
2021-01-22T19:40:36.027-0800: 98.509: [Full GC (Allocation Failure) 2021-01-22T19:40:36.027-0800: 98.509: [Tenured: 349525K->349494K(349568K), 0.0400003 secs] 506745K->388598K(506816K), [Metaspace: 2698K->2698K(1056768K)], 0.0401031 secs] [Times: user=0.04 sys=0.00, real=0.04 secs] 
2021-01-22T19:40:36.082-0800: 98.564: [Full GC (Allocation Failure) 2021-01-22T19:40:36.082-0800: 98.564: [Tenured: 349494K->349448K(349568K), 0.0481879 secs] 506715K->372031K(506816K), [Metaspace: 2698K->2698K(1056768K)], 0.0482888 secs] [Times: user=0.05 sys=0.00, real=0.05 secs] 
2021-01-22T19:40:36.145-0800: 98.628: [Full GC (Allocation Failure) 2021-01-22T19:40:36.145-0800: 98.628: [Tenured: 349448K->349474K(349568K), 0.0332275 secs] 506406K->389446K(506816K), [Metaspace: 2698K->2698K(1056768K)], 0.0333219 secs] [Times: user=0.03 sys=0.00, real=0.03 secs] 
2021-01-22T19:40:36.192-0800: 98.675: [Full GC (Allocation Failure) 2021-01-22T19:40:36.192-0800: 98.675: [Tenured: 349474K->349514K(349568K), 0.0381348 secs] 506717K->394028K(506816K), [Metaspace: 2698K->2698K(1056768K)], 0.0382288 secs] [Times: user=0.04 sys=0.00, real=0.04 secs] 
2021-01-22T19:40:36.244-0800: 98.727: [Full GC (Allocation Failure) 2021-01-22T19:40:36.244-0800: 98.727: [Tenured: 349514K->349399K(349568K), 0.0405848 secs] 506161K->394050K(506816K), [Metaspace: 2698K->2698K(1056768K)], 0.0406835 secs] [Times: user=0.04 sys=0.00, real=0.04 secs] 
2021-01-22T19:40:36.298-0800: 98.780: [Full GC (Allocation Failure) 2021-01-22T19:40:36.298-0800: 98.780: [Tenured: 349399K->348791K(349568K), 0.0458738 secs] 506552K->373796K(506816K), [Metaspace: 2698K->2698K(1056768K)], 0.0459764 secs] [Times: user=0.05 sys=0.00, real=0.05 secs] 
2021-01-22T19:40:36.360-0800: 98.842: [Full GC (Allocation Failure) 2021-01-22T19:40:36.360-0800: 98.842: [Tenured: 349553K->349194K(349568K), 0.0303680 secs] 506710K->393783K(506816K), [Metaspace: 2698K->2698K(1056768K)], 0.0304808 secs] [Times: user=0.03 sys=0.00, real=0.03 secs] 
2021-01-22T19:40:36.404-0800: 98.887: [Full GC (Allocation Failure) 2021-01-22T19:40:36.404-0800: 98.887: [Tenured: 349194K->349157K(349568K), 0.0364192 secs] 506056K->388568K(506816K), [Metaspace: 2698K->2698K(1056768K)], 0.0365125 secs] [Times: user=0.03 sys=0.00, real=0.04 secs] 
2021-01-22T19:40:36.455-0800: 98.937: [Full GC (Allocation Failure) 2021-01-22T19:40:36.455-0800: 98.937: [Tenured: 349157K->349362K(349568K), 0.0403244 secs] 506288K->387636K(506816K), [Metaspace: 2698K->2698K(1056768K)], 0.0404373 secs] [Times: user=0.04 sys=0.00, real=0.04 secs] 
2021-01-22T19:40:36.511-0800: 98.993: [Full GC (Allocation Failure) 2021-01-22T19:40:36.511-0800: 98.993: [Tenured: 349362K->349562K(349568K), 0.0446759 secs] 506479K->371322K(506816K), [Metaspace: 2698K->2698K(1056768K)], 0.0447722 secs] [Times: user=0.05 sys=0.00, real=0.04 secs] 
2021-01-22T19:40:36.571-0800: 99.054: [Full GC (Allocation Failure) 2021-01-22T19:40:36.572-0800: 99.054: [Tenured: 349562K->349492K(349568K), 0.0250273 secs] 506768K->396180K(506816K), [Metaspace: 2698K->2698K(1056768K)], 0.0251372 secs] [Times: user=0.03 sys=0.00, real=0.02 secs] 
2021-01-22T19:40:36.610-0800: 99.093: [Full GC (Allocation Failure) 2021-01-22T19:40:36.611-0800: 99.093: [Tenured: 349492K->349386K(349568K), 0.0370800 secs] 506601K->392676K(506816K), [Metaspace: 2698K->2698K(1056768K)], 0.0371743 secs] [Times: user=0.04 sys=0.00, real=0.03 secs] 
2021-01-22T19:40:36.662-0800: 99.144: [Full GC (Allocation Failure) 2021-01-22T19:40:36.662-0800: 99.144: [Tenured: 349561K->349531K(349568K), 0.0399530 secs] 506800K->396144K(506816K), [Metaspace: 2698K->2698K(1056768K)], 0.0400539 secs] [Times: user=0.04 sys=0.00, real=0.04 secs] 
2021-01-22T19:40:36.715-0800: 99.198: [Full GC (Allocation Failure) 2021-01-22T19:40:36.716-0800: 99.198: [Tenured: 349531K->349314K(349568K), 0.0461937 secs] 506692K->380023K(506816K), [Metaspace: 2698K->2698K(1056768K)], 0.0462914 secs] [Times: user=0.04 sys=0.00, real=0.05 secs] 
2021-01-22T19:40:36.777-0800: 99.260: [Full GC (Allocation Failure) 2021-01-22T19:40:36.777-0800: 99.260: [Tenured: 349549K->349383K(349568K), 0.0266341 secs] 506564K->393293K(506816K), [Metaspace: 2698K->2698K(1056768K)], 0.0267384 secs] [Times: user=0.03 sys=0.00, real=0.03 secs] 
2021-01-22T19:40:36.818-0800: 99.300: [Full GC (Allocation Failure) 2021-01-22T19:40:36.818-0800: 99.300: [Tenured: 349527K->349364K(349568K), 0.0354110 secs] 506713K->389838K(506816K), [Metaspace: 2698K->2698K(1056768K)], 0.0355101 secs] [Times: user=0.03 sys=0.00, real=0.04 secs] 
2021-01-22T19:40:36.868-0800: 99.350: [Full GC (Allocation Failure) 2021-01-22T19:40:36.868-0800: 99.350: [Tenured: 349364K->349349K(349568K), 0.0392377 secs] 506285K->393293K(506816K), [Metaspace: 2698K->2698K(1056768K)], 0.0393391 secs] [Times: user=0.04 sys=0.00, real=0.04 secs] 
2021-01-22T19:40:36.920-0800: 99.402: [Full GC (Allocation Failure) 2021-01-22T19:40:36.920-0800: 99.402: [Tenured: 349349K->349512K(349568K), 0.0488448 secs] 506455K->379055K(506816K), [Metaspace: 2698K->2698K(1056768K)], 0.0489408 secs] [Times: user=0.05 sys=0.00, real=0.04 secs] 
2021-01-22T19:40:36.984-0800: 99.466: [Full GC (Allocation Failure) 2021-01-22T19:40:36.984-0800: 99.466: [Tenured: 349512K->349378K(349568K), 0.0254134 secs] 506365K->397319K(506816K), [Metaspace: 2698K->2698K(1056768K)], 0.0255070 secs] [Times: user=0.03 sys=0.00, real=0.03 secs] 
2021-01-22T19:40:37.022-0800: 99.504: [Full GC (Allocation Failure) 2021-01-22T19:40:37.022-0800: 99.504: [Tenured: 349378K->349029K(349568K), 0.0372679 secs] 506334K->409118K(506816K), [Metaspace: 2698K->2698K(1056768K)], 0.0373823 secs] [Times: user=0.04 sys=0.00, real=0.03 secs] 
2021-01-22T19:40:37.071-0800: 99.554: [Full GC (Allocation Failure) 2021-01-22T19:40:37.071-0800: 99.554: [Tenured: 349425K->349538K(349568K), 0.0401898 secs] 506673K->411441K(506816K), [Metaspace: 2698K->2698K(1056768K)], 0.0402882 secs] [Times: user=0.04 sys=0.00, real=0.04 secs] 
2021-01-22T19:40:37.125-0800: 99.607: [Full GC (Allocation Failure) 2021-01-22T19:40:37.125-0800: 99.607: [Tenured: 349538K->349159K(349568K), 0.0487388 secs] 506737K->392152K(506816K), [Metaspace: 2698K->2698K(1056768K)], 0.0488346 secs] [Times: user=0.05 sys=0.00, real=0.05 secs] 
2021-01-22T19:40:37.188-0800: 99.670: [Full GC (Allocation Failure) 2021-01-22T19:40:37.188-0800: 99.670: [Tenured: 349433K->349256K(349568K), 0.0303371 secs] 506609K->408454K(506816K), [Metaspace: 2698K->2698K(1056768K)], 0.0304401 secs] [Times: user=0.03 sys=0.00, real=0.03 secs] 
2021-01-22T19:40:37.230-0800: 99.713: [Full GC (Allocation Failure) 2021-01-22T19:40:37.230-0800: 99.713: [Tenured: 349544K->349467K(349568K), 0.0350844 secs] 506747K->403458K(506816K), [Metaspace: 2698K->2698K(1056768K)], 0.0351843 secs] [Times: user=0.03 sys=0.00, real=0.03 secs] 
2021-01-22T19:40:37.277-0800: 99.760: [Full GC (Allocation Failure) 2021-01-22T19:40:37.277-0800: 99.760: [Tenured: 349467K->349410K(349568K), 0.0396343 secs] 506670K->402632K(506816K), [Metaspace: 2698K->2698K(1056768K)], 0.0397341 secs] [Times: user=0.04 sys=0.00, real=0.04 secs] 
2021-01-22T19:40:37.329-0800: 99.812: [Full GC (Allocation Failure) 2021-01-22T19:40:37.329-0800: 99.812: [Tenured: 349410K->349528K(349568K), 0.0474295 secs] 506632K->389251K(506816K), [Metaspace: 2698K->2698K(1056768K)], 0.0475266 secs] [Times: user=0.04 sys=0.00, real=0.05 secs] 
2021-01-22T19:40:37.390-0800: 99.872: [Full GC (Allocation Failure) 2021-01-22T19:40:37.390-0800: 99.872: [Tenured: 349528K->348898K(349568K), 0.0274998 secs] 506670K->409907K(506816K), [Metaspace: 2698K->2698K(1056768K)], 0.0275993 secs] [Times: user=0.02 sys=0.00, real=0.02 secs] 
2021-01-22T19:40:37.430-0800: 99.912: [Full GC (Allocation Failure) 2021-01-22T19:40:37.430-0800: 99.912: [Tenured: 349559K->349487K(349568K), 0.0406503 secs] 506806K->405662K(506816K), [Metaspace: 2698K->2698K(1056768K)], 0.0407462 secs] [Times: user=0.04 sys=0.00, real=0.04 secs] 
2021-01-22T19:40:37.484-0800: 99.966: [Full GC (Allocation Failure) 2021-01-22T19:40:37.484-0800: 99.967: [Tenured: 349487K->349566K(349568K), 0.0433908 secs] 506682K->408183K(506816K), [Metaspace: 2698K->2698K(1056768K)], 0.0434852 secs] [Times: user=0.04 sys=0.01, real=0.04 secs] 
2021-01-22T19:40:37.539-0800: 100.022: [Full GC (Allocation Failure) 2021-01-22T19:40:37.539-0800: 100.022: [Tenured: 349566K->349481K(349568K), 0.0519693 secs] 506711K->390762K(506816K), [Metaspace: 2698K->2698K(1056768K)], 0.0520678 secs] [Times: user=0.05 sys=0.00, real=0.06 secs] 
2021-01-22T19:40:37.606-0800: 100.088: [Full GC (Allocation Failure) 2021-01-22T19:40:37.606-0800: 100.088: [Tenured: 349549K->349507K(349568K), 0.0307070 secs] 506794K->407934K(506816K), [Metaspace: 2698K->2698K(1056768K)], 0.0308550 secs] [Times: user=0.03 sys=0.00, real=0.03 secs] 
2021-01-22T19:40:37.650-0800: 100.132: [Full GC (Allocation Failure) 2021-01-22T19:40:37.650-0800: 100.132: [Tenured: 349507K->349473K(349568K), 0.0403566 secs] 506064K->398233K(506816K), [Metaspace: 2698K->2698K(1056768K)], 0.0404587 secs] [Times: user=0.04 sys=0.00, real=0.04 secs] 
2021-01-22T19:40:37.704-0800: 100.186: [Full GC (Allocation Failure) 2021-01-22T19:40:37.704-0800: 100.186: [Tenured: 349473K->349424K(349568K), 0.0430159 secs] 506643K->397967K(506816K), [Metaspace: 2698K->2698K(1056768K)], 0.0431141 secs] [Times: user=0.05 sys=0.00, real=0.04 secs] 
2021-01-22T19:40:37.760-0800: 100.243: [Full GC (Allocation Failure) 2021-01-22T19:40:37.760-0800: 100.243: [Tenured: 349424K->349418K(349568K), 0.0498235 secs] 506518K->379863K(506816K), [Metaspace: 2698K->2698K(1056768K)], 0.0499200 secs] [Times: user=0.05 sys=0.00, real=0.05 secs] 
2021-01-22T19:40:37.826-0800: 100.308: [Full GC (Allocation Failure) 2021-01-22T19:40:37.826-0800: 100.308: [Tenured: 349418K->349546K(349568K), 0.0309605 secs] 506347K->398737K(506816K), [Metaspace: 2698K->2698K(1056768K)], 0.0310511 secs] [Times: user=0.03 sys=0.00, real=0.03 secs] 
2021-01-22T19:40:37.871-0800: 100.353: [Full GC (Allocation Failure) 2021-01-22T19:40:37.871-0800: 100.353: [Tenured: 349546K->349524K(349568K), 0.0380685 secs] 506764K->409114K(506816K), [Metaspace: 2698K->2698K(1056768K)], 0.0381856 secs] [Times: user=0.03 sys=0.00, real=0.03 secs] 
2021-01-22T19:40:37.922-0800: 100.404: [Full GC (Allocation Failure) 2021-01-22T19:40:37.922-0800: 100.404: [Tenured: 349524K->349240K(349568K), 0.0459916 secs] 506535K->406095K(506816K), [Metaspace: 2698K->2698K(1056768K)], 0.0460908 secs] [Times: user=0.05 sys=0.00, real=0.04 secs] 
2021-01-22T19:40:37.983-0800: 100.465: [Full GC (Allocation Failure) 2021-01-22T19:40:37.983-0800: 100.466: [Tenured: 349434K->349111K(349568K), 0.0516853 secs] 506594K->390233K(506816K), [Metaspace: 2698K->2698K(1056768K)], 0.0518542 secs] [Times: user=0.05 sys=0.00, real=0.05 secs] 
2021-01-22T19:40:38.049-0800: 100.531: [Full GC (Allocation Failure) 2021-01-22T19:40:38.049-0800: 100.531: [Tenured: 349539K->349441K(349568K), 0.0302396 secs] 506785K->406578K(506816K), [Metaspace: 2698K->2698K(1056768K)], 0.0303388 secs] [Times: user=0.03 sys=0.00, real=0.03 secs] 
2021-01-22T19:40:38.092-0800: 100.574: [Full GC (Allocation Failure) 2021-01-22T19:40:38.092-0800: 100.574: [Tenured: 349441K->349000K(349568K), 0.0425461 secs] 506541K->408352K(506816K), [Metaspace: 2698K->2698K(1056768K)], 0.0426455 secs] [Times: user=0.04 sys=0.00, real=0.04 secs] 
2021-01-22T19:40:38.147-0800: 100.629: [Full GC (Allocation Failure) 2021-01-22T19:40:38.147-0800: 100.629: [Tenured: 349496K->349414K(349568K), 0.0400625 secs] 506741K->403741K(506816K), [Metaspace: 2698K->2698K(1056768K)], 0.0402410 secs] [Times: user=0.04 sys=0.00, real=0.04 secs] 
2021-01-22T19:40:38.199-0800: 100.681: [Full GC (Allocation Failure) 2021-01-22T19:40:38.199-0800: 100.682: [Tenured: 349414K->349141K(349568K), 0.0485011 secs] 506433K->391364K(506816K), [Metaspace: 2698K->2698K(1056768K)], 0.0486048 secs] [Times: user=0.05 sys=0.00, real=0.05 secs] 
2021-01-22T19:40:38.262-0800: 100.744: [Full GC (Allocation Failure) 2021-01-22T19:40:38.262-0800: 100.744: [Tenured: 349428K->349068K(349568K), 0.0288132 secs] 506401K->402783K(506816K), [Metaspace: 2698K->2698K(1056768K)], 0.0289197 secs] [Times: user=0.03 sys=0.00, real=0.03 secs] 
2021-01-22T19:40:38.303-0800: 100.786: [Full GC (Allocation Failure) 2021-01-22T19:40:38.303-0800: 100.786: [Tenured: 349536K->349542K(349568K), 0.0376109 secs] 506783K->400377K(506816K), [Metaspace: 2698K->2698K(1056768K)], 0.0376990 secs] [Times: user=0.03 sys=0.00, real=0.04 secs] 
2021-01-22T19:40:38.355-0800: 100.837: [Full GC (Allocation Failure) 2021-01-22T19:40:38.355-0800: 100.837: [Tenured: 349542K->349484K(349568K), 0.0397087 secs] 506764K->395921K(506816K), [Metaspace: 2698K->2698K(1056768K)], 0.0398066 secs] [Times: user=0.04 sys=0.00, real=0.04 secs] 
2021-01-22T19:40:38.408-0800: 100.891: [Full GC (Allocation Failure) 2021-01-22T19:40:38.409-0800: 100.891: [Tenured: 349484K->348996K(349568K), 0.0464926 secs] 506300K->376311K(506816K), [Metaspace: 2698K->2698K(1056768K)], 0.0465921 secs] [Times: user=0.05 sys=0.00, real=0.05 secs] 
2021-01-22T19:40:38.471-0800: 100.953: [Full GC (Allocation Failure) 2021-01-22T19:40:38.471-0800: 100.953: [Tenured: 348996K->349446K(349568K), 0.0282180 secs] 505798K->394053K(506816K), [Metaspace: 2698K->2698K(1056768K)], 0.0283221 secs] [Times: user=0.03 sys=0.00, real=0.02 secs] 
2021-01-22T19:40:38.512-0800: 100.995: [Full GC (Allocation Failure) 2021-01-22T19:40:38.512-0800: 100.995: [Tenured: 349446K->349559K(349568K), 0.0345903 secs] 506508K->397656K(506816K), [Metaspace: 2698K->2698K(1056768K)], 0.0346901 secs] [Times: user=0.04 sys=0.00, real=0.03 secs] 
2021-01-22T19:40:38.560-0800: 101.043: [Full GC (Allocation Failure) 2021-01-22T19:40:38.560-0800: 101.043: [Tenured: 349559K->349212K(349568K), 0.0398861 secs] 506730K->399827K(506816K), [Metaspace: 2698K->2698K(1056768K)], 0.0399859 secs] [Times: user=0.04 sys=0.00, real=0.04 secs] 
2021-01-22T19:40:38.614-0800: 101.096: [Full GC (Allocation Failure) 2021-01-22T19:40:38.614-0800: 101.096: [Tenured: 349451K->349058K(349568K), 0.0473567 secs] 506636K->386305K(506816K), [Metaspace: 2698K->2698K(1056768K)], 0.0474500 secs] [Times: user=0.05 sys=0.00, real=0.05 secs] 
2021-01-22T19:40:38.676-0800: 101.158: [Full GC (Allocation Failure) 2021-01-22T19:40:38.676-0800: 101.158: [Tenured: 349478K->349496K(349568K), 0.0270190 secs] 506719K->405423K(506816K), [Metaspace: 2698K->2698K(1056768K)], 0.0271158 secs] [Times: user=0.02 sys=0.00, real=0.03 secs] 
2021-01-22T19:40:38.715-0800: 101.197: [Full GC (Allocation Failure) 2021-01-22T19:40:38.715-0800: 101.198: [Tenured: 349496K->349309K(349568K), 0.0379417 secs] 506672K->401684K(506816K), [Metaspace: 2698K->2698K(1056768K)], 0.0380386 secs] [Times: user=0.03 sys=0.00, real=0.04 secs] 
2021-01-22T19:40:38.767-0800: 101.249: [Full GC (Allocation Failure) 2021-01-22T19:40:38.767-0800: 101.249: [Tenured: 349309K->349543K(349568K), 0.0402982 secs] 506339K->396673K(506816K), [Metaspace: 2698K->2698K(1056768K)], 0.0403967 secs] [Times: user=0.04 sys=0.00, real=0.04 secs] 
2021-01-22T19:40:38.820-0800: 101.302: [Full GC (Allocation Failure) 2021-01-22T19:40:38.820-0800: 101.302: [Tenured: 349543K->349042K(349568K), 0.0456330 secs] 506339K->374128K(506816K), [Metaspace: 2698K->2698K(1056768K)], 0.0457317 secs] [Times: user=0.05 sys=0.00, real=0.04 secs] 
2021-01-22T19:40:38.881-0800: 101.364: [Full GC (Allocation Failure) 2021-01-22T19:40:38.882-0800: 101.364: [Tenured: 349042K->349316K(349568K), 0.0309832 secs] 506264K->395486K(506816K), [Metaspace: 2698K->2698K(1056768K)], 0.0310804 secs] [Times: user=0.03 sys=0.00, real=0.03 secs] 
2021-01-22T19:40:38.926-0800: 101.408: [Full GC (Allocation Failure) 2021-01-22T19:40:38.926-0800: 101.408: [Tenured: 349562K->349270K(349568K), 0.0393987 secs] 506806K->397237K(506816K), [Metaspace: 2698K->2698K(1056768K)], 0.0394931 secs] [Times: user=0.04 sys=0.00, real=0.04 secs] 
2021-01-22T19:40:38.979-0800: 101.461: [Full GC (Allocation Failure) 2021-01-22T19:40:38.979-0800: 101.461: [Tenured: 349270K->348970K(349568K), 0.0405897 secs] 505852K->395854K(506816K), [Metaspace: 2698K->2698K(1056768K)], 0.0406914 secs] [Times: user=0.04 sys=0.00, real=0.05 secs] 
2021-01-22T19:40:39.034-0800: 101.516: [Full GC (Allocation Failure) 2021-01-22T19:40:39.034-0800: 101.516: [Tenured: 349475K->349540K(349568K), 0.0485012 secs] 506697K->380636K(506816K), [Metaspace: 2698K->2698K(1056768K)], 0.0485930 secs] [Times: user=0.05 sys=0.00, real=0.05 secs] 
2021-01-22T19:40:39.099-0800: 101.581: [Full GC (Allocation Failure) 2021-01-22T19:40:39.099-0800: 101.581: [Tenured: 349540K->349120K(349568K), 0.0455890 secs] 506731K->394189K(506816K), [Metaspace: 2698K->2698K(1056768K)], 0.0456934 secs] [Times: user=0.05 sys=0.00, real=0.05 secs] 
2021-01-22T19:40:39.163-0800: 101.646: [Full GC (Allocation Failure) 2021-01-22T19:40:39.163-0800: 101.646: [Tenured: 349120K->349535K(349568K), 0.0486384 secs] 506241K->396270K(506816K), [Metaspace: 2698K->2698K(1056768K)], 0.0487568 secs] [Times: user=0.05 sys=0.00, real=0.05 secs] 
2021-01-22T19:40:39.226-0800: 101.708: [Full GC (Allocation Failure) 2021-01-22T19:40:39.226-0800: 101.708: [Tenured: 349535K->349462K(349568K), 0.0417856 secs] 506754K->393351K(506816K), [Metaspace: 2698K->2698K(1056768K)], 0.0418864 secs] [Times: user=0.04 sys=0.00, real=0.04 secs] 
2021-01-22T19:40:39.282-0800: 101.764: [Full GC (Allocation Failure) 2021-01-22T19:40:39.282-0800: 101.764: [Tenured: 349462K->349364K(349568K), 0.0462895 secs] 506684K->375453K(506816K), [Metaspace: 2698K->2698K(1056768K)], 0.0463826 secs] [Times: user=0.05 sys=0.00, real=0.04 secs] 
2021-01-22T19:40:39.344-0800: 101.826: [Full GC (Allocation Failure) 2021-01-22T19:40:39.344-0800: 101.826: [Tenured: 349364K->348876K(349568K), 0.0288721 secs] 506446K->395412K(506816K), [Metaspace: 2698K->2698K(1056768K)], 0.0289697 secs] [Times: user=0.03 sys=0.00, real=0.03 secs] 
2021-01-22T19:40:39.387-0800: 101.869: [Full GC (Allocation Failure) 2021-01-22T19:40:39.387-0800: 101.869: [Tenured: 349566K->348850K(349568K), 0.0370681 secs] 506697K->396758K(506816K), [Metaspace: 2698K->2698K(1056768K)], 0.0371634 secs] [Times: user=0.04 sys=0.00, real=0.04 secs] 
2021-01-22T19:40:39.438-0800: 101.921: [Full GC (Allocation Failure) 2021-01-22T19:40:39.438-0800: 101.921: [Tenured: 349553K->349380K(349568K), 0.0411045 secs] 506748K->395983K(506816K), [Metaspace: 2698K->2698K(1056768K)], 0.0411999 secs] [Times: user=0.03 sys=0.00, real=0.05 secs] 
2021-01-22T19:40:39.496-0800: 101.978: [Full GC (Allocation Failure) 2021-01-22T19:40:39.496-0800: 101.978: [Tenured: 349531K->349390K(349568K), 0.0473569 secs] 506756K->374768K(506816K), [Metaspace: 2698K->2698K(1056768K)], 0.0474579 secs] [Times: user=0.05 sys=0.00, real=0.05 secs] 
2021-01-22T19:40:39.559-0800: 102.042: [Full GC (Allocation Failure) 2021-01-22T19:40:39.560-0800: 102.042: [Tenured: 349390K->349537K(349568K), 0.0316002 secs] 505884K->387643K(506816K), [Metaspace: 2698K->2698K(1056768K)], 0.0317004 secs] [Times: user=0.03 sys=0.00, real=0.04 secs] 
2021-01-22T19:40:39.605-0800: 102.088: [Full GC (Allocation Failure) 2021-01-22T19:40:39.605-0800: 102.088: [Tenured: 349537K->348877K(349568K), 0.0410313 secs] 506671K->390337K(506816K), [Metaspace: 2698K->2698K(1056768K)], 0.0411268 secs] [Times: user=0.04 sys=0.00, real=0.04 secs] 
2021-01-22T19:40:39.666-0800: 102.148: [Full GC (Allocation Failure) 2021-01-22T19:40:39.666-0800: 102.148: [Tenured: 349468K->349298K(349568K), 0.0639125 secs] 506715K->389208K(506816K), [Metaspace: 2698K->2698K(1056768K)], 0.0640373 secs] [Times: user=0.05 sys=0.01, real=0.07 secs] 
2021-01-22T19:40:39.751-0800: 102.233: [Full GC (Allocation Failure) 2021-01-22T19:40:39.751-0800: 102.233: [Tenured: 349467K->349537K(349568K), 0.0661881 secs] 506703K->371659K(506816K), [Metaspace: 2698K->2698K(1056768K)], 0.0662836 secs] [Times: user=0.05 sys=0.00, real=0.06 secs] 
2021-01-22T19:40:39.833-0800: 102.315: [Full GC (Allocation Failure) 2021-01-22T19:40:39.833-0800: 102.316: [Tenured: 349537K->349161K(349568K), 0.0300257 secs] 506696K->391395K(506816K), [Metaspace: 2698K->2698K(1056768K)], 0.0301164 secs] [Times: user=0.03 sys=0.00, real=0.03 secs] 
2021-01-22T19:40:39.878-0800: 102.361: [Full GC (Allocation Failure) 2021-01-22T19:40:39.878-0800: 102.361: [Tenured: 349543K->349565K(349568K), 0.0368556 secs] 506786K->381353K(506816K), [Metaspace: 2698K->2698K(1056768K)], 0.0369526 secs] [Times: user=0.04 sys=0.00, real=0.04 secs] 
2021-01-22T19:40:39.931-0800: 102.413: [Full GC (Allocation Failure) 2021-01-22T19:40:39.931-0800: 102.413: [Tenured: 349565K->349024K(349568K), 0.0403140 secs] 506797K->386482K(506816K), [Metaspace: 2698K->2698K(1056768K)], 0.0404069 secs] [Times: user=0.04 sys=0.00, real=0.04 secs] 
2021-01-22T19:40:39.985-0800: 102.468: [Full GC (Allocation Failure) 2021-01-22T19:40:39.985-0800: 102.468: [Tenured: 349564K->349391K(349568K), 0.0496835 secs] 506797K->369463K(506816K), [Metaspace: 2698K->2698K(1056768K)], 0.0497812 secs] [Times: user=0.04 sys=0.00, real=0.05 secs] 
2021-01-22T19:40:40.054-0800: 102.536: [Full GC (Allocation Failure) 2021-01-22T19:40:40.054-0800: 102.536: [Tenured: 349408K->349442K(349568K), 0.0294891 secs] 506647K->389227K(506816K), [Metaspace: 2698K->2698K(1056768K)], 0.0295858 secs] [Times: user=0.03 sys=0.00, real=0.03 secs] 
2021-01-22T19:40:40.097-0800: 102.579: [Full GC (Allocation Failure) 2021-01-22T19:40:40.097-0800: 102.579: [Tenured: 349442K->349445K(349568K), 0.0405096 secs] 506448K->392921K(506816K), [Metaspace: 2698K->2698K(1056768K)], 0.0406030 secs] [Times: user=0.04 sys=0.00, real=0.04 secs] 
2021-01-22T19:40:40.150-0800: 102.633: [Full GC (Allocation Failure) 2021-01-22T19:40:40.150-0800: 102.633: [Tenured: 349445K->349161K(349568K), 0.0394092 secs] 506455K->388812K(506816K), [Metaspace: 2698K->2698K(1056768K)], 0.0395035 secs] [Times: user=0.04 sys=0.00, real=0.04 secs] 
2021-01-22T19:40:40.204-0800: 102.686: [Full GC (Allocation Failure) 2021-01-22T19:40:40.204-0800: 102.686: [Tenured: 349327K->349058K(349568K), 0.0472251 secs] 506574K->371552K(506816K), [Metaspace: 2698K->2698K(1056768K)], 0.0473228 secs] [Times: user=0.04 sys=0.00, real=0.05 secs] 
2021-01-22T19:40:40.267-0800: 102.750: [Full GC (Allocation Failure) 2021-01-22T19:40:40.267-0800: 102.750: [Tenured: 349414K->349282K(349568K), 0.0293805 secs] 506608K->385892K(506816K), [Metaspace: 2698K->2698K(1056768K)], 0.0294875 secs] [Times: user=0.03 sys=0.00, real=0.03 secs] 
2021-01-22T19:40:40.311-0800: 102.794: [Full GC (Allocation Failure) 2021-01-22T19:40:40.312-0800: 102.794: [Tenured: 349534K->349408K(349568K), 0.0384455 secs] 506747K->387969K(506816K), [Metaspace: 2698K->2698K(1056768K)], 0.0386131 secs] [Times: user=0.04 sys=0.00, real=0.04 secs] 
2021-01-22T19:40:40.365-0800: 102.848: [Full GC (Allocation Failure) 2021-01-22T19:40:40.365-0800: 102.848: [Tenured: 349532K->348987K(349568K), 0.0411154 secs] 506760K->396798K(506816K), [Metaspace: 2698K->2698K(1056768K)], 0.0412306 secs] [Times: user=0.04 sys=0.00, real=0.04 secs] 
2021-01-22T19:40:40.422-0800: 102.904: [Full GC (Allocation Failure) 2021-01-22T19:40:40.422-0800: 102.904: [Tenured: 349425K->349547K(349568K), 0.0503328 secs] 506637K->375737K(506816K), [Metaspace: 2698K->2698K(1056768K)], 0.0504280 secs] [Times: user=0.05 sys=0.01, real=0.05 secs] 
2021-01-22T19:40:40.488-0800: 102.971: [Full GC (Allocation Failure) 2021-01-22T19:40:40.488-0800: 102.971: [Tenured: 349547K->349464K(349568K), 0.0306118 secs] 506782K->396288K(506816K), [Metaspace: 2698K->2698K(1056768K)], 0.0307037 secs] [Times: user=0.03 sys=0.00, real=0.03 secs] 
2021-01-22T19:40:40.533-0800: 103.015: [Full GC (Allocation Failure) 2021-01-22T19:40:40.533-0800: 103.016: [Tenured: 349464K->349159K(349568K), 0.0403918 secs] 506643K->392953K(506816K), [Metaspace: 2698K->2698K(1056768K)], 0.0404976 secs] [Times: user=0.04 sys=0.00, real=0.04 secs] 
2021-01-22T19:40:40.587-0800: 103.069: [Full GC (Allocation Failure) 2021-01-22T19:40:40.587-0800: 103.069: [Tenured: 349482K->349559K(349568K), 0.0411862 secs] 506718K->391133K(506816K), [Metaspace: 2698K->2698K(1056768K)], 0.0412846 secs] [Times: user=0.04 sys=0.00, real=0.04 secs] 
2021-01-22T19:40:40.643-0800: 103.125: [Full GC (Allocation Failure) 2021-01-22T19:40:40.643-0800: 103.125: [Tenured: 349559K->349565K(349568K), 0.0465385 secs] 506587K->376039K(506816K), [Metaspace: 2698K->2698K(1056768K)], 0.0466702 secs] [Times: user=0.04 sys=0.00, real=0.04 secs] 
2021-01-22T19:40:40.706-0800: 103.188: [Full GC (Allocation Failure) 2021-01-22T19:40:40.706-0800: 103.188: [Tenured: 349565K->349554K(349568K), 0.0287157 secs] 506684K->393234K(506816K), [Metaspace: 2698K->2698K(1056768K)], 0.0288195 secs] [Times: user=0.03 sys=0.00, real=0.03 secs] 
2021-01-22T19:40:40.748-0800: 103.231: [Full GC (Allocation Failure) 2021-01-22T19:40:40.748-0800: 103.231: [Tenured: 349554K->349225K(349568K), 0.0392202 secs] 506779K->393983K(506816K), [Metaspace: 2698K->2698K(1056768K)], 0.0393234 secs] [Times: user=0.04 sys=0.00, real=0.04 secs] 
2021-01-22T19:40:40.801-0800: 103.284: [Full GC (Allocation Failure) 2021-01-22T19:40:40.801-0800: 103.284: [Tenured: 349390K->349159K(349568K), 0.0400243 secs] 506558K->394081K(506816K), [Metaspace: 2698K->2698K(1056768K)], 0.0401224 secs] [Times: user=0.04 sys=0.00, real=0.04 secs] 
2021-01-22T19:40:40.855-0800: 103.337: [Full GC (Allocation Failure) 2021-01-22T19:40:40.855-0800: 103.337: [Tenured: 349303K->349526K(349568K), 0.0465812 secs] 506429K->380576K(506816K), [Metaspace: 2698K->2698K(1056768K)], 0.0466805 secs] [Times: user=0.04 sys=0.00, real=0.05 secs] 
2021-01-22T19:40:40.917-0800: 103.399: [Full GC (Allocation Failure) 2021-01-22T19:40:40.917-0800: 103.399: [Tenured: 349526K->349347K(349568K), 0.0283821 secs] 506765K->404268K(506816K), [Metaspace: 2698K->2698K(1056768K)], 0.0284848 secs] [Times: user=0.03 sys=0.00, real=0.03 secs] 
2021-01-22T19:40:40.956-0800: 103.439: [Full GC (Allocation Failure) 2021-01-22T19:40:40.956-0800: 103.439: [Tenured: 349347K->349536K(349568K), 0.0370855 secs] 506351K->407409K(506816K), [Metaspace: 2698K->2698K(1056768K)], 0.0371885 secs] [Times: user=0.03 sys=0.00, real=0.04 secs] 
2021-01-22T19:40:41.005-0800: 103.487: [Full GC (Allocation Failure) 2021-01-22T19:40:41.005-0800: 103.488: [Tenured: 349536K->349561K(349568K), 0.0396134 secs] 506534K->409920K(506816K), [Metaspace: 2698K->2698K(1056768K)], 0.0397074 secs] [Times: user=0.04 sys=0.00, real=0.04 secs] 
2021-01-22T19:40:41.058-0800: 103.540: [Full GC (Allocation Failure) 2021-01-22T19:40:41.058-0800: 103.540: [Tenured: 349561K->348904K(349568K), 0.0470590 secs] 506199K->388873K(506816K), [Metaspace: 2698K->2698K(1056768K)], 0.0471606 secs] [Times: user=0.05 sys=0.00, real=0.05 secs] 
2021-01-22T19:40:41.119-0800: 103.601: [Full GC (Allocation Failure) 2021-01-22T19:40:41.119-0800: 103.601: [Tenured: 349507K->349454K(349568K), 0.0316832 secs] 506618K->405655K(506816K), [Metaspace: 2698K->2698K(1056768K)], 0.0317832 secs] [Times: user=0.03 sys=0.00, real=0.04 secs] 
2021-01-22T19:40:41.163-0800: 103.645: [Full GC (Allocation Failure) 2021-01-22T19:40:41.163-0800: 103.645: [Tenured: 349454K->349029K(349568K), 0.0393948 secs] 506412K->407319K(506816K), [Metaspace: 2698K->2698K(1056768K)], 0.0394945 secs] [Times: user=0.04 sys=0.00, real=0.04 secs] 
2021-01-22T19:40:41.215-0800: 103.698: [Full GC (Allocation Failure) 2021-01-22T19:40:41.215-0800: 103.698: [Tenured: 349564K->349483K(349568K), 0.0401447 secs] 506798K->404039K(506816K), [Metaspace: 2698K->2698K(1056768K)], 0.0402478 secs] [Times: user=0.04 sys=0.00, real=0.04 secs] 
2021-01-22T19:40:41.267-0800: 103.749: [Full GC (Allocation Failure) 2021-01-22T19:40:41.267-0800: 103.749: [Tenured: 349537K->349330K(349568K), 0.0470836 secs] 506779K->388360K(506816K), [Metaspace: 2698K->2698K(1056768K)], 0.0471825 secs] [Times: user=0.04 sys=0.00, real=0.05 secs] 
2021-01-22T19:40:41.328-0800: 103.811: [Full GC (Allocation Failure) 2021-01-22T19:40:41.328-0800: 103.811: [Tenured: 349330K->349567K(349568K), 0.0310948 secs] 506566K->401690K(506816K), [Metaspace: 2698K->2698K(1056768K)], 0.0311953 secs] [Times: user=0.03 sys=0.00, real=0.03 secs] 
2021-01-22T19:40:41.372-0800: 103.855: [Full GC (Allocation Failure) 2021-01-22T19:40:41.372-0800: 103.855: [Tenured: 349567K->349411K(349568K), 0.0387573 secs] 506354K->401376K(506816K), [Metaspace: 2698K->2698K(1056768K)], 0.0388537 secs] [Times: user=0.04 sys=0.00, real=0.04 secs] 
2021-01-22T19:40:41.424-0800: 103.907: [Full GC (Allocation Failure) 2021-01-22T19:40:41.424-0800: 103.907: [Tenured: 349411K->349426K(349568K), 0.0396789 secs] 506440K->402471K(506816K), [Metaspace: 2698K->2698K(1056768K)], 0.0397810 secs] [Times: user=0.04 sys=0.00, real=0.04 secs] 
2021-01-22T19:40:41.477-0800: 103.960: [Full GC (Allocation Failure) 2021-01-22T19:40:41.477-0800: 103.960: [Tenured: 349426K->349502K(349568K), 0.0469994 secs] 506325K->381235K(506816K), [Metaspace: 2698K->2698K(1056768K)], 0.0470925 secs] [Times: user=0.04 sys=0.00, real=0.05 secs] 
2021-01-22T19:40:41.540-0800: 104.022: [Full GC (Allocation Failure) 2021-01-22T19:40:41.540-0800: 104.022: [Tenured: 349502K->349378K(349568K), 0.0321317 secs] 506614K->392635K(506816K), [Metaspace: 2698K->2698K(1056768K)], 0.0322345 secs] [Times: user=0.03 sys=0.00, real=0.03 secs] 
2021-01-22T19:40:41.585-0800: 104.067: [Full GC (Allocation Failure) 2021-01-22T19:40:41.585-0800: 104.067: [Tenured: 349378K->349264K(349568K), 0.0378561 secs] 506493K->392774K(506816K), [Metaspace: 2698K->2698K(1056768K)], 0.0379465 secs] [Times: user=0.04 sys=0.00, real=0.04 secs] 
2021-01-22T19:40:41.638-0800: 104.120: [Full GC (Allocation Failure) 2021-01-22T19:40:41.638-0800: 104.120: [Tenured: 349480K->349363K(349568K), 0.0398316 secs] 506664K->390577K(506816K), [Metaspace: 2698K->2698K(1056768K)], 0.0399274 secs] [Times: user=0.03 sys=0.00, real=0.04 secs] 
2021-01-22T19:40:41.692-0800: 104.175: [Full GC (Allocation Failure) 2021-01-22T19:40:41.692-0800: 104.175: [Tenured: 349363K->349453K(349568K), 0.0473588 secs] 506462K->370696K(506816K), [Metaspace: 2698K->2698K(1056768K)], 0.0474910 secs] [Times: user=0.05 sys=0.00, real=0.05 secs] 
2021-01-22T19:40:41.758-0800: 104.240: [Full GC (Allocation Failure) 2021-01-22T19:40:41.758-0800: 104.240: [Tenured: 349453K->349467K(349568K), 0.0399905 secs] 506487K->396519K(506816K), [Metaspace: 2698K->2698K(1056768K)], 0.0400922 secs] [Times: user=0.04 sys=0.00, real=0.04 secs] 
2021-01-22T19:40:41.814-0800: 104.297: [Full GC (Allocation Failure) 2021-01-22T19:40:41.815-0800: 104.297: [Tenured: 349539K->349515K(349568K), 0.0533699 secs] 506782K->400304K(506816K), [Metaspace: 2698K->2698K(1056768K)], 0.0535850 secs] [Times: user=0.05 sys=0.00, real=0.05 secs] 
2021-01-22T19:40:41.890-0800: 104.372: [Full GC (Allocation Failure) 2021-01-22T19:40:41.890-0800: 104.372: [Tenured: 349515K->349391K(349568K), 0.0434415 secs] 506731K->402462K(506816K), [Metaspace: 2698K->2698K(1056768K)], 0.0435471 secs] [Times: user=0.04 sys=0.00, real=0.04 secs] 
2021-01-22T19:40:41.946-0800: 104.429: [Full GC (Allocation Failure) 2021-01-22T19:40:41.946-0800: 104.429: [Tenured: 349391K->349516K(349568K), 0.0542220 secs] 506475K->388486K(506816K), [Metaspace: 2698K->2698K(1056768K)], 0.0543352 secs] [Times: user=0.05 sys=0.00, real=0.06 secs] 
2021-01-22T19:40:42.015-0800: 104.498: [Full GC (Allocation Failure) 2021-01-22T19:40:42.015-0800: 104.498: [Tenured: 349516K->349418K(349568K), 0.0257623 secs] 506674K->406140K(506816K), [Metaspace: 2698K->2698K(1056768K)], 0.0258577 secs] [Times: user=0.02 sys=0.00, real=0.03 secs] 
2021-01-22T19:40:42.052-0800: 104.535: [Full GC (Allocation Failure) 2021-01-22T19:40:42.053-0800: 104.535: [Tenured: 349418K->349165K(349568K), 0.0389211 secs] 506663K->401182K(506816K), [Metaspace: 2698K->2698K(1056768K)], 0.0390289 secs] [Times: user=0.03 sys=0.00, real=0.04 secs] 
2021-01-22T19:40:42.104-0800: 104.587: [Full GC (Allocation Failure) 2021-01-22T19:40:42.104-0800: 104.587: [Tenured: 349531K->349543K(349568K), 0.0403858 secs] 506594K->404135K(506816K), [Metaspace: 2698K->2698K(1056768K)], 0.0404854 secs] [Times: user=0.04 sys=0.00, real=0.04 secs] 
2021-01-22T19:40:42.157-0800: 104.639: [Full GC (Allocation Failure) 2021-01-22T19:40:42.157-0800: 104.639: [Tenured: 349543K->349495K(349568K), 0.0473948 secs] 506741K->384668K(506816K), [Metaspace: 2698K->2698K(1056768K)], 0.0474868 secs] [Times: user=0.05 sys=0.00, real=0.05 secs] 
2021-01-22T19:40:42.220-0800: 104.702: [Full GC (Allocation Failure) 2021-01-22T19:40:42.220-0800: 104.702: [Tenured: 349549K->349510K(349568K), 0.0352206 secs] 506794K->402185K(506816K), [Metaspace: 2698K->2698K(1056768K)], 0.0353156 secs] [Times: user=0.04 sys=0.00, real=0.03 secs] 
2021-01-22T19:40:42.267-0800: 104.750: [Full GC (Allocation Failure) 2021-01-22T19:40:42.267-0800: 104.750: [Tenured: 349510K->349551K(349568K), 0.0384241 secs] 506206K->401411K(506816K), [Metaspace: 2698K->2698K(1056768K)], 0.0385258 secs] [Times: user=0.04 sys=0.00, real=0.04 secs] 
2021-01-22T19:40:42.319-0800: 104.801: [Full GC (Allocation Failure) 2021-01-22T19:40:42.319-0800: 104.801: [Tenured: 349551K->349526K(349568K), 0.0417194 secs] 506498K->402833K(506816K), [Metaspace: 2698K->2698K(1056768K)], 0.0418332 secs] [Times: user=0.04 sys=0.00, real=0.05 secs] 
2021-01-22T19:40:42.375-0800: 104.857: [Full GC (Allocation Failure) 2021-01-22T19:40:42.375-0800: 104.858: [Tenured: 349526K->349488K(349568K), 0.0485304 secs] 506127K->385032K(506816K), [Metaspace: 2698K->2698K(1056768K)], 0.0486268 secs] [Times: user=0.05 sys=0.00, real=0.05 secs] 
2021-01-22T19:40:42.439-0800: 104.922: [Full GC (Allocation Failure) 2021-01-22T19:40:42.440-0800: 104.922: [Tenured: 349488K->349374K(349568K), 0.0327892 secs] 506601K->395551K(506816K), [Metaspace: 2698K->2698K(1056768K)], 0.0328836 secs] [Times: user=0.03 sys=0.00, real=0.04 secs] 
2021-01-22T19:40:42.488-0800: 104.970: [Full GC (Allocation Failure) 2021-01-22T19:40:42.488-0800: 104.970: [Tenured: 349526K->349538K(349568K), 0.0405531 secs] 506754K->395355K(506816K), [Metaspace: 2698K->2698K(1056768K)], 0.0406453 secs] [Times: user=0.04 sys=0.00, real=0.04 secs] 
2021-01-22T19:40:42.542-0800: 105.025: [Full GC (Allocation Failure) 2021-01-22T19:40:42.542-0800: 105.025: [Tenured: 349538K->349156K(349568K), 0.0446290 secs] 506676K->397947K(506816K), [Metaspace: 2698K->2698K(1056768K)], 0.0447250 secs] [Times: user=0.04 sys=0.00, real=0.04 secs] 
2021-01-22T19:40:42.601-0800: 105.083: [Full GC (Allocation Failure) 2021-01-22T19:40:42.601-0800: 105.083: [Tenured: 349528K->349153K(349568K), 0.0496798 secs] 506762K->382318K(506816K), [Metaspace: 2698K->2698K(1056768K)], 0.0497756 secs] [Times: user=0.05 sys=0.00, real=0.05 secs] 
2021-01-22T19:40:42.666-0800: 105.148: [Full GC (Allocation Failure) 2021-01-22T19:40:42.666-0800: 105.148: [Tenured: 349153K->349455K(349568K), 0.0250613 secs] 505683K->400562K(506816K), [Metaspace: 2698K->2698K(1056768K)], 0.0251538 secs] [Times: user=0.02 sys=0.00, real=0.03 secs] 
2021-01-22T19:40:42.703-0800: 105.185: [Full GC (Allocation Failure) 2021-01-22T19:40:42.703-0800: 105.185: [Tenured: 349455K->349334K(349568K), 0.0394180 secs] 506656K->406221K(506816K), [Metaspace: 2698K->2698K(1056768K)], 0.0395206 secs] [Times: user=0.03 sys=0.00, real=0.04 secs] 
2021-01-22T19:40:42.755-0800: 105.237: [Full GC (Allocation Failure) 2021-01-22T19:40:42.755-0800: 105.237: [Tenured: 349334K->349426K(349568K), 0.0415721 secs] 506287K->399852K(506816K), [Metaspace: 2698K->2698K(1056768K)], 0.0416709 secs] [Times: user=0.04 sys=0.00, real=0.04 secs] 
2021-01-22T19:40:42.809-0800: 105.292: [Full GC (Allocation Failure) 2021-01-22T19:40:42.810-0800: 105.292: [Tenured: 349426K->348932K(349568K), 0.0475111 secs] 506571K->383531K(506816K), [Metaspace: 2698K->2698K(1056768K)], 0.0476109 secs] [Times: user=0.05 sys=0.01, real=0.05 secs] 
2021-01-22T19:40:42.873-0800: 105.355: [Full GC (Allocation Failure) 2021-01-22T19:40:42.873-0800: 105.355: [Tenured: 349436K->349274K(349568K), 0.0353858 secs] 506616K->396393K(506816K), [Metaspace: 2698K->2698K(1056768K)], 0.0354745 secs] [Times: user=0.04 sys=0.00, real=0.03 secs] 
2021-01-22T19:40:42.922-0800: 105.405: [Full GC (Allocation Failure) 2021-01-22T19:40:42.922-0800: 105.405: [Tenured: 349501K->349476K(349568K), 0.0545686 secs] 506745K->398389K(506816K), [Metaspace: 2698K->2698K(1056768K)], 0.0546641 secs] [Times: user=0.05 sys=0.00, real=0.05 secs] 
2021-01-22T19:40:42.994-0800: 105.477: [Full GC (Allocation Failure) 2021-01-22T19:40:42.994-0800: 105.477: [Tenured: 349476K->349461K(349568K), 0.0653703 secs] 506447K->398472K(506816K), [Metaspace: 2698K->2698K(1056768K)], 0.0654747 secs] [Times: user=0.05 sys=0.00, real=0.07 secs] 
2021-01-22T19:40:43.078-0800: 105.561: [Full GC (Allocation Failure) 2021-01-22T19:40:43.078-0800: 105.561: [Tenured: 349461K->349378K(349568K), 0.0680426 secs] 506700K->379970K(506816K), [Metaspace: 2698K->2698K(1056768K)], 0.0681383 secs] [Times: user=0.06 sys=0.00, real=0.07 secs] 
2021-01-22T19:40:43.162-0800: 105.644: [Full GC (Allocation Failure) 2021-01-22T19:40:43.162-0800: 105.644: [Tenured: 349518K->349532K(349568K), 0.0322375 secs] 506733K->401056K(506816K), [Metaspace: 2698K->2698K(1056768K)], 0.0323349 secs] [Times: user=0.04 sys=0.00, real=0.03 secs] 
2021-01-22T19:40:43.209-0800: 105.691: [Full GC (Allocation Failure) 2021-01-22T19:40:43.209-0800: 105.691: [Tenured: 349532K->349413K(349568K), 0.0456723 secs] 506670K->398737K(506816K), [Metaspace: 2698K->2698K(1056768K)], 0.0457718 secs] [Times: user=0.04 sys=0.00, real=0.05 secs] 
2021-01-22T19:40:43.271-0800: 105.754: [Full GC (Allocation Failure) 2021-01-22T19:40:43.271-0800: 105.754: [Tenured: 349413K->349559K(349568K), 0.0587079 secs] 506541K->399643K(506816K), [Metaspace: 2698K->2698K(1056768K)], 0.0588286 secs] [Times: user=0.05 sys=0.00, real=0.06 secs] 
2021-01-22T19:40:43.343-0800: 105.826: [Full GC (Allocation Failure) 2021-01-22T19:40:43.343-0800: 105.826: [Tenured: 349559K->349548K(349568K), 0.0724303 secs] 506782K->388654K(506816K), [Metaspace: 2698K->2698K(1056768K)], 0.0725260 secs] [Times: user=0.06 sys=0.00, real=0.07 secs] 
2021-01-22T19:40:43.435-0800: 105.918: [Full GC (Allocation Failure) 2021-01-22T19:40:43.435-0800: 105.918: [Tenured: 349548K->349519K(349568K), 0.0438192 secs] 506635K->405106K(506816K), [Metaspace: 2698K->2698K(1056768K)], 0.0439381 secs] [Times: user=0.04 sys=0.00, real=0.04 secs] 
2021-01-22T19:40:43.496-0800: 105.979: [Full GC (Allocation Failure) 2021-01-22T19:40:43.496-0800: 105.979: [Tenured: 349519K->349343K(349568K), 0.0431118 secs] 506675K->397972K(506816K), [Metaspace: 2698K->2698K(1056768K)], 0.0432345 secs] [Times: user=0.04 sys=0.00, real=0.04 secs] 
2021-01-22T19:40:43.554-0800: 106.037: [Full GC (Allocation Failure) 2021-01-22T19:40:43.554-0800: 106.037: [Tenured: 349343K->349177K(349568K), 0.0505807 secs] 506567K->397363K(506816K), [Metaspace: 2698K->2698K(1056768K)], 0.0507276 secs] [Times: user=0.05 sys=0.00, real=0.05 secs] 
2021-01-22T19:40:43.623-0800: 106.106: [Full GC (Allocation Failure) 2021-01-22T19:40:43.623-0800: 106.106: [Tenured: 349543K->349404K(349568K), 0.0645111 secs] 506784K->385131K(506816K), [Metaspace: 2698K->2698K(1056768K)], 0.0647565 secs] [Times: user=0.06 sys=0.00, real=0.06 secs] 
2021-01-22T19:40:43.710-0800: 106.192: [Full GC (Allocation Failure) 2021-01-22T19:40:43.710-0800: 106.192: [Tenured: 349404K->349163K(349568K), 0.0397233 secs] 506128K->400456K(506816K), [Metaspace: 2698K->2698K(1056768K)], 0.0398141 secs] [Times: user=0.04 sys=0.00, real=0.04 secs] 
2021-01-22T19:40:43.768-0800: 106.250: [Full GC (Allocation Failure) 2021-01-22T19:40:43.768-0800: 106.250: [Tenured: 349471K->349515K(349568K), 0.0491050 secs] 506641K->397832K(506816K), [Metaspace: 2698K->2698K(1056768K)], 0.0492055 secs] [Times: user=0.05 sys=0.00, real=0.05 secs] 
2021-01-22T19:40:43.831-0800: 106.313: [Full GC (Allocation Failure) 2021-01-22T19:40:43.831-0800: 106.313: [Tenured: 349551K->349559K(349568K), 0.0444356 secs] 506785K->396635K(506816K), [Metaspace: 2698K->2698K(1056768K)], 0.0445301 secs] [Times: user=0.05 sys=0.00, real=0.04 secs] 
2021-01-22T19:40:43.889-0800: 106.372: [Full GC (Allocation Failure) 2021-01-22T19:40:43.889-0800: 106.372: [Tenured: 349559K->349370K(349568K), 0.0480858 secs] 506560K->381953K(506816K), [Metaspace: 2698K->2698K(1056768K)], 0.0481816 secs] [Times: user=0.05 sys=0.00, real=0.05 secs] 
2021-01-22T19:40:43.955-0800: 106.437: [Full GC (Allocation Failure) 2021-01-22T19:40:43.955-0800: 106.437: [Tenured: 349370K->349243K(349568K), 0.0283985 secs] 506518K->398535K(506816K), [Metaspace: 2698K->2698K(1056768K)], 0.0284901 secs] [Times: user=0.02 sys=0.00, real=0.03 secs] 
2021-01-22T19:40:43.996-0800: 106.478: [Full GC (Allocation Failure) 2021-01-22T19:40:43.996-0800: 106.478: [Tenured: 349243K->349333K(349568K), 0.0374042 secs] 506241K->399535K(506816K), [Metaspace: 2698K->2698K(1056768K)], 0.0375110 secs] [Times: user=0.03 sys=0.00, real=0.04 secs] 
2021-01-22T19:40:44.046-0800: 106.528: [Full GC (Allocation Failure) 2021-01-22T19:40:44.046-0800: 106.528: [Tenured: 349333K->349436K(349568K), 0.0407366 secs] 506397K->402372K(506816K), [Metaspace: 2698K->2698K(1056768K)], 0.0408323 secs] [Times: user=0.04 sys=0.00, real=0.04 secs] 
2021-01-22T19:40:44.100-0800: 106.582: [Full GC (Allocation Failure) 2021-01-22T19:40:44.100-0800: 106.582: [Tenured: 349436K->349451K(349568K), 0.0466029 secs] 506279K->378708K(506816K), [Metaspace: 2698K->2698K(1056768K)], 0.0466956 secs] [Times: user=0.04 sys=0.00, real=0.04 secs] 
2021-01-22T19:40:44.162-0800: 106.645: [Full GC (Allocation Failure) 2021-01-22T19:40:44.162-0800: 106.645: [Tenured: 349451K->349358K(349568K), 0.0340977 secs] 506244K->393206K(506816K), [Metaspace: 2698K->2698K(1056768K)], 0.0342063 secs] [Times: user=0.03 sys=0.00, real=0.03 secs] 
2021-01-22T19:40:44.210-0800: 106.692: [Full GC (Allocation Failure) 2021-01-22T19:40:44.210-0800: 106.693: [Tenured: 349537K->349092K(349568K), 0.0393664 secs] 506763K->398146K(506816K), [Metaspace: 2698K->2698K(1056768K)], 0.0394658 secs] [Times: user=0.04 sys=0.00, real=0.03 secs] 
2021-01-22T19:40:44.263-0800: 106.746: [Full GC (Allocation Failure) 2021-01-22T19:40:44.263-0800: 106.746: [Tenured: 349441K->349119K(349568K), 0.0399105 secs] 506686K->398670K(506816K), [Metaspace: 2698K->2698K(1056768K)], 0.0400145 secs] [Times: user=0.04 sys=0.00, real=0.04 secs] 
2021-01-22T19:40:44.316-0800: 106.799: [Full GC (Allocation Failure) 2021-01-22T19:40:44.316-0800: 106.799: [Tenured: 349119K->349539K(349568K), 0.0486350 secs] 505950K->384152K(506816K), [Metaspace: 2698K->2698K(1056768K)], 0.0487328 secs] [Times: user=0.05 sys=0.00, real=0.05 secs] 
2021-01-22T19:40:44.382-0800: 106.864: [Full GC (Allocation Failure) 2021-01-22T19:40:44.382-0800: 106.864: [Tenured: 349539K->349052K(349568K), 0.0341871 secs] 506641K->397089K(506816K), [Metaspace: 2698K->2698K(1056768K)], 0.0342885 secs] [Times: user=0.03 sys=0.00, real=0.03 secs] 
2021-01-22T19:40:44.429-0800: 106.912: [Full GC (Allocation Failure) 2021-01-22T19:40:44.429-0800: 106.912: [Tenured: 349222K->349429K(349568K), 0.0424870 secs] 506468K->396886K(506816K), [Metaspace: 2698K->2698K(1056768K)], 0.0425814 secs] [Times: user=0.04 sys=0.00, real=0.05 secs] 
2021-01-22T19:40:44.485-0800: 106.968: [Full GC (Allocation Failure) 2021-01-22T19:40:44.485-0800: 106.968: [Tenured: 349429K->349550K(349568K), 0.0433840 secs] 506629K->402518K(506816K), [Metaspace: 2698K->2698K(1056768K)], 0.0435026 secs] [Times: user=0.04 sys=0.01, real=0.04 secs] 
2021-01-22T19:40:44.542-0800: 107.025: [Full GC (Allocation Failure) 2021-01-22T19:40:44.542-0800: 107.025: [Tenured: 349550K->349227K(349568K), 0.0496851 secs] 506710K->385109K(506816K), [Metaspace: 2698K->2698K(1056768K)], 0.0497854 secs] [Times: user=0.04 sys=0.00, real=0.05 secs] 
2021-01-22T19:40:44.606-0800: 107.089: [Full GC (Allocation Failure) 2021-01-22T19:40:44.606-0800: 107.089: [Tenured: 349227K->349565K(349568K), 0.0280410 secs] 506374K->399084K(506816K), [Metaspace: 2698K->2698K(1056768K)], 0.0281423 secs] [Times: user=0.03 sys=0.00, real=0.03 secs] 
2021-01-22T19:40:44.648-0800: 107.131: [Full GC (Allocation Failure) 2021-01-22T19:40:44.648-0800: 107.131: [Tenured: 349565K->349141K(349568K), 0.0350660 secs] 506783K->396219K(506816K), [Metaspace: 2698K->2698K(1056768K)], 0.0351677 secs] [Times: user=0.04 sys=0.00, real=0.04 secs] 
2021-01-22T19:40:44.697-0800: 107.180: [Full GC (Allocation Failure) 2021-01-22T19:40:44.697-0800: 107.180: [Tenured: 349534K->349515K(349568K), 0.0369664 secs] 506773K->392827K(506816K), [Metaspace: 2698K->2698K(1056768K)], 0.0370646 secs] [Times: user=0.04 sys=0.00, real=0.04 secs] 
2021-01-22T19:40:44.748-0800: 107.231: [Full GC (Allocation Failure) 2021-01-22T19:40:44.748-0800: 107.231: [Tenured: 349515K->349501K(349568K), 0.0463266 secs] 506486K->373817K(506816K), [Metaspace: 2698K->2698K(1056768K)], 0.0464327 secs] [Times: user=0.05 sys=0.00, real=0.05 secs] 
2021-01-22T19:40:44.811-0800: 107.294: [Full GC (Allocation Failure) 2021-01-22T19:40:44.811-0800: 107.294: [Tenured: 349555K->349158K(349568K), 0.0277761 secs] 506789K->393075K(506816K), [Metaspace: 2698K->2698K(1056768K)], 0.0278748 secs] [Times: user=0.03 sys=0.00, real=0.02 secs] 
2021-01-22T19:40:44.854-0800: 107.336: [Full GC (Allocation Failure) 2021-01-22T19:40:44.854-0800: 107.336: [Tenured: 349158K->348983K(349568K), 0.0357001 secs] 506027K->387438K(506816K), [Metaspace: 2698K->2698K(1056768K)], 0.0358172 secs] [Times: user=0.04 sys=0.00, real=0.04 secs] 
2021-01-22T19:40:44.903-0800: 107.386: [Full GC (Allocation Failure) 2021-01-22T19:40:44.903-0800: 107.386: [Tenured: 349460K->349286K(349568K), 0.0388052 secs] 506585K->389762K(506816K), [Metaspace: 2698K->2698K(1056768K)], 0.0388941 secs] [Times: user=0.04 sys=0.00, real=0.04 secs] 
2021-01-22T19:40:44.956-0800: 107.439: [Full GC (Allocation Failure) 2021-01-22T19:40:44.956-0800: 107.439: [Tenured: 349286K->348889K(349568K), 0.0460339 secs] 506407K->375120K(506816K), [Metaspace: 2698K->2698K(1056768K)], 0.0461363 secs] [Times: user=0.04 sys=0.00, real=0.05 secs] 
2021-01-22T19:40:45.018-0800: 107.500: [Full GC (Allocation Failure) 2021-01-22T19:40:45.018-0800: 107.500: [Tenured: 349466K->349162K(349568K), 0.0337943 secs] 506706K->387962K(506816K), [Metaspace: 2698K->2698K(1056768K)], 0.0338977 secs] [Times: user=0.03 sys=0.00, real=0.04 secs] 
2021-01-22T19:40:45.065-0800: 107.548: [Full GC (Allocation Failure) 2021-01-22T19:40:45.065-0800: 107.548: [Tenured: 349517K->349416K(349568K), 0.0377596 secs] 506747K->390271K(506816K), [Metaspace: 2698K->2698K(1056768K)], 0.0378580 secs] [Times: user=0.03 sys=0.00, real=0.04 secs] 
2021-01-22T19:40:45.118-0800: 107.600: [Full GC (Allocation Failure) 2021-01-22T19:40:45.118-0800: 107.600: [Tenured: 349416K->349552K(349568K), 0.0388892 secs] 506600K->383354K(506816K), [Metaspace: 2698K->2698K(1056768K)], 0.0389873 secs] [Times: user=0.04 sys=0.00, real=0.04 secs] 
2021-01-22T19:40:45.171-0800: 107.654: [Full GC (Allocation Failure) 2021-01-22T19:40:45.171-0800: 107.654: [Tenured: 349552K->349525K(349568K), 0.0453911 secs] 506774K->369496K(506816K), [Metaspace: 2698K->2698K(1056768K)], 0.0454923 secs] [Times: user=0.05 sys=0.00, real=0.04 secs] 
2021-01-22T19:40:45.232-0800: 107.715: [Full GC (Allocation Failure) 2021-01-22T19:40:45.232-0800: 107.715: [Tenured: 349525K->349556K(349568K), 0.0302550 secs] 506364K->377259K(506816K), [Metaspace: 2698K->2698K(1056768K)], 0.0303462 secs] [Times: user=0.03 sys=0.00, real=0.03 secs] 
2021-01-22T19:40:45.278-0800: 107.761: [Full GC (Allocation Failure) 2021-01-22T19:40:45.278-0800: 107.761: [Tenured: 349556K->349418K(349568K), 0.0443084 secs] 506746K->378133K(506816K), [Metaspace: 2698K->2698K(1056768K)], 0.0444522 secs] [Times: user=0.04 sys=0.00, real=0.05 secs] 
2021-01-22T19:40:45.338-0800: 107.821: [Full GC (Allocation Failure) 2021-01-22T19:40:45.338-0800: 107.821: [Tenured: 349550K->349256K(349568K), 0.0396788 secs] 506792K->382704K(506816K), [Metaspace: 2698K->2698K(1056768K)], 0.0397799 secs] [Times: user=0.04 sys=0.00, real=0.04 secs] 
2021-01-22T19:40:45.392-0800: 107.875: [Full GC (Allocation Failure) 2021-01-22T19:40:45.393-0800: 107.875: [Tenured: 349256K->349303K(349568K), 0.0449451 secs] 505860K->361411K(506816K), [Metaspace: 2698K->2698K(1056768K)], 0.0450391 secs] [Times: user=0.04 sys=0.00, real=0.04 secs] 
2021-01-22T19:40:45.455-0800: 107.937: [Full GC (Allocation Failure) 2021-01-22T19:40:45.455-0800: 107.937: [Tenured: 349560K->349560K(349568K), 0.0298429 secs] 506786K->381376K(506816K), [Metaspace: 2698K->2698K(1056768K)], 0.0299387 secs] [Times: user=0.03 sys=0.00, real=0.03 secs] 
2021-01-22T19:40:45.499-0800: 107.982: [Full GC (Allocation Failure) 2021-01-22T19:40:45.500-0800: 107.982: [Tenured: 349560K->349533K(349568K), 0.0361077 secs] 506746K->377206K(506816K), [Metaspace: 2698K->2698K(1056768K)], 0.0362085 secs] [Times: user=0.04 sys=0.00, real=0.04 secs] 
2021-01-22T19:40:45.552-0800: 108.035: [Full GC (Allocation Failure) 2021-01-22T19:40:45.552-0800: 108.035: [Tenured: 349533K->349447K(349568K), 0.0436102 secs] 506713K->381336K(506816K), [Metaspace: 2698K->2698K(1056768K)], 0.0437056 secs] [Times: user=0.05 sys=0.00, real=0.04 secs] 
2021-01-22T19:40:45.612-0800: 108.095: [Full GC (Allocation Failure) 2021-01-22T19:40:45.612-0800: 108.095: [Tenured: 349555K->349415K(349568K), 0.0643845 secs] 506776K->362224K(506816K), [Metaspace: 2698K->2698K(1056768K)], 0.0644765 secs] [Times: user=0.06 sys=0.00, real=0.06 secs] 
2021-01-22T19:40:45.699-0800: 108.182: [Full GC (Allocation Failure) 2021-01-22T19:40:45.700-0800: 108.182: [Tenured: 349415K->349505K(349568K), 0.0331263 secs] 506131K->384578K(506816K), [Metaspace: 2698K->2698K(1056768K)], 0.0332255 secs] [Times: user=0.04 sys=0.00, real=0.04 secs] 
2021-01-22T19:40:45.748-0800: 108.230: [Full GC (Allocation Failure) 2021-01-22T19:40:45.748-0800: 108.231: [Tenured: 349505K->349439K(349568K), 0.0385942 secs] 506562K->387396K(506816K), [Metaspace: 2698K->2698K(1056768K)], 0.0386953 secs] [Times: user=0.04 sys=0.00, real=0.04 secs] 
2021-01-22T19:40:45.800-0800: 108.283: [Full GC (Allocation Failure) 2021-01-22T19:40:45.800-0800: 108.283: [Tenured: 349439K->349537K(349568K), 0.0396028 secs] 506602K->391316K(506816K), [Metaspace: 2698K->2698K(1056768K)], 0.0397094 secs] [Times: user=0.04 sys=0.00, real=0.04 secs] 
2021-01-22T19:40:45.855-0800: 108.337: [Full GC (Allocation Failure) 2021-01-22T19:40:45.855-0800: 108.337: [Tenured: 349537K->349548K(349568K), 0.0471426 secs] 506769K->379248K(506816K), [Metaspace: 2698K->2698K(1056768K)], 0.0472376 secs] [Times: user=0.04 sys=0.01, real=0.05 secs] 
2021-01-22T19:40:45.916-0800: 108.399: [Full GC (Allocation Failure) 2021-01-22T19:40:45.916-0800: 108.399: [Tenured: 349548K->349305K(349568K), 0.0273978 secs] 506747K->393034K(506816K), [Metaspace: 2698K->2698K(1056768K)], 0.0274923 secs] [Times: user=0.03 sys=0.00, real=0.03 secs] 
2021-01-22T19:40:45.957-0800: 108.439: [Full GC (Allocation Failure) 2021-01-22T19:40:45.957-0800: 108.439: [Tenured: 349305K->349500K(349568K), 0.0374328 secs] 506446K->395111K(506816K), [Metaspace: 2698K->2698K(1056768K)], 0.0375299 secs] [Times: user=0.04 sys=0.00, real=0.04 secs] 
2021-01-22T19:40:46.008-0800: 108.491: [Full GC (Allocation Failure) 2021-01-22T19:40:46.008-0800: 108.491: [Tenured: 349500K->349481K(349568K), 0.0400638 secs] 506729K->397836K(506816K), [Metaspace: 2698K->2698K(1056768K)], 0.0401709 secs] [Times: user=0.04 sys=0.00, real=0.04 secs] 
2021-01-22T19:40:46.062-0800: 108.545: [Full GC (Allocation Failure) 2021-01-22T19:40:46.062-0800: 108.545: [Tenured: 349481K->349536K(349568K), 0.0465423 secs] 506445K->372664K(506816K), [Metaspace: 2698K->2698K(1056768K)], 0.0466367 secs] [Times: user=0.05 sys=0.00, real=0.04 secs] 
2021-01-22T19:40:46.126-0800: 108.609: [Full GC (Allocation Failure) 2021-01-22T19:40:46.126-0800: 108.609: [Tenured: 349536K->349462K(349568K), 0.0288394 secs] 506077K->391966K(506816K), [Metaspace: 2698K->2698K(1056768K)], 0.0289401 secs] [Times: user=0.02 sys=0.00, real=0.03 secs] 
2021-01-22T19:40:46.169-0800: 108.651: [Full GC (Allocation Failure) 2021-01-22T19:40:46.169-0800: 108.651: [Tenured: 349526K->349350K(349568K), 0.0357742 secs] 506759K->393929K(506816K), [Metaspace: 2698K->2698K(1056768K)], 0.0358701 secs] [Times: user=0.03 sys=0.00, real=0.04 secs] 
2021-01-22T19:40:46.218-0800: 108.701: [Full GC (Allocation Failure) 2021-01-22T19:40:46.218-0800: 108.701: [Tenured: 349350K->349138K(349568K), 0.0428659 secs] 506508K->395478K(506816K), [Metaspace: 2698K->2698K(1056768K)], 0.0429646 secs] [Times: user=0.05 sys=0.00, real=0.05 secs] 
2021-01-22T19:40:46.274-0800: 108.757: [Full GC (Allocation Failure) 2021-01-22T19:40:46.275-0800: 108.757: [Tenured: 349138K->349458K(349568K), 0.0502237 secs] 506320K->385758K(506816K), [Metaspace: 2698K->2698K(1056768K)], 0.0503262 secs] [Times: user=0.05 sys=0.00, real=0.05 secs] 
2021-01-22T19:40:46.341-0800: 108.824: [Full GC (Allocation Failure) 2021-01-22T19:40:46.341-0800: 108.824: [Tenured: 349500K->349305K(349568K), 0.0343439 secs] 506722K->397773K(506816K), [Metaspace: 2698K->2698K(1056768K)], 0.0344370 secs] [Times: user=0.03 sys=0.00, real=0.03 secs] 
2021-01-22T19:40:46.389-0800: 108.872: [Full GC (Allocation Failure) 2021-01-22T19:40:46.389-0800: 108.872: [Tenured: 349305K->349545K(349568K), 0.0407793 secs] 505964K->397030K(506816K), [Metaspace: 2698K->2698K(1056768K)], 0.0408770 secs] [Times: user=0.04 sys=0.00, real=0.05 secs] 
2021-01-22T19:40:46.443-0800: 108.926: [Full GC (Allocation Failure) 2021-01-22T19:40:46.444-0800: 108.926: [Tenured: 349545K->348953K(349568K), 0.0429767 secs] 506727K->393775K(506816K), [Metaspace: 2698K->2698K(1056768K)], 0.0430844 secs] [Times: user=0.04 sys=0.00, real=0.04 secs] 
2021-01-22T19:40:46.500-0800: 108.983: [Full GC (Allocation Failure) 2021-01-22T19:40:46.500-0800: 108.983: [Tenured: 349282K->349540K(349568K), 0.0476010 secs] 506506K->376550K(506816K), [Metaspace: 2698K->2698K(1056768K)], 0.0476945 secs] [Times: user=0.05 sys=0.00, real=0.04 secs] 
2021-01-22T19:40:46.564-0800: 109.046: [Full GC (Allocation Failure) 2021-01-22T19:40:46.564-0800: 109.046: [Tenured: 349540K->349553K(349568K), 0.0297950 secs] 506179K->399129K(506816K), [Metaspace: 2698K->2698K(1056768K)], 0.0298887 secs] [Times: user=0.03 sys=0.00, real=0.03 secs] 
2021-01-22T19:40:46.606-0800: 109.089: [Full GC (Allocation Failure) 2021-01-22T19:40:46.606-0800: 109.089: [Tenured: 349553K->349532K(349568K), 0.0382431 secs] 506631K->394301K(506816K), [Metaspace: 2698K->2698K(1056768K)], 0.0383399 secs] [Times: user=0.03 sys=0.00, real=0.04 secs] 
2021-01-22T19:40:46.659-0800: 109.142: [Full GC (Allocation Failure) 2021-01-22T19:40:46.659-0800: 109.142: [Tenured: 349532K->349354K(349568K), 0.0414275 secs] 506778K->389969K(506816K), [Metaspace: 2698K->2698K(1056768K)], 0.0415278 secs] [Times: user=0.04 sys=0.00, real=0.05 secs] 
2021-01-22T19:40:46.716-0800: 109.198: [Full GC (Allocation Failure) 2021-01-22T19:40:46.716-0800: 109.198: [Tenured: 349354K->349443K(349568K), 0.0454286 secs] 506368K->368275K(506816K), [Metaspace: 2698K->2698K(1056768K)], 0.0455405 secs] [Times: user=0.05 sys=0.00, real=0.05 secs] 
2021-01-22T19:40:46.777-0800: 109.260: [Full GC (Allocation Failure) 2021-01-22T19:40:46.777-0800: 109.260: [Tenured: 349443K->349542K(349568K), 0.0271982 secs] 506608K->394452K(506816K), [Metaspace: 2698K->2698K(1056768K)], 0.0272945 secs] [Times: user=0.02 sys=0.00, real=0.03 secs] 
2021-01-22T19:40:46.818-0800: 109.301: [Full GC (Allocation Failure) 2021-01-22T19:40:46.818-0800: 109.301: [Tenured: 349542K->349526K(349568K), 0.0443031 secs] 506772K->389890K(506816K), [Metaspace: 2698K->2698K(1056768K)], 0.0444368 secs] [Times: user=0.04 sys=0.00, real=0.05 secs] 
2021-01-22T19:40:46.876-0800: 109.359: [Full GC (Allocation Failure) 2021-01-22T19:40:46.876-0800: 109.359: [Tenured: 349526K->349039K(349568K), 0.0393072 secs] 506537K->383626K(506816K), [Metaspace: 2698K->2698K(1056768K)], 0.0394005 secs] [Times: user=0.04 sys=0.00, real=0.04 secs] 
2021-01-22T19:40:46.930-0800: 109.413: [Full GC (Allocation Failure) 2021-01-22T19:40:46.930-0800: 109.413: [Tenured: 349039K->349566K(349568K), 0.0487041 secs] 505672K->368180K(506816K), [Metaspace: 2698K->2698K(1056768K)], 0.0488000 secs] [Times: user=0.05 sys=0.00, real=0.04 secs] 
2021-01-22T19:40:46.996-0800: 109.479: [Full GC (Allocation Failure) 2021-01-22T19:40:46.996-0800: 109.479: [Tenured: 349566K->349213K(349568K), 0.0306150 secs] 506741K->388949K(506816K), [Metaspace: 2698K->2698K(1056768K)], 0.0307112 secs] [Times: user=0.03 sys=0.00, real=0.03 secs] 
2021-01-22T19:40:47.042-0800: 109.524: [Full GC (Allocation Failure) 2021-01-22T19:40:47.042-0800: 109.524: [Tenured: 349213K->349407K(349568K), 0.0381274 secs] 506446K->387286K(506816K), [Metaspace: 2698K->2698K(1056768K)], 0.0382264 secs] [Times: user=0.04 sys=0.00, real=0.04 secs] 
2021-01-22T19:40:47.095-0800: 109.578: [Full GC (Allocation Failure) 2021-01-22T19:40:47.095-0800: 109.578: [Tenured: 349566K->349464K(349568K), 0.0401374 secs] 506767K->385667K(506816K), [Metaspace: 2698K->2698K(1056768K)], 0.0402300 secs] [Times: user=0.03 sys=0.00, real=0.04 secs] 
2021-01-22T19:40:47.150-0800: 109.633: [Full GC (Allocation Failure) 2021-01-22T19:40:47.150-0800: 109.633: [Tenured: 349464K->349500K(349568K), 0.0461252 secs] 506643K->370626K(506816K), [Metaspace: 2698K->2698K(1056768K)], 0.0462276 secs] [Times: user=0.05 sys=0.00, real=0.04 secs] 
2021-01-22T19:40:47.212-0800: 109.695: [Full GC (Allocation Failure) 2021-01-22T19:40:47.212-0800: 109.695: [Tenured: 349500K->349381K(349568K), 0.0315332 secs] 506678K->387433K(506816K), [Metaspace: 2698K->2698K(1056768K)], 0.0316322 secs] [Times: user=0.03 sys=0.00, real=0.03 secs] 
2021-01-22T19:40:47.259-0800: 109.742: [Full GC (Allocation Failure) 2021-01-22T19:40:47.259-0800: 109.742: [Tenured: 349525K->349432K(349568K), 0.0380195 secs] 506742K->386870K(506816K), [Metaspace: 2698K->2698K(1056768K)], 0.0381140 secs] [Times: user=0.03 sys=0.00, real=0.04 secs] 
2021-01-22T19:40:47.312-0800: 109.794: [Full GC (Allocation Failure) 2021-01-22T19:40:47.312-0800: 109.794: [Tenured: 349543K->349484K(349568K), 0.0401534 secs] 506768K->384646K(506816K), [Metaspace: 2698K->2698K(1056768K)], 0.0402705 secs] [Times: user=0.04 sys=0.00, real=0.04 secs] 
2021-01-22T19:40:47.367-0800: 109.850: [Full GC (Allocation Failure) 2021-01-22T19:40:47.367-0800: 109.850: [Tenured: 349484K->349531K(349568K), 0.0456175 secs] 506723K->364502K(506816K), [Metaspace: 2698K->2698K(1056768K)], 0.0457106 secs] [Times: user=0.05 sys=0.00, real=0.05 secs] 
2021-01-22T19:40:47.430-0800: 109.913: [Full GC (Allocation Failure) 2021-01-22T19:40:47.430-0800: 109.913: [Tenured: 349531K->349367K(349568K), 0.0291922 secs] 506752K->383819K(506816K), [Metaspace: 2698K->2698K(1056768K)], 0.0292894 secs] [Times: user=0.02 sys=0.00, real=0.02 secs] 
2021-01-22T19:40:47.474-0800: 109.957: [Full GC (Allocation Failure) 2021-01-22T19:40:47.474-0800: 109.957: [Tenured: 349439K->349447K(349568K), 0.0371775 secs] 506640K->385446K(506816K), [Metaspace: 2698K->2698K(1056768K)], 0.0372738 secs] [Times: user=0.04 sys=0.00, real=0.04 secs] 
2021-01-22T19:40:47.526-0800: 110.009: [Full GC (Allocation Failure) 2021-01-22T19:40:47.526-0800: 110.009: [Tenured: 349447K->349495K(349568K), 0.0404617 secs] 506542K->381840K(506816K), [Metaspace: 2698K->2698K(1056768K)], 0.0405609 secs] [Times: user=0.04 sys=0.00, real=0.04 secs] 
2021-01-22T19:40:47.582-0800: 110.065: [Full GC (Allocation Failure) 2021-01-22T19:40:47.582-0800: 110.065: [Tenured: 349495K->349457K(349568K), 0.0465048 secs] 506709K->375456K(506816K), [Metaspace: 2698K->2698K(1056768K)], 0.0465994 secs] [Times: user=0.04 sys=0.00, real=0.04 secs] 
2021-01-22T19:40:47.645-0800: 110.128: [Full GC (Allocation Failure) 2021-01-22T19:40:47.645-0800: 110.128: [Tenured: 349457K->349444K(349568K), 0.0307669 secs] 506374K->393159K(506816K), [Metaspace: 2698K->2698K(1056768K)], 0.0308584 secs] [Times: user=0.03 sys=0.00, real=0.03 secs] 
2021-01-22T19:40:47.690-0800: 110.173: [Full GC (Allocation Failure) 2021-01-22T19:40:47.690-0800: 110.173: [Tenured: 349516K->349487K(349568K), 0.0363841 secs] 506736K->393425K(506816K), [Metaspace: 2698K->2698K(1056768K)], 0.0364824 secs] [Times: user=0.04 sys=0.00, real=0.03 secs] 
2021-01-22T19:40:47.739-0800: 110.222: [Full GC (Allocation Failure) 2021-01-22T19:40:47.739-0800: 110.222: [Tenured: 349559K->349516K(349568K), 0.0394205 secs] 506755K->399761K(506816K), [Metaspace: 2698K->2698K(1056768K)], 0.0395201 secs] [Times: user=0.04 sys=0.00, real=0.04 secs] 
2021-01-22T19:40:47.792-0800: 110.275: [Full GC (Allocation Failure) 2021-01-22T19:40:47.792-0800: 110.275: [Tenured: 349552K->349175K(349568K), 0.0476174 secs] 506764K->382994K(506816K), [Metaspace: 2698K->2698K(1056768K)], 0.0477229 secs] [Times: user=0.05 sys=0.00, real=0.05 secs] 
2021-01-22T19:40:47.855-0800: 110.338: [Full GC (Allocation Failure) 2021-01-22T19:40:47.855-0800: 110.338: [Tenured: 349175K->349452K(349568K), 0.0254345 secs] 505958K->401028K(506816K), [Metaspace: 2698K->2698K(1056768K)], 0.0255279 secs] [Times: user=0.02 sys=0.00, real=0.03 secs] 
2021-01-22T19:40:47.893-0800: 110.376: [Full GC (Allocation Failure) 2021-01-22T19:40:47.893-0800: 110.376: [Tenured: 349560K->349531K(349568K), 0.0373674 secs] 506797K->401603K(506816K), [Metaspace: 2698K->2698K(1056768K)], 0.0374616 secs] [Times: user=0.04 sys=0.00, real=0.04 secs] 
2021-01-22T19:40:47.944-0800: 110.427: [Full GC (Allocation Failure) 2021-01-22T19:40:47.944-0800: 110.427: [Tenured: 349531K->349541K(349568K), 0.0403721 secs] 506412K->400000K(506816K), [Metaspace: 2698K->2698K(1056768K)], 0.0404674 secs] [Times: user=0.04 sys=0.00, real=0.04 secs] 
2021-01-22T19:40:47.997-0800: 110.480: [Full GC (Allocation Failure) 2021-01-22T19:40:47.997-0800: 110.480: [Tenured: 349541K->349537K(349568K), 0.0472012 secs] 506577K->382457K(506816K), [Metaspace: 2698K->2698K(1056768K)], 0.0473028 secs] [Times: user=0.04 sys=0.01, real=0.05 secs] 
2021-01-22T19:40:48.060-0800: 110.543: [Full GC (Allocation Failure) 2021-01-22T19:40:48.060-0800: 110.543: [Tenured: 349537K->349438K(349568K), 0.0330022 secs] 506743K->400187K(506816K), [Metaspace: 2698K->2698K(1056768K)], 0.0331029 secs] [Times: user=0.03 sys=0.00, real=0.03 secs] 
2021-01-22T19:40:48.107-0800: 110.589: [Full GC (Allocation Failure) 2021-01-22T19:40:48.107-0800: 110.589: [Tenured: 349438K->348984K(349568K), 0.0401100 secs] 506385K->400807K(506816K), [Metaspace: 2698K->2698K(1056768K)], 0.0402220 secs] [Times: user=0.04 sys=0.00, real=0.04 secs] 
2021-01-22T19:40:48.160-0800: 110.643: [Full GC (Allocation Failure) 2021-01-22T19:40:48.160-0800: 110.643: [Tenured: 349339K->349190K(349568K), 0.0413385 secs] 506569K->399325K(506816K), [Metaspace: 2698K->2698K(1056768K)], 0.0414315 secs] [Times: user=0.04 sys=0.00, real=0.04 secs] 
2021-01-22T19:40:48.214-0800: 110.696: [Full GC (Allocation Failure) 2021-01-22T19:40:48.214-0800: 110.697: [Tenured: 349190K->349106K(349568K), 0.0468948 secs] 505914K->380836K(506816K), [Metaspace: 2698K->2698K(1056768K)], 0.0469903 secs] [Times: user=0.05 sys=0.00, real=0.05 secs] 
2021-01-22T19:40:48.276-0800: 110.759: [Full GC (Allocation Failure) 2021-01-22T19:40:48.276-0800: 110.759: [Tenured: 349106K->349288K(349568K), 0.0278402 secs] 506050K->399020K(506816K), [Metaspace: 2698K->2698K(1056768K)], 0.0279423 secs] [Times: user=0.03 sys=0.00, real=0.03 secs] 
2021-01-22T19:40:48.317-0800: 110.800: [Full GC (Allocation Failure) 2021-01-22T19:40:48.317-0800: 110.800: [Tenured: 349507K->349548K(349568K), 0.0382647 secs] 506735K->396375K(506816K), [Metaspace: 2698K->2698K(1056768K)], 0.0383588 secs] [Times: user=0.04 sys=0.00, real=0.04 secs] 
2021-01-22T19:40:48.370-0800: 110.853: [Full GC (Allocation Failure) 2021-01-22T19:40:48.370-0800: 110.853: [Tenured: 349548K->349345K(349568K), 0.0398343 secs] 506188K->386324K(506816K), [Metaspace: 2698K->2698K(1056768K)], 0.0399304 secs] [Times: user=0.04 sys=0.00, real=0.04 secs] 
2021-01-22T19:40:48.424-0800: 110.907: [Full GC (Allocation Failure) 2021-01-22T19:40:48.424-0800: 110.907: [Tenured: 349489K->349395K(349568K), 0.0463256 secs] 506628K->381215K(506816K), [Metaspace: 2698K->2698K(1056768K)], 0.0464177 secs] [Times: user=0.04 sys=0.00, real=0.05 secs] 
2021-01-22T19:40:48.486-0800: 110.969: [Full GC (Allocation Failure) 2021-01-22T19:40:48.486-0800: 110.969: [Tenured: 349395K->349489K(349568K), 0.0263024 secs] 506463K->396758K(506816K), [Metaspace: 2698K->2698K(1056768K)], 0.0264043 secs] [Times: user=0.02 sys=0.00, real=0.03 secs] 
2021-01-22T19:40:48.526-0800: 111.008: [Full GC (Allocation Failure) 2021-01-22T19:40:48.526-0800: 111.008: [Tenured: 349489K->349482K(349568K), 0.0372424 secs] 506291K->394668K(506816K), [Metaspace: 2698K->2698K(1056768K)], 0.0373478 secs] [Times: user=0.03 sys=0.00, real=0.04 secs] 
2021-01-22T19:40:48.576-0800: 111.059: [Full GC (Allocation Failure) 2021-01-22T19:40:48.577-0800: 111.059: [Tenured: 349482K->349434K(349568K), 0.0408271 secs] 506581K->398367K(506816K), [Metaspace: 2698K->2698K(1056768K)], 0.0409274 secs] [Times: user=0.04 sys=0.00, real=0.04 secs] 
2021-01-22T19:40:48.631-0800: 111.114: [Full GC (Allocation Failure) 2021-01-22T19:40:48.631-0800: 111.114: [Tenured: 349434K->349410K(349568K), 0.0490600 secs] 506590K->378039K(506816K), [Metaspace: 2698K->2698K(1056768K)], 0.0491580 secs] [Times: user=0.05 sys=0.00, real=0.05 secs] 
2021-01-22T19:40:48.697-0800: 111.180: [Full GC (Allocation Failure) 2021-01-22T19:40:48.697-0800: 111.180: [Tenured: 349410K->349229K(349568K), 0.0289872 secs] 506282K->395759K(506816K), [Metaspace: 2698K->2698K(1056768K)], 0.0290931 secs] [Times: user=0.02 sys=0.00, real=0.03 secs] 
2021-01-22T19:40:48.740-0800: 111.223: [Full GC (Allocation Failure) 2021-01-22T19:40:48.740-0800: 111.223: [Tenured: 349476K->349482K(349568K), 0.0369507 secs] 506688K->391710K(506816K), [Metaspace: 2698K->2698K(1056768K)], 0.0370475 secs] [Times: user=0.03 sys=0.00, real=0.03 secs] 
2021-01-22T19:40:48.792-0800: 111.275: [Full GC (Allocation Failure) 2021-01-22T19:40:48.793-0800: 111.275: [Tenured: 349482K->349480K(349568K), 0.0410814 secs] 506612K->392144K(506816K), [Metaspace: 2698K->2698K(1056768K)], 0.0411804 secs] [Times: user=0.04 sys=0.00, real=0.04 secs] 
2021-01-22T19:40:48.848-0800: 111.331: [Full GC (Allocation Failure) 2021-01-22T19:40:48.848-0800: 111.331: [Tenured: 349480K->349075K(349568K), 0.0485640 secs] 506630K->378205K(506816K), [Metaspace: 2698K->2698K(1056768K)], 0.0486580 secs] [Times: user=0.05 sys=0.00, real=0.05 secs] 
2021-01-22T19:40:48.913-0800: 111.396: [Full GC (Allocation Failure) 2021-01-22T19:40:48.913-0800: 111.396: [Tenured: 349444K->349515K(349568K), 0.0274899 secs] 506432K->393409K(506816K), [Metaspace: 2698K->2698K(1056768K)], 0.0275881 secs] [Times: user=0.03 sys=0.00, real=0.03 secs] 
2021-01-22T19:40:48.955-0800: 111.438: [Full GC (Allocation Failure) 2021-01-22T19:40:48.956-0800: 111.438: [Tenured: 349515K->349409K(349568K), 0.0379695 secs] 506702K->394321K(506816K), [Metaspace: 2698K->2698K(1056768K)], 0.0380629 secs] [Times: user=0.04 sys=0.00, real=0.04 secs] 
2021-01-22T19:40:49.008-0800: 111.491: [Full GC (Allocation Failure) 2021-01-22T19:40:49.009-0800: 111.491: [Tenured: 349480K->349341K(349568K), 0.0411715 secs] 506680K->390106K(506816K), [Metaspace: 2698K->2698K(1056768K)], 0.0412616 secs] [Times: user=0.04 sys=0.00, real=0.05 secs] 
2021-01-22T19:40:49.065-0800: 111.547: [Full GC (Allocation Failure) 2021-01-22T19:40:49.065-0800: 111.547: [Tenured: 349557K->349499K(349568K), 0.0487016 secs] 506763K->372579K(506816K), [Metaspace: 2698K->2698K(1056768K)], 0.0488081 secs] [Times: user=0.04 sys=0.01, real=0.05 secs] 
2021-01-22T19:40:49.131-0800: 111.614: [Full GC (Allocation Failure) 2021-01-22T19:40:49.131-0800: 111.614: [Tenured: 349499K->349410K(349568K), 0.0352356 secs] 506341K->393108K(506816K), [Metaspace: 2698K->2698K(1056768K)], 0.0353318 secs] [Times: user=0.03 sys=0.00, real=0.03 secs] 
2021-01-22T19:40:49.180-0800: 111.663: [Full GC (Allocation Failure) 2021-01-22T19:40:49.180-0800: 111.663: [Tenured: 349410K->349455K(349568K), 0.0383956 secs] 506496K->388788K(506816K), [Metaspace: 2698K->2698K(1056768K)], 0.0385014 secs] [Times: user=0.03 sys=0.00, real=0.03 secs] 
2021-01-22T19:40:49.233-0800: 111.716: [Full GC (Allocation Failure) 2021-01-22T19:40:49.233-0800: 111.716: [Tenured: 349455K->349376K(349568K), 0.0408321 secs] 506199K->381081K(506816K), [Metaspace: 2698K->2698K(1056768K)], 0.0409366 secs] [Times: user=0.04 sys=0.00, real=0.04 secs] 
2021-01-22T19:40:49.290-0800: 111.773: [Full GC (Allocation Failure) 2021-01-22T19:40:49.290-0800: 111.773: [Tenured: 349376K->349318K(349568K), 0.0477052 secs] 506107K->367986K(506816K), [Metaspace: 2698K->2698K(1056768K)], 0.0478254 secs] [Times: user=0.05 sys=0.00, real=0.04 secs] 
2021-01-22T19:40:49.356-0800: 111.839: [Full GC (Allocation Failure) 2021-01-22T19:40:49.356-0800: 111.839: [Tenured: 349462K->349559K(349568K), 0.0248995 secs] 506706K->381476K(506816K), [Metaspace: 2698K->2698K(1056768K)], 0.0249934 secs] [Times: user=0.02 sys=0.00, real=0.03 secs] 
2021-01-22T19:40:49.396-0800: 111.879: [Full GC (Allocation Failure) 2021-01-22T19:40:49.396-0800: 111.879: [Tenured: 349559K->349113K(349568K), 0.0367242 secs] 506698K->377256K(506816K), [Metaspace: 2698K->2698K(1056768K)], 0.0368217 secs] [Times: user=0.03 sys=0.00, real=0.04 secs] 
2021-01-22T19:40:49.449-0800: 111.932: [Full GC (Allocation Failure) 2021-01-22T19:40:49.449-0800: 111.932: [Tenured: 349500K->349069K(349568K), 0.0388871 secs] 506670K->378017K(506816K), [Metaspace: 2698K->2698K(1056768K)], 0.0389855 secs] [Times: user=0.04 sys=0.00, real=0.04 secs] 
2021-01-22T19:40:49.505-0800: 111.988: [Full GC (Allocation Failure) 2021-01-22T19:40:49.505-0800: 111.988: [Tenured: 349316K->349387K(349568K), 0.0452328 secs] 506546K->359774K(506816K), [Metaspace: 2698K->2698K(1056768K)], 0.0453230 secs] [Times: user=0.05 sys=0.00, real=0.05 secs] 
2021-01-22T19:40:49.568-0800: 112.051: [Full GC (Allocation Failure) 2021-01-22T19:40:49.568-0800: 112.051: [Tenured: 349531K->349106K(349568K), 0.0288703 secs] 506714K->381066K(506816K), [Metaspace: 2698K->2698K(1056768K)], 0.0289724 secs] [Times: user=0.03 sys=0.00, real=0.03 secs] 
2021-01-22T19:40:49.613-0800: 112.095: [Full GC (Allocation Failure) 2021-01-22T19:40:49.613-0800: 112.096: [Tenured: 349529K->349423K(349568K), 0.0360934 secs] 506742K->381445K(506816K), [Metaspace: 2698K->2698K(1056768K)], 0.0361884 secs] [Times: user=0.04 sys=0.00, real=0.03 secs] 
2021-01-22T19:40:49.663-0800: 112.146: [Full GC (Allocation Failure) 2021-01-22T19:40:49.663-0800: 112.146: [Tenured: 349423K->349514K(349568K), 0.0403104 secs] 506623K->388046K(506816K), [Metaspace: 2698K->2698K(1056768K)], 0.0404039 secs] [Times: user=0.04 sys=0.00, real=0.04 secs] 
2021-01-22T19:40:49.718-0800: 112.201: [Full GC (Allocation Failure) 2021-01-22T19:40:49.718-0800: 112.201: [Tenured: 349514K->349112K(349568K), 0.0466548 secs] 506634K->376085K(506816K), [Metaspace: 2698K->2698K(1056768K)], 0.0467548 secs] [Times: user=0.05 sys=0.00, real=0.05 secs] 
2021-01-22T19:40:49.780-0800: 112.262: [Full GC (Allocation Failure) 2021-01-22T19:40:49.780-0800: 112.262: [Tenured: 349112K->349488K(349568K), 0.0289659 secs] 506233K->401377K(506816K), [Metaspace: 2698K->2698K(1056768K)], 0.0290683 secs] [Times: user=0.02 sys=0.00, real=0.02 secs] 
2021-01-22T19:40:49.821-0800: 112.304: [Full GC (Allocation Failure) 2021-01-22T19:40:49.821-0800: 112.304: [Tenured: 349488K->349548K(349568K), 0.0375441 secs] 506719K->408241K(506816K), [Metaspace: 2698K->2698K(1056768K)], 0.0376439 secs] [Times: user=0.03 sys=0.00, real=0.03 secs] 
2021-01-22T19:40:49.870-0800: 112.353: [Full GC (Allocation Failure) 2021-01-22T19:40:49.870-0800: 112.353: [Tenured: 349561K->349382K(349568K), 0.0415674 secs] 506806K->410710K(506816K), [Metaspace: 2698K->2698K(1056768K)], 0.0416683 secs] [Times: user=0.05 sys=0.00, real=0.04 secs] 
2021-01-22T19:40:49.926-0800: 112.408: [Full GC (Allocation Failure) 2021-01-22T19:40:49.926-0800: 112.409: [Tenured: 349382K->349507K(349568K), 0.0475145 secs] 506148K->388185K(506816K), [Metaspace: 2698K->2698K(1056768K)], 0.0476210 secs] [Times: user=0.05 sys=0.00, real=0.05 secs] 
2021-01-22T19:40:49.987-0800: 112.470: [Full GC (Allocation Failure) 2021-01-22T19:40:49.987-0800: 112.470: [Tenured: 349507K->349556K(349568K), 0.0308071 secs] 506632K->403773K(506816K), [Metaspace: 2698K->2698K(1056768K)], 0.0308895 secs] [Times: user=0.03 sys=0.00, real=0.03 secs] 
2021-01-22T19:40:50.031-0800: 112.514: [Full GC (Allocation Failure) 2021-01-22T19:40:50.031-0800: 112.514: [Tenured: 349556K->348826K(349568K), 0.0377010 secs] 506363K->396071K(506816K), [Metaspace: 2698K->2698K(1056768K)], 0.0377999 secs] [Times: user=0.04 sys=0.00, real=0.03 secs] 
2021-01-22T19:40:50.082-0800: 112.565: [Full GC (Allocation Failure) 2021-01-22T19:40:50.082-0800: 112.565: [Tenured: 349436K->349529K(349568K), 0.0400178 secs] 506682K->395347K(506816K), [Metaspace: 2698K->2698K(1056768K)], 0.0401538 secs] [Times: user=0.04 sys=0.01, real=0.04 secs] 
2021-01-22T19:40:50.136-0800: 112.618: [Full GC (Allocation Failure) 2021-01-22T19:40:50.136-0800: 112.619: [Tenured: 349529K->349457K(349568K), 0.0464469 secs] 506727K->373252K(506816K), [Metaspace: 2698K->2698K(1056768K)], 0.0465451 secs] [Times: user=0.04 sys=0.00, real=0.05 secs] 
2021-01-22T19:40:50.198-0800: 112.681: [Full GC (Allocation Failure) 2021-01-22T19:40:50.198-0800: 112.681: [Tenured: 349457K->349371K(349568K), 0.0306042 secs] 506454K->388227K(506816K), [Metaspace: 2698K->2698K(1056768K)], 0.0306939 secs] [Times: user=0.03 sys=0.00, real=0.03 secs] 
2021-01-22T19:40:50.244-0800: 112.727: [Full GC (Allocation Failure) 2021-01-22T19:40:50.244-0800: 112.727: [Tenured: 349371K->349117K(349568K), 0.0380733 secs] 506618K->393721K(506816K), [Metaspace: 2698K->2698K(1056768K)], 0.0381756 secs] [Times: user=0.04 sys=0.00, real=0.04 secs] 
2021-01-22T19:40:50.296-0800: 112.779: [Full GC (Allocation Failure) 2021-01-22T19:40:50.297-0800: 112.779: [Tenured: 349564K->349358K(349568K), 0.0394957 secs] 506810K->387140K(506816K), [Metaspace: 2698K->2698K(1056768K)], 0.0395930 secs] [Times: user=0.03 sys=0.00, real=0.04 secs] 
2021-01-22T19:40:50.351-0800: 112.834: [Full GC (Allocation Failure) 2021-01-22T19:40:50.351-0800: 112.834: [Tenured: 349358K->349557K(349568K), 0.0465806 secs] 506578K->371815K(506816K), [Metaspace: 2698K->2698K(1056768K)], 0.0467016 secs] [Times: user=0.05 sys=0.00, real=0.04 secs] 
2021-01-22T19:40:50.414-0800: 112.897: [Full GC (Allocation Failure) 2021-01-22T19:40:50.414-0800: 112.897: [Tenured: 349557K->349336K(349568K), 0.0276729 secs] 506690K->389770K(506816K), [Metaspace: 2698K->2698K(1056768K)], 0.0277915 secs] [Times: user=0.03 sys=0.00, real=0.03 secs] 
2021-01-22T19:40:50.456-0800: 112.939: [Full GC (Allocation Failure) 2021-01-22T19:40:50.456-0800: 112.939: [Tenured: 349336K->349521K(349568K), 0.0362516 secs] 506284K->394863K(506816K), [Metaspace: 2698K->2698K(1056768K)], 0.0363727 secs] [Times: user=0.04 sys=0.00, real=0.04 secs] 
2021-01-22T19:40:50.506-0800: 112.988: [Full GC (Allocation Failure) 2021-01-22T19:40:50.506-0800: 112.989: [Tenured: 349521K->349475K(349568K), 0.0396948 secs] 506554K->392033K(506816K), [Metaspace: 2698K->2698K(1056768K)], 0.0397862 secs] [Times: user=0.04 sys=0.00, real=0.04 secs] 
2021-01-22T19:40:50.559-0800: 113.042: [Full GC (Allocation Failure) 2021-01-22T19:40:50.559-0800: 113.042: [Tenured: 349547K->349560K(349568K), 0.0488656 secs] 506764K->376908K(506816K), [Metaspace: 2698K->2698K(1056768K)], 0.0489605 secs] [Times: user=0.05 sys=0.00, real=0.05 secs] 
2021-01-22T19:40:50.625-0800: 113.107: [Full GC (Allocation Failure) 2021-01-22T19:40:50.625-0800: 113.108: [Tenured: 349560K->349536K(349568K), 0.0321565 secs] 506690K->389892K(506816K), [Metaspace: 2698K->2698K(1056768K)], 0.0322701 secs] [Times: user=0.03 sys=0.00, real=0.03 secs] 
2021-01-22T19:40:50.671-0800: 113.154: [Full GC (Allocation Failure) 2021-01-22T19:40:50.671-0800: 113.154: [Tenured: 349536K->349454K(349568K), 0.0396636 secs] 506764K->388387K(506816K), [Metaspace: 2698K->2698K(1056768K)], 0.0397638 secs] [Times: user=0.04 sys=0.00, real=0.04 secs] 
2021-01-22T19:40:50.725-0800: 113.208: [Full GC (Allocation Failure) 2021-01-22T19:40:50.725-0800: 113.208: [Tenured: 349562K->349537K(349568K), 0.0427335 secs] 506795K->385840K(506816K), [Metaspace: 2698K->2698K(1056768K)], 0.0428312 secs] [Times: user=0.04 sys=0.00, real=0.04 secs] 
2021-01-22T19:40:50.783-0800: 113.266: [Full GC (Allocation Failure) 2021-01-22T19:40:50.783-0800: 113.266: [Tenured: 349537K->349361K(349568K), 0.0479596 secs] 506697K->369591K(506816K), [Metaspace: 2698K->2698K(1056768K)], 0.0480590 secs] [Times: user=0.05 sys=0.00, real=0.05 secs] 
2021-01-22T19:40:50.849-0800: 113.332: [Full GC (Allocation Failure) 2021-01-22T19:40:50.849-0800: 113.332: [Tenured: 349361K->349459K(349568K), 0.0305759 secs] 506177K->388319K(506816K), [Metaspace: 2698K->2698K(1056768K)], 0.0306913 secs] [Times: user=0.03 sys=0.00, real=0.03 secs] 
2021-01-22T19:40:50.893-0800: 113.376: [Full GC (Allocation Failure) 2021-01-22T19:40:50.894-0800: 113.376: [Tenured: 349459K->349496K(349568K), 0.0374913 secs] 506683K->389629K(506816K), [Metaspace: 2698K->2698K(1056768K)], 0.0376174 secs] [Times: user=0.04 sys=0.00, real=0.04 secs] 
2021-01-22T19:40:50.945-0800: 113.428: [Full GC (Allocation Failure) 2021-01-22T19:40:50.945-0800: 113.428: [Tenured: 349496K->349162K(349568K), 0.0393418 secs] 506697K->386354K(506816K), [Metaspace: 2698K->2698K(1056768K)], 0.0394368 secs] [Times: user=0.04 sys=0.00, real=0.04 secs] 
2021-01-22T19:40:50.999-0800: 113.482: [Full GC (Allocation Failure) 2021-01-22T19:40:50.999-0800: 113.482: [Tenured: 349564K->349327K(349568K), 0.0478032 secs] 506775K->365135K(506816K), [Metaspace: 2698K->2698K(1056768K)], 0.0478955 secs] [Times: user=0.04 sys=0.00, real=0.05 secs] 
2021-01-22T19:40:51.082-0800: 113.565: [Full GC (Allocation Failure) 2021-01-22T19:40:51.082-0800: 113.565: [Tenured: 349381K->349442K(349568K), 0.0315343 secs] 506614K->389031K(506816K), [Metaspace: 2698K->2698K(1056768K)], 0.0316438 secs] [Times: user=0.03 sys=0.01, real=0.03 secs] 
2021-01-22T19:40:51.129-0800: 113.612: [Full GC (Allocation Failure) 2021-01-22T19:40:51.129-0800: 113.612: [Tenured: 349442K->349384K(349568K), 0.0391683 secs] 506426K->393885K(506816K), [Metaspace: 2698K->2698K(1056768K)], 0.0392603 secs] [Times: user=0.04 sys=0.00, real=0.04 secs] 
2021-01-22T19:40:51.182-0800: 113.665: [Full GC (Allocation Failure) 2021-01-22T19:40:51.182-0800: 113.665: [Tenured: 349384K->349329K(349568K), 0.0430229 secs] 506379K->394418K(506816K), [Metaspace: 2698K->2698K(1056768K)], 0.0431323 secs] [Times: user=0.04 sys=0.00, real=0.04 secs] 
2021-01-22T19:40:51.239-0800: 113.722: [Full GC (Allocation Failure) 2021-01-22T19:40:51.239-0800: 113.722: [Tenured: 349329K->349427K(349568K), 0.0470867 secs] 506343K->372598K(506816K), [Metaspace: 2698K->2698K(1056768K)], 0.0471802 secs] [Times: user=0.04 sys=0.00, real=0.05 secs] 
2021-01-22T19:40:51.303-0800: 113.786: [Full GC (Allocation Failure) 2021-01-22T19:40:51.303-0800: 113.786: [Tenured: 349545K->349453K(349568K), 0.0298781 secs] 506782K->392182K(506816K), [Metaspace: 2698K->2698K(1056768K)], 0.0299756 secs] [Times: user=0.03 sys=0.00, real=0.03 secs] 
2021-01-22T19:40:51.347-0800: 113.830: [Full GC (Allocation Failure) 2021-01-22T19:40:51.347-0800: 113.830: [Tenured: 349453K->349398K(349568K), 0.0388939 secs] 506576K->392600K(506816K), [Metaspace: 2698K->2698K(1056768K)], 0.0389899 secs] [Times: user=0.04 sys=0.00, real=0.04 secs] 
2021-01-22T19:40:51.400-0800: 113.883: [Full GC (Allocation Failure) 2021-01-22T19:40:51.400-0800: 113.883: [Tenured: 349398K->349516K(349568K), 0.0405212 secs] 506307K->391690K(506816K), [Metaspace: 2698K->2698K(1056768K)], 0.0406188 secs] [Times: user=0.04 sys=0.00, real=0.04 secs] 
2021-01-22T19:40:51.455-0800: 113.938: [Full GC (Allocation Failure) 2021-01-22T19:40:51.455-0800: 113.938: [Tenured: 349516K->349545K(349568K), 0.0481306 secs] 506630K->370766K(506816K), [Metaspace: 2698K->2698K(1056768K)], 0.0482311 secs] [Times: user=0.04 sys=0.00, real=0.05 secs] 
2021-01-22T19:40:51.520-0800: 114.003: [Full GC (Allocation Failure) 2021-01-22T19:40:51.520-0800: 114.003: [Tenured: 349545K->349411K(349568K), 0.0363640 secs] 506618K->390281K(506816K), [Metaspace: 2698K->2698K(1056768K)], 0.0391890 secs] [Times: user=0.03 sys=0.00, real=0.04 secs] 
2021-01-22T19:40:51.574-0800: 114.057: [Full GC (Allocation Failure) 2021-01-22T19:40:51.574-0800: 114.057: [Tenured: 349555K->349391K(349568K), 0.0424565 secs] 506728K->396869K(506816K), [Metaspace: 2698K->2698K(1056768K)], 0.0425767 secs] [Times: user=0.04 sys=0.00, real=0.04 secs] 
2021-01-22T19:40:51.631-0800: 114.114: [Full GC (Allocation Failure) 2021-01-22T19:40:51.631-0800: 114.114: [Tenured: 349391K->349482K(349568K), 0.0456066 secs] 506598K->396839K(506816K), [Metaspace: 2698K->2698K(1056768K)], 0.0457068 secs] [Times: user=0.05 sys=0.00, real=0.04 secs] 
2021-01-22T19:40:51.691-0800: 114.174: [Full GC (Allocation Failure) 2021-01-22T19:40:51.691-0800: 114.174: [Tenured: 349482K->349012K(349568K), 0.0507383 secs] 506334K->383359K(506816K), [Metaspace: 2698K->2698K(1056768K)], 0.0508687 secs] [Times: user=0.05 sys=0.00, real=0.05 secs] 
2021-01-22T19:40:51.758-0800: 114.241: [Full GC (Allocation Failure) 2021-01-22T19:40:51.759-0800: 114.241: [Tenured: 349505K->349077K(349568K), 0.0304186 secs] 506747K->403242K(506816K), [Metaspace: 2698K->2698K(1056768K)], 0.0305203 secs] [Times: user=0.03 sys=0.00, real=0.03 secs] 
2021-01-22T19:40:51.801-0800: 114.284: [Full GC (Allocation Failure) 2021-01-22T19:40:51.802-0800: 114.284: [Tenured: 349553K->349464K(349568K), 0.0381728 secs] 506758K->400808K(506816K), [Metaspace: 2698K->2698K(1056768K)], 0.0382847 secs] [Times: user=0.04 sys=0.01, real=0.04 secs] 
2021-01-22T19:40:51.852-0800: 114.335: [Full GC (Allocation Failure) 2021-01-22T19:40:51.852-0800: 114.335: [Tenured: 349464K->349443K(349568K), 0.0425281 secs] 506689K->408612K(506816K), [Metaspace: 2698K->2698K(1056768K)], 0.0427232 secs] [Times: user=0.04 sys=0.00, real=0.04 secs] 
2021-01-22T19:40:51.906-0800: 114.389: [Full GC (Allocation Failure) 2021-01-22T19:40:51.906-0800: 114.389: [Tenured: 349443K->349416K(349568K), 0.0525444 secs] 506673K->394939K(506816K), [Metaspace: 2698K->2698K(1056768K)], 0.0527729 secs] [Times: user=0.05 sys=0.00, real=0.05 secs] 
2021-01-22T19:40:51.973-0800: 114.456: [Full GC (Allocation Failure) 2021-01-22T19:40:51.973-0800: 114.456: [Tenured: 349416K->348922K(349568K), 0.0247974 secs] 505968K->414272K(506816K), [Metaspace: 2698K->2698K(1056768K)], 0.0249029 secs] [Times: user=0.02 sys=0.00, real=0.02 secs] 
2021-01-22T19:40:52.010-0800: 114.493: [Full GC (Allocation Failure) 2021-01-22T19:40:52.010-0800: 114.493: [Tenured: 349564K->349515K(349568K), 0.0351996 secs] 506756K->414338K(506816K), [Metaspace: 2698K->2698K(1056768K)], 0.0353170 secs] [Times: user=0.04 sys=0.00, real=0.03 secs] 
2021-01-22T19:40:52.057-0800: 114.540: [Full GC (Allocation Failure) 2021-01-22T19:40:52.057-0800: 114.540: [Tenured: 349515K->349302K(349568K), 0.0394373 secs] 506706K->411027K(506816K), [Metaspace: 2698K->2698K(1056768K)], 0.0395401 secs] [Times: user=0.04 sys=0.00, real=0.04 secs] 
2021-01-22T19:40:52.108-0800: 114.591: [Full GC (Allocation Failure) 2021-01-22T19:40:52.108-0800: 114.591: [Tenured: 349487K->349421K(349568K), 0.0509681 secs] 506706K->393848K(506816K), [Metaspace: 2698K->2698K(1056768K)], 0.0510720 secs] [Times: user=0.05 sys=0.00, real=0.05 secs] 
2021-01-22T19:40:52.172-0800: 114.655: [Full GC (Allocation Failure) 2021-01-22T19:40:52.172-0800: 114.655: [Tenured: 349493K->349513K(349568K), 0.0286150 secs] 506737K->406558K(506816K), [Metaspace: 2698K->2698K(1056768K)], 0.0287210 secs] [Times: user=0.03 sys=0.00, real=0.03 secs] 
2021-01-22T19:40:52.212-0800: 114.695: [Full GC (Allocation Failure) 2021-01-22T19:40:52.212-0800: 114.695: [Tenured: 349513K->349522K(349568K), 0.0393381 secs] 506699K->405830K(506816K), [Metaspace: 2698K->2698K(1056768K)], 0.0394403 secs] [Times: user=0.04 sys=0.00, real=0.04 secs] 
2021-01-22T19:40:52.265-0800: 114.748: [Full GC (Allocation Failure) 2021-01-22T19:40:52.265-0800: 114.748: [Tenured: 349558K->349334K(349568K), 0.0432101 secs] 506786K->401584K(506816K), [Metaspace: 2698K->2698K(1056768K)], 0.0433078 secs] [Times: user=0.05 sys=0.00, real=0.04 secs] 
2021-01-22T19:40:52.322-0800: 114.805: [Full GC (Allocation Failure) 2021-01-22T19:40:52.322-0800: 114.805: [Tenured: 349334K->349114K(349568K), 0.0497707 secs] 506539K->388498K(506816K), [Metaspace: 2698K->2698K(1056768K)], 0.0498706 secs] [Times: user=0.05 sys=0.00, real=0.05 secs] 
2021-01-22T19:40:52.387-0800: 114.870: [Full GC (Allocation Failure) 2021-01-22T19:40:52.387-0800: 114.870: [Tenured: 349499K->349558K(349568K), 0.0291442 secs] 506747K->402075K(506816K), [Metaspace: 2698K->2698K(1056768K)], 0.0292575 secs] [Times: user=0.03 sys=0.00, real=0.03 secs] 
2021-01-22T19:40:52.430-0800: 114.913: [Full GC (Allocation Failure) 2021-01-22T19:40:52.430-0800: 114.913: [Tenured: 349558K->348890K(349568K), 0.0375707 secs] 506466K->397371K(506816K), [Metaspace: 2698K->2698K(1056768K)], 0.0376712 secs] [Times: user=0.04 sys=0.00, real=0.03 secs] 
2021-01-22T19:40:52.482-0800: 114.965: [Full GC (Allocation Failure) 2021-01-22T19:40:52.482-0800: 114.965: [Tenured: 349561K->349404K(349568K), 0.0399884 secs] 506797K->395313K(506816K), [Metaspace: 2698K->2698K(1056768K)], 0.0400913 secs] [Times: user=0.04 sys=0.00, real=0.04 secs] 
2021-01-22T19:40:52.537-0800: 115.020: [Full GC (Allocation Failure) 2021-01-22T19:40:52.537-0800: 115.020: [Tenured: 349548K->349426K(349568K), 0.0478883 secs] 506769K->379385K(506816K), [Metaspace: 2698K->2698K(1056768K)], 0.0479853 secs] [Times: user=0.04 sys=0.00, real=0.05 secs] 
2021-01-22T19:40:52.601-0800: 115.084: [Full GC (Allocation Failure) 2021-01-22T19:40:52.601-0800: 115.084: [Tenured: 349526K->349416K(349568K), 0.0314489 secs] 506755K->398615K(506816K), [Metaspace: 2698K->2698K(1056768K)], 0.0315570 secs] [Times: user=0.03 sys=0.00, real=0.03 secs] 
2021-01-22T19:40:52.646-0800: 115.129: [Full GC (Allocation Failure) 2021-01-22T19:40:52.646-0800: 115.129: [Tenured: 349524K->349146K(349568K), 0.0367381 secs] 506755K->393009K(506816K), [Metaspace: 2698K->2698K(1056768K)], 0.0368482 secs] [Times: user=0.04 sys=0.00, real=0.04 secs] 
2021-01-22T19:40:52.696-0800: 115.179: [Full GC (Allocation Failure) 2021-01-22T19:40:52.696-0800: 115.179: [Tenured: 349536K->348971K(349568K), 0.0384983 secs] 506612K->387784K(506816K), [Metaspace: 2698K->2698K(1056768K)], 0.0386017 secs] [Times: user=0.03 sys=0.00, real=0.04 secs] 
2021-01-22T19:40:52.749-0800: 115.232: [Full GC (Allocation Failure) 2021-01-22T19:40:52.749-0800: 115.232: [Tenured: 349103K->349318K(349568K), 0.0469655 secs] 506257K->368465K(506816K), [Metaspace: 2698K->2698K(1056768K)], 0.0470659 secs] [Times: user=0.04 sys=0.00, real=0.05 secs] 
2021-01-22T19:40:52.813-0800: 115.296: [Full GC (Allocation Failure) 2021-01-22T19:40:52.814-0800: 115.297: [Tenured: 349318K->349375K(349568K), 0.0305264 secs] 506192K->389693K(506816K), [Metaspace: 2698K->2698K(1056768K)], 0.0306298 secs] [Times: user=0.03 sys=0.00, real=0.03 secs] 
2021-01-22T19:40:52.858-0800: 115.341: [Full GC (Allocation Failure) 2021-01-22T19:40:52.858-0800: 115.341: [Tenured: 349519K->349551K(349568K), 0.0382817 secs] 506743K->388738K(506816K), [Metaspace: 2698K->2698K(1056768K)], 0.0383883 secs] [Times: user=0.04 sys=0.00, real=0.04 secs] 
2021-01-22T19:40:52.912-0800: 115.395: [Full GC (Allocation Failure) 2021-01-22T19:40:52.912-0800: 115.395: [Tenured: 349551K->349424K(349568K), 0.0403792 secs] 506770K->386235K(506816K), [Metaspace: 2698K->2698K(1056768K)], 0.0404859 secs] [Times: user=0.04 sys=0.00, real=0.04 secs] 
2021-01-22T19:40:52.967-0800: 115.450: [Full GC (Allocation Failure) 2021-01-22T19:40:52.968-0800: 115.451: [Tenured: 349496K->349565K(349568K), 0.0463736 secs] 506699K->369490K(506816K), [Metaspace: 2698K->2698K(1056768K)], 0.0464798 secs] [Times: user=0.05 sys=0.00, real=0.05 secs] 
2021-01-22T19:40:53.030-0800: 115.513: [Full GC (Allocation Failure) 2021-01-22T19:40:53.030-0800: 115.513: [Tenured: 349565K->349521K(349568K), 0.0303119 secs] 506664K->396230K(506816K), [Metaspace: 2698K->2698K(1056768K)], 0.0304118 secs] [Times: user=0.03 sys=0.00, real=0.03 secs] 
2021-01-22T19:40:53.074-0800: 115.557: [Full GC (Allocation Failure) 2021-01-22T19:40:53.074-0800: 115.557: [Tenured: 349521K->349079K(349568K), 0.0404744 secs] 506580K->395917K(506816K), [Metaspace: 2698K->2698K(1056768K)], 0.0405704 secs] [Times: user=0.04 sys=0.00, real=0.04 secs] 
2021-01-22T19:40:53.127-0800: 115.610: [Full GC (Allocation Failure) 2021-01-22T19:40:53.127-0800: 115.610: [Tenured: 349299K->349556K(349568K), 0.0433415 secs] 506527K->398336K(506816K), [Metaspace: 2698K->2698K(1056768K)], 0.0434339 secs] [Times: user=0.04 sys=0.00, real=0.05 secs] 
2021-01-22T19:40:53.183-0800: 115.666: [Full GC (Allocation Failure) 2021-01-22T19:40:53.183-0800: 115.666: [Tenured: 349556K->349502K(349568K), 0.0494764 secs] 506551K->383046K(506816K), [Metaspace: 2698K->2698K(1056768K)], 0.0495791 secs] [Times: user=0.05 sys=0.00, real=0.05 secs] 
2021-01-22T19:40:53.248-0800: 115.731: [Full GC (Allocation Failure) 2021-01-22T19:40:53.248-0800: 115.731: [Tenured: 349502K->349353K(349568K), 0.0306104 secs] 506672K->400843K(506816K), [Metaspace: 2698K->2698K(1056768K)], 0.0307196 secs] [Times: user=0.03 sys=0.00, real=0.03 secs] 
2021-01-22T19:40:53.292-0800: 115.775: [Full GC (Allocation Failure) 2021-01-22T19:40:53.292-0800: 115.775: [Tenured: 349353K->349565K(349568K), 0.0418317 secs] 506430K->399298K(506816K), [Metaspace: 2698K->2698K(1056768K)], 0.0419360 secs] [Times: user=0.04 sys=0.00, real=0.04 secs] 
2021-01-22T19:40:53.348-0800: 115.831: [Full GC (Allocation Failure) 2021-01-22T19:40:53.348-0800: 115.831: [Tenured: 349565K->349533K(349568K), 0.0422633 secs] 506775K->396259K(506816K), [Metaspace: 2698K->2698K(1056768K)], 0.0423825 secs] [Times: user=0.04 sys=0.00, real=0.05 secs] 
2021-01-22T19:40:53.404-0800: 115.887: [Full GC (Allocation Failure) 2021-01-22T19:40:53.404-0800: 115.887: [Tenured: 349533K->349562K(349568K), 0.0473955 secs] 506477K->380133K(506816K), [Metaspace: 2698K->2698K(1056768K)], 0.0475034 secs] [Times: user=0.05 sys=0.00, real=0.05 secs] 
2021-01-22T19:40:53.467-0800: 115.950: [Full GC (Allocation Failure) 2021-01-22T19:40:53.467-0800: 115.950: [Tenured: 349565K->349503K(349568K), 0.0299980 secs] 506811K->392341K(506816K), [Metaspace: 2698K->2698K(1056768K)], 0.0301003 secs] [Times: user=0.03 sys=0.00, real=0.03 secs] 
2021-01-22T19:40:53.510-0800: 115.993: [Full GC (Allocation Failure) 2021-01-22T19:40:53.510-0800: 115.993: [Tenured: 349503K->349566K(349568K), 0.0380234 secs] 506681K->397329K(506816K), [Metaspace: 2698K->2698K(1056768K)], 0.0381336 secs] [Times: user=0.04 sys=0.00, real=0.03 secs] 
2021-01-22T19:40:53.562-0800: 116.045: [Full GC (Allocation Failure) 2021-01-22T19:40:53.562-0800: 116.045: [Tenured: 349566K->349259K(349568K), 0.0398198 secs] 506507K->395823K(506816K), [Metaspace: 2698K->2698K(1056768K)], 0.0399288 secs] [Times: user=0.04 sys=0.00, real=0.04 secs] 
2021-01-22T19:40:53.616-0800: 116.099: [Full GC (Allocation Failure) 2021-01-22T19:40:53.616-0800: 116.099: [Tenured: 349524K->349172K(349568K), 0.0472591 secs] 506595K->379319K(506816K), [Metaspace: 2698K->2698K(1056768K)], 0.0473559 secs] [Times: user=0.05 sys=0.00, real=0.05 secs] 
2021-01-22T19:40:53.678-0800: 116.161: [Full GC (Allocation Failure) 2021-01-22T19:40:53.678-0800: 116.161: [Tenured: 349388K->349501K(349568K), 0.0290516 secs] 506580K->393177K(506816K), [Metaspace: 2698K->2698K(1056768K)], 0.0291569 secs] [Times: user=0.03 sys=0.00, real=0.03 secs] 
2021-01-22T19:40:53.722-0800: 116.205: [Full GC (Allocation Failure) 2021-01-22T19:40:53.722-0800: 116.205: [Tenured: 349501K->349561K(349568K), 0.0377891 secs] 506736K->390224K(506816K), [Metaspace: 2698K->2698K(1056768K)], 0.0378932 secs] [Times: user=0.04 sys=0.00, real=0.04 secs] 
2021-01-22T19:40:53.773-0800: 116.256: [Full GC (Allocation Failure) 2021-01-22T19:40:53.773-0800: 116.256: [Tenured: 349561K->349382K(349568K), 0.0404656 secs] 506576K->390036K(506816K), [Metaspace: 2698K->2698K(1056768K)], 0.0405717 secs] [Times: user=0.04 sys=0.00, real=0.04 secs] 
2021-01-22T19:40:53.827-0800: 116.310: [Full GC (Allocation Failure) 2021-01-22T19:40:53.827-0800: 116.310: [Tenured: 349382K->348963K(349568K), 0.0464259 secs] 506629K->372774K(506816K), [Metaspace: 2698K->2698K(1056768K)], 0.0465268 secs] [Times: user=0.04 sys=0.01, real=0.05 secs] 
2021-01-22T19:40:53.890-0800: 116.373: [Full GC (Allocation Failure) 2021-01-22T19:40:53.890-0800: 116.373: [Tenured: 349279K->349557K(349568K), 0.0258993 secs] 506375K->399581K(506816K), [Metaspace: 2698K->2698K(1056768K)], 0.0260003 secs] [Times: user=0.03 sys=0.00, real=0.02 secs] 
2021-01-22T19:40:53.929-0800: 116.412: [Full GC (Allocation Failure) 2021-01-22T19:40:53.929-0800: 116.413: [Tenured: 349557K->349441K(349568K), 0.0355781 secs] 506255K->399337K(506816K), [Metaspace: 2698K->2698K(1056768K)], 0.0356842 secs] [Times: user=0.03 sys=0.00, real=0.04 secs] 
2021-01-22T19:40:53.979-0800: 116.462: [Full GC (Allocation Failure) 2021-01-22T19:40:53.979-0800: 116.462: [Tenured: 349441K->349539K(349568K), 0.0410420 secs] 506526K->400113K(506816K), [Metaspace: 2698K->2698K(1056768K)], 0.0411485 secs] [Times: user=0.04 sys=0.00, real=0.05 secs] 
2021-01-22T19:40:54.033-0800: 116.516: [Full GC (Allocation Failure) 2021-01-22T19:40:54.033-0800: 116.516: [Tenured: 349539K->348788K(349568K), 0.0471628 secs] 506747K->383561K(506816K), [Metaspace: 2698K->2698K(1056768K)], 0.0472688 secs] [Times: user=0.05 sys=0.00, real=0.05 secs] 
2021-01-22T19:40:54.095-0800: 116.578: [Full GC (Allocation Failure) 2021-01-22T19:40:54.095-0800: 116.578: [Tenured: 349507K->349552K(349568K), 0.0254292 secs] 506753K->403823K(506816K), [Metaspace: 2698K->2698K(1056768K)], 0.0255426 secs] [Times: user=0.03 sys=0.00, real=0.03 secs] 
2021-01-22T19:40:54.134-0800: 116.617: [Full GC (Allocation Failure) 2021-01-22T19:40:54.134-0800: 116.617: [Tenured: 349552K->349565K(349568K), 0.0364538 secs] 506588K->405845K(506816K), [Metaspace: 2698K->2698K(1056768K)], 0.0365536 secs] [Times: user=0.04 sys=0.00, real=0.04 secs] 
2021-01-22T19:40:54.183-0800: 116.666: [Full GC (Allocation Failure) 2021-01-22T19:40:54.183-0800: 116.667: [Tenured: 349565K->349447K(349568K), 0.0416169 secs] 506758K->401250K(506816K), [Metaspace: 2698K->2698K(1056768K)], 0.0417684 secs] [Times: user=0.04 sys=0.00, real=0.04 secs] 
2021-01-22T19:40:54.239-0800: 116.722: [Full GC (Allocation Failure) 2021-01-22T19:40:54.239-0800: 116.722: [Tenured: 349447K->349545K(349568K), 0.0472017 secs] 506677K->382505K(506816K), [Metaspace: 2698K->2698K(1056768K)], 0.0473040 secs] [Times: user=0.05 sys=0.00, real=0.05 secs] 
2021-01-22T19:40:54.300-0800: 116.784: [Full GC (Allocation Failure) 2021-01-22T19:40:54.301-0800: 116.784: [Tenured: 349545K->349459K(349568K), 0.0301982 secs] 506538K->403852K(506816K), [Metaspace: 2698K->2698K(1056768K)], 0.0303026 secs] [Times: user=0.03 sys=0.00, real=0.03 secs] 
2021-01-22T19:40:54.344-0800: 116.827: [Full GC (Allocation Failure) 2021-01-22T19:40:54.344-0800: 116.827: [Tenured: 349459K->349420K(349568K), 0.0381231 secs] 506102K->405693K(506816K), [Metaspace: 2698K->2698K(1056768K)], 0.0382287 secs] [Times: user=0.03 sys=0.00, real=0.04 secs] 
2021-01-22T19:40:54.394-0800: 116.877: [Full GC (Allocation Failure) 2021-01-22T19:40:54.394-0800: 116.877: [Tenured: 349420K->349441K(349568K), 0.0408841 secs] 506567K->403669K(506816K), [Metaspace: 2698K->2698K(1056768K)], 0.0409806 secs] [Times: user=0.04 sys=0.00, real=0.04 secs] 
2021-01-22T19:40:54.448-0800: 116.931: [Full GC (Allocation Failure) 2021-01-22T19:40:54.448-0800: 116.931: [Tenured: 349441K->349412K(349568K), 0.0480641 secs] 506639K->392459K(506816K), [Metaspace: 2698K->2698K(1056768K)], 0.0481606 secs] [Times: user=0.05 sys=0.00, real=0.05 secs] 
2021-01-22T19:40:54.509-0800: 116.992: [Full GC (Allocation Failure) 2021-01-22T19:40:54.509-0800: 116.992: [Tenured: 349510K->348917K(349568K), 0.0301241 secs] 506718K->404299K(506816K), [Metaspace: 2698K->2698K(1056768K)], 0.0302296 secs] [Times: user=0.03 sys=0.00, real=0.03 secs] 
2021-01-22T19:40:54.552-0800: 117.035: [Full GC (Allocation Failure) 2021-01-22T19:40:54.552-0800: 117.035: [Tenured: 349310K->349551K(349568K), 0.0383315 secs] 506471K->401537K(506816K), [Metaspace: 2698K->2698K(1056768K)], 0.0384337 secs] [Times: user=0.04 sys=0.00, real=0.04 secs] 
2021-01-22T19:40:54.603-0800: 117.086: [Full GC (Allocation Failure) 2021-01-22T19:40:54.603-0800: 117.086: [Tenured: 349551K->349057K(349568K), 0.0407872 secs] 506670K->400756K(506816K), [Metaspace: 2698K->2698K(1056768K)], 0.0408916 secs] [Times: user=0.04 sys=0.00, real=0.04 secs] 
2021-01-22T19:40:54.657-0800: 117.140: [Full GC (Allocation Failure) 2021-01-22T19:40:54.657-0800: 117.140: [Tenured: 349499K->348882K(349568K), 0.0469747 secs] 506725K->377693K(506816K), [Metaspace: 2698K->2698K(1056768K)], 0.0470786 secs] [Times: user=0.04 sys=0.00, real=0.05 secs] 
2021-01-22T19:40:54.720-0800: 117.203: [Full GC (Allocation Failure) 2021-01-22T19:40:54.720-0800: 117.203: [Tenured: 348951K->349472K(349568K), 0.0319390 secs] 506150K->398626K(506816K), [Metaspace: 2698K->2698K(1056768K)], 0.0320449 secs] [Times: user=0.03 sys=0.00, real=0.03 secs] 
2021-01-22T19:40:54.766-0800: 117.249: [Full GC (Allocation Failure) 2021-01-22T19:40:54.767-0800: 117.250: [Tenured: 349472K->349300K(349568K), 0.0385387 secs] 506518K->395809K(506816K), [Metaspace: 2698K->2698K(1056768K)], 0.0397242 secs] [Times: user=0.04 sys=0.00, real=0.04 secs] 
2021-01-22T19:40:54.819-0800: 117.302: [Full GC (Allocation Failure) 2021-01-22T19:40:54.819-0800: 117.302: [Tenured: 349420K->349411K(349568K), 0.0414662 secs] 506601K->391327K(506816K), [Metaspace: 2698K->2698K(1056768K)], 0.0415531 secs] [Times: user=0.04 sys=0.00, real=0.05 secs] 
2021-01-22T19:40:54.874-0800: 117.357: [Full GC (Allocation Failure) 2021-01-22T19:40:54.874-0800: 117.357: [Tenured: 349411K->349494K(349568K), 0.0455480 secs] 506557K->369286K(506816K), [Metaspace: 2698K->2698K(1056768K)], 0.0456466 secs] [Times: user=0.04 sys=0.01, real=0.05 secs] 
2021-01-22T19:40:54.936-0800: 117.419: [Full GC (Allocation Failure) 2021-01-22T19:40:54.936-0800: 117.419: [Tenured: 349548K->349490K(349568K), 0.0292896 secs] 506779K->387951K(506816K), [Metaspace: 2698K->2698K(1056768K)], 0.0293834 secs] [Times: user=0.03 sys=0.00, real=0.03 secs] 
2021-01-22T19:40:54.979-0800: 117.462: [Full GC (Allocation Failure) 2021-01-22T19:40:54.979-0800: 117.462: [Tenured: 349490K->349506K(349568K), 0.0358153 secs] 506281K->388666K(506816K), [Metaspace: 2698K->2698K(1056768K)], 0.0359133 secs] [Times: user=0.04 sys=0.00, real=0.04 secs] 
2021-01-22T19:40:55.030-0800: 117.513: [Full GC (Allocation Failure) 2021-01-22T19:40:55.030-0800: 117.513: [Tenured: 349506K->349439K(349568K), 0.0389276 secs] 506570K->385662K(506816K), [Metaspace: 2698K->2698K(1056768K)], 0.0390218 secs] [Times: user=0.04 sys=0.00, real=0.03 secs] 
2021-01-22T19:40:55.084-0800: 117.567: [Full GC (Allocation Failure) 2021-01-22T19:40:55.084-0800: 117.567: [Tenured: 349439K->349485K(349568K), 0.0488148 secs] 506516K->372507K(506816K), [Metaspace: 2698K->2698K(1056768K)], 0.0489062 secs] [Times: user=0.04 sys=0.00, real=0.05 secs] 
2021-01-22T19:40:55.148-0800: 117.631: [Full GC (Allocation Failure) 2021-01-22T19:40:55.148-0800: 117.631: [Tenured: 349485K->349507K(349568K), 0.0273061 secs] 506503K->396415K(506816K), [Metaspace: 2698K->2698K(1056768K)], 0.0274030 secs] [Times: user=0.03 sys=0.00, real=0.03 secs] 
2021-01-22T19:40:55.188-0800: 117.672: [Full GC (Allocation Failure) 2021-01-22T19:40:55.188-0800: 117.672: [Tenured: 349507K->349547K(349568K), 0.0362679 secs] 506523K->399696K(506816K), [Metaspace: 2698K->2698K(1056768K)], 0.0363745 secs] [Times: user=0.03 sys=0.00, real=0.04 secs] 
2021-01-22T19:40:55.237-0800: 117.720: [Full GC (Allocation Failure) 2021-01-22T19:40:55.237-0800: 117.720: [Tenured: 349547K->348977K(349568K), 0.0401620 secs] 506756K->401935K(506816K), [Metaspace: 2698K->2698K(1056768K)], 0.0402592 secs] [Times: user=0.04 sys=0.00, real=0.04 secs] 
2021-01-22T19:40:55.290-0800: 117.773: [Full GC (Allocation Failure) 2021-01-22T19:40:55.290-0800: 117.773: [Tenured: 349156K->349377K(349568K), 0.0472148 secs] 506226K->382780K(506816K), [Metaspace: 2698K->2698K(1056768K)], 0.0473089 secs] [Times: user=0.04 sys=0.00, real=0.04 secs] 
2021-01-22T19:40:55.352-0800: 117.835: [Full GC (Allocation Failure) 2021-01-22T19:40:55.352-0800: 117.835: [Tenured: 349529K->349506K(349568K), 0.0301578 secs] 506741K->395948K(506816K), [Metaspace: 2698K->2698K(1056768K)], 0.0302900 secs] [Times: user=0.03 sys=0.00, real=0.03 secs] 
2021-01-22T19:40:55.395-0800: 117.878: [Full GC (Allocation Failure) 2021-01-22T19:40:55.395-0800: 117.878: [Tenured: 349506K->349527K(349568K), 0.0363429 secs] 506577K->392982K(506816K), [Metaspace: 2698K->2698K(1056768K)], 0.0364388 secs] [Times: user=0.04 sys=0.00, real=0.04 secs] 
2021-01-22T19:40:55.447-0800: 117.930: [Full GC (Allocation Failure) 2021-01-22T19:40:55.447-0800: 117.930: [Tenured: 349527K->349399K(349568K), 0.0390065 secs] 506679K->393474K(506816K), [Metaspace: 2698K->2698K(1056768K)], 0.0391021 secs] [Times: user=0.04 sys=0.00, real=0.04 secs] 
2021-01-22T19:40:55.500-0800: 117.983: [Full GC (Allocation Failure) 2021-01-22T19:40:55.500-0800: 117.983: [Tenured: 349459K->349537K(349568K), 0.0469862 secs] 506696K->377030K(506816K), [Metaspace: 2698K->2698K(1056768K)], 0.0470881 secs] [Times: user=0.04 sys=0.00, real=0.04 secs] 
2021-01-22T19:40:55.563-0800: 118.046: [Full GC (Allocation Failure) 2021-01-22T19:40:55.563-0800: 118.046: [Tenured: 349537K->349558K(349568K), 0.0275335 secs] 506366K->396165K(506816K), [Metaspace: 2698K->2698K(1056768K)], 0.0276313 secs] [Times: user=0.03 sys=0.00, real=0.03 secs] 
2021-01-22T19:40:55.604-0800: 118.087: [Full GC (Allocation Failure) 2021-01-22T19:40:55.604-0800: 118.087: [Tenured: 349558K->349350K(349568K), 0.0367393 secs] 506692K->396704K(506816K), [Metaspace: 2698K->2698K(1056768K)], 0.0368394 secs] [Times: user=0.04 sys=0.00, real=0.04 secs] 
2021-01-22T19:40:55.654-0800: 118.138: [Full GC (Allocation Failure) 2021-01-22T19:40:55.654-0800: 118.138: [Tenured: 349537K->349362K(349568K), 0.0399730 secs] 506768K->397665K(506816K), [Metaspace: 2698K->2698K(1056768K)], 0.0400693 secs] [Times: user=0.04 sys=0.00, real=0.04 secs] 
2021-01-22T19:40:55.708-0800: 118.191: [Full GC (Allocation Failure) 2021-01-22T19:40:55.708-0800: 118.191: [Tenured: 349362K->349285K(349568K), 0.0467563 secs] 506432K->378542K(506816K), [Metaspace: 2698K->2698K(1056768K)], 0.0468553 secs] [Times: user=0.05 sys=0.00, real=0.05 secs] 
2021-01-22T19:40:55.770-0800: 118.253: [Full GC (Allocation Failure) 2021-01-22T19:40:55.770-0800: 118.253: [Tenured: 349285K->349562K(349568K), 0.0318793 secs] 506203K->392252K(506816K), [Metaspace: 2698K->2698K(1056768K)], 0.0319801 secs] [Times: user=0.03 sys=0.00, real=0.03 secs] 
2021-01-22T19:40:55.817-0800: 118.300: [Full GC (Allocation Failure) 2021-01-22T19:40:55.817-0800: 118.300: [Tenured: 349562K->349266K(349568K), 0.0379651 secs] 506792K->396188K(506816K), [Metaspace: 2698K->2698K(1056768K)], 0.0380604 secs] [Times: user=0.04 sys=0.00, real=0.04 secs] 
2021-01-22T19:40:55.868-0800: 118.351: [Full GC (Allocation Failure) 2021-01-22T19:40:55.868-0800: 118.351: [Tenured: 349447K->349133K(349568K), 0.0408160 secs] 506613K->397423K(506816K), [Metaspace: 2698K->2698K(1056768K)], 0.0409149 secs] [Times: user=0.04 sys=0.00, real=0.04 secs] 
2021-01-22T19:40:55.922-0800: 118.405: [Full GC (Allocation Failure) 2021-01-22T19:40:55.922-0800: 118.405: [Tenured: 349372K->349270K(349568K), 0.0482411 secs] 506616K->378821K(506816K), [Metaspace: 2698K->2698K(1056768K)], 0.0483498 secs] [Times: user=0.05 sys=0.01, real=0.05 secs] 
2021-01-22T19:40:55.986-0800: 118.469: [Full GC (Allocation Failure) 2021-01-22T19:40:55.986-0800: 118.469: [Tenured: 349545K->349362K(349568K), 0.0300609 secs] 506702K->398600K(506816K), [Metaspace: 2698K->2698K(1056768K)], 0.0301502 secs] [Times: user=0.03 sys=0.00, real=0.03 secs] 
2021-01-22T19:40:56.029-0800: 118.512: [Full GC (Allocation Failure) 2021-01-22T19:40:56.029-0800: 118.512: [Tenured: 349541K->349521K(349568K), 0.0398815 secs] 506770K->397816K(506816K), [Metaspace: 2698K->2698K(1056768K)], 0.0399763 secs] [Times: user=0.04 sys=0.00, real=0.04 secs] 
2021-01-22T19:40:56.083-0800: 118.566: [Full GC (Allocation Failure) 2021-01-22T19:40:56.083-0800: 118.566: [Tenured: 349557K->349559K(349568K), 0.0417296 secs] 506772K->396546K(506816K), [Metaspace: 2698K->2698K(1056768K)], 0.0418298 secs] [Times: user=0.04 sys=0.00, real=0.04 secs] 
2021-01-22T19:40:56.139-0800: 118.622: [Full GC (Allocation Failure) 2021-01-22T19:40:56.139-0800: 118.622: [Tenured: 349559K->349362K(349568K), 0.0483416 secs] 506642K->375806K(506816K), [Metaspace: 2698K->2698K(1056768K)], 0.0484352 secs] [Times: user=0.04 sys=0.00, real=0.05 secs] 
2021-01-22T19:40:56.205-0800: 118.688: [Full GC (Allocation Failure) 2021-01-22T19:40:56.205-0800: 118.688: [Tenured: 349362K->349539K(349568K), 0.0322548 secs] 506542K->386645K(506816K), [Metaspace: 2698K->2698K(1056768K)], 0.0323524 secs] [Times: user=0.03 sys=0.00, real=0.03 secs] 
2021-01-22T19:40:56.252-0800: 118.736: [Full GC (Allocation Failure) 2021-01-22T19:40:56.252-0800: 118.736: [Tenured: 349539K->349561K(349568K), 0.0523435 secs] 506631K->393770K(506816K), [Metaspace: 2698K->2698K(1056768K)], 0.0524523 secs] [Times: user=0.04 sys=0.00, real=0.05 secs] 
2021-01-22T19:40:56.323-0800: 118.806: [Full GC (Allocation Failure) 2021-01-22T19:40:56.323-0800: 118.806: [Tenured: 349561K->349045K(349568K), 0.0472297 secs] 506778K->391814K(506816K), [Metaspace: 2698K->2698K(1056768K)], 0.0473419 secs] [Times: user=0.04 sys=0.00, real=0.05 secs] 
2021-01-22T19:40:56.384-0800: 118.867: [Full GC (Allocation Failure) 2021-01-22T19:40:56.384-0800: 118.867: [Tenured: 349045K->349022K(349568K), 0.0472555 secs] 505833K->377686K(506816K), [Metaspace: 2698K->2698K(1056768K)], 0.0473536 secs] [Times: user=0.05 sys=0.00, real=0.05 secs] 
2021-01-22T19:40:56.447-0800: 118.930: [Full GC (Allocation Failure) 2021-01-22T19:40:56.447-0800: 118.930: [Tenured: 349197K->349330K(349568K), 0.0313422 secs] 506432K->396553K(506816K), [Metaspace: 2698K->2698K(1056768K)], 0.0314374 secs] [Times: user=0.03 sys=0.00, real=0.03 secs] 
2021-01-22T19:40:56.496-0800: 118.979: [Full GC (Allocation Failure) 2021-01-22T19:40:56.496-0800: 118.979: [Tenured: 349409K->349044K(349568K), 0.0397532 secs] 506593K->391344K(506816K), [Metaspace: 2698K->2698K(1056768K)], 0.0398485 secs] [Times: user=0.03 sys=0.00, real=0.04 secs] 
2021-01-22T19:40:56.550-0800: 119.034: [Full GC (Allocation Failure) 2021-01-22T19:40:56.550-0800: 119.034: [Tenured: 349365K->349310K(349568K), 0.0408820 secs] 506438K->388051K(506816K), [Metaspace: 2698K->2698K(1056768K)], 0.0409760 secs] [Times: user=0.04 sys=0.00, real=0.04 secs] 
2021-01-22T19:40:56.606-0800: 119.089: [Full GC (Allocation Failure) 2021-01-22T19:40:56.606-0800: 119.089: [Tenured: 349553K->349480K(349568K), 0.0469296 secs] 506787K->373825K(506816K), [Metaspace: 2698K->2698K(1056768K)], 0.0470281 secs] [Times: user=0.05 sys=0.00, real=0.05 secs] 
2021-01-22T19:40:56.669-0800: 119.152: [Full GC (Allocation Failure) 2021-01-22T19:40:56.669-0800: 119.152: [Tenured: 349480K->349566K(349568K), 0.0331862 secs] 506516K->393249K(506816K), [Metaspace: 2698K->2698K(1056768K)], 0.0333136 secs] [Times: user=0.04 sys=0.00, real=0.04 secs] 
2021-01-22T19:40:56.716-0800: 119.199: [Full GC (Allocation Failure) 2021-01-22T19:40:56.716-0800: 119.199: [Tenured: 349566K->349479K(349568K), 0.0386103 secs] 506804K->389555K(506816K), [Metaspace: 2698K->2698K(1056768K)], 0.0387115 secs] [Times: user=0.04 sys=0.00, real=0.04 secs] 
2021-01-22T19:40:56.768-0800: 119.252: [Full GC (Allocation Failure) 2021-01-22T19:40:56.768-0800: 119.252: [Tenured: 349479K->349467K(349568K), 0.0418705 secs] 506599K->383350K(506816K), [Metaspace: 2698K->2698K(1056768K)], 0.0419659 secs] [Times: user=0.04 sys=0.00, real=0.05 secs] 
2021-01-22T19:40:56.826-0800: 119.309: [Full GC (Allocation Failure) 2021-01-22T19:40:56.826-0800: 119.310: [Tenured: 349539K->349532K(349568K), 0.0497128 secs] 506745K->372271K(506816K), [Metaspace: 2698K->2698K(1056768K)], 0.0498656 secs] [Times: user=0.05 sys=0.00, real=0.05 secs] 
2021-01-22T19:40:56.896-0800: 119.379: [Full GC (Allocation Failure) 2021-01-22T19:40:56.896-0800: 119.379: [Tenured: 349532K->349197K(349568K), 0.0314273 secs] 506739K->391073K(506816K), [Metaspace: 2698K->2698K(1056768K)], 0.0315201 secs] [Times: user=0.03 sys=0.00, real=0.03 secs] 
2021-01-22T19:40:56.941-0800: 119.425: [Full GC (Allocation Failure) 2021-01-22T19:40:56.941-0800: 119.425: [Tenured: 349446K->349531K(349568K), 0.0436934 secs] 506688K->393226K(506816K), [Metaspace: 2698K->2698K(1056768K)], 0.0438020 secs] [Times: user=0.04 sys=0.00, real=0.04 secs] 
2021-01-22T19:40:56.999-0800: 119.482: [Full GC (Allocation Failure) 2021-01-22T19:40:56.999-0800: 119.483: [Tenured: 349531K->349550K(349568K), 0.0445072 secs] 506640K->394781K(506816K), [Metaspace: 2698K->2698K(1056768K)], 0.0445994 secs] [Times: user=0.05 sys=0.00, real=0.05 secs] 
2021-01-22T19:40:57.058-0800: 119.541: [Full GC (Allocation Failure) 2021-01-22T19:40:57.058-0800: 119.541: [Tenured: 349550K->349547K(349568K), 0.0486298 secs] 506548K->372446K(506816K), [Metaspace: 2698K->2698K(1056768K)], 0.0487275 secs] [Times: user=0.05 sys=0.00, real=0.05 secs] 
2021-01-22T19:40:57.122-0800: 119.606: [Full GC (Allocation Failure) 2021-01-22T19:40:57.122-0800: 119.606: [Tenured: 349547K->349374K(349568K), 0.0293466 secs] 506714K->391223K(506816K), [Metaspace: 2698K->2698K(1056768K)], 0.0294601 secs] [Times: user=0.03 sys=0.00, real=0.03 secs] 
2021-01-22T19:40:57.166-0800: 119.649: [Full GC (Allocation Failure) 2021-01-22T19:40:57.166-0800: 119.649: [Tenured: 349562K->349480K(349568K), 0.0384259 secs] 506809K->394882K(506816K), [Metaspace: 2698K->2698K(1056768K)], 0.0385173 secs] [Times: user=0.04 sys=0.00, real=0.04 secs] 
2021-01-22T19:40:57.218-0800: 119.701: [Full GC (Allocation Failure) 2021-01-22T19:40:57.218-0800: 119.701: [Tenured: 349553K->348796K(349568K), 0.0402691 secs] 506793K->394327K(506816K), [Metaspace: 2698K->2698K(1056768K)], 0.0403737 secs] [Times: user=0.04 sys=0.00, real=0.04 secs] 
2021-01-22T19:40:57.272-0800: 119.755: [Full GC (Allocation Failure) 2021-01-22T19:40:57.272-0800: 119.755: [Tenured: 349520K->349362K(349568K), 0.0463294 secs] 506766K->374914K(506816K), [Metaspace: 2698K->2698K(1056768K)], 0.0464254 secs] [Times: user=0.05 sys=0.00, real=0.04 secs] 
2021-01-22T19:40:57.335-0800: 119.818: [Full GC (Allocation Failure) 2021-01-22T19:40:57.335-0800: 119.818: [Tenured: 349543K->349542K(349568K), 0.0311779 secs] 506666K->390757K(506816K), [Metaspace: 2698K->2698K(1056768K)], 0.0312656 secs] [Times: user=0.03 sys=0.00, real=0.03 secs] 
2021-01-22T19:40:57.385-0800: 119.868: [Full GC (Allocation Failure) 2021-01-22T19:40:57.385-0800: 119.868: [Tenured: 349542K->349249K(349568K), 0.0525517 secs] 506711K->392521K(506816K), [Metaspace: 2698K->2698K(1056768K)], 0.0527112 secs] [Times: user=0.05 sys=0.00, real=0.05 secs] 
2021-01-22T19:40:57.456-0800: 119.939: [Full GC (Allocation Failure) 2021-01-22T19:40:57.456-0800: 119.940: [Tenured: 349465K->349553K(349568K), 0.0539834 secs] 506698K->390481K(506816K), [Metaspace: 2698K->2698K(1056768K)], 0.0540990 secs] [Times: user=0.05 sys=0.00, real=0.06 secs] 
2021-01-22T19:40:57.526-0800: 120.010: [Full GC (Allocation Failure) 2021-01-22T19:40:57.526-0800: 120.010: [Tenured: 349561K->349394K(349568K), 0.0498602 secs] 506809K->370309K(506816K), [Metaspace: 2698K->2698K(1056768K)], 0.0499629 secs] [Times: user=0.05 sys=0.00, real=0.05 secs] 
2021-01-22T19:40:57.592-0800: 120.076: [Full GC (Allocation Failure) 2021-01-22T19:40:57.592-0800: 120.076: [Tenured: 349394K->349566K(349568K), 0.0325515 secs] 506412K->384585K(506816K), [Metaspace: 2698K->2698K(1056768K)], 0.0326495 secs] [Times: user=0.04 sys=0.00, real=0.03 secs] 
2021-01-22T19:40:57.641-0800: 120.124: [Full GC (Allocation Failure) 2021-01-22T19:40:57.641-0800: 120.124: [Tenured: 349566K->349448K(349568K), 0.0387549 secs] 506794K->391481K(506816K), [Metaspace: 2698K->2698K(1056768K)], 0.0388673 secs] [Times: user=0.04 sys=0.00, real=0.04 secs] 
2021-01-22T19:40:57.693-0800: 120.176: [Full GC (Allocation Failure) 2021-01-22T19:40:57.693-0800: 120.176: [Tenured: 349448K->349343K(349568K), 0.0394644 secs] 506647K->389097K(506816K), [Metaspace: 2698K->2698K(1056768K)], 0.0395598 secs] [Times: user=0.04 sys=0.00, real=0.04 secs] 
2021-01-22T19:40:57.748-0800: 120.231: [Full GC (Allocation Failure) 2021-01-22T19:40:57.748-0800: 120.231: [Tenured: 349539K->349291K(349568K), 0.0468128 secs] 506777K->372502K(506816K), [Metaspace: 2698K->2698K(1056768K)], 0.0469191 secs] [Times: user=0.04 sys=0.00, real=0.05 secs] 
2021-01-22T19:40:57.812-0800: 120.295: [Full GC (Allocation Failure) 2021-01-22T19:40:57.812-0800: 120.295: [Tenured: 349505K->349492K(349568K), 0.0297105 secs] 506753K->380404K(506816K), [Metaspace: 2698K->2698K(1056768K)], 0.0298028 secs] [Times: user=0.03 sys=0.00, real=0.03 secs] 
2021-01-22T19:40:57.856-0800: 120.339: [Full GC (Allocation Failure) 2021-01-22T19:40:57.856-0800: 120.339: [Tenured: 349492K->349566K(349568K), 0.0385235 secs] 506596K->383857K(506816K), [Metaspace: 2698K->2698K(1056768K)], 0.0386235 secs] [Times: user=0.04 sys=0.01, real=0.04 secs] 
2021-01-22T19:40:57.910-0800: 120.393: [Full GC (Allocation Failure) 2021-01-22T19:40:57.910-0800: 120.393: [Tenured: 349566K->349147K(349568K), 0.0396719 secs] 506773K->390595K(506816K), [Metaspace: 2698K->2698K(1056768K)], 0.0397733 secs] [Times: user=0.04 sys=0.00, real=0.04 secs] 
2021-01-22T19:40:57.964-0800: 120.447: [Full GC (Allocation Failure) 2021-01-22T19:40:57.964-0800: 120.447: [Tenured: 349502K->349532K(349568K), 0.0465437 secs] 506718K->374434K(506816K), [Metaspace: 2698K->2698K(1056768K)], 0.0466443 secs] [Times: user=0.05 sys=0.00, real=0.05 secs] 
2021-01-22T19:40:58.026-0800: 120.509: [Full GC (Allocation Failure) 2021-01-22T19:40:58.026-0800: 120.509: [Tenured: 349532K->349424K(349568K), 0.0374608 secs] 506736K->388310K(506816K), [Metaspace: 2698K->2698K(1056768K)], 0.0375916 secs] [Times: user=0.04 sys=0.00, real=0.04 secs] 
2021-01-22T19:40:58.080-0800: 120.564: [Full GC (Allocation Failure) 2021-01-22T19:40:58.081-0800: 120.564: [Tenured: 349567K->349217K(349568K), 0.0402501 secs] 506814K->389951K(506816K), [Metaspace: 2698K->2698K(1056768K)], 0.0403778 secs] [Times: user=0.04 sys=0.00, real=0.04 secs] 
2021-01-22T19:40:58.135-0800: 120.619: [Full GC (Allocation Failure) 2021-01-22T19:40:58.135-0800: 120.619: [Tenured: 349487K->349392K(349568K), 0.0430437 secs] 506732K->390172K(506816K), [Metaspace: 2698K->2698K(1056768K)], 0.0431386 secs] [Times: user=0.04 sys=0.00, real=0.04 secs] 
2021-01-22T19:40:58.193-0800: 120.676: [Full GC (Allocation Failure) 2021-01-22T19:40:58.193-0800: 120.676: [Tenured: 349536K->349130K(349568K), 0.0506735 secs] 506784K->381043K(506816K), [Metaspace: 2698K->2698K(1056768K)], 0.0507640 secs] [Times: user=0.05 sys=0.00, real=0.05 secs] 
2021-01-22T19:40:58.260-0800: 120.743: [Full GC (Allocation Failure) 2021-01-22T19:40:58.260-0800: 120.743: [Tenured: 349550K->349119K(349568K), 0.0297908 secs] 506775K->398835K(506816K), [Metaspace: 2698K->2698K(1056768K)], 0.0298877 secs] [Times: user=0.03 sys=0.00, real=0.02 secs] 
2021-01-22T19:40:58.303-0800: 120.786: [Full GC (Allocation Failure) 2021-01-22T19:40:58.303-0800: 120.786: [Tenured: 349407K->348952K(349568K), 0.0370045 secs] 506509K->394446K(506816K), [Metaspace: 2698K->2698K(1056768K)], 0.0371025 secs] [Times: user=0.04 sys=0.00, real=0.04 secs] 
2021-01-22T19:40:58.354-0800: 120.837: [Full GC (Allocation Failure) 2021-01-22T19:40:58.354-0800: 120.837: [Tenured: 349552K->349406K(349568K), 0.0413591 secs] 506798K->390955K(506816K), [Metaspace: 2698K->2698K(1056768K)], 0.0414552 secs] [Times: user=0.04 sys=0.00, real=0.04 secs] 
2021-01-22T19:40:58.410-0800: 120.893: [Full GC (Allocation Failure) 2021-01-22T19:40:58.410-0800: 120.893: [Tenured: 349536K->349466K(349568K), 0.0464172 secs] 506765K->374550K(506816K), [Metaspace: 2698K->2698K(1056768K)], 0.0465062 secs] [Times: user=0.04 sys=0.00, real=0.04 secs] 
2021-01-22T19:40:58.473-0800: 120.956: [Full GC (Allocation Failure) 2021-01-22T19:40:58.473-0800: 120.956: [Tenured: 349538K->349521K(349568K), 0.0278834 secs] 506740K->391773K(506816K), [Metaspace: 2698K->2698K(1056768K)], 0.0279818 secs] [Times: user=0.03 sys=0.00, real=0.03 secs] 
2021-01-22T19:40:58.516-0800: 120.999: [Full GC (Allocation Failure) 2021-01-22T19:40:58.516-0800: 120.999: [Tenured: 349521K->349508K(349568K), 0.0386495 secs] 506582K->390217K(506816K), [Metaspace: 2698K->2698K(1056768K)], 0.0387443 secs] [Times: user=0.04 sys=0.00, real=0.04 secs] 
2021-01-22T19:40:58.568-0800: 121.051: [Full GC (Allocation Failure) 2021-01-22T19:40:58.568-0800: 121.052: [Tenured: 349508K->349278K(349568K), 0.0403083 secs] 506734K->394038K(506816K), [Metaspace: 2698K->2698K(1056768K)], 0.0404167 secs] [Times: user=0.04 sys=0.00, real=0.04 secs] 
2021-01-22T19:40:58.622-0800: 121.105: [Full GC (Allocation Failure) 2021-01-22T19:40:58.622-0800: 121.105: [Tenured: 349469K->349494K(349568K), 0.0463049 secs] 506708K->371251K(506816K), [Metaspace: 2698K->2698K(1056768K)], 0.0464111 secs] [Times: user=0.04 sys=0.00, real=0.04 secs] 
2021-01-22T19:40:58.685-0800: 121.168: [Full GC (Allocation Failure) 2021-01-22T19:40:58.685-0800: 121.168: [Tenured: 349494K->349221K(349568K), 0.0335064 secs] 506616K->389194K(506816K), [Metaspace: 2698K->2698K(1056768K)], 0.0336077 secs] [Times: user=0.03 sys=0.00, real=0.03 secs] 
2021-01-22T19:40:58.733-0800: 121.216: [Full GC (Allocation Failure) 2021-01-22T19:40:58.733-0800: 121.216: [Tenured: 349221K->349510K(349568K), 0.0368988 secs] 506022K->393583K(506816K), [Metaspace: 2698K->2698K(1056768K)], 0.0369962 secs] [Times: user=0.04 sys=0.00, real=0.04 secs] 
2021-01-22T19:40:58.785-0800: 121.268: [Full GC (Allocation Failure) 2021-01-22T19:40:58.785-0800: 121.268: [Tenured: 349510K->349368K(349568K), 0.0415111 secs] 506700K->397597K(506816K), [Metaspace: 2698K->2698K(1056768K)], 0.0416109 secs] [Times: user=0.04 sys=0.00, real=0.04 secs] 
2021-01-22T19:40:58.839-0800: 121.323: [Full GC (Allocation Failure) 2021-01-22T19:40:58.839-0800: 121.323: [Tenured: 349368K->349416K(349568K), 0.0475302 secs] 506130K->378498K(506816K), [Metaspace: 2698K->2698K(1056768K)], 0.0476255 secs] [Times: user=0.05 sys=0.00, real=0.05 secs] 
2021-01-22T19:40:58.902-0800: 121.386: [Full GC (Allocation Failure) 2021-01-22T19:40:58.902-0800: 121.386: [Tenured: 349560K->349410K(349568K), 0.0272202 secs] 506773K->400637K(506816K), [Metaspace: 2698K->2698K(1056768K)], 0.0273172 secs] [Times: user=0.03 sys=0.00, real=0.03 secs] 
2021-01-22T19:40:58.943-0800: 121.426: [Full GC (Allocation Failure) 2021-01-22T19:40:58.943-0800: 121.426: [Tenured: 349543K->349555K(349568K), 0.0362875 secs] 506772K->397146K(506816K), [Metaspace: 2698K->2698K(1056768K)], 0.0363853 secs] [Times: user=0.04 sys=0.00, real=0.03 secs] 
2021-01-22T19:40:58.993-0800: 121.476: [Full GC (Allocation Failure) 2021-01-22T19:40:58.993-0800: 121.476: [Tenured: 349555K->349267K(349568K), 0.0408888 secs] 506618K->395565K(506816K), [Metaspace: 2698K->2698K(1056768K)], 0.0409905 secs] [Times: user=0.04 sys=0.00, real=0.04 secs] 
2021-01-22T19:40:59.048-0800: 121.531: [Full GC (Allocation Failure) 2021-01-22T19:40:59.048-0800: 121.531: [Tenured: 349267K->349207K(349568K), 0.0472267 secs] 506332K->379768K(506816K), [Metaspace: 2698K->2698K(1056768K)], 0.0473283 secs] [Times: user=0.05 sys=0.00, real=0.05 secs] 
2021-01-22T19:40:59.111-0800: 121.595: [Full GC (Allocation Failure) 2021-01-22T19:40:59.111-0800: 121.595: [Tenured: 349207K->349456K(349568K), 0.0274661 secs] 506423K->393216K(506816K), [Metaspace: 2698K->2698K(1056768K)], 0.0275574 secs] [Times: user=0.02 sys=0.00, real=0.02 secs] 
2021-01-22T19:40:59.153-0800: 121.636: [Full GC (Allocation Failure) 2021-01-22T19:40:59.153-0800: 121.636: [Tenured: 349565K->349532K(349568K), 0.0358502 secs] 506807K->394381K(506816K), [Metaspace: 2698K->2698K(1056768K)], 0.0359468 secs] [Times: user=0.03 sys=0.00, real=0.03 secs] 
2021-01-22T19:40:59.203-0800: 121.686: [Full GC (Allocation Failure) 2021-01-22T19:40:59.203-0800: 121.686: [Tenured: 349532K->348909K(349568K), 0.0401312 secs] 506752K->396519K(506816K), [Metaspace: 2698K->2698K(1056768K)], 0.0402298 secs] [Times: user=0.04 sys=0.00, real=0.04 secs] 
2021-01-22T19:40:59.258-0800: 121.742: [Full GC (Allocation Failure) 2021-01-22T19:40:59.258-0800: 121.742: [Tenured: 349441K->349307K(349568K), 0.0477766 secs] 506675K->379230K(506816K), [Metaspace: 2698K->2698K(1056768K)], 0.0478717 secs] [Times: user=0.05 sys=0.00, real=0.05 secs] 
2021-01-22T19:40:59.321-0800: 121.805: [Full GC (Allocation Failure) 2021-01-22T19:40:59.321-0800: 121.805: [Tenured: 349523K->349481K(349568K), 0.0268380 secs] 506745K->398249K(506816K), [Metaspace: 2698K->2698K(1056768K)], 0.0269288 secs] [Times: user=0.03 sys=0.00, real=0.02 secs] 
2021-01-22T19:40:59.361-0800: 121.845: [Full GC (Allocation Failure) 2021-01-22T19:40:59.361-0800: 121.845: [Tenured: 349481K->349331K(349568K), 0.0364369 secs] 506696K->396317K(506816K), [Metaspace: 2698K->2698K(1056768K)], 0.0365349 secs] [Times: user=0.04 sys=0.00, real=0.03 secs] 
2021-01-22T19:40:59.412-0800: 121.895: [Full GC (Allocation Failure) 2021-01-22T19:40:59.412-0800: 121.895: [Tenured: 349561K->349565K(349568K), 0.0404801 secs] 506808K->405258K(506816K), [Metaspace: 2698K->2698K(1056768K)], 0.0405758 secs] [Times: user=0.04 sys=0.00, real=0.04 secs] 
2021-01-22T19:40:59.464-0800: 121.948: [Full GC (Allocation Failure) 2021-01-22T19:40:59.464-0800: 121.948: [Tenured: 349565K->349470K(349568K), 0.0477660 secs] 506701K->384164K(506816K), [Metaspace: 2698K->2698K(1056768K)], 0.0478646 secs] [Times: user=0.04 sys=0.00, real=0.05 secs] 
2021-01-22T19:40:59.527-0800: 122.010: [Full GC (Allocation Failure) 2021-01-22T19:40:59.527-0800: 122.010: [Tenured: 349470K->349109K(349568K), 0.0262332 secs] 506588K->403582K(506816K), [Metaspace: 2698K->2698K(1056768K)], 0.0263337 secs] [Times: user=0.02 sys=0.00, real=0.03 secs] 
2021-01-22T19:40:59.566-0800: 122.049: [Full GC (Allocation Failure) 2021-01-22T19:40:59.566-0800: 122.049: [Tenured: 349553K->349318K(349568K), 0.0365111 secs] 506669K->400643K(506816K), [Metaspace: 2698K->2698K(1056768K)], 0.0366092 secs] [Times: user=0.03 sys=0.00, real=0.04 secs] 
2021-01-22T19:40:59.615-0800: 122.098: [Full GC (Allocation Failure) 2021-01-22T19:40:59.615-0800: 122.098: [Tenured: 349318K->349546K(349568K), 0.0405143 secs] 506359K->399305K(506816K), [Metaspace: 2698K->2698K(1056768K)], 0.0406106 secs] [Times: user=0.04 sys=0.00, real=0.04 secs] 
2021-01-22T19:40:59.669-0800: 122.152: [Full GC (Allocation Failure) 2021-01-22T19:40:59.669-0800: 122.152: [Tenured: 349546K->349535K(349568K), 0.0483031 secs] 506765K->382681K(506816K), [Metaspace: 2698K->2698K(1056768K)], 0.0483968 secs] [Times: user=0.05 sys=0.00, real=0.05 secs] 
2021-01-22T19:40:59.732-0800: 122.216: [Full GC (Allocation Failure) 2021-01-22T19:40:59.732-0800: 122.216: [Tenured: 349535K->349556K(349568K), 0.0323004 secs] 506475K->397848K(506816K), [Metaspace: 2698K->2698K(1056768K)], 0.0323985 secs] [Times: user=0.03 sys=0.00, real=0.03 secs] 
2021-01-22T19:40:59.779-0800: 122.262: [Full GC (Allocation Failure) 2021-01-22T19:40:59.779-0800: 122.262: [Tenured: 349556K->349374K(349568K), 0.0397513 secs] 506778K->391575K(506816K), [Metaspace: 2698K->2698K(1056768K)], 0.0398509 secs] [Times: user=0.04 sys=0.00, real=0.04 secs] 
2021-01-22T19:40:59.832-0800: 122.315: [Full GC (Allocation Failure) 2021-01-22T19:40:59.832-0800: 122.315: [Tenured: 349500K->349564K(349568K), 0.0419210 secs] 506739K->392036K(506816K), [Metaspace: 2698K->2698K(1056768K)], 0.0420186 secs] [Times: user=0.04 sys=0.00, real=0.04 secs] 
2021-01-22T19:40:59.887-0800: 122.371: [Full GC (Allocation Failure) 2021-01-22T19:40:59.888-0800: 122.371: [Tenured: 349566K->348969K(349568K), 0.0469907 secs] 506813K->368749K(506816K), [Metaspace: 2698K->2698K(1056768K)], 0.0470855 secs] [Times: user=0.05 sys=0.00, real=0.05 secs] 
2021-01-22T19:40:59.951-0800: 122.434: [Full GC (Allocation Failure) 2021-01-22T19:40:59.951-0800: 122.434: [Tenured: 349563K->349304K(349568K), 0.0295987 secs] 506768K->391446K(506816K), [Metaspace: 2698K->2698K(1056768K)], 0.0297009 secs] [Times: user=0.03 sys=0.00, real=0.03 secs] 
2021-01-22T19:40:59.995-0800: 122.478: [Full GC (Allocation Failure) 2021-01-22T19:40:59.995-0800: 122.478: [Tenured: 349304K->348936K(349568K), 0.0387862 secs] 506240K->388755K(506816K), [Metaspace: 2698K->2698K(1056768K)], 0.0388804 secs] [Times: user=0.04 sys=0.01, real=0.04 secs] 
2021-01-22T19:41:00.048-0800: 122.531: [Full GC (Allocation Failure) 2021-01-22T19:41:00.048-0800: 122.531: [Tenured: 349539K->349205K(349568K), 0.0420322 secs] 506755K->393284K(506816K), [Metaspace: 2698K->2698K(1056768K)], 0.0421303 secs] [Times: user=0.04 sys=0.00, real=0.05 secs] 
2021-01-22T19:41:00.104-0800: 122.588: [Full GC (Allocation Failure) 2021-01-22T19:41:00.104-0800: 122.588: [Tenured: 349205K->349472K(349568K), 0.0491363 secs] 506322K->372193K(506816K), [Metaspace: 2698K->2698K(1056768K)], 0.0492291 secs] [Times: user=0.04 sys=0.00, real=0.05 secs] 
2021-01-22T19:41:00.169-0800: 122.652: [Full GC (Allocation Failure) 2021-01-22T19:41:00.169-0800: 122.652: [Tenured: 349472K->349214K(349568K), 0.0292962 secs] 506298K->388579K(506816K), [Metaspace: 2698K->2698K(1056768K)], 0.0293950 secs] [Times: user=0.03 sys=0.00, real=0.03 secs] 
2021-01-22T19:41:00.212-0800: 122.695: [Full GC (Allocation Failure) 2021-01-22T19:41:00.212-0800: 122.695: [Tenured: 349520K->349072K(349568K), 0.0389954 secs] 506765K->386130K(506816K), [Metaspace: 2698K->2698K(1056768K)], 0.0390879 secs] [Times: user=0.04 sys=0.00, real=0.04 secs] 
2021-01-22T19:41:00.265-0800: 122.749: [Full GC (Allocation Failure) 2021-01-22T19:41:00.265-0800: 122.749: [Tenured: 349072K->349514K(349568K), 0.0408542 secs] 506298K->386140K(506816K), [Metaspace: 2698K->2698K(1056768K)], 0.0409518 secs] [Times: user=0.04 sys=0.00, real=0.04 secs] 
2021-01-22T19:41:00.320-0800: 122.803: [Full GC (Allocation Failure) 2021-01-22T19:41:00.320-0800: 122.803: [Tenured: 349514K->349054K(349568K), 0.0469521 secs] 506576K->374069K(506816K), [Metaspace: 2698K->2698K(1056768K)], 0.0470500 secs] [Times: user=0.05 sys=0.00, real=0.04 secs] 
2021-01-22T19:41:00.383-0800: 122.867: [Full GC (Allocation Failure) 2021-01-22T19:41:00.383-0800: 122.867: [Tenured: 349242K->349053K(349568K), 0.0330880 secs] 506411K->383168K(506816K), [Metaspace: 2698K->2698K(1056768K)], 0.0331882 secs] [Times: user=0.03 sys=0.00, real=0.03 secs] 
2021-01-22T19:41:00.432-0800: 122.915: [Full GC (Allocation Failure) 2021-01-22T19:41:00.432-0800: 122.915: [Tenured: 349534K->349490K(349568K), 0.0386143 secs] 506781K->384996K(506816K), [Metaspace: 2698K->2698K(1056768K)], 0.0387215 secs] [Times: user=0.04 sys=0.00, real=0.04 secs] 
2021-01-22T19:41:00.484-0800: 122.967: [Full GC (Allocation Failure) 2021-01-22T19:41:00.484-0800: 122.967: [Tenured: 349490K->348856K(349568K), 0.0416151 secs] 506149K->385246K(506816K), [Metaspace: 2698K->2698K(1056768K)], 0.0417079 secs] [Times: user=0.04 sys=0.00, real=0.04 secs] 
2021-01-22T19:41:00.541-0800: 123.024: [Full GC (Allocation Failure) 2021-01-22T19:41:00.541-0800: 123.024: [Tenured: 349329K->349549K(349568K), 0.0454708 secs] 506553K->366739K(506816K), [Metaspace: 2698K->2698K(1056768K)], 0.0455738 secs] [Times: user=0.04 sys=0.00, real=0.04 secs] 
2021-01-22T19:41:00.603-0800: 123.086: [Full GC (Allocation Failure) 2021-01-22T19:41:00.603-0800: 123.086: [Tenured: 349549K->349539K(349568K), 0.0294593 secs] 506710K->380958K(506816K), [Metaspace: 2698K->2698K(1056768K)], 0.0295573 secs] [Times: user=0.03 sys=0.00, real=0.03 secs] 
2021-01-22T19:41:00.647-0800: 123.131: [Full GC (Allocation Failure) 2021-01-22T19:41:00.647-0800: 123.131: [Tenured: 349539K->349535K(349568K), 0.0381068 secs] 506783K->380304K(506816K), [Metaspace: 2698K->2698K(1056768K)], 0.0382086 secs] [Times: user=0.04 sys=0.00, real=0.04 secs] 
2021-01-22T19:41:00.701-0800: 123.184: [Full GC (Allocation Failure) 2021-01-22T19:41:00.701-0800: 123.184: [Tenured: 349535K->349286K(349568K), 0.0413382 secs] 506766K->382735K(506816K), [Metaspace: 2698K->2698K(1056768K)], 0.0414674 secs] [Times: user=0.05 sys=0.00, real=0.04 secs] 
2021-01-22T19:41:00.757-0800: 123.240: [Full GC (Allocation Failure) 2021-01-22T19:41:00.757-0800: 123.240: [Tenured: 349371K->349517K(349568K), 0.0457810 secs] 506550K->367026K(506816K), [Metaspace: 2698K->2698K(1056768K)], 0.0458839 secs] [Times: user=0.05 sys=0.00, real=0.05 secs] 
2021-01-22T19:41:00.820-0800: 123.303: [Full GC (Allocation Failure) 2021-01-22T19:41:00.820-0800: 123.303: [Tenured: 349553K->349428K(349568K), 0.0301208 secs] 506790K->379299K(506816K), [Metaspace: 2698K->2698K(1056768K)], 0.0302130 secs] [Times: user=0.03 sys=0.00, real=0.03 secs] 
2021-01-22T19:41:00.865-0800: 123.349: [Full GC (Allocation Failure) 2021-01-22T19:41:00.865-0800: 123.349: [Tenured: 349428K->349247K(349568K), 0.0365541 secs] 506556K->381421K(506816K), [Metaspace: 2698K->2698K(1056768K)], 0.0366518 secs] [Times: user=0.03 sys=0.00, real=0.04 secs] 
2021-01-22T19:41:00.917-0800: 123.400: [Full GC (Allocation Failure) 2021-01-22T19:41:00.917-0800: 123.400: [Tenured: 349492K->349311K(349568K), 0.0395588 secs] 506727K->378880K(506816K), [Metaspace: 2698K->2698K(1056768K)], 0.0396559 secs] [Times: user=0.04 sys=0.00, real=0.04 secs] 
2021-01-22T19:41:00.972-0800: 123.456: [Full GC (Allocation Failure) 2021-01-22T19:41:00.972-0800: 123.456: [Tenured: 349543K->349440K(349568K), 0.0447856 secs] 506784K->359066K(506816K), [Metaspace: 2698K->2698K(1056768K)], 0.0448885 secs] [Times: user=0.05 sys=0.00, real=0.04 secs] 
2021-01-22T19:41:01.035-0800: 123.519: [Full GC (Allocation Failure) 2021-01-22T19:41:01.035-0800: 123.519: [Tenured: 349440K->349565K(349568K), 0.0334150 secs] 506074K->382922K(506816K), [Metaspace: 2698K->2698K(1056768K)], 0.0335110 secs] [Times: user=0.03 sys=0.00, real=0.03 secs] 
2021-01-22T19:41:01.085-0800: 123.569: [Full GC (Allocation Failure) 2021-01-22T19:41:01.085-0800: 123.569: [Tenured: 349565K->349563K(349568K), 0.0362601 secs] 506812K->373337K(506816K), [Metaspace: 2698K->2698K(1056768K)], 0.0363585 secs] [Times: user=0.04 sys=0.01, real=0.04 secs] 
2021-01-22T19:41:01.137-0800: 123.621: [Full GC (Allocation Failure) 2021-01-22T19:41:01.137-0800: 123.621: [Tenured: 349563K->349129K(349568K), 0.0400481 secs] 506720K->378175K(506816K), [Metaspace: 2698K->2698K(1056768K)], 0.0401473 secs] [Times: user=0.04 sys=0.00, real=0.04 secs] 
2021-01-22T19:41:01.192-0800: 123.676: [Full GC (Allocation Failure) 2021-01-22T19:41:01.192-0800: 123.676: [Tenured: 349497K->349461K(349568K), 0.0455424 secs] 506729K->362778K(506816K), [Metaspace: 2698K->2698K(1056768K)], 0.0456355 secs] [Times: user=0.05 sys=0.00, real=0.04 secs] 
2021-01-22T19:41:01.255-0800: 123.739: [Full GC (Allocation Failure) 2021-01-22T19:41:01.255-0800: 123.739: [Tenured: 349461K->349109K(349568K), 0.0249711 secs] 506363K->381111K(506816K), [Metaspace: 2698K->2698K(1056768K)], 0.0250672 secs] [Times: user=0.03 sys=0.00, real=0.03 secs] 
2021-01-22T19:41:01.294-0800: 123.778: [Full GC (Allocation Failure) 2021-01-22T19:41:01.294-0800: 123.778: [Tenured: 349303K->349474K(349568K), 0.0358704 secs] 506429K->381532K(506816K), [Metaspace: 2698K->2698K(1056768K)], 0.0359652 secs] [Times: user=0.04 sys=0.00, real=0.04 secs] 
2021-01-22T19:41:01.346-0800: 123.829: [Full GC (Allocation Failure) 2021-01-22T19:41:01.346-0800: 123.829: [Tenured: 349474K->349198K(349568K), 0.0379327 secs] 506655K->380224K(506816K), [Metaspace: 2698K->2698K(1056768K)], 0.0380291 secs] [Times: user=0.04 sys=0.00, real=0.04 secs] 
2021-01-22T19:41:01.399-0800: 123.882: [Full GC (Allocation Failure) 2021-01-22T19:41:01.399-0800: 123.882: [Tenured: 349527K->349452K(349568K), 0.0448707 secs] 506746K->361422K(506816K), [Metaspace: 2698K->2698K(1056768K)], 0.0449666 secs] [Times: user=0.05 sys=0.00, real=0.05 secs] 
2021-01-22T19:41:01.463-0800: 123.946: [Full GC (Allocation Failure) 2021-01-22T19:41:01.463-0800: 123.946: [Tenured: 349452K->349535K(349568K), 0.0261133 secs] 506273K->379086K(506816K), [Metaspace: 2698K->2698K(1056768K)], 0.0262085 secs] [Times: user=0.02 sys=0.00, real=0.02 secs] 
2021-01-22T19:41:01.504-0800: 123.988: [Full GC (Allocation Failure) 2021-01-22T19:41:01.504-0800: 123.988: [Tenured: 349535K->349528K(349568K), 0.0374923 secs] 506742K->378230K(506816K), [Metaspace: 2698K->2698K(1056768K)], 0.0375986 secs] [Times: user=0.04 sys=0.00, real=0.04 secs] 
2021-01-22T19:41:01.557-0800: 124.040: [Full GC (Allocation Failure) 2021-01-22T19:41:01.557-0800: 124.040: [Tenured: 349528K->349345K(349568K), 0.0378629 secs] 506713K->375360K(506816K), [Metaspace: 2698K->2698K(1056768K)], 0.0379616 secs] [Times: user=0.04 sys=0.00, real=0.04 secs] 
2021-01-22T19:41:01.611-0800: 124.094: [Full GC (Allocation Failure) 2021-01-22T19:41:01.611-0800: 124.094: [Tenured: 349345K->349559K(349568K), 0.0446484 secs] 506541K->360952K(506816K), [Metaspace: 2698K->2698K(1056768K)], 0.0447434 secs] [Times: user=0.05 sys=0.00, real=0.04 secs] 
2021-01-22T19:41:01.674-0800: 124.157: [Full GC (Allocation Failure) 2021-01-22T19:41:01.674-0800: 124.157: [Tenured: 349559K->349556K(349568K), 0.0285812 secs] 506585K->381876K(506816K), [Metaspace: 2698K->2698K(1056768K)], 0.0286793 secs] [Times: user=0.02 sys=0.00, real=0.03 secs] 
2021-01-22T19:41:01.716-0800: 124.199: [Full GC (Allocation Failure) 2021-01-22T19:41:01.716-0800: 124.199: [Tenured: 349556K->349058K(349568K), 0.0368824 secs] 506769K->389641K(506816K), [Metaspace: 2698K->2698K(1056768K)], 0.0369785 secs] [Times: user=0.03 sys=0.00, real=0.04 secs] 
2021-01-22T19:41:01.766-0800: 124.250: [Full GC (Allocation Failure) 2021-01-22T19:41:01.767-0800: 124.250: [Tenured: 349382K->349212K(349568K), 0.0398478 secs] 506613K->392702K(506816K), [Metaspace: 2698K->2698K(1056768K)], 0.0399626 secs] [Times: user=0.04 sys=0.00, real=0.04 secs] 
2021-01-22T19:41:01.820-0800: 124.304: [Full GC (Allocation Failure) 2021-01-22T19:41:01.820-0800: 124.304: [Tenured: 349356K->349531K(349568K), 0.0462961 secs] 506569K->369621K(506816K), [Metaspace: 2698K->2698K(1056768K)], 0.0463928 secs] [Times: user=0.05 sys=0.00, real=0.04 secs] 
2021-01-22T19:41:01.884-0800: 124.367: [Full GC (Allocation Failure) 2021-01-22T19:41:01.884-0800: 124.367: [Tenured: 349531K->349224K(349568K), 0.0298642 secs] 506068K->382138K(506816K), [Metaspace: 2698K->2698K(1056768K)], 0.0299584 secs] [Times: user=0.03 sys=0.00, real=0.03 secs] 
2021-01-22T19:41:01.928-0800: 124.412: [Full GC (Allocation Failure) 2021-01-22T19:41:01.928-0800: 124.412: [Tenured: 349224K->349420K(349568K), 0.0398374 secs] 506157K->390851K(506816K), [Metaspace: 2698K->2698K(1056768K)], 0.0399309 secs] [Times: user=0.04 sys=0.00, real=0.04 secs] 
2021-01-22T19:41:01.982-0800: 124.466: [Full GC (Allocation Failure) 2021-01-22T19:41:01.982-0800: 124.466: [Tenured: 349528K->349187K(349568K), 0.0410241 secs] 506742K->388921K(506816K), [Metaspace: 2698K->2698K(1056768K)], 0.0411216 secs] [Times: user=0.04 sys=0.00, real=0.04 secs] 
2021-01-22T19:41:02.038-0800: 124.521: [Full GC (Allocation Failure) 2021-01-22T19:41:02.038-0800: 124.521: [Tenured: 349403K->349518K(349568K), 0.0460451 secs] 506646K->370795K(506816K), [Metaspace: 2698K->2698K(1056768K)], 0.0461388 secs] [Times: user=0.04 sys=0.00, real=0.05 secs] 
2021-01-22T19:41:02.101-0800: 124.585: [Full GC (Allocation Failure) 2021-01-22T19:41:02.101-0800: 124.585: [Tenured: 349518K->349500K(349568K), 0.0331556 secs] 506702K->388988K(506816K), [Metaspace: 2698K->2698K(1056768K)], 0.0332471 secs] [Times: user=0.03 sys=0.00, real=0.03 secs] 
2021-01-22T19:41:02.148-0800: 124.631: [Full GC (Allocation Failure) 2021-01-22T19:41:02.148-0800: 124.631: [Tenured: 349500K->349535K(349568K), 0.0393013 secs] 506295K->385386K(506816K), [Metaspace: 2698K->2698K(1056768K)], 0.0393971 secs] [Times: user=0.04 sys=0.00, real=0.04 secs] 
2021-01-22T19:41:02.202-0800: 124.685: [Full GC (Allocation Failure) 2021-01-22T19:41:02.202-0800: 124.685: [Tenured: 349535K->349253K(349568K), 0.0406770 secs] 506752K->387657K(506816K), [Metaspace: 2698K->2698K(1056768K)], 0.0407716 secs] [Times: user=0.04 sys=0.01, real=0.04 secs] 
2021-01-22T19:41:02.257-0800: 124.740: [Full GC (Allocation Failure) 2021-01-22T19:41:02.257-0800: 124.740: [Tenured: 349448K->349443K(349568K), 0.0465895 secs] 506582K->368915K(506816K), [Metaspace: 2698K->2698K(1056768K)], 0.0466830 secs] [Times: user=0.05 sys=0.00, real=0.05 secs] 
2021-01-22T19:41:02.319-0800: 124.803: [Full GC (Allocation Failure) 2021-01-22T19:41:02.319-0800: 124.803: [Tenured: 349558K->349566K(349568K), 0.0331480 secs] 506772K->381579K(506816K), [Metaspace: 2698K->2698K(1056768K)], 0.0332394 secs] [Times: user=0.04 sys=0.00, real=0.04 secs] 
2021-01-22T19:41:02.368-0800: 124.851: [Full GC (Allocation Failure) 2021-01-22T19:41:02.368-0800: 124.851: [Tenured: 349566K->349511K(349568K), 0.0390741 secs] 506431K->382332K(506816K), [Metaspace: 2698K->2698K(1056768K)], 0.0391704 secs] [Times: user=0.04 sys=0.00, real=0.04 secs] 
2021-01-22T19:41:02.421-0800: 124.905: [Full GC (Allocation Failure) 2021-01-22T19:41:02.421-0800: 124.905: [Tenured: 349511K->349490K(349568K), 0.0405055 secs] 506465K->379112K(506816K), [Metaspace: 2698K->2698K(1056768K)], 0.0406047 secs] [Times: user=0.04 sys=0.00, real=0.04 secs] 
2021-01-22T19:41:02.477-0800: 124.961: [Full GC (Allocation Failure) 2021-01-22T19:41:02.477-0800: 124.961: [Tenured: 349552K->349367K(349568K), 0.0460135 secs] 506775K->366198K(506816K), [Metaspace: 2698K->2698K(1056768K)], 0.0461059 secs] [Times: user=0.04 sys=0.00, real=0.05 secs] 
2021-01-22T19:41:02.541-0800: 125.024: [Full GC (Allocation Failure) 2021-01-22T19:41:02.541-0800: 125.024: [Tenured: 349367K->349477K(349568K), 0.0271500 secs] 506532K->382725K(506816K), [Metaspace: 2698K->2698K(1056768K)], 0.0272720 secs] [Times: user=0.03 sys=0.00, real=0.02 secs] 
2021-01-22T19:41:02.583-0800: 125.067: [Full GC (Allocation Failure) 2021-01-22T19:41:02.583-0800: 125.067: [Tenured: 349513K->349235K(349568K), 0.0351862 secs] 506733K->380101K(506816K), [Metaspace: 2698K->2698K(1056768K)], 0.0352758 secs] [Times: user=0.04 sys=0.00, real=0.03 secs] 
2021-01-22T19:41:02.635-0800: 125.118: [Full GC (Allocation Failure) 2021-01-22T19:41:02.635-0800: 125.118: [Tenured: 349505K->349535K(349568K), 0.0391855 secs] 506591K->371807K(506816K), [Metaspace: 2698K->2698K(1056768K)], 0.0392851 secs] [Times: user=0.04 sys=0.00, real=0.04 secs] 
2021-01-22T19:41:02.691-0800: 125.174: [Full GC (Allocation Failure) 2021-01-22T19:41:02.691-0800: 125.174: [Tenured: 349535K->349010K(349568K), 0.0447522 secs] 506767K->356779K(506816K), [Metaspace: 2698K->2698K(1056768K)], 0.0448555 secs] [Times: user=0.04 sys=0.00, real=0.04 secs] 
2021-01-22T19:41:02.753-0800: 125.237: [Full GC (Allocation Failure) 2021-01-22T19:41:02.753-0800: 125.237: [Tenured: 349502K->348961K(349568K), 0.0302261 secs] 506716K->376656K(506816K), [Metaspace: 2698K->2698K(1056768K)], 0.0303226 secs] [Times: user=0.03 sys=0.00, real=0.03 secs] 
2021-01-22T19:41:02.799-0800: 125.282: [Full GC (Allocation Failure) 2021-01-22T19:41:02.799-0800: 125.282: [Tenured: 349465K->349478K(349568K), 0.0369804 secs] 506704K->378038K(506816K), [Metaspace: 2698K->2698K(1056768K)], 0.0370896 secs] [Times: user=0.04 sys=0.00, real=0.04 secs] 
2021-01-22T19:41:02.851-0800: 125.335: [Full GC (Allocation Failure) 2021-01-22T19:41:02.851-0800: 125.335: [Tenured: 349532K->349425K(349568K), 0.0406052 secs] 506739K->374556K(506816K), [Metaspace: 2698K->2698K(1056768K)], 0.0406982 secs] [Times: user=0.04 sys=0.00, real=0.04 secs] 
2021-01-22T19:41:02.908-0800: 125.392: [Full GC (Allocation Failure) 2021-01-22T19:41:02.908-0800: 125.392: [Tenured: 349425K->349358K(349568K), 0.0443556 secs] 506396K->355555K(506816K), [Metaspace: 2698K->2698K(1056768K)], 0.0444517 secs] [Times: user=0.05 sys=0.00, real=0.05 secs] 
2021-01-22T19:41:02.971-0800: 125.455: [Full GC (Allocation Failure) 2021-01-22T19:41:02.971-0800: 125.455: [Tenured: 349358K->349381K(349568K), 0.0307161 secs] 506520K->373452K(506816K), [Metaspace: 2698K->2698K(1056768K)], 0.0308121 secs] [Times: user=0.03 sys=0.00, real=0.03 secs] 
2021-01-22T19:41:03.019-0800: 125.502: [Full GC (Allocation Failure) 2021-01-22T19:41:03.019-0800: 125.502: [Tenured: 349381K->349440K(349568K), 0.0375841 secs] 505975K->377723K(506816K), [Metaspace: 2698K->2698K(1056768K)], 0.0376800 secs] [Times: user=0.04 sys=0.00, real=0.04 secs] 
2021-01-22T19:41:03.070-0800: 125.554: [Full GC (Allocation Failure) 2021-01-22T19:41:03.070-0800: 125.554: [Tenured: 349440K->349532K(349568K), 0.0430869 secs] 506591K->383381K(506816K), [Metaspace: 2698K->2698K(1056768K)], 0.0431802 secs] [Times: user=0.04 sys=0.00, real=0.04 secs] 
2021-01-22T19:41:03.129-0800: 125.613: [Full GC (Allocation Failure) 2021-01-22T19:41:03.129-0800: 125.613: [Tenured: 349532K->349393K(349568K), 0.0458367 secs] 506530K->364070K(506816K), [Metaspace: 2698K->2698K(1056768K)], 0.0459308 secs] [Times: user=0.04 sys=0.00, real=0.05 secs] 
2021-01-22T19:41:03.192-0800: 125.675: [Full GC (Allocation Failure) 2021-01-22T19:41:03.192-0800: 125.675: [Tenured: 349393K->349392K(349568K), 0.0312494 secs] 506618K->392413K(506816K), [Metaspace: 2698K->2698K(1056768K)], 0.0313494 secs] [Times: user=0.03 sys=0.00, real=0.03 secs] 
2021-01-22T19:41:03.238-0800: 125.721: [Full GC (Allocation Failure) 2021-01-22T19:41:03.238-0800: 125.721: [Tenured: 349392K->349533K(349568K), 0.0372832 secs] 506629K->393971K(506816K), [Metaspace: 2698K->2698K(1056768K)], 0.0373744 secs] [Times: user=0.04 sys=0.00, real=0.04 secs] 
2021-01-22T19:41:03.288-0800: 125.772: [Full GC (Allocation Failure) 2021-01-22T19:41:03.288-0800: 125.772: [Tenured: 349533K->349522K(349568K), 0.0421610 secs] 506769K->392668K(506816K), [Metaspace: 2698K->2698K(1056768K)], 0.0422558 secs] [Times: user=0.04 sys=0.00, real=0.05 secs] 
2021-01-22T19:41:03.344-0800: 125.827: [Full GC (Allocation Failure) 2021-01-22T19:41:03.344-0800: 125.827: [Tenured: 349522K->349386K(349568K), 0.0461289 secs] 506569K->373501K(506816K), [Metaspace: 2698K->2698K(1056768K)], 0.0462289 secs] [Times: user=0.04 sys=0.00, real=0.05 secs] 
2021-01-22T19:41:03.406-0800: 125.890: [Full GC (Allocation Failure) 2021-01-22T19:41:03.406-0800: 125.890: [Tenured: 349417K->349495K(349568K), 0.0293634 secs] 506661K->393302K(506816K), [Metaspace: 2698K->2698K(1056768K)], 0.0294554 secs] [Times: user=0.03 sys=0.00, real=0.03 secs] 
2021-01-22T19:41:03.449-0800: 125.932: [Full GC (Allocation Failure) 2021-01-22T19:41:03.449-0800: 125.932: [Tenured: 349549K->349388K(349568K), 0.0386587 secs] 506790K->396121K(506816K), [Metaspace: 2698K->2698K(1056768K)], 0.0387538 secs] [Times: user=0.04 sys=0.00, real=0.04 secs] 
2021-01-22T19:41:03.500-0800: 125.984: [Full GC (Allocation Failure) 2021-01-22T19:41:03.500-0800: 125.984: [Tenured: 349535K->349214K(349568K), 0.0406877 secs] 506776K->398271K(506816K), [Metaspace: 2698K->2698K(1056768K)], 0.0407811 secs] [Times: user=0.04 sys=0.00, real=0.04 secs] 
2021-01-22T19:41:03.555-0800: 126.039: [Full GC (Allocation Failure) 2021-01-22T19:41:03.555-0800: 126.039: [Tenured: 349566K->349344K(349568K), 0.0465887 secs] 506814K->378157K(506816K), [Metaspace: 2698K->2698K(1056768K)], 0.0467080 secs] [Times: user=0.04 sys=0.00, real=0.05 secs] 
2021-01-22T19:41:03.617-0800: 126.101: [Full GC (Allocation Failure) 2021-01-22T19:41:03.617-0800: 126.101: [Tenured: 349537K->349478K(349568K), 0.0282694 secs] 506783K->393411K(506816K), [Metaspace: 2698K->2698K(1056768K)], 0.0283610 secs] [Times: user=0.03 sys=0.00, real=0.03 secs] 
2021-01-22T19:41:03.659-0800: 126.143: [Full GC (Allocation Failure) 2021-01-22T19:41:03.659-0800: 126.143: [Tenured: 349478K->349343K(349568K), 0.0338733 secs] 506569K->397684K(506816K), [Metaspace: 2698K->2698K(1056768K)], 0.0339703 secs] [Times: user=0.03 sys=0.00, real=0.04 secs] 
2021-01-22T19:41:03.707-0800: 126.190: [Full GC (Allocation Failure) 2021-01-22T19:41:03.707-0800: 126.190: [Tenured: 349487K->349514K(349568K), 0.0391265 secs] 506628K->395799K(506816K), [Metaspace: 2698K->2698K(1056768K)], 0.0392220 secs] [Times: user=0.03 sys=0.00, real=0.04 secs] 
2021-01-22T19:41:03.759-0800: 126.243: [Full GC (Allocation Failure) 2021-01-22T19:41:03.759-0800: 126.243: [Tenured: 349514K->349055K(349568K), 0.0473568 secs] 506709K->382332K(506816K), [Metaspace: 2698K->2698K(1056768K)], 0.0474466 secs] [Times: user=0.04 sys=0.00, real=0.05 secs] 
2021-01-22T19:41:03.822-0800: 126.305: [Full GC (Allocation Failure) 2021-01-22T19:41:03.822-0800: 126.305: [Tenured: 349448K->349540K(349568K), 0.0286646 secs] 506640K->399105K(506816K), [Metaspace: 2698K->2698K(1056768K)], 0.0287639 secs] [Times: user=0.03 sys=0.00, real=0.03 secs] 
2021-01-22T19:41:03.863-0800: 126.347: [Full GC (Allocation Failure) 2021-01-22T19:41:03.863-0800: 126.347: [Tenured: 349540K->349183K(349568K), 0.0392603 secs] 506555K->401945K(506816K), [Metaspace: 2698K->2698K(1056768K)], 0.0393581 secs] [Times: user=0.04 sys=0.00, real=0.04 secs] 
2021-01-22T19:41:03.916-0800: 126.399: [Full GC (Allocation Failure) 2021-01-22T19:41:03.916-0800: 126.399: [Tenured: 349449K->349280K(349568K), 0.0398300 secs] 506659K->397953K(506816K), [Metaspace: 2698K->2698K(1056768K)], 0.0399293 secs] [Times: user=0.04 sys=0.00, real=0.04 secs] 
2021-01-22T19:41:03.969-0800: 126.452: [Full GC (Allocation Failure) 2021-01-22T19:41:03.969-0800: 126.453: [Tenured: 349280K->349552K(349568K), 0.0464971 secs] 506322K->377286K(506816K), [Metaspace: 2698K->2698K(1056768K)], 0.0465947 secs] [Times: user=0.05 sys=0.00, real=0.05 secs] 
2021-01-22T19:41:04.031-0800: 126.515: [Full GC (Allocation Failure) 2021-01-22T19:41:04.032-0800: 126.515: [Tenured: 349552K->349452K(349568K), 0.0329678 secs] 506739K->393795K(506816K), [Metaspace: 2698K->2698K(1056768K)], 0.0330614 secs] [Times: user=0.03 sys=0.00, real=0.03 secs] 
2021-01-22T19:41:04.077-0800: 126.561: [Full GC (Allocation Failure) 2021-01-22T19:41:04.077-0800: 126.561: [Tenured: 349452K->349506K(349568K), 0.0398168 secs] 506589K->391868K(506816K), [Metaspace: 2698K->2698K(1056768K)], 0.0399169 secs] [Times: user=0.04 sys=0.00, real=0.04 secs] 
2021-01-22T19:41:04.132-0800: 126.615: [Full GC (Allocation Failure) 2021-01-22T19:41:04.132-0800: 126.615: [Tenured: 349506K->349342K(349568K), 0.0501514 secs] 506701K->394771K(506816K), [Metaspace: 2698K->2698K(1056768K)], 0.0502433 secs] [Times: user=0.05 sys=0.00, real=0.05 secs] 
2021-01-22T19:41:04.199-0800: 126.683: [Full GC (Allocation Failure) 2021-01-22T19:41:04.199-0800: 126.683: [Tenured: 349342K->349293K(349568K), 0.0477287 secs] 506509K->374949K(506816K), [Metaspace: 2698K->2698K(1056768K)], 0.0478219 secs] [Times: user=0.05 sys=0.00, real=0.05 secs] 
2021-01-22T19:41:04.263-0800: 126.746: [Full GC (Allocation Failure) 2021-01-22T19:41:04.263-0800: 126.746: [Tenured: 349293K->349458K(349568K), 0.0300631 secs] 505803K->392080K(506816K), [Metaspace: 2698K->2698K(1056768K)], 0.0301592 secs] [Times: user=0.03 sys=0.00, real=0.03 secs] 
2021-01-22T19:41:04.306-0800: 126.790: [Full GC (Allocation Failure) 2021-01-22T19:41:04.306-0800: 126.790: [Tenured: 349524K->349378K(349568K), 0.0365444 secs] 506724K->390478K(506816K), [Metaspace: 2698K->2698K(1056768K)], 0.0366438 secs] [Times: user=0.04 sys=0.00, real=0.04 secs] 
2021-01-22T19:41:04.357-0800: 126.841: [Full GC (Allocation Failure) 2021-01-22T19:41:04.357-0800: 126.841: [Tenured: 349549K->349069K(349568K), 0.0385437 secs] 506763K->393443K(506816K), [Metaspace: 2698K->2698K(1056768K)], 0.0386406 secs] [Times: user=0.04 sys=0.00, real=0.04 secs] 
2021-01-22T19:41:04.410-0800: 126.893: [Full GC (Allocation Failure) 2021-01-22T19:41:04.410-0800: 126.893: [Tenured: 349069K->349290K(349568K), 0.0468551 secs] 505585K->370106K(506816K), [Metaspace: 2698K->2698K(1056768K)], 0.0469681 secs] [Times: user=0.04 sys=0.00, real=0.04 secs] 
2021-01-22T19:41:04.474-0800: 126.957: [Full GC (Allocation Failure) 2021-01-22T19:41:04.474-0800: 126.957: [Tenured: 349339K->349212K(349568K), 0.0284370 secs] 506575K->386791K(506816K), [Metaspace: 2698K->2698K(1056768K)], 0.0285341 secs] [Times: user=0.03 sys=0.00, real=0.03 secs] 
2021-01-22T19:41:04.517-0800: 127.000: [Full GC (Allocation Failure) 2021-01-22T19:41:04.517-0800: 127.000: [Tenured: 349561K->349256K(349568K), 0.0359618 secs] 506807K->388215K(506816K), [Metaspace: 2698K->2698K(1056768K)], 0.0360587 secs] [Times: user=0.04 sys=0.00, real=0.04 secs] 
2021-01-22T19:41:04.567-0800: 127.051: [Full GC (Allocation Failure) 2021-01-22T19:41:04.567-0800: 127.051: [Tenured: 349400K->349566K(349568K), 0.0394168 secs] 506559K->390949K(506816K), [Metaspace: 2698K->2698K(1056768K)], 0.0395227 secs] [Times: user=0.04 sys=0.00, real=0.04 secs] 
2021-01-22T19:41:04.619-0800: 127.103: [Full GC (Allocation Failure) 2021-01-22T19:41:04.619-0800: 127.103: [Tenured: 349566K->349539K(349568K), 0.0468023 secs] 506778K->374723K(506816K), [Metaspace: 2698K->2698K(1056768K)], 0.0468994 secs] [Times: user=0.05 sys=0.00, real=0.05 secs] 
2021-01-22T19:41:04.684-0800: 127.167: [Full GC (Allocation Failure) 2021-01-22T19:41:04.684-0800: 127.167: [Tenured: 349539K->349509K(349568K), 0.0353530 secs] 506716K->388504K(506816K), [Metaspace: 2698K->2698K(1056768K)], 0.0354781 secs] [Times: user=0.03 sys=0.00, real=0.03 secs] 
2021-01-22T19:41:04.733-0800: 127.216: [Full GC (Allocation Failure) 2021-01-22T19:41:04.733-0800: 127.216: [Tenured: 349509K->349513K(349568K), 0.0404264 secs] 506377K->391780K(506816K), [Metaspace: 2698K->2698K(1056768K)], 0.0405258 secs] [Times: user=0.04 sys=0.00, real=0.04 secs] 
2021-01-22T19:41:04.789-0800: 127.273: [Full GC (Allocation Failure) 2021-01-22T19:41:04.789-0800: 127.273: [Tenured: 349513K->349318K(349568K), 0.0416862 secs] 506720K->385911K(506816K), [Metaspace: 2698K->2698K(1056768K)], 0.0417844 secs] [Times: user=0.04 sys=0.00, real=0.05 secs] 
2021-01-22T19:41:04.847-0800: 127.330: [Full GC (Allocation Failure) 2021-01-22T19:41:04.847-0800: 127.331: [Tenured: 349318K->349499K(349568K), 0.0482984 secs] 506283K->365643K(506816K), [Metaspace: 2698K->2698K(1056768K)], 0.0484205 secs] [Times: user=0.05 sys=0.00, real=0.05 secs] 
2021-01-22T19:41:04.912-0800: 127.396: [Full GC (Allocation Failure) 2021-01-22T19:41:04.912-0800: 127.396: [Tenured: 349499K->349534K(349568K), 0.0325107 secs] 506269K->382647K(506816K), [Metaspace: 2698K->2698K(1056768K)], 0.0326107 secs] [Times: user=0.03 sys=0.00, real=0.03 secs] 
2021-01-22T19:41:04.960-0800: 127.444: [Full GC (Allocation Failure) 2021-01-22T19:41:04.960-0800: 127.444: [Tenured: 349534K->349002K(349568K), 0.0395601 secs] 506774K->386068K(506816K), [Metaspace: 2698K->2698K(1056768K)], 0.0396603 secs] [Times: user=0.04 sys=0.00, real=0.04 secs] 
2021-01-22T19:41:05.014-0800: 127.498: [Full GC (Allocation Failure) 2021-01-22T19:41:05.014-0800: 127.498: [Tenured: 349364K->349554K(349568K), 0.0409486 secs] 506601K->391799K(506816K), [Metaspace: 2698K->2698K(1056768K)], 0.0410453 secs] [Times: user=0.04 sys=0.00, real=0.04 secs] 
2021-01-22T19:41:05.069-0800: 127.553: [Full GC (Allocation Failure) 2021-01-22T19:41:05.069-0800: 127.553: [Tenured: 349554K->349136K(349568K), 0.0493466 secs] 506664K->381643K(506816K), [Metaspace: 2698K->2698K(1056768K)], 0.0494654 secs] [Times: user=0.05 sys=0.00, real=0.05 secs] 
2021-01-22T19:41:05.136-0800: 127.620: [Full GC (Allocation Failure) 2021-01-22T19:41:05.136-0800: 127.620: [Tenured: 349136K->349519K(349568K), 0.0308604 secs] 505951K->395378K(506816K), [Metaspace: 2698K->2698K(1056768K)], 0.0309589 secs] [Times: user=0.02 sys=0.00, real=0.03 secs] 
2021-01-22T19:41:05.182-0800: 127.665: [Full GC (Allocation Failure) 2021-01-22T19:41:05.182-0800: 127.665: [Tenured: 349519K->349465K(349568K), 0.0437404 secs] 506745K->391668K(506816K), [Metaspace: 2698K->2698K(1056768K)], 0.0438342 secs] [Times: user=0.04 sys=0.00, real=0.04 secs] 
2021-01-22T19:41:05.239-0800: 127.723: [Full GC (Allocation Failure) 2021-01-22T19:41:05.240-0800: 127.723: [Tenured: 349465K->349203K(349568K), 0.0425185 secs] 506626K->389499K(506816K), [Metaspace: 2698K->2698K(1056768K)], 0.0426160 secs] [Times: user=0.05 sys=0.00, real=0.05 secs] 
2021-01-22T19:41:05.295-0800: 127.779: [Full GC (Allocation Failure) 2021-01-22T19:41:05.295-0800: 127.779: [Tenured: 349540K->349280K(349568K), 0.0461177 secs] 506765K->374606K(506816K), [Metaspace: 2698K->2698K(1056768K)], 0.0462165 secs] [Times: user=0.05 sys=0.00, real=0.05 secs] 
2021-01-22T19:41:05.357-0800: 127.841: [Full GC (Allocation Failure) 2021-01-22T19:41:05.357-0800: 127.841: [Tenured: 349280K->349508K(349568K), 0.0326742 secs] 506250K->399493K(506816K), [Metaspace: 2698K->2698K(1056768K)], 0.0327685 secs] [Times: user=0.03 sys=0.00, real=0.04 secs] 
2021-01-22T19:41:05.403-0800: 127.887: [Full GC (Allocation Failure) 2021-01-22T19:41:05.403-0800: 127.887: [Tenured: 349508K->349006K(349568K), 0.0391425 secs] 506549K->392013K(506816K), [Metaspace: 2698K->2698K(1056768K)], 0.0392430 secs] [Times: user=0.04 sys=0.00, real=0.04 secs] 
2021-01-22T19:41:05.457-0800: 127.941: [Full GC (Allocation Failure) 2021-01-22T19:41:05.457-0800: 127.941: [Tenured: 349122K->348964K(349568K), 0.0427142 secs] 506342K->391619K(506816K), [Metaspace: 2698K->2698K(1056768K)], 0.0428073 secs] [Times: user=0.04 sys=0.00, real=0.05 secs] 
2021-01-22T19:41:05.514-0800: 127.998: [Full GC (Allocation Failure) 2021-01-22T19:41:05.514-0800: 127.998: [Tenured: 349448K->349387K(349568K), 0.0495157 secs] 506693K->376600K(506816K), [Metaspace: 2698K->2698K(1056768K)], 0.0496098 secs] [Times: user=0.04 sys=0.01, real=0.05 secs] 
2021-01-22T19:41:05.582-0800: 128.065: [Full GC (Allocation Failure) 2021-01-22T19:41:05.582-0800: 128.065: [Tenured: 349387K->349534K(349568K), 0.0361557 secs] 506096K->386838K(506816K), [Metaspace: 2698K->2698K(1056768K)], 0.0362460 secs] [Times: user=0.03 sys=0.00, real=0.03 secs] 
2021-01-22T19:41:05.633-0800: 128.117: [Full GC (Allocation Failure) 2021-01-22T19:41:05.633-0800: 128.117: [Tenured: 349534K->349542K(349568K), 0.0386887 secs] 506720K->390018K(506816K), [Metaspace: 2698K->2698K(1056768K)], 0.0388288 secs] [Times: user=0.04 sys=0.00, real=0.04 secs] 
2021-01-22T19:41:05.687-0800: 128.171: [Full GC (Allocation Failure) 2021-01-22T19:41:05.687-0800: 128.171: [Tenured: 349542K->349432K(349568K), 0.0414329 secs] 506597K->391437K(506816K), [Metaspace: 2698K->2698K(1056768K)], 0.0415278 secs] [Times: user=0.04 sys=0.00, real=0.04 secs] 
2021-01-22T19:41:05.744-0800: 128.227: [Full GC (Allocation Failure) 2021-01-22T19:41:05.744-0800: 128.227: [Tenured: 349432K->349550K(349568K), 0.0472400 secs] 506406K->369122K(506816K), [Metaspace: 2698K->2698K(1056768K)], 0.0473582 secs] [Times: user=0.04 sys=0.00, real=0.05 secs] 
2021-01-22T19:41:05.809-0800: 128.293: [Full GC (Allocation Failure) 2021-01-22T19:41:05.809-0800: 128.293: [Tenured: 349550K->349529K(349568K), 0.0286374 secs] 506740K->381588K(506816K), [Metaspace: 2698K->2698K(1056768K)], 0.0287342 secs] [Times: user=0.03 sys=0.00, real=0.03 secs] 
2021-01-22T19:41:05.854-0800: 128.337: [Full GC (Allocation Failure) 2021-01-22T19:41:05.854-0800: 128.337: [Tenured: 349529K->349547K(349568K), 0.0391614 secs] 506655K->383633K(506816K), [Metaspace: 2698K->2698K(1056768K)], 0.0392507 secs] [Times: user=0.04 sys=0.00, real=0.04 secs] 
2021-01-22T19:41:05.908-0800: 128.392: [Full GC (Allocation Failure) 2021-01-22T19:41:05.908-0800: 128.392: [Tenured: 349556K->349562K(349568K), 0.0406117 secs] 506799K->384758K(506816K), [Metaspace: 2698K->2698K(1056768K)], 0.0407047 secs] [Times: user=0.04 sys=0.00, real=0.04 secs] 
2021-01-22T19:41:05.964-0800: 128.448: [Full GC (Allocation Failure) 2021-01-22T19:41:05.964-0800: 128.448: [Tenured: 349562K->349502K(349568K), 0.0465777 secs] 506801K->362839K(506816K), [Metaspace: 2698K->2698K(1056768K)], 0.0466767 secs] [Times: user=0.05 sys=0.00, real=0.05 secs] 
2021-01-22T19:41:06.028-0800: 128.512: [Full GC (Allocation Failure) 2021-01-22T19:41:06.028-0800: 128.512: [Tenured: 349502K->349202K(349568K), 0.0298174 secs] 506413K->382015K(506816K), [Metaspace: 2698K->2698K(1056768K)], 0.0299131 secs] [Times: user=0.02 sys=0.00, real=0.03 secs] 
2021-01-22T19:41:06.074-0800: 128.557: [Full GC (Allocation Failure) 2021-01-22T19:41:06.074-0800: 128.557: [Tenured: 349562K->349536K(349568K), 0.0371729 secs] 506767K->380662K(506816K), [Metaspace: 2698K->2698K(1056768K)], 0.0372688 secs] [Times: user=0.03 sys=0.00, real=0.04 secs] 
2021-01-22T19:41:06.126-0800: 128.610: [Full GC (Allocation Failure) 2021-01-22T19:41:06.126-0800: 128.610: [Tenured: 349536K->349492K(349568K), 0.0395322 secs] 506541K->380157K(506816K), [Metaspace: 2698K->2698K(1056768K)], 0.0396199 secs] [Times: user=0.04 sys=0.00, real=0.04 secs] 
2021-01-22T19:41:06.193-0800: 128.677: [Full GC (Allocation Failure) 2021-01-22T19:41:06.193-0800: 128.677: [Tenured: 349492K->349387K(349568K), 0.1857727 secs] 506561K->366860K(506816K), [Metaspace: 2698K->2698K(1056768K)], 0.1860766 secs] [Times: user=0.06 sys=0.00, real=0.18 secs] 
2021-01-22T19:41:06.416-0800: 128.900: [Full GC (Allocation Failure) 2021-01-22T19:41:06.416-0800: 128.900: [Tenured: 349387K->349093K(349568K), 0.0588237 secs] 506503K->388484K(506816K), [Metaspace: 2698K->2698K(1056768K)], 0.0589256 secs] [Times: user=0.04 sys=0.01, real=0.06 secs] 
2021-01-22T19:41:06.489-0800: 128.973: [Full GC (Allocation Failure) 2021-01-22T19:41:06.490-0800: 128.973: [Tenured: 349509K->349557K(349568K), 0.0541908 secs] 506754K->385467K(506816K), [Metaspace: 2698K->2698K(1056768K)], 0.0542957 secs] [Times: user=0.05 sys=0.00, real=0.06 secs] 
2021-01-22T19:41:06.560-0800: 129.043: [Full GC (Allocation Failure) 2021-01-22T19:41:06.560-0800: 129.043: [Tenured: 349557K->349427K(349568K), 0.0419371 secs] 506391K->384370K(506816K), [Metaspace: 2698K->2698K(1056768K)], 0.0420398 secs] [Times: user=0.04 sys=0.00, real=0.04 secs] 
2021-01-22T19:41:06.618-0800: 129.102: [Full GC (Allocation Failure) 2021-01-22T19:41:06.618-0800: 129.102: [Tenured: 349427K->349563K(349568K), 0.0500744 secs] 506564K->367815K(506816K), [Metaspace: 2698K->2698K(1056768K)], 0.0503152 secs] [Times: user=0.05 sys=0.00, real=0.05 secs] 
2021-01-22T19:41:06.687-0800: 129.170: [Full GC (Allocation Failure) 2021-01-22T19:41:06.687-0800: 129.170: [Tenured: 349563K->349399K(349568K), 0.0392180 secs] 506756K->384106K(506816K), [Metaspace: 2698K->2698K(1056768K)], 0.0393196 secs] [Times: user=0.04 sys=0.00, real=0.04 secs] 
2021-01-22T19:41:06.741-0800: 129.225: [Full GC (Allocation Failure) 2021-01-22T19:41:06.742-0800: 129.225: [Tenured: 349399K->349294K(349568K), 0.0404552 secs] 506329K->390551K(506816K), [Metaspace: 2698K->2698K(1056768K)], 0.0405840 secs] [Times: user=0.04 sys=0.00, real=0.04 secs] 
2021-01-22T19:41:06.798-0800: 129.281: [Full GC (Allocation Failure) 2021-01-22T19:41:06.798-0800: 129.281: [Tenured: 349510K->349564K(349568K), 0.0433916 secs] 506721K->386974K(506816K), [Metaspace: 2698K->2698K(1056768K)], 0.0435363 secs] [Times: user=0.04 sys=0.00, real=0.05 secs] 
2021-01-22T19:41:06.856-0800: 129.339: [Full GC (Allocation Failure) 2021-01-22T19:41:06.856-0800: 129.340: [Tenured: 349564K->349522K(349568K), 0.0564180 secs] 506808K->370883K(506816K), [Metaspace: 2698K->2698K(1056768K)], 0.0565499 secs] [Times: user=0.05 sys=0.00, real=0.06 secs] 
2021-01-22T19:41:06.929-0800: 129.413: [Full GC (Allocation Failure) 2021-01-22T19:41:06.930-0800: 129.413: [Tenured: 349522K->349418K(349568K), 0.0325458 secs] 506481K->384240K(506816K), [Metaspace: 2698K->2698K(1056768K)], 0.0326785 secs] [Times: user=0.03 sys=0.00, real=0.04 secs] 
2021-01-22T19:41:06.976-0800: 129.460: [Full GC (Allocation Failure) 2021-01-22T19:41:06.976-0800: 129.460: [Tenured: 349418K->349482K(349568K), 0.0391672 secs] 506467K->385912K(506816K), [Metaspace: 2698K->2698K(1056768K)], 0.0392706 secs] [Times: user=0.04 sys=0.00, real=0.04 secs] 
2021-01-22T19:41:07.030-0800: 129.514: [Full GC (Allocation Failure) 2021-01-22T19:41:07.030-0800: 129.514: [Tenured: 349554K->349227K(349568K), 0.0430583 secs] 506766K->385795K(506816K), [Metaspace: 2698K->2698K(1056768K)], 0.0431614 secs] [Times: user=0.04 sys=0.00, real=0.04 secs] 
2021-01-22T19:41:07.089-0800: 129.572: [Full GC (Allocation Failure) 2021-01-22T19:41:07.089-0800: 129.572: [Tenured: 349515K->349494K(349568K), 0.0482355 secs] 506763K->370903K(506816K), [Metaspace: 2698K->2698K(1056768K)], 0.0483326 secs] [Times: user=0.05 sys=0.00, real=0.05 secs] 
2021-01-22T19:41:07.154-0800: 129.638: [Full GC (Allocation Failure) 2021-01-22T19:41:07.154-0800: 129.638: [Tenured: 349494K->349434K(349568K), 0.0317273 secs] 506698K->383784K(506816K), [Metaspace: 2698K->2698K(1056768K)], 0.0318285 secs] [Times: user=0.03 sys=0.00, real=0.03 secs] 
2021-01-22T19:41:07.204-0800: 129.687: [Full GC (Allocation Failure) 2021-01-22T19:41:07.204-0800: 129.687: [Tenured: 349434K->349544K(349568K), 0.0444445 secs] 506634K->380708K(506816K), [Metaspace: 2698K->2698K(1056768K)], 0.0445442 secs] [Times: user=0.04 sys=0.00, real=0.04 secs] 
2021-01-22T19:41:07.263-0800: 129.747: [Full GC (Allocation Failure) 2021-01-22T19:41:07.263-0800: 129.747: [Tenured: 349544K->349409K(349568K), 0.0401613 secs] 506618K->382853K(506816K), [Metaspace: 2698K->2698K(1056768K)], 0.0402675 secs] [Times: user=0.04 sys=0.00, real=0.04 secs] 
2021-01-22T19:41:07.317-0800: 129.801: [Full GC (Allocation Failure) 2021-01-22T19:41:07.317-0800: 129.801: [Tenured: 349409K->349135K(349568K), 0.0474398 secs] 506478K->365876K(506816K), [Metaspace: 2698K->2698K(1056768K)], 0.0475443 secs] [Times: user=0.04 sys=0.00, real=0.05 secs] 
2021-01-22T19:41:07.387-0800: 129.871: [Full GC (Allocation Failure) 2021-01-22T19:41:07.387-0800: 129.871: [Tenured: 349518K->349547K(349568K), 0.0311154 secs] 506765K->382734K(506816K), [Metaspace: 2698K->2698K(1056768K)], 0.0312225 secs] [Times: user=0.03 sys=0.01, real=0.03 secs] 
2021-01-22T19:41:07.433-0800: 129.917: [Full GC (Allocation Failure) 2021-01-22T19:41:07.433-0800: 129.917: [Tenured: 349547K->349232K(349568K), 0.0362323 secs] 506297K->387385K(506816K), [Metaspace: 2698K->2698K(1056768K)], 0.0363503 secs] [Times: user=0.04 sys=0.00, real=0.04 secs] 
2021-01-22T19:41:07.484-0800: 129.968: [Full GC (Allocation Failure) 2021-01-22T19:41:07.484-0800: 129.968: [Tenured: 349502K->349555K(349568K), 0.0384201 secs] 506742K->389378K(506816K), [Metaspace: 2698K->2698K(1056768K)], 0.0385212 secs] [Times: user=0.04 sys=0.00, real=0.04 secs] 
2021-01-22T19:41:07.538-0800: 130.021: [Full GC (Allocation Failure) 2021-01-22T19:41:07.538-0800: 130.021: [Tenured: 349555K->349510K(349568K), 0.0453544 secs] 506541K->372256K(506816K), [Metaspace: 2698K->2698K(1056768K)], 0.0454477 secs] [Times: user=0.04 sys=0.00, real=0.05 secs] 
2021-01-22T19:41:07.600-0800: 130.084: [Full GC (Allocation Failure) 2021-01-22T19:41:07.600-0800: 130.084: [Tenured: 349510K->349144K(349568K), 0.0292195 secs] 506590K->398935K(506816K), [Metaspace: 2698K->2698K(1056768K)], 0.0293175 secs] [Times: user=0.03 sys=0.00, real=0.02 secs] 
2021-01-22T19:41:07.642-0800: 130.126: [Full GC (Allocation Failure) 2021-01-22T19:41:07.642-0800: 130.126: [Tenured: 349515K->349493K(349568K), 0.0378636 secs] 506760K->402478K(506816K), [Metaspace: 2698K->2698K(1056768K)], 0.0379569 secs] [Times: user=0.04 sys=0.00, real=0.04 secs] 
2021-01-22T19:41:07.693-0800: 130.177: [Full GC (Allocation Failure) 2021-01-22T19:41:07.693-0800: 130.177: [Tenured: 349493K->349287K(349568K), 0.0510558 secs] 506737K->405728K(506816K), [Metaspace: 2698K->2698K(1056768K)], 0.0511524 secs] [Times: user=0.05 sys=0.00, real=0.05 secs] 
2021-01-22T19:41:07.757-0800: 130.241: [Full GC (Allocation Failure) 2021-01-22T19:41:07.757-0800: 130.241: [Tenured: 349287K->349501K(349568K), 0.0472825 secs] 506161K->382321K(506816K), [Metaspace: 2698K->2698K(1056768K)], 0.0473808 secs] [Times: user=0.05 sys=0.00, real=0.05 secs] 
2021-01-22T19:41:07.820-0800: 130.304: [Full GC (Allocation Failure) 2021-01-22T19:41:07.820-0800: 130.304: [Tenured: 349531K->348852K(349568K), 0.0314646 secs] 506765K->402569K(506816K), [Metaspace: 2698K->2698K(1056768K)], 0.0315596 secs] [Times: user=0.03 sys=0.00, real=0.03 secs] 
2021-01-22T19:41:07.865-0800: 130.349: [Full GC (Allocation Failure) 2021-01-22T19:41:07.865-0800: 130.349: [Tenured: 349540K->349553K(349568K), 0.0457205 secs] 506779K->402463K(506816K), [Metaspace: 2698K->2698K(1056768K)], 0.0458197 secs] [Times: user=0.05 sys=0.00, real=0.05 secs] 
2021-01-22T19:41:07.924-0800: 130.408: [Full GC (Allocation Failure) 2021-01-22T19:41:07.924-0800: 130.408: [Tenured: 349553K->349385K(349568K), 0.0410586 secs] 506726K->398632K(506816K), [Metaspace: 2698K->2698K(1056768K)], 0.0411568 secs] [Times: user=0.04 sys=0.00, real=0.04 secs] 
2021-01-22T19:41:07.979-0800: 130.462: [Full GC (Allocation Failure) 2021-01-22T19:41:07.979-0800: 130.462: [Tenured: 349552K->349381K(349568K), 0.0466421 secs] 506784K->380761K(506816K), [Metaspace: 2698K->2698K(1056768K)], 0.0467657 secs] [Times: user=0.05 sys=0.00, real=0.05 secs] 
2021-01-22T19:41:08.042-0800: 130.525: [Full GC (Allocation Failure) 2021-01-22T19:41:08.042-0800: 130.526: [Tenured: 349381K->349560K(349568K), 0.0287276 secs] 506354K->392438K(506816K), [Metaspace: 2698K->2698K(1056768K)], 0.0288218 secs] [Times: user=0.03 sys=0.00, real=0.03 secs] 
2021-01-22T19:41:08.085-0800: 130.568: [Full GC (Allocation Failure) 2021-01-22T19:41:08.085-0800: 130.568: [Tenured: 349560K->349566K(349568K), 0.0360210 secs] 506680K->389242K(506816K), [Metaspace: 2698K->2698K(1056768K)], 0.0361214 secs] [Times: user=0.03 sys=0.00, real=0.04 secs] 
2021-01-22T19:41:08.136-0800: 130.620: [Full GC (Allocation Failure) 2021-01-22T19:41:08.136-0800: 130.620: [Tenured: 349566K->349355K(349568K), 0.0398391 secs] 506702K->390700K(506816K), [Metaspace: 2698K->2698K(1056768K)], 0.0399446 secs] [Times: user=0.04 sys=0.00, real=0.04 secs] 
2021-01-22T19:41:08.190-0800: 130.673: [Full GC (Allocation Failure) 2021-01-22T19:41:08.190-0800: 130.673: [Tenured: 349355K->349394K(349568K), 0.0532947 secs] 506484K->372743K(506816K), [Metaspace: 2698K->2698K(1056768K)], 0.0533938 secs] [Times: user=0.06 sys=0.00, real=0.05 secs] 
2021-01-22T19:41:08.260-0800: 130.743: [Full GC (Allocation Failure) 2021-01-22T19:41:08.260-0800: 130.744: [Tenured: 349394K->349536K(349568K), 0.0293368 secs] 506222K->385832K(506816K), [Metaspace: 2698K->2698K(1056768K)], 0.0294339 secs] [Times: user=0.03 sys=0.00, real=0.02 secs] 
2021-01-22T19:41:08.304-0800: 130.788: [Full GC (Allocation Failure) 2021-01-22T19:41:08.304-0800: 130.788: [Tenured: 349536K->349550K(349568K), 0.0376772 secs] 506777K->384318K(506816K), [Metaspace: 2698K->2698K(1056768K)], 0.0377734 secs] [Times: user=0.03 sys=0.00, real=0.04 secs] 
2021-01-22T19:41:08.356-0800: 130.840: [Full GC (Allocation Failure) 2021-01-22T19:41:08.356-0800: 130.840: [Tenured: 349550K->349407K(349568K), 0.0504449 secs] 506781K->386390K(506816K), [Metaspace: 2698K->2698K(1056768K)], 0.0505382 secs] [Times: user=0.05 sys=0.00, real=0.05 secs] 
2021-01-22T19:41:08.422-0800: 130.906: [Full GC (Allocation Failure) 2021-01-22T19:41:08.422-0800: 130.906: [Tenured: 349557K->349481K(349568K), 0.0454450 secs] 506801K->370528K(506816K), [Metaspace: 2698K->2698K(1056768K)], 0.0455472 secs] [Times: user=0.05 sys=0.00, real=0.04 secs] 
2021-01-22T19:41:08.484-0800: 130.967: [Full GC (Allocation Failure) 2021-01-22T19:41:08.484-0800: 130.967: [Tenured: 349550K->349284K(349568K), 0.0282032 secs] 506794K->391468K(506816K), [Metaspace: 2698K->2698K(1056768K)], 0.0283044 secs] [Times: user=0.03 sys=0.00, real=0.03 secs] 
2021-01-22T19:41:08.528-0800: 131.012: [Full GC (Allocation Failure) 2021-01-22T19:41:08.528-0800: 131.012: [Tenured: 349284K->349535K(349568K), 0.0360044 secs] 506315K->390984K(506816K), [Metaspace: 2698K->2698K(1056768K)], 0.0361094 secs] [Times: user=0.03 sys=0.00, real=0.04 secs] 
2021-01-22T19:41:08.578-0800: 131.062: [Full GC (Allocation Failure) 2021-01-22T19:41:08.578-0800: 131.062: [Tenured: 349535K->349451K(349568K), 0.0386391 secs] 506559K->386860K(506816K), [Metaspace: 2698K->2698K(1056768K)], 0.0387366 secs] [Times: user=0.04 sys=0.00, real=0.04 secs] 
2021-01-22T19:41:08.631-0800: 131.114: [Full GC (Allocation Failure) 2021-01-22T19:41:08.631-0800: 131.114: [Tenured: 349451K->349475K(349568K), 0.0453779 secs] 506570K->368326K(506816K), [Metaspace: 2698K->2698K(1056768K)], 0.0454813 secs] [Times: user=0.04 sys=0.00, real=0.04 secs] 
2021-01-22T19:41:08.692-0800: 131.176: [Full GC (Allocation Failure) 2021-01-22T19:41:08.692-0800: 131.176: [Tenured: 349475K->349554K(349568K), 0.0387507 secs] 506161K->390090K(506816K), [Metaspace: 2698K->2698K(1056768K)], 0.0388517 secs] [Times: user=0.04 sys=0.00, real=0.04 secs] 
2021-01-22T19:41:08.746-0800: 131.229: [Full GC (Allocation Failure) 2021-01-22T19:41:08.746-0800: 131.229: [Tenured: 349554K->349187K(349568K), 0.0408067 secs] 506610K->390193K(506816K), [Metaspace: 2698K->2698K(1056768K)], 0.0409154 secs] [Times: user=0.04 sys=0.00, real=0.04 secs] 
2021-01-22T19:41:08.801-0800: 131.285: [Full GC (Allocation Failure) 2021-01-22T19:41:08.801-0800: 131.285: [Tenured: 349187K->349561K(349568K), 0.0413776 secs] 506227K->398340K(506816K), [Metaspace: 2698K->2698K(1056768K)], 0.0414713 secs] [Times: user=0.04 sys=0.00, real=0.04 secs] 
2021-01-22T19:41:08.856-0800: 131.339: [Full GC (Allocation Failure) 2021-01-22T19:41:08.856-0800: 131.339: [Tenured: 349561K->349225K(349568K), 0.0577730 secs] 506778K->374441K(506816K), [Metaspace: 2698K->2698K(1056768K)], 0.0578756 secs] [Times: user=0.06 sys=0.00, real=0.06 secs] 
2021-01-22T19:41:08.930-0800: 131.413: [Full GC (Allocation Failure) 2021-01-22T19:41:08.930-0800: 131.413: [Tenured: 349297K->349249K(349568K), 0.0290560 secs] 506539K->397317K(506816K), [Metaspace: 2698K->2698K(1056768K)], 0.0291651 secs] [Times: user=0.03 sys=0.00, real=0.02 secs] 
2021-01-22T19:41:08.972-0800: 131.456: [Full GC (Allocation Failure) 2021-01-22T19:41:08.972-0800: 131.456: [Tenured: 349553K->349545K(349568K), 0.0377264 secs] 506775K->396392K(506816K), [Metaspace: 2698K->2698K(1056768K)], 0.0378276 secs] [Times: user=0.04 sys=0.00, real=0.04 secs] 
2021-01-22T19:41:09.024-0800: 131.508: [Full GC (Allocation Failure) 2021-01-22T19:41:09.024-0800: 131.508: [Tenured: 349545K->349199K(349568K), 0.0404938 secs] 506787K->391365K(506816K), [Metaspace: 2698K->2698K(1056768K)], 0.0405967 secs] [Times: user=0.04 sys=0.00, real=0.04 secs] 
2021-01-22T19:41:09.079-0800: 131.563: [Full GC (Allocation Failure) 2021-01-22T19:41:09.079-0800: 131.563: [Tenured: 349199K->349239K(349568K), 0.0448271 secs] 505823K->368301K(506816K), [Metaspace: 2698K->2698K(1056768K)], 0.0449228 secs] [Times: user=0.04 sys=0.00, real=0.05 secs] 
2021-01-22T19:41:09.140-0800: 131.624: [Full GC (Allocation Failure) 2021-01-22T19:41:09.140-0800: 131.624: [Tenured: 349239K->349559K(349568K), 0.0288328 secs] 506167K->390339K(506816K), [Metaspace: 2698K->2698K(1056768K)], 0.0289310 secs] [Times: user=0.03 sys=0.00, real=0.02 secs] 
2021-01-22T19:41:09.183-0800: 131.667: [Full GC (Allocation Failure) 2021-01-22T19:41:09.183-0800: 131.667: [Tenured: 349559K->349512K(349568K), 0.0443837 secs] 506779K->395072K(506816K), [Metaspace: 2698K->2698K(1056768K)], 0.0444813 secs] [Times: user=0.05 sys=0.00, real=0.04 secs] 
2021-01-22T19:41:09.241-0800: 131.724: [Full GC (Allocation Failure) 2021-01-22T19:41:09.241-0800: 131.724: [Tenured: 349512K->348982K(349568K), 0.0412135 secs] 506221K->397716K(506816K), [Metaspace: 2698K->2698K(1056768K)], 0.0413268 secs] [Times: user=0.04 sys=0.00, real=0.04 secs] 
2021-01-22T19:41:09.294-0800: 131.778: [Full GC (Allocation Failure) 2021-01-22T19:41:09.294-0800: 131.778: [Tenured: 348982K->349460K(349568K), 0.0500261 secs] 505464K->374112K(506816K), [Metaspace: 2698K->2698K(1056768K)], 0.0501226 secs] [Times: user=0.05 sys=0.00, real=0.05 secs] 
2021-01-22T19:41:09.361-0800: 131.845: [Full GC (Allocation Failure) 2021-01-22T19:41:09.361-0800: 131.845: [Tenured: 349460K->349567K(349568K), 0.0353584 secs] 506663K->384803K(506816K), [Metaspace: 2698K->2698K(1056768K)], 0.0354555 secs] [Times: user=0.03 sys=0.00, real=0.03 secs] 
2021-01-22T19:41:09.417-0800: 131.901: [Full GC (Allocation Failure) 2021-01-22T19:41:09.417-0800: 131.901: [Tenured: 349567K->349558K(349568K), 0.0380274 secs] 506802K->384625K(506816K), [Metaspace: 2698K->2698K(1056768K)], 0.0381201 secs] [Times: user=0.04 sys=0.00, real=0.04 secs] 
2021-01-22T19:41:09.471-0800: 131.955: [Full GC (Allocation Failure) 2021-01-22T19:41:09.471-0800: 131.955: [Tenured: 349558K->349540K(349568K), 0.0408737 secs] 506719K->387330K(506816K), [Metaspace: 2698K->2698K(1056768K)], 0.0409624 secs] [Times: user=0.04 sys=0.00, real=0.04 secs] 
2021-01-22T19:41:09.526-0800: 132.010: [Full GC (Allocation Failure) 2021-01-22T19:41:09.526-0800: 132.010: [Tenured: 349540K->349334K(349568K), 0.0485657 secs] 506434K->378813K(506816K), [Metaspace: 2698K->2698K(1056768K)], 0.0486648 secs] [Times: user=0.05 sys=0.00, real=0.05 secs] 
2021-01-22T19:41:09.591-0800: 132.075: [Full GC (Allocation Failure) 2021-01-22T19:41:09.591-0800: 132.075: [Tenured: 349334K->349149K(349568K), 0.0222877 secs] 506268K->400987K(506816K), [Metaspace: 2698K->2698K(1056768K)], 0.0223880 secs] [Times: user=0.02 sys=0.00, real=0.02 secs] 
2021-01-22T19:41:09.625-0800: 132.108: [Full GC (Allocation Failure) 2021-01-22T19:41:09.625-0800: 132.108: [Tenured: 349149K->349366K(349568K), 0.0345719 secs] 506308K->402793K(506816K), [Metaspace: 2698K->2698K(1056768K)], 0.0346712 secs] [Times: user=0.03 sys=0.00, real=0.03 secs] 
2021-01-22T19:41:09.673-0800: 132.157: [Full GC (Allocation Failure) 2021-01-22T19:41:09.673-0800: 132.157: [Tenured: 349366K->349488K(349568K), 0.0384591 secs] 506366K->400963K(506816K), [Metaspace: 2698K->2698K(1056768K)], 0.0385670 secs] [Times: user=0.04 sys=0.00, real=0.04 secs] 
2021-01-22T19:41:09.726-0800: 132.210: [Full GC (Allocation Failure) 2021-01-22T19:41:09.726-0800: 132.210: [Tenured: 349488K->349248K(349568K), 0.0530319 secs] 506633K->381704K(506816K), [Metaspace: 2698K->2698K(1056768K)], 0.0531286 secs] [Times: user=0.05 sys=0.00, real=0.05 secs] 
2021-01-22T19:41:09.794-0800: 132.278: [Full GC (Allocation Failure) 2021-01-22T19:41:09.794-0800: 132.278: [Tenured: 349536K->349101K(349568K), 0.0740643 secs] 506727K->395181K(506816K), [Metaspace: 2698K->2698K(1056768K)], 0.0741637 secs] [Times: user=0.05 sys=0.00, real=0.07 secs] 
2021-01-22T19:41:09.887-0800: 132.371: [Full GC (Allocation Failure) 2021-01-22T19:41:09.887-0800: 132.371: [Tenured: 349381K->349483K(349568K), 0.0686091 secs] 506621K->397049K(506816K), [Metaspace: 2698K->2698K(1056768K)], 0.0687753 secs] [Times: user=0.06 sys=0.00, real=0.07 secs] 
2021-01-22T19:41:09.973-0800: 132.457: [Full GC (Allocation Failure) 2021-01-22T19:41:09.974-0800: 132.458: [Tenured: 349483K->349538K(349568K), 0.0431886 secs] 506492K->397916K(506816K), [Metaspace: 2698K->2698K(1056768K)], 0.0447449 secs] [Times: user=0.05 sys=0.00, real=0.04 secs] 
2021-01-22T19:41:10.031-0800: 132.514: [Full GC (Allocation Failure) 2021-01-22T19:41:10.031-0800: 132.515: [Tenured: 349538K->349284K(349568K), 0.0496910 secs] 506654K->375757K(506816K), [Metaspace: 2698K->2698K(1056768K)], 0.0497955 secs] [Times: user=0.05 sys=0.00, real=0.05 secs] 
2021-01-22T19:41:10.095-0800: 132.578: [Full GC (Allocation Failure) 2021-01-22T19:41:10.095-0800: 132.578: [Tenured: 349284K->349469K(349568K), 0.0334541 secs] 506323K->392807K(506816K), [Metaspace: 2698K->2698K(1056768K)], 0.0335346 secs] [Times: user=0.04 sys=0.00, real=0.03 secs] 
2021-01-22T19:41:10.142-0800: 132.625: [Full GC (Allocation Failure) 2021-01-22T19:41:10.142-0800: 132.625: [Tenured: 349541K->349559K(349568K), 0.0369620 secs] 506771K->391589K(506816K), [Metaspace: 2698K->2698K(1056768K)], 0.0370699 secs] [Times: user=0.04 sys=0.00, real=0.03 secs] 
2021-01-22T19:41:10.194-0800: 132.678: [Full GC (Allocation Failure) 2021-01-22T19:41:10.194-0800: 132.678: [Tenured: 349559K->349523K(349568K), 0.0457362 secs] 506639K->389145K(506816K), [Metaspace: 2698K->2698K(1056768K)], 0.0458269 secs] [Times: user=0.05 sys=0.00, real=0.05 secs] 
2021-01-22T19:41:10.256-0800: 132.740: [Full GC (Allocation Failure) 2021-01-22T19:41:10.256-0800: 132.740: [Tenured: 349523K->349541K(349568K), 0.0490470 secs] 506741K->370651K(506816K), [Metaspace: 2698K->2698K(1056768K)], 0.0491445 secs] [Times: user=0.05 sys=0.00, real=0.05 secs] 
2021-01-22T19:41:10.323-0800: 132.806: [Full GC (Allocation Failure) 2021-01-22T19:41:10.323-0800: 132.806: [Tenured: 349541K->349387K(349568K), 0.0329626 secs] 506772K->392084K(506816K), [Metaspace: 2698K->2698K(1056768K)], 0.0330643 secs] [Times: user=0.03 sys=0.00, real=0.03 secs] 
2021-01-22T19:41:10.371-0800: 132.855: [Full GC (Allocation Failure) 2021-01-22T19:41:10.371-0800: 132.855: [Tenured: 349513K->349093K(349568K), 0.0396424 secs] 506758K->395357K(506816K), [Metaspace: 2698K->2698K(1056768K)], 0.0397341 secs] [Times: user=0.04 sys=0.00, real=0.04 secs] 
2021-01-22T19:41:10.425-0800: 132.909: [Full GC (Allocation Failure) 2021-01-22T19:41:10.425-0800: 132.909: [Tenured: 349093K->349514K(349568K), 0.0414294 secs] 506339K->394499K(506816K), [Metaspace: 2698K->2698K(1056768K)], 0.0415256 secs] [Times: user=0.04 sys=0.00, real=0.04 secs] 
2021-01-22T19:41:10.480-0800: 132.964: [Full GC (Allocation Failure) 2021-01-22T19:41:10.480-0800: 132.964: [Tenured: 349514K->349560K(349568K), 0.0486104 secs] 506699K->376015K(506816K), [Metaspace: 2698K->2698K(1056768K)], 0.0487157 secs] [Times: user=0.05 sys=0.00, real=0.04 secs] 
2021-01-22T19:41:10.545-0800: 133.029: [Full GC (Allocation Failure) 2021-01-22T19:41:10.545-0800: 133.029: [Tenured: 349560K->349454K(349568K), 0.0323624 secs] 506746K->395376K(506816K), [Metaspace: 2698K->2698K(1056768K)], 0.0324720 secs] [Times: user=0.03 sys=0.00, real=0.03 secs] 
2021-01-22T19:41:10.591-0800: 133.075: [Full GC (Allocation Failure) 2021-01-22T19:41:10.591-0800: 133.075: [Tenured: 349454K->349193K(349568K), 0.0387812 secs] 506572K->395128K(506816K), [Metaspace: 2698K->2698K(1056768K)], 0.0388817 secs] [Times: user=0.03 sys=0.00, real=0.04 secs] 
2021-01-22T19:41:10.643-0800: 133.126: [Full GC (Allocation Failure) 2021-01-22T19:41:10.643-0800: 133.126: [Tenured: 349481K->349511K(349568K), 0.0407734 secs] 506656K->400379K(506816K), [Metaspace: 2698K->2698K(1056768K)], 0.0408729 secs] [Times: user=0.04 sys=0.00, real=0.04 secs] 
2021-01-22T19:41:10.696-0800: 133.180: [Full GC (Allocation Failure) 2021-01-22T19:41:10.696-0800: 133.180: [Tenured: 349511K->349534K(349568K), 0.0462532 secs] 506680K->377598K(506816K), [Metaspace: 2698K->2698K(1056768K)], 0.0463528 secs] [Times: user=0.05 sys=0.00, real=0.05 secs] 
2021-01-22T19:41:10.759-0800: 133.243: [Full GC (Allocation Failure) 2021-01-22T19:41:10.759-0800: 133.243: [Tenured: 349534K->349431K(349568K), 0.0279765 secs] 506521K->401142K(506816K), [Metaspace: 2698K->2698K(1056768K)], 0.0280736 secs] [Times: user=0.03 sys=0.00, real=0.03 secs] 
2021-01-22T19:41:10.800-0800: 133.284: [Full GC (Allocation Failure) 2021-01-22T19:41:10.800-0800: 133.284: [Tenured: 349431K->349239K(349568K), 0.0373531 secs] 506419K->402746K(506816K), [Metaspace: 2698K->2698K(1056768K)], 0.0374423 secs] [Times: user=0.04 sys=0.00, real=0.03 secs] 
2021-01-22T19:41:10.850-0800: 133.334: [Full GC (Allocation Failure) 2021-01-22T19:41:10.850-0800: 133.334: [Tenured: 349383K->349528K(349568K), 0.0394163 secs] 506583K->396700K(506816K), [Metaspace: 2698K->2698K(1056768K)], 0.0395161 secs] [Times: user=0.04 sys=0.00, real=0.04 secs] 
2021-01-22T19:41:10.904-0800: 133.388: [Full GC (Allocation Failure) 2021-01-22T19:41:10.904-0800: 133.388: [Tenured: 349528K->349191K(349568K), 0.0640575 secs] 506764K->378314K(506816K), [Metaspace: 2698K->2698K(1056768K)], 0.0641659 secs] [Times: user=0.05 sys=0.01, real=0.06 secs] 
2021-01-22T19:41:10.994-0800: 133.478: [Full GC (Allocation Failure) 2021-01-22T19:41:10.994-0800: 133.478: [Tenured: 349191K->349565K(349568K), 0.0436824 secs] 506312K->393281K(506816K), [Metaspace: 2698K->2698K(1056768K)], 0.0439532 secs] [Times: user=0.03 sys=0.00, real=0.04 secs] 
2021-01-22T19:41:11.061-0800: 133.545: [Full GC (Allocation Failure) 2021-01-22T19:41:11.061-0800: 133.545: [Tenured: 349565K->349468K(349568K), 0.0534245 secs] 506745K->398747K(506816K), [Metaspace: 2698K->2698K(1056768K)], 0.0535183 secs] [Times: user=0.05 sys=0.00, real=0.05 secs] 
2021-01-22T19:41:11.131-0800: 133.615: [Full GC (Allocation Failure) 2021-01-22T19:41:11.131-0800: 133.615: [Tenured: 349468K->349033K(349568K), 0.0431752 secs] 506270K->402788K(506816K), [Metaspace: 2698K->2698K(1056768K)], 0.0432770 secs] [Times: user=0.05 sys=0.00, real=0.04 secs] 
2021-01-22T19:41:11.188-0800: 133.672: [Full GC (Allocation Failure) 2021-01-22T19:41:11.188-0800: 133.672: [Tenured: 349504K->348942K(349568K), 0.0483496 secs] 506721K->390336K(506816K), [Metaspace: 2698K->2698K(1056768K)], 0.0484505 secs] [Times: user=0.05 sys=0.00, real=0.05 secs] 
2021-01-22T19:41:11.250-0800: 133.733: [Full GC (Allocation Failure) 2021-01-22T19:41:11.250-0800: 133.733: [Tenured: 349503K->349563K(349568K), 0.0298621 secs] 506700K->399308K(506816K), [Metaspace: 2698K->2698K(1056768K)], 0.0299734 secs] [Times: user=0.03 sys=0.00, real=0.03 secs] 
2021-01-22T19:41:11.293-0800: 133.777: [Full GC (Allocation Failure) 2021-01-22T19:41:11.293-0800: 133.777: [Tenured: 349563K->349010K(349568K), 0.0370021 secs] 506755K->400554K(506816K), [Metaspace: 2698K->2698K(1056768K)], 0.0371034 secs] [Times: user=0.04 sys=0.00, real=0.04 secs] 
2021-01-22T19:41:11.343-0800: 133.827: [Full GC (Allocation Failure) 2021-01-22T19:41:11.343-0800: 133.827: [Tenured: 349561K->349532K(349568K), 0.0402127 secs] 506777K->398300K(506816K), [Metaspace: 2698K->2698K(1056768K)], 0.0403108 secs] [Times: user=0.04 sys=0.00, real=0.04 secs] 
2021-01-22T19:41:11.397-0800: 133.881: [Full GC (Allocation Failure) 2021-01-22T19:41:11.397-0800: 133.881: [Tenured: 349532K->349408K(349568K), 0.0473757 secs] 506760K->382344K(506816K), [Metaspace: 2698K->2698K(1056768K)], 0.0474685 secs] [Times: user=0.04 sys=0.00, real=0.05 secs] 
2021-01-22T19:41:11.459-0800: 133.943: [Full GC (Allocation Failure) 2021-01-22T19:41:11.459-0800: 133.943: [Tenured: 349408K->349550K(349568K), 0.0319052 secs] 506474K->395406K(506816K), [Metaspace: 2698K->2698K(1056768K)], 0.0320152 secs] [Times: user=0.03 sys=0.00, real=0.04 secs] 
2021-01-22T19:41:11.505-0800: 133.989: [Full GC (Allocation Failure) 2021-01-22T19:41:11.505-0800: 133.989: [Tenured: 349550K->349540K(349568K), 0.0392737 secs] 506687K->398318K(506816K), [Metaspace: 2698K->2698K(1056768K)], 0.0393678 secs] [Times: user=0.04 sys=0.00, real=0.04 secs] 
2021-01-22T19:41:11.557-0800: 134.041: [Full GC (Allocation Failure) 2021-01-22T19:41:11.557-0800: 134.041: [Tenured: 349540K->349513K(349568K), 0.0403445 secs] 506349K->396227K(506816K), [Metaspace: 2698K->2698K(1056768K)], 0.0404357 secs] [Times: user=0.04 sys=0.00, real=0.04 secs] 
2021-01-22T19:41:11.611-0800: 134.095: [Full GC (Allocation Failure) 2021-01-22T19:41:11.611-0800: 134.095: [Tenured: 349513K->349417K(349568K), 0.0514666 secs] 506573K->374656K(506816K), [Metaspace: 2698K->2698K(1056768K)], 0.0515643 secs] [Times: user=0.05 sys=0.00, real=0.05 secs] 
2021-01-22T19:41:11.680-0800: 134.163: [Full GC (Allocation Failure) 2021-01-22T19:41:11.680-0800: 134.163: [Tenured: 349525K->349532K(349568K), 0.0323069 secs] 506741K->392185K(506816K), [Metaspace: 2698K->2698K(1056768K)], 0.0324150 secs] [Times: user=0.03 sys=0.00, real=0.03 secs] 
2021-01-22T19:41:11.727-0800: 134.211: [Full GC (Allocation Failure) 2021-01-22T19:41:11.727-0800: 134.211: [Tenured: 349532K->349431K(349568K), 0.0416226 secs] 506775K->390517K(506816K), [Metaspace: 2698K->2698K(1056768K)], 0.0417172 secs] [Times: user=0.04 sys=0.00, real=0.04 secs] 
2021-01-22T19:41:11.783-0800: 134.267: [Full GC (Allocation Failure) 2021-01-22T19:41:11.783-0800: 134.267: [Tenured: 349503K->349526K(349568K), 0.0446578 secs] 506723K->389796K(506816K), [Metaspace: 2698K->2698K(1056768K)], 0.0447745 secs] [Times: user=0.05 sys=0.01, real=0.04 secs] 
2021-01-22T19:41:11.845-0800: 134.329: [Full GC (Allocation Failure) 2021-01-22T19:41:11.845-0800: 134.329: [Tenured: 349526K->349420K(349568K), 0.0478249 secs] 506695K->364361K(506816K), [Metaspace: 2698K->2698K(1056768K)], 0.0479258 secs] [Times: user=0.05 sys=0.00, real=0.05 secs] 
2021-01-22T19:41:11.912-0800: 134.396: [Full GC (Allocation Failure) 2021-01-22T19:41:11.912-0800: 134.396: [Tenured: 349564K->349543K(349568K), 0.0508975 secs] 506725K->375733K(506816K), [Metaspace: 2698K->2698K(1056768K)], 0.0509888 secs] [Times: user=0.04 sys=0.00, real=0.05 secs] 
2021-01-22T19:41:11.984-0800: 134.468: [Full GC (Allocation Failure) 2021-01-22T19:41:11.984-0800: 134.468: [Tenured: 349543K->349456K(349568K), 0.0527926 secs] 506559K->376599K(506816K), [Metaspace: 2698K->2698K(1056768K)], 0.0529433 secs] [Times: user=0.05 sys=0.00, real=0.05 secs] 
2021-01-22T19:41:12.062-0800: 134.546: [Full GC (Allocation Failure) 2021-01-22T19:41:12.062-0800: 134.546: [Tenured: 349456K->349566K(349568K), 0.0494519 secs] 506645K->374153K(506816K), [Metaspace: 2698K->2698K(1056768K)], 0.0495604 secs] [Times: user=0.05 sys=0.00, real=0.05 secs] 
2021-01-22T19:41:12.131-0800: 134.614: [Full GC (Allocation Failure) 2021-01-22T19:41:12.131-0800: 134.614: [Tenured: 349566K->349484K(349568K), 0.0452363 secs] 506720K->357031K(506816K), [Metaspace: 2698K->2698K(1056768K)], 0.0453394 secs] [Times: user=0.04 sys=0.00, real=0.04 secs] 
2021-01-22T19:41:12.193-0800: 134.677: [Full GC (Allocation Failure) 2021-01-22T19:41:12.193-0800: 134.677: [Tenured: 349484K->349409K(349568K), 0.0312534 secs] 506694K->373502K(506816K), [Metaspace: 2698K->2698K(1056768K)], 0.0313485 secs] [Times: user=0.03 sys=0.00, real=0.03 secs] 
2021-01-22T19:41:12.241-0800: 134.725: [Full GC (Allocation Failure) 2021-01-22T19:41:12.241-0800: 134.725: [Tenured: 349409K->349381K(349568K), 0.0435302 secs] 506507K->375513K(506816K), [Metaspace: 2698K->2698K(1056768K)], 0.0436260 secs] [Times: user=0.04 sys=0.00, real=0.04 secs] 
2021-01-22T19:41:12.300-0800: 134.784: [Full GC (Allocation Failure) 2021-01-22T19:41:12.300-0800: 134.784: [Tenured: 349381K->349264K(349568K), 0.0414007 secs] 506624K->380654K(506816K), [Metaspace: 2698K->2698K(1056768K)], 0.0414992 secs] [Times: user=0.04 sys=0.00, real=0.04 secs] 
2021-01-22T19:41:12.356-0800: 134.840: [Full GC (Allocation Failure) 2021-01-22T19:41:12.356-0800: 134.840: [Tenured: 349264K->349321K(349568K), 0.0455134 secs] 506298K->363085K(506816K), [Metaspace: 2698K->2698K(1056768K)], 0.0456108 secs] [Times: user=0.04 sys=0.00, real=0.05 secs] 
2021-01-22T19:41:12.419-0800: 134.903: [Full GC (Allocation Failure) 2021-01-22T19:41:12.419-0800: 134.903: [Tenured: 349563K->349072K(349568K), 0.0283911 secs] 506773K->380585K(506816K), [Metaspace: 2698K->2698K(1056768K)], 0.0284898 secs] [Times: user=0.03 sys=0.00, real=0.03 secs] 
2021-01-22T19:41:12.463-0800: 134.947: [Full GC (Allocation Failure) 2021-01-22T19:41:12.463-0800: 134.947: [Tenured: 349445K->349166K(349568K), 0.0379462 secs] 506364K->381883K(506816K), [Metaspace: 2698K->2698K(1056768K)], 0.0380422 secs] [Times: user=0.04 sys=0.00, real=0.04 secs] 
2021-01-22T19:41:12.516-0800: 135.000: [Full GC (Allocation Failure) 2021-01-22T19:41:12.516-0800: 135.000: [Tenured: 349565K->349379K(349568K), 0.0397109 secs] 506812K->387388K(506816K), [Metaspace: 2698K->2698K(1056768K)], 0.0398075 secs] [Times: user=0.04 sys=0.00, real=0.04 secs] 
2021-01-22T19:41:12.570-0800: 135.054: [Full GC (Allocation Failure) 2021-01-22T19:41:12.570-0800: 135.054: [Tenured: 349379K->349497K(349568K), 0.0468981 secs] 506596K->370237K(506816K), [Metaspace: 2698K->2698K(1056768K)], 0.0469945 secs] [Times: user=0.04 sys=0.00, real=0.04 secs] 
2021-01-22T19:41:12.634-0800: 135.118: [Full GC (Allocation Failure) 2021-01-22T19:41:12.634-0800: 135.118: [Tenured: 349497K->349005K(349568K), 0.0321329 secs] 506346K->382110K(506816K), [Metaspace: 2698K->2698K(1056768K)], 0.0322275 secs] [Times: user=0.03 sys=0.01, real=0.03 secs] 
2021-01-22T19:41:12.682-0800: 135.166: [Full GC (Allocation Failure) 2021-01-22T19:41:12.682-0800: 135.166: [Tenured: 349005K->349513K(349568K), 0.0417662 secs] 505935K->380951K(506816K), [Metaspace: 2698K->2698K(1056768K)], 0.0418617 secs] [Times: user=0.05 sys=0.00, real=0.04 secs] 
2021-01-22T19:41:12.739-0800: 135.223: [Full GC (Allocation Failure) 2021-01-22T19:41:12.739-0800: 135.223: [Tenured: 349513K->349353K(349568K), 0.0427963 secs] 506613K->391974K(506816K), [Metaspace: 2698K->2698K(1056768K)], 0.0428934 secs] [Times: user=0.04 sys=0.00, real=0.05 secs] 
2021-01-22T19:41:12.798-0800: 135.282: [Full GC (Allocation Failure) 2021-01-22T19:41:12.798-0800: 135.282: [Tenured: 349533K->349348K(349568K), 0.0493400 secs] 506776K->375979K(506816K), [Metaspace: 2698K->2698K(1056768K)], 0.0494367 secs] [Times: user=0.04 sys=0.00, real=0.05 secs] 
2021-01-22T19:41:12.863-0800: 135.347: [Full GC (Allocation Failure) 2021-01-22T19:41:12.863-0800: 135.347: [Tenured: 349348K->348941K(349568K), 0.0308723 secs] 506399K->397090K(506816K), [Metaspace: 2698K->2698K(1056768K)], 0.0309700 secs] [Times: user=0.03 sys=0.00, real=0.03 secs] 
2021-01-22T19:41:12.908-0800: 135.392: [Full GC (Allocation Failure) 2021-01-22T19:41:12.908-0800: 135.392: [Tenured: 348941K->349460K(349568K), 0.0385826 secs] 505529K->391201K(506816K), [Metaspace: 2698K->2698K(1056768K)], 0.0386932 secs] [Times: user=0.04 sys=0.00, real=0.04 secs] 
2021-01-22T19:41:12.961-0800: 135.445: [Full GC (Allocation Failure) 2021-01-22T19:41:12.961-0800: 135.445: [Tenured: 349460K->349009K(349568K), 0.0415244 secs] 506648K->387606K(506816K), [Metaspace: 2698K->2698K(1056768K)], 0.0416260 secs] [Times: user=0.04 sys=0.00, real=0.04 secs] 
2021-01-22T19:41:13.017-0800: 135.500: [Full GC (Allocation Failure) 2021-01-22T19:41:13.017-0800: 135.501: [Tenured: 349009K->349314K(349568K), 0.0490364 secs] 505794K->370248K(506816K), [Metaspace: 2698K->2698K(1056768K)], 0.0491590 secs] [Times: user=0.05 sys=0.00, real=0.05 secs] 
2021-01-22T19:41:13.083-0800: 135.567: [Full GC (Allocation Failure) 2021-01-22T19:41:13.083-0800: 135.567: [Tenured: 349314K->349467K(349568K), 0.0291976 secs] 506388K->391335K(506816K), [Metaspace: 2698K->2698K(1056768K)], 0.0292971 secs] [Times: user=0.02 sys=0.00, real=0.03 secs] 
2021-01-22T19:41:13.128-0800: 135.612: [Full GC (Allocation Failure) 2021-01-22T19:41:13.128-0800: 135.612: [Tenured: 349467K->349413K(349568K), 0.0356948 secs] 506389K->386653K(506816K), [Metaspace: 2698K->2698K(1056768K)], 0.0357899 secs] [Times: user=0.04 sys=0.00, real=0.04 secs] 
2021-01-22T19:41:13.179-0800: 135.663: [Full GC (Allocation Failure) 2021-01-22T19:41:13.179-0800: 135.663: [Tenured: 349413K->349542K(349568K), 0.0429289 secs] 506602K->389885K(506816K), [Metaspace: 2698K->2698K(1056768K)], 0.0430177 secs] [Times: user=0.04 sys=0.00, real=0.05 secs] 
2021-01-22T19:41:13.236-0800: 135.720: [Full GC (Allocation Failure) 2021-01-22T19:41:13.236-0800: 135.720: [Tenured: 349542K->349331K(349568K), 0.0474552 secs] 506602K->372040K(506816K), [Metaspace: 2698K->2698K(1056768K)], 0.0475572 secs] [Times: user=0.04 sys=0.00, real=0.05 secs] 
2021-01-22T19:41:13.299-0800: 135.783: [Full GC (Allocation Failure) 2021-01-22T19:41:13.300-0800: 135.783: [Tenured: 349331K->349459K(349568K), 0.0318666 secs] 506183K->386927K(506816K), [Metaspace: 2698K->2698K(1056768K)], 0.0319591 secs] [Times: user=0.03 sys=0.00, real=0.04 secs] 
2021-01-22T19:41:13.346-0800: 135.830: [Full GC (Allocation Failure) 2021-01-22T19:41:13.346-0800: 135.830: [Tenured: 349459K->349170K(349568K), 0.0385750 secs] 506546K->390264K(506816K), [Metaspace: 2698K->2698K(1056768K)], 0.0386732 secs] [Times: user=0.03 sys=0.00, real=0.04 secs] 
2021-01-22T19:41:13.398-0800: 135.882: [Full GC (Allocation Failure) 2021-01-22T19:41:13.398-0800: 135.882: [Tenured: 349501K->349057K(349568K), 0.0403942 secs] 506732K->398359K(506816K), [Metaspace: 2698K->2698K(1056768K)], 0.0404913 secs] [Times: user=0.04 sys=0.00, real=0.04 secs] 
2021-01-22T19:41:13.453-0800: 135.937: [Full GC (Allocation Failure) 2021-01-22T19:41:13.453-0800: 135.937: [Tenured: 349560K->349416K(349568K), 0.0470981 secs] 506800K->380836K(506816K), [Metaspace: 2698K->2698K(1056768K)], 0.0472002 secs] [Times: user=0.05 sys=0.00, real=0.05 secs] 
2021-01-22T19:41:13.516-0800: 136.000: [Full GC (Allocation Failure) 2021-01-22T19:41:13.516-0800: 136.000: [Tenured: 349553K->349522K(349568K), 0.0311031 secs] 506687K->394815K(506816K), [Metaspace: 2698K->2698K(1056768K)], 0.0312049 secs] [Times: user=0.03 sys=0.00, real=0.03 secs] 
2021-01-22T19:41:13.561-0800: 136.045: [Full GC (Allocation Failure) 2021-01-22T19:41:13.562-0800: 136.045: [Tenured: 349522K->349284K(349568K), 0.0359101 secs] 506619K->393591K(506816K), [Metaspace: 2698K->2698K(1056768K)], 0.0360048 secs] [Times: user=0.04 sys=0.00, real=0.03 secs] 
2021-01-22T19:41:13.610-0800: 136.094: [Full GC (Allocation Failure) 2021-01-22T19:41:13.610-0800: 136.094: [Tenured: 349284K->349566K(349568K), 0.0396120 secs] 506063K->397776K(506816K), [Metaspace: 2698K->2698K(1056768K)], 0.0397064 secs] [Times: user=0.04 sys=0.00, real=0.04 secs] 
2021-01-22T19:41:13.663-0800: 136.147: [Full GC (Allocation Failure) 2021-01-22T19:41:13.663-0800: 136.147: [Tenured: 349566K->349364K(349568K), 0.0455581 secs] 506477K->378122K(506816K), [Metaspace: 2698K->2698K(1056768K)], 0.0456588 secs] [Times: user=0.05 sys=0.00, real=0.04 secs] 
2021-01-22T19:41:13.724-0800: 136.208: [Full GC (Allocation Failure) 2021-01-22T19:41:13.724-0800: 136.208: [Tenured: 349364K->349464K(349568K), 0.0315572 secs] 506408K->394239K(506816K), [Metaspace: 2698K->2698K(1056768K)], 0.0316603 secs] [Times: user=0.03 sys=0.00, real=0.03 secs] 
2021-01-22T19:41:13.768-0800: 136.252: [Full GC (Allocation Failure) 2021-01-22T19:41:13.768-0800: 136.252: [Tenured: 349509K->349348K(349568K), 0.0374759 secs] 506748K->394537K(506816K), [Metaspace: 2698K->2698K(1056768K)], 0.0375738 secs] [Times: user=0.03 sys=0.00, real=0.04 secs] 
2021-01-22T19:41:13.820-0800: 136.304: [Full GC (Allocation Failure) 2021-01-22T19:41:13.820-0800: 136.304: [Tenured: 349348K->349431K(349568K), 0.0406746 secs] 506477K->392167K(506816K), [Metaspace: 2698K->2698K(1056768K)], 0.0407757 secs] [Times: user=0.04 sys=0.00, real=0.04 secs] 
2021-01-22T19:41:13.873-0800: 136.357: [Full GC (Allocation Failure) 2021-01-22T19:41:13.873-0800: 136.357: [Tenured: 349431K->349482K(349568K), 0.0462116 secs] 506467K->379429K(506816K), [Metaspace: 2698K->2698K(1056768K)], 0.0463157 secs] [Times: user=0.05 sys=0.00, real=0.04 secs] 
2021-01-22T19:41:13.935-0800: 136.419: [Full GC (Allocation Failure) 2021-01-22T19:41:13.935-0800: 136.419: [Tenured: 349482K->349515K(349568K), 0.0278678 secs] 506662K->397123K(506816K), [Metaspace: 2698K->2698K(1056768K)], 0.0279716 secs] [Times: user=0.03 sys=0.00, real=0.03 secs] 
2021-01-22T19:41:13.975-0800: 136.459: [Full GC (Allocation Failure) 2021-01-22T19:41:13.975-0800: 136.459: [Tenured: 349515K->349100K(349568K), 0.0378126 secs] 506654K->398084K(506816K), [Metaspace: 2698K->2698K(1056768K)], 0.0379166 secs] [Times: user=0.04 sys=0.00, real=0.04 secs] 
2021-01-22T19:41:14.027-0800: 136.511: [Full GC (Allocation Failure) 2021-01-22T19:41:14.027-0800: 136.511: [Tenured: 349478K->349547K(349568K), 0.0395281 secs] 506698K->399181K(506816K), [Metaspace: 2698K->2698K(1056768K)], 0.0396206 secs] [Times: user=0.04 sys=0.00, real=0.04 secs] 
2021-01-22T19:41:14.079-0800: 136.563: [Full GC (Allocation Failure) 2021-01-22T19:41:14.079-0800: 136.563: [Tenured: 349547K->349396K(349568K), 0.0484934 secs] 506691K->385203K(506816K), [Metaspace: 2698K->2698K(1056768K)], 0.0485908 secs] [Times: user=0.05 sys=0.00, real=0.05 secs] 
2021-01-22T19:41:14.142-0800: 136.626: [Full GC (Allocation Failure) 2021-01-22T19:41:14.142-0800: 136.626: [Tenured: 349396K->349358K(349568K), 0.0230487 secs] 506562K->402374K(506816K), [Metaspace: 2698K->2698K(1056768K)], 0.0231550 secs] [Times: user=0.02 sys=0.00, real=0.02 secs] 
2021-01-22T19:41:14.179-0800: 136.663: [Full GC (Allocation Failure) 2021-01-22T19:41:14.179-0800: 136.663: [Tenured: 349358K->349371K(349568K), 0.0369338 secs] 506243K->400937K(506816K), [Metaspace: 2698K->2698K(1056768K)], 0.0370248 secs] [Times: user=0.04 sys=0.00, real=0.04 secs] 
2021-01-22T19:41:14.228-0800: 136.712: [Full GC (Allocation Failure) 2021-01-22T19:41:14.228-0800: 136.712: [Tenured: 349371K->349001K(349568K), 0.0404275 secs] 506303K->400033K(506816K), [Metaspace: 2698K->2698K(1056768K)], 0.0405264 secs] [Times: user=0.04 sys=0.00, real=0.04 secs] 
2021-01-22T19:41:14.282-0800: 136.766: [Full GC (Allocation Failure) 2021-01-22T19:41:14.282-0800: 136.766: [Tenured: 349001K->349330K(349568K), 0.0472259 secs] 506230K->383924K(506816K), [Metaspace: 2698K->2698K(1056768K)], 0.0473238 secs] [Times: user=0.04 sys=0.00, real=0.05 secs] 
2021-01-22T19:41:14.345-0800: 136.829: [Full GC (Allocation Failure) 2021-01-22T19:41:14.345-0800: 136.829: [Tenured: 349330K->349544K(349568K), 0.0278501 secs] 506510K->405863K(506816K), [Metaspace: 2698K->2698K(1056768K)], 0.0279480 secs] [Times: user=0.03 sys=0.00, real=0.03 secs] 
2021-01-22T19:41:14.386-0800: 136.870: [Full GC (Allocation Failure) 2021-01-22T19:41:14.386-0800: 136.870: [Tenured: 349544K->348985K(349568K), 0.0349281 secs] 506553K->405769K(506816K), [Metaspace: 2698K->2698K(1056768K)], 0.0350230 secs] [Times: user=0.03 sys=0.00, real=0.04 secs] 
2021-01-22T19:41:14.433-0800: 136.917: [Full GC (Allocation Failure) 2021-01-22T19:41:14.433-0800: 136.917: [Tenured: 349417K->349260K(349568K), 0.0403067 secs] 506633K->405019K(506816K), [Metaspace: 2698K->2698K(1056768K)], 0.0404170 secs] [Times: user=0.04 sys=0.00, real=0.04 secs] 
2021-01-22T19:41:14.486-0800: 136.970: [Full GC (Allocation Failure) 2021-01-22T19:41:14.486-0800: 136.970: [Tenured: 349548K->349561K(349568K), 0.0485685 secs] 506726K->390821K(506816K), [Metaspace: 2698K->2698K(1056768K)], 0.0486641 secs] [Times: user=0.04 sys=0.00, real=0.05 secs] 
2021-01-22T19:41:14.550-0800: 137.034: [Full GC (Allocation Failure) 2021-01-22T19:41:14.550-0800: 137.034: [Tenured: 349561K->349250K(349568K), 0.0458874 secs] 506775K->406858K(506816K), [Metaspace: 2698K->2698K(1056768K)], 0.0459791 secs] [Times: user=0.04 sys=0.00, real=0.04 secs] 
2021-01-22T19:41:14.612-0800: 137.096: [Full GC (Allocation Failure) 2021-01-22T19:41:14.612-0800: 137.096: [Tenured: 349250K->349319K(349568K), 0.0529932 secs] 506063K->408557K(506816K), [Metaspace: 2698K->2698K(1056768K)], 0.0531260 secs] [Times: user=0.04 sys=0.00, real=0.05 secs] 
2021-01-22T19:41:14.682-0800: 137.166: [Full GC (Allocation Failure) 2021-01-22T19:41:14.682-0800: 137.166: [Tenured: 349319K->349268K(349568K), 0.0606387 secs] 506483K->404716K(506816K), [Metaspace: 2698K->2698K(1056768K)], 0.0607398 secs] [Times: user=0.05 sys=0.00, real=0.06 secs] 
2021-01-22T19:41:14.755-0800: 137.239: [Full GC (Allocation Failure) 2021-01-22T19:41:14.755-0800: 137.239: [Tenured: 349353K->349386K(349568K), 0.0617056 secs] 506568K->388588K(506816K), [Metaspace: 2698K->2698K(1056768K)], 0.0618054 secs] [Times: user=0.05 sys=0.00, real=0.06 secs] 
2021-01-22T19:41:14.835-0800: 137.319: [Full GC (Allocation Failure) 2021-01-22T19:41:14.835-0800: 137.319: [Tenured: 349386K->349484K(349568K), 0.0364583 secs] 506561K->405845K(506816K), [Metaspace: 2698K->2698K(1056768K)], 0.0365659 secs] [Times: user=0.03 sys=0.00, real=0.04 secs] 
2021-01-22T19:41:14.885-0800: 137.369: [Full GC (Allocation Failure) 2021-01-22T19:41:14.885-0800: 137.369: [Tenured: 349484K->349500K(349568K), 0.0388354 secs] 506445K->408294K(506816K), [Metaspace: 2698K->2698K(1056768K)], 0.0389356 secs] [Times: user=0.04 sys=0.00, real=0.04 secs] 
2021-01-22T19:41:14.936-0800: 137.420: [Full GC (Allocation Failure) 2021-01-22T19:41:14.936-0800: 137.420: [Tenured: 349500K->349564K(349568K), 0.0401510 secs] 506512K->406689K(506816K), [Metaspace: 2698K->2698K(1056768K)], 0.0402516 secs] [Times: user=0.04 sys=0.00, real=0.04 secs] 
2021-01-22T19:41:14.988-0800: 137.472: [Full GC (Allocation Failure) 2021-01-22T19:41:14.988-0800: 137.472: [Tenured: 349564K->349490K(349568K), 0.0472349 secs] 506682K->383298K(506816K), [Metaspace: 2698K->2698K(1056768K)], 0.0473359 secs] [Times: user=0.05 sys=0.00, real=0.05 secs] 
2021-01-22T19:41:15.050-0800: 137.534: [Full GC (Allocation Failure) 2021-01-22T19:41:15.050-0800: 137.534: [Tenured: 349490K->349561K(349568K), 0.0265952 secs] 506699K->400990K(506816K), [Metaspace: 2698K->2698K(1056768K)], 0.0266996 secs] [Times: user=0.03 sys=0.00, real=0.02 secs] 
2021-01-22T19:41:15.090-0800: 137.574: [Full GC (Allocation Failure) 2021-01-22T19:41:15.090-0800: 137.574: [Tenured: 349561K->349461K(349568K), 0.0392186 secs] 506616K->404797K(506816K), [Metaspace: 2698K->2698K(1056768K)], 0.0393054 secs] [Times: user=0.04 sys=0.00, real=0.03 secs] 
2021-01-22T19:41:15.141-0800: 137.625: [Full GC (Allocation Failure) 2021-01-22T19:41:15.141-0800: 137.625: [Tenured: 349461K->349136K(349568K), 0.0402901 secs] 506507K->400790K(506816K), [Metaspace: 2698K->2698K(1056768K)], 0.0403830 secs] [Times: user=0.04 sys=0.00, real=0.04 secs] 
2021-01-22T19:41:15.196-0800: 137.680: [Full GC (Allocation Failure) 2021-01-22T19:41:15.196-0800: 137.680: [Tenured: 349485K->349124K(349568K), 0.0707760 secs] 506712K->373555K(506816K), [Metaspace: 2698K->2698K(1056768K)], 0.0708733 secs] [Times: user=0.06 sys=0.00, real=0.07 secs] 
2021-01-22T19:41:15.289-0800: 137.773: [Full GC (Allocation Failure) 2021-01-22T19:41:15.289-0800: 137.773: [Tenured: 349511K->348976K(349568K), 0.0400464 secs] 506755K->388561K(506816K), [Metaspace: 2698K->2698K(1056768K)], 0.0402755 secs] [Times: user=0.04 sys=0.00, real=0.04 secs] 
2021-01-22T19:41:15.348-0800: 137.832: [Full GC (Allocation Failure) 2021-01-22T19:41:15.348-0800: 137.833: [Tenured: 349565K->349299K(349568K), 0.0408147 secs] 506780K->389850K(506816K), [Metaspace: 2698K->2698K(1056768K)], 0.0409099 secs] [Times: user=0.04 sys=0.00, real=0.04 secs] 
2021-01-22T19:41:15.405-0800: 137.889: [Full GC (Allocation Failure) 2021-01-22T19:41:15.405-0800: 137.889: [Tenured: 349299K->349320K(349568K), 0.0383832 secs] 506215K->391450K(506816K), [Metaspace: 2698K->2698K(1056768K)], 0.0384858 secs] [Times: user=0.04 sys=0.00, real=0.04 secs] 
2021-01-22T19:41:15.458-0800: 137.942: [Full GC (Allocation Failure) 2021-01-22T19:41:15.458-0800: 137.942: [Tenured: 349320K->349390K(349568K), 0.0466508 secs] 506348K->375201K(506816K), [Metaspace: 2698K->2698K(1056768K)], 0.0467461 secs] [Times: user=0.05 sys=0.00, real=0.05 secs] 
2021-01-22T19:41:15.520-0800: 138.004: [Full GC (Allocation Failure) 2021-01-22T19:41:15.520-0800: 138.004: [Tenured: 349390K->349551K(349568K), 0.0296374 secs] 506493K->396579K(506816K), [Metaspace: 2698K->2698K(1056768K)], 0.0297270 secs] [Times: user=0.03 sys=0.00, real=0.03 secs] 
2021-01-22T19:41:15.563-0800: 138.047: [Full GC (Allocation Failure) 2021-01-22T19:41:15.563-0800: 138.047: [Tenured: 349551K->349384K(349568K), 0.0357558 secs] 506719K->403210K(506816K), [Metaspace: 2698K->2698K(1056768K)], 0.0358625 secs] [Times: user=0.03 sys=0.00, real=0.03 secs] 
2021-01-22T19:41:15.612-0800: 138.096: [Full GC (Allocation Failure) 2021-01-22T19:41:15.612-0800: 138.096: [Tenured: 349510K->349493K(349568K), 0.0401290 secs] 506757K->402517K(506816K), [Metaspace: 2698K->2698K(1056768K)], 0.0402241 secs] [Times: user=0.04 sys=0.00, real=0.04 secs] 
2021-01-22T19:41:15.665-0800: 138.149: [Full GC (Allocation Failure) 2021-01-22T19:41:15.665-0800: 138.149: [Tenured: 349493K->349548K(349568K), 0.0483238 secs] 506649K->387201K(506816K), [Metaspace: 2698K->2698K(1056768K)], 0.0484182 secs] [Times: user=0.04 sys=0.00, real=0.05 secs] 
2021-01-22T19:41:15.728-0800: 138.213: [Full GC (Allocation Failure) 2021-01-22T19:41:15.728-0800: 138.213: [Tenured: 349548K->349452K(349568K), 0.0267146 secs] 506674K->407017K(506816K), [Metaspace: 2698K->2698K(1056768K)], 0.0268168 secs] [Times: user=0.03 sys=0.00, real=0.03 secs] 
2021-01-22T19:41:15.769-0800: 138.253: [Full GC (Allocation Failure) 2021-01-22T19:41:15.769-0800: 138.253: [Tenured: 349452K->349335K(349568K), 0.0368052 secs] 506385K->399766K(506816K), [Metaspace: 2698K->2698K(1056768K)], 0.0369043 secs] [Times: user=0.03 sys=0.00, real=0.04 secs] 
2021-01-22T19:41:15.819-0800: 138.303: [Full GC (Allocation Failure) 2021-01-22T19:41:15.819-0800: 138.303: [Tenured: 349335K->349479K(349568K), 0.0393281 secs] 506182K->390315K(506816K), [Metaspace: 2698K->2698K(1056768K)], 0.0394244 secs] [Times: user=0.04 sys=0.00, real=0.04 secs] 
2021-01-22T19:41:15.873-0800: 138.357: [Full GC (Allocation Failure) 2021-01-22T19:41:15.873-0800: 138.357: [Tenured: 349479K->349522K(349568K), 0.0517627 secs] 506181K->375318K(506816K), [Metaspace: 2698K->2698K(1056768K)], 0.0518584 secs] [Times: user=0.05 sys=0.00, real=0.05 secs] 
2021-01-22T19:41:15.943-0800: 138.427: [Full GC (Allocation Failure) 2021-01-22T19:41:15.943-0800: 138.427: [Tenured: 349522K->349337K(349568K), 0.0315187 secs] 506717K->382370K(506816K), [Metaspace: 2698K->2698K(1056768K)], 0.0316303 secs] [Times: user=0.03 sys=0.00, real=0.03 secs] 
2021-01-22T19:41:15.990-0800: 138.474: [Full GC (Allocation Failure) 2021-01-22T19:41:15.990-0800: 138.474: [Tenured: 349337K->349283K(349568K), 0.0428683 secs] 506222K->380433K(506816K), [Metaspace: 2698K->2698K(1056768K)], 0.0429669 secs] [Times: user=0.04 sys=0.00, real=0.04 secs] 
2021-01-22T19:41:16.050-0800: 138.534: [Full GC (Allocation Failure) 2021-01-22T19:41:16.050-0800: 138.534: [Tenured: 349549K->349336K(349568K), 0.0441689 secs] 506786K->384439K(506816K), [Metaspace: 2698K->2698K(1056768K)], 0.0442629 secs] [Times: user=0.04 sys=0.00, real=0.04 secs] 
2021-01-22T19:41:16.110-0800: 138.594: [Full GC (Allocation Failure) 2021-01-22T19:41:16.110-0800: 138.594: [Tenured: 349535K->349224K(349568K), 0.0494722 secs] 506779K->366649K(506816K), [Metaspace: 2698K->2698K(1056768K)], 0.0495697 secs] [Times: user=0.04 sys=0.00, real=0.04 secs] 
2021-01-22T19:41:16.177-0800: 138.661: [Full GC (Allocation Failure) 2021-01-22T19:41:16.177-0800: 138.661: [Tenured: 349361K->349489K(349568K), 0.0304540 secs] 506568K->382671K(506816K), [Metaspace: 2698K->2698K(1056768K)], 0.0305589 secs] [Times: user=0.03 sys=0.00, real=0.03 secs] 
2021-01-22T19:41:16.223-0800: 138.707: [Full GC (Allocation Failure) 2021-01-22T19:41:16.223-0800: 138.707: [Tenured: 349489K->349411K(349568K), 0.0391213 secs] 506705K->385756K(506816K), [Metaspace: 2698K->2698K(1056768K)], 0.0392184 secs] [Times: user=0.03 sys=0.00, real=0.04 secs] 
2021-01-22T19:41:16.277-0800: 138.761: [Full GC (Allocation Failure) 2021-01-22T19:41:16.277-0800: 138.761: [Tenured: 349411K->349512K(349568K), 0.0410663 secs] 506583K->385507K(506816K), [Metaspace: 2698K->2698K(1056768K)], 0.0411607 secs] [Times: user=0.04 sys=0.00, real=0.04 secs] 
2021-01-22T19:41:16.333-0800: 138.817: [Full GC (Allocation Failure) 2021-01-22T19:41:16.333-0800: 138.817: [Tenured: 349512K->349141K(349568K), 0.0464007 secs] 506750K->369293K(506816K), [Metaspace: 2698K->2698K(1056768K)], 0.0465064 secs] [Times: user=0.05 sys=0.00, real=0.05 secs] 
2021-01-22T19:41:16.396-0800: 138.880: [Full GC (Allocation Failure) 2021-01-22T19:41:16.396-0800: 138.880: [Tenured: 349141K->348954K(349568K), 0.0310263 secs] 506050K->395021K(506816K), [Metaspace: 2698K->2698K(1056768K)], 0.0311204 secs] [Times: user=0.03 sys=0.00, real=0.03 secs] 
2021-01-22T19:41:16.441-0800: 138.925: [Full GC (Allocation Failure) 2021-01-22T19:41:16.441-0800: 138.925: [Tenured: 348954K->349263K(349568K), 0.0380849 secs] 505997K->386041K(506816K), [Metaspace: 2698K->2698K(1056768K)], 0.0381790 secs] [Times: user=0.04 sys=0.00, real=0.03 secs] 
2021-01-22T19:41:16.494-0800: 138.978: [Full GC (Allocation Failure) 2021-01-22T19:41:16.494-0800: 138.978: [Tenured: 349563K->349421K(349568K), 0.0407998 secs] 506808K->382902K(506816K), [Metaspace: 2698K->2698K(1056768K)], 0.0409009 secs] [Times: user=0.04 sys=0.00, real=0.04 secs] 
2021-01-22T19:41:16.550-0800: 139.034: [Full GC (Allocation Failure) 2021-01-22T19:41:16.550-0800: 139.034: [Tenured: 349421K->349522K(349568K), 0.0449810 secs] 506400K->362814K(506816K), [Metaspace: 2698K->2698K(1056768K)], 0.0450778 secs] [Times: user=0.04 sys=0.00, real=0.04 secs] 
2021-01-22T19:41:16.613-0800: 139.097: [Full GC (Allocation Failure) 2021-01-22T19:41:16.613-0800: 139.097: [Tenured: 349549K->349345K(349568K), 0.0301404 secs] 506793K->380340K(506816K), [Metaspace: 2698K->2698K(1056768K)], 0.0302330 secs] [Times: user=0.03 sys=0.00, real=0.03 secs] 
2021-01-22T19:41:16.657-0800: 139.141: [Full GC (Allocation Failure) 2021-01-22T19:41:16.657-0800: 139.141: [Tenured: 349345K->349407K(349568K), 0.0374837 secs] 506104K->381148K(506816K), [Metaspace: 2698K->2698K(1056768K)], 0.0375765 secs] [Times: user=0.04 sys=0.01, real=0.04 secs] 
2021-01-22T19:41:16.710-0800: 139.194: [Full GC (Allocation Failure) 2021-01-22T19:41:16.710-0800: 139.194: [Tenured: 349519K->349371K(349568K), 0.0400623 secs] 506709K->383089K(506816K), [Metaspace: 2698K->2698K(1056768K)], 0.0401632 secs] [Times: user=0.04 sys=0.00, real=0.04 secs] 
2021-01-22T19:41:16.765-0800: 139.249: [Full GC (Allocation Failure) 2021-01-22T19:41:16.765-0800: 139.249: [Tenured: 349371K->349354K(349568K), 0.0448669 secs] 506450K->364436K(506816K), [Metaspace: 2698K->2698K(1056768K)], 0.0449827 secs] [Times: user=0.05 sys=0.00, real=0.05 secs] 
2021-01-22T19:41:16.827-0800: 139.311: [Full GC (Allocation Failure) 2021-01-22T19:41:16.827-0800: 139.311: [Tenured: 349354K->349436K(349568K), 0.0295737 secs] 506212K->386418K(506816K), [Metaspace: 2698K->2698K(1056768K)], 0.0296728 secs] [Times: user=0.03 sys=0.00, real=0.03 secs] 
2021-01-22T19:41:16.870-0800: 139.354: [Full GC (Allocation Failure) 2021-01-22T19:41:16.870-0800: 139.354: [Tenured: 349436K->349493K(349568K), 0.0373882 secs] 506665K->391972K(506816K), [Metaspace: 2698K->2698K(1056768K)], 0.0374885 secs] [Times: user=0.04 sys=0.00, real=0.03 secs] 
2021-01-22T19:41:16.921-0800: 139.406: [Full GC (Allocation Failure) 2021-01-22T19:41:16.922-0800: 139.406: [Tenured: 349493K->349522K(349568K), 0.0391812 secs] 506569K->388201K(506816K), [Metaspace: 2698K->2698K(1056768K)], 0.0392862 secs] [Times: user=0.04 sys=0.00, real=0.04 secs] 
2021-01-22T19:41:16.975-0800: 139.459: [Full GC (Allocation Failure) 2021-01-22T19:41:16.975-0800: 139.459: [Tenured: 349558K->349524K(349568K), 0.0452273 secs] 506771K->372215K(506816K), [Metaspace: 2698K->2698K(1056768K)], 0.0453277 secs] [Times: user=0.04 sys=0.00, real=0.05 secs] 
2021-01-22T19:41:17.037-0800: 139.521: [Full GC (Allocation Failure) 2021-01-22T19:41:17.037-0800: 139.521: [Tenured: 349524K->349527K(349568K), 0.0317132 secs] 506375K->384811K(506816K), [Metaspace: 2698K->2698K(1056768K)], 0.0318104 secs] [Times: user=0.03 sys=0.00, real=0.03 secs] 
2021-01-22T19:41:17.084-0800: 139.568: [Full GC (Allocation Failure) 2021-01-22T19:41:17.084-0800: 139.568: [Tenured: 349527K->348868K(349568K), 0.0389633 secs] 506534K->382197K(506816K), [Metaspace: 2698K->2698K(1056768K)], 0.0390662 secs] [Times: user=0.04 sys=0.00, real=0.04 secs] 
2021-01-22T19:41:17.137-0800: 139.621: [Full GC (Allocation Failure) 2021-01-22T19:41:17.137-0800: 139.622: [Tenured: 349540K->349261K(349568K), 0.0397713 secs] 506645K->386121K(506816K), [Metaspace: 2698K->2698K(1056768K)], 0.0398704 secs] [Times: user=0.04 sys=0.00, real=0.04 secs] 
2021-01-22T19:41:17.192-0800: 139.676: [Full GC (Allocation Failure) 2021-01-22T19:41:17.192-0800: 139.676: [Tenured: 349548K->349290K(349568K), 0.0457266 secs] 506795K->369952K(506816K), [Metaspace: 2698K->2698K(1056768K)], 0.0458192 secs] [Times: user=0.04 sys=0.00, real=0.04 secs] 
2021-01-22T19:41:17.255-0800: 139.739: [Full GC (Allocation Failure) 2021-01-22T19:41:17.255-0800: 139.739: [Tenured: 349290K->349525K(349568K), 0.0333155 secs] 506403K->384720K(506816K), [Metaspace: 2698K->2698K(1056768K)], 0.0334159 secs] [Times: user=0.03 sys=0.00, real=0.03 secs] 
2021-01-22T19:41:17.303-0800: 139.787: [Full GC (Allocation Failure) 2021-01-22T19:41:17.303-0800: 139.787: [Tenured: 349525K->349357K(349568K), 0.0380312 secs] 506408K->385192K(506816K), [Metaspace: 2698K->2698K(1056768K)], 0.0381361 secs] [Times: user=0.04 sys=0.00, real=0.04 secs] 
2021-01-22T19:41:17.356-0800: 139.840: [Full GC (Allocation Failure) 2021-01-22T19:41:17.356-0800: 139.840: [Tenured: 349357K->349530K(349568K), 0.0388714 secs] 506494K->385217K(506816K), [Metaspace: 2698K->2698K(1056768K)], 0.0389658 secs] [Times: user=0.04 sys=0.00, real=0.04 secs] 
2021-01-22T19:41:17.410-0800: 139.895: [Full GC (Allocation Failure) 2021-01-22T19:41:17.410-0800: 139.895: [Tenured: 349530K->348904K(349568K), 0.0451255 secs] 506732K->363276K(506816K), [Metaspace: 2698K->2698K(1056768K)], 0.0452274 secs] [Times: user=0.05 sys=0.00, real=0.04 secs] 
2021-01-22T19:41:17.475-0800: 139.959: [Full GC (Allocation Failure) 2021-01-22T19:41:17.475-0800: 139.959: [Tenured: 349028K->349298K(349568K), 0.0299127 secs] 506222K->381559K(506816K), [Metaspace: 2698K->2698K(1056768K)], 0.0300164 secs] [Times: user=0.03 sys=0.00, real=0.03 secs] 
2021-01-22T19:41:17.520-0800: 140.004: [Full GC (Allocation Failure) 2021-01-22T19:41:17.520-0800: 140.004: [Tenured: 349346K->349141K(349568K), 0.0383139 secs] 506590K->384892K(506816K), [Metaspace: 2698K->2698K(1056768K)], 0.0384098 secs] [Times: user=0.04 sys=0.00, real=0.03 secs] 
2021-01-22T19:41:17.573-0800: 140.057: [Full GC (Allocation Failure) 2021-01-22T19:41:17.573-0800: 140.057: [Tenured: 349470K->349556K(349568K), 0.0395550 secs] 506538K->379988K(506816K), [Metaspace: 2698K->2698K(1056768K)], 0.0396637 secs] [Times: user=0.04 sys=0.00, real=0.04 secs] 
2021-01-22T19:41:17.628-0800: 140.112: [Full GC (Allocation Failure) 2021-01-22T19:41:17.628-0800: 140.112: [Tenured: 349556K->349372K(349568K), 0.0449089 secs] 506786K->367734K(506816K), [Metaspace: 2698K->2698K(1056768K)], 0.0450056 secs] [Times: user=0.04 sys=0.00, real=0.05 secs] 
2021-01-22T19:41:17.689-0800: 140.173: [Full GC (Allocation Failure) 2021-01-22T19:41:17.689-0800: 140.173: [Tenured: 349372K->349524K(349568K), 0.0306308 secs] 506467K->378721K(506816K), [Metaspace: 2698K->2698K(1056768K)], 0.0307295 secs] [Times: user=0.03 sys=0.00, real=0.04 secs] 
2021-01-22T19:41:17.735-0800: 140.219: [Full GC (Allocation Failure) 2021-01-22T19:41:17.735-0800: 140.219: [Tenured: 349524K->349297K(349568K), 0.0368101 secs] 506721K->379545K(506816K), [Metaspace: 2698K->2698K(1056768K)], 0.0369068 secs] [Times: user=0.04 sys=0.00, real=0.04 secs] 
2021-01-22T19:41:17.788-0800: 140.272: [Full GC (Allocation Failure) 2021-01-22T19:41:17.788-0800: 140.272: [Tenured: 349297K->349428K(349568K), 0.0392579 secs] 506440K->383550K(506816K), [Metaspace: 2698K->2698K(1056768K)], 0.0393544 secs] [Times: user=0.04 sys=0.00, real=0.04 secs] 
2021-01-22T19:41:17.843-0800: 140.327: [Full GC (Allocation Failure) 2021-01-22T19:41:17.843-0800: 140.327: [Tenured: 349428K->349206K(349568K), 0.0450846 secs] 506407K->365611K(506816K), [Metaspace: 2698K->2698K(1056768K)], 0.0451847 secs] [Times: user=0.05 sys=0.00, real=0.04 secs] 
2021-01-22T19:41:17.905-0800: 140.390: [Full GC (Allocation Failure) 2021-01-22T19:41:17.905-0800: 140.390: [Tenured: 349494K->349068K(349568K), 0.0313252 secs] 506708K->384164K(506816K), [Metaspace: 2698K->2698K(1056768K)], 0.0314305 secs] [Times: user=0.04 sys=0.00, real=0.03 secs] 
2021-01-22T19:41:17.952-0800: 140.436: [Full GC (Allocation Failure) 2021-01-22T19:41:17.952-0800: 140.436: [Tenured: 349465K->349143K(349568K), 0.0368516 secs] 506325K->380521K(506816K), [Metaspace: 2698K->2698K(1056768K)], 0.0369490 secs] [Times: user=0.04 sys=0.00, real=0.03 secs] 
2021-01-22T19:41:18.004-0800: 140.489: [Full GC (Allocation Failure) 2021-01-22T19:41:18.005-0800: 140.489: [Tenured: 349309K->349564K(349568K), 0.0395072 secs] 506549K->381113K(506816K), [Metaspace: 2698K->2698K(1056768K)], 0.0396044 secs] [Times: user=0.04 sys=0.00, real=0.04 secs] 
2021-01-22T19:41:18.059-0800: 140.543: [Full GC (Allocation Failure) 2021-01-22T19:41:18.059-0800: 140.543: [Tenured: 349564K->348983K(349568K), 0.0456991 secs] 506629K->368685K(506816K), [Metaspace: 2698K->2698K(1056768K)], 0.0457932 secs] [Times: user=0.04 sys=0.00, real=0.05 secs] 
2021-01-22T19:41:18.122-0800: 140.606: [Full GC (Allocation Failure) 2021-01-22T19:41:18.122-0800: 140.606: [Tenured: 349528K->349464K(349568K), 0.0300888 secs] 506750K->387222K(506816K), [Metaspace: 2698K->2698K(1056768K)], 0.0301866 secs] [Times: user=0.03 sys=0.00, real=0.03 secs] 
2021-01-22T19:41:18.168-0800: 140.652: [Full GC (Allocation Failure) 2021-01-22T19:41:18.168-0800: 140.652: [Tenured: 349464K->349502K(349568K), 0.0356381 secs] 506702K->383878K(506816K), [Metaspace: 2698K->2698K(1056768K)], 0.0357388 secs] [Times: user=0.03 sys=0.00, real=0.04 secs] 
2021-01-22T19:41:18.218-0800: 140.702: [Full GC (Allocation Failure) 2021-01-22T19:41:18.218-0800: 140.702: [Tenured: 349502K->349530K(349568K), 0.0382976 secs] 506662K->387933K(506816K), [Metaspace: 2698K->2698K(1056768K)], 0.0383981 secs] [Times: user=0.03 sys=0.00, real=0.04 secs] 
2021-01-22T19:41:18.271-0800: 140.755: [Full GC (Allocation Failure) 2021-01-22T19:41:18.271-0800: 140.755: [Tenured: 349530K->349288K(349568K), 0.0451942 secs] 506740K->368608K(506816K), [Metaspace: 2698K->2698K(1056768K)], 0.0452894 secs] [Times: user=0.04 sys=0.00, real=0.04 secs] 
2021-01-22T19:41:18.332-0800: 140.816: [Full GC (Allocation Failure) 2021-01-22T19:41:18.332-0800: 140.816: [Tenured: 349288K->349562K(349568K), 0.0275708 secs] 506025K->390190K(506816K), [Metaspace: 2698K->2698K(1056768K)], 0.0276675 secs] [Times: user=0.03 sys=0.00, real=0.03 secs] 
2021-01-22T19:41:18.374-0800: 140.858: [Full GC (Allocation Failure) 2021-01-22T19:41:18.374-0800: 140.858: [Tenured: 349562K->349351K(349568K), 0.0366322 secs] 506692K->388308K(506816K), [Metaspace: 2698K->2698K(1056768K)], 0.0367352 secs] [Times: user=0.04 sys=0.00, real=0.04 secs] 
2021-01-22T19:41:18.425-0800: 140.909: [Full GC (Allocation Failure) 2021-01-22T19:41:18.425-0800: 140.909: [Tenured: 349351K->349368K(349568K), 0.0390870 secs] 506340K->392317K(506816K), [Metaspace: 2698K->2698K(1056768K)], 0.0391862 secs] [Times: user=0.04 sys=0.00, real=0.04 secs] 
2021-01-22T19:41:18.478-0800: 140.962: [Full GC (Allocation Failure) 2021-01-22T19:41:18.478-0800: 140.962: [Tenured: 349560K->349470K(349568K), 0.0460683 secs] 506806K->375200K(506816K), [Metaspace: 2698K->2698K(1056768K)], 0.0461847 secs] [Times: user=0.05 sys=0.00, real=0.05 secs] 
2021-01-22T19:41:18.540-0800: 141.024: [Full GC (Allocation Failure) 2021-01-22T19:41:18.540-0800: 141.024: [Tenured: 349506K->349528K(349568K), 0.0285023 secs] 506747K->397055K(506816K), [Metaspace: 2698K->2698K(1056768K)], 0.0286023 secs] [Times: user=0.02 sys=0.00, real=0.02 secs] 
2021-01-22T19:41:18.581-0800: 141.065: [Full GC (Allocation Failure) 2021-01-22T19:41:18.581-0800: 141.065: [Tenured: 349528K->349069K(349568K), 0.0378441 secs] 506766K->397372K(506816K), [Metaspace: 2698K->2698K(1056768K)], 0.0379439 secs] [Times: user=0.03 sys=0.00, real=0.03 secs] 
2021-01-22T19:41:18.633-0800: 141.117: [Full GC (Allocation Failure) 2021-01-22T19:41:18.633-0800: 141.117: [Tenured: 349069K->349538K(349568K), 0.0379759 secs] 505962K->398640K(506816K), [Metaspace: 2698K->2698K(1056768K)], 0.0380989 secs] [Times: user=0.04 sys=0.00, real=0.04 secs] 
2021-01-22T19:41:18.684-0800: 141.168: [Full GC (Allocation Failure) 2021-01-22T19:41:18.684-0800: 141.168: [Tenured: 349538K->349135K(349568K), 0.0452964 secs] 506486K->372175K(506816K), [Metaspace: 2698K->2698K(1056768K)], 0.0453964 secs] [Times: user=0.04 sys=0.00, real=0.05 secs] 
2021-01-22T19:41:18.746-0800: 141.230: [Full GC (Allocation Failure) 2021-01-22T19:41:18.746-0800: 141.230: [Tenured: 349567K->349368K(349568K), 0.0296805 secs] 506813K->393237K(506816K), [Metaspace: 2698K->2698K(1056768K)], 0.0297941 secs] [Times: user=0.03 sys=0.00, real=0.03 secs] 
2021-01-22T19:41:18.791-0800: 141.275: [Full GC (Allocation Failure) 2021-01-22T19:41:18.791-0800: 141.275: [Tenured: 349368K->349539K(349568K), 0.0355462 secs] 506393K->391658K(506816K), [Metaspace: 2698K->2698K(1056768K)], 0.0356446 secs] [Times: user=0.03 sys=0.00, real=0.03 secs] 
2021-01-22T19:41:18.842-0800: 141.326: [Full GC (Allocation Failure) 2021-01-22T19:41:18.842-0800: 141.326: [Tenured: 349539K->349290K(349568K), 0.0395250 secs] 506758K->389820K(506816K), [Metaspace: 2698K->2698K(1056768K)], 0.0396259 secs] [Times: user=0.04 sys=0.00, real=0.04 secs] 
2021-01-22T19:41:18.895-0800: 141.380: [Full GC (Allocation Failure) 2021-01-22T19:41:18.895-0800: 141.380: [Tenured: 349553K->349350K(349568K), 0.0446278 secs] 506797K->366196K(506816K), [Metaspace: 2698K->2698K(1056768K)], 0.0447210 secs] [Times: user=0.04 sys=0.00, real=0.05 secs] 
2021-01-22T19:41:18.957-0800: 141.442: [Full GC (Allocation Failure) 2021-01-22T19:41:18.957-0800: 141.442: [Tenured: 349458K->349513K(349568K), 0.0236877 secs] 506686K->388954K(506816K), [Metaspace: 2698K->2698K(1056768K)], 0.0237807 secs] [Times: user=0.02 sys=0.00, real=0.03 secs] 
2021-01-22T19:41:18.995-0800: 141.479: [Full GC (Allocation Failure) 2021-01-22T19:41:18.995-0800: 141.479: [Tenured: 349513K->349452K(349568K), 0.0370669 secs] 506361K->387220K(506816K), [Metaspace: 2698K->2698K(1056768K)], 0.0371658 secs] [Times: user=0.04 sys=0.00, real=0.04 secs] 
2021-01-22T19:41:19.047-0800: 141.531: [Full GC (Allocation Failure) 2021-01-22T19:41:19.047-0800: 141.531: [Tenured: 349452K->349267K(349568K), 0.0403420 secs] 506518K->389071K(506816K), [Metaspace: 2698K->2698K(1056768K)], 0.0404408 secs] [Times: user=0.04 sys=0.00, real=0.04 secs] 
2021-01-22T19:41:19.101-0800: 141.586: [Full GC (Allocation Failure) 2021-01-22T19:41:19.102-0800: 141.586: [Tenured: 349504K->349466K(349568K), 0.0460990 secs] 506752K->374149K(506816K), [Metaspace: 2698K->2698K(1056768K)], 0.0461952 secs] [Times: user=0.05 sys=0.00, real=0.04 secs] 
2021-01-22T19:41:19.164-0800: 141.648: [Full GC (Allocation Failure) 2021-01-22T19:41:19.164-0800: 141.649: [Tenured: 349466K->349470K(349568K), 0.0309596 secs] 506548K->390123K(506816K), [Metaspace: 2698K->2698K(1056768K)], 0.0310625 secs] [Times: user=0.03 sys=0.00, real=0.03 secs] 
2021-01-22T19:41:19.210-0800: 141.694: [Full GC (Allocation Failure) 2021-01-22T19:41:19.210-0800: 141.694: [Tenured: 349470K->349549K(349568K), 0.0386718 secs] 506711K->385992K(506816K), [Metaspace: 2698K->2698K(1056768K)], 0.0388129 secs] [Times: user=0.04 sys=0.00, real=0.03 secs] 
2021-01-22T19:41:19.263-0800: 141.747: [Full GC (Allocation Failure) 2021-01-22T19:41:19.263-0800: 141.748: [Tenured: 349549K->349248K(349568K), 0.0396288 secs] 506609K->381898K(506816K), [Metaspace: 2698K->2698K(1056768K)], 0.0397307 secs] [Times: user=0.04 sys=0.00, real=0.04 secs] 
2021-01-22T19:41:19.317-0800: 141.802: [Full GC (Allocation Failure) 2021-01-22T19:41:19.317-0800: 141.802: [Tenured: 349248K->349477K(349568K), 0.0459898 secs] 506018K->369717K(506816K), [Metaspace: 2698K->2698K(1056768K)], 0.0460909 secs] [Times: user=0.04 sys=0.00, real=0.05 secs] 
2021-01-22T19:41:19.380-0800: 141.864: [Full GC (Allocation Failure) 2021-01-22T19:41:19.380-0800: 141.864: [Tenured: 349477K->349070K(349568K), 0.0282273 secs] 506630K->395169K(506816K), [Metaspace: 2698K->2698K(1056768K)], 0.0283302 secs] [Times: user=0.03 sys=0.00, real=0.02 secs] 
2021-01-22T19:41:19.421-0800: 141.905: [Full GC (Allocation Failure) 2021-01-22T19:41:19.421-0800: 141.905: [Tenured: 349557K->349201K(349568K), 0.0381556 secs] 506795K->399998K(506816K), [Metaspace: 2698K->2698K(1056768K)], 0.0382550 secs] [Times: user=0.04 sys=0.00, real=0.03 secs] 
2021-01-22T19:41:19.473-0800: 141.957: [Full GC (Allocation Failure) 2021-01-22T19:41:19.473-0800: 141.957: [Tenured: 349201K->349510K(349568K), 0.0400170 secs] 506376K->401653K(506816K), [Metaspace: 2698K->2698K(1056768K)], 0.0401164 secs] [Times: user=0.04 sys=0.00, real=0.04 secs] 
2021-01-22T19:41:19.525-0800: 142.009: [Full GC (Allocation Failure) 2021-01-22T19:41:19.525-0800: 142.009: [Tenured: 349510K->349383K(349568K), 0.0475120 secs] 506606K->386191K(506816K), [Metaspace: 2698K->2698K(1056768K)], 0.0476149 secs] [Times: user=0.05 sys=0.00, real=0.05 secs] 
2021-01-22T19:41:19.587-0800: 142.071: [Full GC (Allocation Failure) 2021-01-22T19:41:19.587-0800: 142.071: [Tenured: 349383K->349315K(349568K), 0.0300780 secs] 506403K->407143K(506816K), [Metaspace: 2698K->2698K(1056768K)], 0.0301766 secs] [Times: user=0.03 sys=0.00, real=0.03 secs] 
2021-01-22T19:41:19.629-0800: 142.113: [Full GC (Allocation Failure) 2021-01-22T19:41:19.629-0800: 142.113: [Tenured: 349315K->349531K(349568K), 0.0383818 secs] 506509K->406264K(506816K), [Metaspace: 2698K->2698K(1056768K)], 0.0384785 secs] [Times: user=0.04 sys=0.00, real=0.04 secs] 
2021-01-22T19:41:19.679-0800: 142.163: [Full GC (Allocation Failure) 2021-01-22T19:41:19.679-0800: 142.163: [Tenured: 349531K->349546K(349568K), 0.0388299 secs] 506747K->401914K(506816K), [Metaspace: 2698K->2698K(1056768K)], 0.0389325 secs] [Times: user=0.04 sys=0.00, real=0.04 secs] 
2021-01-22T19:41:19.730-0800: 142.214: [Full GC (Allocation Failure) 2021-01-22T19:41:19.730-0800: 142.214: [Tenured: 349546K->349036K(349568K), 0.0481353 secs] 506778K->389168K(506816K), [Metaspace: 2698K->2698K(1056768K)], 0.0482319 secs] [Times: user=0.05 sys=0.00, real=0.04 secs] 
2021-01-22T19:41:19.792-0800: 142.277: [Full GC (Allocation Failure) 2021-01-22T19:41:19.792-0800: 142.277: [Tenured: 349159K->349531K(349568K), 0.0288910 secs] 506314K->401536K(506816K), [Metaspace: 2698K->2698K(1056768K)], 0.0289896 secs] [Times: user=0.03 sys=0.00, real=0.03 secs] 
2021-01-22T19:41:19.834-0800: 142.318: [Full GC (Allocation Failure) 2021-01-22T19:41:19.834-0800: 142.318: [Tenured: 349531K->349079K(349568K), 0.0378721 secs] 506715K->399974K(506816K), [Metaspace: 2698K->2698K(1056768K)], 0.0379707 secs] [Times: user=0.04 sys=0.00, real=0.04 secs] 
2021-01-22T19:41:19.885-0800: 142.370: [Full GC (Allocation Failure) 2021-01-22T19:41:19.885-0800: 142.370: [Tenured: 349565K->349469K(349568K), 0.0396607 secs] 506811K->395817K(506816K), [Metaspace: 2698K->2698K(1056768K)], 0.0397664 secs] [Times: user=0.04 sys=0.00, real=0.04 secs] 
2021-01-22T19:41:19.938-0800: 142.423: [Full GC (Allocation Failure) 2021-01-22T19:41:19.938-0800: 142.423: [Tenured: 349469K->349497K(349568K), 0.0467353 secs] 506581K->383228K(506816K), [Metaspace: 2698K->2698K(1056768K)], 0.0468335 secs] [Times: user=0.05 sys=0.00, real=0.05 secs] 
2021-01-22T19:41:20.001-0800: 142.485: [Full GC (Allocation Failure) 2021-01-22T19:41:20.001-0800: 142.485: [Tenured: 349497K->349451K(349568K), 0.0279760 secs] 506729K->401948K(506816K), [Metaspace: 2698K->2698K(1056768K)], 0.0280810 secs] [Times: user=0.03 sys=0.00, real=0.02 secs] 
2021-01-22T19:41:20.042-0800: 142.526: [Full GC (Allocation Failure) 2021-01-22T19:41:20.042-0800: 142.526: [Tenured: 349451K->349164K(349568K), 0.0370991 secs] 505960K->399232K(506816K), [Metaspace: 2698K->2698K(1056768K)], 0.0371937 secs] [Times: user=0.04 sys=0.00, real=0.03 secs] 
2021-01-22T19:41:20.092-0800: 142.576: [Full GC (Allocation Failure) 2021-01-22T19:41:20.092-0800: 142.576: [Tenured: 349164K->349508K(349568K), 0.0412572 secs] 506016K->399496K(506816K), [Metaspace: 2698K->2698K(1056768K)], 0.0413583 secs] [Times: user=0.04 sys=0.00, real=0.04 secs] 
2021-01-22T19:41:20.147-0800: 142.632: [Full GC (Allocation Failure) 2021-01-22T19:41:20.147-0800: 142.632: [Tenured: 349508K->348900K(349568K), 0.0477769 secs] 506248K->377792K(506816K), [Metaspace: 2698K->2698K(1056768K)], 0.0479116 secs] [Times: user=0.05 sys=0.00, real=0.05 secs] 
2021-01-22T19:41:20.211-0800: 142.695: [Full GC (Allocation Failure) 2021-01-22T19:41:20.211-0800: 142.696: [Tenured: 349503K->349081K(349568K), 0.0341767 secs] 506723K->389842K(506816K), [Metaspace: 2698K->2698K(1056768K)], 0.0342737 secs] [Times: user=0.04 sys=0.00, real=0.03 secs] 
2021-01-22T19:41:20.260-0800: 142.744: [Full GC (Allocation Failure) 2021-01-22T19:41:20.260-0800: 142.744: [Tenured: 349328K->349541K(349568K), 0.0382492 secs] 506501K->390512K(506816K), [Metaspace: 2698K->2698K(1056768K)], 0.0383590 secs] [Times: user=0.04 sys=0.00, real=0.03 secs] 
2021-01-22T19:41:20.313-0800: 142.797: [Full GC (Allocation Failure) 2021-01-22T19:41:20.313-0800: 142.797: [Tenured: 349541K->349146K(349568K), 0.0397097 secs] 506572K->390255K(506816K), [Metaspace: 2698K->2698K(1056768K)], 0.0398061 secs] [Times: user=0.04 sys=0.00, real=0.04 secs] 
2021-01-22T19:41:20.367-0800: 142.851: [Full GC (Allocation Failure) 2021-01-22T19:41:20.367-0800: 142.851: [Tenured: 349509K->349458K(349568K), 0.0458243 secs] 506678K->374591K(506816K), [Metaspace: 2698K->2698K(1056768K)], 0.0459252 secs] [Times: user=0.04 sys=0.00, real=0.05 secs] 
2021-01-22T19:41:20.428-0800: 142.912: [Full GC (Allocation Failure) 2021-01-22T19:41:20.428-0800: 142.912: [Tenured: 349530K->349390K(349568K), 0.0288369 secs] 506713K->393288K(506816K), [Metaspace: 2698K->2698K(1056768K)], 0.0289375 secs] [Times: user=0.03 sys=0.00, real=0.03 secs] 
2021-01-22T19:41:20.471-0800: 142.955: [Full GC (Allocation Failure) 2021-01-22T19:41:20.471-0800: 142.955: [Tenured: 349390K->349413K(349568K), 0.0367494 secs] 506589K->393157K(506816K), [Metaspace: 2698K->2698K(1056768K)], 0.0368673 secs] [Times: user=0.04 sys=0.00, real=0.03 secs] 
2021-01-22T19:41:20.521-0800: 143.005: [Full GC (Allocation Failure) 2021-01-22T19:41:20.521-0800: 143.005: [Tenured: 349413K->349490K(349568K), 0.0374415 secs] 506472K->393370K(506816K), [Metaspace: 2698K->2698K(1056768K)], 0.0375404 secs] [Times: user=0.04 sys=0.00, real=0.03 secs] 
2021-01-22T19:41:20.573-0800: 143.057: [Full GC (Allocation Failure) 2021-01-22T19:41:20.573-0800: 143.057: [Tenured: 349490K->349565K(349568K), 0.0452054 secs] 506466K->371740K(506816K), [Metaspace: 2698K->2698K(1056768K)], 0.0453048 secs] [Times: user=0.05 sys=0.00, real=0.04 secs] 
2021-01-22T19:41:20.634-0800: 143.119: [Full GC (Allocation Failure) 2021-01-22T19:41:20.634-0800: 143.119: [Tenured: 349565K->349382K(349568K), 0.0302259 secs] 506423K->391174K(506816K), [Metaspace: 2698K->2698K(1056768K)], 0.0303347 secs] [Times: user=0.03 sys=0.00, real=0.03 secs] 
2021-01-22T19:41:20.679-0800: 143.163: [Full GC (Allocation Failure) 2021-01-22T19:41:20.679-0800: 143.163: [Tenured: 349382K->349277K(349568K), 0.0379736 secs] 506417K->390392K(506816K), [Metaspace: 2698K->2698K(1056768K)], 0.0380805 secs] [Times: user=0.03 sys=0.00, real=0.04 secs] 
2021-01-22T19:41:20.731-0800: 143.215: [Full GC (Allocation Failure) 2021-01-22T19:41:20.731-0800: 143.215: [Tenured: 349486K->349456K(349568K), 0.0387542 secs] 506668K->385360K(506816K), [Metaspace: 2698K->2698K(1056768K)], 0.0388561 secs] [Times: user=0.04 sys=0.00, real=0.04 secs] 
2021-01-22T19:41:20.784-0800: 143.269: [Full GC (Allocation Failure) 2021-01-22T19:41:20.784-0800: 143.269: [Tenured: 349456K->349152K(349568K), 0.0454427 secs] 506600K->372345K(506816K), [Metaspace: 2698K->2698K(1056768K)], 0.0455435 secs] [Times: user=0.05 sys=0.00, real=0.05 secs] 
2021-01-22T19:41:20.846-0800: 143.330: [Full GC (Allocation Failure) 2021-01-22T19:41:20.846-0800: 143.330: [Tenured: 349152K->349546K(349568K), 0.0303057 secs] 505946K->395667K(506816K), [Metaspace: 2698K->2698K(1056768K)], 0.0304033 secs] [Times: user=0.03 sys=0.00, real=0.03 secs] 
2021-01-22T19:41:20.889-0800: 143.373: [Full GC (Allocation Failure) 2021-01-22T19:41:20.889-0800: 143.373: [Tenured: 349546K->349355K(349568K), 0.0366117 secs] 506760K->397352K(506816K), [Metaspace: 2698K->2698K(1056768K)], 0.0367147 secs] [Times: user=0.03 sys=0.00, real=0.04 secs] 
2021-01-22T19:41:20.939-0800: 143.423: [Full GC (Allocation Failure) 2021-01-22T19:41:20.939-0800: 143.423: [Tenured: 349355K->349554K(349568K), 0.0394478 secs] 506537K->393016K(506816K), [Metaspace: 2698K->2698K(1056768K)], 0.0395470 secs] [Times: user=0.04 sys=0.00, real=0.04 secs] 
2021-01-22T19:41:20.992-0800: 143.476: [Full GC (Allocation Failure) 2021-01-22T19:41:20.992-0800: 143.476: [Tenured: 349554K->349436K(349568K), 0.0467545 secs] 506754K->377484K(506816K), [Metaspace: 2698K->2698K(1056768K)], 0.0468551 secs] [Times: user=0.04 sys=0.00, real=0.04 secs] 
2021-01-22T19:41:21.054-0800: 143.539: [Full GC (Allocation Failure) 2021-01-22T19:41:21.054-0800: 143.539: [Tenured: 349536K->349554K(349568K), 0.0304621 secs] 506782K->397010K(506816K), [Metaspace: 2698K->2698K(1056768K)], 0.0305638 secs] [Times: user=0.03 sys=0.00, real=0.03 secs] 
2021-01-22T19:41:21.098-0800: 143.582: [Full GC (Allocation Failure) 2021-01-22T19:41:21.098-0800: 143.582: [Tenured: 349554K->349566K(349568K), 0.0383569 secs] 506747K->397788K(506816K), [Metaspace: 2698K->2698K(1056768K)], 0.0384596 secs] [Times: user=0.04 sys=0.00, real=0.04 secs] 
2021-01-22T19:41:21.150-0800: 143.634: [Full GC (Allocation Failure) 2021-01-22T19:41:21.150-0800: 143.634: [Tenured: 349566K->349538K(349568K), 0.0402312 secs] 506327K->397022K(506816K), [Metaspace: 2698K->2698K(1056768K)], 0.0403273 secs] [Times: user=0.04 sys=0.00, real=0.04 secs] 
2021-01-22T19:41:21.203-0800: 143.688: [Full GC (Allocation Failure) 2021-01-22T19:41:21.203-0800: 143.688: [Tenured: 349538K->349109K(349568K), 0.0460182 secs] 506075K->377880K(506816K), [Metaspace: 2698K->2698K(1056768K)], 0.0461112 secs] [Times: user=0.04 sys=0.00, real=0.04 secs] 
2021-01-22T19:41:21.265-0800: 143.750: [Full GC (Allocation Failure) 2021-01-22T19:41:21.265-0800: 143.750: [Tenured: 349556K->349144K(349568K), 0.0284478 secs] 506786K->387376K(506816K), [Metaspace: 2698K->2698K(1056768K)], 0.0285390 secs] [Times: user=0.03 sys=0.00, real=0.03 secs] 
2021-01-22T19:41:21.308-0800: 143.792: [Full GC (Allocation Failure) 2021-01-22T19:41:21.308-0800: 143.792: [Tenured: 349436K->349430K(349568K), 0.0370555 secs] 506680K->389089K(506816K), [Metaspace: 2698K->2698K(1056768K)], 0.0371476 secs] [Times: user=0.04 sys=0.00, real=0.04 secs] 
2021-01-22T19:41:21.359-0800: 143.843: [Full GC (Allocation Failure) 2021-01-22T19:41:21.359-0800: 143.844: [Tenured: 349430K->349077K(349568K), 0.0401957 secs] 506447K->387892K(506816K), [Metaspace: 2698K->2698K(1056768K)], 0.0599283 secs] [Times: user=0.04 sys=0.00, real=0.06 secs] 
2021-01-22T19:41:21.437-0800: 143.921: [Full GC (Allocation Failure) 2021-01-22T19:41:21.437-0800: 143.921: [Tenured: 349522K->349545K(349568K), 0.0497177 secs] 506730K->372177K(506816K), [Metaspace: 2698K->2698K(1056768K)], 0.0538627 secs] [Times: user=0.05 sys=0.00, real=0.06 secs] 
2021-01-22T19:41:21.507-0800: 143.991: [Full GC (Allocation Failure) 2021-01-22T19:41:21.507-0800: 143.991: [Tenured: 349545K->349481K(349568K), 0.0313300 secs] 506781K->395036K(506816K), [Metaspace: 2698K->2698K(1056768K)], 0.0314398 secs] [Times: user=0.03 sys=0.00, real=0.03 secs] 
2021-01-22T19:41:21.553-0800: 144.037: [Full GC (Allocation Failure) 2021-01-22T19:41:21.553-0800: 144.037: [Tenured: 349481K->349113K(349568K), 0.0366396 secs] 506684K->395815K(506816K), [Metaspace: 2698K->2698K(1056768K)], 0.0367540 secs] [Times: user=0.04 sys=0.00, real=0.03 secs] 
2021-01-22T19:41:21.603-0800: 144.088: [Full GC (Allocation Failure) 2021-01-22T19:41:21.603-0800: 144.088: [Tenured: 349414K->349444K(349568K), 0.0398921 secs] 506655K->395601K(506816K), [Metaspace: 2698K->2698K(1056768K)], 0.0399924 secs] [Times: user=0.04 sys=0.00, real=0.04 secs] 
2021-01-22T19:41:21.657-0800: 144.142: [Full GC (Allocation Failure) 2021-01-22T19:41:21.657-0800: 144.142: [Tenured: 349506K->349395K(349568K), 0.0491865 secs] 506718K->379235K(506816K), [Metaspace: 2698K->2698K(1056768K)], 0.0493332 secs] [Times: user=0.04 sys=0.00, real=0.05 secs] 
2021-01-22T19:41:21.724-0800: 144.208: [Full GC (Allocation Failure) 2021-01-22T19:41:21.724-0800: 144.208: [Tenured: 349395K->349098K(349568K), 0.0267354 secs] 506575K->394933K(506816K), [Metaspace: 2698K->2698K(1056768K)], 0.0268738 secs] [Times: user=0.03 sys=0.00, real=0.03 secs] 
2021-01-22T19:41:21.765-0800: 144.249: [Full GC (Allocation Failure) 2021-01-22T19:41:21.765-0800: 144.249: [Tenured: 349565K->349029K(349568K), 0.0382416 secs] 506811K->391022K(506816K), [Metaspace: 2698K->2698K(1056768K)], 0.0383593 secs] [Times: user=0.04 sys=0.00, real=0.04 secs] 
2021-01-22T19:41:21.818-0800: 144.303: [Full GC (Allocation Failure) 2021-01-22T19:41:21.818-0800: 144.303: [Tenured: 349029K->349532K(349568K), 0.0407491 secs] 506146K->391002K(506816K), [Metaspace: 2698K->2698K(1056768K)], 0.0408468 secs] [Times: user=0.04 sys=0.00, real=0.04 secs] 
2021-01-22T19:41:21.874-0800: 144.358: [Full GC (Allocation Failure) 2021-01-22T19:41:21.874-0800: 144.358: [Tenured: 349532K->349524K(349568K), 0.0449867 secs] 506484K->367318K(506816K), [Metaspace: 2698K->2698K(1056768K)], 0.0451031 secs] [Times: user=0.05 sys=0.00, real=0.04 secs] 
2021-01-22T19:41:21.936-0800: 144.420: [Full GC (Allocation Failure) 2021-01-22T19:41:21.936-0800: 144.420: [Tenured: 349524K->349120K(349568K), 0.0292141 secs] 506330K->388966K(506816K), [Metaspace: 2698K->2698K(1056768K)], 0.0293217 secs] [Times: user=0.03 sys=0.00, real=0.03 secs] 
2021-01-22T19:41:21.979-0800: 144.464: [Full GC (Allocation Failure) 2021-01-22T19:41:21.979-0800: 144.464: [Tenured: 349552K->349356K(349568K), 0.0368368 secs] 506759K->387383K(506816K), [Metaspace: 2698K->2698K(1056768K)], 0.0369466 secs] [Times: user=0.03 sys=0.00, real=0.04 secs] 
2021-01-22T19:41:22.030-0800: 144.514: [Full GC (Allocation Failure) 2021-01-22T19:41:22.030-0800: 144.514: [Tenured: 349540K->349403K(349568K), 0.0394857 secs] 506778K->388428K(506816K), [Metaspace: 2698K->2698K(1056768K)], 0.0395931 secs] [Times: user=0.04 sys=0.00, real=0.03 secs] 
2021-01-22T19:41:22.084-0800: 144.569: [Full GC (Allocation Failure) 2021-01-22T19:41:22.084-0800: 144.569: [Tenured: 349502K->349377K(349568K), 0.0449081 secs] 506750K->370080K(506816K), [Metaspace: 2698K->2698K(1056768K)], 0.0450096 secs] [Times: user=0.04 sys=0.00, real=0.04 secs] 
2021-01-22T19:41:22.146-0800: 144.630: [Full GC (Allocation Failure) 2021-01-22T19:41:22.146-0800: 144.630: [Tenured: 349377K->349043K(349568K), 0.0265356 secs] 506273K->388483K(506816K), [Metaspace: 2698K->2698K(1056768K)], 0.0266476 secs] [Times: user=0.03 sys=0.00, real=0.03 secs] 
2021-01-22T19:41:22.186-0800: 144.671: [Full GC (Allocation Failure) 2021-01-22T19:41:22.187-0800: 144.671: [Tenured: 349157K->349502K(349568K), 0.0354313 secs] 506386K->393852K(506816K), [Metaspace: 2698K->2698K(1056768K)], 0.0355395 secs] [Times: user=0.04 sys=0.00, real=0.04 secs] 
2021-01-22T19:41:22.237-0800: 144.721: [Full GC (Allocation Failure) 2021-01-22T19:41:22.237-0800: 144.721: [Tenured: 349502K->349168K(349568K), 0.0401412 secs] 506492K->392516K(506816K), [Metaspace: 2698K->2698K(1056768K)], 0.0402467 secs] [Times: user=0.04 sys=0.00, real=0.04 secs] 
2021-01-22T19:41:22.291-0800: 144.775: [Full GC (Allocation Failure) 2021-01-22T19:41:22.291-0800: 144.776: [Tenured: 349456K->349241K(349568K), 0.0469320 secs] 506610K->381842K(506816K), [Metaspace: 2698K->2698K(1056768K)], 0.0470428 secs] [Times: user=0.04 sys=0.00, real=0.04 secs] 
2021-01-22T19:41:22.353-0800: 144.837: [Full GC (Allocation Failure) 2021-01-22T19:41:22.353-0800: 144.837: [Tenured: 349500K->349108K(349568K), 0.0258936 secs] 506686K->399026K(506816K), [Metaspace: 2698K->2698K(1056768K)], 0.0260033 secs] [Times: user=0.02 sys=0.00, real=0.02 secs] 
2021-01-22T19:41:22.393-0800: 144.877: [Full GC (Allocation Failure) 2021-01-22T19:41:22.393-0800: 144.878: [Tenured: 349555K->349555K(349568K), 0.0372721 secs] 506800K->404389K(506816K), [Metaspace: 2698K->2698K(1056768K)], 0.0373752 secs] [Times: user=0.03 sys=0.00, real=0.04 secs] 
2021-01-22T19:41:22.443-0800: 144.927: [Full GC (Allocation Failure) 2021-01-22T19:41:22.443-0800: 144.927: [Tenured: 349555K->349562K(349568K), 0.0398638 secs] 506725K->405725K(506816K), [Metaspace: 2698K->2698K(1056768K)], 0.0399718 secs] [Times: user=0.04 sys=0.00, real=0.04 secs] 
2021-01-22T19:41:22.495-0800: 144.979: [Full GC (Allocation Failure) 2021-01-22T19:41:22.495-0800: 144.979: [Tenured: 349562K->349505K(349568K), 0.0483300 secs] 506788K->392908K(506816K), [Metaspace: 2698K->2698K(1056768K)], 0.0484372 secs] [Times: user=0.05 sys=0.00, real=0.05 secs] 
2021-01-22T19:41:22.558-0800: 145.042: [Full GC (Allocation Failure) 2021-01-22T19:41:22.558-0800: 145.042: [Tenured: 349532K->349306K(349568K), 0.0315556 secs] 506774K->407015K(506816K), [Metaspace: 2698K->2698K(1056768K)], 0.0316551 secs] [Times: user=0.03 sys=0.00, real=0.03 secs] 
2021-01-22T19:41:22.601-0800: 145.086: [Full GC (Allocation Failure) 2021-01-22T19:41:22.601-0800: 145.086: [Tenured: 349513K->349504K(349568K), 0.0386379 secs] 506736K->406604K(506816K), [Metaspace: 2698K->2698K(1056768K)], 0.0387409 secs] [Times: user=0.04 sys=0.00, real=0.04 secs] 
2021-01-22T19:41:22.654-0800: 145.138: [Full GC (Allocation Failure) 2021-01-22T19:41:22.654-0800: 145.138: [Tenured: 349504K->349488K(349568K), 0.0455447 secs] 506718K->406351K(506816K), [Metaspace: 2698K->2698K(1056768K)], 0.0456449 secs] [Times: user=0.05 sys=0.00, real=0.05 secs] 
2021-01-22T19:41:22.712-0800: 145.197: [Full GC (Allocation Failure) 2021-01-22T19:41:22.712-0800: 145.197: [Tenured: 349563K->349506K(349568K), 0.0499137 secs] 506811K->386342K(506816K), [Metaspace: 2698K->2698K(1056768K)], 0.0500137 secs] [Times: user=0.05 sys=0.00, real=0.05 secs] 
2021-01-22T19:41:22.778-0800: 145.263: [Full GC (Allocation Failure) 2021-01-22T19:41:22.778-0800: 145.263: [Tenured: 349506K->349124K(349568K), 0.0223045 secs] 506679K->403569K(506816K), [Metaspace: 2698K->2698K(1056768K)], 0.0224018 secs] [Times: user=0.02 sys=0.00, real=0.03 secs] 
2021-01-22T19:41:22.813-0800: 145.298: [Full GC (Allocation Failure) 2021-01-22T19:41:22.813-0800: 145.298: [Tenured: 349335K->349442K(349568K), 0.0358430 secs] 506563K->403903K(506816K), [Metaspace: 2698K->2698K(1056768K)], 0.0359535 secs] [Times: user=0.04 sys=0.00, real=0.03 secs] 
2021-01-22T19:41:22.863-0800: 145.347: [Full GC (Allocation Failure) 2021-01-22T19:41:22.863-0800: 145.347: [Tenured: 349534K->349277K(349568K), 0.0393242 secs] 506777K->407591K(506816K), [Metaspace: 2698K->2698K(1056768K)], 0.0394262 secs] [Times: user=0.04 sys=0.00, real=0.04 secs] 
2021-01-22T19:41:22.913-0800: 145.397: [Full GC (Allocation Failure) 2021-01-22T19:41:22.913-0800: 145.398: [Tenured: 349544K->349398K(349568K), 0.0498031 secs] 506738K->390381K(506816K), [Metaspace: 2698K->2698K(1056768K)], 0.0499100 secs] [Times: user=0.05 sys=0.00, real=0.05 secs] 
2021-01-22T19:41:22.977-0800: 145.462: [Full GC (Allocation Failure) 2021-01-22T19:41:22.977-0800: 145.462: [Tenured: 349542K->349127K(349568K), 0.0249349 secs] 506740K->413453K(506816K), [Metaspace: 2698K->2698K(1056768K)], 0.0250405 secs] [Times: user=0.03 sys=0.00, real=0.03 secs] 
2021-01-22T19:41:23.014-0800: 145.498: [Full GC (Allocation Failure) 2021-01-22T19:41:23.014-0800: 145.498: [Tenured: 349415K->349497K(349568K), 0.0366785 secs] 506544K->409188K(506816K), [Metaspace: 2698K->2698K(1056768K)], 0.0367867 secs] [Times: user=0.03 sys=0.00, real=0.04 secs] 
2021-01-22T19:41:23.062-0800: 145.547: [Full GC (Allocation Failure) 2021-01-22T19:41:23.062-0800: 145.547: [Tenured: 349497K->349070K(349568K), 0.0409787 secs] 506466K->412489K(506816K), [Metaspace: 2698K->2698K(1056768K)], 0.0410819 secs] [Times: user=0.04 sys=0.00, real=0.04 secs] 
2021-01-22T19:41:23.116-0800: 145.600: [Full GC (Allocation Failure) 2021-01-22T19:41:23.116-0800: 145.600: [Tenured: 349560K->349499K(349568K), 0.0499247 secs] 506808K->393571K(506816K), [Metaspace: 2698K->2698K(1056768K)], 0.0500461 secs] [Times: user=0.05 sys=0.00, real=0.05 secs] 
2021-01-22T19:41:23.181-0800: 145.665: [Full GC (Allocation Failure) 2021-01-22T19:41:23.181-0800: 145.665: [Tenured: 349499K->349328K(349568K), 0.0274579 secs] 506546K->407207K(506816K), [Metaspace: 2698K->2698K(1056768K)], 0.0275643 secs] [Times: user=0.03 sys=0.00, real=0.02 secs] 
2021-01-22T19:41:23.222-0800: 145.706: [Full GC (Allocation Failure) 2021-01-22T19:41:23.222-0800: 145.706: [Tenured: 349424K->349190K(349568K), 0.0367820 secs] 506640K->403567K(506816K), [Metaspace: 2698K->2698K(1056768K)], 0.0368776 secs] [Times: user=0.04 sys=0.00, real=0.03 secs] 
2021-01-22T19:41:23.272-0800: 145.757: [Full GC (Allocation Failure) 2021-01-22T19:41:23.272-0800: 145.757: [Tenured: 349478K->349479K(349568K), 0.0415352 secs] 506711K->400498K(506816K), [Metaspace: 2698K->2698K(1056768K)], 0.0416463 secs] [Times: user=0.04 sys=0.00, real=0.04 secs] 
2021-01-22T19:41:23.328-0800: 145.813: [Full GC (Allocation Failure) 2021-01-22T19:41:23.328-0800: 145.813: [Tenured: 349479K->349560K(349568K), 0.0491489 secs] 506629K->385083K(506816K), [Metaspace: 2698K->2698K(1056768K)], 0.0492528 secs] [Times: user=0.04 sys=0.01, real=0.05 secs] 
2021-01-22T19:41:23.393-0800: 145.877: [Full GC (Allocation Failure) 2021-01-22T19:41:23.393-0800: 145.877: [Tenured: 349560K->349391K(349568K), 0.0411261 secs] 506686K->397066K(506816K), [Metaspace: 2698K->2698K(1056768K)], 0.0412226 secs] [Times: user=0.04 sys=0.00, real=0.04 secs] 
2021-01-22T19:41:23.455-0800: 145.939: [Full GC (Allocation Failure) 2021-01-22T19:41:23.455-0800: 145.939: [Tenured: 349391K->349554K(349568K), 0.0498033 secs] 506496K->399450K(506816K), [Metaspace: 2698K->2698K(1056768K)], 0.0498997 secs] [Times: user=0.04 sys=0.00, real=0.05 secs] 
2021-01-22T19:41:23.524-0800: 146.009: [Full GC (Allocation Failure) 2021-01-22T19:41:23.524-0800: 146.009: [Tenured: 349554K->349476K(349568K), 0.0517393 secs] 506462K->389207K(506816K), [Metaspace: 2698K->2698K(1056768K)], 0.0518401 secs] [Times: user=0.05 sys=0.00, real=0.05 secs] 
2021-01-22T19:41:23.591-0800: 146.076: [Full GC (Allocation Failure) 2021-01-22T19:41:23.591-0800: 146.076: [Tenured: 349476K->349358K(349568K), 0.0517046 secs] 506261K->371952K(506816K), [Metaspace: 2698K->2698K(1056768K)], 0.0518123 secs] [Times: user=0.05 sys=0.00, real=0.05 secs] 
2021-01-22T19:41:23.659-0800: 146.144: [Full GC (Allocation Failure) 2021-01-22T19:41:23.659-0800: 146.144: [Tenured: 349358K->349522K(349568K), 0.0290961 secs] 506466K->392462K(506816K), [Metaspace: 2698K->2698K(1056768K)], 0.0291922 secs] [Times: user=0.03 sys=0.00, real=0.03 secs] 
2021-01-22T19:41:23.702-0800: 146.186: [Full GC (Allocation Failure) 2021-01-22T19:41:23.702-0800: 146.186: [Tenured: 349522K->349473K(349568K), 0.0377448 secs] 506766K->389670K(506816K), [Metaspace: 2698K->2698K(1056768K)], 0.0378468 secs] [Times: user=0.04 sys=0.00, real=0.04 secs] 
2021-01-22T19:41:23.753-0800: 146.238: [Full GC (Allocation Failure) 2021-01-22T19:41:23.753-0800: 146.238: [Tenured: 349492K->349516K(349568K), 0.0408030 secs] 506721K->386799K(506816K), [Metaspace: 2698K->2698K(1056768K)], 0.0409053 secs] [Times: user=0.04 sys=0.00, real=0.04 secs] 
2021-01-22T19:41:23.809-0800: 146.293: [Full GC (Allocation Failure) 2021-01-22T19:41:23.809-0800: 146.293: [Tenured: 349516K->349248K(349568K), 0.0463489 secs] 506755K->367280K(506816K), [Metaspace: 2698K->2698K(1056768K)], 0.0464499 secs] [Times: user=0.05 sys=0.00, real=0.05 secs] 
2021-01-22T19:41:23.871-0800: 146.355: [Full GC (Allocation Failure) 2021-01-22T19:41:23.871-0800: 146.355: [Tenured: 349248K->349488K(349568K), 0.0323832 secs] 506281K->390056K(506816K), [Metaspace: 2698K->2698K(1056768K)], 0.0324876 secs] [Times: user=0.03 sys=0.00, real=0.03 secs] 
2021-01-22T19:41:23.917-0800: 146.402: [Full GC (Allocation Failure) 2021-01-22T19:41:23.917-0800: 146.402: [Tenured: 349488K->349398K(349568K), 0.0389491 secs] 506602K->392784K(506816K), [Metaspace: 2698K->2698K(1056768K)], 0.0390521 secs] [Times: user=0.04 sys=0.00, real=0.04 secs] 
2021-01-22T19:41:23.971-0800: 146.455: [Full GC (Allocation Failure) 2021-01-22T19:41:23.971-0800: 146.455: [Tenured: 349398K->348936K(349568K), 0.0406169 secs] 506503K->393853K(506816K), [Metaspace: 2698K->2698K(1056768K)], 0.0407047 secs] [Times: user=0.04 sys=0.00, real=0.04 secs] 
2021-01-22T19:41:24.025-0800: 146.509: [Full GC (Allocation Failure) 2021-01-22T19:41:24.025-0800: 146.509: [Tenured: 349511K->349321K(349568K), 0.0481814 secs] 506756K->382349K(506816K), [Metaspace: 2698K->2698K(1056768K)], 0.0482837 secs] [Times: user=0.04 sys=0.00, real=0.05 secs] 
2021-01-22T19:41:24.088-0800: 146.572: [Full GC (Allocation Failure) 2021-01-22T19:41:24.088-0800: 146.572: [Tenured: 349364K->349564K(349568K), 0.0324271 secs] 506592K->397836K(506816K), [Metaspace: 2698K->2698K(1056768K)], 0.0325247 secs] [Times: user=0.03 sys=0.00, real=0.04 secs] 
2021-01-22T19:41:24.135-0800: 146.619: [Full GC (Allocation Failure) 2021-01-22T19:41:24.135-0800: 146.619: [Tenured: 349564K->349305K(349568K), 0.0405793 secs] 506530K->400332K(506816K), [Metaspace: 2698K->2698K(1056768K)], 0.0406789 secs] [Times: user=0.04 sys=0.00, real=0.04 secs] 
2021-01-22T19:41:24.191-0800: 146.676: [Full GC (Allocation Failure) 2021-01-22T19:41:24.191-0800: 146.676: [Tenured: 349504K->348849K(349568K), 0.0415245 secs] 506742K->399388K(506816K), [Metaspace: 2698K->2698K(1056768K)], 0.0416452 secs] [Times: user=0.04 sys=0.01, real=0.04 secs] 
2021-01-22T19:41:24.248-0800: 146.733: [Full GC (Allocation Failure) 2021-01-22T19:41:24.248-0800: 146.733: [Tenured: 349399K->349494K(349568K), 0.0500033 secs] 506583K->381479K(506816K), [Metaspace: 2698K->2698K(1056768K)], 0.0501057 secs] [Times: user=0.05 sys=0.00, real=0.05 secs] 
2021-01-22T19:41:24.314-0800: 146.798: [Full GC (Allocation Failure) 2021-01-22T19:41:24.314-0800: 146.798: [Tenured: 349494K->349388K(349568K), 0.0289361 secs] 506728K->396434K(506816K), [Metaspace: 2698K->2698K(1056768K)], 0.0290322 secs] [Times: user=0.03 sys=0.00, real=0.03 secs] 
2021-01-22T19:41:24.357-0800: 146.841: [Full GC (Allocation Failure) 2021-01-22T19:41:24.357-0800: 146.841: [Tenured: 349388K->348838K(349568K), 0.0390170 secs] 506291K->400626K(506816K), [Metaspace: 2698K->2698K(1056768K)], 0.0391361 secs] [Times: user=0.04 sys=0.00, real=0.04 secs] 
2021-01-22T19:41:24.409-0800: 146.894: [Full GC (Allocation Failure) 2021-01-22T19:41:24.409-0800: 146.894: [Tenured: 349419K->349566K(349568K), 0.0411167 secs] 506637K->390166K(506816K), [Metaspace: 2698K->2698K(1056768K)], 0.0412230 secs] [Times: user=0.04 sys=0.00, real=0.05 secs] 
2021-01-22T19:41:24.465-0800: 146.949: [Full GC (Allocation Failure) 2021-01-22T19:41:24.465-0800: 146.949: [Tenured: 349566K->349535K(349568K), 0.0475179 secs] 506676K->378240K(506816K), [Metaspace: 2698K->2698K(1056768K)], 0.0476143 secs] [Times: user=0.05 sys=0.00, real=0.05 secs] 
2021-01-22T19:41:24.527-0800: 147.012: [Full GC (Allocation Failure) 2021-01-22T19:41:24.527-0800: 147.012: [Tenured: 349535K->349242K(349568K), 0.0292833 secs] 506745K->391382K(506816K), [Metaspace: 2698K->2698K(1056768K)], 0.0293865 secs] [Times: user=0.03 sys=0.00, real=0.03 secs] 
2021-01-22T19:41:24.571-0800: 147.055: [Full GC (Allocation Failure) 2021-01-22T19:41:24.571-0800: 147.055: [Tenured: 349242K->349272K(349568K), 0.0390209 secs] 506065K->391026K(506816K), [Metaspace: 2698K->2698K(1056768K)], 0.0391156 secs] [Times: user=0.04 sys=0.00, real=0.04 secs] 
2021-01-22T19:41:24.624-0800: 147.108: [Full GC (Allocation Failure) 2021-01-22T19:41:24.624-0800: 147.108: [Tenured: 349272K->349538K(349568K), 0.0416358 secs] 506107K->387640K(506816K), [Metaspace: 2698K->2698K(1056768K)], 0.0417547 secs] [Times: user=0.04 sys=0.00, real=0.04 secs] 
2021-01-22T19:41:24.681-0800: 147.165: [Full GC (Allocation Failure) 2021-01-22T19:41:24.681-0800: 147.165: [Tenured: 349538K->349422K(349568K), 0.0619324 secs] 506784K->372600K(506816K), [Metaspace: 2698K->2698K(1056768K)], 0.0620436 secs] [Times: user=0.06 sys=0.00, real=0.06 secs] 
2021-01-22T19:41:24.767-0800: 147.252: [Full GC (Allocation Failure) 2021-01-22T19:41:24.767-0800: 147.252: [Tenured: 349530K->349385K(349568K), 0.0372849 secs] 506758K->391284K(506816K), [Metaspace: 2698K->2698K(1056768K)], 0.0373804 secs] [Times: user=0.04 sys=0.00, real=0.04 secs] 
2021-01-22T19:41:24.820-0800: 147.305: [Full GC (Allocation Failure) 2021-01-22T19:41:24.821-0800: 147.305: [Tenured: 349561K->349184K(349568K), 0.0385849 secs] 506747K->392801K(506816K), [Metaspace: 2698K->2698K(1056768K)], 0.0386856 secs] [Times: user=0.04 sys=0.00, real=0.03 secs] 
2021-01-22T19:41:24.873-0800: 147.357: [Full GC (Allocation Failure) 2021-01-22T19:41:24.873-0800: 147.357: [Tenured: 349184K->349546K(349568K), 0.0388843 secs] 506273K->393285K(506816K), [Metaspace: 2698K->2698K(1056768K)], 0.0389881 secs] [Times: user=0.04 sys=0.00, real=0.04 secs] 
2021-01-22T19:41:24.926-0800: 147.410: [Full GC (Allocation Failure) 2021-01-22T19:41:24.926-0800: 147.410: [Tenured: 349546K->349352K(349568K), 0.0491893 secs] 506715K->378176K(506816K), [Metaspace: 2698K->2698K(1056768K)], 0.0492933 secs] [Times: user=0.04 sys=0.00, real=0.05 secs] 
2021-01-22T19:41:24.991-0800: 147.475: [Full GC (Allocation Failure) 2021-01-22T19:41:24.991-0800: 147.475: [Tenured: 349427K->349454K(349568K), 0.0306755 secs] 506674K->389810K(506816K), [Metaspace: 2698K->2698K(1056768K)], 0.0307722 secs] [Times: user=0.03 sys=0.00, real=0.03 secs] 
2021-01-22T19:41:25.036-0800: 147.520: [Full GC (Allocation Failure) 2021-01-22T19:41:25.036-0800: 147.520: [Tenured: 349454K->349553K(349568K), 0.0394463 secs] 506468K->388561K(506816K), [Metaspace: 2698K->2698K(1056768K)], 0.0395517 secs] [Times: user=0.04 sys=0.01, real=0.04 secs] 
2021-01-22T19:41:25.089-0800: 147.573: [Full GC (Allocation Failure) 2021-01-22T19:41:25.089-0800: 147.573: [Tenured: 349553K->349246K(349568K), 0.0411375 secs] 506763K->389989K(506816K), [Metaspace: 2698K->2698K(1056768K)], 0.0412433 secs] [Times: user=0.04 sys=0.00, real=0.05 secs] 
2021-01-22T19:41:25.144-0800: 147.628: [Full GC (Allocation Failure) 2021-01-22T19:41:25.144-0800: 147.628: [Tenured: 349547K->349104K(349568K), 0.0471732 secs] 506595K->371011K(506816K), [Metaspace: 2698K->2698K(1056768K)], 0.0472724 secs] [Times: user=0.04 sys=0.00, real=0.05 secs] 
2021-01-22T19:41:25.208-0800: 147.692: [Full GC (Allocation Failure) 2021-01-22T19:41:25.208-0800: 147.692: [Tenured: 349280K->349409K(349568K), 0.0315476 secs] 506381K->387406K(506816K), [Metaspace: 2698K->2698K(1056768K)], 0.0316436 secs] [Times: user=0.03 sys=0.00, real=0.03 secs] 
2021-01-22T19:41:25.254-0800: 147.739: [Full GC (Allocation Failure) 2021-01-22T19:41:25.254-0800: 147.739: [Tenured: 349567K->349315K(349568K), 0.0380327 secs] 506785K->385874K(506816K), [Metaspace: 2698K->2698K(1056768K)], 0.0381393 secs] [Times: user=0.03 sys=0.00, real=0.04 secs] 
2021-01-22T19:41:25.307-0800: 147.792: [Full GC (Allocation Failure) 2021-01-22T19:41:25.307-0800: 147.792: [Tenured: 349315K->349558K(349568K), 0.0427779 secs] 506339K->386999K(506816K), [Metaspace: 2698K->2698K(1056768K)], 0.0428846 secs] [Times: user=0.04 sys=0.00, real=0.05 secs] 
2021-01-22T19:41:25.365-0800: 147.849: [Full GC (Allocation Failure) 2021-01-22T19:41:25.365-0800: 147.849: [Tenured: 349558K->349026K(349568K), 0.0495259 secs] 506589K->372004K(506816K), [Metaspace: 2698K->2698K(1056768K)], 0.0496329 secs] [Times: user=0.05 sys=0.00, real=0.05 secs] 
2021-01-22T19:41:25.431-0800: 147.916: [Full GC (Allocation Failure) 2021-01-22T19:41:25.431-0800: 147.916: [Tenured: 349471K->349312K(349568K), 0.0247319 secs] 506713K->396777K(506816K), [Metaspace: 2698K->2698K(1056768K)], 0.0248610 secs] [Times: user=0.02 sys=0.00, real=0.02 secs] 
2021-01-22T19:41:25.469-0800: 147.954: [Full GC (Allocation Failure) 2021-01-22T19:41:25.469-0800: 147.954: [Tenured: 349312K->349510K(349568K), 0.0390474 secs] 505838K->398846K(506816K), [Metaspace: 2698K->2698K(1056768K)], 0.0391531 secs] [Times: user=0.04 sys=0.00, real=0.04 secs] 
2021-01-22T19:41:25.521-0800: 148.006: [Full GC (Allocation Failure) 2021-01-22T19:41:25.521-0800: 148.006: [Tenured: 349510K->349407K(349568K), 0.0414487 secs] 506530K->400887K(506816K), [Metaspace: 2698K->2698K(1056768K)], 0.0415721 secs] [Times: user=0.04 sys=0.00, real=0.04 secs] 
2021-01-22T19:41:25.576-0800: 148.061: [Full GC (Allocation Failure) 2021-01-22T19:41:25.576-0800: 148.061: [Tenured: 349407K->349562K(349568K), 0.0485656 secs] 506401K->383908K(506816K), [Metaspace: 2698K->2698K(1056768K)], 0.0486701 secs] [Times: user=0.05 sys=0.00, real=0.05 secs] 
2021-01-22T19:41:25.641-0800: 148.125: [Full GC (Allocation Failure) 2021-01-22T19:41:25.641-0800: 148.125: [Tenured: 349562K->349405K(349568K), 0.0315491 secs] 506704K->396026K(506816K), [Metaspace: 2698K->2698K(1056768K)], 0.0316534 secs] [Times: user=0.03 sys=0.00, real=0.03 secs] 
2021-01-22T19:41:25.686-0800: 148.171: [Full GC (Allocation Failure) 2021-01-22T19:41:25.686-0800: 148.171: [Tenured: 349405K->348882K(349568K), 0.0396068 secs] 506474K->395793K(506816K), [Metaspace: 2698K->2698K(1056768K)], 0.0397109 secs] [Times: user=0.04 sys=0.00, real=0.04 secs] 
2021-01-22T19:41:25.740-0800: 148.225: [Full GC (Allocation Failure) 2021-01-22T19:41:25.740-0800: 148.225: [Tenured: 349058K->349475K(349568K), 0.0395113 secs] 506197K->399852K(506816K), [Metaspace: 2698K->2698K(1056768K)], 0.0396246 secs] [Times: user=0.04 sys=0.00, real=0.04 secs] 
2021-01-22T19:41:25.793-0800: 148.278: [Full GC (Allocation Failure) 2021-01-22T19:41:25.793-0800: 148.278: [Tenured: 349475K->349165K(349568K), 0.0483025 secs] 506270K->381465K(506816K), [Metaspace: 2698K->2698K(1056768K)], 0.0484081 secs] [Times: user=0.05 sys=0.00, real=0.05 secs] 
2021-01-22T19:41:25.857-0800: 148.342: [Full GC (Allocation Failure) 2021-01-22T19:41:25.857-0800: 148.342: [Tenured: 349165K->349378K(349568K), 0.0260175 secs] 505846K->403160K(506816K), [Metaspace: 2698K->2698K(1056768K)], 0.0261256 secs] [Times: user=0.03 sys=0.00, real=0.03 secs] 
2021-01-22T19:41:25.897-0800: 148.381: [Full GC (Allocation Failure) 2021-01-22T19:41:25.897-0800: 148.381: [Tenured: 349559K->349521K(349568K), 0.0375332 secs] 506781K->405811K(506816K), [Metaspace: 2698K->2698K(1056768K)], 0.0376311 secs] [Times: user=0.04 sys=0.00, real=0.04 secs] 
2021-01-22T19:41:25.946-0800: 148.431: [Full GC (Allocation Failure) 2021-01-22T19:41:25.947-0800: 148.431: [Tenured: 349521K->349359K(349568K), 0.0419850 secs] 506706K->406624K(506816K), [Metaspace: 2698K->2698K(1056768K)], 0.0420833 secs] [Times: user=0.04 sys=0.00, real=0.04 secs] 
2021-01-22T19:41:26.000-0800: 148.485: [Full GC (Allocation Failure) 2021-01-22T19:41:26.001-0800: 148.485: [Tenured: 349359K->349076K(349568K), 0.0483069 secs] 506373K->386911K(506816K), [Metaspace: 2698K->2698K(1056768K)], 0.0484319 secs] [Times: user=0.04 sys=0.01, real=0.04 secs] 
2021-01-22T19:41:26.063-0800: 148.548: [Full GC (Allocation Failure) 2021-01-22T19:41:26.063-0800: 148.548: [Tenured: 349503K->349104K(349568K), 0.0298976 secs] 506745K->405585K(506816K), [Metaspace: 2698K->2698K(1056768K)], 0.0300033 secs] [Times: user=0.03 sys=0.00, real=0.03 secs] 
2021-01-22T19:41:26.106-0800: 148.591: [Full GC (Allocation Failure) 2021-01-22T19:41:26.106-0800: 148.591: [Tenured: 349431K->349402K(349568K), 0.0417718 secs] 506669K->398730K(506816K), [Metaspace: 2698K->2698K(1056768K)], 0.0418767 secs] [Times: user=0.04 sys=0.00, real=0.04 secs] 
2021-01-22T19:41:26.161-0800: 148.646: [Full GC (Allocation Failure) 2021-01-22T19:41:26.161-0800: 148.646: [Tenured: 349402K->349450K(349568K), 0.0415287 secs] 506440K->397470K(506816K), [Metaspace: 2698K->2698K(1056768K)], 0.0416306 secs] [Times: user=0.04 sys=0.00, real=0.04 secs] 
2021-01-22T19:41:26.217-0800: 148.702: [Full GC (Allocation Failure) 2021-01-22T19:41:26.217-0800: 148.702: [Tenured: 349450K->349224K(349568K), 0.0464104 secs] 506509K->376517K(506816K), [Metaspace: 2698K->2698K(1056768K)], 0.0465083 secs] [Times: user=0.04 sys=0.00, real=0.05 secs] 
2021-01-22T19:41:26.279-0800: 148.763: [Full GC (Allocation Failure) 2021-01-22T19:41:26.279-0800: 148.764: [Tenured: 349494K->349327K(349568K), 0.0313839 secs] 506728K->395348K(506816K), [Metaspace: 2698K->2698K(1056768K)], 0.0314893 secs] [Times: user=0.03 sys=0.00, real=0.04 secs] 
2021-01-22T19:41:26.324-0800: 148.809: [Full GC (Allocation Failure) 2021-01-22T19:41:26.324-0800: 148.809: [Tenured: 349435K->349254K(349568K), 0.0390074 secs] 506681K->397997K(506816K), [Metaspace: 2698K->2698K(1056768K)], 0.0391198 secs] [Times: user=0.04 sys=0.00, real=0.04 secs] 
2021-01-22T19:41:26.375-0800: 148.860: [Full GC (Allocation Failure) 2021-01-22T19:41:26.375-0800: 148.860: [Tenured: 349254K->349459K(349568K), 0.0412426 secs] 506319K->399782K(506816K), [Metaspace: 2698K->2698K(1056768K)], 0.0413445 secs] [Times: user=0.04 sys=0.00, real=0.04 secs] 
2021-01-22T19:41:26.428-0800: 148.913: [Full GC (Allocation Failure) 2021-01-22T19:41:26.428-0800: 148.913: [Tenured: 349459K->349291K(349568K), 0.0477328 secs] 506670K->379625K(506816K), [Metaspace: 2698K->2698K(1056768K)], 0.0478309 secs] [Times: user=0.05 sys=0.00, real=0.05 secs] 
2021-01-22T19:41:26.492-0800: 148.977: [Full GC (Allocation Failure) 2021-01-22T19:41:26.492-0800: 148.977: [Tenured: 349437K->348867K(349568K), 0.0279953 secs] 506671K->399603K(506816K), [Metaspace: 2698K->2698K(1056768K)], 0.0280992 secs] [Times: user=0.02 sys=0.00, real=0.03 secs] 
2021-01-22T19:41:26.534-0800: 149.018: [Full GC (Allocation Failure) 2021-01-22T19:41:26.534-0800: 149.018: [Tenured: 349305K->349269K(349568K), 0.0340403 secs] 506480K->394182K(506816K), [Metaspace: 2698K->2698K(1056768K)], 0.0341440 secs] [Times: user=0.03 sys=0.00, real=0.03 secs] 
2021-01-22T19:41:26.582-0800: 149.066: [Full GC (Allocation Failure) 2021-01-22T19:41:26.582-0800: 149.066: [Tenured: 349556K->349536K(349568K), 0.0397336 secs] 506804K->403034K(506816K), [Metaspace: 2698K->2698K(1056768K)], 0.0398294 secs] [Times: user=0.03 sys=0.00, real=0.04 secs] 
2021-01-22T19:41:26.635-0800: 149.119: [Full GC (Allocation Failure) 2021-01-22T19:41:26.635-0800: 149.119: [Tenured: 349536K->349520K(349568K), 0.0471737 secs] 506761K->382762K(506816K), [Metaspace: 2698K->2698K(1056768K)], 0.0472816 secs] [Times: user=0.04 sys=0.00, real=0.05 secs] 
2021-01-22T19:41:26.697-0800: 149.181: [Full GC (Allocation Failure) 2021-01-22T19:41:26.697-0800: 149.181: [Tenured: 349520K->349536K(349568K), 0.0294686 secs] 506308K->399244K(506816K), [Metaspace: 2698K->2698K(1056768K)], 0.0295666 secs] [Times: user=0.03 sys=0.00, real=0.03 secs] 
2021-01-22T19:41:26.739-0800: 149.224: [Full GC (Allocation Failure) 2021-01-22T19:41:26.739-0800: 149.224: [Tenured: 349536K->349265K(349568K), 0.0369112 secs] 506684K->398113K(506816K), [Metaspace: 2698K->2698K(1056768K)], 0.0370239 secs] [Times: user=0.04 sys=0.00, real=0.04 secs] 
2021-01-22T19:41:26.790-0800: 149.275: [Full GC (Allocation Failure) 2021-01-22T19:41:26.790-0800: 149.275: [Tenured: 349538K->349531K(349568K), 0.0414744 secs] 506785K->395910K(506816K), [Metaspace: 2698K->2698K(1056768K)], 0.0415734 secs] [Times: user=0.04 sys=0.00, real=0.04 secs] 
2021-01-22T19:41:26.845-0800: 149.330: [Full GC (Allocation Failure) 2021-01-22T19:41:26.845-0800: 149.330: [Tenured: 349531K->349457K(349568K), 0.0477139 secs] 506720K->379846K(506816K), [Metaspace: 2698K->2698K(1056768K)], 0.0478177 secs] [Times: user=0.04 sys=0.00, real=0.05 secs] 
2021-01-22T19:41:26.909-0800: 149.394: [Full GC (Allocation Failure) 2021-01-22T19:41:26.909-0800: 149.394: [Tenured: 349457K->349543K(349568K), 0.0284642 secs] 506084K->392398K(506816K), [Metaspace: 2698K->2698K(1056768K)], 0.0285962 secs] [Times: user=0.03 sys=0.00, real=0.03 secs] 
2021-01-22T19:41:26.951-0800: 149.436: [Full GC (Allocation Failure) 2021-01-22T19:41:26.951-0800: 149.436: [Tenured: 349543K->349034K(349568K), 0.0397123 secs] 506397K->393547K(506816K), [Metaspace: 2698K->2698K(1056768K)], 0.0398166 secs] [Times: user=0.04 sys=0.00, real=0.04 secs] 
2021-01-22T19:41:27.004-0800: 149.489: [Full GC (Allocation Failure) 2021-01-22T19:41:27.004-0800: 149.489: [Tenured: 349176K->349526K(349568K), 0.0413325 secs] 506398K->393662K(506816K), [Metaspace: 2698K->2698K(1056768K)], 0.0414366 secs] [Times: user=0.04 sys=0.00, real=0.04 secs] 
2021-01-22T19:41:27.060-0800: 149.545: [Full GC (Allocation Failure) 2021-01-22T19:41:27.060-0800: 149.545: [Tenured: 349526K->348836K(349568K), 0.0473641 secs] 506565K->378643K(506816K), [Metaspace: 2698K->2698K(1056768K)], 0.0474683 secs] [Times: user=0.04 sys=0.01, real=0.04 secs] 
2021-01-22T19:41:27.124-0800: 149.609: [Full GC (Allocation Failure) 2021-01-22T19:41:27.124-0800: 149.609: [Tenured: 349483K->349400K(349568K), 0.0285758 secs] 506649K->394258K(506816K), [Metaspace: 2698K->2698K(1056768K)], 0.0286793 secs] [Times: user=0.03 sys=0.00, real=0.03 secs] 
2021-01-22T19:41:27.166-0800: 149.651: [Full GC (Allocation Failure) 2021-01-22T19:41:27.166-0800: 149.651: [Tenured: 349541K->348809K(349568K), 0.0371846 secs] 506705K->394788K(506816K), [Metaspace: 2698K->2698K(1056768K)], 0.0372973 secs] [Times: user=0.04 sys=0.00, real=0.04 secs] 
2021-01-22T19:41:27.217-0800: 149.702: [Full GC (Allocation Failure) 2021-01-22T19:41:27.217-0800: 149.702: [Tenured: 349474K->349452K(349568K), 0.0401789 secs] 506691K->397127K(506816K), [Metaspace: 2698K->2698K(1056768K)], 0.0402951 secs] [Times: user=0.04 sys=0.00, real=0.04 secs] 
2021-01-22T19:41:27.270-0800: 149.755: [Full GC (Allocation Failure) 2021-01-22T19:41:27.270-0800: 149.755: [Tenured: 349452K->349179K(349568K), 0.0475791 secs] 506634K->383384K(506816K), [Metaspace: 2698K->2698K(1056768K)], 0.0476824 secs] [Times: user=0.05 sys=0.00, real=0.04 secs] 
2021-01-22T19:41:27.334-0800: 149.818: [Full GC (Allocation Failure) 2021-01-22T19:41:27.334-0800: 149.818: [Tenured: 349521K->349395K(349568K), 0.0284172 secs] 506753K->403098K(506816K), [Metaspace: 2698K->2698K(1056768K)], 0.0285225 secs] [Times: user=0.03 sys=0.00, real=0.03 secs] 
2021-01-22T19:41:27.375-0800: 149.859: [Full GC (Allocation Failure) 2021-01-22T19:41:27.375-0800: 149.859: [Tenured: 349395K->349440K(349568K), 0.0382975 secs] 506380K->400682K(506816K), [Metaspace: 2698K->2698K(1056768K)], 0.0383944 secs] [Times: user=0.04 sys=0.00, real=0.04 secs] 
2021-01-22T19:41:27.426-0800: 149.911: [Full GC (Allocation Failure) 2021-01-22T19:41:27.426-0800: 149.911: [Tenured: 349440K->349214K(349568K), 0.0399285 secs] 506645K->401701K(506816K), [Metaspace: 2698K->2698K(1056768K)], 0.0400339 secs] [Times: user=0.04 sys=0.00, real=0.04 secs] 
2021-01-22T19:41:27.480-0800: 149.965: [Full GC (Allocation Failure) 2021-01-22T19:41:27.480-0800: 149.965: [Tenured: 349430K->349334K(349568K), 0.0474649 secs] 506615K->383362K(506816K), [Metaspace: 2698K->2698K(1056768K)], 0.0475614 secs] [Times: user=0.05 sys=0.00, real=0.04 secs] 
2021-01-22T19:41:27.542-0800: 150.027: [Full GC (Allocation Failure) 2021-01-22T19:41:27.542-0800: 150.027: [Tenured: 349334K->349549K(349568K), 0.0257952 secs] 506509K->400073K(506816K), [Metaspace: 2698K->2698K(1056768K)], 0.0258937 secs] [Times: user=0.03 sys=0.00, real=0.02 secs] 
2021-01-22T19:41:27.581-0800: 150.066: [Full GC (Allocation Failure) 2021-01-22T19:41:27.581-0800: 150.066: [Tenured: 349549K->349205K(349568K), 0.0362214 secs] 506681K->398722K(506816K), [Metaspace: 2698K->2698K(1056768K)], 0.0363603 secs] [Times: user=0.04 sys=0.00, real=0.03 secs] 
2021-01-22T19:41:27.631-0800: 150.116: [Full GC (Allocation Failure) 2021-01-22T19:41:27.631-0800: 150.116: [Tenured: 349349K->349444K(349568K), 0.0394162 secs] 506588K->401001K(506816K), [Metaspace: 2698K->2698K(1056768K)], 0.0395173 secs] [Times: user=0.04 sys=0.00, real=0.04 secs] 
2021-01-22T19:41:27.684-0800: 150.168: [Full GC (Allocation Failure) 2021-01-22T19:41:27.684-0800: 150.168: [Tenured: 349444K->349525K(349568K), 0.0478020 secs] 506183K->385479K(506816K), [Metaspace: 2698K->2698K(1056768K)], 0.0479080 secs] [Times: user=0.05 sys=0.00, real=0.05 secs] 
2021-01-22T19:41:27.747-0800: 150.232: [Full GC (Allocation Failure) 2021-01-22T19:41:27.747-0800: 150.232: [Tenured: 349561K->349264K(349568K), 0.0305582 secs] 506776K->393397K(506816K), [Metaspace: 2698K->2698K(1056768K)], 0.0306586 secs] [Times: user=0.03 sys=0.00, real=0.03 secs] 
2021-01-22T19:41:27.792-0800: 150.277: [Full GC (Allocation Failure) 2021-01-22T19:41:27.792-0800: 150.277: [Tenured: 349264K->349325K(349568K), 0.0389644 secs] 506129K->396359K(506816K), [Metaspace: 2698K->2698K(1056768K)], 0.0390804 secs] [Times: user=0.04 sys=0.00, real=0.04 secs] 
2021-01-22T19:41:27.845-0800: 150.330: [Full GC (Allocation Failure) 2021-01-22T19:41:27.845-0800: 150.330: [Tenured: 349325K->349318K(349568K), 0.0411097 secs] 506415K->398745K(506816K), [Metaspace: 2698K->2698K(1056768K)], 0.0412324 secs] [Times: user=0.04 sys=0.00, real=0.04 secs] 
2021-01-22T19:41:27.899-0800: 150.384: [Full GC (Allocation Failure) 2021-01-22T19:41:27.899-0800: 150.384: [Tenured: 349462K->349538K(349568K), 0.0465886 secs] 506640K->375366K(506816K), [Metaspace: 2698K->2698K(1056768K)], 0.0466878 secs] [Times: user=0.04 sys=0.00, real=0.05 secs] 
2021-01-22T19:41:27.963-0800: 150.448: [Full GC (Allocation Failure) 2021-01-22T19:41:27.963-0800: 150.448: [Tenured: 349538K->349520K(349568K), 0.0311225 secs] 506580K->381591K(506816K), [Metaspace: 2698K->2698K(1056768K)], 0.0312228 secs] [Times: user=0.03 sys=0.00, real=0.03 secs] 
2021-01-22T19:41:28.009-0800: 150.494: [Full GC (Allocation Failure) 2021-01-22T19:41:28.009-0800: 150.494: [Tenured: 349538K->349562K(349568K), 0.0388610 secs] 506781K->384374K(506816K), [Metaspace: 2698K->2698K(1056768K)], 0.0389581 secs] [Times: user=0.04 sys=0.00, real=0.04 secs] 
2021-01-22T19:41:28.063-0800: 150.547: [Full GC (Allocation Failure) 2021-01-22T19:41:28.063-0800: 150.547: [Tenured: 349562K->349510K(349568K), 0.0409623 secs] 506739K->382365K(506816K), [Metaspace: 2698K->2698K(1056768K)], 0.0410681 secs] [Times: user=0.04 sys=0.00, real=0.04 secs] 
2021-01-22T19:41:28.119-0800: 150.603: [Full GC (Allocation Failure) 2021-01-22T19:41:28.119-0800: 150.603: [Tenured: 349510K->349276K(349568K), 0.0455881 secs] 506708K->366994K(506816K), [Metaspace: 2698K->2698K(1056768K)], 0.0456862 secs] [Times: user=0.05 sys=0.00, real=0.05 secs] 
2021-01-22T19:41:28.181-0800: 150.666: [Full GC (Allocation Failure) 2021-01-22T19:41:28.181-0800: 150.666: [Tenured: 349465K->349287K(349568K), 0.0339677 secs] 506676K->386249K(506816K), [Metaspace: 2698K->2698K(1056768K)], 0.0340735 secs] [Times: user=0.04 sys=0.01, real=0.03 secs] 
2021-01-22T19:41:28.231-0800: 150.716: [Full GC (Allocation Failure) 2021-01-22T19:41:28.231-0800: 150.716: [Tenured: 349488K->349505K(349568K), 0.0385974 secs] 506639K->384233K(506816K), [Metaspace: 2698K->2698K(1056768K)], 0.0386944 secs] [Times: user=0.04 sys=0.00, real=0.04 secs] 
2021-01-22T19:41:28.284-0800: 150.768: [Full GC (Allocation Failure) 2021-01-22T19:41:28.284-0800: 150.768: [Tenured: 349505K->349176K(349568K), 0.0395111 secs] 506707K->380227K(506816K), [Metaspace: 2698K->2698K(1056768K)], 0.0396165 secs] [Times: user=0.03 sys=0.00, real=0.04 secs] 
2021-01-22T19:41:28.339-0800: 150.824: [Full GC (Allocation Failure) 2021-01-22T19:41:28.339-0800: 150.824: [Tenured: 349482K->349562K(349568K), 0.0452865 secs] 506724K->364833K(506816K), [Metaspace: 2698K->2698K(1056768K)], 0.0453922 secs] [Times: user=0.05 sys=0.00, real=0.05 secs] 
2021-01-22T19:41:28.402-0800: 150.886: [Full GC (Allocation Failure) 2021-01-22T19:41:28.402-0800: 150.886: [Tenured: 349562K->348980K(349568K), 0.0281834 secs] 506562K->388492K(506816K), [Metaspace: 2698K->2698K(1056768K)], 0.0282851 secs] [Times: user=0.03 sys=0.00, real=0.03 secs] 
2021-01-22T19:41:28.445-0800: 150.930: [Full GC (Allocation Failure) 2021-01-22T19:41:28.445-0800: 150.930: [Tenured: 349557K->349304K(349568K), 0.0364156 secs] 506802K->388739K(506816K), [Metaspace: 2698K->2698K(1056768K)], 0.0365150 secs] [Times: user=0.03 sys=0.00, real=0.04 secs] 
2021-01-22T19:41:28.497-0800: 150.981: [Full GC (Allocation Failure) 2021-01-22T19:41:28.497-0800: 150.981: [Tenured: 349520K->349389K(349568K), 0.0396939 secs] 506717K->390889K(506816K), [Metaspace: 2698K->2698K(1056768K)], 0.0397908 secs] [Times: user=0.04 sys=0.00, real=0.04 secs] 
2021-01-22T19:41:28.551-0800: 151.036: [Full GC (Allocation Failure) 2021-01-22T19:41:28.551-0800: 151.036: [Tenured: 349389K->349498K(349568K), 0.0463012 secs] 506293K->372533K(506816K), [Metaspace: 2698K->2698K(1056768K)], 0.0464075 secs] [Times: user=0.05 sys=0.00, real=0.04 secs] 
2021-01-22T19:41:28.614-0800: 151.099: [Full GC (Allocation Failure) 2021-01-22T19:41:28.614-0800: 151.099: [Tenured: 349498K->349493K(349568K), 0.0317259 secs] 506730K->388942K(506816K), [Metaspace: 2698K->2698K(1056768K)], 0.0318296 secs] [Times: user=0.03 sys=0.00, real=0.03 secs] 
2021-01-22T19:41:28.660-0800: 151.145: [Full GC (Allocation Failure) 2021-01-22T19:41:28.661-0800: 151.145: [Tenured: 349493K->349502K(349568K), 0.0381301 secs] 506715K->391890K(506816K), [Metaspace: 2698K->2698K(1056768K)], 0.0382301 secs] [Times: user=0.04 sys=0.00, real=0.03 secs] 
2021-01-22T19:41:28.712-0800: 151.197: [Full GC (Allocation Failure) 2021-01-22T19:41:28.712-0800: 151.197: [Tenured: 349502K->348968K(349568K), 0.0414161 secs] 506713K->391941K(506816K), [Metaspace: 2698K->2698K(1056768K)], 0.0415274 secs] [Times: user=0.04 sys=0.00, real=0.04 secs] 
2021-01-22T19:41:28.768-0800: 151.253: [Full GC (Allocation Failure) 2021-01-22T19:41:28.768-0800: 151.253: [Tenured: 349402K->349500K(349568K), 0.0464763 secs] 506588K->371438K(506816K), [Metaspace: 2698K->2698K(1056768K)], 0.0465767 secs] [Times: user=0.05 sys=0.00, real=0.05 secs] 
2021-01-22T19:41:28.831-0800: 151.316: [Full GC (Allocation Failure) 2021-01-22T19:41:28.831-0800: 151.316: [Tenured: 349500K->349355K(349568K), 0.0298371 secs] 506712K->394815K(506816K), [Metaspace: 2698K->2698K(1056768K)], 0.0299377 secs] [Times: user=0.03 sys=0.00, real=0.03 secs] 
2021-01-22T19:41:28.874-0800: 151.359: [Full GC (Allocation Failure) 2021-01-22T19:41:28.875-0800: 151.359: [Tenured: 349476K->349562K(349568K), 0.0386772 secs] 506635K->396600K(506816K), [Metaspace: 2698K->2698K(1056768K)], 0.0387898 secs] [Times: user=0.04 sys=0.00, real=0.04 secs] 
2021-01-22T19:41:28.927-0800: 151.412: [Full GC (Allocation Failure) 2021-01-22T19:41:28.927-0800: 151.412: [Tenured: 349562K->349505K(349568K), 0.0403265 secs] 506781K->394602K(506816K), [Metaspace: 2698K->2698K(1056768K)], 0.0404311 secs] [Times: user=0.04 sys=0.00, real=0.04 secs] 
2021-01-22T19:41:28.982-0800: 151.467: [Full GC (Allocation Failure) 2021-01-22T19:41:28.982-0800: 151.467: [Tenured: 349505K->349172K(349568K), 0.0472361 secs] 506290K->379451K(506816K), [Metaspace: 2698K->2698K(1056768K)], 0.0473327 secs] [Times: user=0.04 sys=0.00, real=0.05 secs] 
2021-01-22T19:41:29.045-0800: 151.529: [Full GC (Allocation Failure) 2021-01-22T19:41:29.045-0800: 151.530: [Tenured: 349259K->349562K(349568K), 0.0264900 secs] 506477K->397993K(506816K), [Metaspace: 2698K->2698K(1056768K)], 0.0265876 secs] [Times: user=0.02 sys=0.00, real=0.03 secs] 
2021-01-22T19:41:29.085-0800: 151.570: [Full GC (Allocation Failure) 2021-01-22T19:41:29.085-0800: 151.570: [Tenured: 349562K->349247K(349568K), 0.0387275 secs] 506702K->397136K(506816K), [Metaspace: 2698K->2698K(1056768K)], 0.0388329 secs] [Times: user=0.04 sys=0.00, real=0.04 secs] 
2021-01-22T19:41:29.139-0800: 151.624: [Full GC (Allocation Failure) 2021-01-22T19:41:29.139-0800: 151.624: [Tenured: 349441K->349524K(349568K), 0.0433325 secs] 506621K->402103K(506816K), [Metaspace: 2698K->2698K(1056768K)], 0.0434292 secs] [Times: user=0.04 sys=0.00, real=0.05 secs] 
2021-01-22T19:41:29.196-0800: 151.680: [Full GC (Allocation Failure) 2021-01-22T19:41:29.196-0800: 151.680: [Tenured: 349524K->349510K(349568K), 0.0473985 secs] 506705K->388297K(506816K), [Metaspace: 2698K->2698K(1056768K)], 0.0475032 secs] [Times: user=0.04 sys=0.01, real=0.05 secs] 
2021-01-22T19:41:29.257-0800: 151.742: [Full GC (Allocation Failure) 2021-01-22T19:41:29.257-0800: 151.742: [Tenured: 349510K->349119K(349568K), 0.0276493 secs] 506593K->404314K(506816K), [Metaspace: 2698K->2698K(1056768K)], 0.0277516 secs] [Times: user=0.02 sys=0.00, real=0.03 secs] 
2021-01-22T19:41:29.298-0800: 151.783: [Full GC (Allocation Failure) 2021-01-22T19:41:29.298-0800: 151.783: [Tenured: 349554K->349088K(349568K), 0.0380384 secs] 506787K->404403K(506816K), [Metaspace: 2698K->2698K(1056768K)], 0.0381359 secs] [Times: user=0.03 sys=0.00, real=0.04 secs] 
2021-01-22T19:41:29.349-0800: 151.834: [Full GC (Allocation Failure) 2021-01-22T19:41:29.349-0800: 151.834: [Tenured: 349466K->349419K(349568K), 0.0409971 secs] 506435K->402987K(506816K), [Metaspace: 2698K->2698K(1056768K)], 0.0411044 secs] [Times: user=0.04 sys=0.00, real=0.05 secs] 
2021-01-22T19:41:29.402-0800: 151.887: [Full GC (Allocation Failure) 2021-01-22T19:41:29.402-0800: 151.887: [Tenured: 349419K->349283K(349568K), 0.0481425 secs] 506446K->385925K(506816K), [Metaspace: 2698K->2698K(1056768K)], 0.0482437 secs] [Times: user=0.05 sys=0.00, real=0.05 secs] 
2021-01-22T19:41:29.465-0800: 151.950: [Full GC (Allocation Failure) 2021-01-22T19:41:29.465-0800: 151.950: [Tenured: 349283K->348916K(349568K), 0.0293816 secs] 506453K->397655K(506816K), [Metaspace: 2698K->2698K(1056768K)], 0.0294871 secs] [Times: user=0.03 sys=0.00, real=0.03 secs] 
2021-01-22T19:41:29.508-0800: 151.993: [Full GC (Allocation Failure) 2021-01-22T19:41:29.508-0800: 151.993: [Tenured: 349566K->349050K(349568K), 0.0378210 secs] 506811K->395039K(506816K), [Metaspace: 2698K->2698K(1056768K)], 0.0379378 secs] [Times: user=0.04 sys=0.00, real=0.04 secs] 
2021-01-22T19:41:29.559-0800: 152.044: [Full GC (Allocation Failure) 2021-01-22T19:41:29.559-0800: 152.044: [Tenured: 349494K->349535K(349568K), 0.0405294 secs] 506683K->387688K(506816K), [Metaspace: 2698K->2698K(1056768K)], 0.0406321 secs] [Times: user=0.04 sys=0.00, real=0.04 secs] 
2021-01-22T19:41:29.615-0800: 152.100: [Full GC (Allocation Failure) 2021-01-22T19:41:29.615-0800: 152.100: [Tenured: 349535K->349018K(349568K), 0.0459043 secs] 506705K->368439K(506816K), [Metaspace: 2698K->2698K(1056768K)], 0.0460067 secs] [Times: user=0.04 sys=0.00, real=0.05 secs] 
2021-01-22T19:41:29.678-0800: 152.163: [Full GC (Allocation Failure) 2021-01-22T19:41:29.678-0800: 152.163: [Tenured: 349557K->349253K(349568K), 0.0270307 secs] 506797K->385508K(506816K), [Metaspace: 2698K->2698K(1056768K)], 0.0271301 secs] [Times: user=0.03 sys=0.00, real=0.03 secs] 
2021-01-22T19:41:29.719-0800: 152.204: [Full GC (Allocation Failure) 2021-01-22T19:41:29.719-0800: 152.204: [Tenured: 349253K->349518K(349568K), 0.0372600 secs] 506224K->388683K(506816K), [Metaspace: 2698K->2698K(1056768K)], 0.0373573 secs] [Times: user=0.04 sys=0.00, real=0.04 secs] 
2021-01-22T19:41:29.771-0800: 152.255: [Full GC (Allocation Failure) 2021-01-22T19:41:29.771-0800: 152.255: [Tenured: 349518K->349338K(349568K), 0.0408621 secs] 506635K->389501K(506816K), [Metaspace: 2698K->2698K(1056768K)], 0.0409737 secs] [Times: user=0.04 sys=0.00, real=0.04 secs] 
2021-01-22T19:41:29.825-0800: 152.309: [Full GC (Allocation Failure) 2021-01-22T19:41:29.825-0800: 152.310: [Tenured: 349338K->349390K(349568K), 0.0453579 secs] 505918K->372633K(506816K), [Metaspace: 2698K->2698K(1056768K)], 0.0454582 secs] [Times: user=0.04 sys=0.00, real=0.05 secs] 
2021-01-22T19:41:29.886-0800: 152.371: [Full GC (Allocation Failure) 2021-01-22T19:41:29.886-0800: 152.371: [Tenured: 349525K->349264K(349568K), 0.0310411 secs] 506771K->388074K(506816K), [Metaspace: 2698K->2698K(1056768K)], 0.0311504 secs] [Times: user=0.03 sys=0.00, real=0.03 secs] 
2021-01-22T19:41:29.932-0800: 152.416: [Full GC (Allocation Failure) 2021-01-22T19:41:29.932-0800: 152.416: [Tenured: 349264K->349398K(349568K), 0.0371620 secs] 506284K->389407K(506816K), [Metaspace: 2698K->2698K(1056768K)], 0.0372624 secs] [Times: user=0.04 sys=0.00, real=0.03 secs] 
2021-01-22T19:41:29.983-0800: 152.468: [Full GC (Allocation Failure) 2021-01-22T19:41:29.983-0800: 152.468: [Tenured: 349455K->349445K(349568K), 0.0390356 secs] 506662K->385760K(506816K), [Metaspace: 2698K->2698K(1056768K)], 0.0391372 secs] [Times: user=0.04 sys=0.00, real=0.04 secs] 
2021-01-22T19:41:30.036-0800: 152.521: [Full GC (Allocation Failure) 2021-01-22T19:41:30.037-0800: 152.521: [Tenured: 349445K->349465K(349568K), 0.0470822 secs] 506591K->373152K(506816K), [Metaspace: 2698K->2698K(1056768K)], 0.0471905 secs] [Times: user=0.04 sys=0.00, real=0.05 secs] 
2021-01-22T19:41:30.100-0800: 152.585: [Full GC (Allocation Failure) 2021-01-22T19:41:30.100-0800: 152.585: [Tenured: 349465K->349487K(349568K), 0.0302322 secs] 506607K->392343K(506816K), [Metaspace: 2698K->2698K(1056768K)], 0.0303333 secs] [Times: user=0.03 sys=0.00, real=0.03 secs] 
2021-01-22T19:41:30.144-0800: 152.628: [Full GC (Allocation Failure) 2021-01-22T19:41:30.144-0800: 152.628: [Tenured: 349487K->349147K(349568K), 0.0375887 secs] 506232K->395958K(506816K), [Metaspace: 2698K->2698K(1056768K)], 0.0376944 secs] [Times: user=0.04 sys=0.00, real=0.04 secs] 
2021-01-22T19:41:30.195-0800: 152.679: [Full GC (Allocation Failure) 2021-01-22T19:41:30.195-0800: 152.679: [Tenured: 349147K->349542K(349568K), 0.0446756 secs] 505888K->396910K(506816K), [Metaspace: 2698K->2698K(1056768K)], 0.0447775 secs] [Times: user=0.05 sys=0.00, real=0.04 secs] 
2021-01-22T19:41:30.253-0800: 152.737: [Full GC (Allocation Failure) 2021-01-22T19:41:30.253-0800: 152.737: [Tenured: 349542K->349150K(349568K), 0.0474136 secs] 506269K->377871K(506816K), [Metaspace: 2698K->2698K(1056768K)], 0.0475219 secs] [Times: user=0.05 sys=0.00, real=0.05 secs] 
2021-01-22T19:41:30.316-0800: 152.801: [Full GC (Allocation Failure) 2021-01-22T19:41:30.316-0800: 152.801: [Tenured: 349438K->349546K(349568K), 0.0285950 secs] 506595K->390971K(506816K), [Metaspace: 2698K->2698K(1056768K)], 0.0286989 secs] [Times: user=0.03 sys=0.00, real=0.03 secs] 
2021-01-22T19:41:30.359-0800: 152.844: [Full GC (Allocation Failure) 2021-01-22T19:41:30.359-0800: 152.844: [Tenured: 349546K->349526K(349568K), 0.0370640 secs] 506778K->387755K(506816K), [Metaspace: 2698K->2698K(1056768K)], 0.0371689 secs] [Times: user=0.03 sys=0.00, real=0.04 secs] 
2021-01-22T19:41:30.410-0800: 152.895: [Full GC (Allocation Failure) 2021-01-22T19:41:30.411-0800: 152.895: [Tenured: 349562K->349374K(349568K), 0.0399684 secs] 506775K->379417K(506816K), [Metaspace: 2698K->2698K(1056768K)], 0.0400661 secs] [Times: user=0.04 sys=0.00, real=0.04 secs] 
2021-01-22T19:41:30.467-0800: 152.952: [Full GC (Allocation Failure) 2021-01-22T19:41:30.467-0800: 152.952: [Tenured: 349374K->349338K(349568K), 0.0451044 secs] 506618K->362571K(506816K), [Metaspace: 2698K->2698K(1056768K)], 0.0452171 secs] [Times: user=0.05 sys=0.00, real=0.05 secs] 
2021-01-22T19:41:30.534-0800: 153.019: [Full GC (Allocation Failure) 2021-01-22T19:41:30.534-0800: 153.019: [Tenured: 349338K->348905K(349568K), 0.0359160 secs] 506242K->380524K(506816K), [Metaspace: 2698K->2698K(1056768K)], 0.0360123 secs] [Times: user=0.03 sys=0.01, real=0.04 secs] 
2021-01-22T19:41:30.590-0800: 153.075: [Full GC (Allocation Failure) 2021-01-22T19:41:30.591-0800: 153.075: [Tenured: 349525K->348962K(349568K), 0.0522146 secs] 506761K->378716K(506816K), [Metaspace: 2698K->2698K(1056768K)], 0.0523359 secs] [Times: user=0.05 sys=0.00, real=0.05 secs] 
2021-01-22T19:41:30.663-0800: 153.147: [Full GC (Allocation Failure) 2021-01-22T19:41:30.663-0800: 153.148: [Tenured: 348962K->349429K(349568K), 0.0499256 secs] 506126K->383043K(506816K), [Metaspace: 2698K->2698K(1056768K)], 0.0500391 secs] [Times: user=0.05 sys=0.00, real=0.05 secs] 
2021-01-22T19:41:30.732-0800: 153.217: [Full GC (Allocation Failure) 2021-01-22T19:41:30.733-0800: 153.217: [Tenured: 349555K->349264K(349568K), 0.0485777 secs] 506734K->374475K(506816K), [Metaspace: 2698K->2698K(1056768K)], 0.0488225 secs] [Times: user=0.04 sys=0.00, real=0.05 secs] 
2021-01-22T19:41:30.798-0800: 153.283: [Full GC (Allocation Failure) 2021-01-22T19:41:30.798-0800: 153.283: [Tenured: 349264K->349526K(349568K), 0.0265076 secs] 506477K->389695K(506816K), [Metaspace: 2698K->2698K(1056768K)], 0.0266120 secs] [Times: user=0.03 sys=0.00, real=0.03 secs] 
2021-01-22T19:41:30.838-0800: 153.323: [Full GC (Allocation Failure) 2021-01-22T19:41:30.838-0800: 153.323: [Tenured: 349526K->349516K(349568K), 0.0354666 secs] 506692K->390785K(506816K), [Metaspace: 2698K->2698K(1056768K)], 0.0355735 secs] [Times: user=0.04 sys=0.00, real=0.04 secs] 
2021-01-22T19:41:30.888-0800: 153.373: [Full GC (Allocation Failure) 2021-01-22T19:41:30.888-0800: 153.373: [Tenured: 349516K->349216K(349568K), 0.0394679 secs] 506740K->397866K(506816K), [Metaspace: 2698K->2698K(1056768K)], 0.0395831 secs] [Times: user=0.04 sys=0.00, real=0.04 secs] 
2021-01-22T19:41:30.941-0800: 153.426: [Full GC (Allocation Failure) 2021-01-22T19:41:30.941-0800: 153.426: [Tenured: 349501K->349537K(349568K), 0.0477502 secs] 506700K->384509K(506816K), [Metaspace: 2698K->2698K(1056768K)], 0.0478867 secs] [Times: user=0.05 sys=0.00, real=0.04 secs] 
2021-01-22T19:41:31.004-0800: 153.488: [Full GC (Allocation Failure) 2021-01-22T19:41:31.004-0800: 153.488: [Tenured: 349537K->349372K(349568K), 0.0271990 secs] 506413K->401951K(506816K), [Metaspace: 2698K->2698K(1056768K)], 0.0273020 secs] [Times: user=0.03 sys=0.00, real=0.03 secs] 
2021-01-22T19:41:31.044-0800: 153.528: [Full GC (Allocation Failure) 2021-01-22T19:41:31.044-0800: 153.529: [Tenured: 349372K->349480K(349568K), 0.0392084 secs] 506093K->403339K(506816K), [Metaspace: 2698K->2698K(1056768K)], 0.0393483 secs] [Times: user=0.04 sys=0.00, real=0.04 secs] 
2021-01-22T19:41:31.096-0800: 153.581: [Full GC (Allocation Failure) 2021-01-22T19:41:31.096-0800: 153.581: [Tenured: 349480K->349507K(349568K), 0.0403165 secs] 506584K->401308K(506816K), [Metaspace: 2698K->2698K(1056768K)], 0.0404184 secs] [Times: user=0.04 sys=0.00, real=0.04 secs] 
2021-01-22T19:41:31.150-0800: 153.635: [Full GC (Allocation Failure) 2021-01-22T19:41:31.150-0800: 153.635: [Tenured: 349507K->349519K(349568K), 0.0477454 secs] 506661K->383216K(506816K), [Metaspace: 2698K->2698K(1056768K)], 0.0478496 secs] [Times: user=0.05 sys=0.00, real=0.04 secs] 
2021-01-22T19:41:31.215-0800: 153.700: [Full GC (Allocation Failure) 2021-01-22T19:41:31.216-0800: 153.700: [Tenured: 349519K->349414K(349568K), 0.0410561 secs] 506620K->396449K(506816K), [Metaspace: 2698K->2698K(1056768K)], 0.0411585 secs] [Times: user=0.04 sys=0.00, real=0.04 secs] 
2021-01-22T19:41:31.274-0800: 153.759: [Full GC (Allocation Failure) 2021-01-22T19:41:31.274-0800: 153.759: [Tenured: 349414K->349566K(349568K), 0.0516226 secs] 506614K->396417K(506816K), [Metaspace: 2698K->2698K(1056768K)], 0.0517381 secs] [Times: user=0.05 sys=0.00, real=0.05 secs] 
2021-01-22T19:41:31.344-0800: 153.829: [Full GC (Allocation Failure) 2021-01-22T19:41:31.344-0800: 153.829: [Tenured: 349566K->349526K(349568K), 0.0510096 secs] 506704K->396791K(506816K), [Metaspace: 2698K->2698K(1056768K)], 0.0511221 secs] [Times: user=0.05 sys=0.00, real=0.05 secs] 
2021-01-22T19:41:31.413-0800: 153.898: [Full GC (Allocation Failure) 2021-01-22T19:41:31.413-0800: 153.898: [Tenured: 349526K->349406K(349568K), 0.0507945 secs] 506500K->380000K(506816K), [Metaspace: 2698K->2698K(1056768K)], 0.0509658 secs] [Times: user=0.05 sys=0.00, real=0.05 secs] 
2021-01-22T19:41:31.480-0800: 153.965: [Full GC (Allocation Failure) 2021-01-22T19:41:31.480-0800: 153.965: [Tenured: 349406K->349450K(349568K), 0.0289654 secs] 506294K->396980K(506816K), [Metaspace: 2698K->2698K(1056768K)], 0.0290678 secs] [Times: user=0.03 sys=0.00, real=0.02 secs] 
2021-01-22T19:41:31.522-0800: 154.007: [Full GC (Allocation Failure) 2021-01-22T19:41:31.522-0800: 154.007: [Tenured: 349450K->349459K(349568K), 0.0394976 secs] 506534K->399842K(506816K), [Metaspace: 2698K->2698K(1056768K)], 0.0395995 secs] [Times: user=0.04 sys=0.00, real=0.04 secs] 
2021-01-22T19:41:31.575-0800: 154.059: [Full GC (Allocation Failure) 2021-01-22T19:41:31.575-0800: 154.059: [Tenured: 349554K->349542K(349568K), 0.0432730 secs] 506781K->399698K(506816K), [Metaspace: 2698K->2698K(1056768K)], 0.0433758 secs] [Times: user=0.04 sys=0.00, real=0.04 secs] 
2021-01-22T19:41:31.632-0800: 154.117: [Full GC (Allocation Failure) 2021-01-22T19:41:31.632-0800: 154.117: [Tenured: 349542K->349556K(349568K), 0.0481626 secs] 506782K->382482K(506816K), [Metaspace: 2698K->2698K(1056768K)], 0.0482629 secs] [Times: user=0.05 sys=0.00, real=0.05 secs] 
2021-01-22T19:41:31.696-0800: 154.180: [Full GC (Allocation Failure) 2021-01-22T19:41:31.696-0800: 154.180: [Tenured: 349556K->349176K(349568K), 0.0256584 secs] 506802K->396775K(506816K), [Metaspace: 2698K->2698K(1056768K)], 0.0257617 secs] [Times: user=0.02 sys=0.00, real=0.03 secs] 
2021-01-22T19:41:31.735-0800: 154.220: [Full GC (Allocation Failure) 2021-01-22T19:41:31.735-0800: 154.220: [Tenured: 349176K->349298K(349568K), 0.0372425 secs] 506364K->399986K(506816K), [Metaspace: 2698K->2698K(1056768K)], 0.0373464 secs] [Times: user=0.04 sys=0.00, real=0.04 secs] 
2021-01-22T19:41:31.786-0800: 154.271: [Full GC (Allocation Failure) 2021-01-22T19:41:31.786-0800: 154.271: [Tenured: 349535K->349451K(349568K), 0.0407794 secs] 506778K->399015K(506816K), [Metaspace: 2698K->2698K(1056768K)], 0.0408842 secs] [Times: user=0.05 sys=0.00, real=0.04 secs] 
2021-01-22T19:41:31.840-0800: 154.325: [Full GC (Allocation Failure) 2021-01-22T19:41:31.840-0800: 154.325: [Tenured: 349451K->349416K(349568K), 0.0462282 secs] 506597K->376737K(506816K), [Metaspace: 2698K->2698K(1056768K)], 0.0463350 secs] [Times: user=0.04 sys=0.00, real=0.04 secs] 
2021-01-22T19:41:31.903-0800: 154.388: [Full GC (Allocation Failure) 2021-01-22T19:41:31.903-0800: 154.388: [Tenured: 349416K->349537K(349568K), 0.0297996 secs] 506463K->393323K(506816K), [Metaspace: 2698K->2698K(1056768K)], 0.0298962 secs] [Times: user=0.03 sys=0.00, real=0.03 secs] 
2021-01-22T19:41:31.949-0800: 154.434: [Full GC (Allocation Failure) 2021-01-22T19:41:31.949-0800: 154.434: [Tenured: 349537K->349439K(349568K), 0.0404592 secs] 506681K->387437K(506816K), [Metaspace: 2698K->2698K(1056768K)], 0.0405558 secs] [Times: user=0.04 sys=0.00, real=0.04 secs] 
2021-01-22T19:41:32.004-0800: 154.489: [Full GC (Allocation Failure) 2021-01-22T19:41:32.004-0800: 154.489: [Tenured: 349439K->349448K(349568K), 0.0474249 secs] 506333K->386691K(506816K), [Metaspace: 2698K->2698K(1056768K)], 0.0475338 secs] [Times: user=0.05 sys=0.00, real=0.05 secs] 
2021-01-22T19:41:32.071-0800: 154.556: [Full GC (Allocation Failure) 2021-01-22T19:41:32.071-0800: 154.556: [Tenured: 349448K->349404K(349568K), 0.0669343 secs] 506677K->374142K(506816K), [Metaspace: 2698K->2698K(1056768K)], 0.0670434 secs] [Times: user=0.07 sys=0.00, real=0.06 secs] 
2021-01-22T19:41:32.173-0800: 154.658: [Full GC (Allocation Failure) 2021-01-22T19:41:32.173-0800: 154.658: [Tenured: 349496K->349346K(349568K), 0.0353960 secs] 506736K->387435K(506816K), [Metaspace: 2698K->2698K(1056768K)], 0.0355039 secs] [Times: user=0.03 sys=0.00, real=0.03 secs] 
2021-01-22T19:41:32.227-0800: 154.711: [Full GC (Allocation Failure) 2021-01-22T19:41:32.227-0800: 154.711: [Tenured: 349542K->349460K(349568K), 0.0399332 secs] 506773K->393475K(506816K), [Metaspace: 2698K->2698K(1056768K)], 0.0400344 secs] [Times: user=0.04 sys=0.00, real=0.04 secs] 
2021-01-22T19:41:32.280-0800: 154.765: [Full GC (Allocation Failure) 2021-01-22T19:41:32.280-0800: 154.765: [Tenured: 349523K->349481K(349568K), 0.0405623 secs] 506764K->395889K(506816K), [Metaspace: 2698K->2698K(1056768K)], 0.0406625 secs] [Times: user=0.04 sys=0.00, real=0.04 secs] 
2021-01-22T19:41:32.334-0800: 154.819: [Full GC (Allocation Failure) 2021-01-22T19:41:32.334-0800: 154.819: [Tenured: 349481K->349458K(349568K), 0.0467689 secs] 506522K->381154K(506816K), [Metaspace: 2698K->2698K(1056768K)], 0.0468820 secs] [Times: user=0.04 sys=0.00, real=0.05 secs] 
2021-01-22T19:41:32.396-0800: 154.881: [Full GC (Allocation Failure) 2021-01-22T19:41:32.396-0800: 154.881: [Tenured: 349458K->349092K(349568K), 0.0299216 secs] 506059K->403249K(506816K), [Metaspace: 2698K->2698K(1056768K)], 0.0300306 secs] [Times: user=0.03 sys=0.01, real=0.03 secs] 
2021-01-22T19:41:32.438-0800: 154.923: [Full GC (Allocation Failure) 2021-01-22T19:41:32.438-0800: 154.923: [Tenured: 349092K->349515K(349568K), 0.0394293 secs] 506036K->405600K(506816K), [Metaspace: 2698K->2698K(1056768K)], 0.0395346 secs] [Times: user=0.04 sys=0.00, real=0.04 secs] 
2021-01-22T19:41:32.489-0800: 154.974: [Full GC (Allocation Failure) 2021-01-22T19:41:32.489-0800: 154.974: [Tenured: 349515K->349480K(349568K), 0.0421168 secs] 506694K->408029K(506816K), [Metaspace: 2698K->2698K(1056768K)], 0.0422191 secs] [Times: user=0.04 sys=0.00, real=0.05 secs] 
2021-01-22T19:41:32.544-0800: 155.029: [Full GC (Allocation Failure) 2021-01-22T19:41:32.544-0800: 155.029: [Tenured: 349480K->349555K(349568K), 0.0484698 secs] 506655K->389820K(506816K), [Metaspace: 2698K->2698K(1056768K)], 0.0485761 secs] [Times: user=0.05 sys=0.00, real=0.05 secs] 
2021-01-22T19:41:32.608-0800: 155.093: [Full GC (Allocation Failure) 2021-01-22T19:41:32.608-0800: 155.093: [Tenured: 349555K->349400K(349568K), 0.0277937 secs] 506776K->407488K(506816K), [Metaspace: 2698K->2698K(1056768K)], 0.0278987 secs] [Times: user=0.02 sys=0.00, real=0.03 secs] 
2021-01-22T19:41:32.648-0800: 155.133: [Full GC (Allocation Failure) 2021-01-22T19:41:32.648-0800: 155.133: [Tenured: 349400K->349564K(349568K), 0.0377849 secs] 506400K->398985K(506816K), [Metaspace: 2698K->2698K(1056768K)], 0.0379167 secs] [Times: user=0.03 sys=0.00, real=0.04 secs] 
2021-01-22T19:41:32.701-0800: 155.185: [Full GC (Allocation Failure) 2021-01-22T19:41:32.701-0800: 155.186: [Tenured: 349564K->349464K(349568K), 0.0585212 secs] 506673K->400150K(506816K), [Metaspace: 2698K->2698K(1056768K)], 0.0586262 secs] [Times: user=0.05 sys=0.00, real=0.05 secs] 
2021-01-22T19:41:32.773-0800: 155.258: [Full GC (Allocation Failure) 2021-01-22T19:41:32.773-0800: 155.258: [Tenured: 349464K->349547K(349568K), 0.0685558 secs] 506101K->385674K(506816K), [Metaspace: 2698K->2698K(1056768K)], 0.0686632 secs] [Times: user=0.06 sys=0.00, real=0.07 secs] 
2021-01-22T19:41:32.862-0800: 155.346: [Full GC (Allocation Failure) 2021-01-22T19:41:32.862-0800: 155.346: [Tenured: 349547K->349195K(349568K), 0.0446571 secs] 506768K->399103K(506816K), [Metaspace: 2698K->2698K(1056768K)], 0.0447650 secs] [Times: user=0.04 sys=0.00, real=0.04 secs] 
2021-01-22T19:41:32.925-0800: 155.409: [Full GC (Allocation Failure) 2021-01-22T19:41:32.925-0800: 155.409: [Tenured: 349483K->349255K(349568K), 0.0420795 secs] 506670K->401394K(506816K), [Metaspace: 2698K->2698K(1056768K)], 0.0421797 secs] [Times: user=0.04 sys=0.00, real=0.04 secs] 
2021-01-22T19:41:32.980-0800: 155.465: [Full GC (Allocation Failure) 2021-01-22T19:41:32.980-0800: 155.465: [Tenured: 349525K->349312K(349568K), 0.0399793 secs] 506770K->396663K(506816K), [Metaspace: 2698K->2698K(1056768K)], 0.0400763 secs] [Times: user=0.04 sys=0.00, real=0.04 secs] 
2021-01-22T19:41:33.034-0800: 155.519: [Full GC (Allocation Failure) 2021-01-22T19:41:33.034-0800: 155.519: [Tenured: 349554K->349362K(349568K), 0.0478416 secs] 506800K->383424K(506816K), [Metaspace: 2698K->2698K(1056768K)], 0.0479324 secs] [Times: user=0.05 sys=0.00, real=0.05 secs] 
2021-01-22T19:41:33.098-0800: 155.583: [Full GC (Allocation Failure) 2021-01-22T19:41:33.098-0800: 155.583: [Tenured: 349434K->349099K(349568K), 0.0299360 secs] 506674K->393013K(506816K), [Metaspace: 2698K->2698K(1056768K)], 0.0300308 secs] [Times: user=0.03 sys=0.00, real=0.03 secs] 
2021-01-22T19:41:33.141-0800: 155.626: [Full GC (Allocation Failure) 2021-01-22T19:41:33.141-0800: 155.626: [Tenured: 349099K->349309K(349568K), 0.0386632 secs] 506075K->394846K(506816K), [Metaspace: 2698K->2698K(1056768K)], 0.0387654 secs] [Times: user=0.03 sys=0.00, real=0.04 secs] 
2021-01-22T19:41:33.194-0800: 155.679: [Full GC (Allocation Failure) 2021-01-22T19:41:33.194-0800: 155.679: [Tenured: 349447K->349408K(349568K), 0.0401483 secs] 506564K->388865K(506816K), [Metaspace: 2698K->2698K(1056768K)], 0.0402493 secs] [Times: user=0.04 sys=0.00, real=0.04 secs] 
2021-01-22T19:41:33.250-0800: 155.735: [Full GC (Allocation Failure) 2021-01-22T19:41:33.250-0800: 155.735: [Tenured: 349408K->349519K(349568K), 0.0447427 secs] 506486K->371570K(506816K), [Metaspace: 2698K->2698K(1056768K)], 0.0448454 secs] [Times: user=0.05 sys=0.00, real=0.04 secs] 
2021-01-22T19:41:33.311-0800: 155.796: [Full GC (Allocation Failure) 2021-01-22T19:41:33.311-0800: 155.796: [Tenured: 349519K->349219K(349568K), 0.0273608 secs] 506645K->390575K(506816K), [Metaspace: 2698K->2698K(1056768K)], 0.0274604 secs] [Times: user=0.03 sys=0.00, real=0.02 secs] 
2021-01-22T19:41:33.353-0800: 155.838: [Full GC (Allocation Failure) 2021-01-22T19:41:33.353-0800: 155.838: [Tenured: 349392K->348973K(349568K), 0.0341233 secs] 506526K->391444K(506816K), [Metaspace: 2698K->2698K(1056768K)], 0.0342201 secs] [Times: user=0.03 sys=0.00, real=0.03 secs] 
2021-01-22T19:41:33.402-0800: 155.887: [Full GC (Allocation Failure) 2021-01-22T19:41:33.402-0800: 155.887: [Tenured: 349486K->349321K(349568K), 0.0374064 secs] 506720K->389252K(506816K), [Metaspace: 2698K->2698K(1056768K)], 0.0375041 secs] [Times: user=0.03 sys=0.00, real=0.04 secs] 
2021-01-22T19:41:33.454-0800: 155.939: [Full GC (Allocation Failure) 2021-01-22T19:41:33.454-0800: 155.939: [Tenured: 349537K->349549K(349568K), 0.0492270 secs] 506722K->369588K(506816K), [Metaspace: 2698K->2698K(1056768K)], 0.0493255 secs] [Times: user=0.05 sys=0.00, real=0.05 secs] 
2021-01-22T19:41:33.519-0800: 156.004: [Full GC (Allocation Failure) 2021-01-22T19:41:33.519-0800: 156.004: [Tenured: 349549K->349209K(349568K), 0.0297260 secs] 506701K->382101K(506816K), [Metaspace: 2698K->2698K(1056768K)], 0.0298198 secs] [Times: user=0.03 sys=0.00, real=0.03 secs] 
2021-01-22T19:41:33.563-0800: 156.048: [Full GC (Allocation Failure) 2021-01-22T19:41:33.563-0800: 156.048: [Tenured: 349209K->349441K(349568K), 0.0372879 secs] 506106K->392026K(506816K), [Metaspace: 2698K->2698K(1056768K)], 0.0373900 secs] [Times: user=0.03 sys=0.00, real=0.04 secs] 
2021-01-22T19:41:33.615-0800: 156.100: [Full GC (Allocation Failure) 2021-01-22T19:41:33.615-0800: 156.100: [Tenured: 349441K->349507K(349568K), 0.0395588 secs] 506519K->391003K(506816K), [Metaspace: 2698K->2698K(1056768K)], 0.0396577 secs] [Times: user=0.03 sys=0.00, real=0.04 secs] 
2021-01-22T19:41:33.670-0800: 156.155: [Full GC (Allocation Failure) 2021-01-22T19:41:33.670-0800: 156.155: [Tenured: 349507K->349510K(349568K), 0.0465784 secs] 506132K->367848K(506816K), [Metaspace: 2698K->2698K(1056768K)], 0.0466833 secs] [Times: user=0.05 sys=0.00, real=0.04 secs] 
2021-01-22T19:41:33.735-0800: 156.219: [Full GC (Allocation Failure) 2021-01-22T19:41:33.735-0800: 156.220: [Tenured: 349510K->349275K(349568K), 0.0288265 secs] 506715K->385641K(506816K), [Metaspace: 2698K->2698K(1056768K)], 0.0289281 secs] [Times: user=0.03 sys=0.00, real=0.03 secs] 
2021-01-22T19:41:33.778-0800: 156.263: [Full GC (Allocation Failure) 2021-01-22T19:41:33.778-0800: 156.263: [Tenured: 349548K->349157K(349568K), 0.0370827 secs] 506762K->387452K(506816K), [Metaspace: 2698K->2698K(1056768K)], 0.0371805 secs] [Times: user=0.03 sys=0.01, real=0.04 secs] 
2021-01-22T19:41:33.830-0800: 156.315: [Full GC (Allocation Failure) 2021-01-22T19:41:33.830-0800: 156.315: [Tenured: 349358K->349522K(349568K), 0.0403335 secs] 506597K->395144K(506816K), [Metaspace: 2698K->2698K(1056768K)], 0.0404307 secs] [Times: user=0.04 sys=0.00, real=0.04 secs] 
2021-01-22T19:41:33.884-0800: 156.369: [Full GC (Allocation Failure) 2021-01-22T19:41:33.884-0800: 156.369: [Tenured: 349522K->349425K(349568K), 0.0462360 secs] 506641K->380876K(506816K), [Metaspace: 2698K->2698K(1056768K)], 0.0463316 secs] [Times: user=0.05 sys=0.00, real=0.05 secs] 
2021-01-22T19:41:33.946-0800: 156.431: [Full GC (Allocation Failure) 2021-01-22T19:41:33.946-0800: 156.431: [Tenured: 349425K->349393K(349568K), 0.0258705 secs] 506528K->401936K(506816K), [Metaspace: 2698K->2698K(1056768K)], 0.0259687 secs] [Times: user=0.03 sys=0.00, real=0.03 secs] 
2021-01-22T19:41:33.984-0800: 156.469: [Full GC (Allocation Failure) 2021-01-22T19:41:33.984-0800: 156.469: [Tenured: 349393K->349549K(349568K), 0.0368402 secs] 506297K->404483K(506816K), [Metaspace: 2698K->2698K(1056768K)], 0.0369168 secs] [Times: user=0.04 sys=0.00, real=0.04 secs] 
2021-01-22T19:41:34.033-0800: 156.518: [Full GC (Allocation Failure) 2021-01-22T19:41:34.033-0800: 156.518: [Tenured: 349549K->349554K(349568K), 0.0400160 secs] 506130K->403353K(506816K), [Metaspace: 2698K->2698K(1056768K)], 0.0401144 secs] [Times: user=0.04 sys=0.00, real=0.04 secs] 
2021-01-22T19:41:34.085-0800: 156.570: [Full GC (Allocation Failure) 2021-01-22T19:41:34.085-0800: 156.570: [Tenured: 349554K->349406K(349568K), 0.0479590 secs] 506798K->389316K(506816K), [Metaspace: 2698K->2698K(1056768K)], 0.0480608 secs] [Times: user=0.05 sys=0.00, real=0.05 secs] 
2021-01-22T19:41:34.147-0800: 156.632: [Full GC (Allocation Failure) 2021-01-22T19:41:34.147-0800: 156.632: [Tenured: 349406K->349249K(349568K), 0.0311123 secs] 506623K->413459K(506816K), [Metaspace: 2698K->2698K(1056768K)], 0.0312116 secs] [Times: user=0.04 sys=0.00, real=0.03 secs] 
2021-01-22T19:41:34.190-0800: 156.675: [Full GC (Allocation Failure) 2021-01-22T19:41:34.190-0800: 156.675: [Tenured: 349522K->349385K(349568K), 0.0396265 secs] 506767K->412506K(506816K), [Metaspace: 2698K->2698K(1056768K)], 0.0397289 secs] [Times: user=0.04 sys=0.00, real=0.04 secs] 
2021-01-22T19:41:34.242-0800: 156.727: [Full GC (Allocation Failure) 2021-01-22T19:41:34.242-0800: 156.727: [Tenured: 349385K->349281K(349568K), 0.0420096 secs] 506535K->408439K(506816K), [Metaspace: 2698K->2698K(1056768K)], 0.0421155 secs] [Times: user=0.04 sys=0.00, real=0.04 secs] 
2021-01-22T19:41:34.296-0800: 156.781: [Full GC (Allocation Failure) 2021-01-22T19:41:34.296-0800: 156.781: [Tenured: 349437K->349365K(349568K), 0.0477165 secs] 506675K->387501K(506816K), [Metaspace: 2698K->2698K(1056768K)], 0.0478186 secs] [Times: user=0.05 sys=0.00, real=0.05 secs] 
2021-01-22T19:41:34.358-0800: 156.843: [Full GC (Allocation Failure) 2021-01-22T19:41:34.358-0800: 156.843: [Tenured: 349551K->349404K(349568K), 0.0291289 secs] 506654K->406875K(506816K), [Metaspace: 2698K->2698K(1056768K)], 0.0292248 secs] [Times: user=0.03 sys=0.00, real=0.03 secs] 
2021-01-22T19:41:34.399-0800: 156.884: [Full GC (Allocation Failure) 2021-01-22T19:41:34.399-0800: 156.884: [Tenured: 349404K->349316K(349568K), 0.0363704 secs] 506324K->410893K(506816K), [Metaspace: 2698K->2698K(1056768K)], 0.0364748 secs] [Times: user=0.04 sys=0.00, real=0.04 secs] 
2021-01-22T19:41:34.447-0800: 156.932: [Full GC (Allocation Failure) 2021-01-22T19:41:34.447-0800: 156.932: [Tenured: 349442K->349260K(349568K), 0.0380431 secs] 506689K->406192K(506816K), [Metaspace: 2698K->2698K(1056768K)], 0.0381351 secs] [Times: user=0.04 sys=0.00, real=0.04 secs] 
2021-01-22T19:41:34.498-0800: 156.983: [Full GC (Allocation Failure) 2021-01-22T19:41:34.498-0800: 156.983: [Tenured: 349472K->349556K(349568K), 0.0470098 secs] 506538K->386173K(506816K), [Metaspace: 2698K->2698K(1056768K)], 0.0470980 secs] [Times: user=0.05 sys=0.00, real=0.05 secs] 
2021-01-22T19:41:34.559-0800: 157.044: [Full GC (Allocation Failure) 2021-01-22T19:41:34.560-0800: 157.044: [Tenured: 349556K->349461K(349568K), 0.0276196 secs] 506741K->409055K(506816K), [Metaspace: 2698K->2698K(1056768K)], 0.0277224 secs] [Times: user=0.03 sys=0.00, real=0.03 secs] 
2021-01-22T19:41:34.599-0800: 157.084: [Full GC (Allocation Failure) 2021-01-22T19:41:34.599-0800: 157.084: [Tenured: 349461K->349527K(349568K), 0.0360888 secs] 506028K->409369K(506816K), [Metaspace: 2698K->2698K(1056768K)], 0.0361822 secs] [Times: user=0.04 sys=0.00, real=0.04 secs] 
2021-01-22T19:41:34.647-0800: 157.132: [Full GC (Allocation Failure) 2021-01-22T19:41:34.647-0800: 157.132: [Tenured: 349527K->349556K(349568K), 0.0398757 secs] 506632K->405907K(506816K), [Metaspace: 2698K->2698K(1056768K)], 0.0399718 secs] [Times: user=0.04 sys=0.00, real=0.04 secs] 
2021-01-22T19:41:34.699-0800: 157.184: [Full GC (Allocation Failure) 2021-01-22T19:41:34.699-0800: 157.184: [Tenured: 349556K->349375K(349568K), 0.0469601 secs] 506554K->387908K(506816K), [Metaspace: 2698K->2698K(1056768K)], 0.0470574 secs] [Times: user=0.05 sys=0.00, real=0.05 secs] 
2021-01-22T19:41:34.760-0800: 157.245: [Full GC (Allocation Failure) 2021-01-22T19:41:34.760-0800: 157.245: [Tenured: 349375K->349421K(349568K), 0.0312373 secs] 506447K->405063K(506816K), [Metaspace: 2698K->2698K(1056768K)], 0.0313314 secs] [Times: user=0.04 sys=0.00, real=0.03 secs] 
2021-01-22T19:41:34.804-0800: 157.289: [Full GC (Allocation Failure) 2021-01-22T19:41:34.804-0800: 157.289: [Tenured: 349559K->349469K(349568K), 0.0380487 secs] 506794K->408899K(506816K), [Metaspace: 2698K->2698K(1056768K)], 0.0381497 secs] [Times: user=0.04 sys=0.00, real=0.04 secs] 
2021-01-22T19:41:34.853-0800: 157.338: [Full GC (Allocation Failure) 2021-01-22T19:41:34.853-0800: 157.338: [Tenured: 349503K->349502K(349568K), 0.0422886 secs] 506744K->412778K(506816K), [Metaspace: 2698K->2698K(1056768K)], 0.0423865 secs] [Times: user=0.04 sys=0.00, real=0.04 secs] 
2021-01-22T19:41:34.907-0800: 157.392: [Full GC (Allocation Failure) 2021-01-22T19:41:34.907-0800: 157.392: [Tenured: 349556K->349441K(349568K), 0.0479355 secs] 506788K->395245K(506816K), [Metaspace: 2698K->2698K(1056768K)], 0.0480261 secs] [Times: user=0.05 sys=0.00, real=0.05 secs] 
2021-01-22T19:41:34.969-0800: 157.454: [Full GC (Allocation Failure) 2021-01-22T19:41:34.969-0800: 157.454: [Tenured: 349441K->349482K(349568K), 0.0283560 secs] 506544K->408801K(506816K), [Metaspace: 2698K->2698K(1056768K)], 0.0284547 secs] [Times: user=0.03 sys=0.00, real=0.03 secs] 
2021-01-22T19:41:35.009-0800: 157.494: [Full GC (Allocation Failure) 2021-01-22T19:41:35.009-0800: 157.494: [Tenured: 349482K->349135K(349568K), 0.0402521 secs] 506411K->403235K(506816K), [Metaspace: 2698K->2698K(1056768K)], 0.0403480 secs] [Times: user=0.04 sys=0.00, real=0.04 secs] 
2021-01-22T19:41:35.062-0800: 157.547: [Full GC (Allocation Failure) 2021-01-22T19:41:35.062-0800: 157.547: [Tenured: 349520K->349227K(349568K), 0.0398124 secs] 506767K->404495K(506816K), [Metaspace: 2698K->2698K(1056768K)], 0.0399110 secs] [Times: user=0.04 sys=0.00, real=0.04 secs] 
2021-01-22T19:41:35.116-0800: 157.601: [Full GC (Allocation Failure) 2021-01-22T19:41:35.116-0800: 157.601: [Tenured: 349371K->349458K(349568K), 0.0488393 secs] 506616K->389985K(506816K), [Metaspace: 2698K->2698K(1056768K)], 0.0489356 secs] [Times: user=0.05 sys=0.00, real=0.05 secs] 
2021-01-22T19:41:35.180-0800: 157.665: [Full GC (Allocation Failure) 2021-01-22T19:41:35.180-0800: 157.665: [Tenured: 349458K->349394K(349568K), 0.0275791 secs] 506450K->398847K(506816K), [Metaspace: 2698K->2698K(1056768K)], 0.0277007 secs] [Times: user=0.03 sys=0.00, real=0.02 secs] 
2021-01-22T19:41:35.220-0800: 157.705: [Full GC (Allocation Failure) 2021-01-22T19:41:35.220-0800: 157.705: [Tenured: 349394K->349448K(349568K), 0.0401750 secs] 506375K->395965K(506816K), [Metaspace: 2698K->2698K(1056768K)], 0.0402649 secs] [Times: user=0.04 sys=0.00, real=0.04 secs] 
2021-01-22T19:41:35.274-0800: 157.759: [Full GC (Allocation Failure) 2021-01-22T19:41:35.274-0800: 157.759: [Tenured: 349448K->349220K(349568K), 0.0402153 secs] 506627K->399316K(506816K), [Metaspace: 2698K->2698K(1056768K)], 0.0403145 secs] [Times: user=0.04 sys=0.00, real=0.04 secs] 
2021-01-22T19:41:35.326-0800: 157.811: [Full GC (Allocation Failure) 2021-01-22T19:41:35.326-0800: 157.811: [Tenured: 349472K->349449K(349568K), 0.0462912 secs] 506691K->385217K(506816K), [Metaspace: 2698K->2698K(1056768K)], 0.0463890 secs] [Times: user=0.04 sys=0.00, real=0.05 secs] 
2021-01-22T19:41:35.387-0800: 157.872: [Full GC (Allocation Failure) 2021-01-22T19:41:35.387-0800: 157.873: [Tenured: 349449K->349263K(349568K), 0.0286764 secs] 506696K->399495K(506816K), [Metaspace: 2698K->2698K(1056768K)], 0.0287714 secs] [Times: user=0.03 sys=0.00, real=0.03 secs] 
2021-01-22T19:41:35.429-0800: 157.914: [Full GC (Allocation Failure) 2021-01-22T19:41:35.429-0800: 157.914: [Tenured: 349263K->349454K(349568K), 0.0362557 secs] 506353K->398971K(506816K), [Metaspace: 2698K->2698K(1056768K)], 0.0363616 secs] [Times: user=0.03 sys=0.00, real=0.04 secs] 
2021-01-22T19:41:35.478-0800: 157.963: [Full GC (Allocation Failure) 2021-01-22T19:41:35.478-0800: 157.963: [Tenured: 349454K->349334K(349568K), 0.0400419 secs] 506688K->395018K(506816K), [Metaspace: 2698K->2698K(1056768K)], 0.0401492 secs] [Times: user=0.04 sys=0.00, real=0.04 secs] 
2021-01-22T19:41:35.530-0800: 158.015: [Full GC (Allocation Failure) 2021-01-22T19:41:35.530-0800: 158.015: [Tenured: 349527K->349363K(349568K), 0.0468586 secs] 506757K->381407K(506816K), [Metaspace: 2698K->2698K(1056768K)], 0.0469631 secs] [Times: user=0.05 sys=0.00, real=0.04 secs] 
2021-01-22T19:41:35.593-0800: 158.078: [Full GC (Allocation Failure) 2021-01-22T19:41:35.593-0800: 158.078: [Tenured: 349363K->349542K(349568K), 0.0249320 secs] 506449K->398929K(506816K), [Metaspace: 2698K->2698K(1056768K)], 0.0250327 secs] [Times: user=0.03 sys=0.00, real=0.02 secs] 
2021-01-22T19:41:35.631-0800: 158.116: [Full GC (Allocation Failure) 2021-01-22T19:41:35.631-0800: 158.116: [Tenured: 349542K->349422K(349568K), 0.0360116 secs] 506620K->401600K(506816K), [Metaspace: 2698K->2698K(1056768K)], 0.0361092 secs] [Times: user=0.04 sys=0.00, real=0.03 secs] 
2021-01-22T19:41:35.679-0800: 158.164: [Full GC (Allocation Failure) 2021-01-22T19:41:35.679-0800: 158.164: [Tenured: 349548K->349500K(349568K), 0.0400252 secs] 506793K->398999K(506816K), [Metaspace: 2698K->2698K(1056768K)], 0.0401208 secs] [Times: user=0.04 sys=0.00, real=0.04 secs] 
2021-01-22T19:41:35.734-0800: 158.219: [Full GC (Allocation Failure) 2021-01-22T19:41:35.734-0800: 158.219: [Tenured: 349500K->349495K(349568K), 0.0460628 secs] 506678K->376947K(506816K), [Metaspace: 2698K->2698K(1056768K)], 0.0461620 secs] [Times: user=0.05 sys=0.00, real=0.05 secs] 
2021-01-22T19:41:35.797-0800: 158.282: [Full GC (Allocation Failure) 2021-01-22T19:41:35.797-0800: 158.282: [Tenured: 349495K->349472K(349568K), 0.0292963 secs] 506513K->393376K(506816K), [Metaspace: 2698K->2698K(1056768K)], 0.0293948 secs] [Times: user=0.03 sys=0.00, real=0.03 secs] 
2021-01-22T19:41:35.841-0800: 158.326: [Full GC (Allocation Failure) 2021-01-22T19:41:35.841-0800: 158.326: [Tenured: 349472K->348913K(349568K), 0.0368852 secs] 506299K->389079K(506816K), [Metaspace: 2698K->2698K(1056768K)], 0.0369990 secs] [Times: user=0.03 sys=0.00, real=0.03 secs] 
2021-01-22T19:41:35.893-0800: 158.378: [Full GC (Allocation Failure) 2021-01-22T19:41:35.893-0800: 158.378: [Tenured: 349559K->349539K(349568K), 0.0383860 secs] 506791K->387258K(506816K), [Metaspace: 2698K->2698K(1056768K)], 0.0384837 secs] [Times: user=0.04 sys=0.00, real=0.04 secs] 
2021-01-22T19:41:35.946-0800: 158.431: [Full GC (Allocation Failure) 2021-01-22T19:41:35.946-0800: 158.431: [Tenured: 349539K->349408K(349568K), 0.0468257 secs] 506778K->365542K(506816K), [Metaspace: 2698K->2698K(1056768K)], 0.0469184 secs] [Times: user=0.05 sys=0.00, real=0.05 secs] 
2021-01-22T19:41:36.010-0800: 158.495: [Full GC (Allocation Failure) 2021-01-22T19:41:36.010-0800: 158.495: [Tenured: 349543K->349256K(349568K), 0.0331264 secs] 506788K->381158K(506816K), [Metaspace: 2698K->2698K(1056768K)], 0.0332181 secs] [Times: user=0.03 sys=0.00, real=0.03 secs] 
2021-01-22T19:41:36.059-0800: 158.544: [Full GC (Allocation Failure) 2021-01-22T19:41:36.059-0800: 158.544: [Tenured: 349256K->349556K(349568K), 0.0432300 secs] 506328K->386443K(506816K), [Metaspace: 2698K->2698K(1056768K)], 0.0433301 secs] [Times: user=0.04 sys=0.00, real=0.05 secs] 
2021-01-22T19:41:36.117-0800: 158.602: [Full GC (Allocation Failure) 2021-01-22T19:41:36.117-0800: 158.602: [Tenured: 349556K->349285K(349568K), 0.0416490 secs] 506478K->386026K(506816K), [Metaspace: 2698K->2698K(1056768K)], 0.0417467 secs] [Times: user=0.05 sys=0.00, real=0.04 secs] 
2021-01-22T19:41:36.173-0800: 158.658: [Full GC (Allocation Failure) 2021-01-22T19:41:36.173-0800: 158.658: [Tenured: 349418K->349051K(349568K), 0.0454837 secs] 506567K->373832K(506816K), [Metaspace: 2698K->2698K(1056768K)], 0.0455773 secs] [Times: user=0.04 sys=0.00, real=0.04 secs] 
2021-01-22T19:41:36.235-0800: 158.720: [Full GC (Allocation Failure) 2021-01-22T19:41:36.235-0800: 158.720: [Tenured: 349051K->349463K(349568K), 0.0293434 secs] 506057K->393195K(506816K), [Metaspace: 2698K->2698K(1056768K)], 0.0294409 secs] [Times: user=0.03 sys=0.00, real=0.03 secs] 
2021-01-22T19:41:36.278-0800: 158.763: [Full GC (Allocation Failure) 2021-01-22T19:41:36.278-0800: 158.763: [Tenured: 349463K->349523K(349568K), 0.0381825 secs] 506405K->393470K(506816K), [Metaspace: 2698K->2698K(1056768K)], 0.0382754 secs] [Times: user=0.04 sys=0.00, real=0.04 secs] 
2021-01-22T19:41:36.330-0800: 158.815: [Full GC (Allocation Failure) 2021-01-22T19:41:36.330-0800: 158.815: [Tenured: 349523K->349231K(349568K), 0.0409658 secs] 506535K->390034K(506816K), [Metaspace: 2698K->2698K(1056768K)], 0.0410819 secs] [Times: user=0.04 sys=0.00, real=0.04 secs] 
2021-01-22T19:41:36.385-0800: 158.870: [Full GC (Allocation Failure) 2021-01-22T19:41:36.385-0800: 158.870: [Tenured: 349231K->349289K(349568K), 0.0453115 secs] 506335K->369696K(506816K), [Metaspace: 2698K->2698K(1056768K)], 0.0454061 secs] [Times: user=0.04 sys=0.00, real=0.05 secs] 
2021-01-22T19:41:36.447-0800: 158.932: [Full GC (Allocation Failure) 2021-01-22T19:41:36.447-0800: 158.932: [Tenured: 349433K->349273K(349568K), 0.0281621 secs] 506599K->387214K(506816K), [Metaspace: 2698K->2698K(1056768K)], 0.0282584 secs] [Times: user=0.03 sys=0.00, real=0.03 secs] 
2021-01-22T19:41:36.490-0800: 158.975: [Full GC (Allocation Failure) 2021-01-22T19:41:36.490-0800: 158.975: [Tenured: 349417K->349464K(349568K), 0.0352258 secs] 506651K->390112K(506816K), [Metaspace: 2698K->2698K(1056768K)], 0.0353340 secs] [Times: user=0.04 sys=0.00, real=0.03 secs] 
2021-01-22T19:41:36.540-0800: 159.025: [Full GC (Allocation Failure) 2021-01-22T19:41:36.540-0800: 159.025: [Tenured: 349482K->349407K(349568K), 0.0393439 secs] 506730K->386451K(506816K), [Metaspace: 2698K->2698K(1056768K)], 0.0394474 secs] [Times: user=0.04 sys=0.00, real=0.03 secs] 
2021-01-22T19:41:36.593-0800: 159.078: [Full GC (Allocation Failure) 2021-01-22T19:41:36.593-0800: 159.078: [Tenured: 349407K->349509K(349568K), 0.0453403 secs] 506636K->374526K(506816K), [Metaspace: 2698K->2698K(1056768K)], 0.0454397 secs] [Times: user=0.04 sys=0.00, real=0.04 secs] 
2021-01-22T19:41:36.654-0800: 159.139: [Full GC (Allocation Failure) 2021-01-22T19:41:36.654-0800: 159.139: [Tenured: 349509K->349491K(349568K), 0.0304707 secs] 506731K->392133K(506816K), [Metaspace: 2698K->2698K(1056768K)], 0.0305674 secs] [Times: user=0.03 sys=0.00, real=0.03 secs] 
2021-01-22T19:41:36.699-0800: 159.184: [Full GC (Allocation Failure) 2021-01-22T19:41:36.699-0800: 159.184: [Tenured: 349491K->349392K(349568K), 0.0347170 secs] 506094K->397000K(506816K), [Metaspace: 2698K->2698K(1056768K)], 0.0348092 secs] [Times: user=0.04 sys=0.00, real=0.04 secs] 
2021-01-22T19:41:36.746-0800: 159.232: [Full GC (Allocation Failure) 2021-01-22T19:41:36.746-0800: 159.232: [Tenured: 349392K->349067K(349568K), 0.0391702 secs] 506556K->392840K(506816K), [Metaspace: 2698K->2698K(1056768K)], 0.0392630 secs] [Times: user=0.04 sys=0.00, real=0.04 secs] 
2021-01-22T19:41:36.800-0800: 159.285: [Full GC (Allocation Failure) 2021-01-22T19:41:36.800-0800: 159.285: [Tenured: 349436K->349407K(349568K), 0.0459976 secs] 506677K->379461K(506816K), [Metaspace: 2698K->2698K(1056768K)], 0.0460933 secs] [Times: user=0.05 sys=0.00, real=0.04 secs] 
2021-01-22T19:41:36.861-0800: 159.346: [Full GC (Allocation Failure) 2021-01-22T19:41:36.861-0800: 159.346: [Tenured: 349407K->348906K(349568K), 0.0315661 secs] 506238K->397352K(506816K), [Metaspace: 2698K->2698K(1056768K)], 0.0351081 secs] [Times: user=0.03 sys=0.00, real=0.03 secs] 
2021-01-22T19:41:36.913-0800: 159.398: [Full GC (Allocation Failure) 2021-01-22T19:41:36.913-0800: 159.398: [Tenured: 349527K->349253K(349568K), 0.0372866 secs] 506772K->397199K(506816K), [Metaspace: 2698K->2698K(1056768K)], 0.0373858 secs] [Times: user=0.04 sys=0.00, real=0.04 secs] 
2021-01-22T19:41:36.964-0800: 159.449: [Full GC (Allocation Failure) 2021-01-22T19:41:36.964-0800: 159.449: [Tenured: 349541K->349425K(349568K), 0.0407709 secs] 506759K->402384K(506816K), [Metaspace: 2698K->2698K(1056768K)], 0.0408720 secs] [Times: user=0.04 sys=0.00, real=0.04 secs] 
2021-01-22T19:41:37.017-0800: 159.502: [Full GC (Allocation Failure) 2021-01-22T19:41:37.017-0800: 159.502: [Tenured: 349425K->349564K(349568K), 0.0472939 secs] 506439K->390044K(506816K), [Metaspace: 2698K->2698K(1056768K)], 0.0473895 secs] [Times: user=0.05 sys=0.00, real=0.05 secs] 
2021-01-22T19:41:37.079-0800: 159.564: [Full GC (Allocation Failure) 2021-01-22T19:41:37.079-0800: 159.564: [Tenured: 349564K->349515K(349568K), 0.0327856 secs] 506790K->406904K(506816K), [Metaspace: 2698K->2698K(1056768K)], 0.0328788 secs] [Times: user=0.03 sys=0.00, real=0.04 secs] 
2021-01-22T19:41:37.124-0800: 159.609: [Full GC (Allocation Failure) 2021-01-22T19:41:37.124-0800: 159.609: [Tenured: 349551K->349471K(349568K), 0.0381868 secs] 506785K->410958K(506816K), [Metaspace: 2698K->2698K(1056768K)], 0.0382840 secs] [Times: user=0.04 sys=0.00, real=0.04 secs] 
2021-01-22T19:41:37.173-0800: 159.658: [Full GC (Allocation Failure) 2021-01-22T19:41:37.173-0800: 159.658: [Tenured: 349471K->349567K(349568K), 0.0393931 secs] 506662K->417016K(506816K), [Metaspace: 2698K->2698K(1056768K)], 0.0395175 secs] [Times: user=0.04 sys=0.00, real=0.04 secs] 
2021-01-22T19:41:37.224-0800: 159.710: [Full GC (Allocation Failure) 2021-01-22T19:41:37.224-0800: 159.710: [Tenured: 349567K->349527K(349568K), 0.0475018 secs] 506788K->395582K(506816K), [Metaspace: 2698K->2698K(1056768K)], 0.0475989 secs] [Times: user=0.05 sys=0.00, real=0.05 secs] 
2021-01-22T19:41:37.286-0800: 159.771: [Full GC (Allocation Failure) 2021-01-22T19:41:37.286-0800: 159.771: [Tenured: 349527K->349560K(349568K), 0.0291871 secs] 506525K->406102K(506816K), [Metaspace: 2698K->2698K(1056768K)], 0.0292879 secs] [Times: user=0.03 sys=0.00, real=0.03 secs] 
2021-01-22T19:41:37.328-0800: 159.813: [Full GC (Allocation Failure) 2021-01-22T19:41:37.328-0800: 159.813: [Tenured: 349560K->349408K(349568K), 0.0388492 secs] 506390K->402783K(506816K), [Metaspace: 2698K->2698K(1056768K)], 0.0389751 secs] [Times: user=0.04 sys=0.00, real=0.04 secs] 
2021-01-22T19:41:37.381-0800: 159.866: [Full GC (Allocation Failure) 2021-01-22T19:41:37.381-0800: 159.866: [Tenured: 349408K->349560K(349568K), 0.0403145 secs] 506486K->400459K(506816K), [Metaspace: 2698K->2698K(1056768K)], 0.0404110 secs] [Times: user=0.04 sys=0.00, real=0.04 secs] 
2021-01-22T19:41:37.434-0800: 159.920: [Full GC (Allocation Failure) 2021-01-22T19:41:37.434-0800: 159.920: [Tenured: 349560K->349270K(349568K), 0.0461442 secs] 506723K->378297K(506816K), [Metaspace: 2698K->2698K(1056768K)], 0.0462383 secs] [Times: user=0.05 sys=0.00, real=0.05 secs] 
2021-01-22T19:41:37.497-0800: 159.983: [Full GC (Allocation Failure) 2021-01-22T19:41:37.497-0800: 159.983: [Tenured: 349270K->349552K(349568K), 0.0291810 secs] 505951K->394708K(506816K), [Metaspace: 2698K->2698K(1056768K)], 0.0292821 secs] [Times: user=0.03 sys=0.01, real=0.03 secs] 
2021-01-22T19:41:37.540-0800: 160.025: [Full GC (Allocation Failure) 2021-01-22T19:41:37.540-0800: 160.025: [Tenured: 349552K->349535K(349568K), 0.0366770 secs] 506770K->386326K(506816K), [Metaspace: 2698K->2698K(1056768K)], 0.0367717 secs] [Times: user=0.04 sys=0.00, real=0.03 secs] 
2021-01-22T19:41:37.592-0800: 160.077: [Full GC (Allocation Failure) 2021-01-22T19:41:37.592-0800: 160.077: [Tenured: 349535K->349445K(349568K), 0.0386950 secs] 506556K->383789K(506816K), [Metaspace: 2698K->2698K(1056768K)], 0.0387925 secs] [Times: user=0.04 sys=0.00, real=0.04 secs] 
2021-01-22T19:41:37.645-0800: 160.130: [Full GC (Allocation Failure) 2021-01-22T19:41:37.645-0800: 160.130: [Tenured: 349481K->349254K(349568K), 0.0451831 secs] 506724K->369944K(506816K), [Metaspace: 2698K->2698K(1056768K)], 0.0452744 secs] [Times: user=0.04 sys=0.00, real=0.05 secs] 
2021-01-22T19:41:37.706-0800: 160.192: [Full GC (Allocation Failure) 2021-01-22T19:41:37.707-0800: 160.192: [Tenured: 349509K->349255K(349568K), 0.0303420 secs] 506723K->383075K(506816K), [Metaspace: 2698K->2698K(1056768K)], 0.0304385 secs] [Times: user=0.03 sys=0.00, real=0.03 secs] 
2021-01-22T19:41:37.752-0800: 160.237: [Full GC (Allocation Failure) 2021-01-22T19:41:37.752-0800: 160.237: [Tenured: 349507K->349501K(349568K), 0.0363850 secs] 506721K->378363K(506816K), [Metaspace: 2698K->2698K(1056768K)], 0.0364844 secs] [Times: user=0.03 sys=0.00, real=0.03 secs] 
2021-01-22T19:41:37.805-0800: 160.290: [Full GC (Allocation Failure) 2021-01-22T19:41:37.805-0800: 160.290: [Tenured: 349501K->349482K(349568K), 0.0388188 secs] 506634K->378911K(506816K), [Metaspace: 2698K->2698K(1056768K)], 0.0389160 secs] [Times: user=0.04 sys=0.00, real=0.04 secs] 
2021-01-22T19:41:37.858-0800: 160.344: [Full GC (Allocation Failure) 2021-01-22T19:41:37.859-0800: 160.344: [Tenured: 349482K->349519K(349568K), 0.0453945 secs] 506679K->369579K(506816K), [Metaspace: 2698K->2698K(1056768K)], 0.0454900 secs] [Times: user=0.05 sys=0.00, real=0.05 secs] 
2021-01-22T19:41:37.920-0800: 160.405: [Full GC (Allocation Failure) 2021-01-22T19:41:37.920-0800: 160.405: [Tenured: 349519K->349337K(349568K), 0.0259700 secs] 506349K->391340K(506816K), [Metaspace: 2698K->2698K(1056768K)], 0.0260741 secs] [Times: user=0.03 sys=0.00, real=0.02 secs] 
2021-01-22T19:41:37.960-0800: 160.445: [Full GC (Allocation Failure) 2021-01-22T19:41:37.960-0800: 160.445: [Tenured: 349337K->349010K(349568K), 0.0363940 secs] 506174K->395001K(506816K), [Metaspace: 2698K->2698K(1056768K)], 0.0365001 secs] [Times: user=0.04 sys=0.00, real=0.03 secs] 
2021-01-22T19:41:38.010-0800: 160.495: [Full GC (Allocation Failure) 2021-01-22T19:41:38.010-0800: 160.495: [Tenured: 349259K->349510K(349568K), 0.0388182 secs] 506441K->389366K(506816K), [Metaspace: 2698K->2698K(1056768K)], 0.0389181 secs] [Times: user=0.04 sys=0.00, real=0.03 secs] 
2021-01-22T19:41:38.063-0800: 160.548: [Full GC (Allocation Failure) 2021-01-22T19:41:38.063-0800: 160.548: [Tenured: 349510K->349403K(349568K), 0.0470456 secs] 506730K->380667K(506816K), [Metaspace: 2698K->2698K(1056768K)], 0.0471407 secs] [Times: user=0.04 sys=0.00, real=0.05 secs] 
2021-01-22T19:41:38.125-0800: 160.610: [Full GC (Allocation Failure) 2021-01-22T19:41:38.125-0800: 160.610: [Tenured: 349403K->349347K(349568K), 0.0310021 secs] 506580K->397986K(506816K), [Metaspace: 2698K->2698K(1056768K)], 0.0310942 secs] [Times: user=0.03 sys=0.00, real=0.03 secs] 
2021-01-22T19:41:38.169-0800: 160.654: [Full GC (Allocation Failure) 2021-01-22T19:41:38.169-0800: 160.654: [Tenured: 349455K->349297K(349568K), 0.0352015 secs] 506682K->402086K(506816K), [Metaspace: 2698K->2698K(1056768K)], 0.0353046 secs] [Times: user=0.03 sys=0.00, real=0.04 secs] 
2021-01-22T19:41:38.217-0800: 160.702: [Full GC (Allocation Failure) 2021-01-22T19:41:38.217-0800: 160.702: [Tenured: 349468K->349491K(349568K), 0.0403743 secs] 506583K->400650K(506816K), [Metaspace: 2698K->2698K(1056768K)], 0.0404727 secs] [Times: user=0.04 sys=0.00, real=0.04 secs] 
2021-01-22T19:41:38.269-0800: 160.754: [Full GC (Allocation Failure) 2021-01-22T19:41:38.269-0800: 160.754: [Tenured: 349491K->349564K(349568K), 0.0472428 secs] 506686K->385047K(506816K), [Metaspace: 2698K->2698K(1056768K)], 0.0473385 secs] [Times: user=0.05 sys=0.00, real=0.05 secs] 
2021-01-22T19:41:38.331-0800: 160.816: [Full GC (Allocation Failure) 2021-01-22T19:41:38.331-0800: 160.816: [Tenured: 349564K->349414K(349568K), 0.0303297 secs] 506696K->403663K(506816K), [Metaspace: 2698K->2698K(1056768K)], 0.0304226 secs] [Times: user=0.03 sys=0.00, real=0.03 secs] 
2021-01-22T19:41:38.375-0800: 160.860: [Full GC (Allocation Failure) 2021-01-22T19:41:38.375-0800: 160.860: [Tenured: 349414K->349291K(349568K), 0.0380132 secs] 506477K->400267K(506816K), [Metaspace: 2698K->2698K(1056768K)], 0.0381073 secs] [Times: user=0.04 sys=0.00, real=0.04 secs] 
2021-01-22T19:41:38.426-0800: 160.912: [Full GC (Allocation Failure) 2021-01-22T19:41:38.426-0800: 160.912: [Tenured: 349291K->349545K(349568K), 0.0388014 secs] 505939K->397114K(506816K), [Metaspace: 2698K->2698K(1056768K)], 0.0389067 secs] [Times: user=0.03 sys=0.00, real=0.04 secs] 
2021-01-22T19:41:38.479-0800: 160.964: [Full GC (Allocation Failure) 2021-01-22T19:41:38.479-0800: 160.964: [Tenured: 349545K->349288K(349568K), 0.0463149 secs] 506747K->380473K(506816K), [Metaspace: 2698K->2698K(1056768K)], 0.0464139 secs] [Times: user=0.04 sys=0.00, real=0.05 secs] 
2021-01-22T19:41:38.541-0800: 161.027: [Full GC (Allocation Failure) 2021-01-22T19:41:38.541-0800: 161.027: [Tenured: 349425K->349447K(349568K), 0.0270083 secs] 506630K->400523K(506816K), [Metaspace: 2698K->2698K(1056768K)], 0.0271037 secs] [Times: user=0.03 sys=0.00, real=0.02 secs] 
2021-01-22T19:41:38.581-0800: 161.066: [Full GC (Allocation Failure) 2021-01-22T19:41:38.581-0800: 161.066: [Tenured: 349447K->348980K(349568K), 0.0380409 secs] 506561K->408793K(506816K), [Metaspace: 2698K->2698K(1056768K)], 0.0381320 secs] [Times: user=0.04 sys=0.00, real=0.03 secs] 
2021-01-22T19:41:38.632-0800: 161.117: [Full GC (Allocation Failure) 2021-01-22T19:41:38.632-0800: 161.117: [Tenured: 349520K->349458K(349568K), 0.0408528 secs] 506740K->403675K(506816K), [Metaspace: 2698K->2698K(1056768K)], 0.0409534 secs] [Times: user=0.04 sys=0.00, real=0.04 secs] 
2021-01-22T19:41:38.684-0800: 161.170: [Full GC (Allocation Failure) 2021-01-22T19:41:38.684-0800: 161.170: [Tenured: 349458K->349522K(349568K), 0.0471557 secs] 506319K->385836K(506816K), [Metaspace: 2698K->2698K(1056768K)], 0.0472559 secs] [Times: user=0.05 sys=0.00, real=0.05 secs] 
2021-01-22T19:41:38.746-0800: 161.231: [Full GC (Allocation Failure) 2021-01-22T19:41:38.746-0800: 161.231: [Tenured: 349522K->349149K(349568K), 0.0267225 secs] 506586K->409376K(506816K), [Metaspace: 2698K->2698K(1056768K)], 0.0268197 secs] [Times: user=0.03 sys=0.00, real=0.03 secs] 
2021-01-22T19:41:38.785-0800: 161.270: [Full GC (Allocation Failure) 2021-01-22T19:41:38.785-0800: 161.270: [Tenured: 349149K->349466K(349568K), 0.0366244 secs] 506278K->408461K(506816K), [Metaspace: 2698K->2698K(1056768K)], 0.0367372 secs] [Times: user=0.04 sys=0.00, real=0.04 secs] 
2021-01-22T19:41:38.834-0800: 161.319: [Full GC (Allocation Failure) 2021-01-22T19:41:38.834-0800: 161.319: [Tenured: 349502K->349399K(349568K), 0.0399501 secs] 506745K->407560K(506816K), [Metaspace: 2698K->2698K(1056768K)], 0.0400457 secs] [Times: user=0.04 sys=0.00, real=0.04 secs] 
2021-01-22T19:41:38.887-0800: 161.372: [Full GC (Allocation Failure) 2021-01-22T19:41:38.887-0800: 161.372: [Tenured: 349399K->349229K(349568K), 0.0471679 secs] 506577K->387452K(506816K), [Metaspace: 2698K->2698K(1056768K)], 0.0472605 secs] [Times: user=0.05 sys=0.00, real=0.05 secs] 
2021-01-22T19:41:38.949-0800: 161.434: [Full GC (Allocation Failure) 2021-01-22T19:41:38.949-0800: 161.434: [Tenured: 349539K->349447K(349568K), 0.0267491 secs] 506753K->403697K(506816K), [Metaspace: 2698K->2698K(1056768K)], 0.0268522 secs] [Times: user=0.02 sys=0.00, real=0.03 secs] 
2021-01-22T19:41:38.989-0800: 161.474: [Full GC (Allocation Failure) 2021-01-22T19:41:38.989-0800: 161.474: [Tenured: 349447K->349264K(349568K), 0.0365322 secs] 506211K->409101K(506816K), [Metaspace: 2698K->2698K(1056768K)], 0.0366222 secs] [Times: user=0.03 sys=0.00, real=0.04 secs] 
2021-01-22T19:41:39.038-0800: 161.523: [Full GC (Allocation Failure) 2021-01-22T19:41:39.038-0800: 161.523: [Tenured: 349422K->349100K(349568K), 0.0399792 secs] 506655K->406722K(506816K), [Metaspace: 2698K->2698K(1056768K)], 0.0400820 secs] [Times: user=0.04 sys=0.00, real=0.04 secs] 
2021-01-22T19:41:39.090-0800: 161.575: [Full GC (Allocation Failure) 2021-01-22T19:41:39.090-0800: 161.575: [Tenured: 349100K->349441K(349568K), 0.0469650 secs] 506227K->382240K(506816K), [Metaspace: 2698K->2698K(1056768K)], 0.0470701 secs] [Times: user=0.04 sys=0.00, real=0.04 secs] 
2021-01-22T19:41:39.152-0800: 161.637: [Full GC (Allocation Failure) 2021-01-22T19:41:39.152-0800: 161.637: [Tenured: 349441K->349513K(349568K), 0.0320157 secs] 506640K->391464K(506816K), [Metaspace: 2698K->2698K(1056768K)], 0.0321204 secs] [Times: user=0.03 sys=0.00, real=0.03 secs] 
2021-01-22T19:41:39.198-0800: 161.683: [Full GC (Allocation Failure) 2021-01-22T19:41:39.198-0800: 161.683: [Tenured: 349513K->349500K(349568K), 0.0376777 secs] 506649K->395929K(506816K), [Metaspace: 2698K->2698K(1056768K)], 0.0377754 secs] [Times: user=0.04 sys=0.00, real=0.04 secs] 
2021-01-22T19:41:39.251-0800: 161.736: [Full GC (Allocation Failure) 2021-01-22T19:41:39.251-0800: 161.736: [Tenured: 349500K->349260K(349568K), 0.0414222 secs] 506512K->392110K(506816K), [Metaspace: 2698K->2698K(1056768K)], 0.0415140 secs] [Times: user=0.04 sys=0.00, real=0.04 secs] 
2021-01-22T19:41:39.307-0800: 161.792: [Full GC (Allocation Failure) 2021-01-22T19:41:39.307-0800: 161.792: [Tenured: 349419K->349492K(349568K), 0.0460227 secs] 506579K->376679K(506816K), [Metaspace: 2698K->2698K(1056768K)], 0.0461126 secs] [Times: user=0.05 sys=0.00, real=0.05 secs] 
2021-01-22T19:41:39.367-0800: 161.853: [Full GC (Allocation Failure) 2021-01-22T19:41:39.367-0800: 161.853: [Tenured: 349492K->349360K(349568K), 0.0323353 secs] 506732K->391769K(506816K), [Metaspace: 2698K->2698K(1056768K)], 0.0324281 secs] [Times: user=0.03 sys=0.00, real=0.04 secs] 
2021-01-22T19:41:39.413-0800: 161.898: [Full GC (Allocation Failure) 2021-01-22T19:41:39.413-0800: 161.898: [Tenured: 349360K->349455K(349568K), 0.0367477 secs] 506205K->387940K(506816K), [Metaspace: 2698K->2698K(1056768K)], 0.0368496 secs] [Times: user=0.03 sys=0.00, real=0.04 secs] 
2021-01-22T19:41:39.465-0800: 161.950: [Full GC (Allocation Failure) 2021-01-22T19:41:39.465-0800: 161.950: [Tenured: 349455K->349381K(349568K), 0.0386658 secs] 506599K->387890K(506816K), [Metaspace: 2698K->2698K(1056768K)], 0.0387641 secs] [Times: user=0.04 sys=0.00, real=0.04 secs] 
2021-01-22T19:41:39.518-0800: 162.004: [Full GC (Allocation Failure) 2021-01-22T19:41:39.518-0800: 162.004: [Tenured: 349381K->349420K(349568K), 0.0453815 secs] 506627K->367792K(506816K), [Metaspace: 2698K->2698K(1056768K)], 0.0454754 secs] [Times: user=0.05 sys=0.00, real=0.05 secs] 
2021-01-22T19:41:39.580-0800: 162.065: [Full GC (Allocation Failure) 2021-01-22T19:41:39.580-0800: 162.065: [Tenured: 349420K->349529K(349568K), 0.0297051 secs] 506574K->372950K(506816K), [Metaspace: 2698K->2698K(1056768K)], 0.0298058 secs] [Times: user=0.03 sys=0.00, real=0.03 secs] 
2021-01-22T19:41:39.625-0800: 162.110: [Full GC (Allocation Failure) 2021-01-22T19:41:39.625-0800: 162.110: [Tenured: 349529K->349520K(349568K), 0.0364663 secs] 506732K->378069K(506816K), [Metaspace: 2698K->2698K(1056768K)], 0.0365627 secs] [Times: user=0.03 sys=0.00, real=0.04 secs] 
2021-01-22T19:41:39.676-0800: 162.161: [Full GC (Allocation Failure) 2021-01-22T19:41:39.676-0800: 162.162: [Tenured: 349556K->349350K(349568K), 0.0396841 secs] 506790K->380944K(506816K), [Metaspace: 2698K->2698K(1056768K)], 0.0397787 secs] [Times: user=0.04 sys=0.00, real=0.04 secs] 
2021-01-22T19:41:39.731-0800: 162.217: [Full GC (Allocation Failure) 2021-01-22T19:41:39.732-0800: 162.217: [Tenured: 349350K->349449K(349568K), 0.0450577 secs] 506419K->366658K(506816K), [Metaspace: 2698K->2698K(1056768K)], 0.0451605 secs] [Times: user=0.05 sys=0.00, real=0.04 secs] 
2021-01-22T19:41:39.794-0800: 162.280: [Full GC (Allocation Failure) 2021-01-22T19:41:39.795-0800: 162.280: [Tenured: 349512K->349491K(349568K), 0.0245434 secs] 506739K->379763K(506816K), [Metaspace: 2698K->2698K(1056768K)], 0.0246370 secs] [Times: user=0.02 sys=0.00, real=0.02 secs] 
2021-01-22T19:41:39.834-0800: 162.319: [Full GC (Allocation Failure) 2021-01-22T19:41:39.834-0800: 162.319: [Tenured: 349491K->349303K(349568K), 0.0352681 secs] 506493K->388532K(506816K), [Metaspace: 2698K->2698K(1056768K)], 0.0353830 secs] [Times: user=0.03 sys=0.00, real=0.03 secs] 
2021-01-22T19:41:39.883-0800: 162.369: [Full GC (Allocation Failure) 2021-01-22T19:41:39.883-0800: 162.369: [Tenured: 349303K->349352K(349568K), 0.0382659 secs] 506530K->388419K(506816K), [Metaspace: 2698K->2698K(1056768K)], 0.0383658 secs] [Times: user=0.03 sys=0.00, real=0.04 secs] 
2021-01-22T19:41:39.936-0800: 162.421: [Full GC (Allocation Failure) 2021-01-22T19:41:39.936-0800: 162.421: [Tenured: 349527K->349090K(349568K), 0.0456546 secs] 506673K->375805K(506816K), [Metaspace: 2698K->2698K(1056768K)], 0.0457575 secs] [Times: user=0.04 sys=0.00, real=0.05 secs] 
2021-01-22T19:41:39.998-0800: 162.483: [Full GC (Allocation Failure) 2021-01-22T19:41:39.998-0800: 162.483: [Tenured: 349449K->349565K(349568K), 0.0318568 secs] 506574K->402081K(506816K), [Metaspace: 2698K->2698K(1056768K)], 0.0319458 secs] [Times: user=0.03 sys=0.00, real=0.04 secs] 
2021-01-22T19:41:40.043-0800: 162.528: [Full GC (Allocation Failure) 2021-01-22T19:41:40.043-0800: 162.528: [Tenured: 349565K->349420K(349568K), 0.0424187 secs] 506779K->398201K(506816K), [Metaspace: 2698K->2698K(1056768K)], 0.0425021 secs] [Times: user=0.04 sys=0.00, real=0.04 secs] 
2021-01-22T19:41:40.098-0800: 162.583: [Full GC (Allocation Failure) 2021-01-22T19:41:40.098-0800: 162.583: [Tenured: 349564K->349237K(349568K), 0.0386565 secs] 506802K->396714K(506816K), [Metaspace: 2698K->2698K(1056768K)], 0.0387543 secs] [Times: user=0.04 sys=0.00, real=0.04 secs] 
2021-01-22T19:41:40.150-0800: 162.635: [Full GC (Allocation Failure) 2021-01-22T19:41:40.150-0800: 162.635: [Tenured: 349237K->349550K(349568K), 0.0463794 secs] 505915K->380655K(506816K), [Metaspace: 2698K->2698K(1056768K)], 0.0464889 secs] [Times: user=0.04 sys=0.00, real=0.04 secs] 
2021-01-22T19:41:40.212-0800: 162.697: [Full GC (Allocation Failure) 2021-01-22T19:41:40.212-0800: 162.697: [Tenured: 349550K->349560K(349568K), 0.0287956 secs] 506744K->397641K(506816K), [Metaspace: 2698K->2698K(1056768K)], 0.0288903 secs] [Times: user=0.03 sys=0.00, real=0.03 secs] 
2021-01-22T19:41:40.255-0800: 162.740: [Full GC (Allocation Failure) 2021-01-22T19:41:40.255-0800: 162.740: [Tenured: 349560K->349492K(349568K), 0.0381267 secs] 506508K->398007K(506816K), [Metaspace: 2698K->2698K(1056768K)], 0.0382306 secs] [Times: user=0.04 sys=0.00, real=0.04 secs] 
2021-01-22T19:41:40.306-0800: 162.791: [Full GC (Allocation Failure) 2021-01-22T19:41:40.306-0800: 162.792: [Tenured: 349492K->348916K(349568K), 0.0394628 secs] 506701K->396727K(506816K), [Metaspace: 2698K->2698K(1056768K)], 0.0395588 secs] [Times: user=0.04 sys=0.00, real=0.04 secs] 
2021-01-22T19:41:40.358-0800: 162.843: [Full GC (Allocation Failure) 2021-01-22T19:41:40.358-0800: 162.843: [Tenured: 349526K->349125K(349568K), 0.0463794 secs] 506695K->381855K(506816K), [Metaspace: 2698K->2698K(1056768K)], 0.0464877 secs] [Times: user=0.05 sys=0.00, real=0.05 secs] 
2021-01-22T19:41:40.420-0800: 162.906: [Full GC (Allocation Failure) 2021-01-22T19:41:40.420-0800: 162.906: [Tenured: 349272K->349538K(349568K), 0.0306936 secs] 506401K->395093K(506816K), [Metaspace: 2698K->2698K(1056768K)], 0.0307864 secs] [Times: user=0.03 sys=0.00, real=0.03 secs] 
2021-01-22T19:41:40.466-0800: 162.951: [Full GC (Allocation Failure) 2021-01-22T19:41:40.466-0800: 162.951: [Tenured: 349538K->349422K(349568K), 0.0364241 secs] 506433K->395854K(506816K), [Metaspace: 2698K->2698K(1056768K)], 0.0365253 secs] [Times: user=0.04 sys=0.00, real=0.04 secs] 
2021-01-22T19:41:40.516-0800: 163.001: [Full GC (Allocation Failure) 2021-01-22T19:41:40.516-0800: 163.001: [Tenured: 349494K->349508K(349568K), 0.0401366 secs] 506673K->399113K(506816K), [Metaspace: 2698K->2698K(1056768K)], 0.0402361 secs] [Times: user=0.04 sys=0.00, real=0.04 secs] 
2021-01-22T19:41:40.569-0800: 163.055: [Full GC (Allocation Failure) 2021-01-22T19:41:40.569-0800: 163.055: [Tenured: 349508K->349401K(349568K), 0.0467873 secs] 506723K->384135K(506816K), [Metaspace: 2698K->2698K(1056768K)], 0.0469024 secs] [Times: user=0.04 sys=0.00, real=0.05 secs] 
2021-01-22T19:41:40.630-0800: 163.116: [Full GC (Allocation Failure) 2021-01-22T19:41:40.630-0800: 163.116: [Tenured: 349401K->349512K(349568K), 0.0311194 secs] 506135K->397174K(506816K), [Metaspace: 2698K->2698K(1056768K)], 0.0312158 secs] [Times: user=0.03 sys=0.00, real=0.03 secs] 
2021-01-22T19:41:40.675-0800: 163.160: [Full GC (Allocation Failure) 2021-01-22T19:41:40.675-0800: 163.160: [Tenured: 349512K->349308K(349568K), 0.0380670 secs] 506543K->401587K(506816K), [Metaspace: 2698K->2698K(1056768K)], 0.0381571 secs] [Times: user=0.04 sys=0.00, real=0.04 secs] 
2021-01-22T19:41:40.727-0800: 163.212: [Full GC (Allocation Failure) 2021-01-22T19:41:40.727-0800: 163.212: [Tenured: 349308K->349150K(349568K), 0.0404116 secs] 506290K->405856K(506816K), [Metaspace: 2698K->2698K(1056768K)], 0.0405086 secs] [Times: user=0.04 sys=0.00, real=0.04 secs] 
2021-01-22T19:41:40.779-0800: 163.264: [Full GC (Allocation Failure) 2021-01-22T19:41:40.779-0800: 163.264: [Tenured: 349310K->349153K(349568K), 0.0473670 secs] 506553K->388689K(506816K), [Metaspace: 2698K->2698K(1056768K)], 0.0474578 secs] [Times: user=0.05 sys=0.00, real=0.05 secs] 
2021-01-22T19:41:40.841-0800: 163.326: [Full GC (Allocation Failure) 2021-01-22T19:41:40.841-0800: 163.326: [Tenured: 349549K->349209K(349568K), 0.0265537 secs] 506785K->407255K(506816K), [Metaspace: 2698K->2698K(1056768K)], 0.0266478 secs] [Times: user=0.02 sys=0.00, real=0.02 secs] 
2021-01-22T19:41:40.879-0800: 163.364: [Full GC (Allocation Failure) 2021-01-22T19:41:40.879-0800: 163.364: [Tenured: 349548K->348944K(349568K), 0.0360542 secs] 506792K->403381K(506816K), [Metaspace: 2698K->2698K(1056768K)], 0.0361427 secs] [Times: user=0.04 sys=0.00, real=0.04 secs] 
2021-01-22T19:41:40.928-0800: 163.413: [Full GC (Allocation Failure) 2021-01-22T19:41:40.928-0800: 163.413: [Tenured: 349382K->348782K(349568K), 0.0430704 secs] 506603K->400137K(506816K), [Metaspace: 2698K->2698K(1056768K)], 0.0431846 secs] [Times: user=0.05 sys=0.00, real=0.05 secs] 
2021-01-22T19:41:40.983-0800: 163.469: [Full GC (Allocation Failure) 2021-01-22T19:41:40.983-0800: 163.469: [Tenured: 349070K->349299K(349568K), 0.0472262 secs] 506212K->383358K(506816K), [Metaspace: 2698K->2698K(1056768K)], 0.0473238 secs] [Times: user=0.04 sys=0.00, real=0.05 secs] 
2021-01-22T19:41:41.046-0800: 163.531: [Full GC (Allocation Failure) 2021-01-22T19:41:41.046-0800: 163.531: [Tenured: 349541K->349307K(349568K), 0.0289224 secs] 506774K->399037K(506816K), [Metaspace: 2698K->2698K(1056768K)], 0.0290153 secs] [Times: user=0.03 sys=0.00, real=0.03 secs] 
2021-01-22T19:41:41.088-0800: 163.574: [Full GC (Allocation Failure) 2021-01-22T19:41:41.088-0800: 163.574: [Tenured: 349473K->349510K(349568K), 0.0389693 secs] 506709K->405677K(506816K), [Metaspace: 2698K->2698K(1056768K)], 0.0390665 secs] [Times: user=0.04 sys=0.00, real=0.04 secs] 
2021-01-22T19:41:41.139-0800: 163.624: [Full GC (Allocation Failure) 2021-01-22T19:41:41.139-0800: 163.624: [Tenured: 349510K->349462K(349568K), 0.0418339 secs] 506626K->412815K(506816K), [Metaspace: 2698K->2698K(1056768K)], 0.0419327 secs] [Times: user=0.04 sys=0.00, real=0.05 secs] 
2021-01-22T19:41:41.193-0800: 163.679: [Full GC (Allocation Failure) 2021-01-22T19:41:41.193-0800: 163.679: [Tenured: 349462K->348897K(349568K), 0.0492305 secs] 506701K->400902K(506816K), [Metaspace: 2698K->2698K(1056768K)], 0.0493270 secs] [Times: user=0.05 sys=0.00, real=0.05 secs] 
2021-01-22T19:41:41.257-0800: 163.742: [Full GC (Allocation Failure) 2021-01-22T19:41:41.257-0800: 163.742: [Tenured: 349517K->349479K(349568K), 0.0257058 secs] 506728K->422832K(506816K), [Metaspace: 2698K->2698K(1056768K)], 0.0258050 secs] [Times: user=0.02 sys=0.00, real=0.03 secs] 
2021-01-22T19:41:41.293-0800: 163.778: [Full GC (Allocation Failure) 2021-01-22T19:41:41.293-0800: 163.778: [Tenured: 349479K->349352K(349568K), 0.0346954 secs] 506586K->416111K(506816K), [Metaspace: 2698K->2698K(1056768K)], 0.0347897 secs] [Times: user=0.04 sys=0.00, real=0.03 secs] 
2021-01-22T19:41:41.339-0800: 163.824: [Full GC (Allocation Failure) 2021-01-22T19:41:41.339-0800: 163.824: [Tenured: 349352K->349474K(349568K), 0.0386872 secs] 506471K->416902K(506816K), [Metaspace: 2698K->2698K(1056768K)], 0.0387845 secs] [Times: user=0.04 sys=0.00, real=0.04 secs] 
2021-01-22T19:41:41.389-0800: 163.874: [Full GC (Allocation Failure) 2021-01-22T19:41:41.389-0800: 163.874: [Tenured: 349474K->349281K(349568K), 0.0477447 secs] 506172K->396496K(506816K), [Metaspace: 2698K->2698K(1056768K)], 0.0478417 secs] [Times: user=0.05 sys=0.00, real=0.05 secs] 
2021-01-22T19:41:41.451-0800: 163.936: [Full GC (Allocation Failure) 2021-01-22T19:41:41.451-0800: 163.936: [Tenured: 349534K->349218K(349568K), 0.0332321 secs] 506687K->409710K(506816K), [Metaspace: 2698K->2698K(1056768K)], 0.0333322 secs] [Times: user=0.04 sys=0.00, real=0.03 secs] 
2021-01-22T19:41:41.496-0800: 163.981: [Full GC (Allocation Failure) 2021-01-22T19:41:41.496-0800: 163.981: [Tenured: 349218K->349082K(349568K), 0.0402846 secs] 505934K->403278K(506816K), [Metaspace: 2698K->2698K(1056768K)], 0.0403845 secs] [Times: user=0.04 sys=0.00, real=0.04 secs] 
2021-01-22T19:41:41.549-0800: 164.034: [Full GC (Allocation Failure) 2021-01-22T19:41:41.549-0800: 164.034: [Tenured: 349521K->349264K(349568K), 0.0413938 secs] 506717K->398655K(506816K), [Metaspace: 2698K->2698K(1056768K)], 0.0414874 secs] [Times: user=0.04 sys=0.00, real=0.05 secs] 
2021-01-22T19:41:41.603-0800: 164.089: [Full GC (Allocation Failure) 2021-01-22T19:41:41.603-0800: 164.089: [Tenured: 349516K->349199K(349568K), 0.0462688 secs] 506764K->380482K(506816K), [Metaspace: 2698K->2698K(1056768K)], 0.0463653 secs] [Times: user=0.05 sys=0.00, real=0.05 secs] 
2021-01-22T19:41:41.664-0800: 164.149: [Full GC (Allocation Failure) 2021-01-22T19:41:41.664-0800: 164.150: [Tenured: 349567K->349545K(349568K), 0.0287754 secs] 506661K->398319K(506816K), [Metaspace: 2698K->2698K(1056768K)], 0.0288774 secs] [Times: user=0.03 sys=0.00, real=0.03 secs] 
2021-01-22T19:41:41.706-0800: 164.191: [Full GC (Allocation Failure) 2021-01-22T19:41:41.706-0800: 164.191: [Tenured: 349545K->349519K(349568K), 0.0378317 secs] 506614K->399746K(506816K), [Metaspace: 2698K->2698K(1056768K)], 0.0379389 secs] [Times: user=0.03 sys=0.00, real=0.04 secs] 
2021-01-22T19:41:41.758-0800: 164.243: [Full GC (Allocation Failure) 2021-01-22T19:41:41.758-0800: 164.243: [Tenured: 349519K->349405K(349568K), 0.0399736 secs] 506741K->393798K(506816K), [Metaspace: 2698K->2698K(1056768K)], 0.0400731 secs] [Times: user=0.04 sys=0.00, real=0.04 secs] 
2021-01-22T19:41:41.813-0800: 164.298: [Full GC (Allocation Failure) 2021-01-22T19:41:41.813-0800: 164.298: [Tenured: 349405K->349353K(349568K), 0.0458270 secs] 506426K->371722K(506816K), [Metaspace: 2698K->2698K(1056768K)], 0.0459297 secs] [Times: user=0.05 sys=0.00, real=0.04 secs] 
2021-01-22T19:41:41.875-0800: 164.360: [Full GC (Allocation Failure) 2021-01-22T19:41:41.875-0800: 164.360: [Tenured: 349353K->349488K(349568K), 0.0297549 secs] 506545K->391610K(506816K), [Metaspace: 2698K->2698K(1056768K)], 0.0298576 secs] [Times: user=0.03 sys=0.00, real=0.03 secs] 
2021-01-22T19:41:41.918-0800: 164.403: [Full GC (Allocation Failure) 2021-01-22T19:41:41.918-0800: 164.404: [Tenured: 349560K->349493K(349568K), 0.0394102 secs] 506777K->395308K(506816K), [Metaspace: 2698K->2698K(1056768K)], 0.0395099 secs] [Times: user=0.03 sys=0.00, real=0.04 secs] 
2021-01-22T19:41:41.972-0800: 164.457: [Full GC (Allocation Failure) 2021-01-22T19:41:41.972-0800: 164.457: [Tenured: 349493K->349260K(349568K), 0.0395399 secs] 506644K->392931K(506816K), [Metaspace: 2698K->2698K(1056768K)], 0.0396434 secs] [Times: user=0.04 sys=0.00, real=0.04 secs] 
2021-01-22T19:41:42.025-0800: 164.510: [Full GC (Allocation Failure) 2021-01-22T19:41:42.025-0800: 164.510: [Tenured: 349546K->349284K(349568K), 0.0463137 secs] 506793K->374439K(506816K), [Metaspace: 2698K->2698K(1056768K)], 0.0464155 secs] [Times: user=0.05 sys=0.00, real=0.05 secs] 
2021-01-22T19:41:42.088-0800: 164.573: [Full GC (Allocation Failure) 2021-01-22T19:41:42.088-0800: 164.573: [Tenured: 349284K->349357K(349568K), 0.0282095 secs] 506320K->381212K(506816K), [Metaspace: 2698K->2698K(1056768K)], 0.0283133 secs] [Times: user=0.03 sys=0.00, real=0.03 secs] 
2021-01-22T19:41:42.131-0800: 164.616: [Full GC (Allocation Failure) 2021-01-22T19:41:42.131-0800: 164.616: [Tenured: 349357K->349134K(349568K), 0.0362483 secs] 506428K->379979K(506816K), [Metaspace: 2698K->2698K(1056768K)], 0.0363697 secs] [Times: user=0.03 sys=0.00, real=0.03 secs] 
2021-01-22T19:41:42.183-0800: 164.669: [Full GC (Allocation Failure) 2021-01-22T19:41:42.183-0800: 164.669: [Tenured: 349134K->349551K(349568K), 0.0396533 secs] 505995K->377952K(506816K), [Metaspace: 2698K->2698K(1056768K)], 0.0403824 secs] [Times: user=0.03 sys=0.00, real=0.04 secs] 
2021-01-22T19:41:42.238-0800: 164.724: [Full GC (Allocation Failure) 2021-01-22T19:41:42.239-0800: 164.724: [Tenured: 349551K->349354K(349568K), 0.0465393 secs] 506720K->365337K(506816K), [Metaspace: 2698K->2698K(1056768K)], 0.0466409 secs] [Times: user=0.05 sys=0.00, real=0.05 secs] 
2021-01-22T19:41:42.303-0800: 164.789: [Full GC (Allocation Failure) 2021-01-22T19:41:42.303-0800: 164.789: [Tenured: 349354K->349249K(349568K), 0.0268135 secs] 506408K->378323K(506816K), [Metaspace: 2698K->2698K(1056768K)], 0.0269087 secs] [Times: user=0.03 sys=0.00, real=0.03 secs] 
2021-01-22T19:41:42.347-0800: 164.832: [Full GC (Allocation Failure) 2021-01-22T19:41:42.347-0800: 164.832: [Tenured: 349465K->349534K(349568K), 0.0397999 secs] 506662K->380480K(506816K), [Metaspace: 2698K->2698K(1056768K)], 0.0398970 secs] [Times: user=0.03 sys=0.00, real=0.04 secs] 
2021-01-22T19:41:42.402-0800: 164.888: [Full GC (Allocation Failure) 2021-01-22T19:41:42.402-0800: 164.888: [Tenured: 349534K->349553K(349568K), 0.0434418 secs] 506750K->383145K(506816K), [Metaspace: 2698K->2698K(1056768K)], 0.0435377 secs] [Times: user=0.04 sys=0.00, real=0.04 secs] 
2021-01-22T19:41:42.461-0800: 164.947: [Full GC (Allocation Failure) 2021-01-22T19:41:42.461-0800: 164.947: [Tenured: 349553K->349339K(349568K), 0.0476619 secs] 506661K->371430K(506816K), [Metaspace: 2698K->2698K(1056768K)], 0.0477590 secs] [Times: user=0.04 sys=0.00, real=0.04 secs] 
2021-01-22T19:41:42.526-0800: 165.011: [Full GC (Allocation Failure) 2021-01-22T19:41:42.526-0800: 165.011: [Tenured: 349339K->349312K(349568K), 0.0270938 secs] 506226K->393506K(506816K), [Metaspace: 2698K->2698K(1056768K)], 0.0271934 secs] [Times: user=0.03 sys=0.00, real=0.03 secs] 
2021-01-22T19:41:42.568-0800: 165.053: [Full GC (Allocation Failure) 2021-01-22T19:41:42.568-0800: 165.053: [Tenured: 349456K->349310K(349568K), 0.0363558 secs] 506607K->390033K(506816K), [Metaspace: 2698K->2698K(1056768K)], 0.0364551 secs] [Times: user=0.04 sys=0.00, real=0.04 secs] 
2021-01-22T19:41:42.618-0800: 165.103: [Full GC (Allocation Failure) 2021-01-22T19:41:42.618-0800: 165.103: [Tenured: 349310K->349524K(349568K), 0.0410786 secs] 506419K->389983K(506816K), [Metaspace: 2698K->2698K(1056768K)], 0.0411668 secs] [Times: user=0.04 sys=0.00, real=0.04 secs] 
2021-01-22T19:41:42.674-0800: 165.159: [Full GC (Allocation Failure) 2021-01-22T19:41:42.674-0800: 165.159: [Tenured: 349524K->349232K(349568K), 0.0472349 secs] 506485K->371841K(506816K), [Metaspace: 2698K->2698K(1056768K)], 0.0473287 secs] [Times: user=0.04 sys=0.00, real=0.05 secs] 
2021-01-22T19:41:42.738-0800: 165.224: [Full GC (Allocation Failure) 2021-01-22T19:41:42.738-0800: 165.224: [Tenured: 349232K->349458K(349568K), 0.0359397 secs] 506291K->394869K(506816K), [Metaspace: 2698K->2698K(1056768K)], 0.0360304 secs] [Times: user=0.03 sys=0.00, real=0.04 secs] 
2021-01-22T19:41:42.793-0800: 165.278: [Full GC (Allocation Failure) 2021-01-22T19:41:42.793-0800: 165.278: [Tenured: 349458K->349484K(349568K), 0.0493735 secs] 506531K->390041K(506816K), [Metaspace: 2698K->2698K(1056768K)], 0.0494567 secs] [Times: user=0.05 sys=0.00, real=0.05 secs] 
2021-01-22T19:41:42.859-0800: 165.345: [Full GC (Allocation Failure) 2021-01-22T19:41:42.859-0800: 165.345: [Tenured: 349484K->349542K(349568K), 0.0462149 secs] 506566K->396750K(506816K), [Metaspace: 2698K->2698K(1056768K)], 0.0463050 secs] [Times: user=0.05 sys=0.00, real=0.05 secs] 
2021-01-22T19:41:42.921-0800: 165.406: [Full GC (Allocation Failure) 2021-01-22T19:41:42.921-0800: 165.406: [Tenured: 349542K->349475K(349568K), 0.0514304 secs] 506766K->383629K(506816K), [Metaspace: 2698K->2698K(1056768K)], 0.0515239 secs] [Times: user=0.05 sys=0.00, real=0.05 secs] 
2021-01-22T19:41:42.989-0800: 165.474: [Full GC (Allocation Failure) 2021-01-22T19:41:42.989-0800: 165.474: [Tenured: 349475K->349253K(349568K), 0.0330176 secs] 506698K->395221K(506816K), [Metaspace: 2698K->2698K(1056768K)], 0.0331091 secs] [Times: user=0.03 sys=0.00, real=0.04 secs] 
2021-01-22T19:41:43.037-0800: 165.522: [Full GC (Allocation Failure) 2021-01-22T19:41:43.037-0800: 165.522: [Tenured: 349253K->349423K(349568K), 0.0374956 secs] 506013K->397967K(506816K), [Metaspace: 2698K->2698K(1056768K)], 0.0375852 secs] [Times: user=0.04 sys=0.00, real=0.04 secs] 
2021-01-22T19:41:43.088-0800: 165.573: [Full GC (Allocation Failure) 2021-01-22T19:41:43.088-0800: 165.573: [Tenured: 349495K->349255K(349568K), 0.0455031 secs] 506725K->400979K(506816K), [Metaspace: 2698K->2698K(1056768K)], 0.0455996 secs] [Times: user=0.05 sys=0.00, real=0.05 secs] 
2021-01-22T19:41:43.145-0800: 165.631: [Full GC (Allocation Failure) 2021-01-22T19:41:43.146-0800: 165.631: [Tenured: 349488K->349503K(349568K), 0.0469696 secs] 506707K->374635K(506816K), [Metaspace: 2698K->2698K(1056768K)], 0.0470664 secs] [Times: user=0.05 sys=0.00, real=0.05 secs] 
2021-01-22T19:41:43.209-0800: 165.694: [Full GC (Allocation Failure) 2021-01-22T19:41:43.209-0800: 165.694: [Tenured: 349503K->349561K(349568K), 0.0281654 secs] 506721K->386233K(506816K), [Metaspace: 2698K->2698K(1056768K)], 0.0282762 secs] [Times: user=0.03 sys=0.00, real=0.03 secs] 
2021-01-22T19:41:43.252-0800: 165.737: [Full GC (Allocation Failure) 2021-01-22T19:41:43.252-0800: 165.738: [Tenured: 349561K->349454K(349568K), 0.0358579 secs] 506795K->387538K(506816K), [Metaspace: 2698K->2698K(1056768K)], 0.0359519 secs] [Times: user=0.03 sys=0.00, real=0.03 secs] 
2021-01-22T19:41:43.302-0800: 165.787: [Full GC (Allocation Failure) 2021-01-22T19:41:43.302-0800: 165.787: [Tenured: 349519K->349540K(349568K), 0.0400836 secs] 506760K->390740K(506816K), [Metaspace: 2698K->2698K(1056768K)], 0.0402915 secs] [Times: user=0.04 sys=0.00, real=0.04 secs] 
2021-01-22T19:41:43.357-0800: 165.842: [Full GC (Allocation Failure) 2021-01-22T19:41:43.357-0800: 165.842: [Tenured: 349540K->349160K(349568K), 0.0455358 secs] 506554K->367688K(506816K), [Metaspace: 2698K->2698K(1056768K)], 0.0456318 secs] [Times: user=0.05 sys=0.00, real=0.05 secs] 
2021-01-22T19:41:43.419-0800: 165.904: [Full GC (Allocation Failure) 2021-01-22T19:41:43.419-0800: 165.904: [Tenured: 349432K->349430K(349568K), 0.0321175 secs] 506664K->385868K(506816K), [Metaspace: 2698K->2698K(1056768K)], 0.0322064 secs] [Times: user=0.03 sys=0.00, real=0.04 secs] 
2021-01-22T19:41:43.466-0800: 165.951: [Full GC (Allocation Failure) 2021-01-22T19:41:43.466-0800: 165.951: [Tenured: 349430K->349356K(349568K), 0.0469700 secs] 506415K->383216K(506816K), [Metaspace: 2698K->2698K(1056768K)], 0.0470683 secs] [Times: user=0.04 sys=0.00, real=0.05 secs] 
2021-01-22T19:41:43.535-0800: 166.020: [Full GC (Allocation Failure) 2021-01-22T19:41:43.535-0800: 166.020: [Tenured: 349356K->349492K(349568K), 0.0561012 secs] 506394K->387808K(506816K), [Metaspace: 2698K->2698K(1056768K)], 0.0563006 secs] [Times: user=0.05 sys=0.00, real=0.06 secs] 
2021-01-22T19:41:43.609-0800: 166.094: [Full GC (Allocation Failure) 2021-01-22T19:41:43.609-0800: 166.094: [Tenured: 349492K->349219K(349568K), 0.0563421 secs] 506392K->367327K(506816K), [Metaspace: 2698K->2698K(1056768K)], 0.0564374 secs] [Times: user=0.05 sys=0.01, real=0.06 secs] 
2021-01-22T19:41:43.685-0800: 166.170: [Full GC (Allocation Failure) 2021-01-22T19:41:43.685-0800: 166.170: [Tenured: 349506K->349000K(349568K), 0.0353345 secs] 506752K->386616K(506816K), [Metaspace: 2698K->2698K(1056768K)], 0.0355882 secs] [Times: user=0.04 sys=0.00, real=0.04 secs] 
2021-01-22T19:41:43.738-0800: 166.223: [Full GC (Allocation Failure) 2021-01-22T19:41:43.738-0800: 166.223: [Tenured: 349432K->348895K(349568K), 0.0399472 secs] 506626K->382387K(506816K), [Metaspace: 2698K->2698K(1056768K)], 0.0400576 secs] [Times: user=0.04 sys=0.00, real=0.04 secs] 
2021-01-22T19:41:43.793-0800: 166.278: [Full GC (Allocation Failure) 2021-01-22T19:41:43.793-0800: 166.279: [Tenured: 348895K->349082K(349568K), 0.0397165 secs] 505866K->380863K(506816K), [Metaspace: 2698K->2698K(1056768K)], 0.0398153 secs] [Times: user=0.03 sys=0.00, real=0.04 secs] 
2021-01-22T19:41:43.849-0800: 166.334: [Full GC (Allocation Failure) 2021-01-22T19:41:43.849-0800: 166.334: [Tenured: 349539K->349292K(349568K), 0.0470856 secs] 506763K->364149K(506816K), [Metaspace: 2698K->2698K(1056768K)], 0.0471790 secs] [Times: user=0.05 sys=0.00, real=0.05 secs] 
2021-01-22T19:41:43.913-0800: 166.399: [Full GC (Allocation Failure) 2021-01-22T19:41:43.913-0800: 166.399: [Tenured: 349567K->349383K(349568K), 0.0347380 secs] 506790K->382979K(506816K), [Metaspace: 2698K->2698K(1056768K)], 0.0348331 secs] [Times: user=0.04 sys=0.00, real=0.03 secs] 
2021-01-22T19:41:43.964-0800: 166.449: [Full GC (Allocation Failure) 2021-01-22T19:41:43.964-0800: 166.450: [Tenured: 349383K->349531K(349568K), 0.0410646 secs] 506488K->379778K(506816K), [Metaspace: 2698K->2698K(1056768K)], 0.0411645 secs] [Times: user=0.04 sys=0.00, real=0.04 secs] 
2021-01-22T19:41:44.023-0800: 166.508: [Full GC (Allocation Failure) 2021-01-22T19:41:44.023-0800: 166.508: [Tenured: 349531K->349534K(349568K), 0.0520448 secs] 506073K->378966K(506816K), [Metaspace: 2698K->2698K(1056768K)], 0.0521468 secs] [Times: user=0.05 sys=0.00, real=0.05 secs] 
2021-01-22T19:41:44.095-0800: 166.580: [Full GC (Allocation Failure) 2021-01-22T19:41:44.095-0800: 166.581: [Tenured: 349534K->349499K(349568K), 0.0570824 secs] 506412K->369915K(506816K), [Metaspace: 2698K->2698K(1056768K)], 0.0571889 secs] [Times: user=0.05 sys=0.00, real=0.06 secs] 
2021-01-22T19:41:44.175-0800: 166.660: [Full GC (Allocation Failure) 2021-01-22T19:41:44.175-0800: 166.660: [Tenured: 349499K->349446K(349568K), 0.0423684 secs] 506518K->387064K(506816K), [Metaspace: 2698K->2698K(1056768K)], 0.0424701 secs] [Times: user=0.04 sys=0.01, real=0.04 secs] 
2021-01-22T19:41:44.235-0800: 166.721: [Full GC (Allocation Failure) 2021-01-22T19:41:44.235-0800: 166.721: [Tenured: 349446K->349420K(349568K), 0.0586113 secs] 506375K->383819K(506816K), [Metaspace: 2698K->2698K(1056768K)], 0.0587201 secs] [Times: user=0.04 sys=0.00, real=0.06 secs] 
2021-01-22T19:41:44.312-0800: 166.798: [Full GC (Allocation Failure) 2021-01-22T19:41:44.312-0800: 166.798: [Tenured: 349420K->349329K(349568K), 0.0507203 secs] 505968K->385984K(506816K), [Metaspace: 2698K->2698K(1056768K)], 0.0508180 secs] [Times: user=0.05 sys=0.00, real=0.05 secs] 
2021-01-22T19:41:44.380-0800: 166.865: [Full GC (Allocation Failure) 2021-01-22T19:41:44.380-0800: 166.865: [Tenured: 349329K->349558K(349568K), 0.0493592 secs] 506332K->371028K(506816K), [Metaspace: 2698K->2698K(1056768K)], 0.0496879 secs] [Times: user=0.05 sys=0.00, real=0.04 secs] 
2021-01-22T19:41:44.450-0800: 166.935: [Full GC (Allocation Failure) 2021-01-22T19:41:44.450-0800: 166.935: [Tenured: 349558K->349461K(349568K), 0.0290639 secs] 506700K->385668K(506816K), [Metaspace: 2698K->2698K(1056768K)], 0.0292590 secs] [Times: user=0.03 sys=0.00, real=0.02 secs] 
2021-01-22T19:41:44.493-0800: 166.978: [Full GC (Allocation Failure) 2021-01-22T19:41:44.493-0800: 166.978: [Tenured: 349524K->349470K(349568K), 0.0348133 secs] 506771K->390063K(506816K), [Metaspace: 2698K->2698K(1056768K)], 0.0349129 secs] [Times: user=0.03 sys=0.00, real=0.03 secs] 
2021-01-22T19:41:44.541-0800: 167.026: [Full GC (Allocation Failure) 2021-01-22T19:41:44.541-0800: 167.026: [Tenured: 349537K->349253K(349568K), 0.0379556 secs] 506784K->386712K(506816K), [Metaspace: 2698K->2698K(1056768K)], 0.0380966 secs] [Times: user=0.03 sys=0.00, real=0.03 secs] 
2021-01-22T19:41:44.593-0800: 167.078: [Full GC (Allocation Failure) 2021-01-22T19:41:44.593-0800: 167.078: [Tenured: 349556K->349329K(349568K), 0.0459788 secs] 506797K->368439K(506816K), [Metaspace: 2698K->2698K(1056768K)], 0.0460775 secs] [Times: user=0.04 sys=0.00, real=0.04 secs] 
2021-01-22T19:41:44.655-0800: 167.141: [Full GC (Allocation Failure) 2021-01-22T19:41:44.655-0800: 167.141: [Tenured: 349437K->349460K(349568K), 0.0402058 secs] 506683K->385009K(506816K), [Metaspace: 2698K->2698K(1056768K)], 0.0403058 secs] [Times: user=0.04 sys=0.00, real=0.04 secs] 
2021-01-22T19:41:44.714-0800: 167.199: [Full GC (Allocation Failure) 2021-01-22T19:41:44.714-0800: 167.199: [Tenured: 349565K->349461K(349568K), 0.0493289 secs] 506799K->381249K(506816K), [Metaspace: 2698K->2698K(1056768K)], 0.0494268 secs] [Times: user=0.05 sys=0.00, real=0.05 secs] 
2021-01-22T19:41:44.784-0800: 167.270: [Full GC (Allocation Failure) 2021-01-22T19:41:44.784-0800: 167.270: [Tenured: 349501K->349493K(349568K), 0.0511853 secs] 506737K->385724K(506816K), [Metaspace: 2698K->2698K(1056768K)], 0.0512951 secs] [Times: user=0.05 sys=0.01, real=0.05 secs] 
2021-01-22T19:41:44.854-0800: 167.339: [Full GC (Allocation Failure) 2021-01-22T19:41:44.854-0800: 167.339: [Tenured: 349493K->349475K(349568K), 0.0560910 secs] 506490K->369872K(506816K), [Metaspace: 2698K->2698K(1056768K)], 0.0563021 secs] [Times: user=0.06 sys=0.00, real=0.06 secs] 
2021-01-22T19:41:44.930-0800: 167.416: [Full GC (Allocation Failure) 2021-01-22T19:41:44.930-0800: 167.416: [Tenured: 349511K->349523K(349568K), 0.0368405 secs] 506740K->386123K(506816K), [Metaspace: 2698K->2698K(1056768K)], 0.0369524 secs] [Times: user=0.03 sys=0.00, real=0.03 secs] 
2021-01-22T19:41:44.986-0800: 167.472: [Full GC (Allocation Failure) 2021-01-22T19:41:44.986-0800: 167.472: [Tenured: 349523K->349506K(349568K), 0.0510895 secs] 506496K->385948K(506816K), [Metaspace: 2698K->2698K(1056768K)], 0.0512875 secs] [Times: user=0.05 sys=0.00, real=0.05 secs] 
2021-01-22T19:41:45.053-0800: 167.538: [Full GC (Allocation Failure) 2021-01-22T19:41:45.053-0800: 167.538: [Tenured: 349506K->349263K(349568K), 0.0476322 secs] 506701K->386880K(506816K), [Metaspace: 2698K->2698K(1056768K)], 0.0477316 secs] [Times: user=0.05 sys=0.00, real=0.05 secs] 
2021-01-22T19:41:45.125-0800: 167.610: [Full GC (Allocation Failure) 2021-01-22T19:41:45.125-0800: 167.610: [Tenured: 349460K->349416K(349568K), 0.0602951 secs] 506544K->365428K(506816K), [Metaspace: 2698K->2698K(1056768K)], 0.0604054 secs] [Times: user=0.06 sys=0.00, real=0.06 secs] 
2021-01-22T19:41:45.203-0800: 167.688: [Full GC (Allocation Failure) 2021-01-22T19:41:45.203-0800: 167.688: [Tenured: 349416K->349289K(349568K), 0.0394290 secs] 506465K->382240K(506816K), [Metaspace: 2698K->2698K(1056768K)], 0.0395260 secs] [Times: user=0.04 sys=0.00, real=0.04 secs] 
2021-01-22T19:41:45.258-0800: 167.744: [Full GC (Allocation Failure) 2021-01-22T19:41:45.258-0800: 167.744: [Tenured: 349505K->349535K(349568K), 0.0397585 secs] 506685K->385587K(506816K), [Metaspace: 2698K->2698K(1056768K)], 0.0398555 secs] [Times: user=0.04 sys=0.00, real=0.04 secs] 
2021-01-22T19:41:45.312-0800: 167.798: [Full GC (Allocation Failure) 2021-01-22T19:41:45.312-0800: 167.798: [Tenured: 349535K->349495K(349568K), 0.0403334 secs] 506069K->392218K(506816K), [Metaspace: 2698K->2698K(1056768K)], 0.0404319 secs] [Times: user=0.04 sys=0.00, real=0.04 secs] 
2021-01-22T19:41:45.366-0800: 167.852: [Full GC (Allocation Failure) 2021-01-22T19:41:45.366-0800: 167.852: [Tenured: 349495K->349152K(349568K), 0.0466282 secs] 506301K->375334K(506816K), [Metaspace: 2698K->2698K(1056768K)], 0.0467267 secs] [Times: user=0.05 sys=0.00, real=0.05 secs] 
2021-01-22T19:41:45.428-0800: 167.913: [Full GC (Allocation Failure) 2021-01-22T19:41:45.428-0800: 167.913: [Tenured: 349440K->349319K(349568K), 0.0309950 secs] 506518K->388870K(506816K), [Metaspace: 2698K->2698K(1056768K)], 0.0310932 secs] [Times: user=0.04 sys=0.00, real=0.03 secs] 
2021-01-22T19:41:45.473-0800: 167.958: [Full GC (Allocation Failure) 2021-01-22T19:41:45.473-0800: 167.958: [Tenured: 349319K->349507K(349568K), 0.0381135 secs] 506448K->393918K(506816K), [Metaspace: 2698K->2698K(1056768K)], 0.0382162 secs] [Times: user=0.04 sys=0.00, real=0.04 secs] 
2021-01-22T19:41:45.525-0800: 168.010: [Full GC (Allocation Failure) 2021-01-22T19:41:45.525-0800: 168.010: [Tenured: 349507K->349438K(349568K), 0.0452612 secs] 506731K->384965K(506816K), [Metaspace: 2698K->2698K(1056768K)], 0.0453910 secs] [Times: user=0.04 sys=0.00, real=0.05 secs] 
2021-01-22T19:41:45.587-0800: 168.072: [Full GC (Allocation Failure) 2021-01-22T19:41:45.587-0800: 168.073: [Tenured: 349438K->349155K(349568K), 0.0587346 secs] 506670K->371011K(506816K), [Metaspace: 2698K->2698K(1056768K)], 0.0588298 secs] [Times: user=0.06 sys=0.00, real=0.06 secs] 
2021-01-22T19:41:45.666-0800: 168.151: [Full GC (Allocation Failure) 2021-01-22T19:41:45.666-0800: 168.151: [Tenured: 349155K->349218K(349568K), 0.0377322 secs] 505942K->392261K(506816K), [Metaspace: 2698K->2698K(1056768K)], 0.0378648 secs] [Times: user=0.03 sys=0.00, real=0.04 secs] 
2021-01-22T19:41:45.719-0800: 168.204: [Full GC (Allocation Failure) 2021-01-22T19:41:45.719-0800: 168.204: [Tenured: 349363K->349332K(349568K), 0.0412090 secs] 506574K->396663K(506816K), [Metaspace: 2698K->2698K(1056768K)], 0.0413084 secs] [Times: user=0.04 sys=0.00, real=0.05 secs] 
2021-01-22T19:41:45.778-0800: 168.263: [Full GC (Allocation Failure) 2021-01-22T19:41:45.778-0800: 168.263: [Tenured: 349476K->349517K(349568K), 0.0496261 secs] 506652K->389444K(506816K), [Metaspace: 2698K->2698K(1056768K)], 0.0497241 secs] [Times: user=0.05 sys=0.00, real=0.05 secs] 
2021-01-22T19:41:45.843-0800: 168.328: [Full GC (Allocation Failure) 2021-01-22T19:41:45.843-0800: 168.329: [Tenured: 349517K->349023K(349568K), 0.0582127 secs] 506231K->368536K(506816K), [Metaspace: 2698K->2698K(1056768K)], 0.0583119 secs] [Times: user=0.05 sys=0.00, real=0.06 secs] 
2021-01-22T19:41:45.921-0800: 168.407: [Full GC (Allocation Failure) 2021-01-22T19:41:45.921-0800: 168.407: [Tenured: 349328K->349541K(349568K), 0.0250115 secs] 506567K->388601K(506816K), [Metaspace: 2698K->2698K(1056768K)], 0.0251115 secs] [Times: user=0.03 sys=0.00, real=0.02 secs] 
2021-01-22T19:41:45.964-0800: 168.449: [Full GC (Allocation Failure) 2021-01-22T19:41:45.964-0800: 168.449: [Tenured: 349541K->349467K(349568K), 0.0498025 secs] 506785K->390372K(506816K), [Metaspace: 2698K->2698K(1056768K)], 0.0498941 secs] [Times: user=0.04 sys=0.00, real=0.05 secs] 
2021-01-22T19:41:46.032-0800: 168.517: [Full GC (Allocation Failure) 2021-01-22T19:41:46.032-0800: 168.517: [Tenured: 349467K->349128K(349568K), 0.0634270 secs] 506537K->397416K(506816K), [Metaspace: 2698K->2698K(1056768K)], 0.0635325 secs] [Times: user=0.05 sys=0.00, real=0.06 secs] 
2021-01-22T19:41:46.110-0800: 168.595: [Full GC (Allocation Failure) 2021-01-22T19:41:46.110-0800: 168.595: [Tenured: 349517K->349521K(349568K), 0.0737900 secs] 506691K->383192K(506816K), [Metaspace: 2698K->2698K(1056768K)], 0.0738771 secs] [Times: user=0.06 sys=0.00, real=0.07 secs] 
2021-01-22T19:41:46.199-0800: 168.685: [Full GC (Allocation Failure) 2021-01-22T19:41:46.199-0800: 168.685: [Tenured: 349521K->349566K(349568K), 0.0290243 secs] 506709K->407920K(506816K), [Metaspace: 2698K->2698K(1056768K)], 0.0291118 secs] [Times: user=0.03 sys=0.00, real=0.03 secs] 
2021-01-22T19:41:46.240-0800: 168.726: [Full GC (Allocation Failure) 2021-01-22T19:41:46.240-0800: 168.726: [Tenured: 349566K->349320K(349568K), 0.0373342 secs] 506761K->407192K(506816K), [Metaspace: 2698K->2698K(1056768K)], 0.0374485 secs] [Times: user=0.04 sys=0.00, real=0.03 secs] 
2021-01-22T19:41:46.289-0800: 168.775: [Full GC (Allocation Failure) 2021-01-22T19:41:46.289-0800: 168.775: [Tenured: 349435K->349567K(349568K), 0.0418115 secs] 506682K->404584K(506816K), [Metaspace: 2698K->2698K(1056768K)], 0.0419030 secs] [Times: user=0.04 sys=0.00, real=0.05 secs] 
2021-01-22T19:41:46.342-0800: 168.828: [Full GC (Allocation Failure) 2021-01-22T19:41:46.342-0800: 168.828: [Tenured: 349567K->349182K(349568K), 0.0482462 secs] 506629K->389193K(506816K), [Metaspace: 2698K->2698K(1056768K)], 0.0483414 secs] [Times: user=0.05 sys=0.00, real=0.05 secs] 
2021-01-22T19:41:46.405-0800: 168.891: [Full GC (Allocation Failure) 2021-01-22T19:41:46.405-0800: 168.891: [Tenured: 349182K->349264K(349568K), 0.0293486 secs] 506249K->406330K(506816K), [Metaspace: 2698K->2698K(1056768K)], 0.0294418 secs] [Times: user=0.03 sys=0.00, real=0.03 secs] 
2021-01-22T19:41:46.446-0800: 168.932: [Full GC (Allocation Failure) 2021-01-22T19:41:46.446-0800: 168.932: [Tenured: 349264K->349349K(349568K), 0.0370546 secs] 506375K->406968K(506816K), [Metaspace: 2698K->2698K(1056768K)], 0.0371533 secs] [Times: user=0.04 sys=0.00, real=0.04 secs] 
2021-01-22T19:41:46.496-0800: 168.982: [Full GC (Allocation Failure) 2021-01-22T19:41:46.496-0800: 168.982: [Tenured: 349510K->349203K(349568K), 0.0396316 secs] 506693K->406873K(506816K), [Metaspace: 2698K->2698K(1056768K)], 0.0397262 secs] [Times: user=0.04 sys=0.00, real=0.04 secs] 
2021-01-22T19:41:46.549-0800: 169.034: [Full GC (Allocation Failure) 2021-01-22T19:41:46.549-0800: 169.034: [Tenured: 349455K->349556K(349568K), 0.0613318 secs] 506671K->390832K(506816K), [Metaspace: 2698K->2698K(1056768K)], 0.0614416 secs] [Times: user=0.06 sys=0.00, real=0.07 secs] 
2021-01-22T19:41:46.628-0800: 169.113: [Full GC (Allocation Failure) 2021-01-22T19:41:46.628-0800: 169.113: [Tenured: 349556K->349524K(349568K), 0.0316141 secs] 506768K->408697K(506816K), [Metaspace: 2698K->2698K(1056768K)], 0.0317022 secs] [Times: user=0.03 sys=0.00, real=0.03 secs] 
2021-01-22T19:41:46.674-0800: 169.160: [Full GC (Allocation Failure) 2021-01-22T19:41:46.674-0800: 169.160: [Tenured: 349524K->349516K(349568K), 0.0455619 secs] 506682K->404985K(506816K), [Metaspace: 2698K->2698K(1056768K)], 0.0456536 secs] [Times: user=0.05 sys=0.00, real=0.05 secs] 
2021-01-22T19:41:46.732-0800: 169.218: [Full GC (Allocation Failure) 2021-01-22T19:41:46.732-0800: 169.218: [Tenured: 349516K->349254K(349568K), 0.0498578 secs] 506699K->401269K(506816K), [Metaspace: 2698K->2698K(1056768K)], 0.0499991 secs] [Times: user=0.05 sys=0.00, real=0.05 secs] 
2021-01-22T19:41:46.798-0800: 169.283: [Full GC (Allocation Failure) 2021-01-22T19:41:46.798-0800: 169.283: [Tenured: 349533K->349525K(349568K), 0.0606562 secs] 506777K->387508K(506816K), [Metaspace: 2698K->2698K(1056768K)], 0.0607429 secs] [Times: user=0.06 sys=0.00, real=0.06 secs] 
2021-01-22T19:41:46.876-0800: 169.361: [Full GC (Allocation Failure) 2021-01-22T19:41:46.876-0800: 169.361: [Tenured: 349525K->349544K(349568K), 0.0306351 secs] 506225K->406407K(506816K), [Metaspace: 2698K->2698K(1056768K)], 0.0307320 secs] [Times: user=0.03 sys=0.00, real=0.03 secs] 
2021-01-22T19:41:46.921-0800: 169.406: [Full GC (Allocation Failure) 2021-01-22T19:41:46.921-0800: 169.407: [Tenured: 349562K->349137K(349568K), 0.0395709 secs] 506809K->404371K(506816K), [Metaspace: 2698K->2698K(1056768K)], 0.0397714 secs] [Times: user=0.04 sys=0.00, real=0.04 secs] 
2021-01-22T19:41:46.976-0800: 169.461: [Full GC (Allocation Failure) 2021-01-22T19:41:46.976-0800: 169.461: [Tenured: 349281K->349335K(349568K), 0.0516961 secs] 506518K->405355K(506816K), [Metaspace: 2698K->2698K(1056768K)], 0.0517918 secs] [Times: user=0.05 sys=0.00, real=0.05 secs] 
2021-01-22T19:41:47.041-0800: 169.526: [Full GC (Allocation Failure) 2021-01-22T19:41:47.041-0800: 169.526: [Tenured: 349335K->349558K(349568K), 0.0603737 secs] 506340K->390183K(506816K), [Metaspace: 2698K->2698K(1056768K)], 0.0604647 secs] [Times: user=0.06 sys=0.01, real=0.06 secs] 
2021-01-22T19:41:47.116-0800: 169.601: [Full GC (Allocation Failure) 2021-01-22T19:41:47.116-0800: 169.601: [Tenured: 349558K->349556K(349568K), 0.0331446 secs] 506782K->404979K(506816K), [Metaspace: 2698K->2698K(1056768K)], 0.0332415 secs] [Times: user=0.03 sys=0.00, real=0.03 secs] 
2021-01-22T19:41:47.161-0800: 169.647: [Full GC (Allocation Failure) 2021-01-22T19:41:47.162-0800: 169.647: [Tenured: 349556K->349490K(349568K), 0.0381648 secs] 506741K->405702K(506816K), [Metaspace: 2698K->2698K(1056768K)], 0.0382677 secs] [Times: user=0.03 sys=0.00, real=0.04 secs] 
2021-01-22T19:41:47.213-0800: 169.698: [Full GC (Allocation Failure) 2021-01-22T19:41:47.213-0800: 169.698: [Tenured: 349490K->349460K(349568K), 0.0410086 secs] 506625K->403097K(506816K), [Metaspace: 2698K->2698K(1056768K)], 0.0411023 secs] [Times: user=0.04 sys=0.00, real=0.04 secs] 
2021-01-22T19:41:47.266-0800: 169.752: [Full GC (Allocation Failure) 2021-01-22T19:41:47.266-0800: 169.752: [Tenured: 349460K->349214K(349568K), 0.0463472 secs] 506450K->380866K(506816K), [Metaspace: 2698K->2698K(1056768K)], 0.0464389 secs] [Times: user=0.05 sys=0.00, real=0.05 secs] 
2021-01-22T19:41:47.328-0800: 169.814: [Full GC (Allocation Failure) 2021-01-22T19:41:47.328-0800: 169.814: [Tenured: 349214K->348842K(349568K), 0.0289162 secs] 506227K->395154K(506816K), [Metaspace: 2698K->2698K(1056768K)], 0.0290195 secs] [Times: user=0.03 sys=0.00, real=0.03 secs] 
2021-01-22T19:41:47.371-0800: 169.857: [Full GC (Allocation Failure) 2021-01-22T19:41:47.372-0800: 169.857: [Tenured: 349554K->349406K(349568K), 0.0357399 secs] 506801K->399981K(506816K), [Metaspace: 2698K->2698K(1056768K)], 0.0358391 secs] [Times: user=0.04 sys=0.00, real=0.03 secs] 
2021-01-22T19:41:47.420-0800: 169.905: [Full GC (Allocation Failure) 2021-01-22T19:41:47.420-0800: 169.905: [Tenured: 349406K->349157K(349568K), 0.0437944 secs] 506232K->399034K(506816K), [Metaspace: 2698K->2698K(1056768K)], 0.0439120 secs] [Times: user=0.04 sys=0.00, real=0.04 secs] 
2021-01-22T19:41:47.480-0800: 169.965: [Full GC (Allocation Failure) 2021-01-22T19:41:47.480-0800: 169.965: [Tenured: 349157K->349482K(349568K), 0.0576100 secs] 505982K->375805K(506816K), [Metaspace: 2698K->2698K(1056768K)], 0.0578349 secs] [Times: user=0.05 sys=0.00, real=0.05 secs] 
2021-01-22T19:41:47.559-0800: 170.044: [Full GC (Allocation Failure) 2021-01-22T19:41:47.559-0800: 170.044: [Tenured: 349496K->349019K(349568K), 0.0291031 secs] 506737K->392036K(506816K), [Metaspace: 2698K->2698K(1056768K)], 0.0291976 secs] [Times: user=0.02 sys=0.00, real=0.03 secs] 
2021-01-22T19:41:47.602-0800: 170.088: [Full GC (Allocation Failure) 2021-01-22T19:41:47.602-0800: 170.088: [Tenured: 349390K->349507K(349568K), 0.0497112 secs] 506630K->392727K(506816K), [Metaspace: 2698K->2698K(1056768K)], 0.0498450 secs] [Times: user=0.05 sys=0.00, real=0.05 secs] 
2021-01-22T19:41:47.669-0800: 170.154: [Full GC (Allocation Failure) 2021-01-22T19:41:47.669-0800: 170.155: [Tenured: 349507K->349311K(349568K), 0.0467859 secs] 506689K->389553K(506816K), [Metaspace: 2698K->2698K(1056768K)], 0.0468800 secs] [Times: user=0.05 sys=0.00, real=0.05 secs] 
2021-01-22T19:41:47.729-0800: 170.215: [Full GC (Allocation Failure) 2021-01-22T19:41:47.729-0800: 170.215: [Tenured: 349311K->349476K(349568K), 0.0520469 secs] 506299K->377911K(506816K), [Metaspace: 2698K->2698K(1056768K)], 0.0521749 secs] [Times: user=0.05 sys=0.00, real=0.06 secs] 
2021-01-22T19:41:47.799-0800: 170.284: [Full GC (Allocation Failure) 2021-01-22T19:41:47.799-0800: 170.284: [Tenured: 349476K->349161K(349568K), 0.0334401 secs] 506401K->398850K(506816K), [Metaspace: 2698K->2698K(1056768K)], 0.0335527 secs] [Times: user=0.03 sys=0.00, real=0.04 secs] 
2021-01-22T19:41:47.847-0800: 170.332: [Full GC (Allocation Failure) 2021-01-22T19:41:47.847-0800: 170.332: [Tenured: 349539K->349470K(349568K), 0.0461696 secs] 506709K->395278K(506816K), [Metaspace: 2698K->2698K(1056768K)], 0.0463114 secs] [Times: user=0.04 sys=0.00, real=0.05 secs] 
2021-01-22T19:41:47.910-0800: 170.395: [Full GC (Allocation Failure) 2021-01-22T19:41:47.910-0800: 170.395: [Tenured: 349542K->349390K(349568K), 0.0469959 secs] 506744K->388699K(506816K), [Metaspace: 2698K->2698K(1056768K)], 0.0471509 secs] [Times: user=0.04 sys=0.01, real=0.04 secs] 
2021-01-22T19:41:47.971-0800: 170.457: [Full GC (Allocation Failure) 2021-01-22T19:41:47.971-0800: 170.457: [Tenured: 349390K->349319K(349568K), 0.0465028 secs] 506280K->369000K(506816K), [Metaspace: 2698K->2698K(1056768K)], 0.0465980 secs] [Times: user=0.04 sys=0.00, real=0.04 secs] 
2021-01-22T19:41:48.033-0800: 170.519: [Full GC (Allocation Failure) 2021-01-22T19:41:48.033-0800: 170.519: [Tenured: 349538K->349000K(349568K), 0.0293187 secs] 506783K->390571K(506816K), [Metaspace: 2698K->2698K(1056768K)], 0.0294145 secs] [Times: user=0.03 sys=0.00, real=0.03 secs] 
2021-01-22T19:41:48.077-0800: 170.562: [Full GC (Allocation Failure) 2021-01-22T19:41:48.077-0800: 170.562: [Tenured: 349237K->349552K(349568K), 0.0370784 secs] 506428K->387975K(506816K), [Metaspace: 2698K->2698K(1056768K)], 0.0371703 secs] [Times: user=0.04 sys=0.00, real=0.04 secs] 
2021-01-22T19:41:48.128-0800: 170.614: [Full GC (Allocation Failure) 2021-01-22T19:41:48.128-0800: 170.614: [Tenured: 349552K->349551K(349568K), 0.0399932 secs] 506633K->388903K(506816K), [Metaspace: 2698K->2698K(1056768K)], 0.0400907 secs] [Times: user=0.04 sys=0.00, real=0.04 secs] 
2021-01-22T19:41:48.183-0800: 170.668: [Full GC (Allocation Failure) 2021-01-22T19:41:48.183-0800: 170.668: [Tenured: 349551K->349537K(349568K), 0.0455167 secs] 506769K->365085K(506816K), [Metaspace: 2698K->2698K(1056768K)], 0.0456120 secs] [Times: user=0.05 sys=0.00, real=0.04 secs] 
2021-01-22T19:41:48.245-0800: 170.731: [Full GC (Allocation Failure) 2021-01-22T19:41:48.245-0800: 170.731: [Tenured: 349537K->349537K(349568K), 0.0314867 secs] 506751K->384487K(506816K), [Metaspace: 2698K->2698K(1056768K)], 0.0315826 secs] [Times: user=0.03 sys=0.00, real=0.03 secs] 
2021-01-22T19:41:48.292-0800: 170.778: [Full GC (Allocation Failure) 2021-01-22T19:41:48.292-0800: 170.778: [Tenured: 349537K->349255K(349568K), 0.0383002 secs] 506728K->381765K(506816K), [Metaspace: 2698K->2698K(1056768K)], 0.0384029 secs] [Times: user=0.04 sys=0.00, real=0.04 secs] 
2021-01-22T19:41:48.345-0800: 170.831: [Full GC (Allocation Failure) 2021-01-22T19:41:48.345-0800: 170.831: [Tenured: 349255K->349369K(349568K), 0.0391976 secs] 505940K->379116K(506816K), [Metaspace: 2698K->2698K(1056768K)], 0.0392944 secs] [Times: user=0.03 sys=0.00, real=0.04 secs] 
2021-01-22T19:41:48.402-0800: 170.887: [Full GC (Allocation Failure) 2021-01-22T19:41:48.402-0800: 170.887: [Tenured: 349567K->349453K(349568K), 0.0489774 secs] 506814K->360292K(506816K), [Metaspace: 2698K->2698K(1056768K)], 0.0490648 secs] [Times: user=0.05 sys=0.00, real=0.05 secs] 
2021-01-22T19:41:48.474-0800: 170.960: [Full GC (Allocation Failure) 2021-01-22T19:41:48.474-0800: 170.960: [Tenured: 349453K->349378K(349568K), 0.0403860 secs] 506658K->372804K(506816K), [Metaspace: 2698K->2698K(1056768K)], 0.0405057 secs] [Times: user=0.04 sys=0.00, real=0.04 secs] 
2021-01-22T19:41:48.533-0800: 171.018: [Full GC (Allocation Failure) 2021-01-22T19:41:48.533-0800: 171.018: [Tenured: 349378K->349320K(349568K), 0.0476007 secs] 506545K->383543K(506816K), [Metaspace: 2698K->2698K(1056768K)], 0.0476985 secs] [Times: user=0.04 sys=0.00, real=0.05 secs] 
2021-01-22T19:41:48.600-0800: 171.085: [Full GC (Allocation Failure) 2021-01-22T19:41:48.600-0800: 171.085: [Tenured: 349320K->349407K(349568K), 0.0519685 secs] 506046K->379617K(506816K), [Metaspace: 2698K->2698K(1056768K)], 0.0520582 secs] [Times: user=0.05 sys=0.00, real=0.05 secs] 
2021-01-22T19:41:48.669-0800: 171.154: [Full GC (Allocation Failure) 2021-01-22T19:41:48.669-0800: 171.154: [Tenured: 349551K->349416K(349568K), 0.0459192 secs] 506735K->359143K(506816K), [Metaspace: 2698K->2698K(1056768K)], 0.0460139 secs] [Times: user=0.04 sys=0.00, real=0.05 secs] 
2021-01-22T19:41:48.732-0800: 171.218: [Full GC (Allocation Failure) 2021-01-22T19:41:48.732-0800: 171.218: [Tenured: 349416K->348976K(349568K), 0.0283680 secs] 506507K->385044K(506816K), [Metaspace: 2698K->2698K(1056768K)], 0.0284631 secs] [Times: user=0.03 sys=0.00, real=0.03 secs] 
2021-01-22T19:41:48.775-0800: 171.260: [Full GC (Allocation Failure) 2021-01-22T19:41:48.775-0800: 171.260: [Tenured: 349369K->349469K(349568K), 0.0387055 secs] 506474K->394529K(506816K), [Metaspace: 2698K->2698K(1056768K)], 0.0388027 secs] [Times: user=0.04 sys=0.00, real=0.04 secs] 
2021-01-22T19:41:48.827-0800: 171.313: [Full GC (Allocation Failure) 2021-01-22T19:41:48.827-0800: 171.313: [Tenured: 349469K->349295K(349568K), 0.0424868 secs] 506666K->395178K(506816K), [Metaspace: 2698K->2698K(1056768K)], 0.0425884 secs] [Times: user=0.04 sys=0.01, real=0.05 secs] 
2021-01-22T19:41:48.883-0800: 171.369: [Full GC (Allocation Failure) 2021-01-22T19:41:48.883-0800: 171.369: [Tenured: 349549K->349544K(349568K), 0.0470167 secs] 506666K->380322K(506816K), [Metaspace: 2698K->2698K(1056768K)], 0.0471079 secs] [Times: user=0.05 sys=0.00, real=0.05 secs] 
2021-01-22T19:41:48.945-0800: 171.431: [Full GC (Allocation Failure) 2021-01-22T19:41:48.945-0800: 171.431: [Tenured: 349544K->349468K(349568K), 0.0300593 secs] 506545K->397729K(506816K), [Metaspace: 2698K->2698K(1056768K)], 0.0301576 secs] [Times: user=0.03 sys=0.00, real=0.03 secs] 
2021-01-22T19:41:48.988-0800: 171.474: [Full GC (Allocation Failure) 2021-01-22T19:41:48.988-0800: 171.474: [Tenured: 349468K->349558K(349568K), 0.0399294 secs] 506091K->402229K(506816K), [Metaspace: 2698K->2698K(1056768K)], 0.0400290 secs] [Times: user=0.04 sys=0.00, real=0.04 secs] 
2021-01-22T19:41:49.040-0800: 171.526: [Full GC (Allocation Failure) 2021-01-22T19:41:49.040-0800: 171.526: [Tenured: 349558K->348893K(349568K), 0.0419504 secs] 506780K->407039K(506816K), [Metaspace: 2698K->2698K(1056768K)], 0.0420546 secs] [Times: user=0.04 sys=0.00, real=0.04 secs] 
2021-01-22T19:41:49.094-0800: 171.580: [Full GC (Allocation Failure) 2021-01-22T19:41:49.094-0800: 171.580: [Tenured: 348893K->349465K(349568K), 0.0483009 secs] 505662K->390489K(506816K), [Metaspace: 2698K->2698K(1056768K)], 0.0483919 secs] [Times: user=0.05 sys=0.00, real=0.05 secs] 
2021-01-22T19:41:49.157-0800: 171.643: [Full GC (Allocation Failure) 2021-01-22T19:41:49.157-0800: 171.643: [Tenured: 349532K->349492K(349568K), 0.0301239 secs] 506777K->402779K(506816K), [Metaspace: 2698K->2698K(1056768K)], 0.0302388 secs] [Times: user=0.03 sys=0.00, real=0.03 secs] 
2021-01-22T19:41:49.202-0800: 171.688: [Full GC (Allocation Failure) 2021-01-22T19:41:49.202-0800: 171.688: [Tenured: 349528K->349134K(349568K), 0.0510537 secs] 506744K->399773K(506816K), [Metaspace: 2698K->2698K(1056768K)], 0.0511496 secs] [Times: user=0.04 sys=0.00, real=0.05 secs] 
2021-01-22T19:41:49.270-0800: 171.756: [Full GC (Allocation Failure) 2021-01-22T19:41:49.270-0800: 171.756: [Tenured: 349386K->349249K(349568K), 0.0510198 secs] 506621K->390605K(506816K), [Metaspace: 2698K->2698K(1056768K)], 0.0511193 secs] [Times: user=0.05 sys=0.00, real=0.05 secs] 
2021-01-22T19:41:49.336-0800: 171.822: [Full GC (Allocation Failure) 2021-01-22T19:41:49.336-0800: 171.822: [Tenured: 349542K->349217K(349568K), 0.0618573 secs] 506737K->371557K(506816K), [Metaspace: 2698K->2698K(1056768K)], 0.0619566 secs] [Times: user=0.06 sys=0.00, real=0.06 secs] 
2021-01-22T19:41:49.419-0800: 171.904: [Full GC (Allocation Failure) 2021-01-22T19:41:49.419-0800: 171.904: [Tenured: 349508K->349283K(349568K), 0.0367230 secs] 506752K->388079K(506816K), [Metaspace: 2698K->2698K(1056768K)], 0.0368259 secs] [Times: user=0.03 sys=0.00, real=0.04 secs] 
2021-01-22T19:41:49.473-0800: 171.958: [Full GC (Allocation Failure) 2021-01-22T19:41:49.473-0800: 171.958: [Tenured: 349512K->349082K(349568K), 0.0470795 secs] 506720K->387683K(506816K), [Metaspace: 2698K->2698K(1056768K)], 0.0471742 secs] [Times: user=0.04 sys=0.00, real=0.05 secs] 
2021-01-22T19:41:49.538-0800: 172.023: [Full GC (Allocation Failure) 2021-01-22T19:41:49.538-0800: 172.023: [Tenured: 349514K->349000K(349568K), 0.0561636 secs] 506754K->393527K(506816K), [Metaspace: 2698K->2698K(1056768K)], 0.0562578 secs] [Times: user=0.05 sys=0.00, real=0.06 secs] 
2021-01-22T19:41:49.611-0800: 172.097: [Full GC (Allocation Failure) 2021-01-22T19:41:49.612-0800: 172.097: [Tenured: 349315K->349545K(349568K), 0.0598195 secs] 506536K->371775K(506816K), [Metaspace: 2698K->2698K(1056768K)], 0.0599280 secs] [Times: user=0.05 sys=0.00, real=0.06 secs] 
2021-01-22T19:41:49.694-0800: 172.180: [Full GC (Allocation Failure) 2021-01-22T19:41:49.694-0800: 172.180: [Tenured: 349545K->349232K(349568K), 0.0377110 secs] 506653K->400346K(506816K), [Metaspace: 2698K->2698K(1056768K)], 0.0378057 secs] [Times: user=0.03 sys=0.00, real=0.04 secs] 
2021-01-22T19:41:49.747-0800: 172.232: [Full GC (Allocation Failure) 2021-01-22T19:41:49.747-0800: 172.233: [Tenured: 349539K->349536K(349568K), 0.0492624 secs] 506744K->400116K(506816K), [Metaspace: 2698K->2698K(1056768K)], 0.0493527 secs] [Times: user=0.04 sys=0.00, real=0.05 secs] 
2021-01-22T19:41:49.812-0800: 172.297: [Full GC (Allocation Failure) 2021-01-22T19:41:49.812-0800: 172.297: [Tenured: 349536K->349314K(349568K), 0.0426587 secs] 506770K->398107K(506816K), [Metaspace: 2698K->2698K(1056768K)], 0.0427838 secs] [Times: user=0.04 sys=0.00, real=0.04 secs] 
2021-01-22T19:41:49.867-0800: 172.353: [Full GC (Allocation Failure) 2021-01-22T19:41:49.867-0800: 172.353: [Tenured: 349314K->349272K(349568K), 0.0472828 secs] 506279K->384117K(506816K), [Metaspace: 2698K->2698K(1056768K)], 0.0473816 secs] [Times: user=0.05 sys=0.00, real=0.05 secs] 
2021-01-22T19:41:49.930-0800: 172.416: [Full GC (Allocation Failure) 2021-01-22T19:41:49.930-0800: 172.416: [Tenured: 349557K->349448K(349568K), 0.0291280 secs] 506800K->401361K(506816K), [Metaspace: 2698K->2698K(1056768K)], 0.0292290 secs] [Times: user=0.03 sys=0.00, real=0.02 secs] 
2021-01-22T19:41:49.972-0800: 172.458: [Full GC (Allocation Failure) 2021-01-22T19:41:49.972-0800: 172.458: [Tenured: 349448K->349368K(349568K), 0.0374526 secs] 506687K->397988K(506816K), [Metaspace: 2698K->2698K(1056768K)], 0.0375455 secs] [Times: user=0.03 sys=0.00, real=0.04 secs] 
2021-01-22T19:41:50.023-0800: 172.509: [Full GC (Allocation Failure) 2021-01-22T19:41:50.023-0800: 172.509: [Tenured: 349368K->349452K(349568K), 0.0430523 secs] 506480K->401021K(506816K), [Metaspace: 2698K->2698K(1056768K)], 0.0432633 secs] [Times: user=0.04 sys=0.00, real=0.04 secs] 
2021-01-22T19:41:50.083-0800: 172.569: [Full GC (Allocation Failure) 2021-01-22T19:41:50.083-0800: 172.569: [Tenured: 349544K->349551K(349568K), 0.0645617 secs] 506789K->387781K(506816K), [Metaspace: 2698K->2698K(1056768K)], 0.0646700 secs] [Times: user=0.06 sys=0.00, real=0.06 secs] 
2021-01-22T19:41:50.165-0800: 172.651: [Full GC (Allocation Failure) 2021-01-22T19:41:50.165-0800: 172.651: [Tenured: 349551K->349541K(349568K), 0.0420265 secs] 506740K->403374K(506816K), [Metaspace: 2698K->2698K(1056768K)], 0.0422587 secs] [Times: user=0.04 sys=0.00, real=0.04 secs] 
2021-01-22T19:41:50.222-0800: 172.708: [Full GC (Allocation Failure) 2021-01-22T19:41:50.222-0800: 172.708: [Tenured: 349541K->349138K(349568K), 0.0489420 secs] 506756K->402092K(506816K), [Metaspace: 2698K->2698K(1056768K)], 0.0490388 secs] [Times: user=0.04 sys=0.00, real=0.05 secs] 
2021-01-22T19:41:50.289-0800: 172.775: [Full GC (Allocation Failure) 2021-01-22T19:41:50.289-0800: 172.775: [Tenured: 349492K->349496K(349568K), 0.0538260 secs] 506735K->393075K(506816K), [Metaspace: 2698K->2698K(1056768K)], 0.0540085 secs] [Times: user=0.05 sys=0.00, real=0.06 secs] 
2021-01-22T19:41:50.358-0800: 172.844: [Full GC (Allocation Failure) 2021-01-22T19:41:50.358-0800: 172.844: [Tenured: 349496K->349358K(349568K), 0.0551889 secs] 506701K->376554K(506816K), [Metaspace: 2698K->2698K(1056768K)], 0.0552999 secs] [Times: user=0.05 sys=0.00, real=0.06 secs] 
2021-01-22T19:41:50.432-0800: 172.918: [Full GC (Allocation Failure) 2021-01-22T19:41:50.432-0800: 172.918: [Tenured: 349557K->349361K(349568K), 0.0361840 secs] 506752K->394803K(506816K), [Metaspace: 2698K->2698K(1056768K)], 0.0363528 secs] [Times: user=0.03 sys=0.01, real=0.03 secs] 
2021-01-22T19:41:50.485-0800: 172.971: [Full GC (Allocation Failure) 2021-01-22T19:41:50.485-0800: 172.971: [Tenured: 349438K->349558K(349568K), 0.0469943 secs] 506628K->399899K(506816K), [Metaspace: 2698K->2698K(1056768K)], 0.0470939 secs] [Times: user=0.04 sys=0.00, real=0.05 secs] 
2021-01-22T19:41:50.546-0800: 173.031: [Full GC (Allocation Failure) 2021-01-22T19:41:50.546-0800: 173.031: [Tenured: 349558K->349478K(349568K), 0.0461252 secs] 506701K->396279K(506816K), [Metaspace: 2698K->2698K(1056768K)], 0.0462260 secs] [Times: user=0.04 sys=0.00, real=0.05 secs] 
2021-01-22T19:41:50.609-0800: 173.094: [Full GC (Allocation Failure) 2021-01-22T19:41:50.609-0800: 173.094: [Tenured: 349478K->349182K(349568K), 0.0510090 secs] 506638K->377958K(506816K), [Metaspace: 2698K->2698K(1056768K)], 0.0510998 secs] [Times: user=0.05 sys=0.00, real=0.06 secs] 
2021-01-22T19:41:50.675-0800: 173.161: [Full GC (Allocation Failure) 2021-01-22T19:41:50.675-0800: 173.161: [Tenured: 349466K->349560K(349568K), 0.0306065 secs] 506710K->391228K(506816K), [Metaspace: 2698K->2698K(1056768K)], 0.0307068 secs] [Times: user=0.03 sys=0.00, real=0.03 secs] 
2021-01-22T19:41:50.719-0800: 173.205: [Full GC (Allocation Failure) 2021-01-22T19:41:50.719-0800: 173.205: [Tenured: 349560K->349438K(349568K), 0.0371404 secs] 506532K->392231K(506816K), [Metaspace: 2698K->2698K(1056768K)], 0.0372446 secs] [Times: user=0.03 sys=0.00, real=0.04 secs] 
2021-01-22T19:41:50.770-0800: 173.255: [Full GC (Allocation Failure) 2021-01-22T19:41:50.770-0800: 173.255: [Tenured: 349461K->349567K(349568K), 0.0401778 secs] 506691K->394012K(506816K), [Metaspace: 2698K->2698K(1056768K)], 0.0402699 secs] [Times: user=0.04 sys=0.00, real=0.04 secs] 
2021-01-22T19:41:50.825-0800: 173.311: [Full GC (Allocation Failure) 2021-01-22T19:41:50.825-0800: 173.311: [Tenured: 349567K->349428K(349568K), 0.0540001 secs] 506627K->376213K(506816K), [Metaspace: 2698K->2698K(1056768K)], 0.0540901 secs] [Times: user=0.05 sys=0.00, real=0.05 secs] 
2021-01-22T19:41:50.898-0800: 173.384: [Full GC (Allocation Failure) 2021-01-22T19:41:50.898-0800: 173.384: [Tenured: 349428K->349337K(349568K), 0.0363888 secs] 506620K->393289K(506816K), [Metaspace: 2698K->2698K(1056768K)], 0.0364940 secs] [Times: user=0.04 sys=0.00, real=0.04 secs] 
2021-01-22T19:41:50.948-0800: 173.434: [Full GC (Allocation Failure) 2021-01-22T19:41:50.948-0800: 173.434: [Tenured: 349337K->349510K(349568K), 0.0510598 secs] 506308K->391775K(506816K), [Metaspace: 2698K->2698K(1056768K)], 0.0511608 secs] [Times: user=0.05 sys=0.00, real=0.05 secs] 
2021-01-22T19:41:51.017-0800: 173.502: [Full GC (Allocation Failure) 2021-01-22T19:41:51.017-0800: 173.502: [Tenured: 349510K->349474K(349568K), 0.0519325 secs] 506671K->395572K(506816K), [Metaspace: 2698K->2698K(1056768K)], 0.0520259 secs] [Times: user=0.05 sys=0.00, real=0.05 secs] 
2021-01-22T19:41:51.082-0800: 173.568: [Full GC (Allocation Failure) 2021-01-22T19:41:51.082-0800: 173.568: [Tenured: 349562K->349519K(349568K), 0.0546897 secs] 506801K->375249K(506816K), [Metaspace: 2698K->2698K(1056768K)], 0.0547850 secs] [Times: user=0.05 sys=0.00, real=0.05 secs] 
2021-01-22T19:41:51.159-0800: 173.645: [Full GC (Allocation Failure) 2021-01-22T19:41:51.159-0800: 173.645: [Tenured: 349519K->349551K(349568K), 0.0340492 secs] 506685K->389976K(506816K), [Metaspace: 2698K->2698K(1056768K)], 0.0341495 secs] [Times: user=0.03 sys=0.00, real=0.04 secs] 
2021-01-22T19:41:51.211-0800: 173.697: [Full GC (Allocation Failure) 2021-01-22T19:41:51.211-0800: 173.697: [Tenured: 349551K->349475K(349568K), 0.0416604 secs] 506620K->391741K(506816K), [Metaspace: 2698K->2698K(1056768K)], 0.0417723 secs] [Times: user=0.04 sys=0.00, real=0.04 secs] 
2021-01-22T19:41:51.269-0800: 173.755: [Full GC (Allocation Failure) 2021-01-22T19:41:51.269-0800: 173.755: [Tenured: 349475K->349280K(349568K), 0.0507625 secs] 506349K->387619K(506816K), [Metaspace: 2698K->2698K(1056768K)], 0.0508834 secs] [Times: user=0.05 sys=0.00, real=0.06 secs] 
2021-01-22T19:41:51.339-0800: 173.824: [Full GC (Allocation Failure) 2021-01-22T19:41:51.339-0800: 173.825: [Tenured: 349280K->349233K(349568K), 0.0588190 secs] 506215K->374928K(506816K), [Metaspace: 2698K->2698K(1056768K)], 0.0589529 secs] [Times: user=0.06 sys=0.00, real=0.06 secs] 
2021-01-22T19:41:51.415-0800: 173.901: [Full GC (Allocation Failure) 2021-01-22T19:41:51.415-0800: 173.901: [Tenured: 349321K->349522K(349568K), 0.0451774 secs] 506490K->395042K(506816K), [Metaspace: 2698K->2698K(1056768K)], 0.0731687 secs] [Times: user=0.04 sys=0.00, real=0.07 secs] 
2021-01-22T19:41:51.509-0800: 173.995: [Full GC (Allocation Failure) 2021-01-22T19:41:51.509-0800: 173.995: [Tenured: 349522K->349292K(349568K), 0.0549329 secs] 506634K->395680K(506816K), [Metaspace: 2698K->2698K(1056768K)], 0.0551494 secs] [Times: user=0.05 sys=0.00, real=0.06 secs] 
2021-01-22T19:41:51.579-0800: 174.065: [Full GC (Allocation Failure) 2021-01-22T19:41:51.580-0800: 174.066: [Tenured: 349462K->349359K(349568K), 0.0449907 secs] 506682K->395357K(506816K), [Metaspace: 2698K->2698K(1056768K)], 0.0457278 secs] [Times: user=0.05 sys=0.00, real=0.05 secs] 
2021-01-22T19:41:51.638-0800: 174.124: [Full GC (Allocation Failure) 2021-01-22T19:41:51.638-0800: 174.124: [Tenured: 349359K->349428K(349568K), 0.0510135 secs] 506412K->385238K(506816K), [Metaspace: 2698K->2698K(1056768K)], 0.0511163 secs] [Times: user=0.05 sys=0.00, real=0.05 secs] 
2021-01-22T19:41:51.704-0800: 174.190: [Full GC (Allocation Failure) 2021-01-22T19:41:51.704-0800: 174.190: [Tenured: 349500K->349496K(349568K), 0.0281392 secs] 506720K->398562K(506816K), [Metaspace: 2698K->2698K(1056768K)], 0.0282774 secs] [Times: user=0.03 sys=0.00, real=0.03 secs] 
2021-01-22T19:41:51.746-0800: 174.232: [Full GC (Allocation Failure) 2021-01-22T19:41:51.746-0800: 174.232: [Tenured: 349496K->349524K(349568K), 0.0374288 secs] 506491K->394683K(506816K), [Metaspace: 2698K->2698K(1056768K)], 0.0375306 secs] [Times: user=0.03 sys=0.00, real=0.04 secs] 
2021-01-22T19:41:51.797-0800: 174.283: [Full GC (Allocation Failure) 2021-01-22T19:41:51.797-0800: 174.283: [Tenured: 349524K->349520K(349568K), 0.0403210 secs] 506755K->395532K(506816K), [Metaspace: 2698K->2698K(1056768K)], 0.0404387 secs] [Times: user=0.04 sys=0.00, real=0.04 secs] 
2021-01-22T19:41:51.852-0800: 174.338: [Full GC (Allocation Failure) 2021-01-22T19:41:51.852-0800: 174.338: [Tenured: 349520K->349544K(349568K), 0.0463845 secs] 506752K->377178K(506816K), [Metaspace: 2698K->2698K(1056768K)], 0.0464844 secs] [Times: user=0.05 sys=0.00, real=0.04 secs] 
2021-01-22T19:41:51.914-0800: 174.400: [Full GC (Allocation Failure) 2021-01-22T19:41:51.914-0800: 174.400: [Tenured: 349544K->349308K(349568K), 0.0256478 secs] 506748K->393341K(506816K), [Metaspace: 2698K->2698K(1056768K)], 0.0257534 secs] [Times: user=0.03 sys=0.00, real=0.03 secs] 
2021-01-22T19:41:51.953-0800: 174.439: [Full GC (Allocation Failure) 2021-01-22T19:41:51.954-0800: 174.439: [Tenured: 349308K->349523K(349568K), 0.0360077 secs] 506296K->391811K(506816K), [Metaspace: 2698K->2698K(1056768K)], 0.0361140 secs] [Times: user=0.04 sys=0.00, real=0.04 secs] 
2021-01-22T19:41:52.003-0800: 174.489: [Full GC (Allocation Failure) 2021-01-22T19:41:52.003-0800: 174.489: [Tenured: 349541K->349365K(349568K), 0.0386067 secs] 506788K->396130K(506816K), [Metaspace: 2698K->2698K(1056768K)], 0.0387018 secs] [Times: user=0.04 sys=0.00, real=0.04 secs] 
2021-01-22T19:41:52.056-0800: 174.542: [Full GC (Allocation Failure) 2021-01-22T19:41:52.056-0800: 174.542: [Tenured: 349496K->349514K(349568K), 0.0467474 secs] 506641K->384424K(506816K), [Metaspace: 2698K->2698K(1056768K)], 0.0468530 secs] [Times: user=0.05 sys=0.00, real=0.05 secs] 
2021-01-22T19:41:52.119-0800: 174.605: [Full GC (Allocation Failure) 2021-01-22T19:41:52.119-0800: 174.605: [Tenured: 349514K->348957K(349568K), 0.0294166 secs] 506695K->402574K(506816K), [Metaspace: 2698K->2698K(1056768K)], 0.0295192 secs] [Times: user=0.03 sys=0.00, real=0.03 secs] 
2021-01-22T19:41:52.161-0800: 174.647: [Full GC (Allocation Failure) 2021-01-22T19:41:52.161-0800: 174.647: [Tenured: 348957K->349540K(349568K), 0.0408208 secs] 505907K->404662K(506816K), [Metaspace: 2698K->2698K(1056768K)], 0.0409192 secs] [Times: user=0.04 sys=0.00, real=0.04 secs] 
2021-01-22T19:41:52.215-0800: 174.701: [Full GC (Allocation Failure) 2021-01-22T19:41:52.215-0800: 174.701: [Tenured: 349540K->349449K(349568K), 0.0444400 secs] 506764K->406444K(506816K), [Metaspace: 2698K->2698K(1056768K)], 0.0445368 secs] [Times: user=0.04 sys=0.01, real=0.05 secs] 
2021-01-22T19:41:52.274-0800: 174.760: [Full GC (Allocation Failure) 2021-01-22T19:41:52.274-0800: 174.760: [Tenured: 349449K->349165K(349568K), 0.0513342 secs] 506659K->387190K(506816K), [Metaspace: 2698K->2698K(1056768K)], 0.0514568 secs] [Times: user=0.05 sys=0.00, real=0.05 secs] 
2021-01-22T19:41:52.341-0800: 174.826: [Full GC (Allocation Failure) 2021-01-22T19:41:52.341-0800: 174.826: [Tenured: 349514K->349539K(349568K), 0.0263135 secs] 506732K->410209K(506816K), [Metaspace: 2698K->2698K(1056768K)], 0.0264250 secs] [Times: user=0.03 sys=0.00, real=0.02 secs] 
2021-01-22T19:41:52.380-0800: 174.866: [Full GC (Allocation Failure) 2021-01-22T19:41:52.380-0800: 174.866: [Tenured: 349539K->349362K(349568K), 0.0397467 secs] 506725K->402341K(506816K), [Metaspace: 2698K->2698K(1056768K)], 0.0398583 secs] [Times: user=0.04 sys=0.00, real=0.04 secs] 
2021-01-22T19:41:52.433-0800: 174.919: [Full GC (Allocation Failure) 2021-01-22T19:41:52.433-0800: 174.919: [Tenured: 349382K->349556K(349568K), 0.0412927 secs] 506626K->394086K(506816K), [Metaspace: 2698K->2698K(1056768K)], 0.0413931 secs] [Times: user=0.04 sys=0.00, real=0.04 secs] 
2021-01-22T19:41:52.488-0800: 174.974: [Full GC (Allocation Failure) 2021-01-22T19:41:52.488-0800: 174.974: [Tenured: 349556K->349236K(349568K), 0.0561661 secs] 506780K->382911K(506816K), [Metaspace: 2698K->2698K(1056768K)], 0.0562618 secs] [Times: user=0.05 sys=0.00, real=0.06 secs] 
2021-01-22T19:41:52.563-0800: 175.049: [Full GC (Allocation Failure) 2021-01-22T19:41:52.563-0800: 175.049: [Tenured: 349373K->349345K(349568K), 0.0370767 secs] 506614K->393191K(506816K), [Metaspace: 2698K->2698K(1056768K)], 0.0371730 secs] [Times: user=0.03 sys=0.00, real=0.04 secs] 
2021-01-22T19:41:52.617-0800: 175.103: [Full GC (Allocation Failure) 2021-01-22T19:41:52.617-0800: 175.103: [Tenured: 349345K->349034K(349568K), 0.0485769 secs] 506573K->398906K(506816K), [Metaspace: 2698K->2698K(1056768K)], 0.0486773 secs] [Times: user=0.05 sys=0.00, real=0.05 secs] 
2021-01-22T19:41:52.682-0800: 175.168: [Full GC (Allocation Failure) 2021-01-22T19:41:52.682-0800: 175.168: [Tenured: 349466K->349475K(349568K), 0.0478201 secs] 506608K->395417K(506816K), [Metaspace: 2698K->2698K(1056768K)], 0.0479337 secs] [Times: user=0.05 sys=0.00, real=0.05 secs] 
2021-01-22T19:41:52.743-0800: 175.229: [Full GC (Allocation Failure) 2021-01-22T19:41:52.743-0800: 175.229: [Tenured: 349547K->349470K(349568K), 0.0521577 secs] 506750K->373567K(506816K), [Metaspace: 2698K->2698K(1056768K)], 0.0522649 secs] [Times: user=0.05 sys=0.00, real=0.05 secs] 
2021-01-22T19:41:52.813-0800: 175.299: [Full GC (Allocation Failure) 2021-01-22T19:41:52.814-0800: 175.299: [Tenured: 349470K->349295K(349568K), 0.0324330 secs] 506346K->396413K(506816K), [Metaspace: 2698K->2698K(1056768K)], 0.0325376 secs] [Times: user=0.03 sys=0.00, real=0.03 secs] 
2021-01-22T19:41:52.859-0800: 175.345: [Full GC (Allocation Failure) 2021-01-22T19:41:52.859-0800: 175.345: [Tenured: 349295K->349518K(349568K), 0.0437070 secs] 506209K->389358K(506816K), [Metaspace: 2698K->2698K(1056768K)], 0.0438053 secs] [Times: user=0.04 sys=0.00, real=0.05 secs] 
2021-01-22T19:41:52.917-0800: 175.403: [Full GC (Allocation Failure) 2021-01-22T19:41:52.918-0800: 175.403: [Tenured: 349518K->349567K(349568K), 0.0407635 secs] 506615K->389261K(506816K), [Metaspace: 2698K->2698K(1056768K)], 0.0408719 secs] [Times: user=0.04 sys=0.00, real=0.04 secs] 
2021-01-22T19:41:52.972-0800: 175.458: [Full GC (Allocation Failure) 2021-01-22T19:41:52.972-0800: 175.458: [Tenured: 349567K->349038K(349568K), 0.0455341 secs] 506788K->372552K(506816K), [Metaspace: 2698K->2698K(1056768K)], 0.0456334 secs] [Times: user=0.04 sys=0.00, real=0.04 secs] 
2021-01-22T19:41:53.035-0800: 175.520: [Full GC (Allocation Failure) 2021-01-22T19:41:53.035-0800: 175.521: [Tenured: 349495K->349366K(349568K), 0.0295874 secs] 506709K->386177K(506816K), [Metaspace: 2698K->2698K(1056768K)], 0.0296925 secs] [Times: user=0.03 sys=0.00, real=0.03 secs] 
2021-01-22T19:41:53.078-0800: 175.564: [Full GC (Allocation Failure) 2021-01-22T19:41:53.078-0800: 175.564: [Tenured: 349366K->349441K(349568K), 0.0407339 secs] 506324K->391960K(506816K), [Metaspace: 2698K->2698K(1056768K)], 0.0408341 secs] [Times: user=0.04 sys=0.00, real=0.04 secs] 
2021-01-22T19:41:53.133-0800: 175.619: [Full GC (Allocation Failure) 2021-01-22T19:41:53.133-0800: 175.619: [Tenured: 349441K->349554K(349568K), 0.0460706 secs] 506600K->398481K(506816K), [Metaspace: 2698K->2698K(1056768K)], 0.0461769 secs] [Times: user=0.04 sys=0.00, real=0.04 secs] 
2021-01-22T19:41:53.195-0800: 175.681: [Full GC (Allocation Failure) 2021-01-22T19:41:53.195-0800: 175.681: [Tenured: 349554K->349519K(349568K), 0.0604031 secs] 506314K->378935K(506816K), [Metaspace: 2698K->2698K(1056768K)], 0.0605017 secs] [Times: user=0.05 sys=0.00, real=0.06 secs] 
2021-01-22T19:41:53.275-0800: 175.761: [Full GC (Allocation Failure) 2021-01-22T19:41:53.275-0800: 175.761: [Tenured: 349519K->349536K(349568K), 0.0306750 secs] 506460K->394907K(506816K), [Metaspace: 2698K->2698K(1056768K)], 0.0307739 secs] [Times: user=0.03 sys=0.00, real=0.03 secs] 
2021-01-22T19:41:53.322-0800: 175.808: [Full GC (Allocation Failure) 2021-01-22T19:41:53.323-0800: 175.808: [Tenured: 349536K->349157K(349568K), 0.0481993 secs] 506736K->400518K(506816K), [Metaspace: 2698K->2698K(1056768K)], 0.0483220 secs] [Times: user=0.04 sys=0.00, real=0.05 secs] 
2021-01-22T19:41:53.387-0800: 175.873: [Full GC (Allocation Failure) 2021-01-22T19:41:53.387-0800: 175.873: [Tenured: 349157K->349279K(349568K), 0.0446085 secs] 505953K->399267K(506816K), [Metaspace: 2698K->2698K(1056768K)], 0.0447381 secs] [Times: user=0.04 sys=0.00, real=0.05 secs] 
2021-01-22T19:41:53.448-0800: 175.934: [Full GC (Allocation Failure) 2021-01-22T19:41:53.448-0800: 175.934: [Tenured: 349279K->349355K(349568K), 0.0474572 secs] 506258K->379842K(506816K), [Metaspace: 2698K->2698K(1056768K)], 0.0475674 secs] [Times: user=0.05 sys=0.00, real=0.05 secs] 
2021-01-22T19:41:53.512-0800: 175.998: [Full GC (Allocation Failure) 2021-01-22T19:41:53.512-0800: 175.998: [Tenured: 349355K->348910K(349568K), 0.0318226 secs] 506372K->395634K(506816K), [Metaspace: 2698K->2698K(1056768K)], 0.0319423 secs] [Times: user=0.03 sys=0.00, real=0.03 secs] 
2021-01-22T19:41:53.557-0800: 176.043: [Full GC (Allocation Failure) 2021-01-22T19:41:53.557-0800: 176.043: [Tenured: 349352K->349096K(349568K), 0.0400675 secs] 506591K->396434K(506816K), [Metaspace: 2698K->2698K(1056768K)], 0.0401743 secs] [Times: user=0.04 sys=0.00, real=0.04 secs] 
2021-01-22T19:41:53.611-0800: 176.097: [Full GC (Allocation Failure) 2021-01-22T19:41:53.611-0800: 176.097: [Tenured: 349283K->349150K(349568K), 0.0412777 secs] 506463K->400272K(506816K), [Metaspace: 2698K->2698K(1056768K)], 0.0413823 secs] [Times: user=0.04 sys=0.00, real=0.04 secs] 
2021-01-22T19:41:53.666-0800: 176.152: [Full GC (Allocation Failure) 2021-01-22T19:41:53.666-0800: 176.152: [Tenured: 349150K->349196K(349568K), 0.0474454 secs] 505700K->380496K(506816K), [Metaspace: 2698K->2698K(1056768K)], 0.0475463 secs] [Times: user=0.04 sys=0.00, real=0.05 secs] 
2021-01-22T19:41:53.732-0800: 176.218: [Full GC (Allocation Failure) 2021-01-22T19:41:53.732-0800: 176.218: [Tenured: 349565K->349347K(349568K), 0.0401527 secs] 506812K->396105K(506816K), [Metaspace: 2698K->2698K(1056768K)], 0.0402465 secs] [Times: user=0.04 sys=0.00, real=0.04 secs] 
2021-01-22T19:41:53.790-0800: 176.276: [Full GC (Allocation Failure) 2021-01-22T19:41:53.790-0800: 176.276: [Tenured: 349347K->349477K(349568K), 0.0524303 secs] 506391K->397260K(506816K), [Metaspace: 2698K->2698K(1056768K)], 0.0525667 secs] [Times: user=0.05 sys=0.00, real=0.05 secs] 
2021-01-22T19:41:53.859-0800: 176.345: [Full GC (Allocation Failure) 2021-01-22T19:41:53.859-0800: 176.345: [Tenured: 349477K->349549K(349568K), 0.0463702 secs] 506489K->396432K(506816K), [Metaspace: 2698K->2698K(1056768K)], 0.0464650 secs] [Times: user=0.05 sys=0.01, real=0.05 secs] 
2021-01-22T19:41:53.923-0800: 176.408: [Full GC (Allocation Failure) 2021-01-22T19:41:53.923-0800: 176.409: [Tenured: 349549K->349502K(349568K), 0.0612322 secs] 506565K->377481K(506816K), [Metaspace: 2698K->2698K(1056768K)], 0.0613995 secs] [Times: user=0.06 sys=0.00, real=0.06 secs] 
2021-01-22T19:41:54.001-0800: 176.487: [Full GC (Allocation Failure) 2021-01-22T19:41:54.001-0800: 176.487: [Tenured: 349502K->349314K(349568K), 0.0323041 secs] 506217K->401361K(506816K), [Metaspace: 2698K->2698K(1056768K)], 0.0324080 secs] [Times: user=0.03 sys=0.00, real=0.03 secs] 
2021-01-22T19:41:54.046-0800: 176.532: [Full GC (Allocation Failure) 2021-01-22T19:41:54.046-0800: 176.532: [Tenured: 349358K->349490K(349568K), 0.0427192 secs] 506589K->400189K(506816K), [Metaspace: 2698K->2698K(1056768K)], 0.0428166 secs] [Times: user=0.04 sys=0.00, real=0.04 secs] 
2021-01-22T19:41:54.105-0800: 176.591: [Full GC (Allocation Failure) 2021-01-22T19:41:54.105-0800: 176.591: [Tenured: 349562K->349298K(349568K), 0.0534656 secs] 506795K->395504K(506816K), [Metaspace: 2698K->2698K(1056768K)], 0.0535875 secs] [Times: user=0.05 sys=0.00, real=0.05 secs] 
2021-01-22T19:41:54.175-0800: 176.661: [Full GC (Allocation Failure) 2021-01-22T19:41:54.175-0800: 176.661: [Tenured: 349550K->348920K(349568K), 0.0530699 secs] 506795K->376434K(506816K), [Metaspace: 2698K->2698K(1056768K)], 0.0531706 secs] [Times: user=0.05 sys=0.00, real=0.05 secs] 
2021-01-22T19:41:54.244-0800: 176.730: [Full GC (Allocation Failure) 2021-01-22T19:41:54.244-0800: 176.730: [Tenured: 349508K->349519K(349568K), 0.0293363 secs] 506693K->398367K(506816K), [Metaspace: 2698K->2698K(1056768K)], 0.0294390 secs] [Times: user=0.03 sys=0.00, real=0.03 secs] 
2021-01-22T19:41:54.287-0800: 176.773: [Full GC (Allocation Failure) 2021-01-22T19:41:54.287-0800: 176.773: [Tenured: 349519K->349000K(349568K), 0.0362408 secs] 506451K->396843K(506816K), [Metaspace: 2698K->2698K(1056768K)], 0.0363768 secs] [Times: user=0.03 sys=0.00, real=0.04 secs] 
2021-01-22T19:41:54.337-0800: 176.823: [Full GC (Allocation Failure) 2021-01-22T19:41:54.337-0800: 176.823: [Tenured: 349456K->349302K(349568K), 0.0379039 secs] 506704K->395743K(506816K), [Metaspace: 2698K->2698K(1056768K)], 0.0380011 secs] [Times: user=0.03 sys=0.00, real=0.04 secs] 
2021-01-22T19:41:54.389-0800: 176.874: [Full GC (Allocation Failure) 2021-01-22T19:41:54.389-0800: 176.875: [Tenured: 349302K->349310K(349568K), 0.0462431 secs] 506464K->380831K(506816K), [Metaspace: 2698K->2698K(1056768K)], 0.0463469 secs] [Times: user=0.04 sys=0.00, real=0.05 secs] 
2021-01-22T19:41:54.450-0800: 176.936: [Full GC (Allocation Failure) 2021-01-22T19:41:54.450-0800: 176.936: [Tenured: 349310K->349530K(349568K), 0.0362036 secs] 506317K->394733K(506816K), [Metaspace: 2698K->2698K(1056768K)], 0.0363118 secs] [Times: user=0.03 sys=0.00, real=0.03 secs] 
2021-01-22T19:41:54.500-0800: 176.986: [Full GC (Allocation Failure) 2021-01-22T19:41:54.500-0800: 176.986: [Tenured: 349530K->349395K(349568K), 0.0403532 secs] 506598K->397913K(506816K), [Metaspace: 2698K->2698K(1056768K)], 0.0404542 secs] [Times: user=0.04 sys=0.00, real=0.04 secs] 
2021-01-22T19:41:54.555-0800: 177.040: [Full GC (Allocation Failure) 2021-01-22T19:41:54.555-0800: 177.040: [Tenured: 349537K->349295K(349568K), 0.0420924 secs] 506719K->395991K(506816K), [Metaspace: 2698K->2698K(1056768K)], 0.0421884 secs] [Times: user=0.04 sys=0.00, real=0.04 secs] 
2021-01-22T19:41:54.613-0800: 177.099: [Full GC (Allocation Failure) 2021-01-22T19:41:54.613-0800: 177.099: [Tenured: 349540K->349352K(349568K), 0.0598068 secs] 506779K->382368K(506816K), [Metaspace: 2698K->2698K(1056768K)], 0.0599050 secs] [Times: user=0.06 sys=0.00, real=0.06 secs] 
2021-01-22T19:41:54.692-0800: 177.178: [Full GC (Allocation Failure) 2021-01-22T19:41:54.692-0800: 177.178: [Tenured: 349512K->349495K(349568K), 0.0403830 secs] 506666K->399802K(506816K), [Metaspace: 2698K->2698K(1056768K)], 0.0405238 secs] [Times: user=0.04 sys=0.01, real=0.04 secs] 
2021-01-22T19:41:54.749-0800: 177.235: [Full GC (Allocation Failure) 2021-01-22T19:41:54.749-0800: 177.235: [Tenured: 349495K->349508K(349568K), 0.0475739 secs] 506689K->394210K(506816K), [Metaspace: 2698K->2698K(1056768K)], 0.0476711 secs] [Times: user=0.04 sys=0.00, real=0.05 secs] 
2021-01-22T19:41:54.810-0800: 177.296: [Full GC (Allocation Failure) 2021-01-22T19:41:54.810-0800: 177.296: [Tenured: 349508K->349554K(349568K), 0.0454871 secs] 506666K->391079K(506816K), [Metaspace: 2698K->2698K(1056768K)], 0.0455986 secs] [Times: user=0.04 sys=0.00, real=0.04 secs] 
2021-01-22T19:41:54.869-0800: 177.355: [Full GC (Allocation Failure) 2021-01-22T19:41:54.869-0800: 177.355: [Tenured: 349554K->349267K(349568K), 0.0468663 secs] 506793K->372418K(506816K), [Metaspace: 2698K->2698K(1056768K)], 0.0469693 secs] [Times: user=0.04 sys=0.00, real=0.05 secs] 
2021-01-22T19:41:54.932-0800: 177.418: [Full GC (Allocation Failure) 2021-01-22T19:41:54.932-0800: 177.418: [Tenured: 349411K->349058K(349568K), 0.0285599 secs] 506568K->391808K(506816K), [Metaspace: 2698K->2698K(1056768K)], 0.0286648 secs] [Times: user=0.03 sys=0.00, real=0.03 secs] 
2021-01-22T19:41:54.976-0800: 177.462: [Full GC (Allocation Failure) 2021-01-22T19:41:54.976-0800: 177.462: [Tenured: 349058K->349456K(349568K), 0.0363893 secs] 505737K->392760K(506816K), [Metaspace: 2698K->2698K(1056768K)], 0.0364971 secs] [Times: user=0.04 sys=0.00, real=0.04 secs] 
2021-01-22T19:41:55.027-0800: 177.513: [Full GC (Allocation Failure) 2021-01-22T19:41:55.027-0800: 177.513: [Tenured: 349456K->349500K(349568K), 0.0423438 secs] 506318K->392957K(506816K), [Metaspace: 2698K->2698K(1056768K)], 0.0424580 secs] [Times: user=0.04 sys=0.00, real=0.05 secs] 
2021-01-22T19:41:55.084-0800: 177.570: [Full GC (Allocation Failure) 2021-01-22T19:41:55.084-0800: 177.570: [Tenured: 349500K->349381K(349568K), 0.0483998 secs] 506361K->375189K(506816K), [Metaspace: 2698K->2698K(1056768K)], 0.0485039 secs] [Times: user=0.05 sys=0.00, real=0.05 secs] 
2021-01-22T19:41:55.150-0800: 177.636: [Full GC (Allocation Failure) 2021-01-22T19:41:55.150-0800: 177.636: [Tenured: 349381K->349303K(349568K), 0.0320612 secs] 506560K->389994K(506816K), [Metaspace: 2698K->2698K(1056768K)], 0.0321685 secs] [Times: user=0.03 sys=0.00, real=0.03 secs] 
2021-01-22T19:41:55.197-0800: 177.683: [Full GC (Allocation Failure) 2021-01-22T19:41:55.197-0800: 177.683: [Tenured: 349447K->349436K(349568K), 0.0408939 secs] 506634K->390511K(506816K), [Metaspace: 2698K->2698K(1056768K)], 0.0409951 secs] [Times: user=0.04 sys=0.00, real=0.04 secs] 
2021-01-22T19:41:55.254-0800: 177.740: [Full GC (Allocation Failure) 2021-01-22T19:41:55.254-0800: 177.740: [Tenured: 349436K->349526K(349568K), 0.0416695 secs] 506655K->389543K(506816K), [Metaspace: 2698K->2698K(1056768K)], 0.0417782 secs] [Times: user=0.04 sys=0.00, real=0.04 secs] 
2021-01-22T19:41:55.311-0800: 177.797: [Full GC (Allocation Failure) 2021-01-22T19:41:55.311-0800: 177.797: [Tenured: 349526K->349478K(349568K), 0.0457710 secs] 506709K->374823K(506816K), [Metaspace: 2698K->2698K(1056768K)], 0.0458786 secs] [Times: user=0.05 sys=0.00, real=0.04 secs] 
2021-01-22T19:41:55.372-0800: 177.858: [Full GC (Allocation Failure) 2021-01-22T19:41:55.372-0800: 177.858: [Tenured: 349478K->349566K(349568K), 0.0319437 secs] 506500K->391737K(506816K), [Metaspace: 2698K->2698K(1056768K)], 0.0320570 secs] [Times: user=0.03 sys=0.00, real=0.03 secs] 
2021-01-22T19:41:55.419-0800: 177.905: [Full GC (Allocation Failure) 2021-01-22T19:41:55.419-0800: 177.905: [Tenured: 349566K->349539K(349568K), 0.0390210 secs] 506740K->387659K(506816K), [Metaspace: 2698K->2698K(1056768K)], 0.0391307 secs] [Times: user=0.04 sys=0.00, real=0.04 secs] 
2021-01-22T19:41:55.472-0800: 177.958: [Full GC (Allocation Failure) 2021-01-22T19:41:55.472-0800: 177.958: [Tenured: 349553K->349193K(349568K), 0.0429743 secs] 506796K->382164K(506816K), [Metaspace: 2698K->2698K(1056768K)], 0.0430849 secs] [Times: user=0.04 sys=0.00, real=0.04 secs] 
2021-01-22T19:41:55.531-0800: 178.017: [Full GC (Allocation Failure) 2021-01-22T19:41:55.531-0800: 178.017: [Tenured: 349193K->348942K(349568K), 0.0479621 secs] 505958K->362276K(506816K), [Metaspace: 2698K->2698K(1056768K)], 0.0481169 secs] [Times: user=0.05 sys=0.00, real=0.04 secs] 
2021-01-22T19:41:55.597-0800: 178.083: [Full GC (Allocation Failure) 2021-01-22T19:41:55.597-0800: 178.083: [Tenured: 349421K->349405K(349568K), 0.0305194 secs] 506666K->382163K(506816K), [Metaspace: 2698K->2698K(1056768K)], 0.0306316 secs] [Times: user=0.03 sys=0.00, real=0.03 secs] 
2021-01-22T19:41:55.643-0800: 178.129: [Full GC (Allocation Failure) 2021-01-22T19:41:55.643-0800: 178.129: [Tenured: 349405K->349141K(349568K), 0.0369041 secs] 506465K->384070K(506816K), [Metaspace: 2698K->2698K(1056768K)], 0.0370093 secs] [Times: user=0.04 sys=0.00, real=0.04 secs] 
2021-01-22T19:41:55.696-0800: 178.182: [Full GC (Allocation Failure) 2021-01-22T19:41:55.696-0800: 178.182: [Tenured: 349141K->349557K(349568K), 0.0405023 secs] 506376K->392196K(506816K), [Metaspace: 2698K->2698K(1056768K)], 0.0406062 secs] [Times: user=0.04 sys=0.00, real=0.04 secs] 
2021-01-22T19:41:55.751-0800: 178.237: [Full GC (Allocation Failure) 2021-01-22T19:41:55.751-0800: 178.237: [Tenured: 349557K->349504K(349568K), 0.0462006 secs] 506797K->372350K(506816K), [Metaspace: 2698K->2698K(1056768K)], 0.0463279 secs] [Times: user=0.04 sys=0.00, real=0.04 secs] 
2021-01-22T19:41:55.814-0800: 178.300: [Full GC (Allocation Failure) 2021-01-22T19:41:55.814-0800: 178.300: [Tenured: 349504K->349280K(349568K), 0.0309338 secs] 506728K->389389K(506816K), [Metaspace: 2698K->2698K(1056768K)], 0.0310383 secs] [Times: user=0.03 sys=0.00, real=0.03 secs] 
2021-01-22T19:41:55.860-0800: 178.346: [Full GC (Allocation Failure) 2021-01-22T19:41:55.860-0800: 178.346: [Tenured: 349373K->349490K(349568K), 0.0393463 secs] 506576K->391005K(506816K), [Metaspace: 2698K->2698K(1056768K)], 0.0394500 secs] [Times: user=0.04 sys=0.00, real=0.04 secs] 
2021-01-22T19:41:55.914-0800: 178.400: [Full GC (Allocation Failure) 2021-01-22T19:41:55.914-0800: 178.400: [Tenured: 349490K->349547K(349568K), 0.0428294 secs] 506717K->392625K(506816K), [Metaspace: 2698K->2698K(1056768K)], 0.0429338 secs] [Times: user=0.04 sys=0.00, real=0.04 secs] 
2021-01-22T19:41:55.972-0800: 178.458: [Full GC (Allocation Failure) 2021-01-22T19:41:55.972-0800: 178.458: [Tenured: 349547K->349393K(349568K), 0.0539228 secs] 506652K->381379K(506816K), [Metaspace: 2698K->2698K(1056768K)], 0.0541647 secs] [Times: user=0.06 sys=0.00, real=0.05 secs] 
2021-01-22T19:41:56.043-0800: 178.529: [Full GC (Allocation Failure) 2021-01-22T19:41:56.043-0800: 178.529: [Tenured: 349393K->349439K(349568K), 0.0330066 secs] 506408K->394674K(506816K), [Metaspace: 2698K->2698K(1056768K)], 0.0331167 secs] [Times: user=0.04 sys=0.00, real=0.03 secs] 
2021-01-22T19:41:56.091-0800: 178.577: [Full GC (Allocation Failure) 2021-01-22T19:41:56.091-0800: 178.577: [Tenured: 349439K->349463K(349568K), 0.0422493 secs] 506522K->397754K(506816K), [Metaspace: 2698K->2698K(1056768K)], 0.0423625 secs] [Times: user=0.04 sys=0.00, real=0.04 secs] 
2021-01-22T19:41:56.148-0800: 178.634: [Full GC (Allocation Failure) 2021-01-22T19:41:56.148-0800: 178.634: [Tenured: 349463K->349486K(349568K), 0.0426434 secs] 506436K->398700K(506816K), [Metaspace: 2698K->2698K(1056768K)], 0.0427533 secs] [Times: user=0.05 sys=0.00, real=0.05 secs] 
2021-01-22T19:41:56.206-0800: 178.692: [Full GC (Allocation Failure) 2021-01-22T19:41:56.206-0800: 178.692: [Tenured: 349486K->349435K(349568K), 0.0509542 secs] 506456K->381112K(506816K), [Metaspace: 2698K->2698K(1056768K)], 0.0510639 secs] [Times: user=0.05 sys=0.00, real=0.05 secs] 
2021-01-22T19:41:56.274-0800: 178.760: [Full GC (Allocation Failure) 2021-01-22T19:41:56.274-0800: 178.760: [Tenured: 349554K->349501K(349568K), 0.0305900 secs] 506713K->397515K(506816K), [Metaspace: 2698K->2698K(1056768K)], 0.0306906 secs] [Times: user=0.03 sys=0.00, real=0.03 secs] 
2021-01-22T19:41:56.319-0800: 178.805: [Full GC (Allocation Failure) 2021-01-22T19:41:56.319-0800: 178.805: [Tenured: 349536K->349504K(349568K), 0.0436380 secs] 506771K->402466K(506816K), [Metaspace: 2698K->2698K(1056768K)], 0.0437493 secs] [Times: user=0.04 sys=0.00, real=0.05 secs] 
2021-01-22T19:41:56.380-0800: 178.866: [Full GC (Allocation Failure) 2021-01-22T19:41:56.380-0800: 178.866: [Tenured: 349504K->349547K(349568K), 0.0579410 secs] 506700K->400779K(506816K), [Metaspace: 2698K->2698K(1056768K)], 0.0580493 secs] [Times: user=0.05 sys=0.00, real=0.05 secs] 
2021-01-22T19:41:56.453-0800: 178.939: [Full GC (Allocation Failure) 2021-01-22T19:41:56.453-0800: 178.939: [Tenured: 349547K->349431K(349568K), 0.0590985 secs] 506770K->385541K(506816K), [Metaspace: 2698K->2698K(1056768K)], 0.0592111 secs] [Times: user=0.05 sys=0.00, real=0.06 secs] 
2021-01-22T19:41:56.531-0800: 179.017: [Full GC (Allocation Failure) 2021-01-22T19:41:56.531-0800: 179.017: [Tenured: 349530K->348941K(349568K), 0.0307886 secs] 506759K->403704K(506816K), [Metaspace: 2698K->2698K(1056768K)], 0.0308875 secs] [Times: user=0.03 sys=0.00, real=0.03 secs] 
2021-01-22T19:41:56.573-0800: 179.059: [Full GC (Allocation Failure) 2021-01-22T19:41:56.573-0800: 179.059: [Tenured: 349542K->349417K(349568K), 0.0383477 secs] 506312K->403351K(506816K), [Metaspace: 2698K->2698K(1056768K)], 0.0384529 secs] [Times: user=0.04 sys=0.00, real=0.04 secs] 
2021-01-22T19:41:56.630-0800: 179.116: [Full GC (Allocation Failure) 2021-01-22T19:41:56.630-0800: 179.116: [Tenured: 349417K->348912K(349568K), 0.0527145 secs] 506590K->399633K(506816K), [Metaspace: 2698K->2698K(1056768K)], 0.0528419 secs] [Times: user=0.05 sys=0.00, real=0.05 secs] 
2021-01-22T19:41:56.702-0800: 179.188: [Full GC (Allocation Failure) 2021-01-22T19:41:56.702-0800: 179.188: [Tenured: 349473K->349542K(349568K), 0.0656858 secs] 506719K->384983K(506816K), [Metaspace: 2698K->2698K(1056768K)], 0.0657816 secs] [Times: user=0.06 sys=0.00, real=0.06 secs] 
2021-01-22T19:41:56.788-0800: 179.274: [Full GC (Allocation Failure) 2021-01-22T19:41:56.788-0800: 179.274: [Tenured: 349542K->349509K(349568K), 0.0468269 secs] 506722K->403752K(506816K), [Metaspace: 2698K->2698K(1056768K)], 0.0469233 secs] [Times: user=0.04 sys=0.00, real=0.05 secs] 
2021-01-22T19:41:56.850-0800: 179.336: [Full GC (Allocation Failure) 2021-01-22T19:41:56.850-0800: 179.337: [Tenured: 349509K->349559K(349568K), 0.0477246 secs] 506655K->401780K(506816K), [Metaspace: 2698K->2698K(1056768K)], 0.0478244 secs] [Times: user=0.04 sys=0.00, real=0.04 secs] 
2021-01-22T19:41:56.914-0800: 179.400: [Full GC (Allocation Failure) 2021-01-22T19:41:56.914-0800: 179.400: [Tenured: 349559K->349420K(349568K), 0.0503276 secs] 506577K->399368K(506816K), [Metaspace: 2698K->2698K(1056768K)], 0.0504443 secs] [Times: user=0.04 sys=0.01, real=0.05 secs] 
2021-01-22T19:41:56.980-0800: 179.466: [Full GC (Allocation Failure) 2021-01-22T19:41:56.980-0800: 179.466: [Tenured: 349540K->349471K(349568K), 0.0586891 secs] 506783K->379138K(506816K), [Metaspace: 2698K->2698K(1056768K)], 0.0588203 secs] [Times: user=0.05 sys=0.00, real=0.05 secs] 
2021-01-22T19:41:57.061-0800: 179.547: [Full GC (Allocation Failure) 2021-01-22T19:41:57.061-0800: 179.547: [Tenured: 349471K->349512K(349568K), 0.0428564 secs] 506643K->396305K(506816K), [Metaspace: 2698K->2698K(1056768K)], 0.0430107 secs] [Times: user=0.04 sys=0.00, real=0.04 secs] 
2021-01-22T19:41:57.120-0800: 179.606: [Full GC (Allocation Failure) 2021-01-22T19:41:57.120-0800: 179.607: [Tenured: 349512K->349505K(349568K), 0.0735242 secs] 506711K->395957K(506816K), [Metaspace: 2698K->2698K(1056768K)], 0.0736157 secs] [Times: user=0.05 sys=0.00, real=0.07 secs] 
2021-01-22T19:41:57.211-0800: 179.697: [Full GC (Allocation Failure) 2021-01-22T19:41:57.211-0800: 179.697: [Tenured: 349505K->349417K(349568K), 0.0595297 secs] 506715K->399843K(506816K), [Metaspace: 2698K->2698K(1056768K)], 0.0596419 secs] [Times: user=0.05 sys=0.00, real=0.06 secs] 
2021-01-22T19:41:57.286-0800: 179.772: [Full GC (Allocation Failure) 2021-01-22T19:41:57.286-0800: 179.772: [Tenured: 349417K->349337K(349568K), 0.0591400 secs] 506524K->380122K(506816K), [Metaspace: 2698K->2698K(1056768K)], 0.0592749 secs] [Times: user=0.05 sys=0.01, real=0.06 secs] 
2021-01-22T19:41:57.365-0800: 179.851: [Full GC (Allocation Failure) 2021-01-22T19:41:57.365-0800: 179.851: [Tenured: 349337K->349472K(349568K), 0.0410646 secs] 506464K->401773K(506816K), [Metaspace: 2698K->2698K(1056768K)], 0.0411828 secs] [Times: user=0.04 sys=0.00, real=0.04 secs] 
2021-01-22T19:41:57.422-0800: 179.908: [Full GC (Allocation Failure) 2021-01-22T19:41:57.422-0800: 179.908: [Tenured: 349472K->349542K(349568K), 0.0485390 secs] 506423K->400843K(506816K), [Metaspace: 2698K->2698K(1056768K)], 0.0486500 secs] [Times: user=0.05 sys=0.00, real=0.05 secs] 
2021-01-22T19:41:57.486-0800: 179.972: [Full GC (Allocation Failure) 2021-01-22T19:41:57.486-0800: 179.972: [Tenured: 349542K->349334K(349568K), 0.0520540 secs] 506690K->395641K(506816K), [Metaspace: 2698K->2698K(1056768K)], 0.0521608 secs] [Times: user=0.05 sys=0.00, real=0.05 secs] 
2021-01-22T19:41:57.553-0800: 180.039: [Full GC (Allocation Failure) 2021-01-22T19:41:57.553-0800: 180.040: [Tenured: 349334K->349436K(349568K), 0.0610877 secs] 506408K->381510K(506816K), [Metaspace: 2698K->2698K(1056768K)], 0.0611855 secs] [Times: user=0.06 sys=0.00, real=0.06 secs] 
2021-01-22T19:41:57.634-0800: 180.120: [Full GC (Allocation Failure) 2021-01-22T19:41:57.634-0800: 180.120: [Tenured: 349436K->349483K(349568K), 0.0399442 secs] 506547K->390532K(506816K), [Metaspace: 2698K->2698K(1056768K)], 0.0400505 secs] [Times: user=0.03 sys=0.00, real=0.04 secs] 
2021-01-22T19:41:57.698-0800: 180.184: [Full GC (Allocation Failure) 2021-01-22T19:41:57.698-0800: 180.184: [Tenured: 349483K->349529K(349568K), 0.0504913 secs] 506730K->391865K(506816K), [Metaspace: 2698K->2698K(1056768K)], 0.0506973 secs] [Times: user=0.04 sys=0.01, real=0.05 secs] 
2021-01-22T19:41:57.765-0800: 180.251: [Full GC (Allocation Failure) 2021-01-22T19:41:57.765-0800: 180.251: [Tenured: 349529K->349566K(349568K), 0.0518734 secs] 506224K->392018K(506816K), [Metaspace: 2698K->2698K(1056768K)], 0.0520542 secs] [Times: user=0.05 sys=0.00, real=0.05 secs] 
2021-01-22T19:41:57.834-0800: 180.320: [Full GC (Allocation Failure) 2021-01-22T19:41:57.834-0800: 180.320: [Tenured: 349566K->349394K(349568K), 0.0575948 secs] 506814K->372388K(506816K), [Metaspace: 2698K->2698K(1056768K)], 0.0577022 secs] [Times: user=0.06 sys=0.00, real=0.06 secs] 
2021-01-22T19:41:57.913-0800: 180.399: [Full GC (Allocation Failure) 2021-01-22T19:41:57.913-0800: 180.399: [Tenured: 349394K->349504K(349568K), 0.0366666 secs] 506513K->389667K(506816K), [Metaspace: 2698K->2698K(1056768K)], 0.0368323 secs] [Times: user=0.03 sys=0.00, real=0.04 secs] 
2021-01-22T19:41:57.968-0800: 180.454: [Full GC (Allocation Failure) 2021-01-22T19:41:57.968-0800: 180.454: [Tenured: 349504K->349530K(349568K), 0.0483750 secs] 506746K->391037K(506816K), [Metaspace: 2698K->2698K(1056768K)], 0.0484758 secs] [Times: user=0.04 sys=0.00, real=0.05 secs] 
2021-01-22T19:41:58.034-0800: 180.520: [Full GC (Allocation Failure) 2021-01-22T19:41:58.034-0800: 180.520: [Tenured: 349530K->349567K(349568K), 0.0523847 secs] 506632K->395776K(506816K), [Metaspace: 2698K->2698K(1056768K)], 0.0525098 secs] [Times: user=0.05 sys=0.00, real=0.05 secs] 
2021-01-22T19:41:58.102-0800: 180.588: [Full GC (Allocation Failure) 2021-01-22T19:41:58.102-0800: 180.589: [Tenured: 349567K->349238K(349568K), 0.0744195 secs] 506671K->371362K(506816K), [Metaspace: 2698K->2698K(1056768K)], 0.0745336 secs] [Times: user=0.06 sys=0.01, real=0.07 secs] 
2021-01-22T19:41:58.200-0800: 180.686: [Full GC (Allocation Failure) 2021-01-22T19:41:58.200-0800: 180.686: [Tenured: 349526K->349192K(349568K), 0.0363861 secs] 506646K->388075K(506816K), [Metaspace: 2698K->2698K(1056768K)], 0.0364879 secs] [Times: user=0.03 sys=0.00, real=0.03 secs] 
2021-01-22T19:41:58.254-0800: 180.740: [Full GC (Allocation Failure) 2021-01-22T19:41:58.254-0800: 180.740: [Tenured: 349192K->349460K(349568K), 0.0467802 secs] 506282K->385526K(506816K), [Metaspace: 2698K->2698K(1056768K)], 0.0469283 secs] [Times: user=0.04 sys=0.00, real=0.05 secs] 
2021-01-22T19:41:58.321-0800: 180.807: [Full GC (Allocation Failure) 2021-01-22T19:41:58.321-0800: 180.807: [Tenured: 349496K->349272K(349568K), 0.0508510 secs] 506717K->386842K(506816K), [Metaspace: 2698K->2698K(1056768K)], 0.0509604 secs] [Times: user=0.05 sys=0.00, real=0.05 secs] 
2021-01-22T19:41:58.389-0800: 180.875: [Full GC (Allocation Failure) 2021-01-22T19:41:58.389-0800: 180.875: [Tenured: 349272K->349521K(349568K), 0.0559448 secs] 506161K->371380K(506816K), [Metaspace: 2698K->2698K(1056768K)], 0.0560468 secs] [Times: user=0.06 sys=0.00, real=0.06 secs] 
2021-01-22T19:41:58.466-0800: 180.952: [Full GC (Allocation Failure) 2021-01-22T19:41:58.466-0800: 180.952: [Tenured: 349521K->348928K(349568K), 0.0424251 secs] 506578K->381719K(506816K), [Metaspace: 2698K->2698K(1056768K)], 0.0425240 secs] [Times: user=0.04 sys=0.00, real=0.04 secs] 
2021-01-22T19:41:58.525-0800: 181.012: [Full GC (Allocation Failure) 2021-01-22T19:41:58.526-0800: 181.012: [Tenured: 348928K->349550K(349568K), 0.0504329 secs] 505599K->382002K(506816K), [Metaspace: 2698K->2698K(1056768K)], 0.0505333 secs] [Times: user=0.05 sys=0.01, real=0.05 secs] 
2021-01-22T19:41:58.596-0800: 181.083: [Full GC (Allocation Failure) 2021-01-22T19:41:58.597-0800: 181.083: [Tenured: 349550K->349433K(349568K), 0.0535799 secs] 506772K->388149K(506816K), [Metaspace: 2698K->2698K(1056768K)], 0.0537039 secs] [Times: user=0.05 sys=0.00, real=0.06 secs] 
2021-01-22T19:41:58.671-0800: 181.157: [Full GC (Allocation Failure) 2021-01-22T19:41:58.671-0800: 181.157: [Tenured: 349433K->349373K(349568K), 0.0621083 secs] 506602K->372347K(506816K), [Metaspace: 2698K->2698K(1056768K)], 0.0622215 secs] [Times: user=0.05 sys=0.00, real=0.06 secs] 
2021-01-22T19:41:58.762-0800: 181.248: [Full GC (Allocation Failure) 2021-01-22T19:41:58.762-0800: 181.248: [Tenured: 349470K->349528K(349568K), 0.0401844 secs] 506713K->392861K(506816K), [Metaspace: 2698K->2698K(1056768K)], 0.0404673 secs] [Times: user=0.03 sys=0.00, real=0.04 secs] 
2021-01-22T19:41:58.821-0800: 181.307: [Full GC (Allocation Failure) 2021-01-22T19:41:58.821-0800: 181.307: [Tenured: 349528K->349528K(349568K), 0.0487940 secs] 506669K->393324K(506816K), [Metaspace: 2698K->2698K(1056768K)], 0.0489053 secs] [Times: user=0.04 sys=0.00, real=0.05 secs] 
2021-01-22T19:41:58.886-0800: 181.372: [Full GC (Allocation Failure) 2021-01-22T19:41:58.886-0800: 181.372: [Tenured: 349564K->349226K(349568K), 0.0575740 secs] 506780K->387368K(506816K), [Metaspace: 2698K->2698K(1056768K)], 0.0576932 secs] [Times: user=0.05 sys=0.01, real=0.06 secs] 
2021-01-22T19:41:58.979-0800: 181.465: [Full GC (Allocation Failure) 2021-01-22T19:41:58.979-0800: 181.465: [Tenured: 349442K->349542K(349568K), 0.0610096 secs] 506622K->369530K(506816K), [Metaspace: 2698K->2698K(1056768K)], 0.0611111 secs] [Times: user=0.05 sys=0.00, real=0.07 secs] 
2021-01-22T19:41:59.060-0800: 181.546: [Full GC (Allocation Failure) 2021-01-22T19:41:59.060-0800: 181.547: [Tenured: 349542K->349474K(349568K), 0.0388674 secs] 506529K->388136K(506816K), [Metaspace: 2698K->2698K(1056768K)], 0.0389554 secs] [Times: user=0.04 sys=0.00, real=0.03 secs] 
2021-01-22T19:41:59.116-0800: 181.602: [Full GC (Allocation Failure) 2021-01-22T19:41:59.116-0800: 181.602: [Tenured: 349474K->349072K(349568K), 0.0467965 secs] 506332K->394195K(506816K), [Metaspace: 2698K->2698K(1056768K)], 0.0469007 secs] [Times: user=0.05 sys=0.00, real=0.05 secs] 
2021-01-22T19:41:59.178-0800: 181.665: [Full GC (Allocation Failure) 2021-01-22T19:41:59.178-0800: 181.665: [Tenured: 349504K->349495K(349568K), 0.0497148 secs] 506633K->394937K(506816K), [Metaspace: 2698K->2698K(1056768K)], 0.0498191 secs] [Times: user=0.05 sys=0.00, real=0.05 secs] 
2021-01-22T19:41:59.245-0800: 181.731: [Full GC (Allocation Failure) 2021-01-22T19:41:59.245-0800: 181.731: [Tenured: 349495K->349542K(349568K), 0.0593782 secs] 506596K->379303K(506816K), [Metaspace: 2698K->2698K(1056768K)], 0.0594800 secs] [Times: user=0.06 sys=0.00, real=0.06 secs] 
2021-01-22T19:41:59.322-0800: 181.808: [Full GC (Allocation Failure) 2021-01-22T19:41:59.322-0800: 181.809: [Tenured: 349542K->349380K(349568K), 0.0404754 secs] 506773K->393592K(506816K), [Metaspace: 2698K->2698K(1056768K)], 0.0405701 secs] [Times: user=0.03 sys=0.01, real=0.04 secs] 
2021-01-22T19:41:59.379-0800: 181.865: [Full GC (Allocation Failure) 2021-01-22T19:41:59.379-0800: 181.865: [Tenured: 349561K->349520K(349568K), 0.0496276 secs] 506774K->394245K(506816K), [Metaspace: 2698K->2698K(1056768K)], 0.0497259 secs] [Times: user=0.05 sys=0.00, real=0.05 secs] 
2021-01-22T19:41:59.444-0800: 181.930: [Full GC (Allocation Failure) 2021-01-22T19:41:59.444-0800: 181.930: [Tenured: 349520K->349459K(349568K), 0.0527089 secs] 506557K->398274K(506816K), [Metaspace: 2698K->2698K(1056768K)], 0.0528176 secs] [Times: user=0.05 sys=0.00, real=0.05 secs] 
2021-01-22T19:41:59.512-0800: 181.998: [Full GC (Allocation Failure) 2021-01-22T19:41:59.512-0800: 181.999: [Tenured: 349459K->349488K(349568K), 0.0580847 secs] 506562K->375794K(506816K), [Metaspace: 2698K->2698K(1056768K)], 0.0581793 secs] [Times: user=0.06 sys=0.00, real=0.06 secs] 
2021-01-22T19:41:59.589-0800: 182.075: [Full GC (Allocation Failure) 2021-01-22T19:41:59.589-0800: 182.075: [Tenured: 349488K->349544K(349568K), 0.0399344 secs] 506480K->395549K(506816K), [Metaspace: 2698K->2698K(1056768K)], 0.0400393 secs] [Times: user=0.04 sys=0.00, real=0.04 secs] 
2021-01-22T19:41:59.646-0800: 182.133: [Full GC (Allocation Failure) 2021-01-22T19:41:59.646-0800: 182.133: [Tenured: 349544K->349307K(349568K), 0.0444272 secs] 506738K->397677K(506816K), [Metaspace: 2698K->2698K(1056768K)], 0.0445521 secs] [Times: user=0.05 sys=0.00, real=0.05 secs] 
2021-01-22T19:41:59.704-0800: 182.190: [Full GC (Allocation Failure) 2021-01-22T19:41:59.704-0800: 182.190: [Tenured: 349307K->349549K(349568K), 0.0444335 secs] 506423K->395814K(506816K), [Metaspace: 2698K->2698K(1056768K)], 0.0445280 secs] [Times: user=0.04 sys=0.00, real=0.04 secs] 
2021-01-22T19:41:59.763-0800: 182.249: [Full GC (Allocation Failure) 2021-01-22T19:41:59.763-0800: 182.249: [Tenured: 349549K->349348K(349568K), 0.0469946 secs] 506737K->377170K(506816K), [Metaspace: 2698K->2698K(1056768K)], 0.0470948 secs] [Times: user=0.04 sys=0.00, real=0.05 secs] 
2021-01-22T19:41:59.825-0800: 182.312: [Full GC (Allocation Failure) 2021-01-22T19:41:59.825-0800: 182.312: [Tenured: 349479K->349358K(349568K), 0.0286133 secs] 506645K->395205K(506816K), [Metaspace: 2698K->2698K(1056768K)], 0.0287084 secs] [Times: user=0.03 sys=0.00, real=0.03 secs] 
2021-01-22T19:41:59.868-0800: 182.354: [Full GC (Allocation Failure) 2021-01-22T19:41:59.868-0800: 182.354: [Tenured: 349358K->349512K(349568K), 0.0378387 secs] 506157K->401889K(506816K), [Metaspace: 2698K->2698K(1056768K)], 0.0379330 secs] [Times: user=0.04 sys=0.00, real=0.04 secs] 
2021-01-22T19:41:59.919-0800: 182.405: [Full GC (Allocation Failure) 2021-01-22T19:41:59.919-0800: 182.405: [Tenured: 349512K->349332K(349568K), 0.0416807 secs] 506740K->404842K(506816K), [Metaspace: 2698K->2698K(1056768K)], 0.0417815 secs] [Times: user=0.04 sys=0.00, real=0.05 secs] 
2021-01-22T19:41:59.973-0800: 182.460: [Full GC (Allocation Failure) 2021-01-22T19:41:59.974-0800: 182.460: [Tenured: 349332K->349024K(349568K), 0.0490141 secs] 506419K->381637K(506816K), [Metaspace: 2698K->2698K(1056768K)], 0.0491110 secs] [Times: user=0.04 sys=0.00, real=0.05 secs] 
2021-01-22T19:42:00.037-0800: 182.523: [Full GC (Allocation Failure) 2021-01-22T19:42:00.037-0800: 182.523: [Tenured: 349446K->349441K(349568K), 0.0308803 secs] 506689K->400225K(506816K), [Metaspace: 2698K->2698K(1056768K)], 0.0309959 secs] [Times: user=0.03 sys=0.00, real=0.03 secs] 
2021-01-22T19:42:00.080-0800: 182.567: [Full GC (Allocation Failure) 2021-01-22T19:42:00.080-0800: 182.567: [Tenured: 349441K->349330K(349568K), 0.0386751 secs] 506665K->393769K(506816K), [Metaspace: 2698K->2698K(1056768K)], 0.0387752 secs] [Times: user=0.04 sys=0.00, real=0.03 secs] 
2021-01-22T19:42:00.134-0800: 182.620: [Full GC (Allocation Failure) 2021-01-22T19:42:00.134-0800: 182.620: [Tenured: 349474K->349321K(349568K), 0.0408050 secs] 506681K->385984K(506816K), [Metaspace: 2698K->2698K(1056768K)], 0.0408973 secs] [Times: user=0.04 sys=0.00, real=0.04 secs] 
2021-01-22T19:42:00.190-0800: 182.676: [Full GC (Allocation Failure) 2021-01-22T19:42:00.190-0800: 182.676: [Tenured: 349465K->348896K(349568K), 0.0460714 secs] 506673K->368776K(506816K), [Metaspace: 2698K->2698K(1056768K)], 0.0461885 secs] [Times: user=0.05 sys=0.00, real=0.04 secs] 
2021-01-22T19:42:00.255-0800: 182.741: [Full GC (Allocation Failure) 2021-01-22T19:42:00.255-0800: 182.741: [Tenured: 349534K->349516K(349568K), 0.0298181 secs] 506779K->388029K(506816K), [Metaspace: 2698K->2698K(1056768K)], 0.0299217 secs] [Times: user=0.03 sys=0.00, real=0.03 secs] 
2021-01-22T19:42:00.299-0800: 182.785: [Full GC (Allocation Failure) 2021-01-22T19:42:00.299-0800: 182.785: [Tenured: 349516K->349415K(349568K), 0.0356954 secs] 506561K->387246K(506816K), [Metaspace: 2698K->2698K(1056768K)], 0.0357909 secs] [Times: user=0.03 sys=0.00, real=0.04 secs] 
2021-01-22T19:42:00.350-0800: 182.836: [Full GC (Allocation Failure) 2021-01-22T19:42:00.350-0800: 182.836: [Tenured: 349415K->349376K(349568K), 0.0382537 secs] 506452K->384447K(506816K), [Metaspace: 2698K->2698K(1056768K)], 0.0383552 secs] [Times: user=0.04 sys=0.00, real=0.03 secs] 
2021-01-22T19:42:00.402-0800: 182.888: [Full GC (Allocation Failure) 2021-01-22T19:42:00.402-0800: 182.888: [Tenured: 349376K->349208K(349568K), 0.0475303 secs] 506425K->367193K(506816K), [Metaspace: 2698K->2698K(1056768K)], 0.0476713 secs] [Times: user=0.05 sys=0.00, real=0.05 secs] 
2021-01-22T19:42:00.467-0800: 182.953: [Full GC (Allocation Failure) 2021-01-22T19:42:00.467-0800: 182.953: [Tenured: 349208K->349543K(349568K), 0.0303391 secs] 505817K->386959K(506816K), [Metaspace: 2698K->2698K(1056768K)], 0.0304410 secs] [Times: user=0.03 sys=0.00, real=0.03 secs] 
2021-01-22T19:42:00.512-0800: 182.998: [Full GC (Allocation Failure) 2021-01-22T19:42:00.512-0800: 182.998: [Tenured: 349543K->349518K(349568K), 0.0367937 secs] 506686K->387928K(506816K), [Metaspace: 2698K->2698K(1056768K)], 0.0369025 secs] [Times: user=0.04 sys=0.00, real=0.03 secs] 
2021-01-22T19:42:00.567-0800: 183.053: [Full GC (Allocation Failure) 2021-01-22T19:42:00.567-0800: 183.053: [Tenured: 349518K->349452K(349568K), 0.0410586 secs] 506678K->386906K(506816K), [Metaspace: 2698K->2698K(1056768K)], 0.0411423 secs] [Times: user=0.04 sys=0.00, real=0.04 secs] 
2021-01-22T19:42:00.625-0800: 183.111: [Full GC (Allocation Failure) 2021-01-22T19:42:00.625-0800: 183.111: [Tenured: 349452K->349485K(349568K), 0.0476735 secs] 506628K->369167K(506816K), [Metaspace: 2698K->2698K(1056768K)], 0.0477662 secs] [Times: user=0.05 sys=0.00, real=0.05 secs] 
2021-01-22T19:42:00.689-0800: 183.175: [Full GC (Allocation Failure) 2021-01-22T19:42:00.689-0800: 183.175: [Tenured: 349485K->349260K(349568K), 0.0347737 secs] 506636K->384042K(506816K), [Metaspace: 2698K->2698K(1056768K)], 0.0348680 secs] [Times: user=0.04 sys=0.00, real=0.04 secs] 
2021-01-22T19:42:00.739-0800: 183.225: [Full GC (Allocation Failure) 2021-01-22T19:42:00.739-0800: 183.225: [Tenured: 349260K->349480K(349568K), 0.0378526 secs] 506330K->379650K(506816K), [Metaspace: 2698K->2698K(1056768K)], 0.0379457 secs] [Times: user=0.04 sys=0.00, real=0.04 secs] 
2021-01-22T19:42:00.793-0800: 183.279: [Full GC (Allocation Failure) 2021-01-22T19:42:00.793-0800: 183.279: [Tenured: 349552K->349207K(349568K), 0.0417984 secs] 506798K->380870K(506816K), [Metaspace: 2698K->2698K(1056768K)], 0.0419338 secs] [Times: user=0.04 sys=0.00, real=0.04 secs] 
2021-01-22T19:42:00.850-0800: 183.337: [Full GC (Allocation Failure) 2021-01-22T19:42:00.850-0800: 183.337: [Tenured: 349207K->349425K(349568K), 0.0464614 secs] 506239K->361409K(506816K), [Metaspace: 2698K->2698K(1056768K)], 0.0465625 secs] [Times: user=0.05 sys=0.00, real=0.04 secs] 
2021-01-22T19:42:00.914-0800: 183.400: [Full GC (Allocation Failure) 2021-01-22T19:42:00.914-0800: 183.400: [Tenured: 349425K->349454K(349568K), 0.0277034 secs] 506344K->383342K(506816K), [Metaspace: 2698K->2698K(1056768K)], 0.0277987 secs] [Times: user=0.02 sys=0.00, real=0.03 secs] 
2021-01-22T19:42:00.962-0800: 183.449: [Full GC (Allocation Failure) 2021-01-22T19:42:00.962-0800: 183.449: [Tenured: 349545K->349342K(349568K), 0.0544624 secs] 506790K->383389K(506816K), [Metaspace: 2698K->2698K(1056768K)], 0.0545765 secs] [Times: user=0.05 sys=0.00, real=0.05 secs] 
2021-01-22T19:42:01.040-0800: 183.526: [Full GC (Allocation Failure) 2021-01-22T19:42:01.040-0800: 183.526: [Tenured: 349342K->349507K(349568K), 0.0508499 secs] 506550K->377556K(506816K), [Metaspace: 2698K->2698K(1056768K)], 0.0509303 secs] [Times: user=0.05 sys=0.00, real=0.05 secs] 
2021-01-22T19:42:01.112-0800: 183.598: [Full GC (Allocation Failure) 2021-01-22T19:42:01.112-0800: 183.598: [Tenured: 349507K->349276K(349568K), 0.0645131 secs] 506474K->359780K(506816K), [Metaspace: 2698K->2698K(1056768K)], 0.0646353 secs] [Times: user=0.05 sys=0.00, real=0.06 secs] 
2021-01-22T19:42:01.202-0800: 183.688: [Full GC (Allocation Failure) 2021-01-22T19:42:01.202-0800: 183.688: [Tenured: 349564K->348989K(349568K), 0.0298624 secs] 506777K->383361K(506816K), [Metaspace: 2698K->2698K(1056768K)], 0.0300686 secs] [Times: user=0.03 sys=0.00, real=0.03 secs] 
2021-01-22T19:42:01.247-0800: 183.733: [Full GC (Allocation Failure) 2021-01-22T19:42:01.247-0800: 183.734: [Tenured: 349541K->349562K(349568K), 0.0390621 secs] 506780K->382479K(506816K), [Metaspace: 2698K->2698K(1056768K)], 0.0391578 secs] [Times: user=0.04 sys=0.00, real=0.04 secs] 
2021-01-22T19:42:01.301-0800: 183.787: [Full GC (Allocation Failure) 2021-01-22T19:42:01.301-0800: 183.787: [Tenured: 349562K->348896K(349568K), 0.0412220 secs] 506633K->382688K(506816K), [Metaspace: 2698K->2698K(1056768K)], 0.0413207 secs] [Times: user=0.04 sys=0.00, real=0.04 secs] 
2021-01-22T19:42:01.357-0800: 183.843: [Full GC (Allocation Failure) 2021-01-22T19:42:01.357-0800: 183.843: [Tenured: 349467K->349544K(349568K), 0.0482805 secs] 506715K->372946K(506816K), [Metaspace: 2698K->2698K(1056768K)], 0.0483769 secs] [Times: user=0.05 sys=0.00, real=0.05 secs] 
2021-01-22T19:42:01.422-0800: 183.908: [Full GC (Allocation Failure) 2021-01-22T19:42:01.422-0800: 183.908: [Tenured: 349544K->349463K(349568K), 0.0301619 secs] 506585K->394764K(506816K), [Metaspace: 2698K->2698K(1056768K)], 0.0302599 secs] [Times: user=0.03 sys=0.00, real=0.03 secs] 
2021-01-22T19:42:01.468-0800: 183.954: [Full GC (Allocation Failure) 2021-01-22T19:42:01.468-0800: 183.954: [Tenured: 349463K->349549K(349568K), 0.0403348 secs] 506701K->388980K(506816K), [Metaspace: 2698K->2698K(1056768K)], 0.0404372 secs] [Times: user=0.04 sys=0.00, real=0.04 secs] 
2021-01-22T19:42:01.522-0800: 184.008: [Full GC (Allocation Failure) 2021-01-22T19:42:01.522-0800: 184.008: [Tenured: 349549K->349425K(349568K), 0.0477217 secs] 506699K->398395K(506816K), [Metaspace: 2698K->2698K(1056768K)], 0.0478270 secs] [Times: user=0.05 sys=0.00, real=0.05 secs] 
2021-01-22T19:42:01.584-0800: 184.071: [Full GC (Allocation Failure) 2021-01-22T19:42:01.584-0800: 184.071: [Tenured: 349472K->349485K(349568K), 0.0507065 secs] 506708K->383721K(506816K), [Metaspace: 2698K->2698K(1056768K)], 0.0508518 secs] [Times: user=0.05 sys=0.00, real=0.05 secs] 
2021-01-22T19:42:01.650-0800: 184.136: [Full GC (Allocation Failure) 2021-01-22T19:42:01.650-0800: 184.136: [Tenured: 349551K->349507K(349568K), 0.0264644 secs] 506789K->408397K(506816K), [Metaspace: 2698K->2698K(1056768K)], 0.0265526 secs] [Times: user=0.03 sys=0.00, real=0.02 secs] 
2021-01-22T19:42:01.690-0800: 184.176: [Full GC (Allocation Failure) 2021-01-22T19:42:01.690-0800: 184.176: [Tenured: 349507K->349229K(349568K), 0.0383009 secs] 506167K->412856K(506816K), [Metaspace: 2698K->2698K(1056768K)], 0.0383907 secs] [Times: user=0.04 sys=0.00, real=0.03 secs] 
2021-01-22T19:42:01.740-0800: 184.226: [Full GC (Allocation Failure) 2021-01-22T19:42:01.740-0800: 184.227: [Tenured: 349503K->349527K(349568K), 0.0420741 secs] 506704K->414421K(506816K), [Metaspace: 2698K->2698K(1056768K)], 0.0422025 secs] [Times: user=0.04 sys=0.00, real=0.04 secs] 
2021-01-22T19:42:01.795-0800: 184.281: [Full GC (Allocation Failure) 2021-01-22T19:42:01.795-0800: 184.281: [Tenured: 349554K->349295K(349568K), 0.0522923 secs] 506799K->397609K(506816K), [Metaspace: 2698K->2698K(1056768K)], 0.0523891 secs] [Times: user=0.05 sys=0.00, real=0.05 secs] 
2021-01-22T19:42:01.861-0800: 184.347: [Full GC (Allocation Failure) 2021-01-22T19:42:01.861-0800: 184.347: [Tenured: 349565K->349517K(349568K), 0.0320667 secs] 506798K->413491K(506816K), [Metaspace: 2698K->2698K(1056768K)], 0.0321637 secs] [Times: user=0.03 sys=0.01, real=0.03 secs] 
2021-01-22T19:42:01.906-0800: 184.392: [Full GC (Allocation Failure) 2021-01-22T19:42:01.906-0800: 184.392: [Tenured: 349517K->349550K(349568K), 0.0446853 secs] 506438K->412491K(506816K), [Metaspace: 2698K->2698K(1056768K)], 0.0447836 secs] [Times: user=0.05 sys=0.00, real=0.05 secs] 
2021-01-22T19:42:01.965-0800: 184.451: [Full GC (Allocation Failure) 2021-01-22T19:42:01.965-0800: 184.451: [Tenured: 349550K->349376K(349568K), 0.0448168 secs] 506760K->402650K(506816K), [Metaspace: 2698K->2698K(1056768K)], 0.0449102 secs] [Times: user=0.04 sys=0.00, real=0.05 secs] 
2021-01-22T19:42:02.024-0800: 184.510: [Full GC (Allocation Failure) 2021-01-22T19:42:02.024-0800: 184.510: [Tenured: 349533K->349294K(349568K), 0.0573730 secs] 506750K->384604K(506816K), [Metaspace: 2698K->2698K(1056768K)], 0.0574604 secs] [Times: user=0.05 sys=0.00, real=0.06 secs] 
2021-01-22T19:42:02.101-0800: 184.587: [Full GC (Allocation Failure) 2021-01-22T19:42:02.101-0800: 184.587: [Tenured: 349294K->348896K(349568K), 0.0349183 secs] 506379K->403358K(506816K), [Metaspace: 2698K->2698K(1056768K)], 0.0350690 secs] [Times: user=0.03 sys=0.00, real=0.03 secs] 
2021-01-22T19:42:02.148-0800: 184.634: [Full GC (Allocation Failure) 2021-01-22T19:42:02.148-0800: 184.634: [Tenured: 349454K->349564K(349568K), 0.0431688 secs] 506687K->407759K(506816K), [Metaspace: 2698K->2698K(1056768K)], 0.0432582 secs] [Times: user=0.04 sys=0.00, real=0.05 secs] 
2021-01-22T19:42:02.203-0800: 184.690: [Full GC (Allocation Failure) 2021-01-22T19:42:02.203-0800: 184.690: [Tenured: 349564K->349466K(349568K), 0.0450638 secs] 506492K->414895K(506816K), [Metaspace: 2698K->2698K(1056768K)], 0.0451796 secs] [Times: user=0.04 sys=0.00, real=0.04 secs] 
2021-01-22T19:42:02.261-0800: 184.747: [Full GC (Allocation Failure) 2021-01-22T19:42:02.261-0800: 184.747: [Tenured: 349466K->349328K(349568K), 0.0554685 secs] 506587K->394259K(506816K), [Metaspace: 2698K->2698K(1056768K)], 0.0555768 secs] [Times: user=0.05 sys=0.00, real=0.05 secs] 
2021-01-22T19:42:02.341-0800: 184.827: [Full GC (Allocation Failure) 2021-01-22T19:42:02.341-0800: 184.827: [Tenured: 349472K->349559K(349568K), 0.0367035 secs] 506597K->405093K(506816K), [Metaspace: 2698K->2698K(1056768K)], 0.0368010 secs] [Times: user=0.03 sys=0.00, real=0.03 secs] 
2021-01-22T19:42:02.394-0800: 184.881: [Full GC (Allocation Failure) 2021-01-22T19:42:02.394-0800: 184.881: [Tenured: 349559K->349113K(349568K), 0.0479745 secs] 506793K->405737K(506816K), [Metaspace: 2698K->2698K(1056768K)], 0.0480750 secs] [Times: user=0.04 sys=0.00, real=0.05 secs] 
2021-01-22T19:42:02.462-0800: 184.948: [Full GC (Allocation Failure) 2021-01-22T19:42:02.462-0800: 184.948: [Tenured: 349512K->349354K(349568K), 0.0540933 secs] 506759K->402415K(506816K), [Metaspace: 2698K->2698K(1056768K)], 0.0542284 secs] [Times: user=0.04 sys=0.00, real=0.05 secs] 
2021-01-22T19:42:02.532-0800: 185.019: [Full GC (Allocation Failure) 2021-01-22T19:42:02.532-0800: 185.019: [Tenured: 349426K->349501K(349568K), 0.0622446 secs] 506625K->382536K(506816K), [Metaspace: 2698K->2698K(1056768K)], 0.0624039 secs] [Times: user=0.05 sys=0.00, real=0.06 secs] 
2021-01-22T19:42:02.623-0800: 185.110: [Full GC (Allocation Failure) 2021-01-22T19:42:02.623-0800: 185.110: [Tenured: 349501K->349427K(349568K), 0.0253689 secs] 506692K->405298K(506816K), [Metaspace: 2698K->2698K(1056768K)], 0.0254792 secs] [Times: user=0.03 sys=0.00, real=0.02 secs] 
2021-01-22T19:42:02.664-0800: 185.151: [Full GC (Allocation Failure) 2021-01-22T19:42:02.664-0800: 185.151: [Tenured: 349427K->349379K(349568K), 0.0416607 secs] 506642K->400085K(506816K), [Metaspace: 2698K->2698K(1056768K)], 0.0417571 secs] [Times: user=0.04 sys=0.00, real=0.04 secs] 
2021-01-22T19:42:02.733-0800: 185.220: [Full GC (Allocation Failure) 2021-01-22T19:42:02.733-0800: 185.220: [Tenured: 349379K->349380K(349568K), 0.0511221 secs] 506540K->402512K(506816K), [Metaspace: 2698K->2698K(1056768K)], 0.0514102 secs] [Times: user=0.04 sys=0.00, real=0.05 secs] 
2021-01-22T19:42:02.799-0800: 185.285: [Full GC (Allocation Failure) 2021-01-22T19:42:02.799-0800: 185.285: [Tenured: 349380K->349253K(349568K), 0.0808664 secs] 506404K->386726K(506816K), [Metaspace: 2698K->2698K(1056768K)], 0.0809646 secs] [Times: user=0.05 sys=0.00, real=0.09 secs] 
2021-01-22T19:42:02.897-0800: 185.383: [Full GC (Allocation Failure) 2021-01-22T19:42:02.897-0800: 185.383: [Tenured: 349253K->349503K(349568K), 0.0403389 secs] 506156K->398263K(506816K), [Metaspace: 2698K->2698K(1056768K)], 0.0404392 secs] [Times: user=0.03 sys=0.01, real=0.04 secs] 
2021-01-22T19:42:02.963-0800: 185.449: [Full GC (Allocation Failure) 2021-01-22T19:42:02.963-0800: 185.449: [Tenured: 349503K->349077K(349568K), 0.0461987 secs] 506744K->398807K(506816K), [Metaspace: 2698K->2698K(1056768K)], 0.0462981 secs] [Times: user=0.04 sys=0.00, real=0.04 secs] 
2021-01-22T19:42:03.026-0800: 185.512: [Full GC (Allocation Failure) 2021-01-22T19:42:03.026-0800: 185.512: [Tenured: 349254K->348798K(349568K), 0.0523696 secs] 506415K->395162K(506816K), [Metaspace: 2698K->2698K(1056768K)], 0.0524829 secs] [Times: user=0.05 sys=0.00, real=0.05 secs] 
2021-01-22T19:42:03.093-0800: 185.579: [Full GC (Allocation Failure) 2021-01-22T19:42:03.093-0800: 185.579: [Tenured: 349541K->349262K(349568K), 0.0721395 secs] 506759K->377038K(506816K), [Metaspace: 2698K->2698K(1056768K)], 0.0723869 secs] [Times: user=0.05 sys=0.00, real=0.07 secs] 
2021-01-22T19:42:03.194-0800: 185.681: [Full GC (Allocation Failure) 2021-01-22T19:42:03.194-0800: 185.681: [Tenured: 349542K->349437K(349568K), 0.0530399 secs] 506790K->393514K(506816K), [Metaspace: 2698K->2698K(1056768K)], 0.0531431 secs] [Times: user=0.04 sys=0.00, real=0.05 secs] 
2021-01-22T19:42:03.271-0800: 185.758: [Full GC (Allocation Failure) 2021-01-22T19:42:03.271-0800: 185.758: [Tenured: 349437K->349341K(349568K), 0.0591035 secs] 506649K->394781K(506816K), [Metaspace: 2698K->2698K(1056768K)], 0.0591820 secs] [Times: user=0.05 sys=0.00, real=0.06 secs] 
2021-01-22T19:42:03.347-0800: 185.833: [Full GC (Allocation Failure) 2021-01-22T19:42:03.347-0800: 185.833: [Tenured: 349341K->349378K(349568K), 0.0537938 secs] 506130K->389746K(506816K), [Metaspace: 2698K->2698K(1056768K)], 0.0539017 secs] [Times: user=0.05 sys=0.00, real=0.06 secs] 
2021-01-22T19:42:03.418-0800: 185.904: [Full GC (Allocation Failure) 2021-01-22T19:42:03.418-0800: 185.904: [Tenured: 349553K->349236K(349568K), 0.0540556 secs] 506699K->365410K(506816K), [Metaspace: 2698K->2698K(1056768K)], 0.0541650 secs] [Times: user=0.05 sys=0.01, real=0.06 secs] 
2021-01-22T19:42:03.490-0800: 185.977: [Full GC (Allocation Failure) 2021-01-22T19:42:03.491-0800: 185.977: [Tenured: 349236K->349297K(349568K), 0.0345112 secs] 506403K->375387K(506816K), [Metaspace: 2698K->2698K(1056768K)], 0.0346121 secs] [Times: user=0.04 sys=0.00, real=0.03 secs] 
2021-01-22T19:42:03.543-0800: 186.029: [Full GC (Allocation Failure) 2021-01-22T19:42:03.543-0800: 186.029: [Tenured: 349297K->349091K(349568K), 0.0466152 secs] 506255K->378743K(506816K), [Metaspace: 2698K->2698K(1056768K)], 0.0467147 secs] [Times: user=0.04 sys=0.00, real=0.05 secs] 
2021-01-22T19:42:03.607-0800: 186.093: [Full GC (Allocation Failure) 2021-01-22T19:42:03.607-0800: 186.093: [Tenured: 349523K->349443K(349568K), 0.0447241 secs] 506670K->371604K(506816K), [Metaspace: 2698K->2698K(1056768K)], 0.0448804 secs] [Times: user=0.04 sys=0.00, real=0.05 secs] 
2021-01-22T19:42:03.671-0800: 186.157: [Full GC (Allocation Failure) 2021-01-22T19:42:03.671-0800: 186.157: [Tenured: 349536K->349372K(349568K), 0.0482802 secs] 506720K->354169K(506816K), [Metaspace: 2698K->2698K(1056768K)], 0.0483750 secs] [Times: user=0.04 sys=0.00, real=0.04 secs] 
2021-01-22T19:42:03.738-0800: 186.224: [Full GC (Allocation Failure) 2021-01-22T19:42:03.738-0800: 186.224: [Tenured: 349516K->348986K(349568K), 0.0339286 secs] 506658K->372929K(506816K), [Metaspace: 2698K->2698K(1056768K)], 0.0340266 secs] [Times: user=0.04 sys=0.00, real=0.04 secs] 
2021-01-22T19:42:03.791-0800: 186.278: [Full GC (Allocation Failure) 2021-01-22T19:42:03.791-0800: 186.278: [Tenured: 349510K->349106K(349568K), 0.0380466 secs] 506525K->366013K(506816K), [Metaspace: 2698K->2698K(1056768K)], 0.0381594 secs] [Times: user=0.04 sys=0.00, real=0.04 secs] 
2021-01-22T19:42:03.846-0800: 186.333: [Full GC (Allocation Failure) 2021-01-22T19:42:03.846-0800: 186.333: [Tenured: 349106K->349552K(349568K), 0.0406030 secs] 506080K->373998K(506816K), [Metaspace: 2698K->2698K(1056768K)], 0.0407031 secs] [Times: user=0.04 sys=0.00, real=0.04 secs] 
2021-01-22T19:42:03.903-0800: 186.390: [Full GC (Allocation Failure) 2021-01-22T19:42:03.903-0800: 186.390: [Tenured: 349552K->349421K(349568K), 0.0490516 secs] 506786K->368698K(506816K), [Metaspace: 2698K->2698K(1056768K)], 0.0491594 secs] [Times: user=0.05 sys=0.00, real=0.05 secs] 
2021-01-22T19:42:03.971-0800: 186.457: [Full GC (Allocation Failure) 2021-01-22T19:42:03.971-0800: 186.457: [Tenured: 349421K->349402K(349568K), 0.0285483 secs] 506438K->377179K(506816K), [Metaspace: 2698K->2698K(1056768K)], 0.0286444 secs] [Times: user=0.02 sys=0.00, real=0.02 secs] 
2021-01-22T19:42:04.015-0800: 186.502: [Full GC (Allocation Failure) 2021-01-22T19:42:04.015-0800: 186.502: [Tenured: 349402K->349420K(349568K), 0.0401660 secs] 506577K->380161K(506816K), [Metaspace: 2698K->2698K(1056768K)], 0.0402699 secs] [Times: user=0.04 sys=0.00, real=0.04 secs] 
2021-01-22T19:42:04.072-0800: 186.558: [Full GC (Allocation Failure) 2021-01-22T19:42:04.072-0800: 186.558: [Tenured: 349420K->349518K(349568K), 0.0442489 secs] 506538K->380294K(506816K), [Metaspace: 2698K->2698K(1056768K)], 0.0443564 secs] [Times: user=0.05 sys=0.00, real=0.04 secs] 
2021-01-22T19:42:04.133-0800: 186.619: [Full GC (Allocation Failure) 2021-01-22T19:42:04.133-0800: 186.619: [Tenured: 349518K->349377K(349568K), 0.0474123 secs] 506637K->365601K(506816K), [Metaspace: 2698K->2698K(1056768K)], 0.0475206 secs] [Times: user=0.05 sys=0.01, real=0.05 secs] 
2021-01-22T19:42:04.198-0800: 186.684: [Full GC (Allocation Failure) 2021-01-22T19:42:04.198-0800: 186.684: [Tenured: 349377K->349269K(349568K), 0.0291571 secs] 506378K->382048K(506816K), [Metaspace: 2698K->2698K(1056768K)], 0.0292766 secs] [Times: user=0.02 sys=0.00, real=0.03 secs] 
2021-01-22T19:42:04.243-0800: 186.729: [Full GC (Allocation Failure) 2021-01-22T19:42:04.243-0800: 186.729: [Tenured: 349269K->349491K(349568K), 0.0375842 secs] 506310K->378068K(506816K), [Metaspace: 2698K->2698K(1056768K)], 0.0377411 secs] [Times: user=0.04 sys=0.00, real=0.04 secs] 
2021-01-22T19:42:04.295-0800: 186.781: [Full GC (Allocation Failure) 2021-01-22T19:42:04.295-0800: 186.781: [Tenured: 349491K->349476K(349568K), 0.0420296 secs] 506706K->381106K(506816K), [Metaspace: 2698K->2698K(1056768K)], 0.0421369 secs] [Times: user=0.04 sys=0.00, real=0.04 secs] 
2021-01-22T19:42:04.353-0800: 186.840: [Full GC (Allocation Failure) 2021-01-22T19:42:04.354-0800: 186.840: [Tenured: 349476K->349529K(349568K), 0.0478281 secs] 506702K->367031K(506816K), [Metaspace: 2698K->2698K(1056768K)], 0.0479336 secs] [Times: user=0.05 sys=0.00, real=0.05 secs] 
2021-01-22T19:42:04.419-0800: 186.905: [Full GC (Allocation Failure) 2021-01-22T19:42:04.419-0800: 186.905: [Tenured: 349529K->349483K(349568K), 0.0317383 secs] 506675K->392404K(506816K), [Metaspace: 2698K->2698K(1056768K)], 0.0318473 secs] [Times: user=0.03 sys=0.00, real=0.04 secs] 
2021-01-22T19:42:04.466-0800: 186.952: [Full GC (Allocation Failure) 2021-01-22T19:42:04.466-0800: 186.952: [Tenured: 349483K->349398K(349568K), 0.0375600 secs] 506200K->389522K(506816K), [Metaspace: 2698K->2698K(1056768K)], 0.0376591 secs] [Times: user=0.04 sys=0.00, real=0.04 secs] 
2021-01-22T19:42:04.518-0800: 187.005: [Full GC (Allocation Failure) 2021-01-22T19:42:04.518-0800: 187.005: [Tenured: 349398K->349535K(349568K), 0.0425521 secs] 506432K->386991K(506816K), [Metaspace: 2698K->2698K(1056768K)], 0.0426546 secs] [Times: user=0.04 sys=0.00, real=0.05 secs] 
2021-01-22T19:42:04.575-0800: 187.061: [Full GC (Allocation Failure) 2021-01-22T19:42:04.575-0800: 187.061: [Tenured: 349535K->349531K(349568K), 0.0483061 secs] 506488K->374533K(506816K), [Metaspace: 2698K->2698K(1056768K)], 0.0484114 secs] [Times: user=0.04 sys=0.00, real=0.05 secs] 
2021-01-22T19:42:04.642-0800: 187.128: [Full GC (Allocation Failure) 2021-01-22T19:42:04.642-0800: 187.128: [Tenured: 349531K->349185K(349568K), 0.0355342 secs] 506677K->392570K(506816K), [Metaspace: 2698K->2698K(1056768K)], 0.0356102 secs] [Times: user=0.03 sys=0.00, real=0.03 secs] 
2021-01-22T19:42:04.691-0800: 187.178: [Full GC (Allocation Failure) 2021-01-22T19:42:04.691-0800: 187.178: [Tenured: 349561K->349382K(349568K), 0.0386329 secs] 506786K->394372K(506816K), [Metaspace: 2698K->2698K(1056768K)], 0.0387564 secs] [Times: user=0.03 sys=0.00, real=0.04 secs] 
2021-01-22T19:42:04.744-0800: 187.230: [Full GC (Allocation Failure) 2021-01-22T19:42:04.744-0800: 187.230: [Tenured: 349454K->349520K(349568K), 0.0452114 secs] 506696K->394477K(506816K), [Metaspace: 2698K->2698K(1056768K)], 0.0453073 secs] [Times: user=0.04 sys=0.00, real=0.04 secs] 
2021-01-22T19:42:04.809-0800: 187.296: [Full GC (Allocation Failure) 2021-01-22T19:42:04.809-0800: 187.296: [Tenured: 349520K->349233K(349568K), 0.0551828 secs] 506721K->371886K(506816K), [Metaspace: 2698K->2698K(1056768K)], 0.0552824 secs] [Times: user=0.05 sys=0.00, real=0.06 secs] 
2021-01-22T19:42:04.883-0800: 187.370: [Full GC (Allocation Failure) 2021-01-22T19:42:04.883-0800: 187.370: [Tenured: 349442K->349269K(349568K), 0.0333196 secs] 506566K->390347K(506816K), [Metaspace: 2698K->2698K(1056768K)], 0.0334185 secs] [Times: user=0.03 sys=0.00, real=0.03 secs] 
2021-01-22T19:42:04.933-0800: 187.419: [Full GC (Allocation Failure) 2021-01-22T19:42:04.933-0800: 187.419: [Tenured: 349503K->349351K(349568K), 0.0408961 secs] 506751K->386310K(506816K), [Metaspace: 2698K->2698K(1056768K)], 0.0409888 secs] [Times: user=0.04 sys=0.00, real=0.04 secs] 
2021-01-22T19:42:04.990-0800: 187.476: [Full GC (Allocation Failure) 2021-01-22T19:42:04.990-0800: 187.476: [Tenured: 349351K->349382K(349568K), 0.0453451 secs] 506537K->385967K(506816K), [Metaspace: 2698K->2698K(1056768K)], 0.0454431 secs] [Times: user=0.05 sys=0.00, real=0.04 secs] 
2021-01-22T19:42:05.053-0800: 187.540: [Full GC (Allocation Failure) 2021-01-22T19:42:05.054-0800: 187.540: [Tenured: 349382K->349511K(349568K), 0.0933079 secs] 506457K->371207K(506816K), [Metaspace: 2698K->2698K(1056768K)], 0.0934116 secs] [Times: user=0.06 sys=0.01, real=0.09 secs] 
2021-01-22T19:42:05.172-0800: 187.659: [Full GC (Allocation Failure) 2021-01-22T19:42:05.172-0800: 187.659: [Tenured: 349511K->349534K(349568K), 0.0352238 secs] 506603K->381788K(506816K), [Metaspace: 2698K->2698K(1056768K)], 0.0353384 secs] [Times: user=0.03 sys=0.00, real=0.03 secs] 
2021-01-22T19:42:05.224-0800: 187.711: [Full GC (Allocation Failure) 2021-01-22T19:42:05.224-0800: 187.711: [Tenured: 349534K->349464K(349568K), 0.0488741 secs] 506405K->383673K(506816K), [Metaspace: 2698K->2698K(1056768K)], 0.0489597 secs] [Times: user=0.04 sys=0.00, real=0.05 secs] 
2021-01-22T19:42:05.291-0800: 187.777: [Full GC (Allocation Failure) 2021-01-22T19:42:05.291-0800: 187.777: [Tenured: 349464K->349372K(349568K), 0.0410191 secs] 506527K->383691K(506816K), [Metaspace: 2698K->2698K(1056768K)], 0.0411155 secs] [Times: user=0.04 sys=0.00, real=0.04 secs] 
2021-01-22T19:42:05.347-0800: 187.833: [Full GC (Allocation Failure) 2021-01-22T19:42:05.347-0800: 187.833: [Tenured: 349549K->349479K(349568K), 0.0480052 secs] 506763K->367379K(506816K), [Metaspace: 2698K->2698K(1056768K)], 0.0481121 secs] [Times: user=0.04 sys=0.00, real=0.05 secs] 
2021-01-22T19:42:05.412-0800: 187.898: [Full GC (Allocation Failure) 2021-01-22T19:42:05.412-0800: 187.899: [Tenured: 349479K->349453K(349568K), 0.0343896 secs] 506623K->385833K(506816K), [Metaspace: 2698K->2698K(1056768K)], 0.0344964 secs] [Times: user=0.03 sys=0.00, real=0.03 secs] 
2021-01-22T19:42:05.462-0800: 187.948: [Full GC (Allocation Failure) 2021-01-22T19:42:05.462-0800: 187.948: [Tenured: 349453K->349394K(349568K), 0.0403318 secs] 506074K->386615K(506816K), [Metaspace: 2698K->2698K(1056768K)], 0.0404362 secs] [Times: user=0.04 sys=0.00, real=0.04 secs] 
2021-01-22T19:42:05.518-0800: 188.004: [Full GC (Allocation Failure) 2021-01-22T19:42:05.518-0800: 188.004: [Tenured: 349394K->349400K(349568K), 0.0431497 secs] 506487K->394081K(506816K), [Metaspace: 2698K->2698K(1056768K)], 0.0432463 secs] [Times: user=0.04 sys=0.00, real=0.05 secs] 
2021-01-22T19:42:05.576-0800: 188.063: [Full GC (Allocation Failure) 2021-01-22T19:42:05.576-0800: 188.063: [Tenured: 349400K->349415K(349568K), 0.0635980 secs] 506410K->374216K(506816K), [Metaspace: 2698K->2698K(1056768K)], 0.0637147 secs] [Times: user=0.05 sys=0.00, real=0.07 secs] 
2021-01-22T19:42:05.661-0800: 188.147: [Full GC (Allocation Failure) 2021-01-22T19:42:05.661-0800: 188.147: [Tenured: 349561K->349560K(349568K), 0.0427710 secs] 506792K->387568K(506816K), [Metaspace: 2698K->2698K(1056768K)], 0.0428666 secs] [Times: user=0.04 sys=0.00, real=0.04 secs] 
2021-01-22T19:42:05.723-0800: 188.210: [Full GC (Allocation Failure) 2021-01-22T19:42:05.723-0800: 188.210: [Tenured: 349560K->349522K(349568K), 0.0456216 secs] 506765K->380575K(506816K), [Metaspace: 2698K->2698K(1056768K)], 0.0457169 secs] [Times: user=0.04 sys=0.00, real=0.04 secs] 
2021-01-22T19:42:05.790-0800: 188.276: [Full GC (Allocation Failure) 2021-01-22T19:42:05.790-0800: 188.276: [Tenured: 349522K->348980K(349568K), 0.0471999 secs] 506614K->380577K(506816K), [Metaspace: 2698K->2698K(1056768K)], 0.0472956 secs] [Times: user=0.04 sys=0.01, real=0.04 secs] 
2021-01-22T19:42:05.853-0800: 188.340: [Full GC (Allocation Failure) 2021-01-22T19:42:05.854-0800: 188.340: [Tenured: 349550K->349221K(349568K), 0.0496248 secs] 506796K->367179K(506816K), [Metaspace: 2698K->2698K(1056768K)], 0.0497210 secs] [Times: user=0.04 sys=0.00, real=0.05 secs] 
2021-01-22T19:42:05.921-0800: 188.407: [Full GC (Allocation Failure) 2021-01-22T19:42:05.921-0800: 188.408: [Tenured: 349532K->349559K(349568K), 0.0361943 secs] 506776K->383728K(506816K), [Metaspace: 2698K->2698K(1056768K)], 0.0830386 secs] [Times: user=0.03 sys=0.00, real=0.08 secs] 
2021-01-22T19:42:06.020-0800: 188.506: [Full GC (Allocation Failure) 2021-01-22T19:42:06.020-0800: 188.506: [Tenured: 349559K->349431K(349568K), 0.0414928 secs] 506664K->388980K(506816K), [Metaspace: 2698K->2698K(1056768K)], 0.0415907 secs] [Times: user=0.04 sys=0.00, real=0.04 secs] 
2021-01-22T19:42:06.076-0800: 188.562: [Full GC (Allocation Failure) 2021-01-22T19:42:06.076-0800: 188.562: [Tenured: 349431K->349509K(349568K), 0.0653511 secs] 506578K->385665K(506816K), [Metaspace: 2698K->2698K(1056768K)], 0.0654519 secs] [Times: user=0.05 sys=0.00, real=0.07 secs] 
2021-01-22T19:42:06.157-0800: 188.644: [Full GC (Allocation Failure) 2021-01-22T19:42:06.157-0800: 188.644: [Tenured: 349509K->349339K(349568K), 0.0534274 secs] 506417K->371011K(506816K), [Metaspace: 2698K->2698K(1056768K)], 0.0535265 secs] [Times: user=0.05 sys=0.00, real=0.06 secs] 
2021-01-22T19:42:06.229-0800: 188.716: [Full GC (Allocation Failure) 2021-01-22T19:42:06.229-0800: 188.716: [Tenured: 349339K->349514K(349568K), 0.0340441 secs] 506469K->390330K(506816K), [Metaspace: 2698K->2698K(1056768K)], 0.0341372 secs] [Times: user=0.03 sys=0.00, real=0.04 secs] 
2021-01-22T19:42:06.279-0800: 188.765: [Full GC (Allocation Failure) 2021-01-22T19:42:06.279-0800: 188.765: [Tenured: 349514K->348801K(349568K), 0.0492626 secs] 506735K->385431K(506816K), [Metaspace: 2698K->2698K(1056768K)], 0.0493627 secs] [Times: user=0.04 sys=0.00, real=0.05 secs] 
2021-01-22T19:42:06.344-0800: 188.830: [Full GC (Allocation Failure) 2021-01-22T19:42:06.344-0800: 188.830: [Tenured: 349260K->349371K(349568K), 0.0440572 secs] 506498K->384129K(506816K), [Metaspace: 2698K->2698K(1056768K)], 0.0441698 secs] [Times: user=0.04 sys=0.00, real=0.04 secs] 
2021-01-22T19:42:06.402-0800: 188.889: [Full GC (Allocation Failure) 2021-01-22T19:42:06.402-0800: 188.889: [Tenured: 349371K->349279K(349568K), 0.0497250 secs] 506435K->364442K(506816K), [Metaspace: 2698K->2698K(1056768K)], 0.0498449 secs] [Times: user=0.05 sys=0.00, real=0.05 secs] 
2021-01-22T19:42:06.470-0800: 188.957: [Full GC (Allocation Failure) 2021-01-22T19:42:06.471-0800: 188.957: [Tenured: 349279K->349207K(349568K), 0.0349101 secs] 506476K->372228K(506816K), [Metaspace: 2698K->2698K(1056768K)], 0.0350052 secs] [Times: user=0.03 sys=0.00, real=0.03 secs] 
2021-01-22T19:42:06.523-0800: 189.009: [Full GC (Allocation Failure) 2021-01-22T19:42:06.523-0800: 189.009: [Tenured: 349443K->349530K(349568K), 0.0410262 secs] 506687K->374383K(506816K), [Metaspace: 2698K->2698K(1056768K)], 0.0411216 secs] [Times: user=0.04 sys=0.01, real=0.04 secs] 
2021-01-22T19:42:06.583-0800: 189.069: [Full GC (Allocation Failure) 2021-01-22T19:42:06.583-0800: 189.069: [Tenured: 349530K->349047K(349568K), 0.0436459 secs] 506440K->376255K(506816K), [Metaspace: 2698K->2698K(1056768K)], 0.0437795 secs] [Times: user=0.04 sys=0.00, real=0.04 secs] 
2021-01-22T19:42:06.643-0800: 189.130: [Full GC (Allocation Failure) 2021-01-22T19:42:06.643-0800: 189.130: [Tenured: 349047K->349124K(349568K), 0.0502814 secs] 506179K->363562K(506816K), [Metaspace: 2698K->2698K(1056768K)], 0.0503776 secs] [Times: user=0.05 sys=0.00, real=0.05 secs] 
2021-01-22T19:42:06.712-0800: 189.198: [Full GC (Allocation Failure) 2021-01-22T19:42:06.712-0800: 189.198: [Tenured: 349561K->349561K(349568K), 0.0335287 secs] 506806K->388008K(506816K), [Metaspace: 2698K->2698K(1056768K)], 0.0336354 secs] [Times: user=0.03 sys=0.00, real=0.03 secs] 
2021-01-22T19:42:06.761-0800: 189.247: [Full GC (Allocation Failure) 2021-01-22T19:42:06.761-0800: 189.247: [Tenured: 349561K->348931K(349568K), 0.0408200 secs] 506771K->383618K(506816K), [Metaspace: 2698K->2698K(1056768K)], 0.0409206 secs] [Times: user=0.04 sys=0.00, real=0.04 secs] 
2021-01-22T19:42:06.818-0800: 189.304: [Full GC (Allocation Failure) 2021-01-22T19:42:06.818-0800: 189.304: [Tenured: 349304K->349532K(349568K), 0.0435115 secs] 506551K->377903K(506816K), [Metaspace: 2698K->2698K(1056768K)], 0.0436250 secs] [Times: user=0.04 sys=0.00, real=0.05 secs] 
2021-01-22T19:42:06.878-0800: 189.365: [Full GC (Allocation Failure) 2021-01-22T19:42:06.878-0800: 189.365: [Tenured: 349532K->349406K(349568K), 0.0497545 secs] 506738K->364838K(506816K), [Metaspace: 2698K->2698K(1056768K)], 0.0498548 secs] [Times: user=0.04 sys=0.00, real=0.05 secs] 
2021-01-22T19:42:06.946-0800: 189.432: [Full GC (Allocation Failure) 2021-01-22T19:42:06.946-0800: 189.432: [Tenured: 349406K->349555K(349568K), 0.0331138 secs] 506215K->384066K(506816K), [Metaspace: 2698K->2698K(1056768K)], 0.0332106 secs] [Times: user=0.03 sys=0.00, real=0.03 secs] 
2021-01-22T19:42:06.994-0800: 189.481: [Full GC (Allocation Failure) 2021-01-22T19:42:06.994-0800: 189.481: [Tenured: 349555K->349529K(349568K), 0.0393521 secs] 506752K->385990K(506816K), [Metaspace: 2698K->2698K(1056768K)], 0.0394636 secs] [Times: user=0.04 sys=0.00, real=0.04 secs] 
2021-01-22T19:42:07.048-0800: 189.535: [Full GC (Allocation Failure) 2021-01-22T19:42:07.048-0800: 189.535: [Tenured: 349559K->349562K(349568K), 0.0415876 secs] 506801K->388298K(506816K), [Metaspace: 2698K->2698K(1056768K)], 0.0416851 secs] [Times: user=0.04 sys=0.00, real=0.05 secs] 
2021-01-22T19:42:07.106-0800: 189.592: [Full GC (Allocation Failure) 2021-01-22T19:42:07.106-0800: 189.592: [Tenured: 349562K->348809K(349568K), 0.0506895 secs] 506792K->373639K(506816K), [Metaspace: 2698K->2698K(1056768K)], 0.0507878 secs] [Times: user=0.05 sys=0.01, real=0.05 secs] 
2021-01-22T19:42:07.174-0800: 189.660: [Full GC (Allocation Failure) 2021-01-22T19:42:07.174-0800: 189.660: [Tenured: 349253K->349497K(349568K), 0.0370432 secs] 506109K->388845K(506816K), [Metaspace: 2698K->2698K(1056768K)], 0.0371370 secs] [Times: user=0.04 sys=0.00, real=0.04 secs] 
2021-01-22T19:42:07.229-0800: 189.715: [Full GC (Allocation Failure) 2021-01-22T19:42:07.229-0800: 189.715: [Tenured: 349555K->349552K(349568K), 0.0415440 secs] 506781K->385128K(506816K), [Metaspace: 2698K->2698K(1056768K)], 0.0416335 secs] [Times: user=0.04 sys=0.00, real=0.05 secs] 
2021-01-22T19:42:07.285-0800: 189.772: [Full GC (Allocation Failure) 2021-01-22T19:42:07.285-0800: 189.772: [Tenured: 349552K->349362K(349568K), 0.0463644 secs] 506699K->395077K(506816K), [Metaspace: 2698K->2698K(1056768K)], 0.0464637 secs] [Times: user=0.04 sys=0.00, real=0.05 secs] 
2021-01-22T19:42:07.346-0800: 189.833: [Full GC (Allocation Failure) 2021-01-22T19:42:07.346-0800: 189.833: [Tenured: 349362K->349443K(349568K), 0.0553918 secs] 506517K->374326K(506816K), [Metaspace: 2698K->2698K(1056768K)], 0.0555034 secs] [Times: user=0.05 sys=0.00, real=0.06 secs] 
2021-01-22T19:42:07.418-0800: 189.905: [Full GC (Allocation Failure) 2021-01-22T19:42:07.418-0800: 189.905: [Tenured: 349443K->349541K(349568K), 0.0310676 secs] 506567K->397488K(506816K), [Metaspace: 2698K->2698K(1056768K)], 0.0311679 secs] [Times: user=0.03 sys=0.00, real=0.03 secs] 
2021-01-22T19:42:07.465-0800: 189.951: [Full GC (Allocation Failure) 2021-01-22T19:42:07.465-0800: 189.951: [Tenured: 349541K->349363K(349568K), 0.0404394 secs] 506541K->395601K(506816K), [Metaspace: 2698K->2698K(1056768K)], 0.0405507 secs] [Times: user=0.04 sys=0.00, real=0.04 secs] 
2021-01-22T19:42:07.520-0800: 190.007: [Full GC (Allocation Failure) 2021-01-22T19:42:07.521-0800: 190.007: [Tenured: 349451K->349523K(349568K), 0.0410937 secs] 506646K->395284K(506816K), [Metaspace: 2698K->2698K(1056768K)], 0.0411900 secs] [Times: user=0.04 sys=0.00, real=0.04 secs] 
2021-01-22T19:42:07.576-0800: 190.063: [Full GC (Allocation Failure) 2021-01-22T19:42:07.577-0800: 190.063: [Tenured: 349523K->349386K(349568K), 0.0512008 secs] 506268K->380909K(506816K), [Metaspace: 2698K->2698K(1056768K)], 0.0513157 secs] [Times: user=0.05 sys=0.00, real=0.05 secs] 
2021-01-22T19:42:07.645-0800: 190.131: [Full GC (Allocation Failure) 2021-01-22T19:42:07.645-0800: 190.131: [Tenured: 349386K->349372K(349568K), 0.0399844 secs] 506374K->400259K(506816K), [Metaspace: 2698K->2698K(1056768K)], 0.0400684 secs] [Times: user=0.04 sys=0.00, real=0.04 secs] 
2021-01-22T19:42:07.704-0800: 190.190: [Full GC (Allocation Failure) 2021-01-22T19:42:07.704-0800: 190.191: [Tenured: 349444K->349192K(349568K), 0.0579870 secs] 506671K->397034K(506816K), [Metaspace: 2698K->2698K(1056768K)], 0.0583455 secs] [Times: user=0.05 sys=0.01, real=0.06 secs] 
2021-01-22T19:42:07.786-0800: 190.273: [Full GC (Allocation Failure) 2021-01-22T19:42:07.786-0800: 190.273: [Tenured: 349460K->349543K(349568K), 0.0550744 secs] 506635K->394779K(506816K), [Metaspace: 2698K->2698K(1056768K)], 0.0551928 secs] [Times: user=0.05 sys=0.00, real=0.06 secs] 
2021-01-22T19:42:07.864-0800: 190.350: [Full GC (Allocation Failure) 2021-01-22T19:42:07.864-0800: 190.350: [Tenured: 349543K->349360K(349568K), 0.0558284 secs] 506686K->379428K(506816K), [Metaspace: 2698K->2698K(1056768K)], 0.0559374 secs] [Times: user=0.06 sys=0.00, real=0.06 secs] 
2021-01-22T19:42:07.939-0800: 190.425: [Full GC (Allocation Failure) 2021-01-22T19:42:07.939-0800: 190.425: [Tenured: 349508K->349287K(349568K), 0.0391101 secs] 506733K->396553K(506816K), [Metaspace: 2698K->2698K(1056768K)], 0.0392175 secs] [Times: user=0.04 sys=0.00, real=0.04 secs] 
2021-01-22T19:42:07.995-0800: 190.482: [Full GC (Allocation Failure) 2021-01-22T19:42:07.995-0800: 190.482: [Tenured: 349287K->349465K(349568K), 0.0420441 secs] 506189K->395749K(506816K), [Metaspace: 2698K->2698K(1056768K)], 0.0421398 secs] [Times: user=0.04 sys=0.00, real=0.04 secs] 
2021-01-22T19:42:08.053-0800: 190.540: [Full GC (Allocation Failure) 2021-01-22T19:42:08.053-0800: 190.540: [Tenured: 349465K->349219K(349568K), 0.0494567 secs] 506591K->396631K(506816K), [Metaspace: 2698K->2698K(1056768K)], 0.0495555 secs] [Times: user=0.04 sys=0.00, real=0.05 secs] 
2021-01-22T19:42:08.119-0800: 190.606: [Full GC (Allocation Failure) 2021-01-22T19:42:08.119-0800: 190.606: [Tenured: 349363K->349499K(349568K), 0.0557736 secs] 506541K->378672K(506816K), [Metaspace: 2698K->2698K(1056768K)], 0.0558769 secs] [Times: user=0.05 sys=0.00, real=0.06 secs] 
2021-01-22T19:42:08.194-0800: 190.681: [Full GC (Allocation Failure) 2021-01-22T19:42:08.194-0800: 190.681: [Tenured: 349499K->349052K(349568K), 0.0329905 secs] 506745K->401632K(506816K), [Metaspace: 2698K->2698K(1056768K)], 0.0331131 secs] [Times: user=0.03 sys=0.00, real=0.03 secs] 
2021-01-22T19:42:08.241-0800: 190.728: [Full GC (Allocation Failure) 2021-01-22T19:42:08.241-0800: 190.728: [Tenured: 349052K->349479K(349568K), 0.0387035 secs] 506105K->401128K(506816K), [Metaspace: 2698K->2698K(1056768K)], 0.0388616 secs] [Times: user=0.04 sys=0.01, real=0.04 secs] 
2021-01-22T19:42:08.294-0800: 190.781: [Full GC (Allocation Failure) 2021-01-22T19:42:08.294-0800: 190.781: [Tenured: 349479K->349532K(349568K), 0.0422843 secs] 506325K->396254K(506816K), [Metaspace: 2698K->2698K(1056768K)], 0.0423850 secs] [Times: user=0.04 sys=0.00, real=0.04 secs] 
2021-01-22T19:42:08.350-0800: 190.837: [Full GC (Allocation Failure) 2021-01-22T19:42:08.350-0800: 190.837: [Tenured: 349532K->349449K(349568K), 0.0499603 secs] 506237K->377815K(506816K), [Metaspace: 2698K->2698K(1056768K)], 0.0500609 secs] [Times: user=0.05 sys=0.00, real=0.05 secs] 
2021-01-22T19:42:08.418-0800: 190.904: [Full GC (Allocation Failure) 2021-01-22T19:42:08.418-0800: 190.904: [Tenured: 349449K->349531K(349568K), 0.0293534 secs] 506354K->385789K(506816K), [Metaspace: 2698K->2698K(1056768K)], 0.0294987 secs] [Times: user=0.03 sys=0.00, real=0.03 secs] 
2021-01-22T19:42:08.463-0800: 190.950: [Full GC (Allocation Failure) 2021-01-22T19:42:08.463-0800: 190.950: [Tenured: 349531K->349453K(349568K), 0.0486922 secs] 506498K->391755K(506816K), [Metaspace: 2698K->2698K(1056768K)], 0.0488793 secs] [Times: user=0.04 sys=0.00, real=0.05 secs] 
2021-01-22T19:42:08.529-0800: 191.016: [Full GC (Allocation Failure) 2021-01-22T19:42:08.529-0800: 191.016: [Tenured: 349453K->349372K(349568K), 0.0450457 secs] 506254K->385356K(506816K), [Metaspace: 2698K->2698K(1056768K)], 0.0452363 secs] [Times: user=0.04 sys=0.00, real=0.05 secs] 
2021-01-22T19:42:08.591-0800: 191.078: [Full GC (Allocation Failure) 2021-01-22T19:42:08.591-0800: 191.078: [Tenured: 349372K->349062K(349568K), 0.0505203 secs] 506185K->369662K(506816K), [Metaspace: 2698K->2698K(1056768K)], 0.0506144 secs] [Times: user=0.05 sys=0.00, real=0.05 secs] 
2021-01-22T19:42:08.665-0800: 191.151: [Full GC (Allocation Failure) 2021-01-22T19:42:08.665-0800: 191.151: [Tenured: 349458K->349410K(349568K), 0.0294597 secs] 506657K->391495K(506816K), [Metaspace: 2698K->2698K(1056768K)], 0.0295624 secs] [Times: user=0.02 sys=0.00, real=0.03 secs] 
2021-01-22T19:42:08.709-0800: 191.196: [Full GC (Allocation Failure) 2021-01-22T19:42:08.709-0800: 191.196: [Tenured: 349528K->348914K(349568K), 0.0390244 secs] 506775K->392375K(506816K), [Metaspace: 2698K->2698K(1056768K)], 0.0391242 secs] [Times: user=0.03 sys=0.00, real=0.04 secs] 
2021-01-22T19:42:08.763-0800: 191.250: [Full GC (Allocation Failure) 2021-01-22T19:42:08.763-0800: 191.250: [Tenured: 348914K->349465K(349568K), 0.0457080 secs] 505894K->390333K(506816K), [Metaspace: 2698K->2698K(1056768K)], 0.0458245 secs] [Times: user=0.04 sys=0.00, real=0.04 secs] 
2021-01-22T19:42:08.823-0800: 191.310: [Full GC (Allocation Failure) 2021-01-22T19:42:08.823-0800: 191.310: [Tenured: 349465K->349555K(349568K), 0.0538526 secs] 506554K->374070K(506816K), [Metaspace: 2698K->2698K(1056768K)], 0.0539519 secs] [Times: user=0.05 sys=0.01, real=0.05 secs] 
2021-01-22T19:42:08.895-0800: 191.381: [Full GC (Allocation Failure) 2021-01-22T19:42:08.895-0800: 191.381: [Tenured: 349555K->349311K(349568K), 0.0320890 secs] 506518K->389863K(506816K), [Metaspace: 2698K->2698K(1056768K)], 0.0321863 secs] [Times: user=0.03 sys=0.00, real=0.03 secs] 
2021-01-22T19:42:08.941-0800: 191.428: [Full GC (Allocation Failure) 2021-01-22T19:42:08.941-0800: 191.428: [Tenured: 349311K->349502K(349568K), 0.0415848 secs] 506480K->393357K(506816K), [Metaspace: 2698K->2698K(1056768K)], 0.0416913 secs] [Times: user=0.04 sys=0.00, real=0.04 secs] 
2021-01-22T19:42:08.997-0800: 191.483: [Full GC (Allocation Failure) 2021-01-22T19:42:08.997-0800: 191.483: [Tenured: 349502K->349343K(349568K), 0.0425662 secs] 506706K->390891K(506816K), [Metaspace: 2698K->2698K(1056768K)], 0.0426677 secs] [Times: user=0.04 sys=0.00, real=0.04 secs] 
2021-01-22T19:42:09.056-0800: 191.542: [Full GC (Allocation Failure) 2021-01-22T19:42:09.056-0800: 191.542: [Tenured: 349343K->349523K(349568K), 0.0485758 secs] 505886K->367997K(506816K), [Metaspace: 2698K->2698K(1056768K)], 0.0486710 secs] [Times: user=0.05 sys=0.00, real=0.05 secs] 
2021-01-22T19:42:09.121-0800: 191.608: [Full GC (Allocation Failure) 2021-01-22T19:42:09.122-0800: 191.608: [Tenured: 349523K->349422K(349568K), 0.0320639 secs] 506529K->392481K(506816K), [Metaspace: 2698K->2698K(1056768K)], 0.0321625 secs] [Times: user=0.03 sys=0.00, real=0.03 secs] 
2021-01-22T19:42:09.171-0800: 191.658: [Full GC (Allocation Failure) 2021-01-22T19:42:09.171-0800: 191.658: [Tenured: 349566K->349525K(349568K), 0.0417065 secs] 506684K->390819K(506816K), [Metaspace: 2698K->2698K(1056768K)], 0.0418218 secs] [Times: user=0.04 sys=0.00, real=0.04 secs] 
2021-01-22T19:42:09.229-0800: 191.715: [Full GC (Allocation Failure) 2021-01-22T19:42:09.229-0800: 191.715: [Tenured: 349525K->349498K(349568K), 0.0464087 secs] 506373K->388655K(506816K), [Metaspace: 2698K->2698K(1056768K)], 0.0467727 secs] [Times: user=0.04 sys=0.00, real=0.05 secs] 
2021-01-22T19:42:09.291-0800: 191.777: [Full GC (Allocation Failure) 2021-01-22T19:42:09.291-0800: 191.778: [Tenured: 349498K->349422K(349568K), 0.0490676 secs] 506643K->376349K(506816K), [Metaspace: 2698K->2698K(1056768K)], 0.0491695 secs] [Times: user=0.04 sys=0.00, real=0.05 secs] 
2021-01-22T19:42:09.362-0800: 191.848: [Full GC (Allocation Failure) 2021-01-22T19:42:09.362-0800: 191.848: [Tenured: 349422K->349298K(349568K), 0.0362952 secs] 506567K->396743K(506816K), [Metaspace: 2698K->2698K(1056768K)], 0.0363973 secs] [Times: user=0.04 sys=0.00, real=0.03 secs] 
2021-01-22T19:42:09.413-0800: 191.899: [Full GC (Allocation Failure) 2021-01-22T19:42:09.413-0800: 191.899: [Tenured: 349484K->349564K(349568K), 0.0449810 secs] 506587K->396507K(506816K), [Metaspace: 2698K->2698K(1056768K)], 0.0450961 secs] [Times: user=0.04 sys=0.00, real=0.04 secs] 
2021-01-22T19:42:09.471-0800: 191.958: [Full GC (Allocation Failure) 2021-01-22T19:42:09.471-0800: 191.958: [Tenured: 349564K->349522K(349568K), 0.0482888 secs] 506790K->398307K(506816K), [Metaspace: 2698K->2698K(1056768K)], 0.0484503 secs] [Times: user=0.04 sys=0.01, real=0.04 secs] 
2021-01-22T19:42:09.536-0800: 192.023: [Full GC (Allocation Failure) 2021-01-22T19:42:09.536-0800: 192.023: [Tenured: 349522K->349492K(349568K), 0.0597277 secs] 506703K->379696K(506816K), [Metaspace: 2698K->2698K(1056768K)], 0.0598570 secs] [Times: user=0.05 sys=0.00, real=0.06 secs] 
2021-01-22T19:42:09.614-0800: 192.101: [Full GC (Allocation Failure) 2021-01-22T19:42:09.614-0800: 192.101: [Tenured: 349492K->349511K(349568K), 0.0327679 secs] 506722K->392308K(506816K), [Metaspace: 2698K->2698K(1056768K)], 0.0328459 secs] [Times: user=0.03 sys=0.00, real=0.03 secs] 
2021-01-22T19:42:09.662-0800: 192.148: [Full GC (Allocation Failure) 2021-01-22T19:42:09.662-0800: 192.148: [Tenured: 349511K->349247K(349568K), 0.0417491 secs] 506637K->391482K(506816K), [Metaspace: 2698K->2698K(1056768K)], 0.0419318 secs] [Times: user=0.04 sys=0.00, real=0.04 secs] 
2021-01-22T19:42:09.718-0800: 192.205: [Full GC (Allocation Failure) 2021-01-22T19:42:09.718-0800: 192.205: [Tenured: 349524K->349512K(349568K), 0.0441473 secs] 506739K->389257K(506816K), [Metaspace: 2698K->2698K(1056768K)], 0.0442380 secs] [Times: user=0.04 sys=0.00, real=0.05 secs] 
2021-01-22T19:42:09.776-0800: 192.263: [Full GC (Allocation Failure) 2021-01-22T19:42:09.776-0800: 192.263: [Tenured: 349512K->349478K(349568K), 0.0610741 secs] 506693K->376564K(506816K), [Metaspace: 2698K->2698K(1056768K)], 0.0611703 secs] [Times: user=0.05 sys=0.00, real=0.06 secs] 
2021-01-22T19:42:09.868-0800: 192.355: [Full GC (Allocation Failure) 2021-01-22T19:42:09.868-0800: 192.355: [Tenured: 349550K->349225K(349568K), 0.0527995 secs] 506794K->388359K(506816K), [Metaspace: 2698K->2698K(1056768K)], 0.0528943 secs] [Times: user=0.04 sys=0.00, real=0.06 secs] 
2021-01-22T19:42:09.940-0800: 192.427: [Full GC (Allocation Failure) 2021-01-22T19:42:09.940-0800: 192.427: [Tenured: 349471K->349498K(349568K), 0.0417415 secs] 506713K->387782K(506816K), [Metaspace: 2698K->2698K(1056768K)], 0.0418259 secs] [Times: user=0.04 sys=0.00, real=0.04 secs] 
2021-01-22T19:42:09.999-0800: 192.486: [Full GC (Allocation Failure) 2021-01-22T19:42:09.999-0800: 192.486: [Tenured: 349498K->349235K(349568K), 0.0418943 secs] 506607K->385447K(506816K), [Metaspace: 2698K->2698K(1056768K)], 0.0420003 secs] [Times: user=0.04 sys=0.00, real=0.05 secs] 
2021-01-22T19:42:10.057-0800: 192.544: [Full GC (Allocation Failure) 2021-01-22T19:42:10.057-0800: 192.544: [Tenured: 349559K->348947K(349568K), 0.0529880 secs] 506786K->376222K(506816K), [Metaspace: 2698K->2698K(1056768K)], 0.0531084 secs] [Times: user=0.05 sys=0.01, real=0.06 secs] 
2021-01-22T19:42:10.126-0800: 192.613: [Full GC (Allocation Failure) 2021-01-22T19:42:10.126-0800: 192.613: [Tenured: 349134K->349083K(349568K), 0.0335386 secs] 506358K->386759K(506816K), [Metaspace: 2698K->2698K(1056768K)], 0.0336478 secs] [Times: user=0.04 sys=0.00, real=0.04 secs] 
2021-01-22T19:42:10.176-0800: 192.663: [Full GC (Allocation Failure) 2021-01-22T19:42:10.176-0800: 192.663: [Tenured: 349551K->348962K(349568K), 0.0416189 secs] 506783K->387405K(506816K), [Metaspace: 2698K->2698K(1056768K)], 0.0417173 secs] [Times: user=0.04 sys=0.00, real=0.04 secs] 
2021-01-22T19:42:10.234-0800: 192.721: [Full GC (Allocation Failure) 2021-01-22T19:42:10.235-0800: 192.721: [Tenured: 349425K->349120K(349568K), 0.0492674 secs] 506635K->393422K(506816K), [Metaspace: 2698K->2698K(1056768K)], 0.0493654 secs] [Times: user=0.04 sys=0.00, real=0.05 secs] 
2021-01-22T19:42:10.299-0800: 192.786: [Full GC (Allocation Failure) 2021-01-22T19:42:10.299-0800: 192.786: [Tenured: 349559K->349506K(349568K), 0.0607808 secs] 506771K->378937K(506816K), [Metaspace: 2698K->2698K(1056768K)], 0.0608882 secs] [Times: user=0.05 sys=0.00, real=0.07 secs] 
2021-01-22T19:42:10.376-0800: 192.863: [Full GC (Allocation Failure) 2021-01-22T19:42:10.376-0800: 192.863: [Tenured: 349506K->349203K(349568K), 0.0351650 secs] 506669K->404717K(506816K), [Metaspace: 2698K->2698K(1056768K)], 0.0352628 secs] [Times: user=0.03 sys=0.00, real=0.04 secs] 
2021-01-22T19:42:10.430-0800: 192.917: [Full GC (Allocation Failure) 2021-01-22T19:42:10.430-0800: 192.917: [Tenured: 349454K->349530K(349568K), 0.0749737 secs] 506664K->400511K(506816K), [Metaspace: 2698K->2698K(1056768K)], 0.0753297 secs] [Times: user=0.05 sys=0.00, real=0.07 secs] 
2021-01-22T19:42:10.527-0800: 193.014: [Full GC (Allocation Failure) 2021-01-22T19:42:10.527-0800: 193.014: [Tenured: 349530K->349461K(349568K), 0.0630755 secs] 506600K->394010K(506816K), [Metaspace: 2698K->2698K(1056768K)], 0.0631765 secs] [Times: user=0.06 sys=0.00, real=0.07 secs] 
2021-01-22T19:42:10.610-0800: 193.096: [Full GC (Allocation Failure) 2021-01-22T19:42:10.610-0800: 193.096: [Tenured: 349461K->349548K(349568K), 0.0647065 secs] 506606K->378068K(506816K), [Metaspace: 2698K->2698K(1056768K)], 0.0648018 secs] [Times: user=0.06 sys=0.01, real=0.06 secs] 
2021-01-22T19:42:10.695-0800: 193.182: [Full GC (Allocation Failure) 2021-01-22T19:42:10.695-0800: 193.182: [Tenured: 349548K->349375K(349568K), 0.0342386 secs] 506774K->394030K(506816K), [Metaspace: 2698K->2698K(1056768K)], 0.0343525 secs] [Times: user=0.03 sys=0.00, real=0.04 secs] 
2021-01-22T19:42:10.744-0800: 193.231: [Full GC (Allocation Failure) 2021-01-22T19:42:10.744-0800: 193.231: [Tenured: 349519K->349435K(349568K), 0.0467204 secs] 506694K->394409K(506816K), [Metaspace: 2698K->2698K(1056768K)], 0.0468794 secs] [Times: user=0.04 sys=0.00, real=0.05 secs] 
2021-01-22T19:42:10.807-0800: 193.294: [Full GC (Allocation Failure) 2021-01-22T19:42:10.807-0800: 193.294: [Tenured: 349555K->349527K(349568K), 0.0426081 secs] 506800K->385361K(506816K), [Metaspace: 2698K->2698K(1056768K)], 0.0427031 secs] [Times: user=0.04 sys=0.00, real=0.05 secs] 
2021-01-22T19:42:10.866-0800: 193.352: [Full GC (Allocation Failure) 2021-01-22T19:42:10.866-0800: 193.352: [Tenured: 349527K->349086K(349568K), 0.0503020 secs] 506687K->366487K(506816K), [Metaspace: 2698K->2698K(1056768K)], 0.0504114 secs] [Times: user=0.05 sys=0.00, real=0.05 secs] 
2021-01-22T19:42:10.935-0800: 193.422: [Full GC (Allocation Failure) 2021-01-22T19:42:10.935-0800: 193.422: [Tenured: 349518K->349498K(349568K), 0.0325379 secs] 506627K->379613K(506816K), [Metaspace: 2698K->2698K(1056768K)], 0.0798998 secs] [Times: user=0.03 sys=0.00, real=0.08 secs] 
2021-01-22T19:42:11.031-0800: 193.517: [Full GC (Allocation Failure) 2021-01-22T19:42:11.031-0800: 193.517: [Tenured: 349566K->349554K(349568K), 0.0439239 secs] 506812K->382574K(506816K), [Metaspace: 2698K->2698K(1056768K)], 0.0440424 secs] [Times: user=0.04 sys=0.00, real=0.04 secs] 
2021-01-22T19:42:11.090-0800: 193.577: [Full GC (Allocation Failure) 2021-01-22T19:42:11.090-0800: 193.577: [Tenured: 349554K->349565K(349568K), 0.0434270 secs] 506446K->388257K(506816K), [Metaspace: 2698K->2698K(1056768K)], 0.0435315 secs] [Times: user=0.04 sys=0.00, real=0.04 secs] 
2021-01-22T19:42:11.150-0800: 193.636: [Full GC (Allocation Failure) 2021-01-22T19:42:11.150-0800: 193.636: [Tenured: 349565K->349437K(349568K), 0.0587654 secs] 506670K->371511K(506816K), [Metaspace: 2698K->2698K(1056768K)], 0.0588658 secs] [Times: user=0.05 sys=0.00, real=0.05 secs] 
2021-01-22T19:42:11.228-0800: 193.715: [Full GC (Allocation Failure) 2021-01-22T19:42:11.228-0800: 193.715: [Tenured: 349437K->349176K(349568K), 0.0388493 secs] 506628K->391533K(506816K), [Metaspace: 2698K->2698K(1056768K)], 0.0390864 secs] [Times: user=0.03 sys=0.00, real=0.04 secs] 
2021-01-22T19:42:11.286-0800: 193.772: [Full GC (Allocation Failure) 2021-01-22T19:42:11.286-0800: 193.772: [Tenured: 349482K->349342K(349568K), 0.0928843 secs] 506666K->394224K(506816K), [Metaspace: 2698K->2698K(1056768K)], 0.0934040 secs] [Times: user=0.05 sys=0.00, real=0.09 secs] 
2021-01-22T19:42:11.405-0800: 193.892: [Full GC (Allocation Failure) 2021-01-22T19:42:11.405-0800: 193.892: [Tenured: 349342K->349449K(349568K), 0.0909142 secs] 506415K->391858K(506816K), [Metaspace: 2698K->2698K(1056768K)], 0.0910061 secs] [Times: user=0.06 sys=0.00, real=0.09 secs] 
2021-01-22T19:42:11.527-0800: 194.014: [Full GC (Allocation Failure) 2021-01-22T19:42:11.527-0800: 194.014: [Tenured: 349449K->349145K(349568K), 0.0784112 secs] 506506K->376012K(506816K), [Metaspace: 2698K->2698K(1056768K)], 0.0785086 secs] [Times: user=0.07 sys=0.00, real=0.08 secs] 
2021-01-22T19:42:11.624-0800: 194.110: [Full GC (Allocation Failure) 2021-01-22T19:42:11.624-0800: 194.110: [Tenured: 349145K->349507K(349568K), 0.0658606 secs] 506126K->394720K(506816K), [Metaspace: 2698K->2698K(1056768K)], 0.0659651 secs] [Times: user=0.04 sys=0.00, real=0.07 secs] 
2021-01-22T19:42:11.714-0800: 194.201: [Full GC (Allocation Failure) 2021-01-22T19:42:11.724-0800: 194.211: [Tenured: 349507K->349540K(349568K), 0.0514818 secs] 506076K->387960K(506816K), [Metaspace: 2698K->2698K(1056768K)], 0.0620065 secs] [Times: user=0.05 sys=0.01, real=0.06 secs] 
2021-01-22T19:42:11.800-0800: 194.287: [Full GC (Allocation Failure) 2021-01-22T19:42:11.800-0800: 194.287: [Tenured: 349540K->349155K(349568K), 0.0661848 secs] 506742K->388164K(506816K), [Metaspace: 2698K->2698K(1056768K)], 0.0663074 secs] [Times: user=0.05 sys=0.00, real=0.06 secs] 
2021-01-22T19:42:11.886-0800: 194.372: [Full GC (Allocation Failure) 2021-01-22T19:42:11.886-0800: 194.372: [Tenured: 349470K->349213K(349568K), 0.0790581 secs] 506717K->369017K(506816K), [Metaspace: 2698K->2698K(1056768K)], 0.0791558 secs] [Times: user=0.06 sys=0.00, real=0.08 secs] 
2021-01-22T19:42:11.991-0800: 194.478: [Full GC (Allocation Failure) 2021-01-22T19:42:11.991-0800: 194.478: [Tenured: 349213K->349547K(349568K), 0.0526732 secs] 506234K->381340K(506816K), [Metaspace: 2698K->2698K(1056768K)], 0.0528571 secs] [Times: user=0.04 sys=0.00, real=0.05 secs] 
2021-01-22T19:42:12.064-0800: 194.551: [Full GC (Allocation Failure) 2021-01-22T19:42:12.064-0800: 194.551: [Tenured: 349547K->349511K(349568K), 0.0629610 secs] 506681K->378908K(506816K), [Metaspace: 2698K->2698K(1056768K)], 0.0630775 secs] [Times: user=0.06 sys=0.00, real=0.06 secs] 
2021-01-22T19:42:12.147-0800: 194.634: [Full GC (Allocation Failure) 2021-01-22T19:42:12.147-0800: 194.634: [Tenured: 349511K->349466K(349568K), 0.0483407 secs] 506694K->377999K(506816K), [Metaspace: 2698K->2698K(1056768K)], 0.0484506 secs] [Times: user=0.04 sys=0.00, real=0.05 secs] 
2021-01-22T19:42:12.211-0800: 194.698: [Full GC (Allocation Failure) 2021-01-22T19:42:12.211-0800: 194.698: [Tenured: 349466K->349547K(349568K), 0.0557268 secs] 506558K->368859K(506816K), [Metaspace: 2698K->2698K(1056768K)], 0.0558483 secs] [Times: user=0.05 sys=0.00, real=0.05 secs] 
2021-01-22T19:42:12.284-0800: 194.771: [Full GC (Allocation Failure) 2021-01-22T19:42:12.284-0800: 194.771: [Tenured: 349547K->349360K(349568K), 0.0418693 secs] 506780K->379186K(506816K), [Metaspace: 2698K->2698K(1056768K)], 0.0419807 secs] [Times: user=0.04 sys=0.00, real=0.04 secs] 
2021-01-22T19:42:12.345-0800: 194.832: [Full GC (Allocation Failure) 2021-01-22T19:42:12.345-0800: 194.832: [Tenured: 349360K->349400K(349568K), 0.0427227 secs] 506381K->377658K(506816K), [Metaspace: 2698K->2698K(1056768K)], 0.0428504 secs] [Times: user=0.05 sys=0.00, real=0.04 secs] 
2021-01-22T19:42:12.406-0800: 194.893: [Full GC (Allocation Failure) 2021-01-22T19:42:12.406-0800: 194.893: [Tenured: 349400K->349509K(349568K), 0.0461458 secs] 506517K->383004K(506816K), [Metaspace: 2698K->2698K(1056768K)], 0.0462421 secs] [Times: user=0.05 sys=0.00, real=0.05 secs] 
2021-01-22T19:42:12.468-0800: 194.955: [Full GC (Allocation Failure) 2021-01-22T19:42:12.468-0800: 194.955: [Tenured: 349509K->349396K(349568K), 0.0569449 secs] 506474K->361948K(506816K), [Metaspace: 2698K->2698K(1056768K)], 0.0570958 secs] [Times: user=0.06 sys=0.00, real=0.06 secs] 
2021-01-22T19:42:12.543-0800: 195.030: [Full GC (Allocation Failure) 2021-01-22T19:42:12.543-0800: 195.030: [Tenured: 349396K->349289K(349568K), 0.0328354 secs] 506473K->380819K(506816K), [Metaspace: 2698K->2698K(1056768K)], 0.0329341 secs] [Times: user=0.03 sys=0.00, real=0.03 secs] 
2021-01-22T19:42:12.594-0800: 195.081: [Full GC (Allocation Failure) 2021-01-22T19:42:12.594-0800: 195.081: [Tenured: 349289K->349550K(349568K), 0.0414399 secs] 506533K->384216K(506816K), [Metaspace: 2698K->2698K(1056768K)], 0.0415907 secs] [Times: user=0.04 sys=0.00, real=0.04 secs] 
2021-01-22T19:42:12.657-0800: 195.144: [Full GC (Allocation Failure) 2021-01-22T19:42:12.657-0800: 195.144: [Tenured: 349550K->349308K(349568K), 0.0464945 secs] 506741K->382741K(506816K), [Metaspace: 2698K->2698K(1056768K)], 0.0467575 secs] [Times: user=0.04 sys=0.00, real=0.05 secs] 
2021-01-22T19:42:12.720-0800: 195.207: [Full GC (Allocation Failure) 2021-01-22T19:42:12.720-0800: 195.207: [Tenured: 349308K->349534K(349568K), 0.0553296 secs] 506541K->369862K(506816K), [Metaspace: 2698K->2698K(1056768K)], 0.0554292 secs] [Times: user=0.05 sys=0.00, real=0.05 secs] 
2021-01-22T19:42:12.792-0800: 195.279: [Full GC (Allocation Failure) 2021-01-22T19:42:12.792-0800: 195.279: [Tenured: 349534K->349456K(349568K), 0.0403825 secs] 506121K->385772K(506816K), [Metaspace: 2698K->2698K(1056768K)], 0.0405175 secs] [Times: user=0.04 sys=0.00, real=0.04 secs] 
2021-01-22T19:42:12.851-0800: 195.338: [Full GC (Allocation Failure) 2021-01-22T19:42:12.852-0800: 195.338: [Tenured: 349456K->349211K(349568K), 0.0486926 secs] 506639K->395315K(506816K), [Metaspace: 2698K->2698K(1056768K)], 0.0488981 secs] [Times: user=0.05 sys=0.01, real=0.05 secs] 
2021-01-22T19:42:12.914-0800: 195.401: [Full GC (Allocation Failure) 2021-01-22T19:42:12.914-0800: 195.401: [Tenured: 349478K->349450K(349568K), 0.0507483 secs] 506671K->390010K(506816K), [Metaspace: 2698K->2698K(1056768K)], 0.0508837 secs] [Times: user=0.05 sys=0.00, real=0.05 secs] 
2021-01-22T19:42:12.980-0800: 195.466: [Full GC (Allocation Failure) 2021-01-22T19:42:12.980-0800: 195.467: [Tenured: 349450K->349176K(349568K), 0.0563679 secs] 506211K->377749K(506816K), [Metaspace: 2698K->2698K(1056768K)], 0.0564865 secs] [Times: user=0.05 sys=0.00, real=0.05 secs] 
2021-01-22T19:42:13.056-0800: 195.542: [Full GC (Allocation Failure) 2021-01-22T19:42:13.056-0800: 195.542: [Tenured: 349464K->349559K(349568K), 0.0363677 secs] 506574K->397406K(506816K), [Metaspace: 2698K->2698K(1056768K)], 0.0364683 secs] [Times: user=0.04 sys=0.00, real=0.04 secs] 
2021-01-22T19:42:13.105-0800: 195.592: [Full GC (Allocation Failure) 2021-01-22T19:42:13.105-0800: 195.592: [Tenured: 349559K->349551K(349568K), 0.0470845 secs] 506613K->399693K(506816K), [Metaspace: 2698K->2698K(1056768K)], 0.0472059 secs] [Times: user=0.05 sys=0.00, real=0.05 secs] 
2021-01-22T19:42:13.165-0800: 195.652: [Full GC (Allocation Failure) 2021-01-22T19:42:13.165-0800: 195.652: [Tenured: 349551K->349433K(349568K), 0.0482664 secs] 506762K->396323K(506816K), [Metaspace: 2698K->2698K(1056768K)], 0.0483916 secs] [Times: user=0.05 sys=0.00, real=0.05 secs] 
2021-01-22T19:42:13.228-0800: 195.715: [Full GC (Allocation Failure) 2021-01-22T19:42:13.228-0800: 195.715: [Tenured: 349472K->349520K(349568K), 0.0556854 secs] 506692K->375687K(506816K), [Metaspace: 2698K->2698K(1056768K)], 0.0558677 secs] [Times: user=0.05 sys=0.00, real=0.06 secs] 
2021-01-22T19:42:13.302-0800: 195.789: [Full GC (Allocation Failure) 2021-01-22T19:42:13.302-0800: 195.789: [Tenured: 349520K->349312K(349568K), 0.0311505 secs] 506492K->396235K(506816K), [Metaspace: 2698K->2698K(1056768K)], 0.0312659 secs] [Times: user=0.03 sys=0.00, real=0.03 secs] 
2021-01-22T19:42:13.350-0800: 195.837: [Full GC (Allocation Failure) 2021-01-22T19:42:13.350-0800: 195.837: [Tenured: 349409K->349523K(349568K), 0.0456145 secs] 506633K->391303K(506816K), [Metaspace: 2698K->2698K(1056768K)], 0.0457417 secs] [Times: user=0.04 sys=0.00, real=0.04 secs] 
2021-01-22T19:42:13.413-0800: 195.899: [Full GC (Allocation Failure) 2021-01-22T19:42:13.413-0800: 195.900: [Tenured: 349523K->349543K(349568K), 0.0458864 secs] 506296K->393107K(506816K), [Metaspace: 2698K->2698K(1056768K)], 0.0459839 secs] [Times: user=0.04 sys=0.00, real=0.04 secs] 
2021-01-22T19:42:13.475-0800: 195.962: [Full GC (Allocation Failure) 2021-01-22T19:42:13.475-0800: 195.962: [Tenured: 349543K->349544K(349568K), 0.0516987 secs] 506775K->376743K(506816K), [Metaspace: 2698K->2698K(1056768K)], 0.0518036 secs] [Times: user=0.05 sys=0.00, real=0.05 secs] 
2021-01-22T19:42:13.546-0800: 196.033: [Full GC (Allocation Failure) 2021-01-22T19:42:13.546-0800: 196.033: [Tenured: 349544K->349438K(349568K), 0.0331125 secs] 506722K->400051K(506816K), [Metaspace: 2698K->2698K(1056768K)], 0.0332260 secs] [Times: user=0.03 sys=0.00, real=0.03 secs] 
2021-01-22T19:42:13.595-0800: 196.082: [Full GC (Allocation Failure) 2021-01-22T19:42:13.595-0800: 196.082: [Tenured: 349438K->349286K(349568K), 0.0388789 secs] 506568K->400201K(506816K), [Metaspace: 2698K->2698K(1056768K)], 0.0390258 secs] [Times: user=0.03 sys=0.00, real=0.04 secs] 
2021-01-22T19:42:13.651-0800: 196.138: [Full GC (Allocation Failure) 2021-01-22T19:42:13.651-0800: 196.138: [Tenured: 349538K->348880K(349568K), 0.0483686 secs] 506773K->401640K(506816K), [Metaspace: 2698K->2698K(1056768K)], 0.0485063 secs] [Times: user=0.05 sys=0.01, real=0.04 secs] 
2021-01-22T19:42:13.714-0800: 196.201: [Full GC (Allocation Failure) 2021-01-22T19:42:13.714-0800: 196.201: [Tenured: 349523K->349564K(349568K), 0.0617099 secs] 506770K->379192K(506816K), [Metaspace: 2698K->2698K(1056768K)], 0.0618159 secs] [Times: user=0.06 sys=0.00, real=0.06 secs] 
2021-01-22T19:42:13.792-0800: 196.279: [Full GC (Allocation Failure) 2021-01-22T19:42:13.793-0800: 196.279: [Tenured: 349564K->349562K(349568K), 0.0321037 secs] 506788K->395086K(506816K), [Metaspace: 2698K->2698K(1056768K)], 0.0321986 secs] [Times: user=0.03 sys=0.00, real=0.03 secs] 
2021-01-22T19:42:13.842-0800: 196.329: [Full GC (Allocation Failure) 2021-01-22T19:42:13.842-0800: 196.329: [Tenured: 349562K->349356K(349568K), 0.0410641 secs] 506776K->395404K(506816K), [Metaspace: 2698K->2698K(1056768K)], 0.0412478 secs] [Times: user=0.04 sys=0.00, real=0.04 secs] 
2021-01-22T19:42:13.900-0800: 196.386: [Full GC (Allocation Failure) 2021-01-22T19:42:13.900-0800: 196.386: [Tenured: 349500K->349328K(349568K), 0.0467510 secs] 506715K->390181K(506816K), [Metaspace: 2698K->2698K(1056768K)], 0.0468546 secs] [Times: user=0.04 sys=0.00, real=0.04 secs] 
2021-01-22T19:42:13.964-0800: 196.451: [Full GC (Allocation Failure) 2021-01-22T19:42:13.964-0800: 196.451: [Tenured: 349328K->349383K(349568K), 0.0531019 secs] 506548K->377229K(506816K), [Metaspace: 2698K->2698K(1056768K)], 0.0531944 secs] [Times: user=0.05 sys=0.00, real=0.05 secs] 
2021-01-22T19:42:14.037-0800: 196.524: [Full GC (Allocation Failure) 2021-01-22T19:42:14.037-0800: 196.524: [Tenured: 349383K->349381K(349568K), 0.0365225 secs] 506580K->396883K(506816K), [Metaspace: 2698K->2698K(1056768K)], 0.0366160 secs] [Times: user=0.04 sys=0.00, real=0.04 secs] 
2021-01-22T19:42:14.090-0800: 196.577: [Full GC (Allocation Failure) 2021-01-22T19:42:14.091-0800: 196.577: [Tenured: 349381K->349552K(349568K), 0.0442052 secs] 506580K->395560K(506816K), [Metaspace: 2698K->2698K(1056768K)], 0.0443107 secs] [Times: user=0.04 sys=0.00, real=0.04 secs] 
2021-01-22T19:42:14.151-0800: 196.638: [Full GC (Allocation Failure) 2021-01-22T19:42:14.151-0800: 196.638: [Tenured: 349559K->349490K(349568K), 0.0504728 secs] 506805K->396134K(506816K), [Metaspace: 2698K->2698K(1056768K)], 0.0507510 secs] [Times: user=0.05 sys=0.00, real=0.05 secs] 
2021-01-22T19:42:14.218-0800: 196.704: [Full GC (Allocation Failure) 2021-01-22T19:42:14.218-0800: 196.704: [Tenured: 349526K->349413K(349568K), 0.0581416 secs] 506738K->377978K(506816K), [Metaspace: 2698K->2698K(1056768K)], 0.0582441 secs] [Times: user=0.06 sys=0.00, real=0.06 secs] 
2021-01-22T19:42:14.295-0800: 196.782: [Full GC (Allocation Failure) 2021-01-22T19:42:14.295-0800: 196.782: [Tenured: 349413K->349538K(349568K), 0.0325307 secs] 506560K->399502K(506816K), [Metaspace: 2698K->2698K(1056768K)], 0.0326265 secs] [Times: user=0.03 sys=0.01, real=0.03 secs] 
2021-01-22T19:42:14.344-0800: 196.831: [Full GC (Allocation Failure) 2021-01-22T19:42:14.344-0800: 196.831: [Tenured: 349538K->349471K(349568K), 0.0494609 secs] 506719K->398582K(506816K), [Metaspace: 2698K->2698K(1056768K)], 0.0495667 secs] [Times: user=0.05 sys=0.00, real=0.05 secs] 
2021-01-22T19:42:14.407-0800: 196.894: [Full GC (Allocation Failure) 2021-01-22T19:42:14.407-0800: 196.894: [Tenured: 349471K->349317K(349568K), 0.0485905 secs] 506713K->398550K(506816K), [Metaspace: 2698K->2698K(1056768K)], 0.0486908 secs] [Times: user=0.05 sys=0.00, real=0.05 secs] 
2021-01-22T19:42:14.469-0800: 196.956: [Full GC (Allocation Failure) 2021-01-22T19:42:14.469-0800: 196.956: [Tenured: 349550K->349421K(349568K), 0.0571480 secs] 506788K->389332K(506816K), [Metaspace: 2698K->2698K(1056768K)], 0.0572484 secs] [Times: user=0.05 sys=0.00, real=0.06 secs] 
2021-01-22T19:42:14.543-0800: 197.030: [Full GC (Allocation Failure) 2021-01-22T19:42:14.543-0800: 197.030: [Tenured: 349565K->349460K(349568K), 0.0320347 secs] 506799K->406795K(506816K), [Metaspace: 2698K->2698K(1056768K)], 0.0321404 secs] [Times: user=0.03 sys=0.00, real=0.03 secs] 
2021-01-22T19:42:14.591-0800: 197.078: [Full GC (Allocation Failure) 2021-01-22T19:42:14.591-0800: 197.078: [Tenured: 349515K->349403K(349568K), 0.0448288 secs] 506758K->402208K(506816K), [Metaspace: 2698K->2698K(1056768K)], 0.0449244 secs] [Times: user=0.04 sys=0.00, real=0.04 secs] 
2021-01-22T19:42:14.650-0800: 197.137: [Full GC (Allocation Failure) 2021-01-22T19:42:14.650-0800: 197.137: [Tenured: 349403K->349557K(349568K), 0.0444439 secs] 506629K->404529K(506816K), [Metaspace: 2698K->2698K(1056768K)], 0.0445679 secs] [Times: user=0.05 sys=0.00, real=0.04 secs] 
2021-01-22T19:42:14.711-0800: 197.198: [Full GC (Allocation Failure) 2021-01-22T19:42:14.711-0800: 197.198: [Tenured: 349557K->349189K(349568K), 0.0570267 secs] 506788K->387381K(506816K), [Metaspace: 2698K->2698K(1056768K)], 0.0571177 secs] [Times: user=0.06 sys=0.00, real=0.05 secs] 
2021-01-22T19:42:14.784-0800: 197.271: [Full GC (Allocation Failure) 2021-01-22T19:42:14.784-0800: 197.271: [Tenured: 349511K->349184K(349568K), 0.0339984 secs] 506735K->404035K(506816K), [Metaspace: 2698K->2698K(1056768K)], 0.0340960 secs] [Times: user=0.03 sys=0.00, real=0.03 secs] 
2021-01-22T19:42:14.835-0800: 197.321: [Full GC (Allocation Failure) 2021-01-22T19:42:14.835-0800: 197.321: [Tenured: 349549K->349484K(349568K), 0.0459996 secs] 506738K->397836K(506816K), [Metaspace: 2698K->2698K(1056768K)], 0.0461031 secs] [Times: user=0.05 sys=0.00, real=0.05 secs] 
2021-01-22T19:42:14.894-0800: 197.381: [Full GC (Allocation Failure) 2021-01-22T19:42:14.894-0800: 197.381: [Tenured: 349520K->349448K(349568K), 0.0483686 secs] 506747K->403408K(506816K), [Metaspace: 2698K->2698K(1056768K)], 0.0484639 secs] [Times: user=0.05 sys=0.00, real=0.05 secs] 
2021-01-22T19:42:14.960-0800: 197.447: [Full GC (Allocation Failure) 2021-01-22T19:42:14.960-0800: 197.447: [Tenured: 349534K->349539K(349568K), 0.0574510 secs] 506723K->386091K(506816K), [Metaspace: 2698K->2698K(1056768K)], 0.0575424 secs] [Times: user=0.06 sys=0.00, real=0.05 secs] 
2021-01-22T19:42:15.035-0800: 197.522: [Full GC (Allocation Failure) 2021-01-22T19:42:15.035-0800: 197.522: [Tenured: 349539K->349162K(349568K), 0.0351530 secs] 506587K->402274K(506816K), [Metaspace: 2698K->2698K(1056768K)], 0.0352456 secs] [Times: user=0.03 sys=0.00, real=0.04 secs] 
2021-01-22T19:42:15.084-0800: 197.571: [Full GC (Allocation Failure) 2021-01-22T19:42:15.084-0800: 197.571: [Tenured: 349533K->348928K(349568K), 0.0457943 secs] 506780K->403377K(506816K), [Metaspace: 2698K->2698K(1056768K)], 0.0459349 secs] [Times: user=0.04 sys=0.00, real=0.05 secs] 
2021-01-22T19:42:15.142-0800: 197.629: [Full GC (Allocation Failure) 2021-01-22T19:42:15.142-0800: 197.629: [Tenured: 349527K->349395K(349568K), 0.0498109 secs] 506642K->401774K(506816K), [Metaspace: 2698K->2698K(1056768K)], 0.0499554 secs] [Times: user=0.04 sys=0.00, real=0.05 secs] 
2021-01-22T19:42:15.208-0800: 197.695: [Full GC (Allocation Failure) 2021-01-22T19:42:15.208-0800: 197.695: [Tenured: 349395K->349330K(349568K), 0.0560431 secs] 506593K->382533K(506816K), [Metaspace: 2698K->2698K(1056768K)], 0.0564049 secs] [Times: user=0.05 sys=0.00, real=0.06 secs] 
2021-01-22T19:42:15.282-0800: 197.769: [Full GC (Allocation Failure) 2021-01-22T19:42:15.282-0800: 197.769: [Tenured: 349330K->349482K(349568K), 0.0380142 secs] 506498K->398950K(506816K), [Metaspace: 2698K->2698K(1056768K)], 0.0382662 secs] [Times: user=0.04 sys=0.00, real=0.04 secs] 
2021-01-22T19:42:15.337-0800: 197.824: [Full GC (Allocation Failure) 2021-01-22T19:42:15.337-0800: 197.824: [Tenured: 349554K->349457K(349568K), 0.0440674 secs] 506788K->401000K(506816K), [Metaspace: 2698K->2698K(1056768K)], 0.0444431 secs] [Times: user=0.04 sys=0.00, real=0.05 secs] 
2021-01-22T19:42:15.397-0800: 197.884: [Full GC (Allocation Failure) 2021-01-22T19:42:15.397-0800: 197.884: [Tenured: 349536K->349402K(349568K), 0.0469534 secs] 506757K->394123K(506816K), [Metaspace: 2698K->2698K(1056768K)], 0.0470460 secs] [Times: user=0.04 sys=0.00, real=0.05 secs] 
2021-01-22T19:42:15.462-0800: 197.949: [Full GC (Allocation Failure) 2021-01-22T19:42:15.462-0800: 197.949: [Tenured: 349402K->349104K(349568K), 0.0529476 secs] 505973K->375343K(506816K), [Metaspace: 2698K->2698K(1056768K)], 0.0530418 secs] [Times: user=0.05 sys=0.00, real=0.05 secs] 
2021-01-22T19:42:15.535-0800: 198.022: [Full GC (Allocation Failure) 2021-01-22T19:42:15.535-0800: 198.022: [Tenured: 349511K->349528K(349568K), 0.0374268 secs] 506751K->396565K(506816K), [Metaspace: 2698K->2698K(1056768K)], 0.0376413 secs] [Times: user=0.04 sys=0.00, real=0.04 secs] 
2021-01-22T19:42:15.585-0800: 198.072: [Full GC (Allocation Failure) 2021-01-22T19:42:15.585-0800: 198.072: [Tenured: 349528K->349563K(349568K), 0.0435330 secs] 506325K->398307K(506816K), [Metaspace: 2698K->2698K(1056768K)], 0.0436312 secs] [Times: user=0.04 sys=0.00, real=0.04 secs] 
2021-01-22T19:42:15.644-0800: 198.131: [Full GC (Allocation Failure) 2021-01-22T19:42:15.644-0800: 198.131: [Tenured: 349563K->349554K(349568K), 0.0459548 secs] 506723K->400183K(506816K), [Metaspace: 2698K->2698K(1056768K)], 0.0460530 secs] [Times: user=0.04 sys=0.00, real=0.05 secs] 
2021-01-22T19:42:15.707-0800: 198.194: [Full GC (Allocation Failure) 2021-01-22T19:42:15.707-0800: 198.194: [Tenured: 349554K->349124K(349568K), 0.0556150 secs] 506620K->377679K(506816K), [Metaspace: 2698K->2698K(1056768K)], 0.0557083 secs] [Times: user=0.05 sys=0.01, real=0.06 secs] 
2021-01-22T19:42:15.779-0800: 198.266: [Full GC (Allocation Failure) 2021-01-22T19:42:15.779-0800: 198.266: [Tenured: 349124K->349343K(349568K), 0.0324427 secs] 505792K->398289K(506816K), [Metaspace: 2698K->2698K(1056768K)], 0.0325389 secs] [Times: user=0.03 sys=0.00, real=0.04 secs] 
2021-01-22T19:42:15.825-0800: 198.312: [Full GC (Allocation Failure) 2021-01-22T19:42:15.825-0800: 198.312: [Tenured: 349557K->349518K(349568K), 0.0439826 secs] 506796K->399177K(506816K), [Metaspace: 2698K->2698K(1056768K)], 0.0440773 secs] [Times: user=0.05 sys=0.00, real=0.04 secs] 
2021-01-22T19:42:15.882-0800: 198.369: [Full GC (Allocation Failure) 2021-01-22T19:42:15.882-0800: 198.369: [Tenured: 349518K->349466K(349568K), 0.0464899 secs] 506744K->395004K(506816K), [Metaspace: 2698K->2698K(1056768K)], 0.0465888 secs] [Times: user=0.04 sys=0.00, real=0.04 secs] 
2021-01-22T19:42:15.945-0800: 198.432: [Full GC (Allocation Failure) 2021-01-22T19:42:15.946-0800: 198.432: [Tenured: 349466K->349534K(349568K), 0.0523786 secs] 506700K->376070K(506816K), [Metaspace: 2698K->2698K(1056768K)], 0.0524841 secs] [Times: user=0.05 sys=0.00, real=0.05 secs] 
2021-01-22T19:42:16.017-0800: 198.504: [Full GC (Allocation Failure) 2021-01-22T19:42:16.017-0800: 198.504: [Tenured: 349534K->349055K(349568K), 0.0315214 secs] 506777K->384653K(506816K), [Metaspace: 2698K->2698K(1056768K)], 0.0316507 secs] [Times: user=0.03 sys=0.00, real=0.03 secs] 
2021-01-22T19:42:16.066-0800: 198.553: [Full GC (Allocation Failure) 2021-01-22T19:42:16.066-0800: 198.553: [Tenured: 349055K->349306K(349568K), 0.0457704 secs] 506066K->380482K(506816K), [Metaspace: 2698K->2698K(1056768K)], 0.0458648 secs] [Times: user=0.04 sys=0.00, real=0.05 secs] 
2021-01-22T19:42:16.127-0800: 198.614: [Full GC (Allocation Failure) 2021-01-22T19:42:16.127-0800: 198.614: [Tenured: 349473K->349330K(349568K), 0.0500980 secs] 506640K->378339K(506816K), [Metaspace: 2698K->2698K(1056768K)], 0.0501930 secs] [Times: user=0.04 sys=0.00, real=0.05 secs] 
2021-01-22T19:42:16.193-0800: 198.680: [Full GC (Allocation Failure) 2021-01-22T19:42:16.193-0800: 198.680: [Tenured: 349330K->349385K(349568K), 0.0539994 secs] 506111K->361490K(506816K), [Metaspace: 2698K->2698K(1056768K)], 0.0541054 secs] [Times: user=0.05 sys=0.00, real=0.05 secs] 
2021-01-22T19:42:16.270-0800: 198.757: [Full GC (Allocation Failure) 2021-01-22T19:42:16.270-0800: 198.757: [Tenured: 349421K->349297K(349568K), 0.0288761 secs] 506668K->383021K(506816K), [Metaspace: 2698K->2698K(1056768K)], 0.0290792 secs] [Times: user=0.03 sys=0.00, real=0.02 secs] 
2021-01-22T19:42:16.317-0800: 198.804: [Full GC (Allocation Failure) 2021-01-22T19:42:16.317-0800: 198.804: [Tenured: 349297K->349328K(349568K), 0.0433124 secs] 506345K->374718K(506816K), [Metaspace: 2698K->2698K(1056768K)], 0.0434043 secs] [Times: user=0.04 sys=0.00, real=0.05 secs] 
2021-01-22T19:42:16.380-0800: 198.867: [Full GC (Allocation Failure) 2021-01-22T19:42:16.380-0800: 198.867: [Tenured: 349328K->349514K(349568K), 0.0467689 secs] 506240K->374551K(506816K), [Metaspace: 2698K->2698K(1056768K)], 0.0468606 secs] [Times: user=0.04 sys=0.00, real=0.04 secs] 
2021-01-22T19:42:16.448-0800: 198.935: [Full GC (Allocation Failure) 2021-01-22T19:42:16.448-0800: 198.935: [Tenured: 349514K->349563K(349568K), 0.0502817 secs] 506652K->351039K(506816K), [Metaspace: 2698K->2698K(1056768K)], 0.0503743 secs] [Times: user=0.05 sys=0.00, real=0.05 secs] 
2021-01-22T19:42:16.522-0800: 199.009: [Full GC (Allocation Failure) 2021-01-22T19:42:16.523-0800: 199.009: [Tenured: 349563K->349084K(349568K), 0.0383609 secs] 506809K->371423K(506816K), [Metaspace: 2698K->2698K(1056768K)], 0.0384802 secs] [Times: user=0.03 sys=0.00, real=0.04 secs] 
2021-01-22T19:42:16.577-0800: 199.064: [Full GC (Allocation Failure) 2021-01-22T19:42:16.577-0800: 199.064: [Tenured: 349418K->349346K(349568K), 0.0489954 secs] 506644K->372046K(506816K), [Metaspace: 2698K->2698K(1056768K)], 0.0491000 secs] [Times: user=0.04 sys=0.00, real=0.05 secs] 
2021-01-22T19:42:16.647-0800: 199.134: [Full GC (Allocation Failure) 2021-01-22T19:42:16.647-0800: 199.134: [Tenured: 349346K->349399K(349568K), 0.0459785 secs] 506298K->375410K(506816K), [Metaspace: 2698K->2698K(1056768K)], 0.0460826 secs] [Times: user=0.05 sys=0.00, real=0.05 secs] 
2021-01-22T19:42:16.712-0800: 199.199: [Full GC (Allocation Failure) 2021-01-22T19:42:16.713-0800: 199.199: [Tenured: 349399K->349431K(349568K), 0.0520878 secs] 506489K->360873K(506816K), [Metaspace: 2698K->2698K(1056768K)], 0.0521818 secs] [Times: user=0.05 sys=0.00, real=0.05 secs] 
2021-01-22T19:42:16.783-0800: 199.270: [Full GC (Allocation Failure) 2021-01-22T19:42:16.784-0800: 199.271: [Tenured: 349503K->349416K(349568K), 0.0408167 secs] 506693K->375975K(506816K), [Metaspace: 2698K->2698K(1056768K)], 0.0416668 secs] [Times: user=0.04 sys=0.00, real=0.04 secs] 
2021-01-22T19:42:16.841-0800: 199.328: [Full GC (Allocation Failure) 2021-01-22T19:42:16.841-0800: 199.328: [Tenured: 349416K->348980K(349568K), 0.0421935 secs] 506654K->380490K(506816K), [Metaspace: 2698K->2698K(1056768K)], 0.0422858 secs] [Times: user=0.04 sys=0.00, real=0.04 secs] 
2021-01-22T19:42:16.898-0800: 199.385: [Full GC (Allocation Failure) 2021-01-22T19:42:16.898-0800: 199.385: [Tenured: 349438K->349559K(349568K), 0.0486661 secs] 506660K->380341K(506816K), [Metaspace: 2698K->2698K(1056768K)], 0.0487730 secs] [Times: user=0.05 sys=0.00, real=0.05 secs] 
2021-01-22T19:42:16.966-0800: 199.453: [Full GC (Allocation Failure) 2021-01-22T19:42:16.966-0800: 199.453: [Tenured: 349559K->349454K(349568K), 0.0496474 secs] 506672K->359140K(506816K), [Metaspace: 2698K->2698K(1056768K)], 0.0497381 secs] [Times: user=0.05 sys=0.00, real=0.05 secs] 
2021-01-22T19:42:17.039-0800: 199.526: [Full GC (Allocation Failure) 2021-01-22T19:42:17.040-0800: 199.527: [Tenured: 349454K->349532K(349568K), 0.0350843 secs] 506661K->372799K(506816K), [Metaspace: 2698K->2698K(1056768K)], 0.0351735 secs] [Times: user=0.04 sys=0.00, real=0.04 secs] 
2021-01-22T19:42:17.090-0800: 199.577: [Full GC (Allocation Failure) 2021-01-22T19:42:17.091-0800: 199.578: [Tenured: 349532K->349566K(349568K), 0.0476652 secs] 506401K->382069K(506816K), [Metaspace: 2698K->2698K(1056768K)], 0.0479246 secs] [Times: user=0.05 sys=0.00, real=0.04 secs] 
2021-01-22T19:42:17.156-0800: 199.643: [Full GC (Allocation Failure) 2021-01-22T19:42:17.156-0800: 199.643: [Tenured: 349566K->349441K(349568K), 0.0489792 secs] 506397K->386907K(506816K), [Metaspace: 2698K->2698K(1056768K)], 0.0490725 secs] [Times: user=0.05 sys=0.01, real=0.05 secs] 
2021-01-22T19:42:17.223-0800: 199.710: [Full GC (Allocation Failure) 2021-01-22T19:42:17.223-0800: 199.710: [Tenured: 349441K->349559K(349568K), 0.0503628 secs] 506662K->360988K(506816K), [Metaspace: 2698K->2698K(1056768K)], 0.0504572 secs] [Times: user=0.05 sys=0.00, real=0.05 secs] 
2021-01-22T19:42:17.293-0800: 199.780: [Full GC (Allocation Failure) 2021-01-22T19:42:17.293-0800: 199.780: [Tenured: 349559K->349450K(349568K), 0.0318019 secs] 506706K->379047K(506816K), [Metaspace: 2698K->2698K(1056768K)], 0.0318974 secs] [Times: user=0.03 sys=0.00, real=0.03 secs] 
2021-01-22T19:42:17.341-0800: 199.828: [Full GC (Allocation Failure) 2021-01-22T19:42:17.341-0800: 199.828: [Tenured: 349450K->349294K(349568K), 0.0452544 secs] 506636K->379667K(506816K), [Metaspace: 2698K->2698K(1056768K)], 0.0453535 secs] [Times: user=0.05 sys=0.00, real=0.04 secs] 
2021-01-22T19:42:17.403-0800: 199.890: [Full GC (Allocation Failure) 2021-01-22T19:42:17.403-0800: 199.890: [Tenured: 349294K->349108K(349568K), 0.0495254 secs] 506406K->385271K(506816K), [Metaspace: 2698K->2698K(1056768K)], 0.0496155 secs] [Times: user=0.05 sys=0.00, real=0.05 secs] 
2021-01-22T19:42:17.469-0800: 199.956: [Full GC (Allocation Failure) 2021-01-22T19:42:17.470-0800: 199.957: [Tenured: 349108K->349453K(349568K), 0.0561959 secs] 506148K->370295K(506816K), [Metaspace: 2698K->2698K(1056768K)], 0.0563951 secs] [Times: user=0.05 sys=0.00, real=0.06 secs] 
2021-01-22T19:42:17.543-0800: 200.030: [Full GC (Allocation Failure) 2021-01-22T19:42:17.543-0800: 200.030: [Tenured: 349525K->349326K(349568K), 0.0368996 secs] 506755K->384639K(506816K), [Metaspace: 2698K->2698K(1056768K)], 0.0369935 secs] [Times: user=0.03 sys=0.00, real=0.04 secs] 
2021-01-22T19:42:17.597-0800: 200.084: [Full GC (Allocation Failure) 2021-01-22T19:42:17.598-0800: 200.085: [Tenured: 349515K->349514K(349568K), 0.0428988 secs] 506606K->381627K(506816K), [Metaspace: 2698K->2698K(1056768K)], 0.0430052 secs] [Times: user=0.04 sys=0.00, real=0.05 secs] 
2021-01-22T19:42:17.658-0800: 200.145: [Full GC (Allocation Failure) 2021-01-22T19:42:17.658-0800: 200.145: [Tenured: 349514K->349503K(349568K), 0.0462278 secs] 506702K->385094K(506816K), [Metaspace: 2698K->2698K(1056768K)], 0.0463203 secs] [Times: user=0.04 sys=0.00, real=0.05 secs] 
2021-01-22T19:42:17.722-0800: 200.209: [Full GC (Allocation Failure) 2021-01-22T19:42:17.722-0800: 200.209: [Tenured: 349503K->349242K(349568K), 0.0522733 secs] 506454K->369830K(506816K), [Metaspace: 2698K->2698K(1056768K)], 0.0523663 secs] [Times: user=0.05 sys=0.00, real=0.05 secs] 
2021-01-22T19:42:17.794-0800: 200.281: [Full GC (Allocation Failure) 2021-01-22T19:42:17.794-0800: 200.281: [Tenured: 349242K->349283K(349568K), 0.0374880 secs] 506331K->387021K(506816K), [Metaspace: 2698K->2698K(1056768K)], 0.0375834 secs] [Times: user=0.03 sys=0.00, real=0.04 secs] 
2021-01-22T19:42:17.849-0800: 200.336: [Full GC (Allocation Failure) 2021-01-22T19:42:17.849-0800: 200.336: [Tenured: 349332K->349340K(349568K), 0.0424449 secs] 506559K->383070K(506816K), [Metaspace: 2698K->2698K(1056768K)], 0.0425375 secs] [Times: user=0.04 sys=0.00, real=0.05 secs] 
2021-01-22T19:42:17.910-0800: 200.397: [Full GC (Allocation Failure) 2021-01-22T19:42:17.910-0800: 200.397: [Tenured: 349340K->349559K(349568K), 0.0455187 secs] 506502K->383119K(506816K), [Metaspace: 2698K->2698K(1056768K)], 0.0456125 secs] [Times: user=0.04 sys=0.00, real=0.04 secs] 
2021-01-22T19:42:17.974-0800: 200.461: [Full GC (Allocation Failure) 2021-01-22T19:42:17.974-0800: 200.461: [Tenured: 349559K->349560K(349568K), 0.0511384 secs] 506698K->365522K(506816K), [Metaspace: 2698K->2698K(1056768K)], 0.0512341 secs] [Times: user=0.05 sys=0.00, real=0.05 secs] 
2021-01-22T19:42:18.046-0800: 200.533: [Full GC (Allocation Failure) 2021-01-22T19:42:18.046-0800: 200.533: [Tenured: 349560K->348967K(349568K), 0.0377646 secs] 506787K->381380K(506816K), [Metaspace: 2698K->2698K(1056768K)], 0.0378722 secs] [Times: user=0.04 sys=0.00, real=0.04 secs] 
2021-01-22T19:42:18.103-0800: 200.590: [Full GC (Allocation Failure) 2021-01-22T19:42:18.103-0800: 200.590: [Tenured: 349315K->349268K(349568K), 0.0437502 secs] 506528K->378261K(506816K), [Metaspace: 2698K->2698K(1056768K)], 0.0439654 secs] [Times: user=0.05 sys=0.00, real=0.04 secs] 
2021-01-22T19:42:18.162-0800: 200.650: [Full GC (Allocation Failure) 2021-01-22T19:42:18.163-0800: 200.650: [Tenured: 349268K->349085K(349568K), 0.0500940 secs] 506471K->385475K(506816K), [Metaspace: 2698K->2698K(1056768K)], 0.0502042 secs] [Times: user=0.05 sys=0.00, real=0.05 secs] 
2021-01-22T19:42:18.230-0800: 200.717: [Full GC (Allocation Failure) 2021-01-22T19:42:18.230-0800: 200.717: [Tenured: 349085K->349557K(349568K), 0.0522958 secs] 505990K->374614K(506816K), [Metaspace: 2698K->2698K(1056768K)], 0.0523962 secs] [Times: user=0.05 sys=0.00, real=0.05 secs] 
2021-01-22T19:42:18.301-0800: 200.788: [Full GC (Allocation Failure) 2021-01-22T19:42:18.301-0800: 200.788: [Tenured: 349557K->349329K(349568K), 0.0342192 secs] 506516K->390582K(506816K), [Metaspace: 2698K->2698K(1056768K)], 0.0343132 secs] [Times: user=0.03 sys=0.00, real=0.03 secs] 
2021-01-22T19:42:18.350-0800: 200.837: [Full GC (Allocation Failure) 2021-01-22T19:42:18.350-0800: 200.837: [Tenured: 349329K->349538K(349568K), 0.0442010 secs] 506327K->389840K(506816K), [Metaspace: 2698K->2698K(1056768K)], 0.0442971 secs] [Times: user=0.05 sys=0.00, real=0.04 secs] 
2021-01-22T19:42:18.412-0800: 200.899: [Full GC (Allocation Failure) 2021-01-22T19:42:18.412-0800: 200.899: [Tenured: 349538K->349378K(349568K), 0.0455763 secs] 506611K->391739K(506816K), [Metaspace: 2698K->2698K(1056768K)], 0.0456684 secs] [Times: user=0.05 sys=0.00, real=0.04 secs] 
2021-01-22T19:42:18.474-0800: 200.961: [Full GC (Allocation Failure) 2021-01-22T19:42:18.474-0800: 200.961: [Tenured: 349537K->349550K(349568K), 0.0515822 secs] 506682K->373467K(506816K), [Metaspace: 2698K->2698K(1056768K)], 0.0516767 secs] [Times: user=0.05 sys=0.00, real=0.05 secs] 
2021-01-22T19:42:18.545-0800: 201.032: [Full GC (Allocation Failure) 2021-01-22T19:42:18.545-0800: 201.032: [Tenured: 349550K->349516K(349568K), 0.0348653 secs] 506771K->397082K(506816K), [Metaspace: 2698K->2698K(1056768K)], 0.0349931 secs] [Times: user=0.04 sys=0.00, real=0.04 secs] 
2021-01-22T19:42:18.593-0800: 201.080: [Full GC (Allocation Failure) 2021-01-22T19:42:18.593-0800: 201.080: [Tenured: 349516K->349524K(349568K), 0.0480152 secs] 506725K->395686K(506816K), [Metaspace: 2698K->2698K(1056768K)], 0.0481085 secs] [Times: user=0.05 sys=0.00, real=0.05 secs] 
2021-01-22T19:42:18.658-0800: 201.145: [Full GC (Allocation Failure) 2021-01-22T19:42:18.658-0800: 201.145: [Tenured: 349560K->349509K(349568K), 0.0478764 secs] 506799K->402138K(506816K), [Metaspace: 2698K->2698K(1056768K)], 0.0479893 secs] [Times: user=0.05 sys=0.00, real=0.05 secs] 
2021-01-22T19:42:18.722-0800: 201.209: [Full GC (Allocation Failure) 2021-01-22T19:42:18.722-0800: 201.209: [Tenured: 349566K->349430K(349568K), 0.0552048 secs] 506798K->377034K(506816K), [Metaspace: 2698K->2698K(1056768K)], 0.0552998 secs] [Times: user=0.05 sys=0.00, real=0.05 secs] 
2021-01-22T19:42:18.795-0800: 201.282: [Full GC (Allocation Failure) 2021-01-22T19:42:18.795-0800: 201.282: [Tenured: 349430K->349552K(349568K), 0.0305170 secs] 506674K->398286K(506816K), [Metaspace: 2698K->2698K(1056768K)], 0.0306088 secs] [Times: user=0.03 sys=0.00, real=0.03 secs] 
2021-01-22T19:42:18.842-0800: 201.329: [Full GC (Allocation Failure) 2021-01-22T19:42:18.842-0800: 201.329: [Tenured: 349552K->349056K(349568K), 0.0365790 secs] 506789K->402145K(506816K), [Metaspace: 2698K->2698K(1056768K)], 0.0366861 secs] [Times: user=0.04 sys=0.00, real=0.03 secs] 
2021-01-22T19:42:18.895-0800: 201.383: [Full GC (Allocation Failure) 2021-01-22T19:42:18.895-0800: 201.383: [Tenured: 349056K->349342K(349568K), 0.0476242 secs] 506137K->396485K(506816K), [Metaspace: 2698K->2698K(1056768K)], 0.0477197 secs] [Times: user=0.05 sys=0.00, real=0.05 secs] 
2021-01-22T19:42:18.957-0800: 201.444: [Full GC (Allocation Failure) 2021-01-22T19:42:18.957-0800: 201.444: [Tenured: 349554K->349179K(349568K), 0.0555471 secs] 506760K->379023K(506816K), [Metaspace: 2698K->2698K(1056768K)], 0.0556436 secs] [Times: user=0.06 sys=0.00, real=0.06 secs] 
2021-01-22T19:42:19.029-0800: 201.516: [Full GC (Allocation Failure) 2021-01-22T19:42:19.029-0800: 201.516: [Tenured: 349395K->349542K(349568K), 0.0394611 secs] 506596K->398996K(506816K), [Metaspace: 2698K->2698K(1056768K)], 0.0395515 secs] [Times: user=0.04 sys=0.00, real=0.04 secs] 
2021-01-22T19:42:19.083-0800: 201.570: [Full GC (Allocation Failure) 2021-01-22T19:42:19.083-0800: 201.570: [Tenured: 349542K->349465K(349568K), 0.0437755 secs] 506741K->398455K(506816K), [Metaspace: 2698K->2698K(1056768K)], 0.0438671 secs] [Times: user=0.04 sys=0.00, real=0.04 secs] 
2021-01-22T19:42:19.140-0800: 201.627: [Full GC (Allocation Failure) 2021-01-22T19:42:19.140-0800: 201.627: [Tenured: 349501K->349538K(349568K), 0.0486669 secs] 506736K->400828K(506816K), [Metaspace: 2698K->2698K(1056768K)], 0.0487617 secs] [Times: user=0.05 sys=0.00, real=0.04 secs] 
2021-01-22T19:42:19.203-0800: 201.690: [Full GC (Allocation Failure) 2021-01-22T19:42:19.203-0800: 201.690: [Tenured: 349563K->349432K(349568K), 0.0563328 secs] 506792K->384039K(506816K), [Metaspace: 2698K->2698K(1056768K)], 0.0564278 secs] [Times: user=0.06 sys=0.00, real=0.05 secs] 
2021-01-22T19:42:19.277-0800: 201.764: [Full GC (Allocation Failure) 2021-01-22T19:42:19.277-0800: 201.764: [Tenured: 349432K->349163K(349568K), 0.0293682 secs] 506560K->403701K(506816K), [Metaspace: 2698K->2698K(1056768K)], 0.0295094 secs] [Times: user=0.03 sys=0.00, real=0.03 secs] 
2021-01-22T19:42:19.324-0800: 201.811: [Full GC (Allocation Failure) 2021-01-22T19:42:19.324-0800: 201.811: [Tenured: 349554K->349337K(349568K), 0.0416521 secs] 506768K->397284K(506816K), [Metaspace: 2698K->2698K(1056768K)], 0.0417450 secs] [Times: user=0.04 sys=0.00, real=0.04 secs] 
2021-01-22T19:42:19.379-0800: 201.866: [Full GC (Allocation Failure) 2021-01-22T19:42:19.379-0800: 201.866: [Tenured: 349337K->349288K(349568K), 0.0479777 secs] 506340K->401238K(506816K), [Metaspace: 2698K->2698K(1056768K)], 0.0480743 secs] [Times: user=0.05 sys=0.01, real=0.05 secs] 
2021-01-22T19:42:19.444-0800: 201.931: [Full GC (Allocation Failure) 2021-01-22T19:42:19.444-0800: 201.931: [Tenured: 349368K->349100K(349568K), 0.0528817 secs] 506568K->390028K(506816K), [Metaspace: 2698K->2698K(1056768K)], 0.0529803 secs] [Times: user=0.05 sys=0.00, real=0.05 secs] 
2021-01-22T19:42:19.511-0800: 201.998: [Full GC (Allocation Failure) 2021-01-22T19:42:19.511-0800: 201.998: [Tenured: 349100K->349383K(349568K), 0.0340743 secs] 505857K->407550K(506816K), [Metaspace: 2698K->2698K(1056768K)], 0.0341711 secs] [Times: user=0.03 sys=0.00, real=0.03 secs] 
2021-01-22T19:42:19.558-0800: 202.045: [Full GC (Allocation Failure) 2021-01-22T19:42:19.558-0800: 202.045: [Tenured: 349383K->349110K(349568K), 0.0454162 secs] 506444K->405502K(506816K), [Metaspace: 2698K->2698K(1056768K)], 0.0456294 secs] [Times: user=0.04 sys=0.00, real=0.05 secs] 
2021-01-22T19:42:19.617-0800: 202.104: [Full GC (Allocation Failure) 2021-01-22T19:42:19.617-0800: 202.104: [Tenured: 349110K->349353K(349568K), 0.0444104 secs] 505915K->409180K(506816K), [Metaspace: 2698K->2698K(1056768K)], 0.0445081 secs] [Times: user=0.05 sys=0.00, real=0.05 secs] 
2021-01-22T19:42:19.676-0800: 202.163: [Full GC (Allocation Failure) 2021-01-22T19:42:19.676-0800: 202.163: [Tenured: 349546K->349449K(349568K), 0.0569985 secs] 506781K->389578K(506816K), [Metaspace: 2698K->2698K(1056768K)], 0.0571288 secs] [Times: user=0.06 sys=0.00, real=0.06 secs] 
2021-01-22T19:42:19.748-0800: 202.235: [Full GC (Allocation Failure) 2021-01-22T19:42:19.748-0800: 202.235: [Tenured: 349517K->349377K(349568K), 0.0403292 secs] 506721K->397548K(506816K), [Metaspace: 2698K->2698K(1056768K)], 0.0404426 secs] [Times: user=0.04 sys=0.00, real=0.04 secs] 
2021-01-22T19:42:19.803-0800: 202.290: [Full GC (Allocation Failure) 2021-01-22T19:42:19.803-0800: 202.290: [Tenured: 349449K->349450K(349568K), 0.0462048 secs] 506633K->399533K(506816K), [Metaspace: 2698K->2698K(1056768K)], 0.0462922 secs] [Times: user=0.05 sys=0.00, real=0.04 secs] 
2021-01-22T19:42:19.866-0800: 202.353: [Full GC (Allocation Failure) 2021-01-22T19:42:19.866-0800: 202.353: [Tenured: 349450K->349488K(349568K), 0.0498270 secs] 506619K->400568K(506816K), [Metaspace: 2698K->2698K(1056768K)], 0.0499329 secs] [Times: user=0.04 sys=0.00, real=0.05 secs] 
2021-01-22T19:42:19.928-0800: 202.415: [Full GC (Allocation Failure) 2021-01-22T19:42:19.928-0800: 202.415: [Tenured: 349488K->349440K(349568K), 0.0601537 secs] 506679K->383705K(506816K), [Metaspace: 2698K->2698K(1056768K)], 0.0602661 secs] [Times: user=0.05 sys=0.00, real=0.06 secs] 
2021-01-22T19:42:20.004-0800: 202.492: [Full GC (Allocation Failure) 2021-01-22T19:42:20.005-0800: 202.492: [Tenured: 349440K->349425K(349568K), 0.0349261 secs] 506520K->399403K(506816K), [Metaspace: 2698K->2698K(1056768K)], 0.0350229 secs] [Times: user=0.03 sys=0.00, real=0.03 secs] 
2021-01-22T19:42:20.055-0800: 202.543: [Full GC (Allocation Failure) 2021-01-22T19:42:20.056-0800: 202.543: [Tenured: 349425K->349330K(349568K), 0.0431633 secs] 506341K->403778K(506816K), [Metaspace: 2698K->2698K(1056768K)], 0.0432710 secs] [Times: user=0.04 sys=0.00, real=0.04 secs] 
2021-01-22T19:42:20.113-0800: 202.600: [Full GC (Allocation Failure) 2021-01-22T19:42:20.114-0800: 202.601: [Tenured: 349546K->349238K(349568K), 0.0502091 secs] 506735K->401587K(506816K), [Metaspace: 2698K->2698K(1056768K)], 0.0505528 secs] [Times: user=0.04 sys=0.01, real=0.05 secs] 
2021-01-22T19:42:20.180-0800: 202.667: [Full GC (Allocation Failure) 2021-01-22T19:42:20.180-0800: 202.667: [Tenured: 349238K->349498K(349568K), 0.0536690 secs] 506437K->385840K(506816K), [Metaspace: 2698K->2698K(1056768K)], 0.0537835 secs] [Times: user=0.05 sys=0.00, real=0.05 secs] 
2021-01-22T19:42:20.254-0800: 202.742: [Full GC (Allocation Failure) 2021-01-22T19:42:20.254-0800: 202.742: [Tenured: 349498K->349132K(349568K), 0.0345237 secs] 506731K->399073K(506816K), [Metaspace: 2698K->2698K(1056768K)], 0.0346251 secs] [Times: user=0.04 sys=0.00, real=0.03 secs] 
2021-01-22T19:42:20.305-0800: 202.793: [Full GC (Allocation Failure) 2021-01-22T19:42:20.305-0800: 202.793: [Tenured: 349411K->349395K(349568K), 0.0425002 secs] 506631K->399965K(506816K), [Metaspace: 2698K->2698K(1056768K)], 0.0425979 secs] [Times: user=0.04 sys=0.00, real=0.04 secs] 
2021-01-22T19:42:20.362-0800: 202.850: [Full GC (Allocation Failure) 2021-01-22T19:42:20.362-0800: 202.850: [Tenured: 349395K->349506K(349568K), 0.0481905 secs] 506512K->389797K(506816K), [Metaspace: 2698K->2698K(1056768K)], 0.0483031 secs] [Times: user=0.04 sys=0.00, real=0.05 secs] 
2021-01-22T19:42:20.426-0800: 202.913: [Full GC (Allocation Failure) 2021-01-22T19:42:20.426-0800: 202.913: [Tenured: 349506K->349493K(349568K), 0.0563128 secs] 506667K->373900K(506816K), [Metaspace: 2698K->2698K(1056768K)], 0.0564466 secs] [Times: user=0.05 sys=0.00, real=0.06 secs] 
2021-01-22T19:42:20.505-0800: 202.992: [Full GC (Allocation Failure) 2021-01-22T19:42:20.505-0800: 202.992: [Tenured: 349493K->349419K(349568K), 0.0305548 secs] 506509K->388106K(506816K), [Metaspace: 2698K->2698K(1056768K)], 0.0306501 secs] [Times: user=0.02 sys=0.00, real=0.03 secs] 
2021-01-22T19:42:20.551-0800: 203.038: [Full GC (Allocation Failure) 2021-01-22T19:42:20.551-0800: 203.038: [Tenured: 349419K->349559K(349568K), 0.0455267 secs] 506662K->389032K(506816K), [Metaspace: 2698K->2698K(1056768K)], 0.0456465 secs] [Times: user=0.04 sys=0.00, real=0.04 secs] 
2021-01-22T19:42:20.615-0800: 203.102: [Full GC (Allocation Failure) 2021-01-22T19:42:20.615-0800: 203.102: [Tenured: 349559K->349558K(349568K), 0.0450407 secs] 506761K->381760K(506816K), [Metaspace: 2698K->2698K(1056768K)], 0.0451378 secs] [Times: user=0.05 sys=0.00, real=0.05 secs] 
2021-01-22T19:42:20.678-0800: 203.165: [Full GC (Allocation Failure) 2021-01-22T19:42:20.678-0800: 203.165: [Tenured: 349558K->349346K(349568K), 0.0542079 secs] 506602K->367836K(506816K), [Metaspace: 2698K->2698K(1056768K)], 0.0543081 secs] [Times: user=0.06 sys=0.00, real=0.06 secs] 
2021-01-22T19:42:20.750-0800: 203.237: [Full GC (Allocation Failure) 2021-01-22T19:42:20.750-0800: 203.238: [Tenured: 349346K->349487K(349568K), 0.0396088 secs] 506529K->386184K(506816K), [Metaspace: 2698K->2698K(1056768K)], 0.0397755 secs] [Times: user=0.04 sys=0.00, real=0.04 secs] 
2021-01-22T19:42:20.805-0800: 203.292: [Full GC (Allocation Failure) 2021-01-22T19:42:20.805-0800: 203.292: [Tenured: 349487K->349538K(349568K), 0.0435244 secs] 506442K->381256K(506816K), [Metaspace: 2698K->2698K(1056768K)], 0.0436321 secs] [Times: user=0.04 sys=0.00, real=0.04 secs] 
2021-01-22T19:42:20.866-0800: 203.354: [Full GC (Allocation Failure) 2021-01-22T19:42:20.866-0800: 203.354: [Tenured: 349538K->349475K(349568K), 0.0490904 secs] 506632K->383734K(506816K), [Metaspace: 2698K->2698K(1056768K)], 0.0491854 secs] [Times: user=0.04 sys=0.01, real=0.05 secs] 
2021-01-22T19:42:20.930-0800: 203.417: [Full GC (Allocation Failure) 2021-01-22T19:42:20.930-0800: 203.417: [Tenured: 349475K->349517K(349568K), 0.0541158 secs] 506630K->358744K(506816K), [Metaspace: 2698K->2698K(1056768K)], 0.0542168 secs] [Times: user=0.05 sys=0.00, real=0.05 secs] 
2021-01-22T19:42:21.006-0800: 203.493: [Full GC (Allocation Failure) 2021-01-22T19:42:21.006-0800: 203.493: [Tenured: 349517K->349485K(349568K), 0.0350232 secs] 506431K->378134K(506816K), [Metaspace: 2698K->2698K(1056768K)], 0.0351132 secs] [Times: user=0.04 sys=0.00, real=0.04 secs] 
2021-01-22T19:42:21.057-0800: 203.544: [Full GC (Allocation Failure) 2021-01-22T19:42:21.057-0800: 203.544: [Tenured: 349485K->348880K(349568K), 0.0470451 secs] 506211K->373048K(506816K), [Metaspace: 2698K->2698K(1056768K)], 0.0471366 secs] [Times: user=0.05 sys=0.00, real=0.05 secs] 
2021-01-22T19:42:21.123-0800: 203.610: [Full GC (Allocation Failure) 2021-01-22T19:42:21.123-0800: 203.610: [Tenured: 349529K->349567K(349568K), 0.0451655 secs] 506694K->372943K(506816K), [Metaspace: 2698K->2698K(1056768K)], 0.0452577 secs] [Times: user=0.04 sys=0.00, real=0.04 secs] 
2021-01-22T19:42:21.188-0800: 203.675: [Full GC (Allocation Failure) 2021-01-22T19:42:21.188-0800: 203.675: [Tenured: 349567K->349521K(349568K), 0.0500241 secs] 506779K->356944K(506816K), [Metaspace: 2698K->2698K(1056768K)], 0.0501183 secs] [Times: user=0.05 sys=0.00, real=0.05 secs] 
2021-01-22T19:42:21.260-0800: 203.747: [Full GC (Allocation Failure) 2021-01-22T19:42:21.260-0800: 203.747: [Tenured: 349521K->349331K(349568K), 0.0334583 secs] 506518K->373411K(506816K), [Metaspace: 2698K->2698K(1056768K)], 0.0335505 secs] [Times: user=0.03 sys=0.00, real=0.03 secs] 
2021-01-22T19:42:21.312-0800: 203.799: [Full GC (Allocation Failure) 2021-01-22T19:42:21.312-0800: 203.799: [Tenured: 349331K->349513K(349568K), 0.0443765 secs] 506184K->375968K(506816K), [Metaspace: 2698K->2698K(1056768K)], 0.0444729 secs] [Times: user=0.04 sys=0.00, real=0.04 secs] 
2021-01-22T19:42:21.375-0800: 203.862: [Full GC (Allocation Failure) 2021-01-22T19:42:21.375-0800: 203.862: [Tenured: 349513K->349339K(349568K), 0.0466368 secs] 506307K->383929K(506816K), [Metaspace: 2698K->2698K(1056768K)], 0.1003802 secs] [Times: user=0.05 sys=0.00, real=0.10 secs] 
2021-01-22T19:42:21.493-0800: 203.980: [Full GC (Allocation Failure) 2021-01-22T19:42:21.493-0800: 203.980: [Tenured: 349339K->348893K(349568K), 0.0594114 secs] 506406K->364917K(506816K), [Metaspace: 2698K->2698K(1056768K)], 0.0595162 secs] [Times: user=0.06 sys=0.00, real=0.06 secs] 
2021-01-22T19:42:21.575-0800: 204.062: [Full GC (Allocation Failure) 2021-01-22T19:42:21.576-0800: 204.063: [Tenured: 349566K->349564K(349568K), 0.0367941 secs] 506757K->383423K(506816K), [Metaspace: 2698K->2698K(1056768K)], 0.0378842 secs] [Times: user=0.04 sys=0.00, real=0.04 secs] 
2021-01-22T19:42:21.628-0800: 204.115: [Full GC (Allocation Failure) 2021-01-22T19:42:21.628-0800: 204.115: [Tenured: 349564K->349290K(349568K), 0.0422607 secs] 506744K->387986K(506816K), [Metaspace: 2698K->2698K(1056768K)], 0.0423593 secs] [Times: user=0.04 sys=0.01, real=0.05 secs] 
2021-01-22T19:42:21.689-0800: 204.176: [Full GC (Allocation Failure) 2021-01-22T19:42:21.689-0800: 204.176: [Tenured: 349434K->349534K(349568K), 0.0466273 secs] 506664K->389831K(506816K), [Metaspace: 2698K->2698K(1056768K)], 0.0469359 secs] [Times: user=0.04 sys=0.00, real=0.05 secs] 
2021-01-22T19:42:21.751-0800: 204.239: [Full GC (Allocation Failure) 2021-01-22T19:42:21.751-0800: 204.239: [Tenured: 349534K->349324K(349568K), 0.0572614 secs] 506541K->371046K(506816K), [Metaspace: 2698K->2698K(1056768K)], 0.0573723 secs] [Times: user=0.05 sys=0.00, real=0.05 secs] 
2021-01-22T19:42:21.830-0800: 204.318: [Full GC (Allocation Failure) 2021-01-22T19:42:21.830-0800: 204.318: [Tenured: 349324K->349099K(349568K), 0.0314567 secs] 506541K->391788K(506816K), [Metaspace: 2698K->2698K(1056768K)], 0.0315675 secs] [Times: user=0.04 sys=0.00, real=0.03 secs] 
2021-01-22T19:42:21.879-0800: 204.366: [Full GC (Allocation Failure) 2021-01-22T19:42:21.879-0800: 204.366: [Tenured: 349099K->349565K(349568K), 0.0494639 secs] 505787K->394912K(506816K), [Metaspace: 2698K->2698K(1056768K)], 0.0495631 secs] [Times: user=0.05 sys=0.00, real=0.05 secs] 
2021-01-22T19:42:21.943-0800: 204.430: [Full GC (Allocation Failure) 2021-01-22T19:42:21.943-0800: 204.430: [Tenured: 349565K->349336K(349568K), 0.0526493 secs] 506799K->398817K(506816K), [Metaspace: 2698K->2698K(1056768K)], 0.0527768 secs] [Times: user=0.05 sys=0.00, real=0.05 secs] 
2021-01-22T19:42:22.011-0800: 204.498: [Full GC (Allocation Failure) 2021-01-22T19:42:22.011-0800: 204.498: [Tenured: 349336K->349520K(349568K), 0.0530935 secs] 505940K->381622K(506816K), [Metaspace: 2698K->2698K(1056768K)], 0.0531935 secs] [Times: user=0.05 sys=0.00, real=0.05 secs] 
2021-01-22T19:42:22.082-0800: 204.569: [Full GC (Allocation Failure) 2021-01-22T19:42:22.082-0800: 204.569: [Tenured: 349520K->349098K(349568K), 0.0366058 secs] 506734K->394706K(506816K), [Metaspace: 2698K->2698K(1056768K)], 0.0393442 secs] [Times: user=0.03 sys=0.00, real=0.04 secs] 
2021-01-22T19:42:22.149-0800: 204.637: [Full GC (Allocation Failure) 2021-01-22T19:42:22.150-0800: 204.637: [Tenured: 349498K->349334K(349568K), 0.0540675 secs] 506733K->394866K(506816K), [Metaspace: 2698K->2698K(1056768K)], 0.0541736 secs] [Times: user=0.05 sys=0.00, real=0.06 secs] 
2021-01-22T19:42:22.233-0800: 204.720: [Full GC (Allocation Failure) 2021-01-22T19:42:22.233-0800: 204.720: [Tenured: 349444K->349497K(349568K), 0.0531472 secs] 506675K->399041K(506816K), [Metaspace: 2698K->2698K(1056768K)], 0.0536353 secs] [Times: user=0.05 sys=0.00, real=0.05 secs] 
2021-01-22T19:42:22.308-0800: 204.795: [Full GC (Allocation Failure) 2021-01-22T19:42:22.308-0800: 204.795: [Tenured: 349497K->349503K(349568K), 0.0551943 secs] 506673K->376230K(506816K), [Metaspace: 2698K->2698K(1056768K)], 0.0552956 secs] [Times: user=0.05 sys=0.00, real=0.06 secs] 
2021-01-22T19:42:22.387-0800: 204.875: [Full GC (Allocation Failure) 2021-01-22T19:42:22.387-0800: 204.875: [Tenured: 349503K->349167K(349568K), 0.0336851 secs] 506587K->394498K(506816K), [Metaspace: 2698K->2698K(1056768K)], 0.0338513 secs] [Times: user=0.04 sys=0.00, real=0.04 secs] 
2021-01-22T19:42:22.438-0800: 204.925: [Full GC (Allocation Failure) 2021-01-22T19:42:22.438-0800: 204.925: [Tenured: 349167K->349553K(349568K), 0.0445892 secs] 506224K->392520K(506816K), [Metaspace: 2698K->2698K(1056768K)], 0.0447580 secs] [Times: user=0.04 sys=0.00, real=0.05 secs] 
2021-01-22T19:42:22.499-0800: 204.986: [Full GC (Allocation Failure) 2021-01-22T19:42:22.499-0800: 204.986: [Tenured: 349553K->349492K(349568K), 0.0484215 secs] 506166K->392536K(506816K), [Metaspace: 2698K->2698K(1056768K)], 0.0485556 secs] [Times: user=0.04 sys=0.00, real=0.05 secs] 
2021-01-22T19:42:22.564-0800: 205.051: [Full GC (Allocation Failure) 2021-01-22T19:42:22.564-0800: 205.051: [Tenured: 349564K->349407K(349568K), 0.0579742 secs] 506791K->378704K(506816K), [Metaspace: 2698K->2698K(1056768K)], 0.0580730 secs] [Times: user=0.06 sys=0.00, real=0.06 secs] 
2021-01-22T19:42:22.641-0800: 205.128: [Full GC (Allocation Failure) 2021-01-22T19:42:22.641-0800: 205.128: [Tenured: 349407K->349384K(349568K), 0.0353293 secs] 506599K->391466K(506816K), [Metaspace: 2698K->2698K(1056768K)], 0.0354570 secs] [Times: user=0.03 sys=0.00, real=0.03 secs] 
2021-01-22T19:42:22.691-0800: 205.178: [Full GC (Allocation Failure) 2021-01-22T19:42:22.691-0800: 205.178: [Tenured: 349384K->349421K(349568K), 0.0477531 secs] 506523K->393044K(506816K), [Metaspace: 2698K->2698K(1056768K)], 0.0478499 secs] [Times: user=0.05 sys=0.00, real=0.04 secs] 
2021-01-22T19:42:22.752-0800: 205.239: [Full GC (Allocation Failure) 2021-01-22T19:42:22.752-0800: 205.239: [Tenured: 349492K->349508K(349568K), 0.0477377 secs] 506683K->404648K(506816K), [Metaspace: 2698K->2698K(1056768K)], 0.0478339 secs] [Times: user=0.05 sys=0.00, real=0.05 secs] 
2021-01-22T19:42:22.815-0800: 205.302: [Full GC (Allocation Failure) 2021-01-22T19:42:22.815-0800: 205.302: [Tenured: 349508K->349557K(349568K), 0.0564484 secs] 506596K->389257K(506816K), [Metaspace: 2698K->2698K(1056768K)], 0.0565648 secs] [Times: user=0.05 sys=0.00, real=0.06 secs] 
2021-01-22T19:42:22.889-0800: 205.377: [Full GC (Allocation Failure) 2021-01-22T19:42:22.889-0800: 205.377: [Tenured: 349557K->349535K(349568K), 0.0260838 secs] 506718K->403488K(506816K), [Metaspace: 2698K->2698K(1056768K)], 0.0261835 secs] [Times: user=0.02 sys=0.00, real=0.03 secs] 
2021-01-22T19:42:22.931-0800: 205.419: [Full GC (Allocation Failure) 2021-01-22T19:42:22.932-0800: 205.419: [Tenured: 349535K->349496K(349568K), 0.0424331 secs] 506479K->403654K(506816K), [Metaspace: 2698K->2698K(1056768K)], 0.0425513 secs] [Times: user=0.04 sys=0.00, real=0.04 secs] 
2021-01-22T19:42:22.990-0800: 205.477: [Full GC (Allocation Failure) 2021-01-22T19:42:22.990-0800: 205.477: [Tenured: 349496K->349365K(349568K), 0.0497370 secs] 506654K->400569K(506816K), [Metaspace: 2698K->2698K(1056768K)], 0.0498356 secs] [Times: user=0.04 sys=0.00, real=0.05 secs] 
2021-01-22T19:42:23.052-0800: 205.540: [Full GC (Allocation Failure) 2021-01-22T19:42:23.052-0800: 205.540: [Tenured: 349554K->349525K(349568K), 0.0526705 secs] 506765K->378831K(506816K), [Metaspace: 2698K->2698K(1056768K)], 0.0527760 secs] [Times: user=0.05 sys=0.00, real=0.05 secs] 
2021-01-22T19:42:23.124-0800: 205.611: [Full GC (Allocation Failure) 2021-01-22T19:42:23.124-0800: 205.611: [Tenured: 349525K->349383K(349568K), 0.0352321 secs] 506763K->398436K(506816K), [Metaspace: 2698K->2698K(1056768K)], 0.0353286 secs] [Times: user=0.03 sys=0.01, real=0.03 secs] 
2021-01-22T19:42:23.172-0800: 205.660: [Full GC (Allocation Failure) 2021-01-22T19:42:23.172-0800: 205.660: [Tenured: 349383K->349541K(349568K), 0.0426947 secs] 506365K->398580K(506816K), [Metaspace: 2698K->2698K(1056768K)], 0.0428538 secs] [Times: user=0.04 sys=0.00, real=0.04 secs] 
2021-01-22T19:42:23.231-0800: 205.718: [Full GC (Allocation Failure) 2021-01-22T19:42:23.231-0800: 205.718: [Tenured: 349541K->348915K(349568K), 0.0457314 secs] 506758K->398909K(506816K), [Metaspace: 2698K->2698K(1056768K)], 0.0458960 secs] [Times: user=0.04 sys=0.00, real=0.04 secs] 
2021-01-22T19:42:23.293-0800: 205.780: [Full GC (Allocation Failure) 2021-01-22T19:42:23.293-0800: 205.780: [Tenured: 349132K->349556K(349568K), 0.0527379 secs] 506372K->382079K(506816K), [Metaspace: 2698K->2698K(1056768K)], 0.0528518 secs] [Times: user=0.05 sys=0.00, real=0.05 secs] 
2021-01-22T19:42:23.366-0800: 205.853: [Full GC (Allocation Failure) 2021-01-22T19:42:23.366-0800: 205.853: [Tenured: 349556K->349095K(349568K), 0.0398324 secs] 506162K->396921K(506816K), [Metaspace: 2698K->2698K(1056768K)], 0.0399333 secs] [Times: user=0.04 sys=0.00, real=0.04 secs] 
2021-01-22T19:42:23.418-0800: 205.906: [Full GC (Allocation Failure) 2021-01-22T19:42:23.418-0800: 205.906: [Tenured: 349095K->349283K(349568K), 0.0429295 secs] 505826K->398898K(506816K), [Metaspace: 2698K->2698K(1056768K)], 0.0430333 secs] [Times: user=0.04 sys=0.00, real=0.05 secs] 
2021-01-22T19:42:23.477-0800: 205.964: [Full GC (Allocation Failure) 2021-01-22T19:42:23.477-0800: 205.964: [Tenured: 349545K->349440K(349568K), 0.0499773 secs] 506735K->400779K(506816K), [Metaspace: 2698K->2698K(1056768K)], 0.0500857 secs] [Times: user=0.05 sys=0.00, real=0.05 secs] 
2021-01-22T19:42:23.540-0800: 206.027: [Full GC (Allocation Failure) 2021-01-22T19:42:23.540-0800: 206.027: [Tenured: 349440K->349364K(349568K), 0.0562668 secs] 506623K->382318K(506816K), [Metaspace: 2698K->2698K(1056768K)], 0.0563658 secs] [Times: user=0.06 sys=0.00, real=0.05 secs] 
2021-01-22T19:42:23.612-0800: 206.099: [Full GC (Allocation Failure) 2021-01-22T19:42:23.612-0800: 206.099: [Tenured: 349544K->349393K(349568K), 0.0361247 secs] 506772K->402733K(506816K), [Metaspace: 2698K->2698K(1056768K)], 0.0362260 secs] [Times: user=0.04 sys=0.00, real=0.03 secs] 
2021-01-22T19:42:23.664-0800: 206.152: [Full GC (Allocation Failure) 2021-01-22T19:42:23.664-0800: 206.152: [Tenured: 349393K->349486K(349568K), 0.0439901 secs] 506266K->395682K(506816K), [Metaspace: 2698K->2698K(1056768K)], 0.0440890 secs] [Times: user=0.04 sys=0.00, real=0.04 secs] 
2021-01-22T19:42:23.725-0800: 206.212: [Full GC (Allocation Failure) 2021-01-22T19:42:23.725-0800: 206.212: [Tenured: 349486K->349309K(349568K), 0.0470289 secs] 506520K->393463K(506816K), [Metaspace: 2698K->2698K(1056768K)], 0.0471324 secs] [Times: user=0.05 sys=0.00, real=0.05 secs] 
2021-01-22T19:42:23.791-0800: 206.278: [Full GC (Allocation Failure) 2021-01-22T19:42:23.791-0800: 206.278: [Tenured: 349309K->349519K(349568K), 0.0555891 secs] 506440K->375674K(506816K), [Metaspace: 2698K->2698K(1056768K)], 0.0557021 secs] [Times: user=0.06 sys=0.00, real=0.05 secs] 
2021-01-22T19:42:23.862-0800: 206.349: [Full GC (Allocation Failure) 2021-01-22T19:42:23.862-0800: 206.349: [Tenured: 349555K->349508K(349568K), 0.0355182 secs] 506773K->396160K(506816K), [Metaspace: 2698K->2698K(1056768K)], 0.0356205 secs] [Times: user=0.04 sys=0.00, real=0.03 secs] 
2021-01-22T19:42:23.914-0800: 206.402: [Full GC (Allocation Failure) 2021-01-22T19:42:23.914-0800: 206.402: [Tenured: 349556K->349554K(349568K), 0.0411799 secs] 506774K->396580K(506816K), [Metaspace: 2698K->2698K(1056768K)], 0.0412806 secs] [Times: user=0.04 sys=0.01, real=0.04 secs] 
2021-01-22T19:42:23.972-0800: 206.460: [Full GC (Allocation Failure) 2021-01-22T19:42:23.972-0800: 206.460: [Tenured: 349554K->349445K(349568K), 0.0473178 secs] 506780K->390746K(506816K), [Metaspace: 2698K->2698K(1056768K)], 0.0475353 secs] [Times: user=0.05 sys=0.00, real=0.05 secs] 
2021-01-22T19:42:24.034-0800: 206.522: [Full GC (Allocation Failure) 2021-01-22T19:42:24.034-0800: 206.522: [Tenured: 349445K->349407K(349568K), 0.0552372 secs] 506619K->378988K(506816K), [Metaspace: 2698K->2698K(1056768K)], 0.0553907 secs] [Times: user=0.05 sys=0.00, real=0.06 secs] 
2021-01-22T19:42:24.111-0800: 206.598: [Full GC (Allocation Failure) 2021-01-22T19:42:24.111-0800: 206.598: [Tenured: 349550K->349228K(349568K), 0.0346054 secs] 506798K->395805K(506816K), [Metaspace: 2698K->2698K(1056768K)], 0.0347064 secs] [Times: user=0.04 sys=0.00, real=0.03 secs] 
2021-01-22T19:42:24.159-0800: 206.646: [Full GC (Allocation Failure) 2021-01-22T19:42:24.159-0800: 206.646: [Tenured: 349558K->349503K(349568K), 0.0433398 secs] 506803K->391209K(506816K), [Metaspace: 2698K->2698K(1056768K)], 0.0434383 secs] [Times: user=0.04 sys=0.00, real=0.05 secs] 
2021-01-22T19:42:24.221-0800: 206.708: [Full GC (Allocation Failure) 2021-01-22T19:42:24.221-0800: 206.709: [Tenured: 349503K->349455K(349568K), 0.0459252 secs] 506695K->391408K(506816K), [Metaspace: 2698K->2698K(1056768K)], 0.0460273 secs] [Times: user=0.04 sys=0.00, real=0.04 secs] 
2021-01-22T19:42:24.283-0800: 206.770: [Full GC (Allocation Failure) 2021-01-22T19:42:24.283-0800: 206.770: [Tenured: 349455K->349342K(349568K), 0.0558219 secs] 506518K->376996K(506816K), [Metaspace: 2698K->2698K(1056768K)], 0.0559201 secs] [Times: user=0.05 sys=0.00, real=0.05 secs] 
2021-01-22T19:42:24.359-0800: 206.846: [Full GC (Allocation Failure) 2021-01-22T19:42:24.359-0800: 206.846: [Tenured: 349342K->349531K(349568K), 0.0331297 secs] 506190K->391251K(506816K), [Metaspace: 2698K->2698K(1056768K)], 0.0332312 secs] [Times: user=0.04 sys=0.00, real=0.04 secs] 
2021-01-22T19:42:24.407-0800: 206.895: [Full GC (Allocation Failure) 2021-01-22T19:42:24.407-0800: 206.895: [Tenured: 349531K->349549K(349568K), 0.0416085 secs] 506239K->389089K(506816K), [Metaspace: 2698K->2698K(1056768K)], 0.0417523 secs] [Times: user=0.04 sys=0.00, real=0.04 secs] 
2021-01-22T19:42:24.466-0800: 206.953: [Full GC (Allocation Failure) 2021-01-22T19:42:24.466-0800: 206.953: [Tenured: 349549K->349475K(349568K), 0.0441709 secs] 506681K->384400K(506816K), [Metaspace: 2698K->2698K(1056768K)], 0.0442913 secs] [Times: user=0.04 sys=0.00, real=0.05 secs] 
2021-01-22T19:42:24.529-0800: 207.017: [Full GC (Allocation Failure) 2021-01-22T19:42:24.529-0800: 207.017: [Tenured: 349475K->349518K(349568K), 0.0537619 secs] 506440K->360842K(506816K), [Metaspace: 2698K->2698K(1056768K)], 0.0538604 secs] [Times: user=0.05 sys=0.00, real=0.06 secs] 
2021-01-22T19:42:24.604-0800: 207.091: [Full GC (Allocation Failure) 2021-01-22T19:42:24.604-0800: 207.091: [Tenured: 349518K->349474K(349568K), 0.0354410 secs] 506754K->378392K(506816K), [Metaspace: 2698K->2698K(1056768K)], 0.0355382 secs] [Times: user=0.04 sys=0.00, real=0.03 secs] 
2021-01-22T19:42:24.660-0800: 207.147: [Full GC (Allocation Failure) 2021-01-22T19:42:24.660-0800: 207.148: [Tenured: 349474K->349438K(349568K), 0.0423923 secs] 506659K->377421K(506816K), [Metaspace: 2698K->2698K(1056768K)], 0.0424988 secs] [Times: user=0.04 sys=0.01, real=0.04 secs] 
2021-01-22T19:42:24.722-0800: 207.209: [Full GC (Allocation Failure) 2021-01-22T19:42:24.722-0800: 207.209: [Tenured: 349438K->349283K(349568K), 0.0450028 secs] 506593K->375550K(506816K), [Metaspace: 2698K->2698K(1056768K)], 0.0450984 secs] [Times: user=0.04 sys=0.00, real=0.04 secs] 
2021-01-22T19:42:24.785-0800: 207.272: [Full GC (Allocation Failure) 2021-01-22T19:42:24.785-0800: 207.272: [Tenured: 349283K->349515K(349568K), 0.0551946 secs] 506443K->358052K(506816K), [Metaspace: 2698K->2698K(1056768K)], 0.0553282 secs] [Times: user=0.05 sys=0.00, real=0.06 secs] 
2021-01-22T19:42:24.858-0800: 207.345: [Full GC (Allocation Failure) 2021-01-22T19:42:24.858-0800: 207.345: [Tenured: 349515K->349318K(349568K), 0.0321808 secs] 506598K->371909K(506816K), [Metaspace: 2698K->2698K(1056768K)], 0.0322819 secs] [Times: user=0.03 sys=0.00, real=0.04 secs] 
2021-01-22T19:42:24.910-0800: 207.397: [Full GC (Allocation Failure) 2021-01-22T19:42:24.910-0800: 207.398: [Tenured: 349318K->349449K(349568K), 0.0417380 secs] 506538K->371355K(506816K), [Metaspace: 2698K->2698K(1056768K)], 0.0418368 secs] [Times: user=0.04 sys=0.00, real=0.04 secs] 
2021-01-22T19:42:24.972-0800: 207.460: [Full GC (Allocation Failure) 2021-01-22T19:42:24.972-0800: 207.460: [Tenured: 349449K->349531K(349568K), 0.0446254 secs] 506406K->372845K(506816K), [Metaspace: 2698K->2698K(1056768K)], 0.0447236 secs] [Times: user=0.04 sys=0.00, real=0.04 secs] 
2021-01-22T19:42:25.036-0800: 207.523: [Full GC (Allocation Failure) 2021-01-22T19:42:25.036-0800: 207.523: [Tenured: 349531K->349503K(349568K), 0.0497825 secs] 506528K->353615K(506816K), [Metaspace: 2698K->2698K(1056768K)], 0.0499068 secs] [Times: user=0.05 sys=0.00, real=0.05 secs] 
2021-01-22T19:42:25.107-0800: 207.595: [Full GC (Allocation Failure) 2021-01-22T19:42:25.108-0800: 207.595: [Tenured: 349503K->349509K(349568K), 0.0355678 secs] 506572K->379560K(506816K), [Metaspace: 2698K->2698K(1056768K)], 0.0356673 secs] [Times: user=0.03 sys=0.00, real=0.04 secs] 
2021-01-22T19:42:25.162-0800: 207.650: [Full GC (Allocation Failure) 2021-01-22T19:42:25.162-0800: 207.650: [Tenured: 349509K->349454K(349568K), 0.0457648 secs] 506606K->376062K(506816K), [Metaspace: 2698K->2698K(1056768K)], 0.0458663 secs] [Times: user=0.05 sys=0.00, real=0.04 secs] 
2021-01-22T19:42:25.223-0800: 207.711: [Full GC (Allocation Failure) 2021-01-22T19:42:25.223-0800: 207.711: [Tenured: 349526K->349527K(349568K), 0.0512412 secs] 506709K->374313K(506816K), [Metaspace: 2698K->2698K(1056768K)], 0.0513523 secs] [Times: user=0.05 sys=0.00, real=0.05 secs] 
2021-01-22T19:42:25.291-0800: 207.778: [Full GC (Allocation Failure) 2021-01-22T19:42:25.291-0800: 207.778: [Tenured: 349527K->349539K(349568K), 0.0543772 secs] 506588K->360546K(506816K), [Metaspace: 2698K->2698K(1056768K)], 0.0544749 secs] [Times: user=0.06 sys=0.00, real=0.05 secs] 
2021-01-22T19:42:25.365-0800: 207.853: [Full GC (Allocation Failure) 2021-01-22T19:42:25.365-0800: 207.853: [Tenured: 349539K->349234K(349568K), 0.0361401 secs] 506676K->375358K(506816K), [Metaspace: 2698K->2698K(1056768K)], 0.0362390 secs] [Times: user=0.03 sys=0.01, real=0.04 secs] 
2021-01-22T19:42:25.417-0800: 207.904: [Full GC (Allocation Failure) 2021-01-22T19:42:25.417-0800: 207.904: [Tenured: 349486K->349515K(349568K), 0.0476115 secs] 506706K->381954K(506816K), [Metaspace: 2698K->2698K(1056768K)], 0.0477611 secs] [Times: user=0.04 sys=0.00, real=0.05 secs] 
2021-01-22T19:42:25.479-0800: 207.966: [Full GC (Allocation Failure) 2021-01-22T19:42:25.479-0800: 207.966: [Tenured: 349515K->349522K(349568K), 0.0509760 secs] 506635K->387314K(506816K), [Metaspace: 2698K->2698K(1056768K)], 0.0511021 secs] [Times: user=0.05 sys=0.00, real=0.06 secs] 
2021-01-22T19:42:25.548-0800: 208.035: [Full GC (Allocation Failure) 2021-01-22T19:42:25.548-0800: 208.035: [Tenured: 349522K->349072K(349568K), 0.0529243 secs] 506756K->372652K(506816K), [Metaspace: 2698K->2698K(1056768K)], 0.0530268 secs] [Times: user=0.05 sys=0.00, real=0.06 secs] 
2021-01-22T19:42:25.619-0800: 208.107: [Full GC (Allocation Failure) 2021-01-22T19:42:25.619-0800: 208.107: [Tenured: 349329K->349099K(349568K), 0.0341686 secs] 506571K->390664K(506816K), [Metaspace: 2698K->2698K(1056768K)], 0.0343364 secs] [Times: user=0.03 sys=0.00, real=0.04 secs] 
2021-01-22T19:42:25.668-0800: 208.155: [Full GC (Allocation Failure) 2021-01-22T19:42:25.668-0800: 208.155: [Tenured: 349557K->349566K(349568K), 0.0455485 secs] 506804K->393851K(506816K), [Metaspace: 2698K->2698K(1056768K)], 0.0456526 secs] [Times: user=0.04 sys=0.00, real=0.05 secs] 
2021-01-22T19:42:25.730-0800: 208.217: [Full GC (Allocation Failure) 2021-01-22T19:42:25.730-0800: 208.217: [Tenured: 349566K->349233K(349568K), 0.0465751 secs] 506791K->394032K(506816K), [Metaspace: 2698K->2698K(1056768K)], 0.0466818 secs] [Times: user=0.04 sys=0.00, real=0.04 secs] 
2021-01-22T19:42:25.797-0800: 208.285: [Full GC (Allocation Failure) 2021-01-22T19:42:25.797-0800: 208.285: [Tenured: 349353K->349365K(349568K), 0.0533982 secs] 506489K->377354K(506816K), [Metaspace: 2698K->2698K(1056768K)], 0.0534969 secs] [Times: user=0.05 sys=0.00, real=0.06 secs] 
2021-01-22T19:42:25.871-0800: 208.359: [Full GC (Allocation Failure) 2021-01-22T19:42:25.871-0800: 208.359: [Tenured: 349494K->349051K(349568K), 0.0418717 secs] 506674K->391199K(506816K), [Metaspace: 2698K->2698K(1056768K)], 0.0420509 secs] [Times: user=0.04 sys=0.00, real=0.04 secs] 
2021-01-22T19:42:25.928-0800: 208.415: [Full GC (Allocation Failure) 2021-01-22T19:42:25.928-0800: 208.415: [Tenured: 349393K->349171K(349568K), 0.0442480 secs] 506628K->396002K(506816K), [Metaspace: 2698K->2698K(1056768K)], 0.0443514 secs] [Times: user=0.05 sys=0.00, real=0.05 secs] 
2021-01-22T19:42:25.989-0800: 208.476: [Full GC (Allocation Failure) 2021-01-22T19:42:25.989-0800: 208.476: [Tenured: 349567K->349497K(349568K), 0.0493671 secs] 506732K->398882K(506816K), [Metaspace: 2698K->2698K(1056768K)], 0.0494740 secs] [Times: user=0.05 sys=0.00, real=0.05 secs] 
2021-01-22T19:42:26.055-0800: 208.543: [Full GC (Allocation Failure) 2021-01-22T19:42:26.055-0800: 208.543: [Tenured: 349497K->349441K(349568K), 0.0523452 secs] 506460K->375911K(506816K), [Metaspace: 2698K->2698K(1056768K)], 0.0524409 secs] [Times: user=0.05 sys=0.01, real=0.05 secs] 
2021-01-22T19:42:26.126-0800: 208.613: [Full GC (Allocation Failure) 2021-01-22T19:42:26.126-0800: 208.613: [Tenured: 349441K->349150K(349568K), 0.0304359 secs] 506574K->394026K(506816K), [Metaspace: 2698K->2698K(1056768K)], 0.0305415 secs] [Times: user=0.03 sys=0.00, real=0.03 secs] 
2021-01-22T19:42:26.174-0800: 208.661: [Full GC (Allocation Failure) 2021-01-22T19:42:26.174-0800: 208.661: [Tenured: 349471K->348983K(349568K), 0.0466965 secs] 506656K->392356K(506816K), [Metaspace: 2698K->2698K(1056768K)], 0.0469162 secs] [Times: user=0.05 sys=0.00, real=0.05 secs] 
2021-01-22T19:42:26.236-0800: 208.723: [Full GC (Allocation Failure) 2021-01-22T19:42:26.236-0800: 208.723: [Tenured: 349267K->349382K(349568K), 0.0498668 secs] 506475K->390947K(506816K), [Metaspace: 2698K->2698K(1056768K)], 0.0499674 secs] [Times: user=0.05 sys=0.00, real=0.05 secs] 
2021-01-22T19:42:26.301-0800: 208.789: [Full GC (Allocation Failure) 2021-01-22T19:42:26.302-0800: 208.789: [Tenured: 349490K->349061K(349568K), 0.0562326 secs] 506721K->375906K(506816K), [Metaspace: 2698K->2698K(1056768K)], 0.0564449 secs] [Times: user=0.05 sys=0.00, real=0.05 secs] 
2021-01-22T19:42:26.377-0800: 208.864: [Full GC (Allocation Failure) 2021-01-22T19:42:26.377-0800: 208.864: [Tenured: 349482K->349464K(349568K), 0.0356038 secs] 506728K->391727K(506816K), [Metaspace: 2698K->2698K(1056768K)], 0.0357122 secs] [Times: user=0.03 sys=0.00, real=0.04 secs] 
2021-01-22T19:42:26.426-0800: 208.914: [Full GC (Allocation Failure) 2021-01-22T19:42:26.426-0800: 208.914: [Tenured: 349464K->348815K(349568K), 0.0475072 secs] 506672K->396148K(506816K), [Metaspace: 2698K->2698K(1056768K)], 0.0476078 secs] [Times: user=0.04 sys=0.00, real=0.05 secs] 
2021-01-22T19:42:26.490-0800: 208.978: [Full GC (Allocation Failure) 2021-01-22T19:42:26.490-0800: 208.978: [Tenured: 349348K->349519K(349568K), 0.0482807 secs] 506573K->399478K(506816K), [Metaspace: 2698K->2698K(1056768K)], 0.0483812 secs] [Times: user=0.05 sys=0.00, real=0.04 secs] 
2021-01-22T19:42:26.555-0800: 209.043: [Full GC (Allocation Failure) 2021-01-22T19:42:26.555-0800: 209.043: [Tenured: 349519K->349533K(349568K), 0.0521990 secs] 506706K->375199K(506816K), [Metaspace: 2698K->2698K(1056768K)], 0.0523105 secs] [Times: user=0.05 sys=0.00, real=0.05 secs] 
2021-01-22T19:42:26.627-0800: 209.114: [Full GC (Allocation Failure) 2021-01-22T19:42:26.627-0800: 209.114: [Tenured: 349533K->349551K(349568K), 0.0370050 secs] 506421K->389719K(506816K), [Metaspace: 2698K->2698K(1056768K)], 0.0371197 secs] [Times: user=0.04 sys=0.00, real=0.04 secs] 
2021-01-22T19:42:26.682-0800: 209.170: [Full GC (Allocation Failure) 2021-01-22T19:42:26.682-0800: 209.170: [Tenured: 349551K->349301K(349568K), 0.0437053 secs] 506417K->388739K(506816K), [Metaspace: 2698K->2698K(1056768K)], 0.0438064 secs] [Times: user=0.04 sys=0.00, real=0.04 secs] 
2021-01-22T19:42:26.742-0800: 209.230: [Full GC (Allocation Failure) 2021-01-22T19:42:26.743-0800: 209.230: [Tenured: 349517K->349469K(349568K), 0.0476643 secs] 506747K->393233K(506816K), [Metaspace: 2698K->2698K(1056768K)], 0.0477744 secs] [Times: user=0.05 sys=0.00, real=0.05 secs] 
2021-01-22T19:42:26.808-0800: 209.295: [Full GC (Allocation Failure) 2021-01-22T19:42:26.808-0800: 209.295: [Tenured: 349469K->349549K(349568K), 0.0557429 secs] 506708K->375442K(506816K), [Metaspace: 2698K->2698K(1056768K)], 0.0558617 secs] [Times: user=0.05 sys=0.01, real=0.06 secs] 
2021-01-22T19:42:26.880-0800: 209.367: [Full GC (Allocation Failure) 2021-01-22T19:42:26.880-0800: 209.367: [Tenured: 349549K->349274K(349568K), 0.0350701 secs] 506423K->396123K(506816K), [Metaspace: 2698K->2698K(1056768K)], 0.0351810 secs] [Times: user=0.03 sys=0.00, real=0.03 secs] 
2021-01-22T19:42:26.931-0800: 209.419: [Full GC (Allocation Failure) 2021-01-22T19:42:26.931-0800: 209.419: [Tenured: 349455K->348919K(349568K), 0.0459114 secs] 506618K->392747K(506816K), [Metaspace: 2698K->2698K(1056768K)], 0.0460118 secs] [Times: user=0.04 sys=0.00, real=0.04 secs] 
2021-01-22T19:42:26.992-0800: 209.479: [Full GC (Allocation Failure) 2021-01-22T19:42:26.992-0800: 209.479: [Tenured: 349291K->349488K(349568K), 0.0444062 secs] 506474K->389909K(506816K), [Metaspace: 2698K->2698K(1056768K)], 0.0445114 secs] [Times: user=0.04 sys=0.00, real=0.04 secs] 
2021-01-22T19:42:27.055-0800: 209.542: [Full GC (Allocation Failure) 2021-01-22T19:42:27.055-0800: 209.542: [Tenured: 349488K->349539K(349568K), 0.0545846 secs] 506210K->370621K(506816K), [Metaspace: 2698K->2698K(1056768K)], 0.0546806 secs] [Times: user=0.05 sys=0.00, real=0.06 secs] 
2021-01-22T19:42:27.130-0800: 209.618: [Full GC (Allocation Failure) 2021-01-22T19:42:27.130-0800: 209.618: [Tenured: 349539K->349539K(349568K), 0.0334130 secs] 506754K->388548K(506816K), [Metaspace: 2698K->2698K(1056768K)], 0.0335212 secs] [Times: user=0.03 sys=0.00, real=0.03 secs] 
2021-01-22T19:42:27.178-0800: 209.665: [Full GC (Allocation Failure) 2021-01-22T19:42:27.178-0800: 209.665: [Tenured: 349539K->349376K(349568K), 0.0449606 secs] 506734K->393935K(506816K), [Metaspace: 2698K->2698K(1056768K)], 0.0450818 secs] [Times: user=0.04 sys=0.00, real=0.05 secs] 
2021-01-22T19:42:27.237-0800: 209.725: [Full GC (Allocation Failure) 2021-01-22T19:42:27.237-0800: 209.725: [Tenured: 349376K->349518K(349568K), 0.0455062 secs] 506596K->401789K(506816K), [Metaspace: 2698K->2698K(1056768K)], 0.0456208 secs] [Times: user=0.05 sys=0.00, real=0.05 secs] 
2021-01-22T19:42:27.300-0800: 209.787: [Full GC (Allocation Failure) 2021-01-22T19:42:27.300-0800: 209.787: [Tenured: 349518K->349512K(349568K), 0.0559002 secs] 506645K->384651K(506816K), [Metaspace: 2698K->2698K(1056768K)], 0.0560167 secs] [Times: user=0.05 sys=0.00, real=0.05 secs] 
2021-01-22T19:42:27.374-0800: 209.862: [Full GC (Allocation Failure) 2021-01-22T19:42:27.374-0800: 209.862: [Tenured: 349512K->349567K(349568K), 0.0383075 secs] 506437K->398785K(506816K), [Metaspace: 2698K->2698K(1056768K)], 0.0384959 secs] [Times: user=0.04 sys=0.00, real=0.04 secs] 
2021-01-22T19:42:27.426-0800: 209.914: [Full GC (Allocation Failure) 2021-01-22T19:42:27.426-0800: 209.914: [Tenured: 349567K->349553K(349568K), 0.0475597 secs] 506633K->388023K(506816K), [Metaspace: 2698K->2698K(1056768K)], 0.0476611 secs] [Times: user=0.04 sys=0.00, real=0.05 secs] 
2021-01-22T19:42:27.491-0800: 209.978: [Full GC (Allocation Failure) 2021-01-22T19:42:27.491-0800: 209.978: [Tenured: 349553K->349309K(349568K), 0.0472754 secs] 506705K->392276K(506816K), [Metaspace: 2698K->2698K(1056768K)], 0.0473918 secs] [Times: user=0.05 sys=0.00, real=0.04 secs] 
2021-01-22T19:42:27.556-0800: 210.043: [Full GC (Allocation Failure) 2021-01-22T19:42:27.556-0800: 210.043: [Tenured: 349309K->349567K(349568K), 0.0525695 secs] 506523K->374103K(506816K), [Metaspace: 2698K->2698K(1056768K)], 0.0526760 secs] [Times: user=0.05 sys=0.01, real=0.05 secs] 
2021-01-22T19:42:27.628-0800: 210.116: [Full GC (Allocation Failure) 2021-01-22T19:42:27.628-0800: 210.116: [Tenured: 349567K->349304K(349568K), 0.0330922 secs] 506627K->392705K(506816K), [Metaspace: 2698K->2698K(1056768K)], 0.0332335 secs] [Times: user=0.03 sys=0.00, real=0.04 secs] 
2021-01-22T19:42:27.679-0800: 210.166: [Full GC (Allocation Failure) 2021-01-22T19:42:27.679-0800: 210.166: [Tenured: 349304K->349497K(349568K), 0.0395155 secs] 506356K->395324K(506816K), [Metaspace: 2698K->2698K(1056768K)], 0.0396412 secs] [Times: user=0.04 sys=0.00, real=0.04 secs] 
2021-01-22T19:42:27.736-0800: 210.223: [Full GC (Allocation Failure) 2021-01-22T19:42:27.736-0800: 210.223: [Tenured: 349497K->349550K(349568K), 0.0418182 secs] 506604K->395191K(506816K), [Metaspace: 2698K->2698K(1056768K)], 0.0420417 secs] [Times: user=0.04 sys=0.00, real=0.04 secs] 
2021-01-22T19:42:27.797-0800: 210.284: [Full GC (Allocation Failure) 2021-01-22T19:42:27.797-0800: 210.284: [Tenured: 349550K->349254K(349568K), 0.0556920 secs] 506460K->373642K(506816K), [Metaspace: 2698K->2698K(1056768K)], 0.0557989 secs] [Times: user=0.05 sys=0.00, real=0.06 secs] 
2021-01-22T19:42:27.871-0800: 210.359: [Full GC (Allocation Failure) 2021-01-22T19:42:27.871-0800: 210.359: [Tenured: 349505K->349381K(349568K), 0.0356868 secs] 506723K->394448K(506816K), [Metaspace: 2698K->2698K(1056768K)], 0.0357853 secs] [Times: user=0.03 sys=0.00, real=0.03 secs] 
2021-01-22T19:42:27.924-0800: 210.411: [Full GC (Allocation Failure) 2021-01-22T19:42:27.924-0800: 210.411: [Tenured: 349381K->349262K(349568K), 0.0425502 secs] 506572K->395076K(506816K), [Metaspace: 2698K->2698K(1056768K)], 0.0426421 secs] [Times: user=0.04 sys=0.00, real=0.04 secs] 
2021-01-22T19:42:27.981-0800: 210.469: [Full GC (Allocation Failure) 2021-01-22T19:42:27.981-0800: 210.469: [Tenured: 349478K->349553K(349568K), 0.0495346 secs] 506694K->390467K(506816K), [Metaspace: 2698K->2698K(1056768K)], 0.0496590 secs] [Times: user=0.04 sys=0.00, real=0.05 secs] 
2021-01-22T19:42:28.048-0800: 210.535: [Full GC (Allocation Failure) 2021-01-22T19:42:28.048-0800: 210.535: [Tenured: 349553K->348985K(349568K), 0.0527747 secs] 506689K->366316K(506816K), [Metaspace: 2698K->2698K(1056768K)], 0.0530210 secs] [Times: user=0.05 sys=0.00, real=0.06 secs] 
2021-01-22T19:42:28.122-0800: 210.609: [Full GC (Allocation Failure) 2021-01-22T19:42:28.122-0800: 210.610: [Tenured: 348985K->349533K(349568K), 0.0391738 secs] 505982K->385830K(506816K), [Metaspace: 2698K->2698K(1056768K)], 0.0392813 secs] [Times: user=0.03 sys=0.00, real=0.04 secs] 
2021-01-22T19:42:28.176-0800: 210.663: [Full GC (Allocation Failure) 2021-01-22T19:42:28.176-0800: 210.663: [Tenured: 349533K->349544K(349568K), 0.0503412 secs] 506609K->386054K(506816K), [Metaspace: 2698K->2698K(1056768K)], 0.0504357 secs] [Times: user=0.05 sys=0.00, real=0.05 secs] 
2021-01-22T19:42:28.240-0800: 210.728: [Full GC (Allocation Failure) 2021-01-22T19:42:28.240-0800: 210.728: [Tenured: 349562K->349477K(349568K), 0.0485182 secs] 506797K->387913K(506816K), [Metaspace: 2698K->2698K(1056768K)], 0.0486127 secs] [Times: user=0.05 sys=0.00, real=0.04 secs] 
2021-01-22T19:42:28.303-0800: 210.790: [Full GC (Allocation Failure) 2021-01-22T19:42:28.303-0800: 210.790: [Tenured: 349477K->349230K(349568K), 0.0552138 secs] 506681K->371880K(506816K), [Metaspace: 2698K->2698K(1056768K)], 0.0553291 secs] [Times: user=0.05 sys=0.00, real=0.05 secs] 
2021-01-22T19:42:28.375-0800: 210.863: [Full GC (Allocation Failure) 2021-01-22T19:42:28.375-0800: 210.863: [Tenured: 349483K->349484K(349568K), 0.0329052 secs] 506711K->390488K(506816K), [Metaspace: 2698K->2698K(1056768K)], 0.0330025 secs] [Times: user=0.03 sys=0.00, real=0.03 secs] 
2021-01-22T19:42:28.426-0800: 210.913: [Full GC (Allocation Failure) 2021-01-22T19:42:28.426-0800: 210.913: [Tenured: 349525K->349545K(349568K), 0.0455792 secs] 506753K->392576K(506816K), [Metaspace: 2698K->2698K(1056768K)], 0.0456706 secs] [Times: user=0.04 sys=0.00, real=0.05 secs] 
2021-01-22T19:42:28.486-0800: 210.973: [Full GC (Allocation Failure) 2021-01-22T19:42:28.486-0800: 210.973: [Tenured: 349545K->349524K(349568K), 0.0442983 secs] 506659K->381989K(506816K), [Metaspace: 2698K->2698K(1056768K)], 0.0443960 secs] [Times: user=0.04 sys=0.00, real=0.05 secs] 
2021-01-22T19:42:28.549-0800: 211.037: [Full GC (Allocation Failure) 2021-01-22T19:42:28.550-0800: 211.037: [Tenured: 349524K->349286K(349568K), 0.0503368 secs] 506636K->359802K(506816K), [Metaspace: 2698K->2698K(1056768K)], 0.0504295 secs] [Times: user=0.05 sys=0.00, real=0.06 secs] 
2021-01-22T19:42:28.623-0800: 211.110: [Full GC (Allocation Failure) 2021-01-22T19:42:28.623-0800: 211.110: [Tenured: 349286K->349106K(349568K), 0.0342573 secs] 505747K->382051K(506816K), [Metaspace: 2698K->2698K(1056768K)], 0.0343495 secs] [Times: user=0.03 sys=0.00, real=0.03 secs] 
2021-01-22T19:42:28.672-0800: 211.160: [Full GC (Allocation Failure) 2021-01-22T19:42:28.672-0800: 211.160: [Tenured: 349530K->348995K(349568K), 0.0432556 secs] 506776K->383753K(506816K), [Metaspace: 2698K->2698K(1056768K)], 0.0433456 secs] [Times: user=0.04 sys=0.00, real=0.04 secs] 
2021-01-22T19:42:28.732-0800: 211.220: [Full GC (Allocation Failure) 2021-01-22T19:42:28.732-0800: 211.220: [Tenured: 349437K->349452K(349568K), 0.0536522 secs] 506672K->390777K(506816K), [Metaspace: 2698K->2698K(1056768K)], 0.0537490 secs] [Times: user=0.05 sys=0.00, real=0.05 secs] 
2021-01-22T19:42:28.800-0800: 211.288: [Full GC (Allocation Failure) 2021-01-22T19:42:28.800-0800: 211.288: [Tenured: 349452K->349420K(349568K), 0.0542255 secs] 506446K->373699K(506816K), [Metaspace: 2698K->2698K(1056768K)], 0.0543492 secs] [Times: user=0.06 sys=0.00, real=0.05 secs] 
2021-01-22T19:42:28.873-0800: 211.361: [Full GC (Allocation Failure) 2021-01-22T19:42:28.873-0800: 211.361: [Tenured: 349420K->349385K(349568K), 0.0296486 secs] 506570K->392740K(506816K), [Metaspace: 2698K->2698K(1056768K)], 0.0297432 secs] [Times: user=0.03 sys=0.00, real=0.03 secs] 
2021-01-22T19:42:28.920-0800: 211.408: [Full GC (Allocation Failure) 2021-01-22T19:42:28.920-0800: 211.408: [Tenured: 349385K->349172K(349568K), 0.0415799 secs] 506355K->399037K(506816K), [Metaspace: 2698K->2698K(1056768K)], 0.0417816 secs] [Times: user=0.04 sys=0.00, real=0.04 secs] 
2021-01-22T19:42:28.978-0800: 211.466: [Full GC (Allocation Failure) 2021-01-22T19:42:28.978-0800: 211.466: [Tenured: 349411K->349163K(349568K), 0.0500105 secs] 506607K->401022K(506816K), [Metaspace: 2698K->2698K(1056768K)], 0.0501045 secs] [Times: user=0.04 sys=0.01, real=0.05 secs] 
2021-01-22T19:42:29.042-0800: 211.529: [Full GC (Allocation Failure) 2021-01-22T19:42:29.042-0800: 211.529: [Tenured: 349543K->349547K(349568K), 0.0520046 secs] 506778K->376877K(506816K), [Metaspace: 2698K->2698K(1056768K)], 0.0520993 secs] [Times: user=0.05 sys=0.00, real=0.05 secs] 
2021-01-22T19:42:29.114-0800: 211.602: [Full GC (Allocation Failure) 2021-01-22T19:42:29.114-0800: 211.602: [Tenured: 349547K->349529K(349568K), 0.0357258 secs] 506734K->393590K(506816K), [Metaspace: 2698K->2698K(1056768K)], 0.0358225 secs] [Times: user=0.03 sys=0.00, real=0.04 secs] 
2021-01-22T19:42:29.165-0800: 211.652: [Full GC (Allocation Failure) 2021-01-22T19:42:29.165-0800: 211.652: [Tenured: 349529K->349228K(349568K), 0.0449627 secs] 506211K->396046K(506816K), [Metaspace: 2698K->2698K(1056768K)], 0.0450572 secs] [Times: user=0.04 sys=0.00, real=0.05 secs] 
2021-01-22T19:42:29.223-0800: 211.711: [Full GC (Allocation Failure) 2021-01-22T19:42:29.223-0800: 211.711: [Tenured: 349228K->349563K(349568K), 0.0497298 secs] 506115K->388604K(506816K), [Metaspace: 2698K->2698K(1056768K)], 0.0498232 secs] [Times: user=0.05 sys=0.00, real=0.05 secs] 
2021-01-22T19:42:29.286-0800: 211.774: [Full GC (Allocation Failure) 2021-01-22T19:42:29.286-0800: 211.774: [Tenured: 349563K->348881K(349568K), 0.0549511 secs] 506775K->372998K(506816K), [Metaspace: 2698K->2698K(1056768K)], 0.0550414 secs] [Times: user=0.06 sys=0.00, real=0.06 secs] 
2021-01-22T19:42:29.359-0800: 211.847: [Full GC (Allocation Failure) 2021-01-22T19:42:29.359-0800: 211.847: [Tenured: 349539K->349428K(349568K), 0.0305560 secs] 506727K->395953K(506816K), [Metaspace: 2698K->2698K(1056768K)], 0.0306527 secs] [Times: user=0.03 sys=0.00, real=0.04 secs] 
2021-01-22T19:42:29.407-0800: 211.894: [Full GC (Allocation Failure) 2021-01-22T19:42:29.407-0800: 211.894: [Tenured: 349534K->349541K(349568K), 0.0431017 secs] 506748K->404890K(506816K), [Metaspace: 2698K->2698K(1056768K)], 0.0431923 secs] [Times: user=0.04 sys=0.00, real=0.05 secs] 
2021-01-22T19:42:29.462-0800: 211.949: [Full GC (Allocation Failure) 2021-01-22T19:42:29.462-0800: 211.949: [Tenured: 349541K->349550K(349568K), 0.0528400 secs] 506514K->403023K(506816K), [Metaspace: 2698K->2698K(1056768K)], 0.0529333 secs] [Times: user=0.05 sys=0.00, real=0.05 secs] 
2021-01-22T19:42:29.527-0800: 212.014: [Full GC (Allocation Failure) 2021-01-22T19:42:29.527-0800: 212.014: [Tenured: 349550K->349556K(349568K), 0.0567365 secs] 506264K->381560K(506816K), [Metaspace: 2698K->2698K(1056768K)], 0.0568374 secs] [Times: user=0.05 sys=0.00, real=0.06 secs] 
2021-01-22T19:42:29.601-0800: 212.089: [Full GC (Allocation Failure) 2021-01-22T19:42:29.602-0800: 212.089: [Tenured: 349556K->349429K(349568K), 0.0367555 secs] 506746K->394598K(506816K), [Metaspace: 2698K->2698K(1056768K)], 0.0370674 secs] [Times: user=0.04 sys=0.00, real=0.03 secs] 
2021-01-22T19:42:29.652-0800: 212.139: [Full GC (Allocation Failure) 2021-01-22T19:42:29.652-0800: 212.139: [Tenured: 349429K->349015K(349568K), 0.0464597 secs] 506165K->391526K(506816K), [Metaspace: 2698K->2698K(1056768K)], 0.0465589 secs] [Times: user=0.04 sys=0.00, real=0.04 secs] 
2021-01-22T19:42:29.712-0800: 212.200: [Full GC (Allocation Failure) 2021-01-22T19:42:29.712-0800: 212.200: [Tenured: 349276K->349498K(349568K), 0.0489484 secs] 506514K->391608K(506816K), [Metaspace: 2698K->2698K(1056768K)], 0.0490522 secs] [Times: user=0.05 sys=0.00, real=0.05 secs] 
2021-01-22T19:42:29.776-0800: 212.263: [Full GC (Allocation Failure) 2021-01-22T19:42:29.776-0800: 212.263: [Tenured: 349498K->349566K(349568K), 0.0564558 secs] 506745K->374016K(506816K), [Metaspace: 2698K->2698K(1056768K)], 0.0565672 secs] [Times: user=0.05 sys=0.01, real=0.06 secs] 
2021-01-22T19:42:29.848-0800: 212.335: [Full GC (Allocation Failure) 2021-01-22T19:42:29.848-0800: 212.335: [Tenured: 349566K->349553K(349568K), 0.0343911 secs] 506787K->385354K(506816K), [Metaspace: 2698K->2698K(1056768K)], 0.0345055 secs] [Times: user=0.03 sys=0.00, real=0.04 secs] 
2021-01-22T19:42:29.903-0800: 212.391: [Full GC (Allocation Failure) 2021-01-22T19:42:29.904-0800: 212.391: [Tenured: 349553K->349504K(349568K), 0.0424182 secs] 506711K->388693K(506816K), [Metaspace: 2698K->2698K(1056768K)], 0.0425092 secs] [Times: user=0.04 sys=0.00, real=0.04 secs] 
2021-01-22T19:42:29.961-0800: 212.449: [Full GC (Allocation Failure) 2021-01-22T19:42:29.961-0800: 212.449: [Tenured: 349504K->349543K(349568K), 0.0478585 secs] 506448K->386652K(506816K), [Metaspace: 2698K->2698K(1056768K)], 0.0479489 secs] [Times: user=0.05 sys=0.00, real=0.04 secs] 
2021-01-22T19:42:30.024-0800: 212.512: [Full GC (Allocation Failure) 2021-01-22T19:42:30.024-0800: 212.512: [Tenured: 349543K->348987K(349568K), 0.0546436 secs] 506766K->373454K(506816K), [Metaspace: 2698K->2698K(1056768K)], 0.0547498 secs] [Times: user=0.05 sys=0.00, real=0.05 secs] 
2021-01-22T19:42:30.096-0800: 212.583: [Full GC (Allocation Failure) 2021-01-22T19:42:30.096-0800: 212.583: [Tenured: 349288K->349123K(349568K), 0.0417004 secs] 506526K->397343K(506816K), [Metaspace: 2698K->2698K(1056768K)], 0.0417971 secs] [Times: user=0.04 sys=0.00, real=0.04 secs] 
2021-01-22T19:42:30.154-0800: 212.642: [Full GC (Allocation Failure) 2021-01-22T19:42:30.155-0800: 212.642: [Tenured: 349123K->349071K(349568K), 0.0446180 secs] 505773K->395401K(506816K), [Metaspace: 2698K->2698K(1056768K)], 0.0447118 secs] [Times: user=0.04 sys=0.00, real=0.04 secs] 
2021-01-22T19:42:30.214-0800: 212.702: [Full GC (Allocation Failure) 2021-01-22T19:42:30.214-0800: 212.702: [Tenured: 349343K->349548K(349568K), 0.0524443 secs] 506349K->391961K(506816K), [Metaspace: 2698K->2698K(1056768K)], 0.0525390 secs] [Times: user=0.06 sys=0.00, real=0.05 secs] 
2021-01-22T19:42:30.283-0800: 212.770: [Full GC (Allocation Failure) 2021-01-22T19:42:30.283-0800: 212.770: [Tenured: 349548K->349554K(349568K), 0.0556985 secs] 506791K->376335K(506816K), [Metaspace: 2698K->2698K(1056768K)], 0.0557990 secs] [Times: user=0.06 sys=0.00, real=0.05 secs] 
2021-01-22T19:42:30.354-0800: 212.842: [Full GC (Allocation Failure) 2021-01-22T19:42:30.354-0800: 212.842: [Tenured: 349554K->348986K(349568K), 0.0307043 secs] 506191K->396999K(506816K), [Metaspace: 2698K->2698K(1056768K)], 0.0308014 secs] [Times: user=0.03 sys=0.00, real=0.03 secs] 
2021-01-22T19:42:30.399-0800: 212.886: [Full GC (Allocation Failure) 2021-01-22T19:42:30.399-0800: 212.886: [Tenured: 349526K->349443K(349568K), 0.0439104 secs] 506768K->398214K(506816K), [Metaspace: 2698K->2698K(1056768K)], 0.0440081 secs] [Times: user=0.05 sys=0.00, real=0.05 secs] 
2021-01-22T19:42:30.457-0800: 212.944: [Full GC (Allocation Failure) 2021-01-22T19:42:30.457-0800: 212.944: [Tenured: 349537K->349429K(349568K), 0.0495713 secs] 506778K->397841K(506816K), [Metaspace: 2698K->2698K(1056768K)], 0.0496653 secs] [Times: user=0.05 sys=0.00, real=0.05 secs] 
2021-01-22T19:42:30.520-0800: 213.008: [Full GC (Allocation Failure) 2021-01-22T19:42:30.520-0800: 213.008: [Tenured: 349555K->349120K(349568K), 0.0595916 secs] 506787K->383436K(506816K), [Metaspace: 2698K->2698K(1056768K)], 0.0596849 secs] [Times: user=0.06 sys=0.01, real=0.06 secs] 
2021-01-22T19:42:30.594-0800: 213.082: [Full GC (Allocation Failure) 2021-01-22T19:42:30.594-0800: 213.082: [Tenured: 349120K->349330K(349568K), 0.0364096 secs] 505987K->397371K(506816K), [Metaspace: 2698K->2698K(1056768K)], 0.0365094 secs] [Times: user=0.04 sys=0.00, real=0.04 secs] 
2021-01-22T19:42:30.647-0800: 213.135: [Full GC (Allocation Failure) 2021-01-22T19:42:30.647-0800: 213.135: [Tenured: 349436K->349370K(349568K), 0.0427073 secs] 506679K->398939K(506816K), [Metaspace: 2698K->2698K(1056768K)], 0.0428110 secs] [Times: user=0.05 sys=0.00, real=0.05 secs] 
2021-01-22T19:42:30.706-0800: 213.193: [Full GC (Allocation Failure) 2021-01-22T19:42:30.706-0800: 213.193: [Tenured: 349561K->349400K(349568K), 0.0445449 secs] 506799K->399678K(506816K), [Metaspace: 2698K->2698K(1056768K)], 0.0446412 secs] [Times: user=0.04 sys=0.00, real=0.05 secs] 
2021-01-22T19:42:30.766-0800: 213.253: [Full GC (Allocation Failure) 2021-01-22T19:42:30.766-0800: 213.253: [Tenured: 349400K->349277K(349568K), 0.0562441 secs] 506543K->379052K(506816K), [Metaspace: 2698K->2698K(1056768K)], 0.0563394 secs] [Times: user=0.05 sys=0.00, real=0.06 secs] 
2021-01-22T19:42:30.838-0800: 213.325: [Full GC (Allocation Failure) 2021-01-22T19:42:30.838-0800: 213.326: [Tenured: 349277K->349460K(349568K), 0.0341819 secs] 506018K->398056K(506816K), [Metaspace: 2698K->2698K(1056768K)], 0.0342755 secs] [Times: user=0.03 sys=0.00, real=0.04 secs] 
2021-01-22T19:42:30.888-0800: 213.376: [Full GC (Allocation Failure) 2021-01-22T19:42:30.888-0800: 213.376: [Tenured: 349460K->349312K(349568K), 0.0417779 secs] 506596K->400202K(506816K), [Metaspace: 2698K->2698K(1056768K)], 0.0418689 secs] [Times: user=0.04 sys=0.00, real=0.05 secs] 
2021-01-22T19:42:30.943-0800: 213.431: [Full GC (Allocation Failure) 2021-01-22T19:42:30.943-0800: 213.431: [Tenured: 349504K->349066K(349568K), 0.0468445 secs] 506668K->398407K(506816K), [Metaspace: 2698K->2698K(1056768K)], 0.0469400 secs] [Times: user=0.05 sys=0.00, real=0.05 secs] 
2021-01-22T19:42:31.005-0800: 213.492: [Full GC (Allocation Failure) 2021-01-22T19:42:31.005-0800: 213.492: [Tenured: 349354K->349147K(349568K), 0.0551247 secs] 506536K->376412K(506816K), [Metaspace: 2698K->2698K(1056768K)], 0.0552200 secs] [Times: user=0.06 sys=0.00, real=0.06 secs] 
2021-01-22T19:42:31.079-0800: 213.567: [Full GC (Allocation Failure) 2021-01-22T19:42:31.080-0800: 213.567: [Tenured: 349564K->349526K(349568K), 0.0365860 secs] 506809K->386848K(506816K), [Metaspace: 2698K->2698K(1056768K)], 0.0367136 secs] [Times: user=0.03 sys=0.00, real=0.04 secs] 
2021-01-22T19:42:31.136-0800: 213.624: [Full GC (Allocation Failure) 2021-01-22T19:42:31.136-0800: 213.624: [Tenured: 349526K->349555K(349568K), 0.0456256 secs] 506498K->389040K(506816K), [Metaspace: 2698K->2698K(1056768K)], 0.0457543 secs] [Times: user=0.04 sys=0.00, real=0.05 secs] 
2021-01-22T19:42:31.199-0800: 213.686: [Full GC (Allocation Failure) 2021-01-22T19:42:31.199-0800: 213.686: [Tenured: 349555K->349550K(349568K), 0.0442723 secs] 506124K->383000K(506816K), [Metaspace: 2698K->2698K(1056768K)], 0.0443668 secs] [Times: user=0.04 sys=0.00, real=0.05 secs] 
2021-01-22T19:42:31.261-0800: 213.748: [Full GC (Allocation Failure) 2021-01-22T19:42:31.261-0800: 213.748: [Tenured: 349550K->348992K(349568K), 0.0541675 secs] 506688K->365157K(506816K), [Metaspace: 2698K->2698K(1056768K)], 0.0542625 secs] [Times: user=0.05 sys=0.00, real=0.05 secs] 
2021-01-22T19:42:31.336-0800: 213.824: [Full GC (Allocation Failure) 2021-01-22T19:42:31.336-0800: 213.824: [Tenured: 348992K->349504K(349568K), 0.0366034 secs] 505997K->382593K(506816K), [Metaspace: 2698K->2698K(1056768K)], 0.0367994 secs] [Times: user=0.04 sys=0.00, real=0.04 secs] 
2021-01-22T19:42:31.388-0800: 213.875: [Full GC (Allocation Failure) 2021-01-22T19:42:31.388-0800: 213.875: [Tenured: 349504K->349389K(349568K), 0.0438061 secs] 506677K->390664K(506816K), [Metaspace: 2698K->2698K(1056768K)], 0.0439018 secs] [Times: user=0.05 sys=0.00, real=0.05 secs] 
2021-01-22T19:42:31.449-0800: 213.937: [Full GC (Allocation Failure) 2021-01-22T19:42:31.449-0800: 213.937: [Tenured: 349389K->349545K(349568K), 0.0482052 secs] 506417K->391168K(506816K), [Metaspace: 2698K->2698K(1056768K)], 0.0483034 secs] [Times: user=0.05 sys=0.00, real=0.05 secs] 
2021-01-22T19:42:31.513-0800: 214.000: [Full GC (Allocation Failure) 2021-01-22T19:42:31.513-0800: 214.000: [Tenured: 349545K->349245K(349568K), 0.0555333 secs] 506752K->373457K(506816K), [Metaspace: 2698K->2698K(1056768K)], 0.0556294 secs] [Times: user=0.06 sys=0.00, real=0.05 secs] 
2021-01-22T19:42:31.589-0800: 214.077: [Full GC (Allocation Failure) 2021-01-22T19:42:31.589-0800: 214.077: [Tenured: 349461K->349416K(349568K), 0.0355684 secs] 506681K->391041K(506816K), [Metaspace: 2698K->2698K(1056768K)], 0.0356601 secs] [Times: user=0.03 sys=0.00, real=0.04 secs] 
2021-01-22T19:42:31.640-0800: 214.127: [Full GC (Allocation Failure) 2021-01-22T19:42:31.640-0800: 214.127: [Tenured: 349416K->349398K(349568K), 0.0454980 secs] 506442K->389144K(506816K), [Metaspace: 2698K->2698K(1056768K)], 0.0456090 secs] [Times: user=0.04 sys=0.00, real=0.04 secs] 
2021-01-22T19:42:31.702-0800: 214.190: [Full GC (Allocation Failure) 2021-01-22T19:42:31.702-0800: 214.190: [Tenured: 349398K->349519K(349568K), 0.0456723 secs] 506615K->392321K(506816K), [Metaspace: 2698K->2698K(1056768K)], 0.0458676 secs] [Times: user=0.04 sys=0.00, real=0.04 secs] 
2021-01-22T19:42:31.763-0800: 214.250: [Full GC (Allocation Failure) 2021-01-22T19:42:31.763-0800: 214.250: [Tenured: 349519K->349231K(349568K), 0.0587315 secs] 506723K->375841K(506816K), [Metaspace: 2698K->2698K(1056768K)], 0.0588305 secs] [Times: user=0.05 sys=0.00, real=0.06 secs] 
2021-01-22T19:42:31.837-0800: 214.325: [Full GC (Allocation Failure) 2021-01-22T19:42:31.837-0800: 214.325: [Tenured: 349519K->349525K(349568K), 0.0354269 secs] 506610K->392135K(506816K), [Metaspace: 2698K->2698K(1056768K)], 0.0355231 secs] [Times: user=0.03 sys=0.00, real=0.04 secs] 
2021-01-22T19:42:31.890-0800: 214.377: [Full GC (Allocation Failure) 2021-01-22T19:42:31.890-0800: 214.377: [Tenured: 349525K->349469K(349568K), 0.0418559 secs] 506398K->392301K(506816K), [Metaspace: 2698K->2698K(1056768K)], 0.0419487 secs] [Times: user=0.04 sys=0.00, real=0.04 secs] 
2021-01-22T19:42:31.945-0800: 214.432: [Full GC (Allocation Failure) 2021-01-22T19:42:31.945-0800: 214.432: [Tenured: 349469K->349245K(349568K), 0.0480345 secs] 506645K->394952K(506816K), [Metaspace: 2698K->2698K(1056768K)], 0.0481257 secs] [Times: user=0.05 sys=0.00, real=0.05 secs] 
2021-01-22T19:42:32.009-0800: 214.496: [Full GC (Allocation Failure) 2021-01-22T19:42:32.009-0800: 214.496: [Tenured: 349534K->349551K(349568K), 0.0516841 secs] 506720K->370947K(506816K), [Metaspace: 2698K->2698K(1056768K)], 0.0517972 secs] [Times: user=0.05 sys=0.00, real=0.06 secs] 
2021-01-22T19:42:32.077-0800: 214.565: [Full GC (Allocation Failure) 2021-01-22T19:42:32.077-0800: 214.565: [Tenured: 349551K->349459K(349568K), 0.0412559 secs] 506362K->388629K(506816K), [Metaspace: 2698K->2698K(1056768K)], 0.0413490 secs] [Times: user=0.04 sys=0.00, real=0.04 secs] 
2021-01-22T19:42:32.133-0800: 214.621: [Full GC (Allocation Failure) 2021-01-22T19:42:32.133-0800: 214.621: [Tenured: 349459K->349482K(349568K), 0.0453090 secs] 506639K->390978K(506816K), [Metaspace: 2698K->2698K(1056768K)], 0.0454086 secs] [Times: user=0.04 sys=0.00, real=0.04 secs] 
2021-01-22T19:42:32.196-0800: 214.684: [Full GC (Allocation Failure) 2021-01-22T19:42:32.196-0800: 214.684: [Tenured: 349536K->349190K(349568K), 0.0469263 secs] 506783K->392123K(506816K), [Metaspace: 2698K->2698K(1056768K)], 0.0470213 secs] [Times: user=0.04 sys=0.00, real=0.05 secs] 
2021-01-22T19:42:32.259-0800: 214.747: [Full GC (Allocation Failure) 2021-01-22T19:42:32.259-0800: 214.747: [Tenured: 349480K->349560K(349568K), 0.0555667 secs] 506581K->378897K(506816K), [Metaspace: 2698K->2698K(1056768K)], 0.0556629 secs] [Times: user=0.05 sys=0.00, real=0.06 secs] 
2021-01-22T19:42:32.332-0800: 214.819: [Full GC (Allocation Failure) 2021-01-22T19:42:32.332-0800: 214.819: [Tenured: 349560K->349466K(349568K), 0.0311888 secs] 506759K->396510K(506816K), [Metaspace: 2698K->2698K(1056768K)], 0.0312883 secs] [Times: user=0.03 sys=0.00, real=0.03 secs] 
2021-01-22T19:42:32.380-0800: 214.868: [Full GC (Allocation Failure) 2021-01-22T19:42:32.380-0800: 214.868: [Tenured: 349466K->349339K(349568K), 0.0430930 secs] 506542K->398531K(506816K), [Metaspace: 2698K->2698K(1056768K)], 0.0431822 secs] [Times: user=0.04 sys=0.00, real=0.04 secs] 
2021-01-22T19:42:32.439-0800: 214.927: [Full GC (Allocation Failure) 2021-01-22T19:42:32.439-0800: 214.927: [Tenured: 349339K->349334K(349568K), 0.0471296 secs] 506407K->398718K(506816K), [Metaspace: 2698K->2698K(1056768K)], 0.0472224 secs] [Times: user=0.05 sys=0.00, real=0.05 secs] 
2021-01-22T19:42:32.501-0800: 214.988: [Full GC (Allocation Failure) 2021-01-22T19:42:32.501-0800: 214.989: [Tenured: 349389K->349043K(349568K), 0.0561526 secs] 506604K->382862K(506816K), [Metaspace: 2698K->2698K(1056768K)], 0.0563666 secs] [Times: user=0.06 sys=0.00, real=0.05 secs] 
2021-01-22T19:42:32.575-0800: 215.063: [Full GC (Allocation Failure) 2021-01-22T19:42:32.576-0800: 215.063: [Tenured: 349489K->349010K(349568K), 0.0388177 secs] 506732K->393338K(506816K), [Metaspace: 2698K->2698K(1056768K)], 0.0389657 secs] [Times: user=0.04 sys=0.00, real=0.04 secs] 
2021-01-22T19:42:32.632-0800: 215.119: [Full GC (Allocation Failure) 2021-01-22T19:42:32.632-0800: 215.119: [Tenured: 349293K->349326K(349568K), 0.0456080 secs] 506354K->393890K(506816K), [Metaspace: 2698K->2698K(1056768K)], 0.0457045 secs] [Times: user=0.04 sys=0.00, real=0.04 secs] 
2021-01-22T19:42:32.695-0800: 215.182: [Full GC (Allocation Failure) 2021-01-22T19:42:32.695-0800: 215.182: [Tenured: 349326K->349107K(349568K), 0.0470078 secs] 506555K->391917K(506816K), [Metaspace: 2698K->2698K(1056768K)], 0.0471031 secs] [Times: user=0.04 sys=0.00, real=0.05 secs] 
2021-01-22T19:42:32.761-0800: 215.249: [Full GC (Allocation Failure) 2021-01-22T19:42:32.761-0800: 215.249: [Tenured: 349564K->349295K(349568K), 0.0612026 secs] 506757K->378459K(506816K), [Metaspace: 2698K->2698K(1056768K)], 0.0612981 secs] [Times: user=0.06 sys=0.01, real=0.06 secs] 
2021-01-22T19:42:32.839-0800: 215.326: [Full GC (Allocation Failure) 2021-01-22T19:42:32.839-0800: 215.327: [Tenured: 349531K->349440K(349568K), 0.0357173 secs] 506776K->390784K(506816K), [Metaspace: 2698K->2698K(1056768K)], 0.0358115 secs] [Times: user=0.04 sys=0.00, real=0.04 secs] 
2021-01-22T19:42:32.892-0800: 215.380: [Full GC (Allocation Failure) 2021-01-22T19:42:32.892-0800: 215.380: [Tenured: 349558K->349288K(349568K), 0.0422853 secs] 506803K->392447K(506816K), [Metaspace: 2698K->2698K(1056768K)], 0.0423826 secs] [Times: user=0.05 sys=0.00, real=0.04 secs] 
2021-01-22T19:42:32.949-0800: 215.437: [Full GC (Allocation Failure) 2021-01-22T19:42:32.949-0800: 215.437: [Tenured: 349559K->349478K(349568K), 0.0501807 secs] 506803K->390969K(506816K), [Metaspace: 2698K->2698K(1056768K)], 0.0502724 secs] [Times: user=0.05 sys=0.00, real=0.05 secs] 
2021-01-22T19:42:33.016-0800: 215.504: [Full GC (Allocation Failure) 2021-01-22T19:42:33.016-0800: 215.504: [Tenured: 349478K->349438K(349568K), 0.0571145 secs] 506103K->379979K(506816K), [Metaspace: 2698K->2698K(1056768K)], 0.0572090 secs] [Times: user=0.06 sys=0.00, real=0.06 secs] 
2021-01-22T19:42:33.089-0800: 215.577: [Full GC (Allocation Failure) 2021-01-22T19:42:33.089-0800: 215.577: [Tenured: 349438K->349390K(349568K), 0.0361566 secs] 506515K->394500K(506816K), [Metaspace: 2698K->2698K(1056768K)], 0.0362517 secs] [Times: user=0.04 sys=0.00, real=0.04 secs] 
2021-01-22T19:42:33.142-0800: 215.630: [Full GC (Allocation Failure) 2021-01-22T19:42:33.143-0800: 215.630: [Tenured: 349534K->349563K(349568K), 0.0469848 secs] 506665K->392158K(506816K), [Metaspace: 2698K->2698K(1056768K)], 0.0470873 secs] [Times: user=0.05 sys=0.00, real=0.05 secs] 
2021-01-22T19:42:33.204-0800: 215.692: [Full GC (Allocation Failure) 2021-01-22T19:42:33.204-0800: 215.692: [Tenured: 349563K->349037K(349568K), 0.0514401 secs] 506702K->392773K(506816K), [Metaspace: 2698K->2698K(1056768K)], 0.0515375 secs] [Times: user=0.05 sys=0.00, real=0.05 secs] 
2021-01-22T19:42:33.270-0800: 215.758: [Full GC (Allocation Failure) 2021-01-22T19:42:33.270-0800: 215.758: [Tenured: 349037K->349375K(349568K), 0.0564558 secs] 506255K->376247K(506816K), [Metaspace: 2698K->2698K(1056768K)], 0.0565612 secs] [Times: user=0.06 sys=0.00, real=0.05 secs] 
2021-01-22T19:42:33.345-0800: 215.833: [Full GC (Allocation Failure) 2021-01-22T19:42:33.345-0800: 215.833: [Tenured: 349504K->349394K(349568K), 0.0337930 secs] 506741K->394444K(506816K), [Metaspace: 2698K->2698K(1056768K)], 0.0338874 secs] [Times: user=0.03 sys=0.00, real=0.03 secs] 
2021-01-22T19:42:33.393-0800: 215.880: [Full GC (Allocation Failure) 2021-01-22T19:42:33.393-0800: 215.881: [Tenured: 349394K->348928K(349568K), 0.0438068 secs] 506441K->400026K(506816K), [Metaspace: 2698K->2698K(1056768K)], 0.0439561 secs] [Times: user=0.04 sys=0.00, real=0.04 secs] 
2021-01-22T19:42:33.454-0800: 215.942: [Full GC (Allocation Failure) 2021-01-22T19:42:33.454-0800: 215.942: [Tenured: 348928K->349261K(349568K), 0.0515372 secs] 505502K->399040K(506816K), [Metaspace: 2698K->2698K(1056768K)], 0.0516549 secs] [Times: user=0.05 sys=0.00, real=0.05 secs] 
2021-01-22T19:42:33.520-0800: 216.008: [Full GC (Allocation Failure) 2021-01-22T19:42:33.520-0800: 216.008: [Tenured: 349261K->349400K(349568K), 0.0574926 secs] 505943K->381023K(506816K), [Metaspace: 2698K->2698K(1056768K)], 0.0575895 secs] [Times: user=0.06 sys=0.00, real=0.05 secs] 
2021-01-22T19:42:33.596-0800: 216.084: [Full GC (Allocation Failure) 2021-01-22T19:42:33.596-0800: 216.084: [Tenured: 349400K->349073K(349568K), 0.0296399 secs] 506490K->401915K(506816K), [Metaspace: 2698K->2698K(1056768K)], 0.0297515 secs] [Times: user=0.03 sys=0.00, real=0.03 secs] 
2021-01-22T19:42:33.640-0800: 216.128: [Full GC (Allocation Failure) 2021-01-22T19:42:33.640-0800: 216.128: [Tenured: 349509K->349414K(349568K), 0.0451912 secs] 506749K->399799K(506816K), [Metaspace: 2698K->2698K(1056768K)], 0.0452891 secs] [Times: user=0.04 sys=0.00, real=0.04 secs] 
2021-01-22T19:42:33.699-0800: 216.187: [Full GC (Allocation Failure) 2021-01-22T19:42:33.699-0800: 216.187: [Tenured: 349532K->349473K(349568K), 0.0499110 secs] 506767K->403263K(506816K), [Metaspace: 2698K->2698K(1056768K)], 0.0500051 secs] [Times: user=0.04 sys=0.00, real=0.05 secs] 
2021-01-22T19:42:33.762-0800: 216.250: [Full GC (Allocation Failure) 2021-01-22T19:42:33.762-0800: 216.250: [Tenured: 349532K->348944K(349568K), 0.0578687 secs] 506768K->386572K(506816K), [Metaspace: 2698K->2698K(1056768K)], 0.0579801 secs] [Times: user=0.05 sys=0.00, real=0.06 secs] 
2021-01-22T19:42:33.837-0800: 216.325: [Full GC (Allocation Failure) 2021-01-22T19:42:33.837-0800: 216.325: [Tenured: 349526K->349519K(349568K), 0.0300014 secs] 506774K->404739K(506816K), [Metaspace: 2698K->2698K(1056768K)], 0.0301433 secs] [Times: user=0.03 sys=0.00, real=0.03 secs] 
2021-01-22T19:42:33.883-0800: 216.371: [Full GC (Allocation Failure) 2021-01-22T19:42:33.883-0800: 216.371: [Tenured: 349519K->349563K(349568K), 0.0438931 secs] 506578K->397475K(506816K), [Metaspace: 2698K->2698K(1056768K)], 0.0439914 secs] [Times: user=0.04 sys=0.00, real=0.04 secs] 
2021-01-22T19:42:33.940-0800: 216.428: [Full GC (Allocation Failure) 2021-01-22T19:42:33.941-0800: 216.428: [Tenured: 349563K->349493K(349568K), 0.0479979 secs] 506786K->399145K(506816K), [Metaspace: 2698K->2698K(1056768K)], 0.0480906 secs] [Times: user=0.04 sys=0.00, real=0.04 secs] 
2021-01-22T19:42:34.003-0800: 216.490: [Full GC (Allocation Failure) 2021-01-22T19:42:34.003-0800: 216.490: [Tenured: 349493K->349530K(349568K), 0.0569934 secs] 506498K->379456K(506816K), [Metaspace: 2698K->2698K(1056768K)], 0.0571046 secs] [Times: user=0.06 sys=0.00, real=0.06 secs] 
2021-01-22T19:42:34.078-0800: 216.566: [Full GC (Allocation Failure) 2021-01-22T19:42:34.078-0800: 216.566: [Tenured: 349530K->349423K(349568K), 0.0364390 secs] 506634K->395531K(506816K), [Metaspace: 2698K->2698K(1056768K)], 0.0365327 secs] [Times: user=0.04 sys=0.00, real=0.04 secs] 
2021-01-22T19:42:34.129-0800: 216.617: [Full GC (Allocation Failure) 2021-01-22T19:42:34.129-0800: 216.617: [Tenured: 349423K->349509K(349568K), 0.0472051 secs] 506495K->389667K(506816K), [Metaspace: 2698K->2698K(1056768K)], 0.0473307 secs] [Times: user=0.05 sys=0.00, real=0.05 secs] 
2021-01-22T19:42:34.191-0800: 216.679: [Full GC (Allocation Failure) 2021-01-22T19:42:34.191-0800: 216.679: [Tenured: 349509K->349152K(349568K), 0.0495914 secs] 506749K->392313K(506816K), [Metaspace: 2698K->2698K(1056768K)], 0.0497401 secs] [Times: user=0.05 sys=0.00, real=0.05 secs] 
2021-01-22T19:42:34.255-0800: 216.743: [Full GC (Allocation Failure) 2021-01-22T19:42:34.255-0800: 216.743: [Tenured: 349246K->349454K(349568K), 0.0551968 secs] 506454K->374031K(506816K), [Metaspace: 2698K->2698K(1056768K)], 0.0552952 secs] [Times: user=0.06 sys=0.00, real=0.06 secs] 
2021-01-22T19:42:34.328-0800: 216.816: [Full GC (Allocation Failure) 2021-01-22T19:42:34.328-0800: 216.816: [Tenured: 349454K->349284K(349568K), 0.0356436 secs] 506378K->392666K(506816K), [Metaspace: 2698K->2698K(1056768K)], 0.0357368 secs] [Times: user=0.03 sys=0.00, real=0.04 secs] 
2021-01-22T19:42:34.377-0800: 216.865: [Full GC (Allocation Failure) 2021-01-22T19:42:34.377-0800: 216.865: [Tenured: 349480K->349471K(349568K), 0.0454665 secs] 506694K->393188K(506816K), [Metaspace: 2698K->2698K(1056768K)], 0.0455681 secs] [Times: user=0.05 sys=0.00, real=0.05 secs] 
2021-01-22T19:42:34.437-0800: 216.925: [Full GC (Allocation Failure) 2021-01-22T19:42:34.437-0800: 216.925: [Tenured: 349507K->349557K(349568K), 0.0480760 secs] 506725K->393828K(506816K), [Metaspace: 2698K->2698K(1056768K)], 0.0481752 secs] [Times: user=0.05 sys=0.00, real=0.05 secs] 
2021-01-22T19:42:34.502-0800: 216.990: [Full GC (Allocation Failure) 2021-01-22T19:42:34.502-0800: 216.990: [Tenured: 349557K->349541K(349568K), 0.0493640 secs] 506676K->370885K(506816K), [Metaspace: 2698K->2698K(1056768K)], 0.0497349 secs] [Times: user=0.05 sys=0.00, real=0.05 secs] 
2021-01-22T19:42:34.574-0800: 217.062: [Full GC (Allocation Failure) 2021-01-22T19:42:34.574-0800: 217.062: [Tenured: 349541K->349200K(349568K), 0.0335542 secs] 506754K->387740K(506816K), [Metaspace: 2698K->2698K(1056768K)], 0.0336893 secs] [Times: user=0.04 sys=0.00, real=0.03 secs] 
2021-01-22T19:42:34.626-0800: 217.113: [Full GC (Allocation Failure) 2021-01-22T19:42:34.626-0800: 217.113: [Tenured: 349564K->349256K(349568K), 0.0380036 secs] 506771K->386161K(506816K), [Metaspace: 2698K->2698K(1056768K)], 0.0381122 secs] [Times: user=0.04 sys=0.00, real=0.04 secs] 
2021-01-22T19:42:34.683-0800: 217.170: [Full GC (Allocation Failure) 2021-01-22T19:42:34.683-0800: 217.170: [Tenured: 349472K->349405K(349568K), 0.0484595 secs] 506702K->385857K(506816K), [Metaspace: 2698K->2698K(1056768K)], 0.0485491 secs] [Times: user=0.05 sys=0.00, real=0.05 secs] 
2021-01-22T19:42:34.747-0800: 217.235: [Full GC (Allocation Failure) 2021-01-22T19:42:34.747-0800: 217.235: [Tenured: 349405K->349448K(349568K), 0.0579189 secs] 506538K->366811K(506816K), [Metaspace: 2698K->2698K(1056768K)], 0.0580148 secs] [Times: user=0.06 sys=0.00, real=0.06 secs] 
2021-01-22T19:42:34.823-0800: 217.311: [Full GC (Allocation Failure) 2021-01-22T19:42:34.823-0800: 217.311: [Tenured: 349448K->349564K(349568K), 0.0324169 secs] 506666K->381370K(506816K), [Metaspace: 2698K->2698K(1056768K)], 0.0325098 secs] [Times: user=0.03 sys=0.01, real=0.03 secs] 
2021-01-22T19:42:34.871-0800: 217.359: [Full GC (Allocation Failure) 2021-01-22T19:42:34.871-0800: 217.359: [Tenured: 349564K->349483K(349568K), 0.0444512 secs] 506764K->381338K(506816K), [Metaspace: 2698K->2698K(1056768K)], 0.0445457 secs] [Times: user=0.05 sys=0.00, real=0.04 secs] 
2021-01-22T19:42:34.931-0800: 217.419: [Full GC (Allocation Failure) 2021-01-22T19:42:34.931-0800: 217.419: [Tenured: 349483K->349423K(349568K), 0.0473855 secs] 506383K->389267K(506816K), [Metaspace: 2698K->2698K(1056768K)], 0.0474810 secs] [Times: user=0.05 sys=0.00, real=0.04 secs] 
2021-01-22T19:42:34.995-0800: 217.483: [Full GC (Allocation Failure) 2021-01-22T19:42:34.995-0800: 217.483: [Tenured: 349492K->348818K(349568K), 0.0519735 secs] 506718K->374439K(506816K), [Metaspace: 2698K->2698K(1056768K)], 0.0520743 secs] [Times: user=0.05 sys=0.00, real=0.05 secs] 
2021-01-22T19:42:35.067-0800: 217.555: [Full GC (Allocation Failure) 2021-01-22T19:42:35.067-0800: 217.555: [Tenured: 349324K->349276K(349568K), 0.0339455 secs] 506419K->393342K(506816K), [Metaspace: 2698K->2698K(1056768K)], 0.0340421 secs] [Times: user=0.04 sys=0.00, real=0.04 secs] 
2021-01-22T19:42:35.117-0800: 217.605: [Full GC (Allocation Failure) 2021-01-22T19:42:35.117-0800: 217.605: [Tenured: 349276K->349360K(349568K), 0.0433737 secs] 506192K->397142K(506816K), [Metaspace: 2698K->2698K(1056768K)], 0.0434883 secs] [Times: user=0.04 sys=0.00, real=0.05 secs] 
2021-01-22T19:42:35.177-0800: 217.665: [Full GC (Allocation Failure) 2021-01-22T19:42:35.177-0800: 217.665: [Tenured: 349432K->349067K(349568K), 0.0435574 secs] 506638K->391528K(506816K), [Metaspace: 2698K->2698K(1056768K)], 0.0436521 secs] [Times: user=0.04 sys=0.00, real=0.05 secs] 
2021-01-22T19:42:35.236-0800: 217.724: [Full GC (Allocation Failure) 2021-01-22T19:42:35.236-0800: 217.724: [Tenured: 349067K->349040K(349568K), 0.0585925 secs] 505625K->378116K(506816K), [Metaspace: 2698K->2698K(1056768K)], 0.0586868 secs] [Times: user=0.05 sys=0.00, real=0.06 secs] 
2021-01-22T19:42:35.312-0800: 217.800: [Full GC (Allocation Failure) 2021-01-22T19:42:35.312-0800: 217.800: [Tenured: 349224K->349308K(349568K), 0.0423115 secs] 506379K->391410K(506816K), [Metaspace: 2698K->2698K(1056768K)], 0.0424100 secs] [Times: user=0.04 sys=0.00, real=0.04 secs] 
2021-01-22T19:42:35.369-0800: 217.857: [Full GC (Allocation Failure) 2021-01-22T19:42:35.369-0800: 217.857: [Tenured: 349308K->349552K(349568K), 0.0431840 secs] 505970K->391232K(506816K), [Metaspace: 2698K->2698K(1056768K)], 0.0432837 secs] [Times: user=0.04 sys=0.00, real=0.05 secs] 
2021-01-22T19:42:35.427-0800: 217.915: [Full GC (Allocation Failure) 2021-01-22T19:42:35.427-0800: 217.915: [Tenured: 349552K->349534K(349568K), 0.0492035 secs] 506675K->388212K(506816K), [Metaspace: 2698K->2698K(1056768K)], 0.0493006 secs] [Times: user=0.05 sys=0.00, real=0.05 secs] 
2021-01-22T19:42:35.493-0800: 217.981: [Full GC (Allocation Failure) 2021-01-22T19:42:35.493-0800: 217.981: [Tenured: 349534K->349459K(349568K), 0.0550949 secs] 506642K->371784K(506816K), [Metaspace: 2698K->2698K(1056768K)], 0.0551978 secs] [Times: user=0.05 sys=0.00, real=0.05 secs] 
2021-01-22T19:42:35.565-0800: 218.053: [Full GC (Allocation Failure) 2021-01-22T19:42:35.565-0800: 218.053: [Tenured: 349459K->349426K(349568K), 0.0323725 secs] 506348K->386477K(506816K), [Metaspace: 2698K->2698K(1056768K)], 0.0324851 secs] [Times: user=0.04 sys=0.00, real=0.03 secs] 
2021-01-22T19:42:35.612-0800: 218.100: [Full GC (Allocation Failure) 2021-01-22T19:42:35.612-0800: 218.100: [Tenured: 349426K->349542K(349568K), 0.0445055 secs] 506632K->384089K(506816K), [Metaspace: 2698K->2698K(1056768K)], 0.0446001 secs] [Times: user=0.04 sys=0.01, real=0.04 secs] 
2021-01-22T19:42:35.675-0800: 218.163: [Full GC (Allocation Failure) 2021-01-22T19:42:35.675-0800: 218.163: [Tenured: 349542K->349493K(349568K), 0.0463271 secs] 506596K->383779K(506816K), [Metaspace: 2698K->2698K(1056768K)], 0.0464234 secs] [Times: user=0.05 sys=0.00, real=0.05 secs] 
2021-01-22T19:42:35.736-0800: 218.224: [Full GC (Allocation Failure) 2021-01-22T19:42:35.736-0800: 218.224: [Tenured: 349493K->349509K(349568K), 0.0515369 secs] 506734K->365116K(506816K), [Metaspace: 2698K->2698K(1056768K)], 0.0516392 secs] [Times: user=0.05 sys=0.00, real=0.05 secs] 
2021-01-22T19:42:35.808-0800: 218.296: [Full GC (Allocation Failure) 2021-01-22T19:42:35.808-0800: 218.296: [Tenured: 349509K->349420K(349568K), 0.0317649 secs] 506660K->386312K(506816K), [Metaspace: 2698K->2698K(1056768K)], 0.0318583 secs] [Times: user=0.03 sys=0.00, real=0.04 secs] 
2021-01-22T19:42:35.857-0800: 218.345: [Full GC (Allocation Failure) 2021-01-22T19:42:35.857-0800: 218.345: [Tenured: 349420K->349236K(349568K), 0.0438693 secs] 506550K->388982K(506816K), [Metaspace: 2698K->2698K(1056768K)], 0.0441242 secs] [Times: user=0.04 sys=0.00, real=0.05 secs] 
2021-01-22T19:42:35.918-0800: 218.406: [Full GC (Allocation Failure) 2021-01-22T19:42:35.918-0800: 218.406: [Tenured: 349236K->349327K(349568K), 0.0471805 secs] 506396K->389224K(506816K), [Metaspace: 2698K->2698K(1056768K)], 0.0472695 secs] [Times: user=0.04 sys=0.00, real=0.05 secs] 
2021-01-22T19:42:35.982-0800: 218.470: [Full GC (Allocation Failure) 2021-01-22T19:42:35.983-0800: 218.470: [Tenured: 349511K->349258K(349568K), 0.0537595 secs] 506757K->374400K(506816K), [Metaspace: 2698K->2698K(1056768K)], 0.0539553 secs] [Times: user=0.05 sys=0.00, real=0.05 secs] 
2021-01-22T19:42:36.053-0800: 218.541: [Full GC (Allocation Failure) 2021-01-22T19:42:36.053-0800: 218.541: [Tenured: 349511K->349428K(349568K), 0.0399483 secs] 506756K->383555K(506816K), [Metaspace: 2698K->2698K(1056768K)], 0.0400459 secs] [Times: user=0.04 sys=0.00, real=0.04 secs] 
2021-01-22T19:42:36.109-0800: 218.597: [Full GC (Allocation Failure) 2021-01-22T19:42:36.109-0800: 218.597: [Tenured: 349525K->349441K(349568K), 0.0483545 secs] 506728K->387574K(506816K), [Metaspace: 2698K->2698K(1056768K)], 0.0484490 secs] [Times: user=0.05 sys=0.00, real=0.05 secs] 
2021-01-22T19:42:36.172-0800: 218.660: [Full GC (Allocation Failure) 2021-01-22T19:42:36.172-0800: 218.660: [Tenured: 349441K->349565K(349568K), 0.0449185 secs] 506463K->386036K(506816K), [Metaspace: 2698K->2698K(1056768K)], 0.0450126 secs] [Times: user=0.05 sys=0.00, real=0.04 secs] 
2021-01-22T19:42:36.238-0800: 218.726: [Full GC (Allocation Failure) 2021-01-22T19:42:36.238-0800: 218.726: [Tenured: 349565K->349396K(349568K), 0.0512308 secs] 506708K->371711K(506816K), [Metaspace: 2698K->2698K(1056768K)], 0.0513324 secs] [Times: user=0.05 sys=0.00, real=0.05 secs] 
2021-01-22T19:42:36.307-0800: 218.795: [Full GC (Allocation Failure) 2021-01-22T19:42:36.307-0800: 218.795: [Tenured: 349522K->349453K(349568K), 0.0406947 secs] 506752K->384716K(506816K), [Metaspace: 2698K->2698K(1056768K)], 0.0407876 secs] [Times: user=0.04 sys=0.01, real=0.04 secs] 
2021-01-22T19:42:36.363-0800: 218.851: [Full GC (Allocation Failure) 2021-01-22T19:42:36.363-0800: 218.851: [Tenured: 349453K->349506K(349568K), 0.0442136 secs] 506455K->382262K(506816K), [Metaspace: 2698K->2698K(1056768K)], 0.0443062 secs] [Times: user=0.04 sys=0.00, real=0.04 secs] 
2021-01-22T19:42:36.425-0800: 218.913: [Full GC (Allocation Failure) 2021-01-22T19:42:36.425-0800: 218.913: [Tenured: 349506K->349160K(349568K), 0.0414926 secs] 506652K->384643K(506816K), [Metaspace: 2698K->2698K(1056768K)], 0.0417631 secs] [Times: user=0.04 sys=0.00, real=0.04 secs] 
2021-01-22T19:42:36.485-0800: 218.972: [Full GC (Allocation Failure) 2021-01-22T19:42:36.485-0800: 218.973: [Tenured: 349509K->349553K(349568K), 0.0523420 secs] 506744K->366417K(506816K), [Metaspace: 2698K->2698K(1056768K)], 0.0525970 secs] [Times: user=0.05 sys=0.00, real=0.05 secs] 
2021-01-22T19:42:36.558-0800: 219.046: [Full GC (Allocation Failure) 2021-01-22T19:42:36.558-0800: 219.046: [Tenured: 349553K->349528K(349568K), 0.0324611 secs] 506573K->390589K(506816K), [Metaspace: 2698K->2698K(1056768K)], 0.0325654 secs] [Times: user=0.03 sys=0.00, real=0.04 secs] 
2021-01-22T19:42:36.608-0800: 219.096: [Full GC (Allocation Failure) 2021-01-22T19:42:36.608-0800: 219.096: [Tenured: 349528K->349172K(349568K), 0.0389977 secs] 506675K->394040K(506816K), [Metaspace: 2698K->2698K(1056768K)], 0.0391096 secs] [Times: user=0.03 sys=0.00, real=0.04 secs] 
2021-01-22T19:42:36.664-0800: 219.152: [Full GC (Allocation Failure) 2021-01-22T19:42:36.664-0800: 219.152: [Tenured: 349172K->349539K(349568K), 0.0468907 secs] 506158K->391312K(506816K), [Metaspace: 2698K->2698K(1056768K)], 0.0469979 secs] [Times: user=0.05 sys=0.00, real=0.05 secs] 
2021-01-22T19:42:36.724-0800: 219.212: [Full GC (Allocation Failure) 2021-01-22T19:42:36.724-0800: 219.212: [Tenured: 349539K->349541K(349568K), 0.0550145 secs] 506775K->371669K(506816K), [Metaspace: 2698K->2698K(1056768K)], 0.0551088 secs] [Times: user=0.05 sys=0.00, real=0.05 secs] 
2021-01-22T19:42:36.804-0800: 219.292: [Full GC (Allocation Failure) 2021-01-22T19:42:36.804-0800: 219.292: [Tenured: 349541K->349275K(349568K), 0.0338794 secs] 506756K->390749K(506816K), [Metaspace: 2698K->2698K(1056768K)], 0.0339882 secs] [Times: user=0.03 sys=0.00, real=0.03 secs] 
2021-01-22T19:42:36.855-0800: 219.343: [Full GC (Allocation Failure) 2021-01-22T19:42:36.855-0800: 219.343: [Tenured: 349444K->349476K(349568K), 0.0412497 secs] 506636K->391014K(506816K), [Metaspace: 2698K->2698K(1056768K)], 0.0413402 secs] [Times: user=0.04 sys=0.00, real=0.04 secs] 
2021-01-22T19:42:36.911-0800: 219.398: [Full GC (Allocation Failure) 2021-01-22T19:42:36.911-0800: 219.399: [Tenured: 349476K->349087K(349568K), 0.0522234 secs] 506413K->389792K(506816K), [Metaspace: 2698K->2698K(1056768K)], 0.0523416 secs] [Times: user=0.04 sys=0.00, real=0.05 secs] 
2021-01-22T19:42:36.981-0800: 219.469: [Full GC (Allocation Failure) 2021-01-22T19:42:36.981-0800: 219.469: [Tenured: 349563K->349043K(349568K), 0.0516814 secs] 506796K->368946K(506816K), [Metaspace: 2698K->2698K(1056768K)], 0.0517742 secs] [Times: user=0.05 sys=0.00, real=0.05 secs] 
2021-01-22T19:42:37.052-0800: 219.540: [Full GC (Allocation Failure) 2021-01-22T19:42:37.052-0800: 219.540: [Tenured: 349538K->349492K(349568K), 0.0347008 secs] 506785K->388860K(506816K), [Metaspace: 2698K->2698K(1056768K)], 0.0347967 secs] [Times: user=0.03 sys=0.00, real=0.03 secs] 
2021-01-22T19:42:37.105-0800: 219.593: [Full GC (Allocation Failure) 2021-01-22T19:42:37.105-0800: 219.593: [Tenured: 349492K->349396K(349568K), 0.0434209 secs] 506676K->384904K(506816K), [Metaspace: 2698K->2698K(1056768K)], 0.0435060 secs] [Times: user=0.04 sys=0.00, real=0.04 secs] 
2021-01-22T19:42:37.166-0800: 219.654: [Full GC (Allocation Failure) 2021-01-22T19:42:37.166-0800: 219.654: [Tenured: 349504K->349535K(349568K), 0.0462054 secs] 506751K->385186K(506816K), [Metaspace: 2698K->2698K(1056768K)], 0.0463156 secs] [Times: user=0.04 sys=0.00, real=0.05 secs] 
2021-01-22T19:42:37.227-0800: 219.715: [Full GC (Allocation Failure) 2021-01-22T19:42:37.227-0800: 219.715: [Tenured: 349535K->349409K(349568K), 0.0603170 secs] 506686K->373134K(506816K), [Metaspace: 2698K->2698K(1056768K)], 0.0604111 secs] [Times: user=0.06 sys=0.00, real=0.06 secs] 
2021-01-22T19:42:37.308-0800: 219.795: [Full GC (Allocation Failure) 2021-01-22T19:42:37.308-0800: 219.796: [Tenured: 349517K->349334K(349568K), 0.0340176 secs] 506749K->391734K(506816K), [Metaspace: 2698K->2698K(1056768K)], 0.0341164 secs] [Times: user=0.03 sys=0.00, real=0.04 secs] 
2021-01-22T19:42:37.357-0800: 219.845: [Full GC (Allocation Failure) 2021-01-22T19:42:37.357-0800: 219.845: [Tenured: 349490K->349548K(349568K), 0.0419830 secs] 506717K->388826K(506816K), [Metaspace: 2698K->2698K(1056768K)], 0.0420906 secs] [Times: user=0.04 sys=0.00, real=0.04 secs] 
2021-01-22T19:42:37.413-0800: 219.901: [Full GC (Allocation Failure) 2021-01-22T19:42:37.413-0800: 219.901: [Tenured: 349548K->349460K(349568K), 0.0501016 secs] 506724K->397281K(506816K), [Metaspace: 2698K->2698K(1056768K)], 0.0502178 secs] [Times: user=0.05 sys=0.00, real=0.05 secs] 
2021-01-22T19:42:37.480-0800: 219.968: [Full GC (Allocation Failure) 2021-01-22T19:42:37.480-0800: 219.968: [Tenured: 349561K->349410K(349568K), 0.0562329 secs] 506722K->383633K(506816K), [Metaspace: 2698K->2698K(1056768K)], 0.0563418 secs] [Times: user=0.05 sys=0.00, real=0.05 secs] 
2021-01-22T19:42:37.552-0800: 220.040: [Full GC (Allocation Failure) 2021-01-22T19:42:37.552-0800: 220.040: [Tenured: 349410K->349565K(349568K), 0.0374376 secs] 506424K->397122K(506816K), [Metaspace: 2698K->2698K(1056768K)], 0.0375323 secs] [Times: user=0.03 sys=0.00, real=0.03 secs] 
2021-01-22T19:42:37.603-0800: 220.091: [Full GC (Allocation Failure) 2021-01-22T19:42:37.603-0800: 220.091: [Tenured: 349565K->349524K(349568K), 0.0423441 secs] 506722K->393307K(506816K), [Metaspace: 2698K->2698K(1056768K)], 0.0424386 secs] [Times: user=0.04 sys=0.00, real=0.04 secs] 
2021-01-22T19:42:37.662-0800: 220.150: [Full GC (Allocation Failure) 2021-01-22T19:42:37.662-0800: 220.150: [Tenured: 349542K->348987K(349568K), 0.0444040 secs] 506781K->390908K(506816K), [Metaspace: 2698K->2698K(1056768K)], 0.0445025 secs] [Times: user=0.05 sys=0.00, real=0.04 secs] 
2021-01-22T19:42:37.725-0800: 220.213: [Full GC (Allocation Failure) 2021-01-22T19:42:37.725-0800: 220.213: [Tenured: 349384K->349389K(349568K), 0.0547765 secs] 506613K->367377K(506816K), [Metaspace: 2698K->2698K(1056768K)], 0.0548668 secs] [Times: user=0.05 sys=0.01, real=0.06 secs] 
2021-01-22T19:42:37.797-0800: 220.285: [Full GC (Allocation Failure) 2021-01-22T19:42:37.797-0800: 220.285: [Tenured: 349461K->349535K(349568K), 0.0331954 secs] 506658K->383048K(506816K), [Metaspace: 2698K->2698K(1056768K)], 0.0332981 secs] [Times: user=0.03 sys=0.00, real=0.04 secs] 
2021-01-22T19:42:37.849-0800: 220.337: [Full GC (Allocation Failure) 2021-01-22T19:42:37.849-0800: 220.337: [Tenured: 349535K->349256K(349568K), 0.0453774 secs] 506546K->381019K(506816K), [Metaspace: 2698K->2698K(1056768K)], 0.0455976 secs] [Times: user=0.04 sys=0.00, real=0.05 secs] 
2021-01-22T19:42:37.911-0800: 220.399: [Full GC (Allocation Failure) 2021-01-22T19:42:37.911-0800: 220.399: [Tenured: 349544K->349335K(349568K), 0.0486311 secs] 506666K->387123K(506816K), [Metaspace: 2698K->2698K(1056768K)], 0.0487278 secs] [Times: user=0.04 sys=0.00, real=0.04 secs] 
2021-01-22T19:42:37.974-0800: 220.462: [Full GC (Allocation Failure) 2021-01-22T19:42:37.974-0800: 220.462: [Tenured: 349479K->349237K(349568K), 0.0553021 secs] 506645K->371535K(506816K), [Metaspace: 2698K->2698K(1056768K)], 0.0553980 secs] [Times: user=0.05 sys=0.00, real=0.06 secs] 
2021-01-22T19:42:38.049-0800: 220.537: [Full GC (Allocation Failure) 2021-01-22T19:42:38.049-0800: 220.537: [Tenured: 349525K->349497K(349568K), 0.0322494 secs] 506739K->391788K(506816K), [Metaspace: 2698K->2698K(1056768K)], 0.0323468 secs] [Times: user=0.03 sys=0.00, real=0.04 secs] 
2021-01-22T19:42:38.097-0800: 220.586: [Full GC (Allocation Failure) 2021-01-22T19:42:38.098-0800: 220.586: [Tenured: 349497K->349407K(349568K), 0.0443007 secs] 506198K->395139K(506816K), [Metaspace: 2698K->2698K(1056768K)], 0.0444422 secs] [Times: user=0.04 sys=0.00, real=0.05 secs] 
2021-01-22T19:42:38.159-0800: 220.647: [Full GC (Allocation Failure) 2021-01-22T19:42:38.159-0800: 220.647: [Tenured: 349407K->349536K(349568K), 0.0452490 secs] 506237K->400095K(506816K), [Metaspace: 2698K->2698K(1056768K)], 0.0453427 secs] [Times: user=0.04 sys=0.00, real=0.05 secs] 
2021-01-22T19:42:38.220-0800: 220.708: [Full GC (Allocation Failure) 2021-01-22T19:42:38.220-0800: 220.708: [Tenured: 349536K->349428K(349568K), 0.0546552 secs] 506287K->388216K(506816K), [Metaspace: 2698K->2698K(1056768K)], 0.0547634 secs] [Times: user=0.05 sys=0.00, real=0.05 secs] 
2021-01-22T19:42:38.296-0800: 220.784: [Full GC (Allocation Failure) 2021-01-22T19:42:38.296-0800: 220.784: [Tenured: 349428K->349527K(349568K), 0.0357859 secs] 506668K->406335K(506816K), [Metaspace: 2698K->2698K(1056768K)], 0.0358808 secs] [Times: user=0.03 sys=0.00, real=0.04 secs] 
2021-01-22T19:42:38.345-0800: 220.833: [Full GC (Allocation Failure) 2021-01-22T19:42:38.345-0800: 220.833: [Tenured: 349527K->349535K(349568K), 0.0485189 secs] 506648K->406539K(506816K), [Metaspace: 2698K->2698K(1056768K)], 0.0486759 secs] [Times: user=0.04 sys=0.00, real=0.05 secs] 
2021-01-22T19:42:38.409-0800: 220.897: [Full GC (Allocation Failure) 2021-01-22T19:42:38.409-0800: 220.897: [Tenured: 349535K->349554K(349568K), 0.0458651 secs] 506782K->403919K(506816K), [Metaspace: 2698K->2698K(1056768K)], 0.0459763 secs] [Times: user=0.04 sys=0.00, real=0.05 secs] 
2021-01-22T19:42:38.468-0800: 220.956: [Full GC (Allocation Failure) 2021-01-22T19:42:38.468-0800: 220.956: [Tenured: 349554K->349373K(349568K), 0.0588137 secs] 506680K->383196K(506816K), [Metaspace: 2698K->2698K(1056768K)], 0.0589097 secs] [Times: user=0.05 sys=0.01, real=0.06 secs] 
2021-01-22T19:42:38.544-0800: 221.032: [Full GC (Allocation Failure) 2021-01-22T19:42:38.544-0800: 221.032: [Tenured: 349373K->349498K(349568K), 0.0371541 secs] 506571K->393382K(506816K), [Metaspace: 2698K->2698K(1056768K)], 0.0372630 secs] [Times: user=0.04 sys=0.00, real=0.04 secs] 
2021-01-22T19:42:38.598-0800: 221.086: [Full GC (Allocation Failure) 2021-01-22T19:42:38.598-0800: 221.086: [Tenured: 349498K->349544K(349568K), 0.0454847 secs] 506195K->397144K(506816K), [Metaspace: 2698K->2698K(1056768K)], 0.0455801 secs] [Times: user=0.05 sys=0.00, real=0.05 secs] 
2021-01-22T19:42:38.657-0800: 221.145: [Full GC (Allocation Failure) 2021-01-22T19:42:38.657-0800: 221.145: [Tenured: 349544K->349521K(349568K), 0.0544509 secs] 506759K->403494K(506816K), [Metaspace: 2698K->2698K(1056768K)], 0.0545535 secs] [Times: user=0.05 sys=0.00, real=0.06 secs] 
2021-01-22T19:42:38.724-0800: 221.213: [Full GC (Allocation Failure) 2021-01-22T19:42:38.725-0800: 221.213: [Tenured: 349521K->349153K(349568K), 0.0526436 secs] 506704K->381772K(506816K), [Metaspace: 2698K->2698K(1056768K)], 0.0527413 secs] [Times: user=0.05 sys=0.00, real=0.05 secs] 
2021-01-22T19:42:38.796-0800: 221.284: [Full GC (Allocation Failure) 2021-01-22T19:42:38.796-0800: 221.284: [Tenured: 349557K->349460K(349568K), 0.0360982 secs] 506803K->397834K(506816K), [Metaspace: 2698K->2698K(1056768K)], 0.0361917 secs] [Times: user=0.04 sys=0.00, real=0.04 secs] 
2021-01-22T19:42:38.851-0800: 221.339: [Full GC (Allocation Failure) 2021-01-22T19:42:38.851-0800: 221.339: [Tenured: 349460K->349152K(349568K), 0.0424017 secs] 506055K->395079K(506816K), [Metaspace: 2698K->2698K(1056768K)], 0.0426200 secs] [Times: user=0.04 sys=0.00, real=0.04 secs] 
2021-01-22T19:42:38.910-0800: 221.398: [Full GC (Allocation Failure) 2021-01-22T19:42:38.910-0800: 221.398: [Tenured: 349365K->349373K(349568K), 0.0506391 secs] 506601K->395032K(506816K), [Metaspace: 2698K->2698K(1056768K)], 0.0507349 secs] [Times: user=0.04 sys=0.00, real=0.05 secs] 
2021-01-22T19:42:38.975-0800: 221.463: [Full GC (Allocation Failure) 2021-01-22T19:42:38.975-0800: 221.463: [Tenured: 349373K->349433K(349568K), 0.0561314 secs] 506405K->379176K(506816K), [Metaspace: 2698K->2698K(1056768K)], 0.0562266 secs] [Times: user=0.05 sys=0.00, real=0.06 secs] 
2021-01-22T19:42:39.046-0800: 221.535: [Full GC (Allocation Failure) 2021-01-22T19:42:39.047-0800: 221.535: [Tenured: 349565K->349505K(349568K), 0.0350298 secs] 506811K->390725K(506816K), [Metaspace: 2698K->2698K(1056768K)], 0.0351243 secs] [Times: user=0.03 sys=0.00, real=0.04 secs] 
2021-01-22T19:42:39.100-0800: 221.588: [Full GC (Allocation Failure) 2021-01-22T19:42:39.100-0800: 221.588: [Tenured: 349505K->349526K(349568K), 0.0408372 secs] 506566K->384217K(506816K), [Metaspace: 2698K->2698K(1056768K)], 0.0410587 secs] [Times: user=0.04 sys=0.00, real=0.04 secs] 
2021-01-22T19:42:39.159-0800: 221.647: [Full GC (Allocation Failure) 2021-01-22T19:42:39.159-0800: 221.647: [Tenured: 349526K->349506K(349568K), 0.0492611 secs] 506561K->388571K(506816K), [Metaspace: 2698K->2698K(1056768K)], 0.0493569 secs] [Times: user=0.04 sys=0.00, real=0.05 secs] 
2021-01-22T19:42:39.224-0800: 221.712: [Full GC (Allocation Failure) 2021-01-22T19:42:39.224-0800: 221.712: [Tenured: 349506K->349519K(349568K), 0.0553106 secs] 506525K->369799K(506816K), [Metaspace: 2698K->2698K(1056768K)], 0.0554210 secs] [Times: user=0.05 sys=0.01, real=0.06 secs] 
2021-01-22T19:42:39.297-0800: 221.785: [Full GC (Allocation Failure) 2021-01-22T19:42:39.297-0800: 221.785: [Tenured: 349552K->349344K(349568K), 0.0378156 secs] 506800K->380988K(506816K), [Metaspace: 2698K->2698K(1056768K)], 0.0379192 secs] [Times: user=0.04 sys=0.00, real=0.04 secs] 
2021-01-22T19:42:39.351-0800: 221.839: [Full GC (Allocation Failure) 2021-01-22T19:42:39.351-0800: 221.839: [Tenured: 349560K->349057K(349568K), 0.0471883 secs] 506800K->379694K(506816K), [Metaspace: 2698K->2698K(1056768K)], 0.0472803 secs] [Times: user=0.05 sys=0.00, real=0.04 secs] 
2021-01-22T19:42:39.416-0800: 221.904: [Full GC (Allocation Failure) 2021-01-22T19:42:39.416-0800: 221.904: [Tenured: 349415K->349504K(349568K), 0.0464523 secs] 506641K->378752K(506816K), [Metaspace: 2698K->2698K(1056768K)], 0.0465730 secs] [Times: user=0.04 sys=0.00, real=0.05 secs] 
2021-01-22T19:42:39.482-0800: 221.970: [Full GC (Allocation Failure) 2021-01-22T19:42:39.482-0800: 221.970: [Tenured: 349504K->348886K(349568K), 0.0506962 secs] 506333K->358374K(506816K), [Metaspace: 2698K->2698K(1056768K)], 0.0507970 secs] [Times: user=0.05 sys=0.00, real=0.05 secs] 
2021-01-22T19:42:39.552-0800: 222.040: [Full GC (Allocation Failure) 2021-01-22T19:42:39.552-0800: 222.040: [Tenured: 348886K->349350K(349568K), 0.0350251 secs] 505648K->371492K(506816K), [Metaspace: 2698K->2698K(1056768K)], 0.0351217 secs] [Times: user=0.03 sys=0.00, real=0.03 secs] 
2021-01-22T19:42:39.608-0800: 222.096: [Full GC (Allocation Failure) 2021-01-22T19:42:39.608-0800: 222.096: [Tenured: 349458K->349439K(349568K), 0.0413675 secs] 506682K->369973K(506816K), [Metaspace: 2698K->2698K(1056768K)], 0.0414621 secs] [Times: user=0.04 sys=0.00, real=0.04 secs] 
2021-01-22T19:42:39.669-0800: 222.157: [Full GC (Allocation Failure) 2021-01-22T19:42:39.669-0800: 222.157: [Tenured: 349547K->349479K(349568K), 0.0427799 secs] 506768K->368376K(506816K), [Metaspace: 2698K->2698K(1056768K)], 0.0428743 secs] [Times: user=0.04 sys=0.00, real=0.05 secs] 
2021-01-22T19:42:39.732-0800: 222.220: [Full GC (Allocation Failure) 2021-01-22T19:42:39.732-0800: 222.220: [Tenured: 349551K->349515K(349568K), 0.0487280 secs] 506772K->349654K(506816K), [Metaspace: 2698K->2698K(1056768K)], 0.0488764 secs] [Times: user=0.05 sys=0.00, real=0.05 secs] 
2021-01-22T19:42:39.805-0800: 222.293: [Full GC (Allocation Failure) 2021-01-22T19:42:39.805-0800: 222.293: [Tenured: 349515K->349552K(349568K), 0.0319286 secs] 506355K->369166K(506816K), [Metaspace: 2698K->2698K(1056768K)], 0.0320216 secs] [Times: user=0.04 sys=0.00, real=0.03 secs] 
2021-01-22T19:42:39.858-0800: 222.346: [Full GC (Allocation Failure) 2021-01-22T19:42:39.858-0800: 222.346: [Tenured: 349552K->349038K(349568K), 0.0426587 secs] 506650K->372943K(506816K), [Metaspace: 2698K->2698K(1056768K)], 0.0427515 secs] [Times: user=0.04 sys=0.00, real=0.05 secs] 
2021-01-22T19:42:39.920-0800: 222.409: [Full GC (Allocation Failure) 2021-01-22T19:42:39.921-0800: 222.409: [Tenured: 349565K->349172K(349568K), 0.0486756 secs] 506799K->379037K(506816K), [Metaspace: 2698K->2698K(1056768K)], 0.0487664 secs] [Times: user=0.04 sys=0.00, real=0.04 secs] 
2021-01-22T19:42:39.985-0800: 222.473: [Full GC (Allocation Failure) 2021-01-22T19:42:39.985-0800: 222.473: [Tenured: 349523K->349176K(349568K), 0.0568806 secs] 506771K->363674K(506816K), [Metaspace: 2698K->2698K(1056768K)], 0.0569710 secs] [Times: user=0.05 sys=0.01, real=0.06 secs] 
2021-01-22T19:42:40.064-0800: 222.552: [Full GC (Allocation Failure) 2021-01-22T19:42:40.064-0800: 222.552: [Tenured: 349444K->349497K(349568K), 0.0382672 secs] 506589K->387322K(506816K), [Metaspace: 2698K->2698K(1056768K)], 0.0383845 secs] [Times: user=0.04 sys=0.00, real=0.04 secs] 
2021-01-22T19:42:40.118-0800: 222.606: [Full GC (Allocation Failure) 2021-01-22T19:42:40.118-0800: 222.606: [Tenured: 349497K->349558K(349568K), 0.0470462 secs] 506729K->391212K(506816K), [Metaspace: 2698K->2698K(1056768K)], 0.0472985 secs] [Times: user=0.05 sys=0.00, real=0.05 secs] 
2021-01-22T19:42:40.179-0800: 222.667: [Full GC (Allocation Failure) 2021-01-22T19:42:40.179-0800: 222.667: [Tenured: 349564K->349062K(349568K), 0.0495368 secs] 506806K->390924K(506816K), [Metaspace: 2698K->2698K(1056768K)], 0.0496312 secs] [Times: user=0.05 sys=0.00, real=0.05 secs] 
2021-01-22T19:42:40.245-0800: 222.733: [Full GC (Allocation Failure) 2021-01-22T19:42:40.245-0800: 222.733: [Tenured: 349558K->349554K(349568K), 0.0590031 secs] 506805K->374155K(506816K), [Metaspace: 2698K->2698K(1056768K)], 0.0591032 secs] [Times: user=0.06 sys=0.00, real=0.06 secs] 
2021-01-22T19:42:40.324-0800: 222.812: [Full GC (Allocation Failure) 2021-01-22T19:42:40.324-0800: 222.812: [Tenured: 349554K->349558K(349568K), 0.0356774 secs] 506650K->390483K(506816K), [Metaspace: 2698K->2698K(1056768K)], 0.0357800 secs] [Times: user=0.04 sys=0.00, real=0.03 secs] 
2021-01-22T19:42:40.374-0800: 222.862: [Full GC (Allocation Failure) 2021-01-22T19:42:40.374-0800: 222.862: [Tenured: 349558K->349535K(349568K), 0.0430312 secs] 506674K->390600K(506816K), [Metaspace: 2698K->2698K(1056768K)], 0.0433208 secs] [Times: user=0.05 sys=0.00, real=0.04 secs] 
2021-01-22T19:42:40.433-0800: 222.921: [Full GC (Allocation Failure) 2021-01-22T19:42:40.433-0800: 222.921: [Tenured: 349535K->349175K(349568K), 0.0442996 secs] 506746K->393096K(506816K), [Metaspace: 2698K->2698K(1056768K)], 0.0443944 secs] [Times: user=0.04 sys=0.00, real=0.04 secs] 
2021-01-22T19:42:40.494-0800: 222.982: [Full GC (Allocation Failure) 2021-01-22T19:42:40.494-0800: 222.982: [Tenured: 349567K->349537K(349568K), 0.0549196 secs] 506591K->374990K(506816K), [Metaspace: 2698K->2698K(1056768K)], 0.0550219 secs] [Times: user=0.05 sys=0.00, real=0.05 secs] 
2021-01-22T19:42:40.566-0800: 223.054: [Full GC (Allocation Failure) 2021-01-22T19:42:40.566-0800: 223.054: [Tenured: 349537K->349532K(349568K), 0.0382377 secs] 506680K->386730K(506816K), [Metaspace: 2698K->2698K(1056768K)], 0.0383285 secs] [Times: user=0.04 sys=0.00, real=0.04 secs] 
2021-01-22T19:42:40.619-0800: 223.107: [Full GC (Allocation Failure) 2021-01-22T19:42:40.619-0800: 223.107: [Tenured: 349532K->349541K(349568K), 0.0433740 secs] 506748K->385050K(506816K), [Metaspace: 2698K->2698K(1056768K)], 0.0434795 secs] [Times: user=0.04 sys=0.00, real=0.05 secs] 
2021-01-22T19:42:40.681-0800: 223.170: [Full GC (Allocation Failure) 2021-01-22T19:42:40.681-0800: 223.170: [Tenured: 349541K->349335K(349568K), 0.0483150 secs] 506587K->389900K(506816K), [Metaspace: 2698K->2698K(1056768K)], 0.0484304 secs] [Times: user=0.05 sys=0.01, real=0.05 secs] 
2021-01-22T19:42:40.745-0800: 223.233: [Full GC (Allocation Failure) 2021-01-22T19:42:40.745-0800: 223.233: [Tenured: 349479K->349535K(349568K), 0.0549972 secs] 506680K->370475K(506816K), [Metaspace: 2698K->2698K(1056768K)], 0.0550908 secs] [Times: user=0.06 sys=0.00, real=0.06 secs] 
2021-01-22T19:42:40.819-0800: 223.308: [Full GC (Allocation Failure) 2021-01-22T19:42:40.819-0800: 223.308: [Tenured: 349535K->349496K(349568K), 0.0300414 secs] 506707K->390309K(506816K), [Metaspace: 2698K->2698K(1056768K)], 0.0302712 secs] [Times: user=0.03 sys=0.00, real=0.04 secs] 
2021-01-22T19:42:40.869-0800: 223.357: [Full GC (Allocation Failure) 2021-01-22T19:42:40.869-0800: 223.357: [Tenured: 349532K->349400K(349568K), 0.0394556 secs] 506779K->387145K(506816K), [Metaspace: 2698K->2698K(1056768K)], 0.0395609 secs] [Times: user=0.03 sys=0.00, real=0.04 secs] 
2021-01-22T19:42:40.926-0800: 223.414: [Full GC (Allocation Failure) 2021-01-22T19:42:40.926-0800: 223.414: [Tenured: 349400K->349038K(349568K), 0.0515653 secs] 506594K->385264K(506816K), [Metaspace: 2698K->2698K(1056768K)], 0.0516744 secs] [Times: user=0.05 sys=0.00, real=0.05 secs] 
2021-01-22T19:42:40.993-0800: 223.481: [Full GC (Allocation Failure) 2021-01-22T19:42:40.993-0800: 223.481: [Tenured: 349480K->349428K(349568K), 0.0551628 secs] 506606K->369982K(506816K), [Metaspace: 2698K->2698K(1056768K)], 0.0552592 secs] [Times: user=0.06 sys=0.00, real=0.05 secs] 
2021-01-22T19:42:41.067-0800: 223.556: [Full GC (Allocation Failure) 2021-01-22T19:42:41.068-0800: 223.556: [Tenured: 349428K->349442K(349568K), 0.0366286 secs] 506430K->389132K(506816K), [Metaspace: 2698K->2698K(1056768K)], 0.0367244 secs] [Times: user=0.03 sys=0.00, real=0.04 secs] 
2021-01-22T19:42:41.122-0800: 223.610: [Full GC (Allocation Failure) 2021-01-22T19:42:41.122-0800: 223.610: [Tenured: 349442K->349311K(349568K), 0.0381108 secs] 506354K->386371K(506816K), [Metaspace: 2698K->2698K(1056768K)], 0.0382052 secs] [Times: user=0.04 sys=0.00, real=0.04 secs] 
2021-01-22T19:42:41.177-0800: 223.665: [Full GC (Allocation Failure) 2021-01-22T19:42:41.177-0800: 223.665: [Tenured: 349551K->349334K(349568K), 0.0484009 secs] 506772K->386444K(506816K), [Metaspace: 2698K->2698K(1056768K)], 0.0484964 secs] [Times: user=0.05 sys=0.00, real=0.05 secs] 
2021-01-22T19:42:41.242-0800: 223.730: [Full GC (Allocation Failure) 2021-01-22T19:42:41.242-0800: 223.730: [Tenured: 349334K->349477K(349568K), 0.0521118 secs] 506392K->370671K(506816K), [Metaspace: 2698K->2698K(1056768K)], 0.0522419 secs] [Times: user=0.05 sys=0.00, real=0.05 secs] 
2021-01-22T19:42:41.315-0800: 223.803: [Full GC (Allocation Failure) 2021-01-22T19:42:41.315-0800: 223.803: [Tenured: 349513K->348898K(349568K), 0.0339686 secs] 506739K->394386K(506816K), [Metaspace: 2698K->2698K(1056768K)], 0.0340651 secs] [Times: user=0.03 sys=0.00, real=0.03 secs] 
2021-01-22T19:42:41.363-0800: 223.851: [Full GC (Allocation Failure) 2021-01-22T19:42:41.363-0800: 223.851: [Tenured: 349542K->349035K(349568K), 0.0452458 secs] 506785K->393496K(506816K), [Metaspace: 2698K->2698K(1056768K)], 0.0453471 secs] [Times: user=0.05 sys=0.00, real=0.04 secs] 
2021-01-22T19:42:41.424-0800: 223.913: [Full GC (Allocation Failure) 2021-01-22T19:42:41.424-0800: 223.913: [Tenured: 349035K->349534K(349568K), 0.0415809 secs] 506206K->390981K(506816K), [Metaspace: 2698K->2698K(1056768K)], 0.0416804 secs] [Times: user=0.04 sys=0.01, real=0.04 secs] 
2021-01-22T19:42:41.486-0800: 223.975: [Full GC (Allocation Failure) 2021-01-22T19:42:41.487-0800: 223.975: [Tenured: 349534K->349081K(349568K), 0.0517522 secs] 506300K->374190K(506816K), [Metaspace: 2698K->2698K(1056768K)], 0.0519147 secs] [Times: user=0.05 sys=0.00, real=0.05 secs] 
2021-01-22T19:42:41.558-0800: 224.046: [Full GC (Allocation Failure) 2021-01-22T19:42:41.558-0800: 224.046: [Tenured: 349081K->349542K(349568K), 0.0327640 secs] 506139K->395262K(506816K), [Metaspace: 2698K->2698K(1056768K)], 0.0328579 secs] [Times: user=0.03 sys=0.00, real=0.04 secs] 
2021-01-22T19:42:41.604-0800: 224.093: [Full GC (Allocation Failure) 2021-01-22T19:42:41.604-0800: 224.093: [Tenured: 349542K->349312K(349568K), 0.0458510 secs] 506550K->394739K(506816K), [Metaspace: 2698K->2698K(1056768K)], 0.0459457 secs] [Times: user=0.04 sys=0.00, real=0.05 secs] 
2021-01-22T19:42:41.664-0800: 224.152: [Full GC (Allocation Failure) 2021-01-22T19:42:41.664-0800: 224.152: [Tenured: 349312K->349098K(349568K), 0.0487147 secs] 506221K->397747K(506816K), [Metaspace: 2698K->2698K(1056768K)], 0.0488101 secs] [Times: user=0.04 sys=0.00, real=0.05 secs] 
2021-01-22T19:42:41.726-0800: 224.214: [Full GC (Allocation Failure) 2021-01-22T19:42:41.726-0800: 224.214: [Tenured: 349551K->348880K(349568K), 0.0572907 secs] 506791K->388010K(506816K), [Metaspace: 2698K->2698K(1056768K)], 0.0573932 secs] [Times: user=0.05 sys=0.00, real=0.06 secs] 
2021-01-22T19:42:41.798-0800: 224.286: [Full GC (Allocation Failure) 2021-01-22T19:42:41.798-0800: 224.286: [Tenured: 348880K->349360K(349568K), 0.0379664 secs] 505570K->402537K(506816K), [Metaspace: 2698K->2698K(1056768K)], 0.0380618 secs] [Times: user=0.03 sys=0.00, real=0.04 secs] 
2021-01-22T19:42:41.849-0800: 224.337: [Full GC (Allocation Failure) 2021-01-22T19:42:41.849-0800: 224.337: [Tenured: 349360K->349407K(349568K), 0.0463486 secs] 506376K->405555K(506816K), [Metaspace: 2698K->2698K(1056768K)], 0.0464871 secs] [Times: user=0.04 sys=0.00, real=0.05 secs] 
2021-01-22T19:42:41.911-0800: 224.399: [Full GC (Allocation Failure) 2021-01-22T19:42:41.911-0800: 224.399: [Tenured: 349407K->349498K(349568K), 0.0469807 secs] 506226K->409703K(506816K), [Metaspace: 2698K->2698K(1056768K)], 0.0470755 secs] [Times: user=0.04 sys=0.00, real=0.04 secs] 
2021-01-22T19:42:41.971-0800: 224.459: [Full GC (Allocation Failure) 2021-01-22T19:42:41.971-0800: 224.459: [Tenured: 349498K->349493K(349568K), 0.0578610 secs] 506678K->393280K(506816K), [Metaspace: 2698K->2698K(1056768K)], 0.0579580 secs] [Times: user=0.06 sys=0.00, real=0.05 secs] 
2021-01-22T19:42:42.047-0800: 224.535: [Full GC (Allocation Failure) 2021-01-22T19:42:42.047-0800: 224.535: [Tenured: 349493K->349101K(349568K), 0.0306381 secs] 506702K->408491K(506816K), [Metaspace: 2698K->2698K(1056768K)], 0.0307288 secs] [Times: user=0.03 sys=0.00, real=0.03 secs] 
2021-01-22T19:42:42.090-0800: 224.578: [Full GC (Allocation Failure) 2021-01-22T19:42:42.090-0800: 224.578: [Tenured: 349101K->349184K(349568K), 0.0462379 secs] 506055K->405940K(506816K), [Metaspace: 2698K->2698K(1056768K)], 0.0463432 secs] [Times: user=0.04 sys=0.00, real=0.04 secs] 
2021-01-22T19:42:42.148-0800: 224.636: [Full GC (Allocation Failure) 2021-01-22T19:42:42.148-0800: 224.637: [Tenured: 349510K->349548K(349568K), 0.0512704 secs] 506729K->403037K(506816K), [Metaspace: 2698K->2698K(1056768K)], 0.0513885 secs] [Times: user=0.04 sys=0.01, real=0.06 secs] 
2021-01-22T19:42:42.213-0800: 224.701: [Full GC (Allocation Failure) 2021-01-22T19:42:42.213-0800: 224.701: [Tenured: 349548K->349136K(349568K), 0.0558225 secs] 506794K->379072K(506816K), [Metaspace: 2698K->2698K(1056768K)], 0.0559190 secs] [Times: user=0.05 sys=0.00, real=0.05 secs] 
2021-01-22T19:42:42.288-0800: 224.776: [Full GC (Allocation Failure) 2021-01-22T19:42:42.288-0800: 224.776: [Tenured: 349523K->348997K(349568K), 0.0324164 secs] 506710K->394140K(506816K), [Metaspace: 2698K->2698K(1056768K)], 0.0325093 secs] [Times: user=0.03 sys=0.00, real=0.04 secs] 
2021-01-22T19:42:42.338-0800: 224.826: [Full GC (Allocation Failure) 2021-01-22T19:42:42.338-0800: 224.826: [Tenured: 348997K->349544K(349568K), 0.0393751 secs] 505633K->392578K(506816K), [Metaspace: 2698K->2698K(1056768K)], 0.0394683 secs] [Times: user=0.04 sys=0.00, real=0.04 secs] 
2021-01-22T19:42:42.396-0800: 224.885: [Full GC (Allocation Failure) 2021-01-22T19:42:42.397-0800: 224.885: [Tenured: 349544K->349116K(349568K), 0.0497632 secs] 506726K->397197K(506816K), [Metaspace: 2698K->2698K(1056768K)], 0.0498581 secs] [Times: user=0.05 sys=0.00, real=0.05 secs] 
2021-01-22T19:42:42.462-0800: 224.950: [Full GC (Allocation Failure) 2021-01-22T19:42:42.462-0800: 224.950: [Tenured: 349116K->349564K(349568K), 0.0534564 secs] 505910K->384028K(506816K), [Metaspace: 2698K->2698K(1056768K)], 0.0535633 secs] [Times: user=0.05 sys=0.00, real=0.05 secs] 
2021-01-22T19:42:42.533-0800: 225.021: [Full GC (Allocation Failure) 2021-01-22T19:42:42.533-0800: 225.021: [Tenured: 349564K->349539K(349568K), 0.0313605 secs] 506801K->402764K(506816K), [Metaspace: 2698K->2698K(1056768K)], 0.0314513 secs] [Times: user=0.04 sys=0.00, real=0.03 secs] 
2021-01-22T19:42:42.580-0800: 225.068: [Full GC (Allocation Failure) 2021-01-22T19:42:42.580-0800: 225.068: [Tenured: 349539K->349164K(349568K), 0.0456514 secs] 506785K->403131K(506816K), [Metaspace: 2698K->2698K(1056768K)], 0.0457591 secs] [Times: user=0.04 sys=0.00, real=0.04 secs] 
2021-01-22T19:42:42.641-0800: 225.129: [Full GC (Allocation Failure) 2021-01-22T19:42:42.641-0800: 225.129: [Tenured: 349164K->349562K(349568K), 0.0416351 secs] 505870K->407046K(506816K), [Metaspace: 2698K->2698K(1056768K)], 0.0418866 secs] [Times: user=0.04 sys=0.00, real=0.04 secs] 
2021-01-22T19:42:42.698-0800: 225.186: [Full GC (Allocation Failure) 2021-01-22T19:42:42.698-0800: 225.186: [Tenured: 349562K->349169K(349568K), 0.0566900 secs] 506657K->391196K(506816K), [Metaspace: 2698K->2698K(1056768K)], 0.0567859 secs] [Times: user=0.06 sys=0.00, real=0.06 secs] 
2021-01-22T19:42:42.772-0800: 225.260: [Full GC (Allocation Failure) 2021-01-22T19:42:42.772-0800: 225.260: [Tenured: 349516K->349029K(349568K), 0.0291558 secs] 506747K->409573K(506816K), [Metaspace: 2698K->2698K(1056768K)], 0.0293650 secs] [Times: user=0.03 sys=0.00, real=0.03 secs] 
2021-01-22T19:42:42.814-0800: 225.303: [Full GC (Allocation Failure) 2021-01-22T19:42:42.814-0800: 225.303: [Tenured: 349565K->349380K(349568K), 0.0458627 secs] 506722K->410084K(506816K), [Metaspace: 2698K->2698K(1056768K)], 0.0459576 secs] [Times: user=0.04 sys=0.01, real=0.05 secs] 
2021-01-22T19:42:42.873-0800: 225.361: [Full GC (Allocation Failure) 2021-01-22T19:42:42.873-0800: 225.361: [Tenured: 349380K->349504K(349568K), 0.0447000 secs] 506181K->402418K(506816K), [Metaspace: 2698K->2698K(1056768K)], 0.0449154 secs] [Times: user=0.04 sys=0.00, real=0.04 secs] 
2021-01-22T19:42:42.933-0800: 225.421: [Full GC (Allocation Failure) 2021-01-22T19:42:42.933-0800: 225.421: [Tenured: 349504K->349139K(349568K), 0.0568249 secs] 506724K->389237K(506816K), [Metaspace: 2698K->2698K(1056768K)], 0.0569165 secs] [Times: user=0.06 sys=0.00, real=0.06 secs] 
2021-01-22T19:42:43.006-0800: 225.495: [Full GC (Allocation Failure) 2021-01-22T19:42:43.006-0800: 225.495: [Tenured: 349536K->349517K(349568K), 0.0275039 secs] 506776K->403956K(506816K), [Metaspace: 2698K->2698K(1056768K)], 0.0277494 secs] [Times: user=0.03 sys=0.00, real=0.03 secs] 
2021-01-22T19:42:43.048-0800: 225.536: [Full GC (Allocation Failure) 2021-01-22T19:42:43.048-0800: 225.536: [Tenured: 349517K->349187K(349568K), 0.0461758 secs] 506763K->406919K(506816K), [Metaspace: 2698K->2698K(1056768K)], 0.0462897 secs] [Times: user=0.04 sys=0.00, real=0.05 secs] 
2021-01-22T19:42:43.109-0800: 225.597: [Full GC (Allocation Failure) 2021-01-22T19:42:43.109-0800: 225.597: [Tenured: 349187K->349283K(349568K), 0.0456238 secs] 506216K->404199K(506816K), [Metaspace: 2698K->2698K(1056768K)], 0.0457259 secs] [Times: user=0.05 sys=0.00, real=0.05 secs] 
2021-01-22T19:42:43.171-0800: 225.659: [Full GC (Allocation Failure) 2021-01-22T19:42:43.171-0800: 225.659: [Tenured: 349283K->349527K(349568K), 0.0568835 secs] 506095K->393781K(506816K), [Metaspace: 2698K->2698K(1056768K)], 0.0570204 secs] [Times: user=0.06 sys=0.00, real=0.05 secs] 
2021-01-22T19:42:43.242-0800: 225.730: [Full GC (Allocation Failure) 2021-01-22T19:42:43.242-0800: 225.730: [Tenured: 349527K->349141K(349568K), 0.0303254 secs] 506630K->410160K(506816K), [Metaspace: 2698K->2698K(1056768K)], 0.0304209 secs] [Times: user=0.03 sys=0.00, real=0.03 secs] 
2021-01-22T19:42:43.288-0800: 225.776: [Full GC (Allocation Failure) 2021-01-22T19:42:43.288-0800: 225.776: [Tenured: 349487K->349498K(349568K), 0.0431715 secs] 506597K->408065K(506816K), [Metaspace: 2698K->2698K(1056768K)], 0.0432625 secs] [Times: user=0.04 sys=0.00, real=0.05 secs] 
2021-01-22T19:42:43.346-0800: 225.834: [Full GC (Allocation Failure) 2021-01-22T19:42:43.346-0800: 225.834: [Tenured: 349561K->348912K(349568K), 0.0456638 secs] 506806K->408975K(506816K), [Metaspace: 2698K->2698K(1056768K)], 0.0457881 secs] [Times: user=0.05 sys=0.00, real=0.05 secs] 
2021-01-22T19:42:43.406-0800: 225.895: [Full GC (Allocation Failure) 2021-01-22T19:42:43.406-0800: 225.895: [Tenured: 348912K->349543K(349568K), 0.0541632 secs] 506104K->395305K(506816K), [Metaspace: 2698K->2698K(1056768K)], 0.0542592 secs] [Times: user=0.05 sys=0.00, real=0.06 secs] 
2021-01-22T19:42:43.477-0800: 225.965: [Full GC (Allocation Failure) 2021-01-22T19:42:43.477-0800: 225.965: [Tenured: 349543K->349499K(349568K), 0.0391886 secs] 506155K->413173K(506816K), [Metaspace: 2698K->2698K(1056768K)], 0.0393733 secs] [Times: user=0.04 sys=0.00, real=0.04 secs] 
2021-01-22T19:42:43.530-0800: 226.018: [Full GC (Allocation Failure) 2021-01-22T19:42:43.530-0800: 226.018: [Tenured: 349499K->349184K(349568K), 0.0441829 secs] 506200K->411911K(506816K), [Metaspace: 2698K->2698K(1056768K)], 0.0442784 secs] [Times: user=0.04 sys=0.01, real=0.04 secs] 
2021-01-22T19:42:43.589-0800: 226.078: [Full GC (Allocation Failure) 2021-01-22T19:42:43.590-0800: 226.078: [Tenured: 349497K->349564K(349568K), 0.0481943 secs] 506710K->411069K(506816K), [Metaspace: 2698K->2698K(1056768K)], 0.0482872 secs] [Times: user=0.05 sys=0.00, real=0.05 secs] 
2021-01-22T19:42:43.651-0800: 226.139: [Full GC (Allocation Failure) 2021-01-22T19:42:43.651-0800: 226.140: [Tenured: 349564K->349244K(349568K), 0.0578751 secs] 506625K->391652K(506816K), [Metaspace: 2698K->2698K(1056768K)], 0.0580798 secs] [Times: user=0.06 sys=0.00, real=0.05 secs] 
2021-01-22T19:42:43.723-0800: 226.211: [Full GC (Allocation Failure) 2021-01-22T19:42:43.723-0800: 226.211: [Tenured: 349244K->349207K(349568K), 0.0389111 secs] 506097K->403180K(506816K), [Metaspace: 2698K->2698K(1056768K)], 0.0390072 secs] [Times: user=0.04 sys=0.00, real=0.04 secs] 
2021-01-22T19:42:43.777-0800: 226.266: [Full GC (Allocation Failure) 2021-01-22T19:42:43.777-0800: 226.266: [Tenured: 349207K->349530K(349568K), 0.0453276 secs] 505732K->402100K(506816K), [Metaspace: 2698K->2698K(1056768K)], 0.0454227 secs] [Times: user=0.05 sys=0.00, real=0.05 secs] 
2021-01-22T19:42:43.839-0800: 226.327: [Full GC (Allocation Failure) 2021-01-22T19:42:43.839-0800: 226.327: [Tenured: 349530K->349399K(349568K), 0.0515769 secs] 506759K->395906K(506816K), [Metaspace: 2698K->2698K(1056768K)], 0.0516676 secs] [Times: user=0.05 sys=0.00, real=0.06 secs] 
2021-01-22T19:42:43.904-0800: 226.393: [Full GC (Allocation Failure) 2021-01-22T19:42:43.904-0800: 226.393: [Tenured: 349399K->349328K(349568K), 0.0559651 secs] 506523K->374527K(506816K), [Metaspace: 2698K->2698K(1056768K)], 0.0560611 secs] [Times: user=0.06 sys=0.00, real=0.06 secs] 
2021-01-22T19:42:43.977-0800: 226.465: [Full GC (Allocation Failure) 2021-01-22T19:42:43.977-0800: 226.465: [Tenured: 349510K->349298K(349568K), 0.0355774 secs] 506679K->388895K(506816K), [Metaspace: 2698K->2698K(1056768K)], 0.0356751 secs] [Times: user=0.04 sys=0.00, real=0.04 secs] 
2021-01-22T19:42:44.030-0800: 226.518: [Full GC (Allocation Failure) 2021-01-22T19:42:44.030-0800: 226.518: [Tenured: 349298K->349222K(349568K), 0.0481694 secs] 506431K->395248K(506816K), [Metaspace: 2698K->2698K(1056768K)], 0.0482690 secs] [Times: user=0.04 sys=0.00, real=0.04 secs] 
2021-01-22T19:42:44.091-0800: 226.579: [Full GC (Allocation Failure) 2021-01-22T19:42:44.091-0800: 226.579: [Tenured: 349565K->349481K(349568K), 0.0504947 secs] 506805K->399827K(506816K), [Metaspace: 2698K->2698K(1056768K)], 0.0505906 secs] [Times: user=0.05 sys=0.00, real=0.05 secs] 
2021-01-22T19:42:44.156-0800: 226.644: [Full GC (Allocation Failure) 2021-01-22T19:42:44.156-0800: 226.644: [Tenured: 349481K->349459K(349568K), 0.0561474 secs] 506506K->382705K(506816K), [Metaspace: 2698K->2698K(1056768K)], 0.0563221 secs] [Times: user=0.05 sys=0.00, real=0.06 secs] 
2021-01-22T19:42:44.231-0800: 226.719: [Full GC (Allocation Failure) 2021-01-22T19:42:44.231-0800: 226.719: [Tenured: 349459K->349421K(349568K), 0.0332160 secs] 506089K->398390K(506816K), [Metaspace: 2698K->2698K(1056768K)], 0.0333295 secs] [Times: user=0.03 sys=0.00, real=0.03 secs] 
2021-01-22T19:42:44.282-0800: 226.770: [Full GC (Allocation Failure) 2021-01-22T19:42:44.282-0800: 226.770: [Tenured: 349421K->349244K(349568K), 0.0438788 secs] 506453K->391913K(506816K), [Metaspace: 2698K->2698K(1056768K)], 0.0439875 secs] [Times: user=0.04 sys=0.00, real=0.04 secs] 
2021-01-22T19:42:44.343-0800: 226.832: [Full GC (Allocation Failure) 2021-01-22T19:42:44.344-0800: 226.832: [Tenured: 349514K->349484K(349568K), 0.0493496 secs] 506753K->386618K(506816K), [Metaspace: 2698K->2698K(1056768K)], 0.0494459 secs] [Times: user=0.05 sys=0.01, real=0.05 secs] 
2021-01-22T19:42:44.407-0800: 226.895: [Full GC (Allocation Failure) 2021-01-22T19:42:44.407-0800: 226.895: [Tenured: 349484K->349546K(349568K), 0.0555766 secs] 506472K->371160K(506816K), [Metaspace: 2698K->2698K(1056768K)], 0.0556728 secs] [Times: user=0.06 sys=0.00, real=0.06 secs] 
2021-01-22T19:42:44.482-0800: 226.970: [Full GC (Allocation Failure) 2021-01-22T19:42:44.482-0800: 226.970: [Tenured: 349546K->349537K(349568K), 0.0350454 secs] 506736K->391308K(506816K), [Metaspace: 2698K->2698K(1056768K)], 0.0351392 secs] [Times: user=0.03 sys=0.00, real=0.03 secs] 
2021-01-22T19:42:44.532-0800: 227.020: [Full GC (Allocation Failure) 2021-01-22T19:42:44.532-0800: 227.020: [Tenured: 349537K->348945K(349568K), 0.0448204 secs] 506740K->389353K(506816K), [Metaspace: 2698K->2698K(1056768K)], 0.0449149 secs] [Times: user=0.05 sys=0.00, real=0.04 secs] 
2021-01-22T19:42:44.596-0800: 227.085: [Full GC (Allocation Failure) 2021-01-22T19:42:44.596-0800: 227.085: [Tenured: 349437K->349315K(349568K), 0.0501251 secs] 506681K->386688K(506816K), [Metaspace: 2698K->2698K(1056768K)], 0.0502444 secs] [Times: user=0.04 sys=0.00, real=0.05 secs] 
2021-01-22T19:42:44.664-0800: 227.153: [Full GC (Allocation Failure) 2021-01-22T19:42:44.664-0800: 227.153: [Tenured: 349315K->349557K(349568K), 0.0517150 secs] 506469K->372404K(506816K), [Metaspace: 2698K->2698K(1056768K)], 0.0518256 secs] [Times: user=0.05 sys=0.00, real=0.05 secs] 
2021-01-22T19:42:44.738-0800: 227.226: [Full GC (Allocation Failure) 2021-01-22T19:42:44.738-0800: 227.226: [Tenured: 349557K->349521K(349568K), 0.0346906 secs] 506641K->393667K(506816K), [Metaspace: 2698K->2698K(1056768K)], 0.0347822 secs] [Times: user=0.04 sys=0.00, real=0.04 secs] 
2021-01-22T19:42:44.786-0800: 227.274: [Full GC (Allocation Failure) 2021-01-22T19:42:44.786-0800: 227.274: [Tenured: 349521K->349522K(349568K), 0.0423505 secs] 506733K->399326K(506816K), [Metaspace: 2698K->2698K(1056768K)], 0.0424561 secs] [Times: user=0.04 sys=0.00, real=0.04 secs] 
2021-01-22T19:42:44.845-0800: 227.334: [Full GC (Allocation Failure) 2021-01-22T19:42:44.845-0800: 227.334: [Tenured: 349522K->349286K(349568K), 0.0446795 secs] 506615K->399705K(506816K), [Metaspace: 2698K->2698K(1056768K)], 0.0447794 secs] [Times: user=0.04 sys=0.00, real=0.05 secs] 
2021-01-22T19:42:44.905-0800: 227.394: [Full GC (Allocation Failure) 2021-01-22T19:42:44.905-0800: 227.394: [Tenured: 349518K->349395K(349568K), 0.0573963 secs] 506752K->388763K(506816K), [Metaspace: 2698K->2698K(1056768K)], 0.0574947 secs] [Times: user=0.05 sys=0.00, real=0.06 secs] 
2021-01-22T19:42:44.977-0800: 227.466: [Full GC (Allocation Failure) 2021-01-22T19:42:44.977-0800: 227.466: [Tenured: 349395K->349429K(349568K), 0.0358710 secs] 506496K->396976K(506816K), [Metaspace: 2698K->2698K(1056768K)], 0.0359683 secs] [Times: user=0.03 sys=0.00, real=0.04 secs] 
2021-01-22T19:42:45.028-0800: 227.516: [Full GC (Allocation Failure) 2021-01-22T19:42:45.028-0800: 227.516: [Tenured: 349521K->349444K(349568K), 0.0505203 secs] 506751K->395470K(506816K), [Metaspace: 2698K->2698K(1056768K)], 0.0506258 secs] [Times: user=0.05 sys=0.00, real=0.05 secs] 
2021-01-22T19:42:45.097-0800: 227.586: [Full GC (Allocation Failure) 2021-01-22T19:42:45.097-0800: 227.586: [Tenured: 349548K->349275K(349568K), 0.0519723 secs] 506726K->403849K(506816K), [Metaspace: 2698K->2698K(1056768K)], 0.0521160 secs] [Times: user=0.05 sys=0.00, real=0.05 secs] 
2021-01-22T19:42:45.162-0800: 227.650: [Full GC (Allocation Failure) 2021-01-22T19:42:45.162-0800: 227.650: [Tenured: 349275K->349501K(349568K), 0.0579174 secs] 505885K->385646K(506816K), [Metaspace: 2698K->2698K(1056768K)], 0.0580188 secs] [Times: user=0.06 sys=0.00, real=0.06 secs] 
2021-01-22T19:42:45.238-0800: 227.727: [Full GC (Allocation Failure) 2021-01-22T19:42:45.238-0800: 227.727: [Tenured: 349501K->349524K(349568K), 0.0346342 secs] 506567K->401894K(506816K), [Metaspace: 2698K->2698K(1056768K)], 0.0347518 secs] [Times: user=0.03 sys=0.00, real=0.04 secs] 
2021-01-22T19:42:45.289-0800: 227.778: [Full GC (Allocation Failure) 2021-01-22T19:42:45.289-0800: 227.778: [Tenured: 349524K->349528K(349568K), 0.0392862 secs] 506649K->399380K(506816K), [Metaspace: 2698K->2698K(1056768K)], 0.0393824 secs] [Times: user=0.04 sys=0.00, real=0.04 secs] 
2021-01-22T19:42:45.345-0800: 227.834: [Full GC (Allocation Failure) 2021-01-22T19:42:45.346-0800: 227.834: [Tenured: 349528K->349007K(349568K), 0.0482255 secs] 506362K->394734K(506816K), [Metaspace: 2698K->2698K(1056768K)], 0.0483254 secs] [Times: user=0.05 sys=0.00, real=0.05 secs] 
2021-01-22T19:42:45.411-0800: 227.899: [Full GC (Allocation Failure) 2021-01-22T19:42:45.411-0800: 227.899: [Tenured: 349519K->349457K(349568K), 0.0522315 secs] 506655K->372827K(506816K), [Metaspace: 2698K->2698K(1056768K)], 0.0523263 secs] [Times: user=0.05 sys=0.00, real=0.05 secs] 
2021-01-22T19:42:45.482-0800: 227.970: [Full GC (Allocation Failure) 2021-01-22T19:42:45.482-0800: 227.971: [Tenured: 349457K->349507K(349568K), 0.0332670 secs] 506552K->388204K(506816K), [Metaspace: 2698K->2698K(1056768K)], 0.0333748 secs] [Times: user=0.04 sys=0.00, real=0.03 secs] 
2021-01-22T19:42:45.534-0800: 228.022: [Full GC (Allocation Failure) 2021-01-22T19:42:45.534-0800: 228.023: [Tenured: 349507K->349428K(349568K), 0.0461101 secs] 506612K->390963K(506816K), [Metaspace: 2698K->2698K(1056768K)], 0.0463651 secs] [Times: user=0.04 sys=0.00, real=0.05 secs] 
2021-01-22T19:42:45.594-0800: 228.083: [Full GC (Allocation Failure) 2021-01-22T19:42:45.594-0800: 228.083: [Tenured: 349507K->349451K(349568K), 0.0496145 secs] 506719K->387248K(506816K), [Metaspace: 2698K->2698K(1056768K)], 0.0497345 secs] [Times: user=0.05 sys=0.00, real=0.05 secs] 
2021-01-22T19:42:45.662-0800: 228.150: [Full GC (Allocation Failure) 2021-01-22T19:42:45.662-0800: 228.150: [Tenured: 349451K->348798K(349568K), 0.0516737 secs] 506661K->371176K(506816K), [Metaspace: 2698K->2698K(1056768K)], 0.0517742 secs] [Times: user=0.05 sys=0.00, real=0.05 secs] 
2021-01-22T19:42:45.733-0800: 228.221: [Full GC (Allocation Failure) 2021-01-22T19:42:45.733-0800: 228.221: [Tenured: 349472K->349557K(349568K), 0.0279164 secs] 506624K->389254K(506816K), [Metaspace: 2698K->2698K(1056768K)], 0.0280119 secs] [Times: user=0.03 sys=0.00, real=0.03 secs] 
2021-01-22T19:42:45.778-0800: 228.267: [Full GC (Allocation Failure) 2021-01-22T19:42:45.778-0800: 228.267: [Tenured: 349557K->349215K(349568K), 0.0455306 secs] 506794K->388410K(506816K), [Metaspace: 2698K->2698K(1056768K)], 0.0456268 secs] [Times: user=0.05 sys=0.01, real=0.05 secs] 
2021-01-22T19:42:45.839-0800: 228.328: [Full GC (Allocation Failure) 2021-01-22T19:42:45.839-0800: 228.328: [Tenured: 349565K->349129K(349568K), 0.0494602 secs] 506812K->387408K(506816K), [Metaspace: 2698K->2698K(1056768K)], 0.0495545 secs] [Times: user=0.05 sys=0.00, real=0.05 secs] 
2021-01-22T19:42:45.906-0800: 228.394: [Full GC (Allocation Failure) 2021-01-22T19:42:45.906-0800: 228.394: [Tenured: 349129K->349544K(349568K), 0.0517290 secs] 506203K->371512K(506816K), [Metaspace: 2698K->2698K(1056768K)], 0.0518217 secs] [Times: user=0.05 sys=0.00, real=0.05 secs] 
2021-01-22T19:42:45.977-0800: 228.465: [Full GC (Allocation Failure) 2021-01-22T19:42:45.977-0800: 228.465: [Tenured: 349544K->349376K(349568K), 0.0391390 secs] 506533K->392750K(506816K), [Metaspace: 2698K->2698K(1056768K)], 0.0392979 secs] [Times: user=0.04 sys=0.00, real=0.04 secs] 
2021-01-22T19:42:46.033-0800: 228.521: [Full GC (Allocation Failure) 2021-01-22T19:42:46.033-0800: 228.521: [Tenured: 349376K->349099K(349568K), 0.0439320 secs] 506499K->389870K(506816K), [Metaspace: 2698K->2698K(1056768K)], 0.0440286 secs] [Times: user=0.04 sys=0.00, real=0.04 secs] 
2021-01-22T19:42:46.092-0800: 228.580: [Full GC (Allocation Failure) 2021-01-22T19:42:46.092-0800: 228.580: [Tenured: 349549K->349560K(349568K), 0.0535432 secs] 506790K->390422K(506816K), [Metaspace: 2698K->2698K(1056768K)], 0.0536471 secs] [Times: user=0.05 sys=0.00, real=0.05 secs] 
2021-01-22T19:42:46.160-0800: 228.648: [Full GC (Allocation Failure) 2021-01-22T19:42:46.160-0800: 228.648: [Tenured: 349560K->349437K(349568K), 0.0545266 secs] 506719K->372593K(506816K), [Metaspace: 2698K->2698K(1056768K)], 0.0546209 secs] [Times: user=0.06 sys=0.00, real=0.05 secs] 
2021-01-22T19:42:46.230-0800: 228.719: [Full GC (Allocation Failure) 2021-01-22T19:42:46.230-0800: 228.719: [Tenured: 349536K->349549K(349568K), 0.0369938 secs] 506723K->388330K(506816K), [Metaspace: 2698K->2698K(1056768K)], 0.0371142 secs] [Times: user=0.04 sys=0.00, real=0.03 secs] 
2021-01-22T19:42:46.284-0800: 228.772: [Full GC (Allocation Failure) 2021-01-22T19:42:46.284-0800: 228.772: [Tenured: 349549K->349409K(349568K), 0.0494544 secs] 506648K->389394K(506816K), [Metaspace: 2698K->2698K(1056768K)], 0.0496746 secs] [Times: user=0.05 sys=0.00, real=0.05 secs] 
2021-01-22T19:42:46.349-0800: 228.837: [Full GC (Allocation Failure) 2021-01-22T19:42:46.349-0800: 228.837: [Tenured: 349517K->349454K(349568K), 0.0486727 secs] 506739K->383692K(506816K), [Metaspace: 2698K->2698K(1056768K)], 0.0487703 secs] [Times: user=0.04 sys=0.00, real=0.05 secs] 
2021-01-22T19:42:46.412-0800: 228.900: [Full GC (Allocation Failure) 2021-01-22T19:42:46.412-0800: 228.900: [Tenured: 349454K->349412K(349568K), 0.0513906 secs] 506039K->367506K(506816K), [Metaspace: 2698K->2698K(1056768K)], 0.0515010 secs] [Times: user=0.05 sys=0.00, real=0.05 secs] 
2021-01-22T19:42:46.487-0800: 228.975: [Full GC (Allocation Failure) 2021-01-22T19:42:46.487-0800: 228.975: [Tenured: 349412K->349157K(349568K), 0.0354720 secs] 506196K->391393K(506816K), [Metaspace: 2698K->2698K(1056768K)], 0.0355631 secs] [Times: user=0.03 sys=0.00, real=0.04 secs] 
2021-01-22T19:42:46.540-0800: 229.028: [Full GC (Allocation Failure) 2021-01-22T19:42:46.540-0800: 229.028: [Tenured: 349157K->349267K(349568K), 0.0423342 secs] 506148K->388142K(506816K), [Metaspace: 2698K->2698K(1056768K)], 0.0424276 secs] [Times: user=0.04 sys=0.01, real=0.04 secs] 
2021-01-22T19:42:46.597-0800: 229.085: [Full GC (Allocation Failure) 2021-01-22T19:42:46.597-0800: 229.085: [Tenured: 349267K->349440K(349568K), 0.0487325 secs] 506011K->391189K(506816K), [Metaspace: 2698K->2698K(1056768K)], 0.0488379 secs] [Times: user=0.04 sys=0.00, real=0.05 secs] 
2021-01-22T19:42:46.660-0800: 229.148: [Full GC (Allocation Failure) 2021-01-22T19:42:46.660-0800: 229.148: [Tenured: 349440K->349245K(349568K), 0.0565429 secs] 506296K->379910K(506816K), [Metaspace: 2698K->2698K(1056768K)], 0.0566351 secs] [Times: user=0.05 sys=0.00, real=0.05 secs] 
2021-01-22T19:42:46.733-0800: 229.221: [Full GC (Allocation Failure) 2021-01-22T19:42:46.733-0800: 229.221: [Tenured: 349245K->349335K(349568K), 0.0381787 secs] 506186K->398358K(506816K), [Metaspace: 2698K->2698K(1056768K)], 0.0382728 secs] [Times: user=0.04 sys=0.00, real=0.04 secs] 
2021-01-22T19:42:46.787-0800: 229.275: [Full GC (Allocation Failure) 2021-01-22T19:42:46.787-0800: 229.275: [Tenured: 349335K->349525K(349568K), 0.0448179 secs] 506282K->403786K(506816K), [Metaspace: 2698K->2698K(1056768K)], 0.0449098 secs] [Times: user=0.04 sys=0.00, real=0.05 secs] 
2021-01-22T19:42:46.844-0800: 229.332: [Full GC (Allocation Failure) 2021-01-22T19:42:46.844-0800: 229.332: [Tenured: 349525K->349454K(349568K), 0.0492840 secs] 506676K->400556K(506816K), [Metaspace: 2698K->2698K(1056768K)], 0.0493777 secs] [Times: user=0.04 sys=0.00, real=0.05 secs] 
2021-01-22T19:42:46.906-0800: 229.395: [Full GC (Allocation Failure) 2021-01-22T19:42:46.906-0800: 229.395: [Tenured: 349526K->349475K(349568K), 0.0572973 secs] 506712K->388628K(506816K), [Metaspace: 2698K->2698K(1056768K)], 0.0574067 secs] [Times: user=0.05 sys=0.00, real=0.06 secs] 
2021-01-22T19:42:46.981-0800: 229.469: [Full GC (Allocation Failure) 2021-01-22T19:42:46.981-0800: 229.469: [Tenured: 349475K->349529K(349568K), 0.0342229 secs] 506579K->410787K(506816K), [Metaspace: 2698K->2698K(1056768K)], 0.0343152 secs] [Times: user=0.03 sys=0.00, real=0.03 secs] 
2021-01-22T19:42:47.027-0800: 229.516: [Full GC (Allocation Failure) 2021-01-22T19:42:47.027-0800: 229.516: [Tenured: 349529K->349561K(349568K), 0.0471899 secs] 506751K->405858K(506816K), [Metaspace: 2698K->2698K(1056768K)], 0.0472930 secs] [Times: user=0.05 sys=0.00, real=0.05 secs] 
2021-01-22T19:42:47.091-0800: 229.579: [Full GC (Allocation Failure) 2021-01-22T19:42:47.091-0800: 229.579: [Tenured: 349561K->349112K(349568K), 0.0466172 secs] 506717K->404643K(506816K), [Metaspace: 2698K->2698K(1056768K)], 0.0467111 secs] [Times: user=0.04 sys=0.00, real=0.04 secs] 
2021-01-22T19:42:47.154-0800: 229.642: [Full GC (Allocation Failure) 2021-01-22T19:42:47.154-0800: 229.642: [Tenured: 349540K->349536K(349568K), 0.0535045 secs] 506756K->392592K(506816K), [Metaspace: 2698K->2698K(1056768K)], 0.0535969 secs] [Times: user=0.05 sys=0.00, real=0.05 secs] 
2021-01-22T19:42:47.225-0800: 229.713: [Full GC (Allocation Failure) 2021-01-22T19:42:47.225-0800: 229.713: [Tenured: 349536K->349498K(349568K), 0.0328399 secs] 506677K->410339K(506816K), [Metaspace: 2698K->2698K(1056768K)], 0.0329337 secs] [Times: user=0.03 sys=0.00, real=0.03 secs] 
2021-01-22T19:42:47.271-0800: 229.760: [Full GC (Allocation Failure) 2021-01-22T19:42:47.271-0800: 229.760: [Tenured: 349498K->348865K(349568K), 0.0454224 secs] 506590K->406305K(506816K), [Metaspace: 2698K->2698K(1056768K)], 0.0455165 secs] [Times: user=0.05 sys=0.00, real=0.04 secs] 
2021-01-22T19:42:47.331-0800: 229.819: [Full GC (Allocation Failure) 2021-01-22T19:42:47.331-0800: 229.819: [Tenured: 349028K->349566K(349568K), 0.0501938 secs] 506179K->400008K(506816K), [Metaspace: 2698K->2698K(1056768K)], 0.0503317 secs] [Times: user=0.05 sys=0.00, real=0.05 secs] 
2021-01-22T19:42:47.396-0800: 229.884: [Full GC (Allocation Failure) 2021-01-22T19:42:47.396-0800: 229.884: [Tenured: 349566K->349544K(349568K), 0.0540418 secs] 506805K->387515K(506816K), [Metaspace: 2698K->2698K(1056768K)], 0.0542827 secs] [Times: user=0.06 sys=0.00, real=0.06 secs] 
2021-01-22T19:42:47.467-0800: 229.956: [Full GC (Allocation Failure) 2021-01-22T19:42:47.467-0800: 229.956: [Tenured: 349544K->349530K(349568K), 0.0354817 secs] 506778K->408905K(506816K), [Metaspace: 2698K->2698K(1056768K)], 0.0355796 secs] [Times: user=0.04 sys=0.00, real=0.04 secs] 
2021-01-22T19:42:47.515-0800: 230.004: [Full GC (Allocation Failure) 2021-01-22T19:42:47.515-0800: 230.004: [Tenured: 349530K->349549K(349568K), 0.0463893 secs] 506277K->414425K(506816K), [Metaspace: 2698K->2698K(1056768K)], 0.0464813 secs] [Times: user=0.04 sys=0.00, real=0.05 secs] 
2021-01-22T19:42:47.573-0800: 230.061: [Full GC (Allocation Failure) 2021-01-22T19:42:47.573-0800: 230.062: [Tenured: 349549K->349475K(349568K), 0.0485152 secs] 506755K->413713K(506816K), [Metaspace: 2698K->2698K(1056768K)], 0.0486296 secs] [Times: user=0.05 sys=0.00, real=0.05 secs] 
2021-01-22T19:42:47.637-0800: 230.126: [Full GC (Allocation Failure) 2021-01-22T19:42:47.637-0800: 230.126: [Tenured: 349475K->349515K(349568K), 0.0537583 secs] 506530K->396818K(506816K), [Metaspace: 2698K->2698K(1056768K)], 0.0538636 secs] [Times: user=0.05 sys=0.00, real=0.06 secs] 
2021-01-22T19:42:47.707-0800: 230.196: [Full GC (Allocation Failure) 2021-01-22T19:42:47.708-0800: 230.196: [Tenured: 349515K->349563K(349568K), 0.0276734 secs] 506440K->415709K(506816K), [Metaspace: 2698K->2698K(1056768K)], 0.0277698 secs] [Times: user=0.02 sys=0.00, real=0.03 secs] 
2021-01-22T19:42:47.747-0800: 230.236: [Full GC (Allocation Failure) 2021-01-22T19:42:47.748-0800: 230.236: [Tenured: 349563K->349193K(349568K), 0.0488962 secs] 506691K->415715K(506816K), [Metaspace: 2698K->2698K(1056768K)], 0.0490492 secs] [Times: user=0.05 sys=0.00, real=0.05 secs] 
2021-01-22T19:42:47.807-0800: 230.296: [Full GC (Allocation Failure) 2021-01-22T19:42:47.807-0800: 230.296: [Tenured: 349481K->349470K(349568K), 0.0469436 secs] 506673K->411313K(506816K), [Metaspace: 2698K->2698K(1056768K)], 0.0470346 secs] [Times: user=0.05 sys=0.00, real=0.05 secs] 
2021-01-22T19:42:47.870-0800: 230.359: [Full GC (Allocation Failure) 2021-01-22T19:42:47.870-0800: 230.359: [Tenured: 349470K->349213K(349568K), 0.0580931 secs] 506491K->400869K(506816K), [Metaspace: 2698K->2698K(1056768K)], 0.0581986 secs] [Times: user=0.06 sys=0.00, real=0.05 secs] 
2021-01-22T19:42:47.942-0800: 230.430: [Full GC (Allocation Failure) 2021-01-22T19:42:47.942-0800: 230.430: [Tenured: 349213K->349532K(349568K), 0.0318087 secs] 506299K->418216K(506816K), [Metaspace: 2698K->2698K(1056768K)], 0.0319028 secs] [Times: user=0.03 sys=0.00, real=0.03 secs] 
2021-01-22T19:42:47.984-0800: 230.473: [Full GC (Allocation Failure) 2021-01-22T19:42:47.984-0800: 230.473: [Tenured: 349532K->349382K(349568K), 0.0395273 secs] 506750K->423581K(506816K), [Metaspace: 2698K->2698K(1056768K)], 0.0396224 secs] [Times: user=0.04 sys=0.00, real=0.04 secs] 
2021-01-22T19:42:48.038-0800: 230.526: [Full GC (Allocation Failure) 2021-01-22T19:42:48.038-0800: 230.526: [Tenured: 349464K->349500K(349568K), 0.0458586 secs] 506707K->418154K(506816K), [Metaspace: 2698K->2698K(1056768K)], 0.0459618 secs] [Times: user=0.04 sys=0.01, real=0.05 secs] 
2021-01-22T19:42:48.095-0800: 230.584: [Full GC (Allocation Failure) 2021-01-22T19:42:48.095-0800: 230.584: [Tenured: 349554K->349562K(349568K), 0.0585812 secs] 506801K->398567K(506816K), [Metaspace: 2698K->2698K(1056768K)], 0.0586906 secs] [Times: user=0.06 sys=0.00, real=0.06 secs] 
2021-01-22T19:42:48.171-0800: 230.659: [Full GC (Allocation Failure) 2021-01-22T19:42:48.171-0800: 230.659: [Tenured: 349562K->349421K(349568K), 0.0350759 secs] 506762K->410436K(506816K), [Metaspace: 2698K->2698K(1056768K)], 0.0351715 secs] [Times: user=0.04 sys=0.00, real=0.03 secs] 
2021-01-22T19:42:48.220-0800: 230.709: [Full GC (Allocation Failure) 2021-01-22T19:42:48.220-0800: 230.709: [Tenured: 349565K->349493K(349568K), 0.0442665 secs] 506805K->412357K(506816K), [Metaspace: 2698K->2698K(1056768K)], 0.0443604 secs] [Times: user=0.04 sys=0.00, real=0.04 secs] 
2021-01-22T19:42:48.276-0800: 230.765: [Full GC (Allocation Failure) 2021-01-22T19:42:48.276-0800: 230.765: [Tenured: 349565K->349540K(349568K), 0.0490906 secs] 506784K->405486K(506816K), [Metaspace: 2698K->2698K(1056768K)], 0.0491966 secs] [Times: user=0.04 sys=0.00, real=0.05 secs] 
2021-01-22T19:42:48.341-0800: 230.830: [Full GC (Allocation Failure) 2021-01-22T19:42:48.341-0800: 230.830: [Tenured: 349540K->349249K(349568K), 0.0527671 secs] 506737K->382271K(506816K), [Metaspace: 2698K->2698K(1056768K)], 0.0528769 secs] [Times: user=0.05 sys=0.00, real=0.05 secs] 
2021-01-22T19:42:48.413-0800: 230.902: [Full GC (Allocation Failure) 2021-01-22T19:42:48.413-0800: 230.902: [Tenured: 349554K->349343K(349568K), 0.0252445 secs] 506802K->400289K(506816K), [Metaspace: 2698K->2698K(1056768K)], 0.0253363 secs] [Times: user=0.02 sys=0.00, real=0.02 secs] 
2021-01-22T19:42:48.455-0800: 230.944: [Full GC (Allocation Failure) 2021-01-22T19:42:48.455-0800: 230.944: [Tenured: 349343K->349177K(349568K), 0.0424572 secs] 506394K->397675K(506816K), [Metaspace: 2698K->2698K(1056768K)], 0.0425625 secs] [Times: user=0.04 sys=0.00, real=0.04 secs] 
2021-01-22T19:42:48.511-0800: 231.000: [Full GC (Allocation Failure) 2021-01-22T19:42:48.511-0800: 231.000: [Tenured: 349177K->349547K(349568K), 0.0461939 secs] 506346K->391701K(506816K), [Metaspace: 2698K->2698K(1056768K)], 0.0463393 secs] [Times: user=0.05 sys=0.00, real=0.04 secs] 
2021-01-22T19:42:48.571-0800: 231.059: [Full GC (Allocation Failure) 2021-01-22T19:42:48.571-0800: 231.059: [Tenured: 349547K->349519K(349568K), 0.0553580 secs] 506784K->374620K(506816K), [Metaspace: 2698K->2698K(1056768K)], 0.0554561 secs] [Times: user=0.06 sys=0.00, real=0.05 secs] 
2021-01-22T19:42:48.643-0800: 231.132: [Full GC (Allocation Failure) 2021-01-22T19:42:48.643-0800: 231.132: [Tenured: 349537K->349111K(349568K), 0.0375160 secs] 506782K->395285K(506816K), [Metaspace: 2698K->2698K(1056768K)], 0.0376197 secs] [Times: user=0.04 sys=0.00, real=0.04 secs] 
2021-01-22T19:42:48.697-0800: 231.186: [Full GC (Allocation Failure) 2021-01-22T19:42:48.697-0800: 231.186: [Tenured: 349495K->349080K(349568K), 0.0481366 secs] 506706K->389462K(506816K), [Metaspace: 2698K->2698K(1056768K)], 0.0482294 secs] [Times: user=0.04 sys=0.00, real=0.05 secs] 
2021-01-22T19:42:48.759-0800: 231.248: [Full GC (Allocation Failure) 2021-01-22T19:42:48.759-0800: 231.248: [Tenured: 349475K->349335K(349568K), 0.0500674 secs] 506567K->381290K(506816K), [Metaspace: 2698K->2698K(1056768K)], 0.0501625 secs] [Times: user=0.04 sys=0.00, real=0.06 secs] 
2021-01-22T19:42:48.825-0800: 231.314: [Full GC (Allocation Failure) 2021-01-22T19:42:48.825-0800: 231.314: [Tenured: 349551K->349482K(349568K), 0.0535339 secs] 506774K->364066K(506816K), [Metaspace: 2698K->2698K(1056768K)], 0.0536351 secs] [Times: user=0.05 sys=0.01, real=0.05 secs] 
2021-01-22T19:42:48.896-0800: 231.384: [Full GC (Allocation Failure) 2021-01-22T19:42:48.896-0800: 231.384: [Tenured: 349482K->349477K(349568K), 0.0377909 secs] 506691K->377821K(506816K), [Metaspace: 2698K->2698K(1056768K)], 0.0378915 secs] [Times: user=0.03 sys=0.00, real=0.04 secs] 
2021-01-22T19:42:48.950-0800: 231.438: [Full GC (Allocation Failure) 2021-01-22T19:42:48.950-0800: 231.438: [Tenured: 349477K->349545K(349568K), 0.0473380 secs] 506216K->378873K(506816K), [Metaspace: 2698K->2698K(1056768K)], 0.0474309 secs] [Times: user=0.05 sys=0.00, real=0.04 secs] 
2021-01-22T19:42:49.013-0800: 231.501: [Full GC (Allocation Failure) 2021-01-22T19:42:49.013-0800: 231.501: [Tenured: 349545K->349158K(349568K), 0.0484336 secs] 506618K->379783K(506816K), [Metaspace: 2698K->2698K(1056768K)], 0.0485279 secs] [Times: user=0.05 sys=0.00, real=0.05 secs] 
2021-01-22T19:42:49.079-0800: 231.568: [Full GC (Allocation Failure) 2021-01-22T19:42:49.079-0800: 231.568: [Tenured: 349420K->349296K(349568K), 0.0512235 secs] 506614K->364164K(506816K), [Metaspace: 2698K->2698K(1056768K)], 0.0513377 secs] [Times: user=0.05 sys=0.00, real=0.06 secs] 
2021-01-22T19:42:49.147-0800: 231.636: [Full GC (Allocation Failure) 2021-01-22T19:42:49.147-0800: 231.636: [Tenured: 349512K->349511K(349568K), 0.0380524 secs] 506721K->389300K(506816K), [Metaspace: 2698K->2698K(1056768K)], 0.0382025 secs] [Times: user=0.04 sys=0.00, real=0.04 secs] 
2021-01-22T19:42:49.204-0800: 231.692: [Full GC (Allocation Failure) 2021-01-22T19:42:49.204-0800: 231.692: [Tenured: 349511K->349554K(349568K), 0.0438269 secs] 506282K->385447K(506816K), [Metaspace: 2698K->2698K(1056768K)], 0.0439611 secs] [Times: user=0.04 sys=0.00, real=0.04 secs] 
2021-01-22T19:42:49.264-0800: 231.753: [Full GC (Allocation Failure) 2021-01-22T19:42:49.264-0800: 231.753: [Tenured: 349554K->349514K(349568K), 0.0463292 secs] 506674K->382229K(506816K), [Metaspace: 2698K->2698K(1056768K)], 0.0464250 secs] [Times: user=0.04 sys=0.00, real=0.05 secs] 
2021-01-22T19:42:49.329-0800: 231.818: [Full GC (Allocation Failure) 2021-01-22T19:42:49.329-0800: 231.818: [Tenured: 349514K->349473K(349568K), 0.0545173 secs] 506616K->366195K(506816K), [Metaspace: 2698K->2698K(1056768K)], 0.0546136 secs] [Times: user=0.05 sys=0.00, real=0.06 secs] 
2021-01-22T19:42:49.401-0800: 231.889: [Full GC (Allocation Failure) 2021-01-22T19:42:49.401-0800: 231.890: [Tenured: 349473K->349098K(349568K), 0.0391773 secs] 506594K->378797K(506816K), [Metaspace: 2698K->2698K(1056768K)], 0.0393279 secs] [Times: user=0.04 sys=0.00, real=0.04 secs] 
2021-01-22T19:42:49.456-0800: 231.944: [Full GC (Allocation Failure) 2021-01-22T19:42:49.456-0800: 231.944: [Tenured: 349098K->349532K(349568K), 0.0418894 secs] 506139K->376444K(506816K), [Metaspace: 2698K->2698K(1056768K)], 0.0419817 secs] [Times: user=0.04 sys=0.00, real=0.04 secs] 
2021-01-22T19:42:49.515-0800: 232.003: [Full GC (Allocation Failure) 2021-01-22T19:42:49.515-0800: 232.004: [Tenured: 349548K->349483K(349568K), 0.0500579 secs] 506782K->380066K(506816K), [Metaspace: 2698K->2698K(1056768K)], 0.0501527 secs] [Times: user=0.05 sys=0.00, real=0.05 secs] 
2021-01-22T19:42:49.581-0800: 232.069: [Full GC (Allocation Failure) 2021-01-22T19:42:49.581-0800: 232.070: [Tenured: 349545K->349410K(349568K), 0.0526500 secs] 506792K->363530K(506816K), [Metaspace: 2698K->2698K(1056768K)], 0.0527450 secs] [Times: user=0.05 sys=0.01, real=0.05 secs] 
2021-01-22T19:42:49.655-0800: 232.143: [Full GC (Allocation Failure) 2021-01-22T19:42:49.655-0800: 232.143: [Tenured: 349544K->349515K(349568K), 0.0302808 secs] 506749K->380979K(506816K), [Metaspace: 2698K->2698K(1056768K)], 0.0303748 secs] [Times: user=0.03 sys=0.00, real=0.03 secs] 
2021-01-22T19:42:49.703-0800: 232.192: [Full GC (Allocation Failure) 2021-01-22T19:42:49.703-0800: 232.192: [Tenured: 349515K->349253K(349568K), 0.0463375 secs] 506739K->385206K(506816K), [Metaspace: 2698K->2698K(1056768K)], 0.0464314 secs] [Times: user=0.05 sys=0.00, real=0.05 secs] 
2021-01-22T19:42:49.765-0800: 232.253: [Full GC (Allocation Failure) 2021-01-22T19:42:49.765-0800: 232.253: [Tenured: 349541K->349425K(349568K), 0.0470309 secs] 506720K->382989K(506816K), [Metaspace: 2698K->2698K(1056768K)], 0.0471241 secs] [Times: user=0.05 sys=0.00, real=0.05 secs] 
2021-01-22T19:42:49.827-0800: 232.316: [Full GC (Allocation Failure) 2021-01-22T19:42:49.828-0800: 232.316: [Tenured: 349425K->349162K(349568K), 0.0563630 secs] 506100K->368031K(506816K), [Metaspace: 2698K->2698K(1056768K)], 0.0565689 secs] [Times: user=0.06 sys=0.00, real=0.06 secs] 
2021-01-22T19:42:49.901-0800: 232.390: [Full GC (Allocation Failure) 2021-01-22T19:42:49.901-0800: 232.390: [Tenured: 349461K->348922K(349568K), 0.0397050 secs] 506663K->383550K(506816K), [Metaspace: 2698K->2698K(1056768K)], 0.0397997 secs] [Times: user=0.04 sys=0.00, real=0.04 secs] 
2021-01-22T19:42:49.958-0800: 232.447: [Full GC (Allocation Failure) 2021-01-22T19:42:49.958-0800: 232.447: [Tenured: 349462K->349454K(349568K), 0.0436728 secs] 506690K->382151K(506816K), [Metaspace: 2698K->2698K(1056768K)], 0.0437684 secs] [Times: user=0.04 sys=0.00, real=0.05 secs] 
2021-01-22T19:42:50.018-0800: 232.507: [Full GC (Allocation Failure) 2021-01-22T19:42:50.018-0800: 232.507: [Tenured: 349454K->349396K(349568K), 0.0544018 secs] 506643K->392045K(506816K), [Metaspace: 2698K->2698K(1056768K)], 0.0544959 secs] [Times: user=0.05 sys=0.00, real=0.06 secs] 
2021-01-22T19:42:50.090-0800: 232.578: [Full GC (Allocation Failure) 2021-01-22T19:42:50.090-0800: 232.578: [Tenured: 349540K->349395K(349568K), 0.0527670 secs] 506754K->374043K(506816K), [Metaspace: 2698K->2698K(1056768K)], 0.0528635 secs] [Times: user=0.05 sys=0.00, real=0.05 secs] 
2021-01-22T19:42:50.163-0800: 232.651: [Full GC (Allocation Failure) 2021-01-22T19:42:50.163-0800: 232.651: [Tenured: 349552K->349532K(349568K), 0.0369089 secs] 506793K->380180K(506816K), [Metaspace: 2698K->2698K(1056768K)], 0.0370170 secs] [Times: user=0.03 sys=0.00, real=0.04 secs] 
2021-01-22T19:42:50.220-0800: 232.709: [Full GC (Allocation Failure) 2021-01-22T19:42:50.220-0800: 232.709: [Tenured: 349532K->349438K(349568K), 0.0502623 secs] 506652K->383469K(506816K), [Metaspace: 2698K->2698K(1056768K)], 0.0503535 secs] [Times: user=0.05 sys=0.00, real=0.05 secs] 
2021-01-22T19:42:50.286-0800: 232.775: [Full GC (Allocation Failure) 2021-01-22T19:42:50.286-0800: 232.775: [Tenured: 349546K->349474K(349568K), 0.0497849 secs] 506764K->382980K(506816K), [Metaspace: 2698K->2698K(1056768K)], 0.0498807 secs] [Times: user=0.05 sys=0.00, real=0.05 secs] 
2021-01-22T19:42:50.354-0800: 232.843: [Full GC (Allocation Failure) 2021-01-22T19:42:50.354-0800: 232.843: [Tenured: 349474K->349219K(349568K), 0.0516842 secs] 506693K->366274K(506816K), [Metaspace: 2698K->2698K(1056768K)], 0.0517785 secs] [Times: user=0.05 sys=0.01, real=0.05 secs] 
2021-01-22T19:42:50.427-0800: 232.916: [Full GC (Allocation Failure) 2021-01-22T19:42:50.427-0800: 232.916: [Tenured: 349549K->349436K(349568K), 0.0343890 secs] 506784K->382826K(506816K), [Metaspace: 2698K->2698K(1056768K)], 0.0344904 secs] [Times: user=0.03 sys=0.00, real=0.04 secs] 
2021-01-22T19:42:50.479-0800: 232.968: [Full GC (Allocation Failure) 2021-01-22T19:42:50.479-0800: 232.968: [Tenured: 349436K->349553K(349568K), 0.0445333 secs] 506646K->383324K(506816K), [Metaspace: 2698K->2698K(1056768K)], 0.0446285 secs] [Times: user=0.04 sys=0.00, real=0.05 secs] 
2021-01-22T19:42:50.542-0800: 233.030: [Full GC (Allocation Failure) 2021-01-22T19:42:50.542-0800: 233.030: [Tenured: 349553K->349401K(349568K), 0.0466699 secs] 506799K->385766K(506816K), [Metaspace: 2698K->2698K(1056768K)], 0.0468146 secs] [Times: user=0.04 sys=0.00, real=0.04 secs] 
2021-01-22T19:42:50.605-0800: 233.094: [Full GC (Allocation Failure) 2021-01-22T19:42:50.605-0800: 233.094: [Tenured: 349401K->349436K(349568K), 0.0564642 secs] 506368K->373314K(506816K), [Metaspace: 2698K->2698K(1056768K)], 0.0565641 secs] [Times: user=0.05 sys=0.00, real=0.06 secs] 
2021-01-22T19:42:50.677-0800: 233.166: [Full GC (Allocation Failure) 2021-01-22T19:42:50.677-0800: 233.166: [Tenured: 349436K->349337K(349568K), 0.0368881 secs] 506651K->389041K(506816K), [Metaspace: 2698K->2698K(1056768K)], 0.0369824 secs] [Times: user=0.03 sys=0.00, real=0.04 secs] 
2021-01-22T19:42:50.732-0800: 233.220: [Full GC (Allocation Failure) 2021-01-22T19:42:50.732-0800: 233.220: [Tenured: 349337K->349538K(349568K), 0.0423949 secs] 505976K->385573K(506816K), [Metaspace: 2698K->2698K(1056768K)], 0.0424877 secs] [Times: user=0.04 sys=0.00, real=0.04 secs] 
2021-01-22T19:42:50.793-0800: 233.282: [Full GC (Allocation Failure) 2021-01-22T19:42:50.793-0800: 233.282: [Tenured: 349538K->349215K(349568K), 0.0493122 secs] 506623K->387742K(506816K), [Metaspace: 2698K->2698K(1056768K)], 0.0494070 secs] [Times: user=0.05 sys=0.00, real=0.05 secs] 
2021-01-22T19:42:50.858-0800: 233.347: [Full GC (Allocation Failure) 2021-01-22T19:42:50.858-0800: 233.347: [Tenured: 349359K->349123K(349568K), 0.0543582 secs] 506525K->365051K(506816K), [Metaspace: 2698K->2698K(1056768K)], 0.0544504 secs] [Times: user=0.06 sys=0.00, real=0.06 secs] 
2021-01-22T19:42:50.930-0800: 233.418: [Full GC (Allocation Failure) 2021-01-22T19:42:50.930-0800: 233.418: [Tenured: 349549K->349446K(349568K), 0.0335671 secs] 506756K->385031K(506816K), [Metaspace: 2698K->2698K(1056768K)], 0.0336833 secs] [Times: user=0.04 sys=0.00, real=0.03 secs] 
2021-01-22T19:42:50.982-0800: 233.471: [Full GC (Allocation Failure) 2021-01-22T19:42:50.983-0800: 233.471: [Tenured: 349446K->348911K(349568K), 0.0439094 secs] 506578K->381782K(506816K), [Metaspace: 2698K->2698K(1056768K)], 0.0441280 secs] [Times: user=0.05 sys=0.00, real=0.04 secs] 
2021-01-22T19:42:51.043-0800: 233.532: [Full GC (Allocation Failure) 2021-01-22T19:42:51.043-0800: 233.532: [Tenured: 349351K->349030K(349568K), 0.0522996 secs] 506596K->379777K(506816K), [Metaspace: 2698K->2698K(1056768K)], 0.0524152 secs] [Times: user=0.05 sys=0.01, real=0.05 secs] 
2021-01-22T19:42:51.110-0800: 233.599: [Full GC (Allocation Failure) 2021-01-22T19:42:51.110-0800: 233.599: [Tenured: 349560K->349032K(349568K), 0.0557549 secs] 506807K->373867K(506816K), [Metaspace: 2698K->2698K(1056768K)], 0.0558546 secs] [Times: user=0.05 sys=0.00, real=0.05 secs] 
2021-01-22T19:42:51.184-0800: 233.673: [Full GC (Allocation Failure) 2021-01-22T19:42:51.184-0800: 233.673: [Tenured: 349444K->349543K(349568K), 0.0372158 secs] 506603K->384927K(506816K), [Metaspace: 2698K->2698K(1056768K)], 0.0373241 secs] [Times: user=0.03 sys=0.00, real=0.04 secs] 
2021-01-22T19:42:51.237-0800: 233.725: [Full GC (Allocation Failure) 2021-01-22T19:42:51.237-0800: 233.725: [Tenured: 349543K->349552K(349568K), 0.0497148 secs] 506740K->392115K(506816K), [Metaspace: 2698K->2698K(1056768K)], 0.0498094 secs] [Times: user=0.05 sys=0.00, real=0.05 secs] 
2021-01-22T19:42:51.301-0800: 233.790: [Full GC (Allocation Failure) 2021-01-22T19:42:51.301-0800: 233.790: [Tenured: 349552K->349290K(349568K), 0.0479204 secs] 506704K->382793K(506816K), [Metaspace: 2698K->2698K(1056768K)], 0.0480155 secs] [Times: user=0.05 sys=0.00, real=0.04 secs] 
2021-01-22T19:42:51.367-0800: 233.856: [Full GC (Allocation Failure) 2021-01-22T19:42:51.367-0800: 233.856: [Tenured: 349290K->349517K(349568K), 0.0538797 secs] 506275K->365057K(506816K), [Metaspace: 2698K->2698K(1056768K)], 0.0539747 secs] [Times: user=0.05 sys=0.00, real=0.06 secs] 
2021-01-22T19:42:51.438-0800: 233.927: [Full GC (Allocation Failure) 2021-01-22T19:42:51.439-0800: 233.927: [Tenured: 349517K->349358K(349568K), 0.0346945 secs] 506664K->383624K(506816K), [Metaspace: 2698K->2698K(1056768K)], 0.0347987 secs] [Times: user=0.03 sys=0.00, real=0.04 secs] 
2021-01-22T19:42:51.492-0800: 233.980: [Full GC (Allocation Failure) 2021-01-22T19:42:51.492-0800: 233.980: [Tenured: 349430K->349444K(349568K), 0.0492424 secs] 506608K->378987K(506816K), [Metaspace: 2698K->2698K(1056768K)], 0.0493527 secs] [Times: user=0.05 sys=0.00, real=0.05 secs] 
2021-01-22T19:42:51.557-0800: 234.046: [Full GC (Allocation Failure) 2021-01-22T19:42:51.557-0800: 234.046: [Tenured: 349444K->349177K(349568K), 0.0507710 secs] 506409K->373839K(506816K), [Metaspace: 2698K->2698K(1056768K)], 0.0520259 secs] [Times: user=0.05 sys=0.00, real=0.05 secs] 
2021-01-22T19:42:51.626-0800: 234.115: [Full GC (Allocation Failure) 2021-01-22T19:42:51.626-0800: 234.115: [Tenured: 349416K->349454K(349568K), 0.0549206 secs] 506638K->361556K(506816K), [Metaspace: 2698K->2698K(1056768K)], 0.0550204 secs] [Times: user=0.05 sys=0.00, real=0.06 secs] 
2021-01-22T19:42:51.698-0800: 234.187: [Full GC (Allocation Failure) 2021-01-22T19:42:51.698-0800: 234.187: [Tenured: 349546K->349343K(349568K), 0.0388906 secs] 506769K->371850K(506816K), [Metaspace: 2698K->2698K(1056768K)], 0.0390012 secs] [Times: user=0.03 sys=0.00, real=0.04 secs] 
2021-01-22T19:42:51.754-0800: 234.242: [Full GC (Allocation Failure) 2021-01-22T19:42:51.754-0800: 234.242: [Tenured: 349451K->348884K(349568K), 0.0459426 secs] 506681K->370294K(506816K), [Metaspace: 2698K->2698K(1056768K)], 0.0460411 secs] [Times: user=0.04 sys=0.01, real=0.05 secs] 
2021-01-22T19:42:51.820-0800: 234.308: [Full GC (Allocation Failure) 2021-01-22T19:42:51.820-0800: 234.309: [Tenured: 349561K->349000K(349568K), 0.0452775 secs] 506799K->373273K(506816K), [Metaspace: 2698K->2698K(1056768K)], 0.0453933 secs] [Times: user=0.05 sys=0.00, real=0.04 secs] 
2021-01-22T19:42:51.883-0800: 234.371: [Full GC (Allocation Failure) 2021-01-22T19:42:51.883-0800: 234.371: [Tenured: 349000K->349233K(349568K), 0.0533376 secs] 505853K->364825K(506816K), [Metaspace: 2698K->2698K(1056768K)], 0.0534470 secs] [Times: user=0.05 sys=0.00, real=0.05 secs] 
2021-01-22T19:42:51.956-0800: 234.445: [Full GC (Allocation Failure) 2021-01-22T19:42:51.956-0800: 234.445: [Tenured: 349233K->349540K(349568K), 0.0382393 secs] 506117K->385984K(506816K), [Metaspace: 2698K->2698K(1056768K)], 0.0383399 secs] [Times: user=0.03 sys=0.00, real=0.04 secs] 
2021-01-22T19:42:52.013-0800: 234.502: [Full GC (Allocation Failure) 2021-01-22T19:42:52.013-0800: 234.502: [Tenured: 349540K->349286K(349568K), 0.0485424 secs] 506616K->389955K(506816K), [Metaspace: 2698K->2698K(1056768K)], 0.0486436 secs] [Times: user=0.05 sys=0.00, real=0.05 secs] 
2021-01-22T19:42:52.077-0800: 234.565: [Full GC (Allocation Failure) 2021-01-22T19:42:52.077-0800: 234.565: [Tenured: 349444K->349438K(349568K), 0.0511629 secs] 506647K->383734K(506816K), [Metaspace: 2698K->2698K(1056768K)], 0.0513041 secs] [Times: user=0.05 sys=0.00, real=0.05 secs] 
2021-01-22T19:42:52.142-0800: 234.631: [Full GC (Allocation Failure) 2021-01-22T19:42:52.142-0800: 234.631: [Tenured: 349438K->349539K(349568K), 0.0555910 secs] 506577K->375099K(506816K), [Metaspace: 2698K->2698K(1056768K)], 0.0556890 secs] [Times: user=0.05 sys=0.00, real=0.05 secs] 
2021-01-22T19:42:52.213-0800: 234.702: [Full GC (Allocation Failure) 2021-01-22T19:42:52.213-0800: 234.702: [Tenured: 349539K->349494K(349568K), 0.0369087 secs] 506655K->393005K(506816K), [Metaspace: 2698K->2698K(1056768K)], 0.0371731 secs] [Times: user=0.03 sys=0.00, real=0.04 secs] 
2021-01-22T19:42:52.268-0800: 234.756: [Full GC (Allocation Failure) 2021-01-22T19:42:52.268-0800: 234.757: [Tenured: 349494K->349549K(349568K), 0.0413272 secs] 506636K->394042K(506816K), [Metaspace: 2698K->2698K(1056768K)], 0.0415416 secs] [Times: user=0.04 sys=0.00, real=0.04 secs] 
2021-01-22T19:42:52.326-0800: 234.815: [Full GC (Allocation Failure) 2021-01-22T19:42:52.326-0800: 234.815: [Tenured: 349549K->349531K(349568K), 0.0507530 secs] 506752K->397657K(506816K), [Metaspace: 2698K->2698K(1056768K)], 0.0508688 secs] [Times: user=0.05 sys=0.00, real=0.05 secs] 
2021-01-22T19:42:52.390-0800: 234.879: [Full GC (Allocation Failure) 2021-01-22T19:42:52.390-0800: 234.879: [Tenured: 349531K->349552K(349568K), 0.0562529 secs] 506571K->380991K(506816K), [Metaspace: 2698K->2698K(1056768K)], 0.0563524 secs] [Times: user=0.05 sys=0.00, real=0.05 secs] 
2021-01-22T19:42:52.465-0800: 234.953: [Full GC (Allocation Failure) 2021-01-22T19:42:52.465-0800: 234.953: [Tenured: 349552K->349419K(349568K), 0.0327252 secs] 506779K->397165K(506816K), [Metaspace: 2698K->2698K(1056768K)], 0.0328292 secs] [Times: user=0.03 sys=0.00, real=0.03 secs] 
2021-01-22T19:42:52.511-0800: 235.000: [Full GC (Allocation Failure) 2021-01-22T19:42:52.511-0800: 235.000: [Tenured: 349419K->349451K(349568K), 0.0439707 secs] 506443K->385977K(506816K), [Metaspace: 2698K->2698K(1056768K)], 0.0440701 secs] [Times: user=0.04 sys=0.01, real=0.04 secs] 
2021-01-22T19:42:52.574-0800: 235.062: [Full GC (Allocation Failure) 2021-01-22T19:42:52.574-0800: 235.062: [Tenured: 349451K->349510K(349568K), 0.0484288 secs] 506341K->386123K(506816K), [Metaspace: 2698K->2698K(1056768K)], 0.0485282 secs] [Times: user=0.04 sys=0.00, real=0.05 secs] 
2021-01-22T19:42:52.637-0800: 235.126: [Full GC (Allocation Failure) 2021-01-22T19:42:52.638-0800: 235.126: [Tenured: 349510K->349540K(349568K), 0.0548529 secs] 506372K->370564K(506816K), [Metaspace: 2698K->2698K(1056768K)], 0.0549552 secs] [Times: user=0.05 sys=0.00, real=0.06 secs] 
2021-01-22T19:42:52.710-0800: 235.199: [Full GC (Allocation Failure) 2021-01-22T19:42:52.710-0800: 235.199: [Tenured: 349540K->349326K(349568K), 0.0393787 secs] 506609K->392466K(506816K), [Metaspace: 2698K->2698K(1056768K)], 0.0394773 secs] [Times: user=0.04 sys=0.00, real=0.03 secs] 
2021-01-22T19:42:52.763-0800: 235.252: [Full GC (Allocation Failure) 2021-01-22T19:42:52.763-0800: 235.252: [Tenured: 349326K->349273K(349568K), 0.0472791 secs] 506319K->392349K(506816K), [Metaspace: 2698K->2698K(1056768K)], 0.0473862 secs] [Times: user=0.05 sys=0.00, real=0.05 secs] 
2021-01-22T19:42:52.827-0800: 235.316: [Full GC (Allocation Failure) 2021-01-22T19:42:52.827-0800: 235.316: [Tenured: 349562K->349501K(349568K), 0.0470764 secs] 506708K->386879K(506816K), [Metaspace: 2698K->2698K(1056768K)], 0.0472127 secs] [Times: user=0.05 sys=0.00, real=0.05 secs] 
2021-01-22T19:42:52.892-0800: 235.380: [Full GC (Allocation Failure) 2021-01-22T19:42:52.892-0800: 235.380: [Tenured: 349501K->349444K(349568K), 0.0524894 secs] 506682K->374680K(506816K), [Metaspace: 2698K->2698K(1056768K)], 0.0525905 secs] [Times: user=0.05 sys=0.00, real=0.05 secs] 
2021-01-22T19:42:52.964-0800: 235.453: [Full GC (Allocation Failure) 2021-01-22T19:42:52.964-0800: 235.453: [Tenured: 349546K->349465K(349568K), 0.0326950 secs] 506783K->394380K(506816K), [Metaspace: 2698K->2698K(1056768K)], 0.0327947 secs] [Times: user=0.03 sys=0.00, real=0.03 secs] 
2021-01-22T19:42:53.011-0800: 235.500: [Full GC (Allocation Failure) 2021-01-22T19:42:53.011-0800: 235.500: [Tenured: 349501K->349447K(349568K), 0.0475345 secs] 506733K->389051K(506816K), [Metaspace: 2698K->2698K(1056768K)], 0.0476495 secs] [Times: user=0.05 sys=0.00, real=0.04 secs] 
2021-01-22T19:42:53.073-0800: 235.561: [Full GC (Allocation Failure) 2021-01-22T19:42:53.073-0800: 235.561: [Tenured: 349447K->349446K(349568K), 0.0531102 secs] 506693K->390178K(506816K), [Metaspace: 2698K->2698K(1056768K)], 0.0532133 secs] [Times: user=0.05 sys=0.00, real=0.05 secs] 
2021-01-22T19:42:53.140-0800: 235.629: [Full GC (Allocation Failure) 2021-01-22T19:42:53.140-0800: 235.629: [Tenured: 349446K->349550K(349568K), 0.0552591 secs] 506234K->370474K(506816K), [Metaspace: 2698K->2698K(1056768K)], 0.0553564 secs] [Times: user=0.05 sys=0.00, real=0.05 secs] 
2021-01-22T19:42:53.213-0800: 235.702: [Full GC (Allocation Failure) 2021-01-22T19:42:53.213-0800: 235.702: [Tenured: 349550K->349064K(349568K), 0.0336295 secs] 506698K->387907K(506816K), [Metaspace: 2698K->2698K(1056768K)], 0.0337251 secs] [Times: user=0.03 sys=0.00, real=0.03 secs] 
2021-01-22T19:42:53.264-0800: 235.752: [Full GC (Allocation Failure) 2021-01-22T19:42:53.264-0800: 235.752: [Tenured: 349352K->349343K(349568K), 0.0401896 secs] 506523K->394476K(506816K), [Metaspace: 2698K->2698K(1056768K)], 0.0402923 secs] [Times: user=0.04 sys=0.00, real=0.04 secs] 
2021-01-22T19:42:53.321-0800: 235.810: [Full GC (Allocation Failure) 2021-01-22T19:42:53.321-0800: 235.810: [Tenured: 349343K->349517K(349568K), 0.0468790 secs] 506530K->395551K(506816K), [Metaspace: 2698K->2698K(1056768K)], 0.0469801 secs] [Times: user=0.05 sys=0.00, real=0.04 secs] 
2021-01-22T19:42:53.382-0800: 235.871: [Full GC (Allocation Failure) 2021-01-22T19:42:53.383-0800: 235.871: [Tenured: 349517K->349555K(349568K), 0.0552485 secs] 506638K->386301K(506816K), [Metaspace: 2698K->2698K(1056768K)], 0.0554952 secs] [Times: user=0.06 sys=0.00, real=0.05 secs] 
2021-01-22T19:42:53.456-0800: 235.945: [Full GC (Allocation Failure) 2021-01-22T19:42:53.456-0800: 235.945: [Tenured: 349555K->349265K(349568K), 0.0364163 secs] 506773K->401508K(506816K), [Metaspace: 2698K->2698K(1056768K)], 0.0365155 secs] [Times: user=0.04 sys=0.00, real=0.04 secs] 
2021-01-22T19:42:53.506-0800: 235.995: [Full GC (Allocation Failure) 2021-01-22T19:42:53.506-0800: 235.995: [Tenured: 349265K->349019K(349568K), 0.0441098 secs] 506289K->402159K(506816K), [Metaspace: 2698K->2698K(1056768K)], 0.0443357 secs] [Times: user=0.04 sys=0.00, real=0.05 secs] 
2021-01-22T19:42:53.564-0800: 236.053: [Full GC (Allocation Failure) 2021-01-22T19:42:53.564-0800: 236.053: [Tenured: 349551K->349440K(349568K), 0.0460206 secs] 506797K->402644K(506816K), [Metaspace: 2698K->2698K(1056768K)], 0.0461230 secs] [Times: user=0.04 sys=0.00, real=0.05 secs] 
2021-01-22T19:42:53.627-0800: 236.116: [Full GC (Allocation Failure) 2021-01-22T19:42:53.627-0800: 236.116: [Tenured: 349567K->349375K(349568K), 0.0527091 secs] 506811K->384462K(506816K), [Metaspace: 2698K->2698K(1056768K)], 0.0528585 secs] [Times: user=0.05 sys=0.00, real=0.06 secs] 
2021-01-22T19:42:53.698-0800: 236.187: [Full GC (Allocation Failure) 2021-01-22T19:42:53.698-0800: 236.187: [Tenured: 349375K->349555K(349568K), 0.0319775 secs] 506586K->399104K(506816K), [Metaspace: 2698K->2698K(1056768K)], 0.0320786 secs] [Times: user=0.03 sys=0.00, real=0.04 secs] 
2021-01-22T19:42:53.743-0800: 236.232: [Full GC (Allocation Failure) 2021-01-22T19:42:53.743-0800: 236.232: [Tenured: 349555K->349198K(349568K), 0.0484178 secs] 506781K->392619K(506816K), [Metaspace: 2698K->2698K(1056768K)], 0.0485117 secs] [Times: user=0.05 sys=0.00, real=0.05 secs] 
2021-01-22T19:42:53.806-0800: 236.295: [Full GC (Allocation Failure) 2021-01-22T19:42:53.807-0800: 236.295: [Tenured: 349198K->349501K(349568K), 0.0449968 secs] 505947K->394966K(506816K), [Metaspace: 2698K->2698K(1056768K)], 0.0451164 secs] [Times: user=0.05 sys=0.00, real=0.05 secs] 
2021-01-22T19:42:53.869-0800: 236.358: [Full GC (Allocation Failure) 2021-01-22T19:42:53.869-0800: 236.358: [Tenured: 349501K->349531K(349568K), 0.0552373 secs] 506682K->374424K(506816K), [Metaspace: 2698K->2698K(1056768K)], 0.0553881 secs] [Times: user=0.06 sys=0.00, real=0.06 secs] 
2021-01-22T19:42:53.942-0800: 236.430: [Full GC (Allocation Failure) 2021-01-22T19:42:53.942-0800: 236.431: [Tenured: 349531K->349136K(349568K), 0.0394486 secs] 506686K->388929K(506816K), [Metaspace: 2698K->2698K(1056768K)], 0.0395482 secs] [Times: user=0.04 sys=0.00, real=0.04 secs] 
2021-01-22T19:42:53.998-0800: 236.487: [Full GC (Allocation Failure) 2021-01-22T19:42:53.998-0800: 236.487: [Tenured: 349388K->348969K(349568K), 0.0438645 secs] 506629K->385924K(506816K), [Metaspace: 2698K->2698K(1056768K)], 0.0439668 secs] [Times: user=0.04 sys=0.00, real=0.05 secs] 
2021-01-22T19:42:54.057-0800: 236.546: [Full GC (Allocation Failure) 2021-01-22T19:42:54.057-0800: 236.546: [Tenured: 348969K->349451K(349568K), 0.0482666 secs] 505835K->388648K(506816K), [Metaspace: 2698K->2698K(1056768K)], 0.0483656 secs] [Times: user=0.04 sys=0.00, real=0.05 secs] 
2021-01-22T19:42:54.119-0800: 236.608: [Full GC (Allocation Failure) 2021-01-22T19:42:54.119-0800: 236.608: [Tenured: 349451K->349336K(349568K), 0.0571114 secs] 506606K->373849K(506816K), [Metaspace: 2698K->2698K(1056768K)], 0.0572619 secs] [Times: user=0.05 sys=0.00, real=0.06 secs] 
2021-01-22T19:42:54.195-0800: 236.684: [Full GC (Allocation Failure) 2021-01-22T19:42:54.195-0800: 236.684: [Tenured: 349564K->349249K(349568K), 0.0319173 secs] 506811K->392034K(506816K), [Metaspace: 2698K->2698K(1056768K)], 0.0320166 secs] [Times: user=0.03 sys=0.00, real=0.03 secs] 
2021-01-22T19:42:54.245-0800: 236.734: [Full GC (Allocation Failure) 2021-01-22T19:42:54.245-0800: 236.734: [Tenured: 349249K->349518K(349568K), 0.0447378 secs] 506219K->387177K(506816K), [Metaspace: 2698K->2698K(1056768K)], 0.0448479 secs] [Times: user=0.04 sys=0.00, real=0.05 secs] 
2021-01-22T19:42:54.305-0800: 236.794: [Full GC (Allocation Failure) 2021-01-22T19:42:54.305-0800: 236.794: [Tenured: 349518K->348951K(349568K), 0.0475915 secs] 506655K->380122K(506816K), [Metaspace: 2698K->2698K(1056768K)], 0.0476922 secs] [Times: user=0.04 sys=0.00, real=0.05 secs] 
2021-01-22T19:42:54.372-0800: 236.861: [Full GC (Allocation Failure) 2021-01-22T19:42:54.372-0800: 236.861: [Tenured: 349518K->349402K(349568K), 0.0512075 secs] 506761K->365514K(506816K), [Metaspace: 2698K->2698K(1056768K)], 0.0513054 secs] [Times: user=0.05 sys=0.00, real=0.05 secs] 
2021-01-22T19:42:54.443-0800: 236.932: [Full GC (Allocation Failure) 2021-01-22T19:42:54.444-0800: 236.932: [Tenured: 349402K->349228K(349568K), 0.0346390 secs] 506491K->381767K(506816K), [Metaspace: 2698K->2698K(1056768K)], 0.0347362 secs] [Times: user=0.03 sys=0.00, real=0.03 secs] 
2021-01-22T19:42:54.493-0800: 236.982: [Full GC (Allocation Failure) 2021-01-22T19:42:54.493-0800: 236.982: [Tenured: 349394K->349050K(349568K), 0.0460872 secs] 506640K->373848K(506816K), [Metaspace: 2698K->2698K(1056768K)], 0.0461966 secs] [Times: user=0.04 sys=0.00, real=0.05 secs] 
2021-01-22T19:42:54.559-0800: 237.048: [Full GC (Allocation Failure) 2021-01-22T19:42:54.559-0800: 237.048: [Tenured: 349478K->349426K(349568K), 0.0442896 secs] 506726K->369809K(506816K), [Metaspace: 2698K->2698K(1056768K)], 0.0443991 secs] [Times: user=0.05 sys=0.00, real=0.05 secs] 
2021-01-22T19:42:54.623-0800: 237.112: [Full GC (Allocation Failure) 2021-01-22T19:42:54.623-0800: 237.112: [Tenured: 349426K->349374K(349568K), 0.0501379 secs] 506573K->359000K(506816K), [Metaspace: 2698K->2698K(1056768K)], 0.0502515 secs] [Times: user=0.05 sys=0.00, real=0.05 secs] 
2021-01-22T19:42:54.695-0800: 237.183: [Full GC (Allocation Failure) 2021-01-22T19:42:54.695-0800: 237.183: [Tenured: 349532K->349389K(349568K), 0.0337210 secs] 506775K->382062K(506816K), [Metaspace: 2698K->2698K(1056768K)], 0.0338230 secs] [Times: user=0.04 sys=0.00, real=0.03 secs] 
2021-01-22T19:42:54.746-0800: 237.235: [Full GC (Allocation Failure) 2021-01-22T19:42:54.746-0800: 237.235: [Tenured: 349389K->349525K(349568K), 0.0424336 secs] 506560K->382418K(506816K), [Metaspace: 2698K->2698K(1056768K)], 0.0425328 secs] [Times: user=0.05 sys=0.01, real=0.04 secs] 
2021-01-22T19:42:54.808-0800: 237.297: [Full GC (Allocation Failure) 2021-01-22T19:42:54.808-0800: 237.297: [Tenured: 349525K->349241K(349568K), 0.0433986 secs] 506690K->377458K(506816K), [Metaspace: 2698K->2698K(1056768K)], 0.0435004 secs] [Times: user=0.05 sys=0.00, real=0.05 secs] 
2021-01-22T19:42:54.870-0800: 237.359: [Full GC (Allocation Failure) 2021-01-22T19:42:54.871-0800: 237.359: [Tenured: 349241K->349089K(349568K), 0.0536771 secs] 506269K->360057K(506816K), [Metaspace: 2698K->2698K(1056768K)], 0.0537764 secs] [Times: user=0.05 sys=0.00, real=0.05 secs] 
2021-01-22T19:42:54.943-0800: 237.432: [Full GC (Allocation Failure) 2021-01-22T19:42:54.943-0800: 237.432: [Tenured: 349536K->349419K(349568K), 0.0365193 secs] 506757K->372317K(506816K), [Metaspace: 2698K->2698K(1056768K)], 0.0366183 secs] [Times: user=0.03 sys=0.00, real=0.04 secs] 
2021-01-22T19:42:54.999-0800: 237.487: [Full GC (Allocation Failure) 2021-01-22T19:42:54.999-0800: 237.488: [Tenured: 349491K->349336K(349568K), 0.0417284 secs] 506715K->376311K(506816K), [Metaspace: 2698K->2698K(1056768K)], 0.0418394 secs] [Times: user=0.04 sys=0.00, real=0.05 secs] 
2021-01-22T19:42:55.060-0800: 237.549: [Full GC (Allocation Failure) 2021-01-22T19:42:55.060-0800: 237.549: [Tenured: 349336K->349555K(349568K), 0.0484485 secs] 506576K->374490K(506816K), [Metaspace: 2698K->2698K(1056768K)], 0.0485459 secs] [Times: user=0.05 sys=0.00, real=0.04 secs] 
2021-01-22T19:42:55.125-0800: 237.614: [Full GC (Allocation Failure) 2021-01-22T19:42:55.125-0800: 237.614: [Tenured: 349555K->349255K(349568K), 0.0530542 secs] 506228K->356253K(506816K), [Metaspace: 2698K->2698K(1056768K)], 0.0531568 secs] [Times: user=0.05 sys=0.00, real=0.05 secs] 
2021-01-22T19:42:55.197-0800: 237.686: [Full GC (Allocation Failure) 2021-01-22T19:42:55.197-0800: 237.686: [Tenured: 349255K->349375K(349568K), 0.0356602 secs] 506169K->375072K(506816K), [Metaspace: 2698K->2698K(1056768K)], 0.0358972 secs] [Times: user=0.04 sys=0.00, real=0.04 secs] 
2021-01-22T19:42:55.257-0800: 237.746: [Full GC (Allocation Failure) 2021-01-22T19:42:55.257-0800: 237.746: [Tenured: 349519K->349437K(349568K), 0.0394375 secs] 506738K->384918K(506816K), [Metaspace: 2698K->2698K(1056768K)], 0.0395384 secs] [Times: user=0.04 sys=0.00, real=0.04 secs] 
2021-01-22T19:42:55.315-0800: 237.804: [Full GC (Allocation Failure) 2021-01-22T19:42:55.315-0800: 237.804: [Tenured: 349437K->349364K(349568K), 0.0479617 secs] 506604K->386395K(506816K), [Metaspace: 2698K->2698K(1056768K)], 0.0481109 secs] [Times: user=0.04 sys=0.00, real=0.05 secs] 
2021-01-22T19:42:55.377-0800: 237.866: [Full GC (Allocation Failure) 2021-01-22T19:42:55.377-0800: 237.866: [Tenured: 349548K->349123K(349568K), 0.0557428 secs] 506793K->371877K(506816K), [Metaspace: 2698K->2698K(1056768K)], 0.0558409 secs] [Times: user=0.05 sys=0.00, real=0.06 secs] 
2021-01-22T19:42:55.452-0800: 237.941: [Full GC (Allocation Failure) 2021-01-22T19:42:55.453-0800: 237.941: [Tenured: 349123K->349426K(349568K), 0.0286887 secs] 506217K->390486K(506816K), [Metaspace: 2698K->2698K(1056768K)], 0.0287834 secs] [Times: user=0.03 sys=0.00, real=0.03 secs] 
2021-01-22T19:42:55.499-0800: 237.987: [Full GC (Allocation Failure) 2021-01-22T19:42:55.499-0800: 237.988: [Tenured: 349426K->349369K(349568K), 0.0448452 secs] 506410K->391202K(506816K), [Metaspace: 2698K->2698K(1056768K)], 0.0449815 secs] [Times: user=0.04 sys=0.01, real=0.05 secs] 
2021-01-22T19:42:55.558-0800: 238.047: [Full GC (Allocation Failure) 2021-01-22T19:42:55.558-0800: 238.047: [Tenured: 349369K->349534K(349568K), 0.0485203 secs] 506561K->390044K(506816K), [Metaspace: 2698K->2698K(1056768K)], 0.0486268 secs] [Times: user=0.05 sys=0.00, real=0.05 secs] 
2021-01-22T19:42:55.623-0800: 238.112: [Full GC (Allocation Failure) 2021-01-22T19:42:55.623-0800: 238.112: [Tenured: 349534K->349531K(349568K), 0.0518305 secs] 506615K->369900K(506816K), [Metaspace: 2698K->2698K(1056768K)], 0.0519369 secs] [Times: user=0.05 sys=0.00, real=0.05 secs] 
2021-01-22T19:42:55.692-0800: 238.180: [Full GC (Allocation Failure) 2021-01-22T19:42:55.692-0800: 238.180: [Tenured: 349531K->349562K(349568K), 0.0381999 secs] 506737K->385516K(506816K), [Metaspace: 2698K->2698K(1056768K)], 0.0383016 secs] [Times: user=0.04 sys=0.00, real=0.04 secs] 
2021-01-22T19:42:55.745-0800: 238.234: [Full GC (Allocation Failure) 2021-01-22T19:42:55.745-0800: 238.234: [Tenured: 349562K->349565K(349568K), 0.0460480 secs] 506787K->385933K(506816K), [Metaspace: 2698K->2698K(1056768K)], 0.0461540 secs] [Times: user=0.05 sys=0.00, real=0.05 secs] 
2021-01-22T19:42:55.810-0800: 238.298: [Full GC (Allocation Failure) 2021-01-22T19:42:55.810-0800: 238.298: [Tenured: 349565K->349435K(349568K), 0.0471389 secs] 506749K->386817K(506816K), [Metaspace: 2698K->2698K(1056768K)], 0.0472379 secs] [Times: user=0.04 sys=0.00, real=0.04 secs] 
2021-01-22T19:42:55.874-0800: 238.362: [Full GC (Allocation Failure) 2021-01-22T19:42:55.874-0800: 238.362: [Tenured: 349435K->349468K(349568K), 0.0518917 secs] 506565K->372851K(506816K), [Metaspace: 2698K->2698K(1056768K)], 0.0519906 secs] [Times: user=0.05 sys=0.00, real=0.05 secs] 
2021-01-22T19:42:55.945-0800: 238.434: [Full GC (Allocation Failure) 2021-01-22T19:42:55.945-0800: 238.434: [Tenured: 349468K->348876K(349568K), 0.0308389 secs] 506109K->391374K(506816K), [Metaspace: 2698K->2698K(1056768K)], 0.0309535 secs] [Times: user=0.03 sys=0.00, real=0.03 secs] 
2021-01-22T19:42:55.993-0800: 238.482: [Full GC (Allocation Failure) 2021-01-22T19:42:55.993-0800: 238.482: [Tenured: 349490K->349189K(349568K), 0.0473314 secs] 506688K->387346K(506816K), [Metaspace: 2698K->2698K(1056768K)], 0.0474344 secs] [Times: user=0.05 sys=0.00, real=0.05 secs] 
2021-01-22T19:42:56.062-0800: 238.551: [Full GC (Allocation Failure) 2021-01-22T19:42:56.062-0800: 238.551: [Tenured: 349477K->349298K(349568K), 0.0456855 secs] 506715K->387187K(506816K), [Metaspace: 2698K->2698K(1056768K)], 0.0458009 secs] [Times: user=0.05 sys=0.00, real=0.04 secs] 
2021-01-22T19:42:56.125-0800: 238.614: [Full GC (Allocation Failure) 2021-01-22T19:42:56.126-0800: 238.614: [Tenured: 349553K->349461K(349568K), 0.0523034 secs] 506769K->369928K(506816K), [Metaspace: 2698K->2698K(1056768K)], 0.0524035 secs] [Times: user=0.05 sys=0.00, real=0.05 secs] 
2021-01-22T19:42:56.197-0800: 238.686: [Full GC (Allocation Failure) 2021-01-22T19:42:56.197-0800: 238.686: [Tenured: 349461K->348876K(349568K), 0.0305637 secs] 506678K->386814K(506816K), [Metaspace: 2698K->2698K(1056768K)], 0.0307438 secs] [Times: user=0.03 sys=0.00, real=0.03 secs] 
2021-01-22T19:42:56.246-0800: 238.735: [Full GC (Allocation Failure) 2021-01-22T19:42:56.246-0800: 238.735: [Tenured: 349068K->349415K(349568K), 0.0420991 secs] 506169K->391441K(506816K), [Metaspace: 2698K->2698K(1056768K)], 0.0422027 secs] [Times: user=0.04 sys=0.00, real=0.04 secs] 
2021-01-22T19:42:56.306-0800: 238.795: [Full GC (Allocation Failure) 2021-01-22T19:42:56.306-0800: 238.795: [Tenured: 349415K->349445K(349568K), 0.0498233 secs] 506402K->397424K(506816K), [Metaspace: 2698K->2698K(1056768K)], 0.0499221 secs] [Times: user=0.05 sys=0.00, real=0.05 secs] 
2021-01-22T19:42:56.370-0800: 238.859: [Full GC (Allocation Failure) 2021-01-22T19:42:56.370-0800: 238.859: [Tenured: 349445K->349496K(349568K), 0.0562954 secs] 506652K->379571K(506816K), [Metaspace: 2698K->2698K(1056768K)], 0.0564025 secs] [Times: user=0.05 sys=0.00, real=0.05 secs] 
2021-01-22T19:42:56.442-0800: 238.931: [Full GC (Allocation Failure) 2021-01-22T19:42:56.442-0800: 238.931: [Tenured: 349496K->349399K(349568K), 0.0364056 secs] 506707K->395469K(506816K), [Metaspace: 2698K->2698K(1056768K)], 0.0365109 secs] [Times: user=0.04 sys=0.00, real=0.03 secs] 
2021-01-22T19:42:56.496-0800: 238.985: [Full GC (Allocation Failure) 2021-01-22T19:42:56.496-0800: 238.985: [Tenured: 349399K->349174K(349568K), 0.0430660 secs] 506491K->394347K(506816K), [Metaspace: 2698K->2698K(1056768K)], 0.0431621 secs] [Times: user=0.04 sys=0.00, real=0.04 secs] 
2021-01-22T19:42:56.557-0800: 239.045: [Full GC (Allocation Failure) 2021-01-22T19:42:56.557-0800: 239.045: [Tenured: 349544K->349456K(349568K), 0.0486371 secs] 506784K->392857K(506816K), [Metaspace: 2698K->2698K(1056768K)], 0.0487622 secs] [Times: user=0.05 sys=0.00, real=0.05 secs] 
2021-01-22T19:42:56.620-0800: 239.109: [Full GC (Allocation Failure) 2021-01-22T19:42:56.620-0800: 239.109: [Tenured: 349456K->349360K(349568K), 0.0545164 secs] 506613K->371878K(506816K), [Metaspace: 2698K->2698K(1056768K)], 0.0546150 secs] [Times: user=0.06 sys=0.00, real=0.05 secs] 
2021-01-22T19:42:56.692-0800: 239.181: [Full GC (Allocation Failure) 2021-01-22T19:42:56.692-0800: 239.181: [Tenured: 349360K->349317K(349568K), 0.0359413 secs] 506412K->386936K(506816K), [Metaspace: 2698K->2698K(1056768K)], 0.0360459 secs] [Times: user=0.04 sys=0.00, real=0.03 secs] 
2021-01-22T19:42:56.747-0800: 239.235: [Full GC (Allocation Failure) 2021-01-22T19:42:56.747-0800: 239.235: [Tenured: 349479K->349368K(349568K), 0.0445051 secs] 506727K->386692K(506816K), [Metaspace: 2698K->2698K(1056768K)], 0.0446234 secs] [Times: user=0.04 sys=0.00, real=0.05 secs] 
2021-01-22T19:42:56.806-0800: 239.295: [Full GC (Allocation Failure) 2021-01-22T19:42:56.806-0800: 239.295: [Tenured: 349368K->349414K(349568K), 0.0486598 secs] 506332K->387072K(506816K), [Metaspace: 2698K->2698K(1056768K)], 0.0487594 secs] [Times: user=0.05 sys=0.00, real=0.05 secs] 
2021-01-22T19:42:56.870-0800: 239.359: [Full GC (Allocation Failure) 2021-01-22T19:42:56.870-0800: 239.359: [Tenured: 349414K->349266K(349568K), 0.0555342 secs] 506403K->372343K(506816K), [Metaspace: 2698K->2698K(1056768K)], 0.0556333 secs] [Times: user=0.05 sys=0.00, real=0.05 secs] 
2021-01-22T19:42:56.946-0800: 239.435: [Full GC (Allocation Failure) 2021-01-22T19:42:56.946-0800: 239.435: [Tenured: 349430K->349535K(349568K), 0.0289272 secs] 506676K->390428K(506816K), [Metaspace: 2698K->2698K(1056768K)], 0.0290274 secs] [Times: user=0.03 sys=0.00, real=0.03 secs] 
2021-01-22T19:42:56.988-0800: 239.477: [Full GC (Allocation Failure) 2021-01-22T19:42:56.988-0800: 239.477: [Tenured: 349535K->349302K(349568K), 0.0486580 secs] 506704K->390050K(506816K), [Metaspace: 2698K->2698K(1056768K)], 0.0487644 secs] [Times: user=0.05 sys=0.01, real=0.05 secs] 
2021-01-22T19:42:57.051-0800: 239.540: [Full GC (Allocation Failure) 2021-01-22T19:42:57.051-0800: 239.540: [Tenured: 349302K->349441K(349568K), 0.0456319 secs] 506399K->385948K(506816K), [Metaspace: 2698K->2698K(1056768K)], 0.0457572 secs] [Times: user=0.05 sys=0.00, real=0.04 secs] 
2021-01-22T19:42:57.114-0800: 239.603: [Full GC (Allocation Failure) 2021-01-22T19:42:57.114-0800: 239.603: [Tenured: 349567K->349364K(349568K), 0.0545434 secs] 506807K->374063K(506816K), [Metaspace: 2698K->2698K(1056768K)], 0.0546578 secs] [Times: user=0.06 sys=0.00, real=0.05 secs] 
2021-01-22T19:42:57.188-0800: 239.677: [Full GC (Allocation Failure) 2021-01-22T19:42:57.188-0800: 239.677: [Tenured: 349364K->349474K(349568K), 0.0318688 secs] 506520K->390420K(506816K), [Metaspace: 2698K->2698K(1056768K)], 0.0319660 secs] [Times: user=0.04 sys=0.00, real=0.04 secs] 
2021-01-22T19:42:57.234-0800: 239.723: [Full GC (Allocation Failure) 2021-01-22T19:42:57.235-0800: 239.723: [Tenured: 349474K->349431K(349568K), 0.0446557 secs] 506704K->389471K(506816K), [Metaspace: 2698K->2698K(1056768K)], 0.0447646 secs] [Times: user=0.04 sys=0.00, real=0.04 secs] 
2021-01-22T19:42:57.297-0800: 239.786: [Full GC (Allocation Failure) 2021-01-22T19:42:57.297-0800: 239.786: [Tenured: 349431K->349445K(349568K), 0.0450901 secs] 506585K->383982K(506816K), [Metaspace: 2698K->2698K(1056768K)], 0.0451913 secs] [Times: user=0.04 sys=0.00, real=0.05 secs] 
2021-01-22T19:42:57.360-0800: 239.849: [Full GC (Allocation Failure) 2021-01-22T19:42:57.360-0800: 239.849: [Tenured: 349445K->349360K(349568K), 0.0562642 secs] 506532K->372873K(506816K), [Metaspace: 2698K->2698K(1056768K)], 0.0563977 secs] [Times: user=0.06 sys=0.00, real=0.05 secs] 
2021-01-22T19:42:57.436-0800: 239.925: [Full GC (Allocation Failure) 2021-01-22T19:42:57.436-0800: 239.925: [Tenured: 349360K->349458K(349568K), 0.0342282 secs] 506347K->390113K(506816K), [Metaspace: 2698K->2698K(1056768K)], 0.0343267 secs] [Times: user=0.04 sys=0.00, real=0.04 secs] 
2021-01-22T19:42:57.484-0800: 239.973: [Full GC (Allocation Failure) 2021-01-22T19:42:57.484-0800: 239.973: [Tenured: 349530K->349526K(349568K), 0.0453999 secs] 506739K->389539K(506816K), [Metaspace: 2698K->2698K(1056768K)], 0.0455148 secs] [Times: user=0.05 sys=0.00, real=0.05 secs] 
2021-01-22T19:42:57.545-0800: 240.034: [Full GC (Allocation Failure) 2021-01-22T19:42:57.545-0800: 240.034: [Tenured: 349562K->349414K(349568K), 0.0476363 secs] 506784K->381944K(506816K), [Metaspace: 2698K->2698K(1056768K)], 0.0477414 secs] [Times: user=0.05 sys=0.00, real=0.05 secs] 
2021-01-22T19:42:57.608-0800: 240.097: [Full GC (Allocation Failure) 2021-01-22T19:42:57.608-0800: 240.097: [Tenured: 349414K->349113K(349568K), 0.0555303 secs] 506642K->367956K(506816K), [Metaspace: 2698K->2698K(1056768K)], 0.0556311 secs] [Times: user=0.06 sys=0.00, real=0.06 secs] 
2021-01-22T19:42:57.684-0800: 240.173: [Full GC (Allocation Failure) 2021-01-22T19:42:57.684-0800: 240.173: [Tenured: 349439K->349537K(349568K), 0.0314672 secs] 506686K->391048K(506816K), [Metaspace: 2698K->2698K(1056768K)], 0.0315642 secs] [Times: user=0.03 sys=0.00, real=0.03 secs] 
2021-01-22T19:42:57.730-0800: 240.218: [Full GC (Allocation Failure) 2021-01-22T19:42:57.730-0800: 240.219: [Tenured: 349537K->349422K(349568K), 0.0435828 secs] 506702K->396254K(506816K), [Metaspace: 2698K->2698K(1056768K)], 0.0436919 secs] [Times: user=0.04 sys=0.00, real=0.04 secs] 
2021-01-22T19:42:57.787-0800: 240.276: [Full GC (Allocation Failure) 2021-01-22T19:42:57.787-0800: 240.276: [Tenured: 349422K->348977K(349568K), 0.0492038 secs] 506500K->391290K(506816K), [Metaspace: 2698K->2698K(1056768K)], 0.0493039 secs] [Times: user=0.04 sys=0.01, real=0.05 secs] 
2021-01-22T19:42:57.854-0800: 240.343: [Full GC (Allocation Failure) 2021-01-22T19:42:57.854-0800: 240.343: [Tenured: 349314K->349270K(349568K), 0.0514267 secs] 506550K->373257K(506816K), [Metaspace: 2698K->2698K(1056768K)], 0.0515247 secs] [Times: user=0.05 sys=0.00, real=0.05 secs] 
2021-01-22T19:42:57.924-0800: 240.413: [Full GC (Allocation Failure) 2021-01-22T19:42:57.924-0800: 240.413: [Tenured: 349486K->349539K(349568K), 0.0373853 secs] 506675K->379390K(506816K), [Metaspace: 2698K->2698K(1056768K)], 0.0374946 secs] [Times: user=0.04 sys=0.00, real=0.04 secs] 
2021-01-22T19:42:57.975-0800: 240.464: [Full GC (Allocation Failure) 2021-01-22T19:42:57.975-0800: 240.464: [Tenured: 349539K->349342K(349568K), 0.0453196 secs] 506693K->379674K(506816K), [Metaspace: 2698K->2698K(1056768K)], 0.0454208 secs] [Times: user=0.04 sys=0.00, real=0.05 secs] 
2021-01-22T19:42:58.037-0800: 240.526: [Full GC (Allocation Failure) 2021-01-22T19:42:58.037-0800: 240.526: [Tenured: 349342K->349341K(349568K), 0.0483823 secs] 506267K->381698K(506816K), [Metaspace: 2698K->2698K(1056768K)], 0.0484921 secs] [Times: user=0.05 sys=0.00, real=0.05 secs] 
2021-01-22T19:42:58.103-0800: 240.592: [Full GC (Allocation Failure) 2021-01-22T19:42:58.103-0800: 240.592: [Tenured: 349341K->348954K(349568K), 0.0530441 secs] 505867K->367205K(506816K), [Metaspace: 2698K->2698K(1056768K)], 0.0531416 secs] [Times: user=0.05 sys=0.00, real=0.05 secs] 
2021-01-22T19:42:58.176-0800: 240.665: [Full GC (Allocation Failure) 2021-01-22T19:42:58.176-0800: 240.665: [Tenured: 349208K->349523K(349568K), 0.0367125 secs] 506447K->393822K(506816K), [Metaspace: 2698K->2698K(1056768K)], 0.0368165 secs] [Times: user=0.04 sys=0.00, real=0.04 secs] 
2021-01-22T19:42:58.228-0800: 240.717: [Full GC (Allocation Failure) 2021-01-22T19:42:58.228-0800: 240.717: [Tenured: 349523K->349513K(349568K), 0.0431427 secs] 506400K->404319K(506816K), [Metaspace: 2698K->2698K(1056768K)], 0.0432765 secs] [Times: user=0.05 sys=0.00, real=0.05 secs] 
2021-01-22T19:42:58.287-0800: 240.776: [Full GC (Allocation Failure) 2021-01-22T19:42:58.287-0800: 240.776: [Tenured: 349513K->349560K(349568K), 0.0462656 secs] 506190K->402914K(506816K), [Metaspace: 2698K->2698K(1056768K)], 0.0465262 secs] [Times: user=0.05 sys=0.00, real=0.05 secs] 
2021-01-22T19:42:58.348-0800: 240.837: [Full GC (Allocation Failure) 2021-01-22T19:42:58.348-0800: 240.837: [Tenured: 349560K->349083K(349568K), 0.0564430 secs] 506714K->385410K(506816K), [Metaspace: 2698K->2698K(1056768K)], 0.0565438 secs] [Times: user=0.05 sys=0.00, real=0.06 secs] 
2021-01-22T19:42:58.419-0800: 240.908: [Full GC (Allocation Failure) 2021-01-22T19:42:58.419-0800: 240.908: [Tenured: 349083K->349505K(349568K), 0.0305031 secs] 505852K->401408K(506816K), [Metaspace: 2698K->2698K(1056768K)], 0.0306031 secs] [Times: user=0.03 sys=0.00, real=0.03 secs] 
2021-01-22T19:42:58.462-0800: 240.951: [Full GC (Allocation Failure) 2021-01-22T19:42:58.462-0800: 240.951: [Tenured: 349505K->349400K(349568K), 0.0457617 secs] 506735K->405595K(506816K), [Metaspace: 2698K->2698K(1056768K)], 0.0458669 secs] [Times: user=0.04 sys=0.01, real=0.04 secs] 
2021-01-22T19:42:58.523-0800: 241.012: [Full GC (Allocation Failure) 2021-01-22T19:42:58.523-0800: 241.012: [Tenured: 349400K->349467K(349568K), 0.0467984 secs] 506507K->399166K(506816K), [Metaspace: 2698K->2698K(1056768K)], 0.0468971 secs] [Times: user=0.04 sys=0.00, real=0.05 secs] 
2021-01-22T19:42:58.586-0800: 241.075: [Full GC (Allocation Failure) 2021-01-22T19:42:58.586-0800: 241.075: [Tenured: 349467K->349425K(349568K), 0.0564097 secs] 506540K->384398K(506816K), [Metaspace: 2698K->2698K(1056768K)], 0.0565082 secs] [Times: user=0.06 sys=0.00, real=0.06 secs] 
2021-01-22T19:42:58.659-0800: 241.148: [Full GC (Allocation Failure) 2021-01-22T19:42:58.659-0800: 241.148: [Tenured: 349425K->349443K(349568K), 0.0345827 secs] 506566K->395660K(506816K), [Metaspace: 2698K->2698K(1056768K)], 0.0347184 secs] [Times: user=0.03 sys=0.00, real=0.04 secs] 
2021-01-22T19:42:58.710-0800: 241.199: [Full GC (Allocation Failure) 2021-01-22T19:42:58.710-0800: 241.199: [Tenured: 349556K->349538K(349568K), 0.0375121 secs] 506797K->397485K(506816K), [Metaspace: 2698K->2698K(1056768K)], 0.0376453 secs] [Times: user=0.04 sys=0.00, real=0.03 secs] 
2021-01-22T19:42:58.765-0800: 241.254: [Full GC (Allocation Failure) 2021-01-22T19:42:58.765-0800: 241.254: [Tenured: 349538K->349281K(349568K), 0.0468458 secs] 506771K->400255K(506816K), [Metaspace: 2698K->2698K(1056768K)], 0.0470824 secs] [Times: user=0.05 sys=0.00, real=0.05 secs] 
2021-01-22T19:42:58.829-0800: 241.318: [Full GC (Allocation Failure) 2021-01-22T19:42:58.829-0800: 241.318: [Tenured: 349482K->349124K(349568K), 0.0533901 secs] 506724K->381610K(506816K), [Metaspace: 2698K->2698K(1056768K)], 0.0534994 secs] [Times: user=0.05 sys=0.00, real=0.06 secs] 
2021-01-22T19:42:58.899-0800: 241.388: [Full GC (Allocation Failure) 2021-01-22T19:42:58.900-0800: 241.389: [Tenured: 349549K->349507K(349568K), 0.0334169 secs] 506796K->395152K(506816K), [Metaspace: 2698K->2698K(1056768K)], 0.0335490 secs] [Times: user=0.04 sys=0.00, real=0.04 secs] 
2021-01-22T19:42:58.947-0800: 241.436: [Full GC (Allocation Failure) 2021-01-22T19:42:58.947-0800: 241.436: [Tenured: 349507K->349341K(349568K), 0.0443300 secs] 506706K->396554K(506816K), [Metaspace: 2698K->2698K(1056768K)], 0.0444274 secs] [Times: user=0.04 sys=0.00, real=0.05 secs] 
2021-01-22T19:42:59.006-0800: 241.495: [Full GC (Allocation Failure) 2021-01-22T19:42:59.006-0800: 241.495: [Tenured: 349557K->349407K(349568K), 0.0482958 secs] 506769K->390802K(506816K), [Metaspace: 2698K->2698K(1056768K)], 0.0484018 secs] [Times: user=0.05 sys=0.00, real=0.05 secs] 
2021-01-22T19:42:59.069-0800: 241.558: [Full GC (Allocation Failure) 2021-01-22T19:42:59.069-0800: 241.558: [Tenured: 349407K->349035K(349568K), 0.0556114 secs] 506558K->378652K(506816K), [Metaspace: 2698K->2698K(1056768K)], 0.0557122 secs] [Times: user=0.05 sys=0.00, real=0.06 secs] 
2021-01-22T19:42:59.145-0800: 241.634: [Full GC (Allocation Failure) 2021-01-22T19:42:59.145-0800: 241.634: [Tenured: 349491K->349432K(349568K), 0.0356704 secs] 506682K->396143K(506816K), [Metaspace: 2698K->2698K(1056768K)], 0.0358165 secs] [Times: user=0.04 sys=0.00, real=0.04 secs] 
2021-01-22T19:42:59.194-0800: 241.683: [Full GC (Allocation Failure) 2021-01-22T19:42:59.194-0800: 241.683: [Tenured: 349432K->349526K(349568K), 0.0474625 secs] 506411K->392578K(506816K), [Metaspace: 2698K->2698K(1056768K)], 0.0475696 secs] [Times: user=0.05 sys=0.00, real=0.05 secs] 
2021-01-22T19:42:59.258-0800: 241.747: [Full GC (Allocation Failure) 2021-01-22T19:42:59.258-0800: 241.747: [Tenured: 349526K->348967K(349568K), 0.0466311 secs] 506731K->398084K(506816K), [Metaspace: 2698K->2698K(1056768K)], 0.0467309 secs] [Times: user=0.05 sys=0.00, real=0.05 secs] 
2021-01-22T19:42:59.320-0800: 241.809: [Full GC (Allocation Failure) 2021-01-22T19:42:59.320-0800: 241.809: [Tenured: 349536K->349537K(349568K), 0.0532377 secs] 506764K->382540K(506816K), [Metaspace: 2698K->2698K(1056768K)], 0.0533378 secs] [Times: user=0.05 sys=0.00, real=0.05 secs] 
2021-01-22T19:42:59.392-0800: 241.881: [Full GC (Allocation Failure) 2021-01-22T19:42:59.392-0800: 241.881: [Tenured: 349537K->349364K(349568K), 0.0356729 secs] 506744K->405595K(506816K), [Metaspace: 2698K->2698K(1056768K)], 0.0357802 secs] [Times: user=0.03 sys=0.00, real=0.03 secs] 
2021-01-22T19:42:59.443-0800: 241.932: [Full GC (Allocation Failure) 2021-01-22T19:42:59.443-0800: 241.932: [Tenured: 349364K->349407K(349568K), 0.0435430 secs] 506481K->410128K(506816K), [Metaspace: 2698K->2698K(1056768K)], 0.0436616 secs] [Times: user=0.04 sys=0.00, real=0.04 secs] 
2021-01-22T19:42:59.499-0800: 241.988: [Full GC (Allocation Failure) 2021-01-22T19:42:59.499-0800: 241.988: [Tenured: 349502K->349208K(349568K), 0.0488788 secs] 506739K->408604K(506816K), [Metaspace: 2698K->2698K(1056768K)], 0.0489995 secs] [Times: user=0.05 sys=0.00, real=0.05 secs] 
2021-01-22T19:42:59.560-0800: 242.049: [Full GC (Allocation Failure) 2021-01-22T19:42:59.560-0800: 242.049: [Tenured: 349208K->349490K(349568K), 0.0607070 secs] 506044K->390120K(506816K), [Metaspace: 2698K->2698K(1056768K)], 0.0608063 secs] [Times: user=0.06 sys=0.00, real=0.06 secs] 
2021-01-22T19:42:59.636-0800: 242.125: [Full GC (Allocation Failure) 2021-01-22T19:42:59.636-0800: 242.125: [Tenured: 349490K->349308K(349568K), 0.0312105 secs] 506408K->406675K(506816K), [Metaspace: 2698K->2698K(1056768K)], 0.0314516 secs] [Times: user=0.03 sys=0.00, real=0.03 secs] 
2021-01-22T19:42:59.681-0800: 242.170: [Full GC (Allocation Failure) 2021-01-22T19:42:59.681-0800: 242.170: [Tenured: 349308K->349530K(349568K), 0.0482323 secs] 506257K->407563K(506816K), [Metaspace: 2698K->2698K(1056768K)], 0.0483323 secs] [Times: user=0.04 sys=0.00, real=0.04 secs] 
2021-01-22T19:42:59.742-0800: 242.231: [Full GC (Allocation Failure) 2021-01-22T19:42:59.742-0800: 242.231: [Tenured: 349530K->349561K(349568K), 0.0494452 secs] 506588K->403433K(506816K), [Metaspace: 2698K->2698K(1056768K)], 0.0495554 secs] [Times: user=0.04 sys=0.00, real=0.05 secs] 
2021-01-22T19:42:59.808-0800: 242.297: [Full GC (Allocation Failure) 2021-01-22T19:42:59.808-0800: 242.297: [Tenured: 349561K->349515K(349568K), 0.0530568 secs] 506778K->378749K(506816K), [Metaspace: 2698K->2698K(1056768K)], 0.0531713 secs] [Times: user=0.05 sys=0.00, real=0.06 secs] 
2021-01-22T19:42:59.877-0800: 242.366: [Full GC (Allocation Failure) 2021-01-22T19:42:59.877-0800: 242.366: [Tenured: 349515K->349393K(349568K), 0.0436821 secs] 506628K->394925K(506816K), [Metaspace: 2698K->2698K(1056768K)], 0.0438023 secs] [Times: user=0.04 sys=0.00, real=0.05 secs] 
2021-01-22T19:42:59.935-0800: 242.424: [Full GC (Allocation Failure) 2021-01-22T19:42:59.935-0800: 242.425: [Tenured: 349501K->349245K(349568K), 0.0436557 secs] 506739K->389349K(506816K), [Metaspace: 2698K->2698K(1056768K)], 0.0437556 secs] [Times: user=0.05 sys=0.01, real=0.04 secs] 
2021-01-22T19:42:59.996-0800: 242.485: [Full GC (Allocation Failure) 2021-01-22T19:42:59.996-0800: 242.485: [Tenured: 349533K->349439K(349568K), 0.0494867 secs] 506677K->395167K(506816K), [Metaspace: 2698K->2698K(1056768K)], 0.0495934 secs] [Times: user=0.05 sys=0.00, real=0.05 secs] 
2021-01-22T19:43:00.062-0800: 242.551: [Full GC (Allocation Failure) 2021-01-22T19:43:00.062-0800: 242.551: [Tenured: 349439K->348975K(349568K), 0.0528137 secs] 506622K->383882K(506816K), [Metaspace: 2698K->2698K(1056768K)], 0.0529354 secs] [Times: user=0.06 sys=0.00, real=0.05 secs] 
2021-01-22T19:43:00.136-0800: 242.625: [Full GC (Allocation Failure) 2021-01-22T19:43:00.136-0800: 242.625: [Tenured: 349565K->349128K(349568K), 0.0278844 secs] 506808K->401394K(506816K), [Metaspace: 2698K->2698K(1056768K)], 0.0279809 secs] [Times: user=0.02 sys=0.00, real=0.03 secs] 
2021-01-22T19:43:00.178-0800: 242.668: [Full GC (Allocation Failure) 2021-01-22T19:43:00.179-0800: 242.668: [Tenured: 349548K->349514K(349568K), 0.0422682 secs] 506790K->397616K(506816K), [Metaspace: 2698K->2698K(1056768K)], 0.0423842 secs] [Times: user=0.04 sys=0.00, real=0.05 secs] 
2021-01-22T19:43:00.238-0800: 242.727: [Full GC (Allocation Failure) 2021-01-22T19:43:00.238-0800: 242.727: [Tenured: 349514K->349053K(349568K), 0.0486285 secs] 506736K->397232K(506816K), [Metaspace: 2698K->2698K(1056768K)], 0.0487993 secs] [Times: user=0.04 sys=0.00, real=0.05 secs] 
2021-01-22T19:43:00.302-0800: 242.791: [Full GC (Allocation Failure) 2021-01-22T19:43:00.302-0800: 242.792: [Tenured: 349366K->349537K(349568K), 0.0555169 secs] 506349K->377373K(506816K), [Metaspace: 2698K->2698K(1056768K)], 0.0556171 secs] [Times: user=0.05 sys=0.00, real=0.05 secs] 
2021-01-22T19:43:00.374-0800: 242.863: [Full GC (Allocation Failure) 2021-01-22T19:43:00.374-0800: 242.863: [Tenured: 349537K->349513K(349568K), 0.0340804 secs] 506688K->389047K(506816K), [Metaspace: 2698K->2698K(1056768K)], 0.0342047 secs] [Times: user=0.03 sys=0.00, real=0.03 secs] 
2021-01-22T19:43:00.426-0800: 242.915: [Full GC (Allocation Failure) 2021-01-22T19:43:00.426-0800: 242.915: [Tenured: 349513K->349475K(349568K), 0.0431601 secs] 506747K->392022K(506816K), [Metaspace: 2698K->2698K(1056768K)], 0.0432619 secs] [Times: user=0.04 sys=0.00, real=0.04 secs] 
2021-01-22T19:43:00.486-0800: 242.975: [Full GC (Allocation Failure) 2021-01-22T19:43:00.486-0800: 242.975: [Tenured: 349475K->349556K(349568K), 0.0454319 secs] 506621K->393355K(506816K), [Metaspace: 2698K->2698K(1056768K)], 0.0455554 secs] [Times: user=0.04 sys=0.00, real=0.05 secs] 
2021-01-22T19:43:00.547-0800: 243.036: [Full GC (Allocation Failure) 2021-01-22T19:43:00.547-0800: 243.036: [Tenured: 349556K->349239K(349568K), 0.0584778 secs] 506636K->379340K(506816K), [Metaspace: 2698K->2698K(1056768K)], 0.0585895 secs] [Times: user=0.05 sys=0.00, real=0.06 secs] 
2021-01-22T19:43:00.623-0800: 243.112: [Full GC (Allocation Failure) 2021-01-22T19:43:00.623-0800: 243.112: [Tenured: 349535K->349104K(349568K), 0.0340393 secs] 506780K->397972K(506816K), [Metaspace: 2698K->2698K(1056768K)], 0.0341408 secs] [Times: user=0.03 sys=0.00, real=0.03 secs] 
2021-01-22T19:43:00.670-0800: 243.159: [Full GC (Allocation Failure) 2021-01-22T19:43:00.670-0800: 243.159: [Tenured: 349104K->349527K(349568K), 0.0440746 secs] 506291K->398470K(506816K), [Metaspace: 2698K->2698K(1056768K)], 0.0441776 secs] [Times: user=0.04 sys=0.00, real=0.04 secs] 
2021-01-22T19:43:00.730-0800: 243.219: [Full GC (Allocation Failure) 2021-01-22T19:43:00.730-0800: 243.219: [Tenured: 349527K->349558K(349568K), 0.0454700 secs] 506692K->405150K(506816K), [Metaspace: 2698K->2698K(1056768K)], 0.0455684 secs] [Times: user=0.05 sys=0.00, real=0.04 secs] 
2021-01-22T19:43:00.791-0800: 243.280: [Full GC (Allocation Failure) 2021-01-22T19:43:00.791-0800: 243.280: [Tenured: 349558K->349417K(349568K), 0.0540839 secs] 506692K->388099K(506816K), [Metaspace: 2698K->2698K(1056768K)], 0.0541855 secs] [Times: user=0.06 sys=0.00, real=0.05 secs] 
2021-01-22T19:43:00.863-0800: 243.352: [Full GC (Allocation Failure) 2021-01-22T19:43:00.863-0800: 243.353: [Tenured: 349553K->349460K(349568K), 0.0292311 secs] 506798K->407019K(506816K), [Metaspace: 2698K->2698K(1056768K)], 0.0293382 secs] [Times: user=0.03 sys=0.00, real=0.03 secs] 
2021-01-22T19:43:00.905-0800: 243.394: [Full GC (Allocation Failure) 2021-01-22T19:43:00.905-0800: 243.394: [Tenured: 349460K->348994K(349568K), 0.0502994 secs] 506661K->410286K(506816K), [Metaspace: 2698K->2698K(1056768K)], 0.0503997 secs] [Times: user=0.05 sys=0.00, real=0.05 secs] 
2021-01-22T19:43:00.972-0800: 243.461: [Full GC (Allocation Failure) 2021-01-22T19:43:00.972-0800: 243.462: [Tenured: 348994K->349531K(349568K), 0.0503036 secs] 506068K->408117K(506816K), [Metaspace: 2698K->2698K(1056768K)], 0.0504043 secs] [Times: user=0.05 sys=0.00, real=0.05 secs] 
2021-01-22T19:43:01.039-0800: 243.528: [Full GC (Allocation Failure) 2021-01-22T19:43:01.039-0800: 243.528: [Tenured: 349531K->349182K(349568K), 0.0529493 secs] 506770K->383778K(506816K), [Metaspace: 2698K->2698K(1056768K)], 0.0530455 secs] [Times: user=0.05 sys=0.00, real=0.06 secs] 
2021-01-22T19:43:01.111-0800: 243.600: [Full GC (Allocation Failure) 2021-01-22T19:43:01.111-0800: 243.600: [Tenured: 349480K->349314K(349568K), 0.0350809 secs] 506704K->394083K(506816K), [Metaspace: 2698K->2698K(1056768K)], 0.0352268 secs] [Times: user=0.04 sys=0.00, real=0.03 secs] 
2021-01-22T19:43:01.163-0800: 243.652: [Full GC (Allocation Failure) 2021-01-22T19:43:01.163-0800: 243.652: [Tenured: 349530K->349386K(349568K), 0.0466108 secs] 506761K->391396K(506816K), [Metaspace: 2698K->2698K(1056768K)], 0.0467085 secs] [Times: user=0.05 sys=0.00, real=0.04 secs] 
2021-01-22T19:43:01.225-0800: 243.714: [Full GC (Allocation Failure) 2021-01-22T19:43:01.225-0800: 243.714: [Tenured: 349562K->349494K(349568K), 0.0501990 secs] 506802K->388982K(506816K), [Metaspace: 2698K->2698K(1056768K)], 0.0503241 secs] [Times: user=0.05 sys=0.00, real=0.05 secs] 
2021-01-22T19:43:01.291-0800: 243.780: [Full GC (Allocation Failure) 2021-01-22T19:43:01.291-0800: 243.780: [Tenured: 349494K->349498K(349568K), 0.0562433 secs] 506680K->365790K(506816K), [Metaspace: 2698K->2698K(1056768K)], 0.0564099 secs] [Times: user=0.05 sys=0.00, real=0.05 secs] 
2021-01-22T19:43:01.367-0800: 243.856: [Full GC (Allocation Failure) 2021-01-22T19:43:01.367-0800: 243.856: [Tenured: 349498K->349199K(349568K), 0.0293130 secs] 506421K->379975K(506816K), [Metaspace: 2698K->2698K(1056768K)], 0.0294152 secs] [Times: user=0.03 sys=0.00, real=0.03 secs] 
2021-01-22T19:43:01.418-0800: 243.907: [Full GC (Allocation Failure) 2021-01-22T19:43:01.418-0800: 243.907: [Tenured: 349538K->349258K(349568K), 0.0378962 secs] 506754K->382938K(506816K), [Metaspace: 2698K->2698K(1056768K)], 0.0381033 secs] [Times: user=0.04 sys=0.00, real=0.04 secs] 
2021-01-22T19:43:01.474-0800: 243.963: [Full GC (Allocation Failure) 2021-01-22T19:43:01.474-0800: 243.964: [Tenured: 349549K->349522K(349568K), 0.0476965 secs] 506556K->379960K(506816K), [Metaspace: 2698K->2698K(1056768K)], 0.0477945 secs] [Times: user=0.05 sys=0.00, real=0.05 secs] 
2021-01-22T19:43:01.538-0800: 244.027: [Full GC (Allocation Failure) 2021-01-22T19:43:01.538-0800: 244.027: [Tenured: 349522K->348979K(349568K), 0.0540096 secs] 506216K->362692K(506816K), [Metaspace: 2698K->2698K(1056768K)], 0.0541098 secs] [Times: user=0.05 sys=0.00, real=0.06 secs] 
2021-01-22T19:43:01.612-0800: 244.101: [Full GC (Allocation Failure) 2021-01-22T19:43:01.612-0800: 244.101: [Tenured: 349415K->349185K(349568K), 0.0381084 secs] 506620K->376491K(506816K), [Metaspace: 2698K->2698K(1056768K)], 0.0382087 secs] [Times: user=0.04 sys=0.00, real=0.04 secs] 
2021-01-22T19:43:01.669-0800: 244.158: [Full GC (Allocation Failure) 2021-01-22T19:43:01.669-0800: 244.158: [Tenured: 349329K->349264K(349568K), 0.0418070 secs] 506542K->377660K(506816K), [Metaspace: 2698K->2698K(1056768K)], 0.0419105 secs] [Times: user=0.04 sys=0.00, real=0.05 secs] 
2021-01-22T19:43:01.726-0800: 244.215: [Full GC (Allocation Failure) 2021-01-22T19:43:01.726-0800: 244.215: [Tenured: 349552K->349363K(349568K), 0.0484712 secs] 506663K->389151K(506816K), [Metaspace: 2698K->2698K(1056768K)], 0.0485722 secs] [Times: user=0.05 sys=0.00, real=0.05 secs] 
2021-01-22T19:43:01.793-0800: 244.282: [Full GC (Allocation Failure) 2021-01-22T19:43:01.793-0800: 244.282: [Tenured: 349479K->349525K(349568K), 0.0521127 secs] 506691K->371734K(506816K), [Metaspace: 2698K->2698K(1056768K)], 0.0522280 secs] [Times: user=0.05 sys=0.00, real=0.05 secs] 
2021-01-22T19:43:01.865-0800: 244.354: [Full GC (Allocation Failure) 2021-01-22T19:43:01.865-0800: 244.355: [Tenured: 349525K->349359K(349568K), 0.0351597 secs] 506682K->392867K(506816K), [Metaspace: 2698K->2698K(1056768K)], 0.0353887 secs] [Times: user=0.04 sys=0.00, real=0.04 secs] 
2021-01-22T19:43:01.914-0800: 244.403: [Full GC (Allocation Failure) 2021-01-22T19:43:01.914-0800: 244.403: [Tenured: 349503K->349298K(349568K), 0.0458802 secs] 506655K->391134K(506816K), [Metaspace: 2698K->2698K(1056768K)], 0.0459785 secs] [Times: user=0.05 sys=0.00, real=0.05 secs] 
2021-01-22T19:43:01.974-0800: 244.463: [Full GC (Allocation Failure) 2021-01-22T19:43:01.974-0800: 244.463: [Tenured: 349298K->349394K(349568K), 0.0490294 secs] 506305K->393388K(506816K), [Metaspace: 2698K->2698K(1056768K)], 0.0491292 secs] [Times: user=0.05 sys=0.00, real=0.05 secs] 
2021-01-22T19:43:02.040-0800: 244.530: [Full GC (Allocation Failure) 2021-01-22T19:43:02.041-0800: 244.530: [Tenured: 349502K->349295K(349568K), 0.0560736 secs] 506748K->380968K(506816K), [Metaspace: 2698K->2698K(1056768K)], 0.0561722 secs] [Times: user=0.06 sys=0.00, real=0.05 secs] 
2021-01-22T19:43:02.113-0800: 244.602: [Full GC (Allocation Failure) 2021-01-22T19:43:02.113-0800: 244.602: [Tenured: 349295K->348957K(349568K), 0.0341091 secs] 506320K->395974K(506816K), [Metaspace: 2698K->2698K(1056768K)], 0.0342219 secs] [Times: user=0.04 sys=0.01, real=0.03 secs] 
2021-01-22T19:43:02.163-0800: 244.652: [Full GC (Allocation Failure) 2021-01-22T19:43:02.163-0800: 244.652: [Tenured: 349086K->349248K(349568K), 0.0420835 secs] 506278K->395850K(506816K), [Metaspace: 2698K->2698K(1056768K)], 0.0421810 secs] [Times: user=0.04 sys=0.00, real=0.04 secs] 
2021-01-22T19:43:02.223-0800: 244.712: [Full GC (Allocation Failure) 2021-01-22T19:43:02.223-0800: 244.712: [Tenured: 349248K->349507K(349568K), 0.0452000 secs] 506295K->396236K(506816K), [Metaspace: 2698K->2698K(1056768K)], 0.0453037 secs] [Times: user=0.04 sys=0.00, real=0.04 secs] 
2021-01-22T19:43:02.281-0800: 244.770: [Full GC (Allocation Failure) 2021-01-22T19:43:02.281-0800: 244.770: [Tenured: 349564K->349222K(349568K), 0.0579397 secs] 506759K->379766K(506816K), [Metaspace: 2698K->2698K(1056768K)], 0.0580522 secs] [Times: user=0.05 sys=0.00, real=0.05 secs] 
2021-01-22T19:43:02.354-0800: 244.843: [Full GC (Allocation Failure) 2021-01-22T19:43:02.354-0800: 244.843: [Tenured: 349222K->349504K(349568K), 0.0361056 secs] 506389K->392050K(506816K), [Metaspace: 2698K->2698K(1056768K)], 0.0362176 secs] [Times: user=0.03 sys=0.00, real=0.04 secs] 
2021-01-22T19:43:02.407-0800: 244.897: [Full GC (Allocation Failure) 2021-01-22T19:43:02.407-0800: 244.897: [Tenured: 349504K->349488K(349568K), 0.0415074 secs] 506716K->386205K(506816K), [Metaspace: 2698K->2698K(1056768K)], 0.0416056 secs] [Times: user=0.04 sys=0.00, real=0.04 secs] 
2021-01-22T19:43:02.464-0800: 244.953: [Full GC (Allocation Failure) 2021-01-22T19:43:02.464-0800: 244.953: [Tenured: 349488K->349377K(349568K), 0.0491081 secs] 506669K->391877K(506816K), [Metaspace: 2698K->2698K(1056768K)], 0.0492695 secs] [Times: user=0.05 sys=0.00, real=0.05 secs] 
2021-01-22T19:43:02.528-0800: 245.017: [Full GC (Allocation Failure) 2021-01-22T19:43:02.528-0800: 245.017: [Tenured: 349565K->349211K(349568K), 0.0587422 secs] 506802K->370230K(506816K), [Metaspace: 2698K->2698K(1056768K)], 0.0589306 secs] [Times: user=0.05 sys=0.00, real=0.06 secs] 
2021-01-22T19:43:02.603-0800: 245.092: [Full GC (Allocation Failure) 2021-01-22T19:43:02.603-0800: 245.092: [Tenured: 349211K->349555K(349568K), 0.0344588 secs] 506129K->380929K(506816K), [Metaspace: 2698K->2698K(1056768K)], 0.0345576 secs] [Times: user=0.03 sys=0.00, real=0.03 secs] 
2021-01-22T19:43:02.652-0800: 245.141: [Full GC (Allocation Failure) 2021-01-22T19:43:02.652-0800: 245.141: [Tenured: 349555K->349511K(349568K), 0.0410455 secs] 506703K->386600K(506816K), [Metaspace: 2698K->2698K(1056768K)], 0.0411454 secs] [Times: user=0.04 sys=0.00, real=0.04 secs] 
2021-01-22T19:43:02.711-0800: 245.200: [Full GC (Allocation Failure) 2021-01-22T19:43:02.711-0800: 245.200: [Tenured: 349511K->349542K(349568K), 0.0445303 secs] 506705K->385616K(506816K), [Metaspace: 2698K->2698K(1056768K)], 0.0446513 secs] [Times: user=0.05 sys=0.00, real=0.04 secs] 
2021-01-22T19:43:02.774-0800: 245.263: [Full GC (Allocation Failure) 2021-01-22T19:43:02.774-0800: 245.263: [Tenured: 349542K->349407K(349568K), 0.0551927 secs] 506691K->373937K(506816K), [Metaspace: 2698K->2698K(1056768K)], 0.0552892 secs] [Times: user=0.06 sys=0.00, real=0.05 secs] 
2021-01-22T19:43:02.847-0800: 245.336: [Full GC (Allocation Failure) 2021-01-22T19:43:02.847-0800: 245.336: [Tenured: 349542K->349396K(349568K), 0.0287397 secs] 506783K->391146K(506816K), [Metaspace: 2698K->2698K(1056768K)], 0.0288638 secs] [Times: user=0.03 sys=0.01, real=0.03 secs] 
2021-01-22T19:43:02.892-0800: 245.381: [Full GC (Allocation Failure) 2021-01-22T19:43:02.895-0800: 245.384: [Tenured: 349559K->349555K(349568K), 0.0488441 secs] 506801K->389335K(506816K), [Metaspace: 2698K->2698K(1056768K)], 0.0523812 secs] [Times: user=0.05 sys=0.00, real=0.05 secs] 
2021-01-22T19:43:02.958-0800: 245.447: [Full GC (Allocation Failure) 2021-01-22T19:43:02.958-0800: 245.447: [Tenured: 349555K->349485K(349568K), 0.0481739 secs] 506739K->398214K(506816K), [Metaspace: 2698K->2698K(1056768K)], 0.0482641 secs] [Times: user=0.05 sys=0.00, real=0.05 secs] 
2021-01-22T19:43:03.021-0800: 245.511: [Full GC (Allocation Failure) 2021-01-22T19:43:03.021-0800: 245.511: [Tenured: 349485K->349407K(349568K), 0.0577982 secs] 506622K->378024K(506816K), [Metaspace: 2698K->2698K(1056768K)], 0.0579048 secs] [Times: user=0.06 sys=0.00, real=0.05 secs] 
2021-01-22T19:43:03.098-0800: 245.587: [Full GC (Allocation Failure) 2021-01-22T19:43:03.098-0800: 245.587: [Tenured: 349407K->349505K(349568K), 0.0312831 secs] 506425K->390962K(506816K), [Metaspace: 2698K->2698K(1056768K)], 0.0313819 secs] [Times: user=0.03 sys=0.00, real=0.03 secs] 
2021-01-22T19:43:03.143-0800: 245.632: [Full GC (Allocation Failure) 2021-01-22T19:43:03.143-0800: 245.632: [Tenured: 349505K->349224K(349568K), 0.0446294 secs] 506626K->387876K(506816K), [Metaspace: 2698K->2698K(1056768K)], 0.0447279 secs] [Times: user=0.04 sys=0.00, real=0.04 secs] 
2021-01-22T19:43:03.203-0800: 245.692: [Full GC (Allocation Failure) 2021-01-22T19:43:03.203-0800: 245.692: [Tenured: 349224K->349540K(349568K), 0.0436636 secs] 506237K->386366K(506816K), [Metaspace: 2698K->2698K(1056768K)], 0.0437771 secs] [Times: user=0.04 sys=0.00, real=0.04 secs] 
2021-01-22T19:43:03.268-0800: 245.757: [Full GC (Allocation Failure) 2021-01-22T19:43:03.268-0800: 245.757: [Tenured: 349540K->349140K(349568K), 0.0524069 secs] 506730K->372556K(506816K), [Metaspace: 2698K->2698K(1056768K)], 0.0525037 secs] [Times: user=0.05 sys=0.00, real=0.06 secs] 
2021-01-22T19:43:03.340-0800: 245.829: [Full GC (Allocation Failure) 2021-01-22T19:43:03.340-0800: 245.829: [Tenured: 349140K->349533K(349568K), 0.0299812 secs] 506348K->392638K(506816K), [Metaspace: 2698K->2698K(1056768K)], 0.0300802 secs] [Times: user=0.03 sys=0.00, real=0.03 secs] 
2021-01-22T19:43:03.388-0800: 245.878: [Full GC (Allocation Failure) 2021-01-22T19:43:03.388-0800: 245.878: [Tenured: 349533K->349541K(349568K), 0.0437021 secs] 506751K->391938K(506816K), [Metaspace: 2698K->2698K(1056768K)], 0.0439386 secs] [Times: user=0.04 sys=0.00, real=0.05 secs] 
2021-01-22T19:43:03.447-0800: 245.937: [Full GC (Allocation Failure) 2021-01-22T19:43:03.447-0800: 245.937: [Tenured: 349541K->349322K(349568K), 0.0490844 secs] 506654K->394455K(506816K), [Metaspace: 2698K->2698K(1056768K)], 0.0491849 secs] [Times: user=0.05 sys=0.00, real=0.05 secs] 
2021-01-22T19:43:03.510-0800: 246.000: [Full GC (Allocation Failure) 2021-01-22T19:43:03.510-0800: 246.000: [Tenured: 349462K->349453K(349568K), 0.0557925 secs] 506707K->380026K(506816K), [Metaspace: 2698K->2698K(1056768K)], 0.0560321 secs] [Times: user=0.05 sys=0.01, real=0.05 secs] 
2021-01-22T19:43:03.587-0800: 246.076: [Full GC (Allocation Failure) 2021-01-22T19:43:03.587-0800: 246.077: [Tenured: 349557K->349537K(349568K), 0.0370579 secs] 506805K->393581K(506816K), [Metaspace: 2698K->2698K(1056768K)], 0.0371534 secs] [Times: user=0.03 sys=0.00, real=0.04 secs] 
2021-01-22T19:43:03.639-0800: 246.128: [Full GC (Allocation Failure) 2021-01-22T19:43:03.639-0800: 246.128: [Tenured: 349537K->349213K(349568K), 0.0484887 secs] 506768K->392370K(506816K), [Metaspace: 2698K->2698K(1056768K)], 0.0485876 secs] [Times: user=0.05 sys=0.00, real=0.05 secs] 
2021-01-22T19:43:03.704-0800: 246.194: [Full GC (Allocation Failure) 2021-01-22T19:43:03.705-0800: 246.194: [Tenured: 349566K->349527K(349568K), 0.0436150 secs] 506812K->399408K(506816K), [Metaspace: 2698K->2698K(1056768K)], 0.0437302 secs] [Times: user=0.04 sys=0.00, real=0.04 secs] 
2021-01-22T19:43:03.766-0800: 246.255: [Full GC (Allocation Failure) 2021-01-22T19:43:03.766-0800: 246.256: [Tenured: 349527K->349430K(349568K), 0.0584634 secs] 506743K->379532K(506816K), [Metaspace: 2698K->2698K(1056768K)], 0.0586714 secs] [Times: user=0.06 sys=0.00, real=0.06 secs] 
2021-01-22T19:43:03.840-0800: 246.330: [Full GC (Allocation Failure) 2021-01-22T19:43:03.840-0800: 246.330: [Tenured: 349430K->349471K(349568K), 0.0362339 secs] 506607K->397222K(506816K), [Metaspace: 2698K->2698K(1056768K)], 0.0363341 secs] [Times: user=0.04 sys=0.00, real=0.03 secs] 
2021-01-22T19:43:03.893-0800: 246.382: [Full GC (Allocation Failure) 2021-01-22T19:43:03.893-0800: 246.382: [Tenured: 349552K->349315K(349568K), 0.0460883 secs] 506800K->395327K(506816K), [Metaspace: 2698K->2698K(1056768K)], 0.0462211 secs] [Times: user=0.05 sys=0.00, real=0.04 secs] 
2021-01-22T19:43:03.957-0800: 246.447: [Full GC (Allocation Failure) 2021-01-22T19:43:03.957-0800: 246.447: [Tenured: 349315K->349143K(349568K), 0.0520021 secs] 506459K->400401K(506816K), [Metaspace: 2698K->2698K(1056768K)], 0.0520958 secs] [Times: user=0.05 sys=0.00, real=0.05 secs] 
2021-01-22T19:43:04.024-0800: 246.513: [Full GC (Allocation Failure) 2021-01-22T19:43:04.024-0800: 246.514: [Tenured: 349143K->349479K(349568K), 0.0592375 secs] 506084K->384615K(506816K), [Metaspace: 2698K->2698K(1056768K)], 0.0593360 secs] [Times: user=0.05 sys=0.00, real=0.06 secs] 
2021-01-22T19:43:04.103-0800: 246.592: [Full GC (Allocation Failure) 2021-01-22T19:43:04.103-0800: 246.592: [Tenured: 349549K->349550K(349568K), 0.0294345 secs] 506797K->398950K(506816K), [Metaspace: 2698K->2698K(1056768K)], 0.0295261 secs] [Times: user=0.03 sys=0.00, real=0.03 secs] 
2021-01-22T19:43:04.148-0800: 246.637: [Full GC (Allocation Failure) 2021-01-22T19:43:04.148-0800: 246.637: [Tenured: 349550K->349466K(349568K), 0.0458262 secs] 506765K->395701K(506816K), [Metaspace: 2698K->2698K(1056768K)], 0.0459517 secs] [Times: user=0.05 sys=0.00, real=0.05 secs] 
2021-01-22T19:43:04.207-0800: 246.697: [Full GC (Allocation Failure) 2021-01-22T19:43:04.207-0800: 246.697: [Tenured: 349466K->349346K(349568K), 0.0545744 secs] 506685K->405224K(506816K), [Metaspace: 2698K->2698K(1056768K)], 0.0546771 secs] [Times: user=0.05 sys=0.00, real=0.06 secs] 
2021-01-22T19:43:04.276-0800: 246.765: [Full GC (Allocation Failure) 2021-01-22T19:43:04.276-0800: 246.765: [Tenured: 349562K->349488K(349568K), 0.0738095 secs] 506804K->392298K(506816K), [Metaspace: 2698K->2698K(1056768K)], 0.0739140 secs] [Times: user=0.06 sys=0.01, real=0.08 secs] 
2021-01-22T19:43:04.370-0800: 246.859: [Full GC (Allocation Failure) 2021-01-22T19:43:04.370-0800: 246.859: [Tenured: 349488K->349489K(349568K), 0.0314741 secs] 506555K->404996K(506816K), [Metaspace: 2698K->2698K(1056768K)], 0.0317096 secs] [Times: user=0.03 sys=0.00, real=0.03 secs] 
2021-01-22T19:43:04.415-0800: 246.904: [Full GC (Allocation Failure) 2021-01-22T19:43:04.415-0800: 246.904: [Tenured: 349489K->348962K(349568K), 0.0423015 secs] 506401K->405966K(506816K), [Metaspace: 2698K->2698K(1056768K)], 0.0423984 secs] [Times: user=0.04 sys=0.00, real=0.04 secs] 
2021-01-22T19:43:04.474-0800: 246.963: [Full GC (Allocation Failure) 2021-01-22T19:43:04.474-0800: 246.963: [Tenured: 349552K->349203K(349568K), 0.0482581 secs] 506799K->402187K(506816K), [Metaspace: 2698K->2698K(1056768K)], 0.0483551 secs] [Times: user=0.05 sys=0.00, real=0.05 secs] 
2021-01-22T19:43:04.536-0800: 247.025: [Full GC (Allocation Failure) 2021-01-22T19:43:04.536-0800: 247.026: [Tenured: 349508K->349085K(349568K), 0.0548105 secs] 506687K->387737K(506816K), [Metaspace: 2698K->2698K(1056768K)], 0.0549768 secs] [Times: user=0.06 sys=0.00, real=0.06 secs] 
2021-01-22T19:43:04.610-0800: 247.099: [Full GC (Allocation Failure) 2021-01-22T19:43:04.610-0800: 247.099: [Tenured: 349085K->348966K(349568K), 0.0383468 secs] 506286K->405027K(506816K), [Metaspace: 2698K->2698K(1056768K)], 0.0384968 secs] [Times: user=0.03 sys=0.00, real=0.03 secs] 
2021-01-22T19:43:04.665-0800: 247.154: [Full GC (Allocation Failure) 2021-01-22T19:43:04.665-0800: 247.154: [Tenured: 348966K->349337K(349568K), 0.0492399 secs] 505532K->399826K(506816K), [Metaspace: 2698K->2698K(1056768K)], 0.0493354 secs] [Times: user=0.04 sys=0.00, real=0.05 secs] 
2021-01-22T19:43:04.726-0800: 247.215: [Full GC (Allocation Failure) 2021-01-22T19:43:04.726-0800: 247.215: [Tenured: 349337K->349356K(349568K), 0.0516377 secs] 506251K->402511K(506816K), [Metaspace: 2698K->2698K(1056768K)], 0.0517335 secs] [Times: user=0.04 sys=0.00, real=0.05 secs] 
2021-01-22T19:43:04.791-0800: 247.281: [Full GC (Allocation Failure) 2021-01-22T19:43:04.791-0800: 247.281: [Tenured: 349428K->349486K(349568K), 0.0577709 secs] 506669K->376124K(506816K), [Metaspace: 2698K->2698K(1056768K)], 0.0578689 secs] [Times: user=0.05 sys=0.00, real=0.05 secs] 
2021-01-22T19:43:04.869-0800: 247.358: [Full GC (Allocation Failure) 2021-01-22T19:43:04.869-0800: 247.358: [Tenured: 349486K->349554K(349568K), 0.0313911 secs] 506639K->402696K(506816K), [Metaspace: 2698K->2698K(1056768K)], 0.0315178 secs] [Times: user=0.03 sys=0.00, real=0.04 secs] 
2021-01-22T19:43:04.915-0800: 247.405: [Full GC (Allocation Failure) 2021-01-22T19:43:04.915-0800: 247.405: [Tenured: 349554K->349429K(349568K), 0.0479975 secs] 506708K->402094K(506816K), [Metaspace: 2698K->2698K(1056768K)], 0.0480989 secs] [Times: user=0.04 sys=0.00, real=0.05 secs] 
2021-01-22T19:43:04.976-0800: 247.465: [Full GC (Allocation Failure) 2021-01-22T19:43:04.976-0800: 247.465: [Tenured: 349497K->349546K(349568K), 0.0534024 secs] 506741K->400273K(506816K), [Metaspace: 2698K->2698K(1056768K)], 0.0535028 secs] [Times: user=0.05 sys=0.00, real=0.06 secs] 
2021-01-22T19:43:05.045-0800: 247.535: [Full GC (Allocation Failure) 2021-01-22T19:43:05.045-0800: 247.535: [Tenured: 349546K->349552K(349568K), 0.0576245 secs] 506681K->384599K(506816K), [Metaspace: 2698K->2698K(1056768K)], 0.0577711 secs] [Times: user=0.05 sys=0.01, real=0.06 secs] 
2021-01-22T19:43:05.118-0800: 247.608: [Full GC (Allocation Failure) 2021-01-22T19:43:05.118-0800: 247.608: [Tenured: 349552K->348903K(349568K), 0.0342681 secs] 506751K->401804K(506816K), [Metaspace: 2698K->2698K(1056768K)], 0.0343631 secs] [Times: user=0.03 sys=0.00, real=0.04 secs] 
2021-01-22T19:43:05.170-0800: 247.659: [Full GC (Allocation Failure) 2021-01-22T19:43:05.170-0800: 247.659: [Tenured: 349532K->349483K(349568K), 0.0439349 secs] 506780K->405053K(506816K), [Metaspace: 2698K->2698K(1056768K)], 0.0440394 secs] [Times: user=0.05 sys=0.00, real=0.04 secs] 
2021-01-22T19:43:05.229-0800: 247.719: [Full GC (Allocation Failure) 2021-01-22T19:43:05.229-0800: 247.719: [Tenured: 349483K->349306K(349568K), 0.0512685 secs] 506344K->404734K(506816K), [Metaspace: 2698K->2698K(1056768K)], 0.0513648 secs] [Times: user=0.05 sys=0.00, real=0.06 secs] 
2021-01-22T19:43:05.292-0800: 247.782: [Full GC (Allocation Failure) 2021-01-22T19:43:05.292-0800: 247.782: [Tenured: 349491K->349357K(349568K), 0.0622972 secs] 506721K->386593K(506816K), [Metaspace: 2698K->2698K(1056768K)], 0.0623954 secs] [Times: user=0.06 sys=0.00, real=0.06 secs] 
2021-01-22T19:43:05.370-0800: 247.860: [Full GC (Allocation Failure) 2021-01-22T19:43:05.370-0800: 247.860: [Tenured: 349357K->349326K(349568K), 0.0368445 secs] 506536K->400378K(506816K), [Metaspace: 2698K->2698K(1056768K)], 0.0369935 secs] [Times: user=0.03 sys=0.00, real=0.03 secs] 
2021-01-22T19:43:05.425-0800: 247.914: [Full GC (Allocation Failure) 2021-01-22T19:43:05.425-0800: 247.914: [Tenured: 349464K->349320K(349568K), 0.0470124 secs] 506676K->393010K(506816K), [Metaspace: 2698K->2698K(1056768K)], 0.0471196 secs] [Times: user=0.04 sys=0.00, real=0.05 secs] 
2021-01-22T19:43:05.485-0800: 247.975: [Full GC (Allocation Failure) 2021-01-22T19:43:05.486-0800: 247.975: [Tenured: 349551K->349532K(349568K), 0.0455785 secs] 506694K->390707K(506816K), [Metaspace: 2698K->2698K(1056768K)], 0.0456783 secs] [Times: user=0.04 sys=0.00, real=0.05 secs] 
2021-01-22T19:43:05.549-0800: 248.038: [Full GC (Allocation Failure) 2021-01-22T19:43:05.549-0800: 248.038: [Tenured: 349532K->349189K(349568K), 0.0550647 secs] 506303K->368936K(506816K), [Metaspace: 2698K->2698K(1056768K)], 0.0551752 secs] [Times: user=0.05 sys=0.00, real=0.06 secs] 
2021-01-22T19:43:05.626-0800: 248.115: [Full GC (Allocation Failure) 2021-01-22T19:43:05.626-0800: 248.115: [Tenured: 349189K->349546K(349568K), 0.0351337 secs] 506261K->388255K(506816K), [Metaspace: 2698K->2698K(1056768K)], 0.0352410 secs] [Times: user=0.04 sys=0.00, real=0.04 secs] 
2021-01-22T19:43:05.679-0800: 248.169: [Full GC (Allocation Failure) 2021-01-22T19:43:05.679-0800: 248.169: [Tenured: 349546K->349532K(349568K), 0.0478133 secs] 506604K->393449K(506816K), [Metaspace: 2698K->2698K(1056768K)], 0.0479250 secs] [Times: user=0.04 sys=0.00, real=0.05 secs] 
2021-01-22T19:43:05.741-0800: 248.231: [Full GC (Allocation Failure) 2021-01-22T19:43:05.741-0800: 248.231: [Tenured: 349532K->349512K(349568K), 0.0501368 secs] 506733K->398334K(506816K), [Metaspace: 2698K->2698K(1056768K)], 0.0502332 secs] [Times: user=0.04 sys=0.00, real=0.05 secs] 
2021-01-22T19:43:05.808-0800: 248.297: [Full GC (Allocation Failure) 2021-01-22T19:43:05.808-0800: 248.297: [Tenured: 349512K->349514K(349568K), 0.0549333 secs] 506637K->388713K(506816K), [Metaspace: 2698K->2698K(1056768K)], 0.0550286 secs] [Times: user=0.05 sys=0.00, real=0.06 secs] 
2021-01-22T19:43:05.881-0800: 248.370: [Full GC (Allocation Failure) 2021-01-22T19:43:05.881-0800: 248.370: [Tenured: 349514K->349541K(349568K), 0.0298790 secs] 506541K->409536K(506816K), [Metaspace: 2698K->2698K(1056768K)], 0.0299852 secs] [Times: user=0.03 sys=0.00, real=0.03 secs] 
2021-01-22T19:43:05.922-0800: 248.412: [Full GC (Allocation Failure) 2021-01-22T19:43:05.922-0800: 248.412: [Tenured: 349541K->349425K(349568K), 0.0435745 secs] 506633K->405091K(506816K), [Metaspace: 2698K->2698K(1056768K)], 0.0436989 secs] [Times: user=0.04 sys=0.00, real=0.04 secs] 
2021-01-22T19:43:05.981-0800: 248.470: [Full GC (Allocation Failure) 2021-01-22T19:43:05.981-0800: 248.470: [Tenured: 349425K->349522K(349568K), 0.0490051 secs] 506535K->408198K(506816K), [Metaspace: 2698K->2698K(1056768K)], 0.0491083 secs] [Times: user=0.04 sys=0.00, real=0.05 secs] 
2021-01-22T19:43:06.042-0800: 248.532: [Full GC (Allocation Failure) 2021-01-22T19:43:06.042-0800: 248.532: [Tenured: 349522K->349502K(349568K), 0.0623580 secs] 506280K->395457K(506816K), [Metaspace: 2698K->2698K(1056768K)], 0.0624557 secs] [Times: user=0.06 sys=0.00, real=0.06 secs] 
2021-01-22T19:43:06.119-0800: 248.608: [Full GC (Allocation Failure) 2021-01-22T19:43:06.119-0800: 248.608: [Tenured: 349502K->349469K(349568K), 0.0465021 secs] 506687K->408520K(506816K), [Metaspace: 2698K->2698K(1056768K)], 0.0465970 secs] [Times: user=0.04 sys=0.00, real=0.05 secs] 
2021-01-22T19:43:06.180-0800: 248.669: [Full GC (Allocation Failure) 2021-01-22T19:43:06.180-0800: 248.669: [Tenured: 349469K->349333K(349568K), 0.0548505 secs] 506417K->411530K(506816K), [Metaspace: 2698K->2698K(1056768K)], 0.0549886 secs] [Times: user=0.04 sys=0.00, real=0.05 secs] 
2021-01-22T19:43:06.254-0800: 248.743: [Full GC (Allocation Failure) 2021-01-22T19:43:06.254-0800: 248.743: [Tenured: 349333K->349564K(349568K), 0.0562840 secs] 506570K->410266K(506816K), [Metaspace: 2698K->2698K(1056768K)], 0.0564008 secs] [Times: user=0.05 sys=0.00, real=0.06 secs] 
2021-01-22T19:43:06.330-0800: 248.820: [Full GC (Allocation Failure) 2021-01-22T19:43:06.330-0800: 248.820: [Tenured: 349564K->348908K(349568K), 0.0669960 secs] 506788K->391754K(506816K), [Metaspace: 2698K->2698K(1056768K)], 0.0671056 secs] [Times: user=0.06 sys=0.00, real=0.06 secs] 
2021-01-22T19:43:06.414-0800: 248.903: [Full GC (Allocation Failure) 2021-01-22T19:43:06.414-0800: 248.903: [Tenured: 349427K->349551K(349568K), 0.0435780 secs] 506675K->407158K(506816K), [Metaspace: 2698K->2698K(1056768K)], 0.0436947 secs] [Times: user=0.03 sys=0.00, real=0.04 secs] 
2021-01-22T19:43:06.471-0800: 248.960: [Full GC (Allocation Failure) 2021-01-22T19:43:06.471-0800: 248.960: [Tenured: 349551K->349428K(349568K), 0.0469990 secs] 506777K->400267K(506816K), [Metaspace: 2698K->2698K(1056768K)], 0.0471043 secs] [Times: user=0.04 sys=0.00, real=0.04 secs] 
2021-01-22T19:43:06.532-0800: 249.022: [Full GC (Allocation Failure) 2021-01-22T19:43:06.532-0800: 249.022: [Tenured: 349428K->349393K(349568K), 0.0492540 secs] 506542K->402478K(506816K), [Metaspace: 2698K->2698K(1056768K)], 0.0494749 secs] [Times: user=0.04 sys=0.00, real=0.05 secs] 
2021-01-22T19:43:06.594-0800: 249.084: [Full GC (Allocation Failure) 2021-01-22T19:43:06.594-0800: 249.084: [Tenured: 349393K->349567K(349568K), 0.0614190 secs] 506611K->387618K(506816K), [Metaspace: 2698K->2698K(1056768K)], 0.0615194 secs] [Times: user=0.06 sys=0.00, real=0.06 secs] 
2021-01-22T19:43:06.671-0800: 249.161: [Full GC (Allocation Failure) 2021-01-22T19:43:06.671-0800: 249.161: [Tenured: 349567K->349334K(349568K), 0.0260471 secs] 506663K->406302K(506816K), [Metaspace: 2698K->2698K(1056768K)], 0.0261472 secs] [Times: user=0.02 sys=0.01, real=0.02 secs] 
2021-01-22T19:43:06.714-0800: 249.204: [Full GC (Allocation Failure) 2021-01-22T19:43:06.715-0800: 249.204: [Tenured: 349547K->349532K(349568K), 0.0436787 secs] 506776K->406407K(506816K), [Metaspace: 2698K->2698K(1056768K)], 0.0437729 secs] [Times: user=0.04 sys=0.00, real=0.04 secs] 
2021-01-22T19:43:06.772-0800: 249.261: [Full GC (Allocation Failure) 2021-01-22T19:43:06.772-0800: 249.261: [Tenured: 349532K->349256K(349568K), 0.0497621 secs] 506679K->413030K(506816K), [Metaspace: 2698K->2698K(1056768K)], 0.0498726 secs] [Times: user=0.05 sys=0.00, real=0.05 secs] 
2021-01-22T19:43:06.837-0800: 249.326: [Full GC (Allocation Failure) 2021-01-22T19:43:06.837-0800: 249.326: [Tenured: 349562K->349166K(349568K), 0.0547878 secs] 506808K->395157K(506816K), [Metaspace: 2698K->2698K(1056768K)], 0.0548877 secs] [Times: user=0.05 sys=0.00, real=0.06 secs] 
2021-01-22T19:43:06.906-0800: 249.396: [Full GC (Allocation Failure) 2021-01-22T19:43:06.906-0800: 249.396: [Tenured: 349454K->349506K(349568K), 0.0417845 secs] 506564K->420583K(506816K), [Metaspace: 2698K->2698K(1056768K)], 0.0418660 secs] [Times: user=0.04 sys=0.00, real=0.04 secs] 
2021-01-22T19:43:06.962-0800: 249.451: [Full GC (Allocation Failure) 2021-01-22T19:43:06.962-0800: 249.451: [Tenured: 349506K->349487K(349568K), 0.0467172 secs] 506528K->423036K(506816K), [Metaspace: 2698K->2698K(1056768K)], 0.0467988 secs] [Times: user=0.05 sys=0.00, real=0.04 secs] 
2021-01-22T19:43:07.023-0800: 249.512: [Full GC (Allocation Failure) 2021-01-22T19:43:07.023-0800: 249.512: [Tenured: 349559K->349411K(349568K), 0.0521096 secs] 506761K->424457K(506816K), [Metaspace: 2698K->2698K(1056768K)], 0.0522139 secs] [Times: user=0.05 sys=0.00, real=0.05 secs] 
2021-01-22T19:43:07.088-0800: 249.578: [Full GC (Allocation Failure) 2021-01-22T19:43:07.088-0800: 249.578: [Tenured: 349411K->349532K(349568K), 0.0576950 secs] 506217K->402737K(506816K), [Metaspace: 2698K->2698K(1056768K)], 0.0577964 secs] [Times: user=0.06 sys=0.00, real=0.06 secs] 
2021-01-22T19:43:07.162-0800: 249.652: [Full GC (Allocation Failure) 2021-01-22T19:43:07.163-0800: 249.652: [Tenured: 349532K->349332K(349568K), 0.0333940 secs] 506765K->420030K(506816K), [Metaspace: 2698K->2698K(1056768K)], 0.0335623 secs] [Times: user=0.03 sys=0.00, real=0.03 secs] 
2021-01-22T19:43:07.210-0800: 249.699: [Full GC (Allocation Failure) 2021-01-22T19:43:07.210-0800: 249.700: [Tenured: 349529K->349451K(349568K), 0.0429081 secs] 506653K->424941K(506816K), [Metaspace: 2698K->2698K(1056768K)], 0.0430074 secs] [Times: user=0.04 sys=0.00, real=0.04 secs] 
2021-01-22T19:43:07.263-0800: 249.753: [Full GC (Allocation Failure) 2021-01-22T19:43:07.263-0800: 249.753: [Tenured: 349451K->349139K(349568K), 0.0558320 secs] 506415K->424432K(506816K), [Metaspace: 2698K->2698K(1056768K)], 0.0559772 secs] [Times: user=0.05 sys=0.00, real=0.05 secs] 
2021-01-22T19:43:07.330-0800: 249.819: [Full GC (Allocation Failure) 2021-01-22T19:43:07.330-0800: 249.819: [Tenured: 349139K->349481K(349568K), 0.0592451 secs] 506085K->404115K(506816K), [Metaspace: 2698K->2698K(1056768K)], 0.0593459 secs] [Times: user=0.06 sys=0.01, real=0.05 secs] 
2021-01-22T19:43:07.402-0800: 249.892: [Full GC (Allocation Failure) 2021-01-22T19:43:07.402-0800: 249.892: [Tenured: 349481K->349556K(349568K), 0.0275591 secs] 506669K->421376K(506816K), [Metaspace: 2698K->2698K(1056768K)], 0.0276591 secs] [Times: user=0.03 sys=0.00, real=0.03 secs] 
2021-01-22T19:43:07.441-0800: 249.930: [Full GC (Allocation Failure) 2021-01-22T19:43:07.441-0800: 249.930: [Tenured: 349556K->349537K(349568K), 0.0417120 secs] 506732K->422156K(506816K), [Metaspace: 2698K->2698K(1056768K)], 0.0418059 secs] [Times: user=0.04 sys=0.00, real=0.04 secs] 
2021-01-22T19:43:07.496-0800: 249.985: [Full GC (Allocation Failure) 2021-01-22T19:43:07.496-0800: 249.985: [Tenured: 349537K->349254K(349568K), 0.0474101 secs] 506729K->420484K(506816K), [Metaspace: 2698K->2698K(1056768K)], 0.0475114 secs] [Times: user=0.05 sys=0.00, real=0.05 secs] 
2021-01-22T19:43:07.554-0800: 250.044: [Full GC (Allocation Failure) 2021-01-22T19:43:07.554-0800: 250.044: [Tenured: 349506K->349543K(349568K), 0.0552601 secs] 506725K->402783K(506816K), [Metaspace: 2698K->2698K(1056768K)], 0.0553629 secs] [Times: user=0.05 sys=0.00, real=0.06 secs] 
2021-01-22T19:43:07.627-0800: 250.116: [Full GC (Allocation Failure) 2021-01-22T19:43:07.627-0800: 250.116: [Tenured: 349543K->349348K(349568K), 0.0313455 secs] 506778K->415427K(506816K), [Metaspace: 2698K->2698K(1056768K)], 0.0314645 secs] [Times: user=0.03 sys=0.00, real=0.03 secs] 
2021-01-22T19:43:07.673-0800: 250.162: [Full GC (Allocation Failure) 2021-01-22T19:43:07.673-0800: 250.162: [Tenured: 349348K->349530K(349568K), 0.0490083 secs] 506487K->407354K(506816K), [Metaspace: 2698K->2698K(1056768K)], 0.0491534 secs] [Times: user=0.04 sys=0.00, real=0.05 secs] 
2021-01-22T19:43:07.734-0800: 250.223: [Full GC (Allocation Failure) 2021-01-22T19:43:07.734-0800: 250.223: [Tenured: 349530K->349377K(349568K), 0.0485093 secs] 506675K->408271K(506816K), [Metaspace: 2698K->2698K(1056768K)], 0.0486220 secs] [Times: user=0.05 sys=0.00, real=0.05 secs] 
2021-01-22T19:43:07.797-0800: 250.287: [Full GC (Allocation Failure) 2021-01-22T19:43:07.797-0800: 250.287: [Tenured: 349377K->349346K(349568K), 0.0566474 secs] 506536K->387895K(506816K), [Metaspace: 2698K->2698K(1056768K)], 0.0567491 secs] [Times: user=0.05 sys=0.00, real=0.06 secs] 
2021-01-22T19:43:07.870-0800: 250.359: [Full GC (Allocation Failure) 2021-01-22T19:43:07.870-0800: 250.359: [Tenured: 349441K->349226K(349568K), 0.0423371 secs] 506674K->396649K(506816K), [Metaspace: 2698K->2698K(1056768K)], 0.0424890 secs] [Times: user=0.04 sys=0.00, real=0.04 secs] 
2021-01-22T19:43:07.926-0800: 250.416: [Full GC (Allocation Failure) 2021-01-22T19:43:07.926-0800: 250.416: [Tenured: 349483K->349039K(349568K), 0.0466350 secs] 506723K->398451K(506816K), [Metaspace: 2698K->2698K(1056768K)], 0.0467528 secs] [Times: user=0.05 sys=0.00, real=0.05 secs] 
2021-01-22T19:43:07.987-0800: 250.477: [Full GC (Allocation Failure) 2021-01-22T19:43:07.987-0800: 250.477: [Tenured: 349413K->349567K(349568K), 0.0500384 secs] 506605K->394718K(506816K), [Metaspace: 2698K->2698K(1056768K)], 0.0501391 secs] [Times: user=0.05 sys=0.00, real=0.05 secs] 
2021-01-22T19:43:08.055-0800: 250.545: [Full GC (Allocation Failure) 2021-01-22T19:43:08.056-0800: 250.545: [Tenured: 349567K->349147K(349568K), 0.0516058 secs] 506777K->373251K(506816K), [Metaspace: 2698K->2698K(1056768K)], 0.0517163 secs] [Times: user=0.05 sys=0.00, real=0.05 secs] 
2021-01-22T19:43:08.124-0800: 250.613: [Full GC (Allocation Failure) 2021-01-22T19:43:08.124-0800: 250.613: [Tenured: 349147K->349463K(349568K), 0.0373087 secs] 506268K->393423K(506816K), [Metaspace: 2698K->2698K(1056768K)], 0.0374051 secs] [Times: user=0.04 sys=0.01, real=0.04 secs] 
2021-01-22T19:43:08.175-0800: 250.664: [Full GC (Allocation Failure) 2021-01-22T19:43:08.175-0800: 250.664: [Tenured: 349566K->349484K(349568K), 0.0474926 secs] 506814K->394502K(506816K), [Metaspace: 2698K->2698K(1056768K)], 0.0475939 secs] [Times: user=0.05 sys=0.00, real=0.05 secs] 
2021-01-22T19:43:08.240-0800: 250.729: [Full GC (Allocation Failure) 2021-01-22T19:43:08.240-0800: 250.729: [Tenured: 349484K->349556K(349568K), 0.0462758 secs] 506667K->396220K(506816K), [Metaspace: 2698K->2698K(1056768K)], 0.0463742 secs] [Times: user=0.05 sys=0.00, real=0.04 secs] 
2021-01-22T19:43:08.303-0800: 250.792: [Full GC (Allocation Failure) 2021-01-22T19:43:08.303-0800: 250.792: [Tenured: 349556K->349137K(349568K), 0.0542144 secs] 506571K->381221K(506816K), [Metaspace: 2698K->2698K(1056768K)], 0.0543130 secs] [Times: user=0.06 sys=0.00, real=0.05 secs] 
2021-01-22T19:43:08.377-0800: 250.866: [Full GC (Allocation Failure) 2021-01-22T19:43:08.377-0800: 250.866: [Tenured: 349476K->349130K(349568K), 0.0371986 secs] 506718K->394780K(506816K), [Metaspace: 2698K->2698K(1056768K)], 0.0372956 secs] [Times: user=0.04 sys=0.00, real=0.04 secs] 
2021-01-22T19:43:08.431-0800: 250.920: [Full GC (Allocation Failure) 2021-01-22T19:43:08.431-0800: 250.920: [Tenured: 349328K->349529K(349568K), 0.0435017 secs] 506509K->396881K(506816K), [Metaspace: 2698K->2698K(1056768K)], 0.0436063 secs] [Times: user=0.04 sys=0.00, real=0.04 secs] 
2021-01-22T19:43:08.488-0800: 250.977: [Full GC (Allocation Failure) 2021-01-22T19:43:08.488-0800: 250.977: [Tenured: 349565K->349480K(349568K), 0.0492911 secs] 506796K->396176K(506816K), [Metaspace: 2698K->2698K(1056768K)], 0.0493901 secs] [Times: user=0.05 sys=0.00, real=0.05 secs] 
2021-01-22T19:43:08.554-0800: 251.044: [Full GC (Allocation Failure) 2021-01-22T19:43:08.554-0800: 251.044: [Tenured: 349480K->349438K(349568K), 0.0558859 secs] 506478K->376773K(506816K), [Metaspace: 2698K->2698K(1056768K)], 0.0559841 secs] [Times: user=0.05 sys=0.00, real=0.06 secs] 
2021-01-22T19:43:08.628-0800: 251.117: [Full GC (Allocation Failure) 2021-01-22T19:43:08.628-0800: 251.117: [Tenured: 349491K->349172K(349568K), 0.0338420 secs] 506706K->394248K(506816K), [Metaspace: 2698K->2698K(1056768K)], 0.0339488 secs] [Times: user=0.03 sys=0.00, real=0.04 secs] 
2021-01-22T19:43:08.679-0800: 251.169: [Full GC (Allocation Failure) 2021-01-22T19:43:08.679-0800: 251.169: [Tenured: 349360K->349255K(349568K), 0.0438829 secs] 506478K->389338K(506816K), [Metaspace: 2698K->2698K(1056768K)], 0.0439968 secs] [Times: user=0.04 sys=0.00, real=0.05 secs] 
2021-01-22T19:43:08.740-0800: 251.229: [Full GC (Allocation Failure) 2021-01-22T19:43:08.740-0800: 251.229: [Tenured: 349432K->349550K(349568K), 0.0494341 secs] 506624K->393471K(506816K), [Metaspace: 2698K->2698K(1056768K)], 0.0495416 secs] [Times: user=0.05 sys=0.00, real=0.04 secs] 
2021-01-22T19:43:08.804-0800: 251.294: [Full GC (Allocation Failure) 2021-01-22T19:43:08.804-0800: 251.294: [Tenured: 349550K->349444K(349568K), 0.0514161 secs] 506263K->370749K(506816K), [Metaspace: 2698K->2698K(1056768K)], 0.0515147 secs] [Times: user=0.05 sys=0.01, real=0.05 secs] 
2021-01-22T19:43:08.876-0800: 251.365: [Full GC (Allocation Failure) 2021-01-22T19:43:08.876-0800: 251.365: [Tenured: 349444K->349316K(349568K), 0.0436825 secs] 506595K->380681K(506816K), [Metaspace: 2698K->2698K(1056768K)], 0.0437805 secs] [Times: user=0.05 sys=0.00, real=0.04 secs] 
2021-01-22T19:43:08.934-0800: 251.424: [Full GC (Allocation Failure) 2021-01-22T19:43:08.934-0800: 251.424: [Tenured: 349316K->349555K(349568K), 0.0476385 secs] 506111K->381623K(506816K), [Metaspace: 2698K->2698K(1056768K)], 0.0477399 secs] [Times: user=0.05 sys=0.00, real=0.05 secs] 
2021-01-22T19:43:09.000-0800: 251.490: [Full GC (Allocation Failure) 2021-01-22T19:43:09.001-0800: 251.490: [Tenured: 349555K->349318K(349568K), 0.0423467 secs] 506668K->380608K(506816K), [Metaspace: 2698K->2698K(1056768K)], 0.0426113 secs] [Times: user=0.04 sys=0.00, real=0.04 secs] 
2021-01-22T19:43:09.065-0800: 251.554: [Full GC (Allocation Failure) 2021-01-22T19:43:09.065-0800: 251.554: [Tenured: 349318K->349347K(349568K), 0.0547981 secs] 506279K->360339K(506816K), [Metaspace: 2698K->2698K(1056768K)], 0.0548996 secs] [Times: user=0.05 sys=0.00, real=0.06 secs] 
2021-01-22T19:43:09.141-0800: 251.631: [Full GC (Allocation Failure) 2021-01-22T19:43:09.141-0800: 251.631: [Tenured: 349347K->349185K(349568K), 0.0335516 secs] 506290K->381674K(506816K), [Metaspace: 2698K->2698K(1056768K)], 0.0336537 secs] [Times: user=0.03 sys=0.00, real=0.03 secs] 
2021-01-22T19:43:09.190-0800: 251.680: [Full GC (Allocation Failure) 2021-01-22T19:43:09.190-0800: 251.680: [Tenured: 349509K->349559K(349568K), 0.0448243 secs] 506729K->382988K(506816K), [Metaspace: 2698K->2698K(1056768K)], 0.0449271 secs] [Times: user=0.04 sys=0.00, real=0.04 secs] 
2021-01-22T19:43:09.253-0800: 251.743: [Full GC (Allocation Failure) 2021-01-22T19:43:09.253-0800: 251.743: [Tenured: 349559K->349436K(349568K), 0.0468492 secs] 506632K->389328K(506816K), [Metaspace: 2698K->2698K(1056768K)], 0.0469469 secs] [Times: user=0.04 sys=0.00, real=0.05 secs] 
2021-01-22T19:43:09.315-0800: 251.804: [Full GC (Allocation Failure) 2021-01-22T19:43:09.315-0800: 251.805: [Tenured: 349436K->349225K(349568K), 0.0550122 secs] 506411K->374632K(506816K), [Metaspace: 2698K->2698K(1056768K)], 0.0551392 secs] [Times: user=0.05 sys=0.00, real=0.06 secs] 
2021-01-22T19:43:09.389-0800: 251.879: [Full GC (Allocation Failure) 2021-01-22T19:43:09.389-0800: 251.879: [Tenured: 349225K->349498K(349568K), 0.0340454 secs] 505752K->396774K(506816K), [Metaspace: 2698K->2698K(1056768K)], 0.0341570 secs] [Times: user=0.03 sys=0.00, real=0.04 secs] 
2021-01-22T19:43:09.440-0800: 251.929: [Full GC (Allocation Failure) 2021-01-22T19:43:09.440-0800: 251.929: [Tenured: 349498K->349519K(349568K), 0.0451066 secs] 506470K->394045K(506816K), [Metaspace: 2698K->2698K(1056768K)], 0.0452060 secs] [Times: user=0.04 sys=0.00, real=0.04 secs] 
2021-01-22T19:43:09.502-0800: 251.992: [Full GC (Allocation Failure) 2021-01-22T19:43:09.502-0800: 251.992: [Tenured: 349519K->349482K(349568K), 0.0474453 secs] 506724K->391106K(506816K), [Metaspace: 2698K->2698K(1056768K)], 0.0475430 secs] [Times: user=0.04 sys=0.00, real=0.05 secs] 
2021-01-22T19:43:09.565-0800: 252.054: [Full GC (Allocation Failure) 2021-01-22T19:43:09.565-0800: 252.055: [Tenured: 349482K->349020K(349568K), 0.0587161 secs] 506653K->379531K(506816K), [Metaspace: 2698K->2698K(1056768K)], 0.0590563 secs] [Times: user=0.05 sys=0.00, real=0.06 secs] 
2021-01-22T19:43:09.640-0800: 252.130: [Full GC (Allocation Failure) 2021-01-22T19:43:09.640-0800: 252.130: [Tenured: 349540K->349433K(349568K), 0.0299142 secs] 506787K->402982K(506816K), [Metaspace: 2698K->2698K(1056768K)], 0.0300147 secs] [Times: user=0.03 sys=0.00, real=0.03 secs] 
2021-01-22T19:43:09.687-0800: 252.176: [Full GC (Allocation Failure) 2021-01-22T19:43:09.687-0800: 252.176: [Tenured: 349541K->349404K(349568K), 0.0431308 secs] 506754K->398116K(506816K), [Metaspace: 2698K->2698K(1056768K)], 0.0432262 secs] [Times: user=0.04 sys=0.00, real=0.05 secs] 
2021-01-22T19:43:09.747-0800: 252.237: [Full GC (Allocation Failure) 2021-01-22T19:43:09.747-0800: 252.237: [Tenured: 349404K->349501K(349568K), 0.0452012 secs] 506364K->399997K(506816K), [Metaspace: 2698K->2698K(1056768K)], 0.0453260 secs] [Times: user=0.05 sys=0.00, real=0.05 secs] 
2021-01-22T19:43:09.809-0800: 252.298: [Full GC (Allocation Failure) 2021-01-22T19:43:09.809-0800: 252.298: [Tenured: 349501K->349276K(349568K), 0.0559733 secs] 506201K->377686K(506816K), [Metaspace: 2698K->2698K(1056768K)], 0.0560857 secs] [Times: user=0.06 sys=0.00, real=0.06 secs] 
2021-01-22T19:43:09.881-0800: 252.371: [Full GC (Allocation Failure) 2021-01-22T19:43:09.881-0800: 252.371: [Tenured: 349276K->349289K(349568K), 0.0377927 secs] 506276K->394401K(506816K), [Metaspace: 2698K->2698K(1056768K)], 0.0378913 secs] [Times: user=0.04 sys=0.00, real=0.03 secs] 
2021-01-22T19:43:09.933-0800: 252.422: [Full GC (Allocation Failure) 2021-01-22T19:43:09.933-0800: 252.422: [Tenured: 349289K->349500K(349568K), 0.0419200 secs] 506270K->394264K(506816K), [Metaspace: 2698K->2698K(1056768K)], 0.0420192 secs] [Times: user=0.05 sys=0.00, real=0.04 secs] 
2021-01-22T19:43:09.991-0800: 252.481: [Full GC (Allocation Failure) 2021-01-22T19:43:09.991-0800: 252.481: [Tenured: 349500K->349452K(349568K), 0.0495777 secs] 506734K->392762K(506816K), [Metaspace: 2698K->2698K(1056768K)], 0.0496874 secs] [Times: user=0.05 sys=0.00, real=0.05 secs] 
2021-01-22T19:43:10.055-0800: 252.545: [Full GC (Allocation Failure) 2021-01-22T19:43:10.055-0800: 252.545: [Tenured: 349452K->349409K(349568K), 0.0565458 secs] 506596K->376227K(506816K), [Metaspace: 2698K->2698K(1056768K)], 0.0566560 secs] [Times: user=0.06 sys=0.00, real=0.06 secs] 
2021-01-22T19:43:10.127-0800: 252.617: [Full GC (Allocation Failure) 2021-01-22T19:43:10.127-0800: 252.617: [Tenured: 349535K->349317K(349568K), 0.0359498 secs] 506769K->388878K(506816K), [Metaspace: 2698K->2698K(1056768K)], 0.0360520 secs] [Times: user=0.04 sys=0.00, real=0.04 secs] 
2021-01-22T19:43:10.180-0800: 252.670: [Full GC (Allocation Failure) 2021-01-22T19:43:10.180-0800: 252.670: [Tenured: 349317K->349567K(349568K), 0.0451488 secs] 506410K->383496K(506816K), [Metaspace: 2698K->2698K(1056768K)], 0.0452501 secs] [Times: user=0.05 sys=0.00, real=0.04 secs] 
2021-01-22T19:43:10.241-0800: 252.730: [Full GC (Allocation Failure) 2021-01-22T19:43:10.241-0800: 252.730: [Tenured: 349567K->349270K(349568K), 0.0508063 secs] 506753K->381080K(506816K), [Metaspace: 2698K->2698K(1056768K)], 0.0509217 secs] [Times: user=0.05 sys=0.01, real=0.05 secs] 
2021-01-22T19:43:10.307-0800: 252.796: [Full GC (Allocation Failure) 2021-01-22T19:43:10.307-0800: 252.796: [Tenured: 349270K->349113K(349568K), 0.0552339 secs] 506080K->367721K(506816K), [Metaspace: 2698K->2698K(1056768K)], 0.0553401 secs] [Times: user=0.05 sys=0.00, real=0.06 secs] 
2021-01-22T19:43:10.382-0800: 252.871: [Full GC (Allocation Failure) 2021-01-22T19:43:10.382-0800: 252.871: [Tenured: 349113K->349133K(349568K), 0.0329891 secs] 506088K->385245K(506816K), [Metaspace: 2698K->2698K(1056768K)], 0.0330904 secs] [Times: user=0.03 sys=0.00, real=0.03 secs] 
2021-01-22T19:43:10.430-0800: 252.920: [Full GC (Allocation Failure) 2021-01-22T19:43:10.430-0800: 252.920: [Tenured: 349133K->349110K(349568K), 0.0466546 secs] 505954K->386415K(506816K), [Metaspace: 2698K->2698K(1056768K)], 0.0467716 secs] [Times: user=0.04 sys=0.00, real=0.04 secs] 
2021-01-22T19:43:10.491-0800: 252.980: [Full GC (Allocation Failure) 2021-01-22T19:43:10.491-0800: 252.980: [Tenured: 349291K->349550K(349568K), 0.0499638 secs] 506512K->388303K(506816K), [Metaspace: 2698K->2698K(1056768K)], 0.0500640 secs] [Times: user=0.04 sys=0.00, real=0.05 secs] 
2021-01-22T19:43:10.559-0800: 253.048: [Full GC (Allocation Failure) 2021-01-22T19:43:10.559-0800: 253.048: [Tenured: 349550K->348923K(349568K), 0.0520229 secs] 506780K->369223K(506816K), [Metaspace: 2698K->2698K(1056768K)], 0.0521262 secs] [Times: user=0.05 sys=0.00, real=0.06 secs] 
2021-01-22T19:43:10.626-0800: 253.116: [Full GC (Allocation Failure) 2021-01-22T19:43:10.627-0800: 253.116: [Tenured: 349500K->349558K(349568K), 0.0406307 secs] 506739K->392966K(506816K), [Metaspace: 2698K->2698K(1056768K)], 0.0407329 secs] [Times: user=0.04 sys=0.00, real=0.04 secs] 
2021-01-22T19:43:10.682-0800: 253.171: [Full GC (Allocation Failure) 2021-01-22T19:43:10.682-0800: 253.172: [Tenured: 349558K->349537K(349568K), 0.0477829 secs] 506713K->393315K(506816K), [Metaspace: 2698K->2698K(1056768K)], 0.0478816 secs] [Times: user=0.05 sys=0.00, real=0.05 secs] 
2021-01-22T19:43:10.747-0800: 253.237: [Full GC (Allocation Failure) 2021-01-22T19:43:10.747-0800: 253.237: [Tenured: 349537K->349208K(349568K), 0.0457329 secs] 506754K->393833K(506816K), [Metaspace: 2698K->2698K(1056768K)], 0.0458357 secs] [Times: user=0.05 sys=0.00, real=0.05 secs] 
2021-01-22T19:43:10.808-0800: 253.298: [Full GC (Allocation Failure) 2021-01-22T19:43:10.809-0800: 253.298: [Tenured: 349208K->349536K(349568K), 0.0531444 secs] 505792K->377126K(506816K), [Metaspace: 2698K->2698K(1056768K)], 0.0532461 secs] [Times: user=0.06 sys=0.00, real=0.06 secs] 
2021-01-22T19:43:10.880-0800: 253.369: [Full GC (Allocation Failure) 2021-01-22T19:43:10.880-0800: 253.369: [Tenured: 349536K->348934K(349568K), 0.0304852 secs] 506740K->397510K(506816K), [Metaspace: 2698K->2698K(1056768K)], 0.0305960 secs] [Times: user=0.03 sys=0.00, real=0.03 secs] 
2021-01-22T19:43:10.926-0800: 253.416: [Full GC (Allocation Failure) 2021-01-22T19:43:10.926-0800: 253.416: [Tenured: 349527K->349400K(349568K), 0.0427532 secs] 506775K->395754K(506816K), [Metaspace: 2698K->2698K(1056768K)], 0.0428678 secs] [Times: user=0.04 sys=0.00, real=0.04 secs] 
2021-01-22T19:43:10.986-0800: 253.476: [Full GC (Allocation Failure) 2021-01-22T19:43:10.986-0800: 253.476: [Tenured: 349400K->349481K(349568K), 0.0408637 secs] 506548K->398304K(506816K), [Metaspace: 2698K->2698K(1056768K)], 0.0409933 secs] [Times: user=0.04 sys=0.01, real=0.04 secs] 
2021-01-22T19:43:11.045-0800: 253.534: [Full GC (Allocation Failure) 2021-01-22T19:43:11.045-0800: 253.534: [Tenured: 349481K->349214K(349568K), 0.0562066 secs] 506052K->381710K(506816K), [Metaspace: 2698K->2698K(1056768K)], 0.0563074 secs] [Times: user=0.06 sys=0.00, real=0.06 secs] 
2021-01-22T19:43:11.121-0800: 253.610: [Full GC (Allocation Failure) 2021-01-22T19:43:11.121-0800: 253.610: [Tenured: 349214K->349274K(349568K), 0.0336761 secs] 505995K->398861K(506816K), [Metaspace: 2698K->2698K(1056768K)], 0.0337760 secs] [Times: user=0.03 sys=0.00, real=0.03 secs] 
2021-01-22T19:43:11.170-0800: 253.660: [Full GC (Allocation Failure) 2021-01-22T19:43:11.170-0800: 253.660: [Tenured: 349274K->349507K(349568K), 0.0424913 secs] 506515K->395084K(506816K), [Metaspace: 2698K->2698K(1056768K)], 0.0425883 secs] [Times: user=0.05 sys=0.00, real=0.04 secs] 
2021-01-22T19:43:11.227-0800: 253.716: [Full GC (Allocation Failure) 2021-01-22T19:43:11.227-0800: 253.717: [Tenured: 349507K->349549K(349568K), 0.0487017 secs] 506638K->387751K(506816K), [Metaspace: 2698K->2698K(1056768K)], 0.0488018 secs] [Times: user=0.05 sys=0.00, real=0.05 secs] 
2021-01-22T19:43:11.291-0800: 253.780: [Full GC (Allocation Failure) 2021-01-22T19:43:11.291-0800: 253.780: [Tenured: 349549K->349374K(349568K), 0.0575990 secs] 506554K->377211K(506816K), [Metaspace: 2698K->2698K(1056768K)], 0.0577182 secs] [Times: user=0.06 sys=0.00, real=0.05 secs] 
2021-01-22T19:43:11.369-0800: 253.859: [Full GC (Allocation Failure) 2021-01-22T19:43:11.369-0800: 253.859: [Tenured: 349554K->349536K(349568K), 0.0303641 secs] 506737K->401505K(506816K), [Metaspace: 2698K->2698K(1056768K)], 0.0304605 secs] [Times: user=0.03 sys=0.00, real=0.04 secs] 
2021-01-22T19:43:11.414-0800: 253.904: [Full GC (Allocation Failure) 2021-01-22T19:43:11.414-0800: 253.904: [Tenured: 349536K->349504K(349568K), 0.0457268 secs] 506627K->401125K(506816K), [Metaspace: 2698K->2698K(1056768K)], 0.0458420 secs] [Times: user=0.04 sys=0.00, real=0.05 secs] 
2021-01-22T19:43:11.476-0800: 253.966: [Full GC (Allocation Failure) 2021-01-22T19:43:11.477-0800: 253.966: [Tenured: 349504K->349215K(349568K), 0.0457710 secs] 506479K->392636K(506816K), [Metaspace: 2698K->2698K(1056768K)], 0.0458733 secs] [Times: user=0.05 sys=0.00, real=0.05 secs] 
2021-01-22T19:43:11.539-0800: 254.029: [Full GC (Allocation Failure) 2021-01-22T19:43:11.539-0800: 254.029: [Tenured: 349520K->349478K(349568K), 0.0523594 secs] 506765K->381447K(506816K), [Metaspace: 2698K->2698K(1056768K)], 0.0524607 secs] [Times: user=0.05 sys=0.00, real=0.06 secs] 
2021-01-22T19:43:11.610-0800: 254.100: [Full GC (Allocation Failure) 2021-01-22T19:43:11.610-0800: 254.100: [Tenured: 349550K->349544K(349568K), 0.0357415 secs] 506745K->395432K(506816K), [Metaspace: 2698K->2698K(1056768K)], 0.0358685 secs] [Times: user=0.04 sys=0.00, real=0.03 secs] 
2021-01-22T19:43:11.662-0800: 254.152: [Full GC (Allocation Failure) 2021-01-22T19:43:11.662-0800: 254.152: [Tenured: 349544K->349421K(349568K), 0.0420939 secs] 506771K->389875K(506816K), [Metaspace: 2698K->2698K(1056768K)], 0.0422042 secs] [Times: user=0.04 sys=0.00, real=0.04 secs] 
2021-01-22T19:43:11.722-0800: 254.212: [Full GC (Allocation Failure) 2021-01-22T19:43:11.722-0800: 254.212: [Tenured: 349547K->349112K(349568K), 0.0449500 secs] 506744K->393411K(506816K), [Metaspace: 2698K->2698K(1056768K)], 0.0450617 secs] [Times: user=0.04 sys=0.00, real=0.04 secs] 
2021-01-22T19:43:11.781-0800: 254.271: [Full GC (Allocation Failure) 2021-01-22T19:43:11.781-0800: 254.271: [Tenured: 349499K->349496K(349568K), 0.0581192 secs] 506611K->377966K(506816K), [Metaspace: 2698K->2698K(1056768K)], 0.0582331 secs] [Times: user=0.05 sys=0.01, real=0.05 secs] 
2021-01-22T19:43:11.855-0800: 254.344: [Full GC (Allocation Failure) 2021-01-22T19:43:11.855-0800: 254.345: [Tenured: 349496K->349516K(349568K), 0.0264843 secs] 506740K->398580K(506816K), [Metaspace: 2698K->2698K(1056768K)], 0.0266085 secs] [Times: user=0.03 sys=0.00, real=0.03 secs] 
2021-01-22T19:43:11.896-0800: 254.386: [Full GC (Allocation Failure) 2021-01-22T19:43:11.896-0800: 254.386: [Tenured: 349516K->349519K(349568K), 0.0455415 secs] 506261K->398712K(506816K), [Metaspace: 2698K->2698K(1056768K)], 0.0456425 secs] [Times: user=0.04 sys=0.00, real=0.05 secs] 
2021-01-22T19:43:11.955-0800: 254.445: [Full GC (Allocation Failure) 2021-01-22T19:43:11.955-0800: 254.445: [Tenured: 349519K->349497K(349568K), 0.0492949 secs] 506510K->403104K(506816K), [Metaspace: 2698K->2698K(1056768K)], 0.0494153 secs] [Times: user=0.05 sys=0.00, real=0.05 secs] 
2021-01-22T19:43:12.019-0800: 254.508: [Full GC (Allocation Failure) 2021-01-22T19:43:12.019-0800: 254.508: [Tenured: 349497K->348879K(349568K), 0.0604210 secs] 506547K->390445K(506816K), [Metaspace: 2698K->2698K(1056768K)], 0.0605562 secs] [Times: user=0.05 sys=0.00, real=0.06 secs] 
2021-01-22T19:43:12.097-0800: 254.586: [Full GC (Allocation Failure) 2021-01-22T19:43:12.097-0800: 254.586: [Tenured: 348968K->349514K(349568K), 0.0346267 secs] 506214K->403593K(506816K), [Metaspace: 2698K->2698K(1056768K)], 0.0347249 secs] [Times: user=0.04 sys=0.00, real=0.04 secs] 
2021-01-22T19:43:12.146-0800: 254.636: [Full GC (Allocation Failure) 2021-01-22T19:43:12.146-0800: 254.636: [Tenured: 349514K->349469K(349568K), 0.0415988 secs] 506712K->399971K(506816K), [Metaspace: 2698K->2698K(1056768K)], 0.0417001 secs] [Times: user=0.04 sys=0.00, real=0.04 secs] 
2021-01-22T19:43:12.201-0800: 254.690: [Full GC (Allocation Failure) 2021-01-22T19:43:12.201-0800: 254.690: [Tenured: 349469K->349491K(349568K), 0.0490920 secs] 506686K->400587K(506816K), [Metaspace: 2698K->2698K(1056768K)], 0.0492050 secs] [Times: user=0.05 sys=0.00, real=0.05 secs] 
2021-01-22T19:43:12.264-0800: 254.753: [Full GC (Allocation Failure) 2021-01-22T19:43:12.264-0800: 254.753: [Tenured: 349491K->349330K(349568K), 0.0583396 secs] 506686K->383621K(506816K), [Metaspace: 2698K->2698K(1056768K)], 0.0584366 secs] [Times: user=0.06 sys=0.00, real=0.06 secs] 
2021-01-22T19:43:12.337-0800: 254.827: [Full GC (Allocation Failure) 2021-01-22T19:43:12.337-0800: 254.827: [Tenured: 349330K->349115K(349568K), 0.0346337 secs] 506468K->402569K(506816K), [Metaspace: 2698K->2698K(1056768K)], 0.0347322 secs] [Times: user=0.03 sys=0.00, real=0.04 secs] 
2021-01-22T19:43:12.388-0800: 254.877: [Full GC (Allocation Failure) 2021-01-22T19:43:12.388-0800: 254.877: [Tenured: 349531K->349456K(349568K), 0.0424886 secs] 506775K->401836K(506816K), [Metaspace: 2698K->2698K(1056768K)], 0.0425839 secs] [Times: user=0.05 sys=0.00, real=0.05 secs] 
2021-01-22T19:43:12.446-0800: 254.935: [Full GC (Allocation Failure) 2021-01-22T19:43:12.446-0800: 254.936: [Tenured: 349456K->349529K(349568K), 0.0453626 secs] 506400K->399821K(506816K), [Metaspace: 2698K->2698K(1056768K)], 0.0454621 secs] [Times: user=0.05 sys=0.00, real=0.05 secs] 
2021-01-22T19:43:12.507-0800: 254.997: [Full GC (Allocation Failure) 2021-01-22T19:43:12.507-0800: 254.997: [Tenured: 349529K->349557K(349568K), 0.0521585 secs] 506575K->374489K(506816K), [Metaspace: 2698K->2698K(1056768K)], 0.0522573 secs] [Times: user=0.05 sys=0.00, real=0.06 secs] 
2021-01-22T19:43:12.580-0800: 255.069: [Full GC (Allocation Failure) 2021-01-22T19:43:12.580-0800: 255.069: [Tenured: 349557K->349520K(349568K), 0.0307296 secs] 506470K->394420K(506816K), [Metaspace: 2698K->2698K(1056768K)], 0.0308443 secs] [Times: user=0.03 sys=0.00, real=0.03 secs] 
2021-01-22T19:43:12.624-0800: 255.113: [Full GC (Allocation Failure) 2021-01-22T19:43:12.624-0800: 255.113: [Tenured: 349520K->349544K(349568K), 0.0444896 secs] 506427K->391943K(506816K), [Metaspace: 2698K->2698K(1056768K)], 0.0446062 secs] [Times: user=0.05 sys=0.00, real=0.04 secs] 
2021-01-22T19:43:12.686-0800: 255.176: [Full GC (Allocation Failure) 2021-01-22T19:43:12.686-0800: 255.176: [Tenured: 349544K->349567K(349568K), 0.0386500 secs] 506784K->389239K(506816K), [Metaspace: 2698K->2698K(1056768K)], 0.0387633 secs] [Times: user=0.04 sys=0.00, real=0.04 secs] 
2021-01-22T19:43:12.743-0800: 255.232: [Full GC (Allocation Failure) 2021-01-22T19:43:12.743-0800: 255.233: [Tenured: 349567K->349469K(349568K), 0.0556290 secs] 506769K->373762K(506816K), [Metaspace: 2698K->2698K(1056768K)], 0.0557294 secs] [Times: user=0.05 sys=0.00, real=0.05 secs] 
2021-01-22T19:43:12.817-0800: 255.306: [Full GC (Allocation Failure) 2021-01-22T19:43:12.817-0800: 255.306: [Tenured: 349469K->349313K(349568K), 0.0386931 secs] 506568K->383387K(506816K), [Metaspace: 2698K->2698K(1056768K)], 0.0389099 secs] [Times: user=0.04 sys=0.00, real=0.04 secs] 
2021-01-22T19:43:12.870-0800: 255.360: [Full GC (Allocation Failure) 2021-01-22T19:43:12.870-0800: 255.360: [Tenured: 349537K->349511K(349568K), 0.0462674 secs] 506755K->387481K(506816K), [Metaspace: 2698K->2698K(1056768K)], 0.0463682 secs] [Times: user=0.05 sys=0.00, real=0.04 secs] 
2021-01-22T19:43:12.931-0800: 255.421: [Full GC (Allocation Failure) 2021-01-22T19:43:12.931-0800: 255.421: [Tenured: 349511K->349547K(349568K), 0.0501192 secs] 506659K->385628K(506816K), [Metaspace: 2698K->2698K(1056768K)], 0.0503423 secs] [Times: user=0.05 sys=0.00, real=0.05 secs] 
2021-01-22T19:43:12.999-0800: 255.489: [Full GC (Allocation Failure) 2021-01-22T19:43:12.999-0800: 255.489: [Tenured: 349547K->349511K(349568K), 0.0551690 secs] 506689K->369232K(506816K), [Metaspace: 2698K->2698K(1056768K)], 0.0552787 secs] [Times: user=0.05 sys=0.00, real=0.06 secs] 
2021-01-22T19:43:13.071-0800: 255.560: [Full GC (Allocation Failure) 2021-01-22T19:43:13.071-0800: 255.560: [Tenured: 349511K->348875K(349568K), 0.0385672 secs] 506328K->389036K(506816K), [Metaspace: 2698K->2698K(1056768K)], 0.0386692 secs] [Times: user=0.03 sys=0.00, real=0.03 secs] 
2021-01-22T19:43:13.128-0800: 255.617: [Full GC (Allocation Failure) 2021-01-22T19:43:13.128-0800: 255.617: [Tenured: 349495K->349365K(349568K), 0.0433443 secs] 506738K->385262K(506816K), [Metaspace: 2698K->2698K(1056768K)], 0.0434422 secs] [Times: user=0.04 sys=0.00, real=0.05 secs] 
2021-01-22T19:43:13.190-0800: 255.680: [Full GC (Allocation Failure) 2021-01-22T19:43:13.190-0800: 255.680: [Tenured: 349365K->349329K(349568K), 0.0491532 secs] 506486K->383498K(506816K), [Metaspace: 2698K->2698K(1056768K)], 0.0492625 secs] [Times: user=0.05 sys=0.01, real=0.04 secs] 
2021-01-22T19:43:13.255-0800: 255.744: [Full GC (Allocation Failure) 2021-01-22T19:43:13.255-0800: 255.744: [Tenured: 349329K->349531K(349568K), 0.0549578 secs] 506315K->369823K(506816K), [Metaspace: 2698K->2698K(1056768K)], 0.0550642 secs] [Times: user=0.06 sys=0.00, real=0.06 secs] 
2021-01-22T19:43:13.328-0800: 255.817: [Full GC (Allocation Failure) 2021-01-22T19:43:13.328-0800: 255.817: [Tenured: 349531K->349206K(349568K), 0.0375126 secs] 506771K->389414K(506816K), [Metaspace: 2698K->2698K(1056768K)], 0.0376156 secs] [Times: user=0.03 sys=0.00, real=0.04 secs] 
2021-01-22T19:43:13.380-0800: 255.870: [Full GC (Allocation Failure) 2021-01-22T19:43:13.380-0800: 255.870: [Tenured: 349206K->349528K(349568K), 0.0420219 secs] 506098K->395660K(506816K), [Metaspace: 2698K->2698K(1056768K)], 0.0421268 secs] [Times: user=0.04 sys=0.00, real=0.04 secs] 
2021-01-22T19:43:13.441-0800: 255.930: [Full GC (Allocation Failure) 2021-01-22T19:43:13.441-0800: 255.930: [Tenured: 349546K->349337K(349568K), 0.0499892 secs] 506786K->395836K(506816K), [Metaspace: 2698K->2698K(1056768K)], 0.0500898 secs] [Times: user=0.05 sys=0.00, real=0.05 secs] 
2021-01-22T19:43:13.504-0800: 255.993: [Full GC (Allocation Failure) 2021-01-22T19:43:13.504-0800: 255.993: [Tenured: 349548K->349343K(349568K), 0.0562421 secs] 506761K->380085K(506816K), [Metaspace: 2698K->2698K(1056768K)], 0.0563430 secs] [Times: user=0.05 sys=0.00, real=0.06 secs] 
2021-01-22T19:43:13.579-0800: 256.068: [Full GC (Allocation Failure) 2021-01-22T19:43:13.579-0800: 256.068: [Tenured: 349343K->349547K(349568K), 0.0289945 secs] 506298K->393574K(506816K), [Metaspace: 2698K->2698K(1056768K)], 0.0290973 secs] [Times: user=0.03 sys=0.00, real=0.03 secs] 
2021-01-22T19:43:13.625-0800: 256.114: [Full GC (Allocation Failure) 2021-01-22T19:43:13.625-0800: 256.114: [Tenured: 349547K->349124K(349568K), 0.0452469 secs] 506622K->394867K(506816K), [Metaspace: 2698K->2698K(1056768K)], 0.0453478 secs] [Times: user=0.05 sys=0.00, real=0.05 secs] 
2021-01-22T19:43:13.683-0800: 256.173: [Full GC (Allocation Failure) 2021-01-22T19:43:13.683-0800: 256.173: [Tenured: 349412K->349517K(349568K), 0.0491580 secs] 506481K->395620K(506816K), [Metaspace: 2698K->2698K(1056768K)], 0.0492804 secs] [Times: user=0.05 sys=0.00, real=0.05 secs] 
2021-01-22T19:43:13.746-0800: 256.235: [Full GC (Allocation Failure) 2021-01-22T19:43:13.746-0800: 256.235: [Tenured: 349517K->349551K(349568K), 0.0554817 secs] 506524K->372576K(506816K), [Metaspace: 2698K->2698K(1056768K)], 0.0555807 secs] [Times: user=0.05 sys=0.00, real=0.06 secs] 
2021-01-22T19:43:13.821-0800: 256.310: [Full GC (Allocation Failure) 2021-01-22T19:43:13.821-0800: 256.310: [Tenured: 349551K->349238K(349568K), 0.0325448 secs] 506797K->394099K(506816K), [Metaspace: 2698K->2698K(1056768K)], 0.0326435 secs] [Times: user=0.04 sys=0.00, real=0.03 secs] 
2021-01-22T19:43:13.868-0800: 256.358: [Full GC (Allocation Failure) 2021-01-22T19:43:13.868-0800: 256.358: [Tenured: 349466K->349553K(349568K), 0.0451613 secs] 506648K->392447K(506816K), [Metaspace: 2698K->2698K(1056768K)], 0.0452622 secs] [Times: user=0.04 sys=0.00, real=0.05 secs] 
2021-01-22T19:43:13.928-0800: 256.418: [Full GC (Allocation Failure) 2021-01-22T19:43:13.928-0800: 256.418: [Tenured: 349553K->349497K(349568K), 0.0477779 secs] 506560K->395553K(506816K), [Metaspace: 2698K->2698K(1056768K)], 0.0478779 secs] [Times: user=0.04 sys=0.00, real=0.05 secs] 
2021-01-22T19:43:13.990-0800: 256.480: [Full GC (Allocation Failure) 2021-01-22T19:43:13.990-0800: 256.480: [Tenured: 349497K->349275K(349568K), 0.0558440 secs] 506279K->378235K(506816K), [Metaspace: 2698K->2698K(1056768K)], 0.0559497 secs] [Times: user=0.05 sys=0.01, real=0.05 secs] 
2021-01-22T19:43:14.061-0800: 256.551: [Full GC (Allocation Failure) 2021-01-22T19:43:14.061-0800: 256.551: [Tenured: 349275K->349473K(349568K), 0.0388156 secs] 506294K->388294K(506816K), [Metaspace: 2698K->2698K(1056768K)], 0.0389525 secs] [Times: user=0.03 sys=0.00, real=0.04 secs] 
2021-01-22T19:43:14.118-0800: 256.607: [Full GC (Allocation Failure) 2021-01-22T19:43:14.118-0800: 256.608: [Tenured: 349554K->349426K(349568K), 0.0415803 secs] 506796K->382103K(506816K), [Metaspace: 2698K->2698K(1056768K)], 0.0417055 secs] [Times: user=0.04 sys=0.00, real=0.04 secs] 
2021-01-22T19:43:14.175-0800: 256.665: [Full GC (Allocation Failure) 2021-01-22T19:43:14.175-0800: 256.665: [Tenured: 349426K->349304K(349568K), 0.0478053 secs] 506192K->381237K(506816K), [Metaspace: 2698K->2698K(1056768K)], 0.0479054 secs] [Times: user=0.04 sys=0.00, real=0.05 secs] 
2021-01-22T19:43:14.238-0800: 256.728: [Full GC (Allocation Failure) 2021-01-22T19:43:14.238-0800: 256.728: [Tenured: 349304K->349405K(349568K), 0.0542714 secs] 506202K->367914K(506816K), [Metaspace: 2698K->2698K(1056768K)], 0.0543882 secs] [Times: user=0.05 sys=0.00, real=0.06 secs] 
2021-01-22T19:43:14.308-0800: 256.798: [Full GC (Allocation Failure) 2021-01-22T19:43:14.309-0800: 256.798: [Tenured: 349549K->349420K(349568K), 0.0352899 secs] 506668K->382928K(506816K), [Metaspace: 2698K->2698K(1056768K)], 0.0354249 secs] [Times: user=0.03 sys=0.00, real=0.04 secs] 
2021-01-22T19:43:14.359-0800: 256.848: [Full GC (Allocation Failure) 2021-01-22T19:43:14.359-0800: 256.849: [Tenured: 349528K->349468K(349568K), 0.0453538 secs] 506776K->380176K(506816K), [Metaspace: 2698K->2698K(1056768K)], 0.0454661 secs] [Times: user=0.04 sys=0.00, real=0.05 secs] 
2021-01-22T19:43:14.423-0800: 256.913: [Full GC (Allocation Failure) 2021-01-22T19:43:14.423-0800: 256.913: [Tenured: 349468K->349465K(349568K), 0.0454418 secs] 506629K->389254K(506816K), [Metaspace: 2698K->2698K(1056768K)], 0.0455405 secs] [Times: user=0.04 sys=0.00, real=0.04 secs] 
2021-01-22T19:43:14.485-0800: 256.975: [Full GC (Allocation Failure) 2021-01-22T19:43:14.485-0800: 256.975: [Tenured: 349465K->349356K(349568K), 0.0514564 secs] 506412K->370574K(506816K), [Metaspace: 2698K->2698K(1056768K)], 0.0515501 secs] [Times: user=0.05 sys=0.00, real=0.05 secs] 
2021-01-22T19:43:14.556-0800: 257.046: [Full GC (Allocation Failure) 2021-01-22T19:43:14.556-0800: 257.046: [Tenured: 349384K->349376K(349568K), 0.0338489 secs] 506632K->390177K(506816K), [Metaspace: 2698K->2698K(1056768K)], 0.0339639 secs] [Times: user=0.03 sys=0.00, real=0.04 secs] 
2021-01-22T19:43:14.604-0800: 257.093: [Full GC (Allocation Failure) 2021-01-22T19:43:14.604-0800: 257.093: [Tenured: 349520K->349493K(349568K), 0.0440904 secs] 506706K->388922K(506816K), [Metaspace: 2698K->2698K(1056768K)], 0.0441857 secs] [Times: user=0.05 sys=0.00, real=0.04 secs] 
2021-01-22T19:43:14.663-0800: 257.152: [Full GC (Allocation Failure) 2021-01-22T19:43:14.663-0800: 257.153: [Tenured: 349542K->349191K(349568K), 0.0485353 secs] 506786K->394997K(506816K), [Metaspace: 2698K->2698K(1056768K)], 0.0486655 secs] [Times: user=0.05 sys=0.00, real=0.05 secs] 
2021-01-22T19:43:14.725-0800: 257.215: [Full GC (Allocation Failure) 2021-01-22T19:43:14.725-0800: 257.215: [Tenured: 349462K->349042K(349568K), 0.0566318 secs] 506709K->378960K(506816K), [Metaspace: 2698K->2698K(1056768K)], 0.0567295 secs] [Times: user=0.06 sys=0.01, real=0.06 secs] 
2021-01-22T19:43:14.799-0800: 257.289: [Full GC (Allocation Failure) 2021-01-22T19:43:14.799-0800: 257.289: [Tenured: 349469K->349481K(349568K), 0.0294263 secs] 506698K->398149K(506816K), [Metaspace: 2698K->2698K(1056768K)], 0.0295676 secs] [Times: user=0.03 sys=0.00, real=0.03 secs] 
2021-01-22T19:43:14.847-0800: 257.337: [Full GC (Allocation Failure) 2021-01-22T19:43:14.847-0800: 257.337: [Tenured: 349481K->349430K(349568K), 0.0420755 secs] 506460K->390790K(506816K), [Metaspace: 2698K->2698K(1056768K)], 0.0422426 secs] [Times: user=0.04 sys=0.00, real=0.04 secs] 
2021-01-22T19:43:14.902-0800: 257.392: [Full GC (Allocation Failure) 2021-01-22T19:43:14.902-0800: 257.392: [Tenured: 349430K->349471K(349568K), 0.0483083 secs] 506663K->395569K(506816K), [Metaspace: 2698K->2698K(1056768K)], 0.0484254 secs] [Times: user=0.05 sys=0.00, real=0.05 secs] 
2021-01-22T19:43:14.969-0800: 257.458: [Full GC (Allocation Failure) 2021-01-22T19:43:14.969-0800: 257.459: [Tenured: 349471K->349552K(349568K), 0.0520681 secs] 506103K->374406K(506816K), [Metaspace: 2698K->2698K(1056768K)], 0.0521632 secs] [Times: user=0.05 sys=0.00, real=0.06 secs] 
2021-01-22T19:43:15.040-0800: 257.530: [Full GC (Allocation Failure) 2021-01-22T19:43:15.041-0800: 257.530: [Tenured: 349552K->349513K(349568K), 0.0245454 secs] 506271K->396377K(506816K), [Metaspace: 2698K->2698K(1056768K)], 0.0248813 secs] [Times: user=0.02 sys=0.00, real=0.02 secs] 
2021-01-22T19:43:15.081-0800: 257.571: [Full GC (Allocation Failure) 2021-01-22T19:43:15.081-0800: 257.571: [Tenured: 349513K->349277K(349568K), 0.0448889 secs] 506487K->394509K(506816K), [Metaspace: 2698K->2698K(1056768K)], 0.0449867 secs] [Times: user=0.04 sys=0.00, real=0.04 secs] 
2021-01-22T19:43:15.140-0800: 257.630: [Full GC (Allocation Failure) 2021-01-22T19:43:15.140-0800: 257.630: [Tenured: 349529K->349397K(349568K), 0.0480099 secs] 506761K->398230K(506816K), [Metaspace: 2698K->2698K(1056768K)], 0.0481101 secs] [Times: user=0.05 sys=0.00, real=0.04 secs] 
2021-01-22T19:43:15.201-0800: 257.691: [Full GC (Allocation Failure) 2021-01-22T19:43:15.201-0800: 257.691: [Tenured: 349397K->349549K(349568K), 0.0583647 secs] 506130K->382364K(506816K), [Metaspace: 2698K->2698K(1056768K)], 0.0584646 secs] [Times: user=0.06 sys=0.00, real=0.05 secs] 
2021-01-22T19:43:15.278-0800: 257.768: [Full GC (Allocation Failure) 2021-01-22T19:43:15.278-0800: 257.768: [Tenured: 349549K->349456K(349568K), 0.0292578 secs] 506664K->394731K(506816K), [Metaspace: 2698K->2698K(1056768K)], 0.0293590 secs] [Times: user=0.03 sys=0.00, real=0.03 secs] 
2021-01-22T19:43:15.324-0800: 257.814: [Full GC (Allocation Failure) 2021-01-22T19:43:15.324-0800: 257.814: [Tenured: 349456K->349447K(349568K), 0.0421498 secs] 506525K->392652K(506816K), [Metaspace: 2698K->2698K(1056768K)], 0.0422489 secs] [Times: user=0.04 sys=0.00, real=0.04 secs] 
2021-01-22T19:43:15.383-0800: 257.873: [Full GC (Allocation Failure) 2021-01-22T19:43:15.384-0800: 257.873: [Tenured: 349447K->348916K(349568K), 0.0460515 secs] 506672K->386209K(506816K), [Metaspace: 2698K->2698K(1056768K)], 0.0463414 secs] [Times: user=0.04 sys=0.00, real=0.05 secs] 
2021-01-22T19:43:15.447-0800: 257.937: [Full GC (Allocation Failure) 2021-01-22T19:43:15.447-0800: 257.937: [Tenured: 349179K->349433K(349568K), 0.0554421 secs] 506289K->371991K(506816K), [Metaspace: 2698K->2698K(1056768K)], 0.0555557 secs] [Times: user=0.06 sys=0.00, real=0.06 secs] 
2021-01-22T19:43:15.521-0800: 258.011: [Full GC (Allocation Failure) 2021-01-22T19:43:15.521-0800: 258.011: [Tenured: 349505K->348919K(349568K), 0.0316348 secs] 506706K->388168K(506816K), [Metaspace: 2698K->2698K(1056768K)], 0.0317294 secs] [Times: user=0.03 sys=0.00, real=0.03 secs] 
2021-01-22T19:43:15.571-0800: 258.061: [Full GC (Allocation Failure) 2021-01-22T19:43:15.571-0800: 258.061: [Tenured: 349490K->348953K(349568K), 0.0455899 secs] 506707K->392458K(506816K), [Metaspace: 2698K->2698K(1056768K)], 0.0456983 secs] [Times: user=0.05 sys=0.00, real=0.04 secs] 
2021-01-22T19:43:15.636-0800: 258.126: [Full GC (Allocation Failure) 2021-01-22T19:43:15.636-0800: 258.126: [Tenured: 349343K->349466K(349568K), 0.0457414 secs] 506581K->388485K(506816K), [Metaspace: 2698K->2698K(1056768K)], 0.0458407 secs] [Times: user=0.05 sys=0.00, real=0.05 secs] 
2021-01-22T19:43:15.697-0800: 258.187: [Full GC (Allocation Failure) 2021-01-22T19:43:15.697-0800: 258.187: [Tenured: 349520K->349230K(349568K), 0.0514804 secs] 506767K->371365K(506816K), [Metaspace: 2698K->2698K(1056768K)], 0.0519051 secs] [Times: user=0.05 sys=0.00, real=0.05 secs] 
2021-01-22T19:43:15.770-0800: 258.260: [Full GC (Allocation Failure) 2021-01-22T19:43:15.770-0800: 258.260: [Tenured: 349435K->349226K(349568K), 0.0316958 secs] 506623K->398903K(506816K), [Metaspace: 2698K->2698K(1056768K)], 0.0317966 secs] [Times: user=0.03 sys=0.00, real=0.03 secs] 
2021-01-22T19:43:15.819-0800: 258.309: [Full GC (Allocation Failure) 2021-01-22T19:43:15.819-0800: 258.309: [Tenured: 349226K->349450K(349568K), 0.0431822 secs] 506093K->396403K(506816K), [Metaspace: 2698K->2698K(1056768K)], 0.0432817 secs] [Times: user=0.04 sys=0.00, real=0.05 secs] 
2021-01-22T19:43:15.876-0800: 258.366: [Full GC (Allocation Failure) 2021-01-22T19:43:15.876-0800: 258.366: [Tenured: 349450K->349556K(349568K), 0.0493262 secs] 506628K->388031K(506816K), [Metaspace: 2698K->2698K(1056768K)], 0.0494396 secs] [Times: user=0.04 sys=0.00, real=0.05 secs] 
2021-01-22T19:43:15.941-0800: 258.431: [Full GC (Allocation Failure) 2021-01-22T19:43:15.941-0800: 258.431: [Tenured: 349556K->348956K(349568K), 0.0559350 secs] 506720K->375081K(506816K), [Metaspace: 2698K->2698K(1056768K)], 0.0560346 secs] [Times: user=0.05 sys=0.00, real=0.05 secs] 
2021-01-22T19:43:16.013-0800: 258.503: [Full GC (Allocation Failure) 2021-01-22T19:43:16.013-0800: 258.503: [Tenured: 349136K->349560K(349568K), 0.0402045 secs] 506335K->392834K(506816K), [Metaspace: 2698K->2698K(1056768K)], 0.0403056 secs] [Times: user=0.04 sys=0.00, real=0.04 secs] 
2021-01-22T19:43:16.070-0800: 258.560: [Full GC (Allocation Failure) 2021-01-22T19:43:16.070-0800: 258.560: [Tenured: 349560K->349400K(349568K), 0.0419669 secs] 506560K->396381K(506816K), [Metaspace: 2698K->2698K(1056768K)], 0.0420818 secs] [Times: user=0.05 sys=0.00, real=0.04 secs] 
2021-01-22T19:43:16.130-0800: 258.620: [Full GC (Allocation Failure) 2021-01-22T19:43:16.130-0800: 258.620: [Tenured: 349472K->349508K(349568K), 0.0523895 secs] 506651K->398299K(506816K), [Metaspace: 2698K->2698K(1056768K)], 0.0524922 secs] [Times: user=0.05 sys=0.01, real=0.05 secs] 
2021-01-22T19:43:16.196-0800: 258.685: [Full GC (Allocation Failure) 2021-01-22T19:43:16.196-0800: 258.685: [Tenured: 349508K->349351K(349568K), 0.0591452 secs] 506678K->384438K(506816K), [Metaspace: 2698K->2698K(1056768K)], 0.0592440 secs] [Times: user=0.05 sys=0.00, real=0.06 secs] 
2021-01-22T19:43:16.270-0800: 258.760: [Full GC (Allocation Failure) 2021-01-22T19:43:16.270-0800: 258.760: [Tenured: 349351K->349552K(349568K), 0.0347085 secs] 506462K->390692K(506816K), [Metaspace: 2698K->2698K(1056768K)], 0.0348104 secs] [Times: user=0.03 sys=0.00, real=0.03 secs] 
2021-01-22T19:43:16.322-0800: 258.812: [Full GC (Allocation Failure) 2021-01-22T19:43:16.322-0800: 258.812: [Tenured: 349552K->349516K(349568K), 0.0462245 secs] 506743K->393852K(506816K), [Metaspace: 2698K->2698K(1056768K)], 0.0463260 secs] [Times: user=0.04 sys=0.00, real=0.04 secs] 
2021-01-22T19:43:16.386-0800: 258.876: [Full GC (Allocation Failure) 2021-01-22T19:43:16.386-0800: 258.876: [Tenured: 349516K->349509K(349568K), 0.0489764 secs] 506658K->392802K(506816K), [Metaspace: 2698K->2698K(1056768K)], 0.0490768 secs] [Times: user=0.05 sys=0.00, real=0.05 secs] 
2021-01-22T19:43:16.449-0800: 258.939: [Full GC (Allocation Failure) 2021-01-22T19:43:16.449-0800: 258.939: [Tenured: 349563K->349207K(349568K), 0.0553856 secs] 506796K->373735K(506816K), [Metaspace: 2698K->2698K(1056768K)], 0.0554846 secs] [Times: user=0.06 sys=0.00, real=0.06 secs] 
2021-01-22T19:43:16.521-0800: 259.010: [Full GC (Allocation Failure) 2021-01-22T19:43:16.521-0800: 259.011: [Tenured: 349207K->349183K(349568K), 0.0362425 secs] 506269K->389690K(506816K), [Metaspace: 2698K->2698K(1056768K)], 0.0363453 secs] [Times: user=0.04 sys=0.00, real=0.03 secs] 
2021-01-22T19:43:16.572-0800: 259.062: [Full GC (Allocation Failure) 2021-01-22T19:43:16.573-0800: 259.062: [Tenured: 349327K->349493K(349568K), 0.0397375 secs] 506558K->388768K(506816K), [Metaspace: 2698K->2698K(1056768K)], 0.0398342 secs] [Times: user=0.04 sys=0.00, real=0.04 secs] 
2021-01-22T19:43:16.627-0800: 259.117: [Full GC (Allocation Failure) 2021-01-22T19:43:16.627-0800: 259.117: [Tenured: 349493K->349560K(349568K), 0.0489971 secs] 506663K->392147K(506816K), [Metaspace: 2698K->2698K(1056768K)], 0.0491025 secs] [Times: user=0.04 sys=0.00, real=0.05 secs] 
2021-01-22T19:43:16.690-0800: 259.180: [Full GC (Allocation Failure) 2021-01-22T19:43:16.691-0800: 259.180: [Tenured: 349560K->349518K(349568K), 0.0592581 secs] 506786K->378863K(506816K), [Metaspace: 2698K->2698K(1056768K)], 0.0593568 secs] [Times: user=0.05 sys=0.00, real=0.06 secs] 
2021-01-22T19:43:16.767-0800: 259.257: [Full GC (Allocation Failure) 2021-01-22T19:43:16.767-0800: 259.257: [Tenured: 349518K->349424K(349568K), 0.0302400 secs] 506481K->399114K(506816K), [Metaspace: 2698K->2698K(1056768K)], 0.0303363 secs] [Times: user=0.03 sys=0.00, real=0.03 secs] 
2021-01-22T19:43:16.814-0800: 259.304: [Full GC (Allocation Failure) 2021-01-22T19:43:16.814-0800: 259.304: [Tenured: 349424K->349466K(349568K), 0.0419022 secs] 506538K->388429K(506816K), [Metaspace: 2698K->2698K(1056768K)], 0.0420037 secs] [Times: user=0.04 sys=0.00, real=0.04 secs] 
2021-01-22T19:43:16.873-0800: 259.363: [Full GC (Allocation Failure) 2021-01-22T19:43:16.873-0800: 259.363: [Tenured: 349466K->349404K(349568K), 0.0457600 secs] 506529K->392327K(506816K), [Metaspace: 2698K->2698K(1056768K)], 0.0458703 secs] [Times: user=0.05 sys=0.01, real=0.04 secs] 
2021-01-22T19:43:16.938-0800: 259.427: [Full GC (Allocation Failure) 2021-01-22T19:43:16.938-0800: 259.427: [Tenured: 349469K->348938K(349568K), 0.0558457 secs] 506663K->373970K(506816K), [Metaspace: 2698K->2698K(1056768K)], 0.0559439 secs] [Times: user=0.05 sys=0.00, real=0.06 secs] 
2021-01-22T19:43:17.010-0800: 259.500: [Full GC (Allocation Failure) 2021-01-22T19:43:17.010-0800: 259.500: [Tenured: 349300K->349468K(349568K), 0.0353071 secs] 506283K->392493K(506816K), [Metaspace: 2698K->2698K(1056768K)], 0.0354181 secs] [Times: user=0.03 sys=0.00, real=0.03 secs] 
2021-01-22T19:43:17.063-0800: 259.553: [Full GC (Allocation Failure) 2021-01-22T19:43:17.063-0800: 259.553: [Tenured: 349468K->349547K(349568K), 0.0493477 secs] 506692K->393126K(506816K), [Metaspace: 2698K->2698K(1056768K)], 0.0494555 secs] [Times: user=0.05 sys=0.00, real=0.05 secs] 
2021-01-22T19:43:17.126-0800: 259.616: [Full GC (Allocation Failure) 2021-01-22T19:43:17.126-0800: 259.616: [Tenured: 349547K->349350K(349568K), 0.0467013 secs] 506737K->394181K(506816K), [Metaspace: 2698K->2698K(1056768K)], 0.0468010 secs] [Times: user=0.04 sys=0.00, real=0.05 secs] 
2021-01-22T19:43:17.191-0800: 259.681: [Full GC (Allocation Failure) 2021-01-22T19:43:17.191-0800: 259.681: [Tenured: 349350K->349451K(349568K), 0.0563470 secs] 506362K->370654K(506816K), [Metaspace: 2698K->2698K(1056768K)], 0.0564758 secs] [Times: user=0.05 sys=0.00, real=0.05 secs] 
2021-01-22T19:43:17.263-0800: 259.753: [Full GC (Allocation Failure) 2021-01-22T19:43:17.263-0800: 259.753: [Tenured: 349451K->349299K(349568K), 0.0374820 secs] 506606K->388198K(506816K), [Metaspace: 2698K->2698K(1056768K)], 0.0375829 secs] [Times: user=0.03 sys=0.00, real=0.04 secs] 
2021-01-22T19:43:17.320-0800: 259.809: [Full GC (Allocation Failure) 2021-01-22T19:43:17.320-0800: 259.809: [Tenured: 349299K->349052K(349568K), 0.0405317 secs] 506051K->387707K(506816K), [Metaspace: 2698K->2698K(1056768K)], 0.0406626 secs] [Times: user=0.04 sys=0.00, real=0.04 secs] 
2021-01-22T19:43:17.378-0800: 259.868: [Full GC (Allocation Failure) 2021-01-22T19:43:17.379-0800: 259.868: [Tenured: 349502K->349510K(349568K), 0.0504964 secs] 506633K->385930K(506816K), [Metaspace: 2698K->2698K(1056768K)], 0.0570854 secs] [Times: user=0.05 sys=0.00, real=0.06 secs] 
2021-01-22T19:43:17.454-0800: 259.944: [Full GC (Allocation Failure) 2021-01-22T19:43:17.454-0800: 259.944: [Tenured: 349510K->349391K(349568K), 0.0554617 secs] 506756K->369301K(506816K), [Metaspace: 2698K->2698K(1056768K)], 0.0555580 secs] [Times: user=0.06 sys=0.00, real=0.06 secs] 
2021-01-22T19:43:17.527-0800: 260.016: [Full GC (Allocation Failure) 2021-01-22T19:43:17.527-0800: 260.016: [Tenured: 349391K->349539K(349568K), 0.0337862 secs] 506281K->388262K(506816K), [Metaspace: 2698K->2698K(1056768K)], 0.0339190 secs] [Times: user=0.04 sys=0.00, real=0.04 secs] 
2021-01-22T19:43:17.577-0800: 260.067: [Full GC (Allocation Failure) 2021-01-22T19:43:17.577-0800: 260.067: [Tenured: 349539K->349523K(349568K), 0.0398076 secs] 506771K->388695K(506816K), [Metaspace: 2698K->2698K(1056768K)], 0.0400225 secs] [Times: user=0.04 sys=0.00, real=0.04 secs] 
2021-01-22T19:43:17.635-0800: 260.125: [Full GC (Allocation Failure) 2021-01-22T19:43:17.635-0800: 260.125: [Tenured: 349523K->349399K(349568K), 0.0451020 secs] 506302K->392383K(506816K), [Metaspace: 2698K->2698K(1056768K)], 0.0452406 secs] [Times: user=0.04 sys=0.00, real=0.05 secs] 
2021-01-22T19:43:17.697-0800: 260.187: [Full GC (Allocation Failure) 2021-01-22T19:43:17.697-0800: 260.187: [Tenured: 349399K->349553K(349568K), 0.0546285 secs] 506432K->363280K(506816K), [Metaspace: 2698K->2698K(1056768K)], 0.0547253 secs] [Times: user=0.05 sys=0.00, real=0.06 secs] 
2021-01-22T19:43:17.768-0800: 260.258: [Full GC (Allocation Failure) 2021-01-22T19:43:17.768-0800: 260.258: [Tenured: 349553K->349441K(349568K), 0.0375884 secs] 506495K->384248K(506816K), [Metaspace: 2698K->2698K(1056768K)], 0.0376925 secs] [Times: user=0.03 sys=0.00, real=0.04 secs] 
2021-01-22T19:43:17.824-0800: 260.314: [Full GC (Allocation Failure) 2021-01-22T19:43:17.824-0800: 260.314: [Tenured: 349441K->349552K(349568K), 0.0455086 secs] 506265K->385849K(506816K), [Metaspace: 2698K->2698K(1056768K)], 0.0456115 secs] [Times: user=0.05 sys=0.00, real=0.05 secs] 
2021-01-22T19:43:17.885-0800: 260.375: [Full GC (Allocation Failure) 2021-01-22T19:43:17.885-0800: 260.375: [Tenured: 349552K->349057K(349568K), 0.0440819 secs] 506728K->387854K(506816K), [Metaspace: 2698K->2698K(1056768K)], 0.0441796 secs] [Times: user=0.04 sys=0.00, real=0.04 secs] 
2021-01-22T19:43:17.948-0800: 260.437: [Full GC (Allocation Failure) 2021-01-22T19:43:17.948-0800: 260.438: [Tenured: 349057K->348964K(349568K), 0.0543835 secs] 506067K->370130K(506816K), [Metaspace: 2698K->2698K(1056768K)], 0.0544827 secs] [Times: user=0.05 sys=0.00, real=0.06 secs] 
2021-01-22T19:43:18.022-0800: 260.512: [Full GC (Allocation Failure) 2021-01-22T19:43:18.022-0800: 260.512: [Tenured: 349337K->349465K(349568K), 0.0366159 secs] 506580K->389251K(506816K), [Metaspace: 2698K->2698K(1056768K)], 0.0367141 secs] [Times: user=0.04 sys=0.00, real=0.03 secs] 
2021-01-22T19:43:18.074-0800: 260.564: [Full GC (Allocation Failure) 2021-01-22T19:43:18.074-0800: 260.564: [Tenured: 349465K->349541K(349568K), 0.0470073 secs] 506610K->385987K(506816K), [Metaspace: 2698K->2698K(1056768K)], 0.0471096 secs] [Times: user=0.05 sys=0.00, real=0.05 secs] 
2021-01-22T19:43:18.136-0800: 260.626: [Full GC (Allocation Failure) 2021-01-22T19:43:18.136-0800: 260.626: [Tenured: 349541K->348985K(349568K), 0.0456025 secs] 506344K->377936K(506816K), [Metaspace: 2698K->2698K(1056768K)], 0.0458463 secs] [Times: user=0.05 sys=0.00, real=0.05 secs] 
2021-01-22T19:43:18.203-0800: 260.693: [Full GC (Allocation Failure) 2021-01-22T19:43:18.203-0800: 260.693: [Tenured: 349254K->349533K(349568K), 0.0512248 secs] 506474K->368060K(506816K), [Metaspace: 2698K->2698K(1056768K)], 0.0513266 secs] [Times: user=0.05 sys=0.00, real=0.05 secs] 
2021-01-22T19:43:18.274-0800: 260.764: [Full GC (Allocation Failure) 2021-01-22T19:43:18.274-0800: 260.764: [Tenured: 349533K->349472K(349568K), 0.0318667 secs] 506590K->385517K(506816K), [Metaspace: 2698K->2698K(1056768K)], 0.0319715 secs] [Times: user=0.03 sys=0.01, real=0.03 secs] 
2021-01-22T19:43:18.323-0800: 260.813: [Full GC (Allocation Failure) 2021-01-22T19:43:18.323-0800: 260.813: [Tenured: 349472K->349529K(349568K), 0.0468665 secs] 506706K->389413K(506816K), [Metaspace: 2698K->2698K(1056768K)], 0.0469854 secs] [Times: user=0.05 sys=0.00, real=0.05 secs] 
2021-01-22T19:43:18.387-0800: 260.877: [Full GC (Allocation Failure) 2021-01-22T19:43:18.387-0800: 260.877: [Tenured: 349563K->349516K(349568K), 0.0448242 secs] 506804K->390102K(506816K), [Metaspace: 2698K->2698K(1056768K)], 0.0449238 secs] [Times: user=0.04 sys=0.00, real=0.05 secs] 
2021-01-22T19:43:18.447-0800: 260.937: [Full GC (Allocation Failure) 2021-01-22T19:43:18.447-0800: 260.937: [Tenured: 349516K->349468K(349568K), 0.0552102 secs] 506452K->371718K(506816K), [Metaspace: 2698K->2698K(1056768K)], 0.0553104 secs] [Times: user=0.06 sys=0.00, real=0.06 secs] 
2021-01-22T19:43:18.521-0800: 261.011: [Full GC (Allocation Failure) 2021-01-22T19:43:18.521-0800: 261.011: [Tenured: 349504K->349393K(349568K), 0.0357012 secs] 506731K->392145K(506816K), [Metaspace: 2698K->2698K(1056768K)], 0.0358010 secs] [Times: user=0.03 sys=0.00, real=0.03 secs] 
2021-01-22T19:43:18.574-0800: 261.064: [Full GC (Allocation Failure) 2021-01-22T19:43:18.574-0800: 261.064: [Tenured: 349564K->349068K(349568K), 0.0436852 secs] 506806K->385832K(506816K), [Metaspace: 2698K->2698K(1056768K)], 0.0437926 secs] [Times: user=0.04 sys=0.00, real=0.04 secs] 
2021-01-22T19:43:18.633-0800: 261.123: [Full GC (Allocation Failure) 2021-01-22T19:43:18.633-0800: 261.123: [Tenured: 349324K->349564K(349568K), 0.0527315 secs] 506469K->385555K(506816K), [Metaspace: 2698K->2698K(1056768K)], 0.0528294 secs] [Times: user=0.05 sys=0.00, real=0.05 secs] 
2021-01-22T19:43:18.700-0800: 261.190: [Full GC (Allocation Failure) 2021-01-22T19:43:18.700-0800: 261.190: [Tenured: 349564K->349521K(349568K), 0.0517832 secs] 506726K->372074K(506816K), [Metaspace: 2698K->2698K(1056768K)], 0.0518849 secs] [Times: user=0.05 sys=0.00, real=0.05 secs] 
2021-01-22T19:43:18.772-0800: 261.262: [Full GC (Allocation Failure) 2021-01-22T19:43:18.772-0800: 261.262: [Tenured: 349521K->349178K(349568K), 0.0320207 secs] 506326K->391242K(506816K), [Metaspace: 2698K->2698K(1056768K)], 0.0321201 secs] [Times: user=0.03 sys=0.00, real=0.03 secs] 
2021-01-22T19:43:18.819-0800: 261.309: [Full GC (Allocation Failure) 2021-01-22T19:43:18.819-0800: 261.309: [Tenured: 349466K->349522K(349568K), 0.0461015 secs] 506547K->395737K(506816K), [Metaspace: 2698K->2698K(1056768K)], 0.0462006 secs] [Times: user=0.04 sys=0.00, real=0.05 secs] 
2021-01-22T19:43:18.879-0800: 261.369: [Full GC (Allocation Failure) 2021-01-22T19:43:18.879-0800: 261.369: [Tenured: 349522K->349388K(349568K), 0.0491815 secs] 506738K->392149K(506816K), [Metaspace: 2698K->2698K(1056768K)], 0.0493015 secs] [Times: user=0.05 sys=0.00, real=0.05 secs] 
2021-01-22T19:43:18.945-0800: 261.435: [Full GC (Allocation Failure) 2021-01-22T19:43:18.945-0800: 261.435: [Tenured: 349388K->349387K(349568K), 0.0543735 secs] 506620K->374184K(506816K), [Metaspace: 2698K->2698K(1056768K)], 0.0546120 secs] [Times: user=0.05 sys=0.00, real=0.06 secs] 
2021-01-22T19:43:19.018-0800: 261.507: [Full GC (Allocation Failure) 2021-01-22T19:43:19.018-0800: 261.508: [Tenured: 349387K->349189K(349568K), 0.0368258 secs] 506476K->390229K(506816K), [Metaspace: 2698K->2698K(1056768K)], 0.0369538 secs] [Times: user=0.03 sys=0.00, real=0.04 secs] 
2021-01-22T19:43:19.078-0800: 261.568: [Full GC (Allocation Failure) 2021-01-22T19:43:19.078-0800: 261.568: [Tenured: 349558K->349403K(349568K), 0.0445906 secs] 506803K->393592K(506816K), [Metaspace: 2698K->2698K(1056768K)], 0.0447121 secs] [Times: user=0.05 sys=0.00, real=0.05 secs] 
2021-01-22T19:43:19.141-0800: 261.631: [Full GC (Allocation Failure) 2021-01-22T19:43:19.141-0800: 261.631: [Tenured: 349403K->349392K(349568K), 0.0491022 secs] 506326K->397642K(506816K), [Metaspace: 2698K->2698K(1056768K)], 0.0492126 secs] [Times: user=0.05 sys=0.00, real=0.05 secs] 
2021-01-22T19:43:19.204-0800: 261.694: [Full GC (Allocation Failure) 2021-01-22T19:43:19.204-0800: 261.694: [Tenured: 349392K->349247K(349568K), 0.0563842 secs] 506528K->382034K(506816K), [Metaspace: 2698K->2698K(1056768K)], 0.0564961 secs] [Times: user=0.06 sys=0.00, real=0.06 secs] 
2021-01-22T19:43:19.275-0800: 261.765: [Full GC (Allocation Failure) 2021-01-22T19:43:19.276-0800: 261.765: [Tenured: 349247K->349544K(349568K), 0.0386999 secs] 506217K->396311K(506816K), [Metaspace: 2698K->2698K(1056768K)], 0.0387974 secs] [Times: user=0.04 sys=0.00, real=0.04 secs] 
2021-01-22T19:43:19.328-0800: 261.818: [Full GC (Allocation Failure) 2021-01-22T19:43:19.329-0800: 261.818: [Tenured: 349544K->349541K(349568K), 0.0416903 secs] 506760K->397733K(506816K), [Metaspace: 2698K->2698K(1056768K)], 0.0417937 secs] [Times: user=0.04 sys=0.00, real=0.05 secs] 
2021-01-22T19:43:19.387-0800: 261.877: [Full GC (Allocation Failure) 2021-01-22T19:43:19.387-0800: 261.877: [Tenured: 349541K->349566K(349568K), 0.0493807 secs] 506779K->400890K(506816K), [Metaspace: 2698K->2698K(1056768K)], 0.0494794 secs] [Times: user=0.05 sys=0.00, real=0.05 secs] 
2021-01-22T19:43:19.453-0800: 261.943: [Full GC (Allocation Failure) 2021-01-22T19:43:19.453-0800: 261.943: [Tenured: 349566K->349474K(349568K), 0.0531519 secs] 506745K->384188K(506816K), [Metaspace: 2698K->2698K(1056768K)], 0.0532559 secs] [Times: user=0.05 sys=0.00, real=0.05 secs] 
2021-01-22T19:43:19.521-0800: 262.011: [Full GC (Allocation Failure) 2021-01-22T19:43:19.521-0800: 262.011: [Tenured: 349474K->349556K(349568K), 0.0392073 secs] 506663K->399643K(506816K), [Metaspace: 2698K->2698K(1056768K)], 0.0393064 secs] [Times: user=0.04 sys=0.00, real=0.04 secs] 
2021-01-22T19:43:19.574-0800: 262.064: [Full GC (Allocation Failure) 2021-01-22T19:43:19.574-0800: 262.064: [Tenured: 349556K->349566K(349568K), 0.0456492 secs] 506603K->399706K(506816K), [Metaspace: 2698K->2698K(1056768K)], 0.0457599 secs] [Times: user=0.05 sys=0.00, real=0.05 secs] 
2021-01-22T19:43:19.637-0800: 262.127: [Full GC (Allocation Failure) 2021-01-22T19:43:19.637-0800: 262.127: [Tenured: 349566K->349183K(349568K), 0.0427838 secs] 506731K->394900K(506816K), [Metaspace: 2698K->2698K(1056768K)], 0.0429306 secs] [Times: user=0.04 sys=0.00, real=0.05 secs] 
2021-01-22T19:43:19.696-0800: 262.186: [Full GC (Allocation Failure) 2021-01-22T19:43:19.696-0800: 262.186: [Tenured: 349558K->349361K(349568K), 0.0550629 secs] 506800K->377044K(506816K), [Metaspace: 2698K->2698K(1056768K)], 0.0551618 secs] [Times: user=0.06 sys=0.00, real=0.06 secs] 
2021-01-22T19:43:19.771-0800: 262.261: [Full GC (Allocation Failure) 2021-01-22T19:43:19.771-0800: 262.261: [Tenured: 349361K->349291K(349568K), 0.0360712 secs] 506401K->397717K(506816K), [Metaspace: 2698K->2698K(1056768K)], 0.0361697 secs] [Times: user=0.03 sys=0.00, real=0.03 secs] 
2021-01-22T19:43:19.824-0800: 262.314: [Full GC (Allocation Failure) 2021-01-22T19:43:19.824-0800: 262.314: [Tenured: 349507K->349035K(349568K), 0.0418361 secs] 506723K->395825K(506816K), [Metaspace: 2698K->2698K(1056768K)], 0.0419356 secs] [Times: user=0.04 sys=0.01, real=0.04 secs] 
2021-01-22T19:43:19.880-0800: 262.370: [Full GC (Allocation Failure) 2021-01-22T19:43:19.880-0800: 262.370: [Tenured: 349035K->349548K(349568K), 0.0482635 secs] 505668K->396361K(506816K), [Metaspace: 2698K->2698K(1056768K)], 0.0483595 secs] [Times: user=0.05 sys=0.00, real=0.04 secs] 
2021-01-22T19:43:19.943-0800: 262.433: [Full GC (Allocation Failure) 2021-01-22T19:43:19.943-0800: 262.433: [Tenured: 349548K->349352K(349568K), 0.0582320 secs] 506673K->373291K(506816K), [Metaspace: 2698K->2698K(1056768K)], 0.0583300 secs] [Times: user=0.06 sys=0.00, real=0.06 secs] 
2021-01-22T19:43:20.018-0800: 262.508: [Full GC (Allocation Failure) 2021-01-22T19:43:20.018-0800: 262.508: [Tenured: 349527K->348990K(349568K), 0.0329016 secs] 506737K->393153K(506816K), [Metaspace: 2698K->2698K(1056768K)], 0.0330283 secs] [Times: user=0.03 sys=0.00, real=0.04 secs] 
2021-01-22T19:43:20.065-0800: 262.555: [Full GC (Allocation Failure) 2021-01-22T19:43:20.065-0800: 262.555: [Tenured: 348990K->349425K(349568K), 0.0468545 secs] 505811K->388960K(506816K), [Metaspace: 2698K->2698K(1056768K)], 0.0469545 secs] [Times: user=0.05 sys=0.00, real=0.05 secs] 
2021-01-22T19:43:20.127-0800: 262.617: [Full GC (Allocation Failure) 2021-01-22T19:43:20.127-0800: 262.617: [Tenured: 349425K->349468K(349568K), 0.0487282 secs] 506458K->390215K(506816K), [Metaspace: 2698K->2698K(1056768K)], 0.0488353 secs] [Times: user=0.05 sys=0.00, real=0.05 secs] 
2021-01-22T19:43:20.193-0800: 262.683: [Full GC (Allocation Failure) 2021-01-22T19:43:20.193-0800: 262.683: [Tenured: 349468K->349250K(349568K), 0.0518419 secs] 506289K->370439K(506816K), [Metaspace: 2698K->2698K(1056768K)], 0.0519704 secs] [Times: user=0.06 sys=0.00, real=0.05 secs] 
2021-01-22T19:43:20.266-0800: 262.756: [Full GC (Allocation Failure) 2021-01-22T19:43:20.266-0800: 262.756: [Tenured: 349394K->349385K(349568K), 0.0380746 secs] 506499K->389940K(506816K), [Metaspace: 2698K->2698K(1056768K)], 0.0381710 secs] [Times: user=0.03 sys=0.00, real=0.04 secs] 
2021-01-22T19:43:20.321-0800: 262.811: [Full GC (Allocation Failure) 2021-01-22T19:43:20.321-0800: 262.811: [Tenured: 349385K->349535K(349568K), 0.0445549 secs] 506461K->388770K(506816K), [Metaspace: 2698K->2698K(1056768K)], 0.0446829 secs] [Times: user=0.04 sys=0.00, real=0.04 secs] 
2021-01-22T19:43:20.381-0800: 262.871: [Full GC (Allocation Failure) 2021-01-22T19:43:20.381-0800: 262.871: [Tenured: 349535K->349212K(349568K), 0.0482493 secs] 506595K->393715K(506816K), [Metaspace: 2698K->2698K(1056768K)], 0.0484663 secs] [Times: user=0.04 sys=0.00, real=0.04 secs] 
2021-01-22T19:43:20.443-0800: 262.933: [Full GC (Allocation Failure) 2021-01-22T19:43:20.443-0800: 262.933: [Tenured: 349482K->349286K(349568K), 0.0598329 secs] 506726K->378607K(506816K), [Metaspace: 2698K->2698K(1056768K)], 0.0599630 secs] [Times: user=0.06 sys=0.00, real=0.06 secs] 
2021-01-22T19:43:20.518-0800: 263.008: [Full GC (Allocation Failure) 2021-01-22T19:43:20.518-0800: 263.008: [Tenured: 349286K->349204K(349568K), 0.0353601 secs] 506426K->395237K(506816K), [Metaspace: 2698K->2698K(1056768K)], 0.0354631 secs] [Times: user=0.03 sys=0.00, real=0.04 secs] 
2021-01-22T19:43:20.567-0800: 263.057: [Full GC (Allocation Failure) 2021-01-22T19:43:20.567-0800: 263.057: [Tenured: 349563K->349406K(349568K), 0.0422924 secs] 506810K->388843K(506816K), [Metaspace: 2698K->2698K(1056768K)], 0.0424363 secs] [Times: user=0.04 sys=0.01, real=0.05 secs] 
2021-01-22T19:43:20.628-0800: 263.118: [Full GC (Allocation Failure) 2021-01-22T19:43:20.628-0800: 263.118: [Tenured: 349406K->349362K(349568K), 0.0444426 secs] 506276K->383428K(506816K), [Metaspace: 2698K->2698K(1056768K)], 0.0445583 secs] [Times: user=0.04 sys=0.00, real=0.05 secs] 
2021-01-22T19:43:20.691-0800: 263.181: [Full GC (Allocation Failure) 2021-01-22T19:43:20.691-0800: 263.181: [Tenured: 349502K->349556K(349568K), 0.0543875 secs] 506747K->364106K(506816K), [Metaspace: 2698K->2698K(1056768K)], 0.0544873 secs] [Times: user=0.05 sys=0.00, real=0.05 secs] 
2021-01-22T19:43:20.763-0800: 263.253: [Full GC (Allocation Failure) 2021-01-22T19:43:20.763-0800: 263.253: [Tenured: 349556K->348905K(349568K), 0.0412301 secs] 506747K->382914K(506816K), [Metaspace: 2698K->2698K(1056768K)], 0.0413290 secs] [Times: user=0.04 sys=0.00, real=0.04 secs] 
2021-01-22T19:43:20.819-0800: 263.309: [Full GC (Allocation Failure) 2021-01-22T19:43:20.819-0800: 263.309: [Tenured: 349423K->349127K(349568K), 0.0429977 secs] 506610K->384074K(506816K), [Metaspace: 2698K->2698K(1056768K)], 0.0430967 secs] [Times: user=0.04 sys=0.00, real=0.05 secs] 
2021-01-22T19:43:20.880-0800: 263.370: [Full GC (Allocation Failure) 2021-01-22T19:43:20.881-0800: 263.371: [Tenured: 349341K->349216K(349568K), 0.0485823 secs] 506526K->372685K(506816K), [Metaspace: 2698K->2698K(1056768K)], 0.0486829 secs] [Times: user=0.05 sys=0.00, real=0.04 secs] 
2021-01-22T19:43:20.947-0800: 263.437: [Full GC (Allocation Failure) 2021-01-22T19:43:20.947-0800: 263.438: [Tenured: 349499K->349511K(349568K), 0.0546443 secs] 506746K->358003K(506816K), [Metaspace: 2698K->2698K(1056768K)], 0.0547442 secs] [Times: user=0.05 sys=0.00, real=0.06 secs] 
2021-01-22T19:43:21.023-0800: 263.513: [Full GC (Allocation Failure) 2021-01-22T19:43:21.023-0800: 263.513: [Tenured: 349511K->349563K(349568K), 0.0354220 secs] 506494K->387714K(506816K), [Metaspace: 2698K->2698K(1056768K)], 0.0355216 secs] [Times: user=0.04 sys=0.00, real=0.03 secs] 
2021-01-22T19:43:21.075-0800: 263.565: [Full GC (Allocation Failure) 2021-01-22T19:43:21.076-0800: 263.566: [Tenured: 349563K->349454K(349568K), 0.0451715 secs] 506632K->390695K(506816K), [Metaspace: 2698K->2698K(1056768K)], 0.0453683 secs] [Times: user=0.05 sys=0.00, real=0.05 secs] 
2021-01-22T19:43:21.138-0800: 263.628: [Full GC (Allocation Failure) 2021-01-22T19:43:21.138-0800: 263.628: [Tenured: 349526K->349402K(349568K), 0.0458207 secs] 506759K->389981K(506816K), [Metaspace: 2698K->2698K(1056768K)], 0.0459205 secs] [Times: user=0.05 sys=0.00, real=0.05 secs] 
2021-01-22T19:43:21.202-0800: 263.692: [Full GC (Allocation Failure) 2021-01-22T19:43:21.202-0800: 263.692: [Tenured: 349561K->349485K(349568K), 0.0547650 secs] 506777K->371047K(506816K), [Metaspace: 2698K->2698K(1056768K)], 0.0548646 secs] [Times: user=0.06 sys=0.00, real=0.05 secs] 
2021-01-22T19:43:21.274-0800: 263.764: [Full GC (Allocation Failure) 2021-01-22T19:43:21.274-0800: 263.764: [Tenured: 349505K->349374K(349568K), 0.0367804 secs] 506750K->385865K(506816K), [Metaspace: 2698K->2698K(1056768K)], 0.0368893 secs] [Times: user=0.04 sys=0.00, real=0.04 secs] 
2021-01-22T19:43:21.331-0800: 263.821: [Full GC (Allocation Failure) 2021-01-22T19:43:21.331-0800: 263.821: [Tenured: 349567K->349360K(349568K), 0.0411729 secs] 506806K->383124K(506816K), [Metaspace: 2698K->2698K(1056768K)], 0.0412752 secs] [Times: user=0.04 sys=0.01, real=0.04 secs] 
2021-01-22T19:43:21.390-0800: 263.880: [Full GC (Allocation Failure) 2021-01-22T19:43:21.390-0800: 263.880: [Tenured: 349559K->349337K(349568K), 0.0477046 secs] 506800K->378734K(506816K), [Metaspace: 2698K->2698K(1056768K)], 0.0478025 secs] [Times: user=0.04 sys=0.00, real=0.04 secs] 
2021-01-22T19:43:21.454-0800: 263.944: [Full GC (Allocation Failure) 2021-01-22T19:43:21.454-0800: 263.944: [Tenured: 349521K->349532K(349568K), 0.0588979 secs] 506686K->360202K(506816K), [Metaspace: 2698K->2698K(1056768K)], 0.0589837 secs] [Times: user=0.05 sys=0.00, real=0.06 secs] 
2021-01-22T19:43:21.532-0800: 264.022: [Full GC (Allocation Failure) 2021-01-22T19:43:21.537-0800: 264.027: [Tenured: 349532K->349058K(349568K), 0.0342531 secs] 506679K->382228K(506816K), [Metaspace: 2698K->2698K(1056768K)], 0.0392514 secs] [Times: user=0.04 sys=0.00, real=0.04 secs] 
2021-01-22T19:43:21.587-0800: 264.077: [Full GC (Allocation Failure) 2021-01-22T19:43:21.587-0800: 264.077: [Tenured: 349427K->349495K(349568K), 0.0466312 secs] 506653K->375166K(506816K), [Metaspace: 2698K->2698K(1056768K)], 0.0467300 secs] [Times: user=0.05 sys=0.00, real=0.05 secs] 
2021-01-22T19:43:21.653-0800: 264.143: [Full GC (Allocation Failure) 2021-01-22T19:43:21.653-0800: 264.143: [Tenured: 349495K->349389K(349568K), 0.0405631 secs] 506298K->380378K(506816K), [Metaspace: 2698K->2698K(1056768K)], 0.0406761 secs] [Times: user=0.03 sys=0.00, real=0.04 secs] 
2021-01-22T19:43:21.712-0800: 264.202: [Full GC (Allocation Failure) 2021-01-22T19:43:21.712-0800: 264.202: [Tenured: 349506K->349333K(349568K), 0.0553587 secs] 506721K->368463K(506816K), [Metaspace: 2698K->2698K(1056768K)], 0.0554588 secs] [Times: user=0.06 sys=0.00, real=0.05 secs] 
2021-01-22T19:43:21.788-0800: 264.278: [Full GC (Allocation Failure) 2021-01-22T19:43:21.788-0800: 264.278: [Tenured: 349333K->349563K(349568K), 0.0339443 secs] 506437K->385154K(506816K), [Metaspace: 2698K->2698K(1056768K)], 0.0340521 secs] [Times: user=0.03 sys=0.00, real=0.04 secs] 
2021-01-22T19:43:21.837-0800: 264.328: [Full GC (Allocation Failure) 2021-01-22T19:43:21.838-0800: 264.328: [Tenured: 349563K->349458K(349568K), 0.0463852 secs] 506779K->385690K(506816K), [Metaspace: 2698K->2698K(1056768K)], 0.0464862 secs] [Times: user=0.05 sys=0.00, real=0.05 secs] 
2021-01-22T19:43:21.902-0800: 264.392: [Full GC (Allocation Failure) 2021-01-22T19:43:21.902-0800: 264.392: [Tenured: 349553K->349488K(349568K), 0.0458049 secs] 506788K->384406K(506816K), [Metaspace: 2698K->2698K(1056768K)], 0.0459066 secs] [Times: user=0.04 sys=0.00, real=0.04 secs] 
2021-01-22T19:43:21.965-0800: 264.455: [Full GC (Allocation Failure) 2021-01-22T19:43:21.965-0800: 264.455: [Tenured: 349488K->349227K(349568K), 0.0550315 secs] 506622K->370400K(506816K), [Metaspace: 2698K->2698K(1056768K)], 0.0551523 secs] [Times: user=0.05 sys=0.00, real=0.06 secs] 
2021-01-22T19:43:22.037-0800: 264.527: [Full GC (Allocation Failure) 2021-01-22T19:43:22.037-0800: 264.527: [Tenured: 349227K->349524K(349568K), 0.0368963 secs] 506459K->391081K(506816K), [Metaspace: 2698K->2698K(1056768K)], 0.0369963 secs] [Times: user=0.03 sys=0.00, real=0.04 secs] 
2021-01-22T19:43:22.088-0800: 264.578: [Full GC (Allocation Failure) 2021-01-22T19:43:22.088-0800: 264.578: [Tenured: 349524K->349491K(349568K), 0.0469205 secs] 506686K->389973K(506816K), [Metaspace: 2698K->2698K(1056768K)], 0.0470212 secs] [Times: user=0.04 sys=0.01, real=0.05 secs] 
2021-01-22T19:43:22.148-0800: 264.638: [Full GC (Allocation Failure) 2021-01-22T19:43:22.148-0800: 264.638: [Tenured: 349491K->349438K(349568K), 0.0477480 secs] 506662K->395902K(506816K), [Metaspace: 2698K->2698K(1056768K)], 0.0478560 secs] [Times: user=0.04 sys=0.00, real=0.05 secs] 
2021-01-22T19:43:22.212-0800: 264.702: [Full GC (Allocation Failure) 2021-01-22T19:43:22.212-0800: 264.702: [Tenured: 349438K->349389K(349568K), 0.0557740 secs] 506513K->377506K(506816K), [Metaspace: 2698K->2698K(1056768K)], 0.0558763 secs] [Times: user=0.05 sys=0.00, real=0.05 secs] 
2021-01-22T19:43:22.283-0800: 264.773: [Full GC (Allocation Failure) 2021-01-22T19:43:22.283-0800: 264.773: [Tenured: 349389K->349336K(349568K), 0.0290737 secs] 506432K->399747K(506816K), [Metaspace: 2698K->2698K(1056768K)], 0.0291734 secs] [Times: user=0.03 sys=0.00, real=0.03 secs] 
2021-01-22T19:43:22.329-0800: 264.819: [Full GC (Allocation Failure) 2021-01-22T19:43:22.329-0800: 264.819: [Tenured: 349336K->349322K(349568K), 0.0398500 secs] 506424K->396967K(506816K), [Metaspace: 2698K->2698K(1056768K)], 0.0399461 secs] [Times: user=0.04 sys=0.00, real=0.04 secs] 
2021-01-22T19:43:22.385-0800: 264.875: [Full GC (Allocation Failure) 2021-01-22T19:43:22.385-0800: 264.875: [Tenured: 349448K->349128K(349568K), 0.0441849 secs] 506694K->398593K(506816K), [Metaspace: 2698K->2698K(1056768K)], 0.0442803 secs] [Times: user=0.04 sys=0.00, real=0.05 secs] 
2021-01-22T19:43:22.442-0800: 264.932: [Full GC (Allocation Failure) 2021-01-22T19:43:22.442-0800: 264.932: [Tenured: 349505K->349165K(349568K), 0.0597956 secs] 506690K->380079K(506816K), [Metaspace: 2698K->2698K(1056768K)], 0.0599124 secs] [Times: user=0.06 sys=0.00, real=0.06 secs] 
2021-01-22T19:43:22.518-0800: 265.008: [Full GC (Allocation Failure) 2021-01-22T19:43:22.518-0800: 265.008: [Tenured: 349165K->349558K(349568K), 0.0339372 secs] 506280K->396336K(506816K), [Metaspace: 2698K->2698K(1056768K)], 0.0340560 secs] [Times: user=0.04 sys=0.00, real=0.04 secs] 
2021-01-22T19:43:22.569-0800: 265.059: [Full GC (Allocation Failure) 2021-01-22T19:43:22.569-0800: 265.059: [Tenured: 349558K->349476K(349568K), 0.0446069 secs] 506537K->390617K(506816K), [Metaspace: 2698K->2698K(1056768K)], 0.0447059 secs] [Times: user=0.04 sys=0.00, real=0.05 secs] 
2021-01-22T19:43:22.631-0800: 265.121: [Full GC (Allocation Failure) 2021-01-22T19:43:22.631-0800: 265.121: [Tenured: 349476K->349497K(349568K), 0.0462941 secs] 506534K->394376K(506816K), [Metaspace: 2698K->2698K(1056768K)], 0.0463971 secs] [Times: user=0.05 sys=0.00, real=0.04 secs] 
2021-01-22T19:43:22.693-0800: 265.183: [Full GC (Allocation Failure) 2021-01-22T19:43:22.693-0800: 265.183: [Tenured: 349497K->349450K(349568K), 0.0538684 secs] 506406K->376562K(506816K), [Metaspace: 2698K->2698K(1056768K)], 0.0540513 secs] [Times: user=0.05 sys=0.00, real=0.05 secs] 
2021-01-22T19:43:22.765-0800: 265.255: [Full GC (Allocation Failure) 2021-01-22T19:43:22.765-0800: 265.255: [Tenured: 349450K->349433K(349568K), 0.0371469 secs] 506566K->397834K(506816K), [Metaspace: 2698K->2698K(1056768K)], 0.0372486 secs] [Times: user=0.03 sys=0.00, real=0.04 secs] 
2021-01-22T19:43:22.818-0800: 265.308: [Full GC (Allocation Failure) 2021-01-22T19:43:22.818-0800: 265.308: [Tenured: 349433K->349470K(349568K), 0.0502220 secs] 506666K->402580K(506816K), [Metaspace: 2698K->2698K(1056768K)], 0.0503311 secs] [Times: user=0.05 sys=0.01, real=0.05 secs] 
2021-01-22T19:43:22.884-0800: 265.374: [Full GC (Allocation Failure) 2021-01-22T19:43:22.884-0800: 265.374: [Tenured: 349470K->349354K(349568K), 0.0712532 secs] 506670K->400302K(506816K), [Metaspace: 2698K->2698K(1056768K)], 0.0714334 secs] [Times: user=0.05 sys=0.00, real=0.07 secs] 
2021-01-22T19:43:22.972-0800: 265.463: [Full GC (Allocation Failure) 2021-01-22T19:43:22.973-0800: 265.463: [Tenured: 349354K->349467K(349568K), 0.0640159 secs] 506319K->384674K(506816K), [Metaspace: 2698K->2698K(1056768K)], 0.0641258 secs] [Times: user=0.05 sys=0.00, real=0.06 secs] 
2021-01-22T19:43:23.052-0800: 265.542: [Full GC (Allocation Failure) 2021-01-22T19:43:23.052-0800: 265.542: [Tenured: 349493K->349522K(349568K), 0.0352613 secs] 506731K->401045K(506816K), [Metaspace: 2698K->2698K(1056768K)], 0.0353712 secs] [Times: user=0.04 sys=0.00, real=0.03 secs] 
2021-01-22T19:43:23.101-0800: 265.591: [Full GC (Allocation Failure) 2021-01-22T19:43:23.101-0800: 265.591: [Tenured: 349558K->349280K(349568K), 0.0432829 secs] 506803K->390279K(506816K), [Metaspace: 2698K->2698K(1056768K)], 0.0434464 secs] [Times: user=0.04 sys=0.00, real=0.04 secs] 
2021-01-22T19:43:23.162-0800: 265.653: [Full GC (Allocation Failure) 2021-01-22T19:43:23.163-0800: 265.653: [Tenured: 349424K->349492K(349568K), 0.0482768 secs] 506592K->401964K(506816K), [Metaspace: 2698K->2698K(1056768K)], 0.0483832 secs] [Times: user=0.05 sys=0.00, real=0.05 secs] 
2021-01-22T19:43:23.223-0800: 265.713: [Full GC (Allocation Failure) 2021-01-22T19:43:23.223-0800: 265.713: [Tenured: 349492K->349525K(349568K), 0.0590342 secs] 506511K->385018K(506816K), [Metaspace: 2698K->2698K(1056768K)], 0.0591352 secs] [Times: user=0.05 sys=0.00, real=0.06 secs] 
2021-01-22T19:43:23.301-0800: 265.791: [Full GC (Allocation Failure) 2021-01-22T19:43:23.301-0800: 265.791: [Tenured: 349525K->349374K(349568K), 0.0336413 secs] 506362K->404383K(506816K), [Metaspace: 2698K->2698K(1056768K)], 0.0337564 secs] [Times: user=0.03 sys=0.00, real=0.03 secs] 
2021-01-22T19:43:23.352-0800: 265.842: [Full GC (Allocation Failure) 2021-01-22T19:43:23.352-0800: 265.842: [Tenured: 349374K->349507K(349568K), 0.0404094 secs] 506379K->400560K(506816K), [Metaspace: 2698K->2698K(1056768K)], 0.0405095 secs] [Times: user=0.04 sys=0.00, real=0.04 secs] 
2021-01-22T19:43:23.409-0800: 265.900: [Full GC (Allocation Failure) 2021-01-22T19:43:23.409-0800: 265.900: [Tenured: 349507K->349344K(349568K), 0.0461061 secs] 506565K->394297K(506816K), [Metaspace: 2698K->2698K(1056768K)], 0.0462192 secs] [Times: user=0.04 sys=0.00, real=0.05 secs] 
2021-01-22T19:43:23.473-0800: 265.963: [Full GC (Allocation Failure) 2021-01-22T19:43:23.473-0800: 265.963: [Tenured: 349344K->349562K(349568K), 0.0566585 secs] 506531K->377999K(506816K), [Metaspace: 2698K->2698K(1056768K)], 0.0568322 secs] [Times: user=0.05 sys=0.00, real=0.06 secs] 
2021-01-22T19:43:23.547-0800: 266.038: [Full GC (Allocation Failure) 2021-01-22T19:43:23.547-0800: 266.038: [Tenured: 349562K->349321K(349568K), 0.0313491 secs] 506769K->388446K(506816K), [Metaspace: 2698K->2698K(1056768K)], 0.0314807 secs] [Times: user=0.03 sys=0.00, real=0.03 secs] 
2021-01-22T19:43:23.598-0800: 266.088: [Full GC (Allocation Failure) 2021-01-22T19:43:23.598-0800: 266.088: [Tenured: 349465K->349530K(349568K), 0.0438793 secs] 506590K->389185K(506816K), [Metaspace: 2698K->2698K(1056768K)], 0.0440952 secs] [Times: user=0.04 sys=0.00, real=0.05 secs] 
2021-01-22T19:43:23.656-0800: 266.147: [Full GC (Allocation Failure) 2021-01-22T19:43:23.656-0800: 266.147: [Tenured: 349530K->349450K(349568K), 0.0498127 secs] 506635K->382860K(506816K), [Metaspace: 2698K->2698K(1056768K)], 0.0499113 secs] [Times: user=0.05 sys=0.00, real=0.05 secs] 
2021-01-22T19:43:23.723-0800: 266.214: [Full GC (Allocation Failure) 2021-01-22T19:43:23.723-0800: 266.214: [Tenured: 349450K->349466K(349568K), 0.0517039 secs] 506619K->368987K(506816K), [Metaspace: 2698K->2698K(1056768K)], 0.0518095 secs] [Times: user=0.05 sys=0.00, real=0.05 secs] 
2021-01-22T19:43:23.795-0800: 266.285: [Full GC (Allocation Failure) 2021-01-22T19:43:23.795-0800: 266.285: [Tenured: 349521K->349554K(349568K), 0.0343698 secs] 506746K->383382K(506816K), [Metaspace: 2698K->2698K(1056768K)], 0.0345315 secs] [Times: user=0.03 sys=0.00, real=0.04 secs] 
2021-01-22T19:43:23.845-0800: 266.335: [Full GC (Allocation Failure) 2021-01-22T19:43:23.845-0800: 266.335: [Tenured: 349554K->349561K(349568K), 0.0457662 secs] 506771K->383668K(506816K), [Metaspace: 2698K->2698K(1056768K)], 0.0458647 secs] [Times: user=0.04 sys=0.00, real=0.05 secs] 
2021-01-22T19:43:23.907-0800: 266.398: [Full GC (Allocation Failure) 2021-01-22T19:43:23.908-0800: 266.398: [Tenured: 349561K->349540K(349568K), 0.0456929 secs] 506394K->382716K(506816K), [Metaspace: 2698K->2698K(1056768K)], 0.0457896 secs] [Times: user=0.04 sys=0.00, real=0.05 secs] 
2021-01-22T19:43:23.972-0800: 266.463: [Full GC (Allocation Failure) 2021-01-22T19:43:23.972-0800: 266.463: [Tenured: 349540K->349407K(349568K), 0.0510207 secs] 506783K->360914K(506816K), [Metaspace: 2698K->2698K(1056768K)], 0.0511301 secs] [Times: user=0.05 sys=0.00, real=0.05 secs] 
2021-01-22T19:43:24.045-0800: 266.535: [Full GC (Allocation Failure) 2021-01-22T19:43:24.045-0800: 266.535: [Tenured: 349407K->349519K(349568K), 0.0419953 secs] 506508K->374233K(506816K), [Metaspace: 2698K->2698K(1056768K)], 0.0421071 secs] [Times: user=0.04 sys=0.00, real=0.04 secs] 
2021-01-22T19:43:24.107-0800: 266.597: [Full GC (Allocation Failure) 2021-01-22T19:43:24.107-0800: 266.597: [Tenured: 349519K->349548K(349568K), 0.0460213 secs] 506661K->370693K(506816K), [Metaspace: 2698K->2698K(1056768K)], 0.0461160 secs] [Times: user=0.04 sys=0.00, real=0.05 secs] 
2021-01-22T19:43:24.169-0800: 266.659: [Full GC (Allocation Failure) 2021-01-22T19:43:24.169-0800: 266.659: [Tenured: 349548K->349079K(349568K), 0.0431938 secs] 506696K->377603K(506816K), [Metaspace: 2698K->2698K(1056768K)], 0.0432961 secs] [Times: user=0.04 sys=0.00, real=0.05 secs] 
2021-01-22T19:43:24.233-0800: 266.724: [Full GC (Allocation Failure) 2021-01-22T19:43:24.234-0800: 266.724: [Tenured: 349079K->349202K(349568K), 0.0510346 secs] 506202K->364048K(506816K), [Metaspace: 2698K->2698K(1056768K)], 0.0512669 secs] [Times: user=0.05 sys=0.00, real=0.05 secs] 
2021-01-22T19:43:24.304-0800: 266.794: [Full GC (Allocation Failure) 2021-01-22T19:43:24.304-0800: 266.794: [Tenured: 349202K->349186K(349568K), 0.0313541 secs] 505889K->376506K(506816K), [Metaspace: 2698K->2698K(1056768K)], 0.0314553 secs] [Times: user=0.03 sys=0.01, real=0.03 secs] 
2021-01-22T19:43:24.354-0800: 266.844: [Full GC (Allocation Failure) 2021-01-22T19:43:24.354-0800: 266.844: [Tenured: 349456K->349438K(349568K), 0.0460842 secs] 506674K->380352K(506816K), [Metaspace: 2698K->2698K(1056768K)], 0.0461869 secs] [Times: user=0.04 sys=0.00, real=0.05 secs] 
2021-01-22T19:43:24.419-0800: 266.909: [Full GC (Allocation Failure) 2021-01-22T19:43:24.419-0800: 266.909: [Tenured: 349438K->349296K(349568K), 0.0417475 secs] 506617K->383685K(506816K), [Metaspace: 2698K->2698K(1056768K)], 0.0418472 secs] [Times: user=0.04 sys=0.00, real=0.05 secs] 
2021-01-22T19:43:24.479-0800: 266.970: [Full GC (Allocation Failure) 2021-01-22T19:43:24.479-0800: 266.970: [Tenured: 349296K->349545K(349568K), 0.0537060 secs] 506215K->370681K(506816K), [Metaspace: 2698K->2698K(1056768K)], 0.0538066 secs] [Times: user=0.05 sys=0.00, real=0.06 secs] 
2021-01-22T19:43:24.554-0800: 267.044: [Full GC (Allocation Failure) 2021-01-22T19:43:24.554-0800: 267.044: [Tenured: 349545K->349448K(349568K), 0.0267134 secs] 506551K->389364K(506816K), [Metaspace: 2698K->2698K(1056768K)], 0.0268116 secs] [Times: user=0.03 sys=0.00, real=0.03 secs] 
2021-01-22T19:43:24.597-0800: 267.087: [Full GC (Allocation Failure) 2021-01-22T19:43:24.597-0800: 267.087: [Tenured: 349448K->349281K(349568K), 0.0467817 secs] 506634K->388369K(506816K), [Metaspace: 2698K->2698K(1056768K)], 0.0468856 secs] [Times: user=0.05 sys=0.00, real=0.05 secs] 
2021-01-22T19:43:24.657-0800: 267.147: [Full GC (Allocation Failure) 2021-01-22T19:43:24.657-0800: 267.147: [Tenured: 349281K->349458K(349568K), 0.0461307 secs] 506292K->394064K(506816K), [Metaspace: 2698K->2698K(1056768K)], 0.0462484 secs] [Times: user=0.05 sys=0.00, real=0.05 secs] 
2021-01-22T19:43:24.721-0800: 267.211: [Full GC (Allocation Failure) 2021-01-22T19:43:24.721-0800: 267.211: [Tenured: 349458K->349432K(349568K), 0.0557239 secs] 506590K->374356K(506816K), [Metaspace: 2698K->2698K(1056768K)], 0.0558400 secs] [Times: user=0.06 sys=0.00, real=0.05 secs] 
2021-01-22T19:43:24.794-0800: 267.284: [Full GC (Allocation Failure) 2021-01-22T19:43:24.794-0800: 267.284: [Tenured: 349502K->349430K(349568K), 0.0391056 secs] 506748K->391215K(506816K), [Metaspace: 2698K->2698K(1056768K)], 0.0393200 secs] [Times: user=0.03 sys=0.00, real=0.04 secs] 
2021-01-22T19:43:24.851-0800: 267.341: [Full GC (Allocation Failure) 2021-01-22T19:43:24.851-0800: 267.341: [Tenured: 349550K->349111K(349568K), 0.0425752 secs] 506797K->391340K(506816K), [Metaspace: 2698K->2698K(1056768K)], 0.0426759 secs] [Times: user=0.04 sys=0.00, real=0.04 secs] 
2021-01-22T19:43:24.908-0800: 267.398: [Full GC (Allocation Failure) 2021-01-22T19:43:24.908-0800: 267.398: [Tenured: 349255K->349348K(349568K), 0.0506526 secs] 506463K->395496K(506816K), [Metaspace: 2698K->2698K(1056768K)], 0.0507496 secs] [Times: user=0.04 sys=0.00, real=0.05 secs] 
2021-01-22T19:43:24.975-0800: 267.465: [Full GC (Allocation Failure) 2021-01-22T19:43:24.975-0800: 267.465: [Tenured: 349348K->349452K(349568K), 0.0530030 secs] 506462K->377426K(506816K), [Metaspace: 2698K->2698K(1056768K)], 0.0531241 secs] [Times: user=0.05 sys=0.00, real=0.05 secs] 
2021-01-22T19:43:25.050-0800: 267.540: [Full GC (Allocation Failure) 2021-01-22T19:43:25.050-0800: 267.540: [Tenured: 349524K->349522K(349568K), 0.0368745 secs] 506745K->400441K(506816K), [Metaspace: 2698K->2698K(1056768K)], 0.0369884 secs] [Times: user=0.04 sys=0.00, real=0.03 secs] 
2021-01-22T19:43:25.103-0800: 267.593: [Full GC (Allocation Failure) 2021-01-22T19:43:25.103-0800: 267.594: [Tenured: 349522K->349532K(349568K), 0.0434799 secs] 506732K->393634K(506816K), [Metaspace: 2698K->2698K(1056768K)], 0.0436362 secs] [Times: user=0.05 sys=0.00, real=0.04 secs] 
2021-01-22T19:43:25.163-0800: 267.653: [Full GC (Allocation Failure) 2021-01-22T19:43:25.163-0800: 267.653: [Tenured: 349532K->349260K(349568K), 0.0461916 secs] 506642K->393954K(506816K), [Metaspace: 2698K->2698K(1056768K)], 0.0462938 secs] [Times: user=0.05 sys=0.00, real=0.04 secs] 
2021-01-22T19:43:25.225-0800: 267.716: [Full GC (Allocation Failure) 2021-01-22T19:43:25.226-0800: 267.716: [Tenured: 349476K->349559K(349568K), 0.0577356 secs] 506667K->369656K(506816K), [Metaspace: 2698K->2698K(1056768K)], 0.0580650 secs] [Times: user=0.06 sys=0.00, real=0.06 secs] 
2021-01-22T19:43:25.300-0800: 267.790: [Full GC (Allocation Failure) 2021-01-22T19:43:25.300-0800: 267.790: [Tenured: 349559K->349558K(349568K), 0.0413926 secs] 506128K->391390K(506816K), [Metaspace: 2698K->2698K(1056768K)], 0.0414965 secs] [Times: user=0.04 sys=0.00, real=0.04 secs] 
2021-01-22T19:43:25.356-0800: 267.846: [Full GC (Allocation Failure) 2021-01-22T19:43:25.356-0800: 267.846: [Tenured: 349558K->349222K(349568K), 0.0455211 secs] 506706K->392998K(506816K), [Metaspace: 2698K->2698K(1056768K)], 0.0456205 secs] [Times: user=0.04 sys=0.00, real=0.05 secs] 
2021-01-22T19:43:25.415-0800: 267.905: [Full GC (Allocation Failure) 2021-01-22T19:43:25.415-0800: 267.905: [Tenured: 349313K->349243K(349568K), 0.0504616 secs] 506475K->392169K(506816K), [Metaspace: 2698K->2698K(1056768K)], 0.0505597 secs] [Times: user=0.05 sys=0.00, real=0.05 secs] 
2021-01-22T19:43:25.484-0800: 267.974: [Full GC (Allocation Failure) 2021-01-22T19:43:25.484-0800: 267.974: [Tenured: 349459K->349063K(349568K), 0.0520676 secs] 506640K->372180K(506816K), [Metaspace: 2698K->2698K(1056768K)], 0.0521626 secs] [Times: user=0.05 sys=0.00, real=0.05 secs] 
2021-01-22T19:43:25.555-0800: 268.045: [Full GC (Allocation Failure) 2021-01-22T19:43:25.555-0800: 268.045: [Tenured: 349219K->349469K(349568K), 0.0389851 secs] 506342K->388972K(506816K), [Metaspace: 2698K->2698K(1056768K)], 0.0390819 secs] [Times: user=0.04 sys=0.00, real=0.04 secs] 
2021-01-22T19:43:25.608-0800: 268.099: [Full GC (Allocation Failure) 2021-01-22T19:43:25.609-0800: 268.099: [Tenured: 349469K->349102K(349568K), 0.0490558 secs] 506581K->390953K(506816K), [Metaspace: 2698K->2698K(1056768K)], 0.0491598 secs] [Times: user=0.05 sys=0.00, real=0.05 secs] 
2021-01-22T19:43:25.675-0800: 268.165: [Full GC (Allocation Failure) 2021-01-22T19:43:25.675-0800: 268.165: [Tenured: 349462K->349565K(349568K), 0.0472109 secs] 506691K->384200K(506816K), [Metaspace: 2698K->2698K(1056768K)], 0.0473125 secs] [Times: user=0.04 sys=0.01, real=0.05 secs] 
2021-01-22T19:43:25.738-0800: 268.228: [Full GC (Allocation Failure) 2021-01-22T19:43:25.738-0800: 268.228: [Tenured: 349565K->349494K(349568K), 0.0552784 secs] 506787K->366528K(506816K), [Metaspace: 2698K->2698K(1056768K)], 0.0553785 secs] [Times: user=0.05 sys=0.00, real=0.06 secs] 
2021-01-22T19:43:25.814-0800: 268.304: [Full GC (Allocation Failure) 2021-01-22T19:43:25.814-0800: 268.304: [Tenured: 349566K->349483K(349568K), 0.0405019 secs] 506797K->377427K(506816K), [Metaspace: 2698K->2698K(1056768K)], 0.0406019 secs] [Times: user=0.04 sys=0.00, real=0.04 secs] 
2021-01-22T19:43:25.871-0800: 268.361: [Full GC (Allocation Failure) 2021-01-22T19:43:25.871-0800: 268.361: [Tenured: 349483K->349461K(349568K), 0.0474181 secs] 506689K->373343K(506816K), [Metaspace: 2698K->2698K(1056768K)], 0.0475320 secs] [Times: user=0.04 sys=0.00, real=0.04 secs] 
2021-01-22T19:43:25.935-0800: 268.425: [Full GC (Allocation Failure) 2021-01-22T19:43:25.935-0800: 268.425: [Tenured: 349461K->349511K(349568K), 0.0472866 secs] 506221K->372306K(506816K), [Metaspace: 2698K->2698K(1056768K)], 0.0475047 secs] [Times: user=0.05 sys=0.00, real=0.05 secs] 
2021-01-22T19:43:26.003-0800: 268.493: [Full GC (Allocation Failure) 2021-01-22T19:43:26.003-0800: 268.493: [Tenured: 349511K->349518K(349568K), 0.0500556 secs] 506713K->359406K(506816K), [Metaspace: 2698K->2698K(1056768K)], 0.0501546 secs] [Times: user=0.05 sys=0.00, real=0.05 secs] 
2021-01-22T19:43:26.070-0800: 268.561: [Full GC (Allocation Failure) 2021-01-22T19:43:26.070-0800: 268.561: [Tenured: 349518K->349546K(349568K), 0.0379443 secs] 506662K->379506K(506816K), [Metaspace: 2698K->2698K(1056768K)], 0.0380935 secs] [Times: user=0.04 sys=0.00, real=0.03 secs] 
2021-01-22T19:43:26.123-0800: 268.613: [Full GC (Allocation Failure) 2021-01-22T19:43:26.123-0800: 268.613: [Tenured: 349546K->349545K(349568K), 0.0494969 secs] 506541K->372615K(506816K), [Metaspace: 2698K->2698K(1056768K)], 0.0495984 secs] [Times: user=0.05 sys=0.00, real=0.05 secs] 
2021-01-22T19:43:26.191-0800: 268.681: [Full GC (Allocation Failure) 2021-01-22T19:43:26.191-0800: 268.681: [Tenured: 349545K->349494K(349568K), 0.0455455 secs] 506756K->377396K(506816K), [Metaspace: 2698K->2698K(1056768K)], 0.0456561 secs] [Times: user=0.04 sys=0.00, real=0.04 secs] 
2021-01-22T19:43:26.256-0800: 268.746: [Full GC (Allocation Failure) 2021-01-22T19:43:26.256-0800: 268.746: [Tenured: 349494K->349540K(349568K), 0.0518529 secs] 506733K->362520K(506816K), [Metaspace: 2698K->2698K(1056768K)], 0.0519530 secs] [Times: user=0.05 sys=0.00, real=0.05 secs] 
2021-01-22T19:43:26.329-0800: 268.820: [Full GC (Allocation Failure) 2021-01-22T19:43:26.330-0800: 268.820: [Tenured: 349540K->349236K(349568K), 0.0413789 secs] 506548K->385023K(506816K), [Metaspace: 2698K->2698K(1056768K)], 0.0414758 secs] [Times: user=0.04 sys=0.00, real=0.05 secs] 
2021-01-22T19:43:26.386-0800: 268.876: [Full GC (Allocation Failure) 2021-01-22T19:43:26.386-0800: 268.876: [Tenured: 349506K->349471K(349568K), 0.0434888 secs] 506752K->382494K(506816K), [Metaspace: 2698K->2698K(1056768K)], 0.0436000 secs] [Times: user=0.04 sys=0.00, real=0.04 secs] 
2021-01-22T19:43:26.448-0800: 268.938: [Full GC (Allocation Failure) 2021-01-22T19:43:26.448-0800: 268.938: [Tenured: 349471K->349517K(349568K), 0.0464413 secs] 506678K->384906K(506816K), [Metaspace: 2698K->2698K(1056768K)], 0.0465472 secs] [Times: user=0.04 sys=0.00, real=0.05 secs] 
2021-01-22T19:43:26.511-0800: 269.002: [Full GC (Allocation Failure) 2021-01-22T19:43:26.512-0800: 269.002: [Tenured: 349517K->349508K(349568K), 0.0516814 secs] 506693K->364888K(506816K), [Metaspace: 2698K->2698K(1056768K)], 0.0518748 secs] [Times: user=0.05 sys=0.00, real=0.05 secs] 
2021-01-22T19:43:26.586-0800: 269.077: [Full GC (Allocation Failure) 2021-01-22T19:43:26.586-0800: 269.077: [Tenured: 349508K->349517K(349568K), 0.0345336 secs] 506641K->381746K(506816K), [Metaspace: 2698K->2698K(1056768K)], 0.0346417 secs] [Times: user=0.04 sys=0.00, real=0.04 secs] 
2021-01-22T19:43:26.636-0800: 269.127: [Full GC (Allocation Failure) 2021-01-22T19:43:26.636-0800: 269.127: [Tenured: 349517K->349358K(349568K), 0.0438725 secs] 506734K->381515K(506816K), [Metaspace: 2698K->2698K(1056768K)], 0.0440784 secs] [Times: user=0.04 sys=0.00, real=0.05 secs] 
2021-01-22T19:43:26.700-0800: 269.190: [Full GC (Allocation Failure) 2021-01-22T19:43:26.700-0800: 269.190: [Tenured: 349467K->349315K(349568K), 0.0414931 secs] 506700K->381963K(506816K), [Metaspace: 2698K->2698K(1056768K)], 0.0418103 secs] [Times: user=0.04 sys=0.00, real=0.04 secs] 
2021-01-22T19:43:26.760-0800: 269.250: [Full GC (Allocation Failure) 2021-01-22T19:43:26.760-0800: 269.250: [Tenured: 349564K->349566K(349568K), 0.0547205 secs] 506811K->369640K(506816K), [Metaspace: 2698K->2698K(1056768K)], 0.0548223 secs] [Times: user=0.05 sys=0.00, real=0.05 secs] 
2021-01-22T19:43:26.832-0800: 269.322: [Full GC (Allocation Failure) 2021-01-22T19:43:26.832-0800: 269.322: [Tenured: 349566K->349534K(349568K), 0.0389951 secs] 506687K->386690K(506816K), [Metaspace: 2698K->2698K(1056768K)], 0.0390952 secs] [Times: user=0.04 sys=0.00, real=0.04 secs] 
2021-01-22T19:43:26.886-0800: 269.376: [Full GC (Allocation Failure) 2021-01-22T19:43:26.886-0800: 269.376: [Tenured: 349534K->349122K(349568K), 0.0434287 secs] 506262K->381155K(506816K), [Metaspace: 2698K->2698K(1056768K)], 0.0435295 secs] [Times: user=0.04 sys=0.00, real=0.04 secs] 
2021-01-22T19:43:26.952-0800: 269.442: [Full GC (Allocation Failure) 2021-01-22T19:43:26.952-0800: 269.442: [Tenured: 349312K->349394K(349568K), 0.0453052 secs] 506452K->382987K(506816K), [Metaspace: 2698K->2698K(1056768K)], 0.0454023 secs] [Times: user=0.04 sys=0.00, real=0.04 secs] 
2021-01-22T19:43:27.013-0800: 269.503: [Full GC (Allocation Failure) 2021-01-22T19:43:27.013-0800: 269.503: [Tenured: 349394K->349408K(349568K), 0.0581536 secs] 506481K->363053K(506816K), [Metaspace: 2698K->2698K(1056768K)], 0.0582516 secs] [Times: user=0.05 sys=0.00, real=0.06 secs] 
2021-01-22T19:43:27.089-0800: 269.579: [Full GC (Allocation Failure) 2021-01-22T19:43:27.089-0800: 269.579: [Tenured: 349408K->349520K(349568K), 0.0334108 secs] 506651K->378885K(506816K), [Metaspace: 2698K->2698K(1056768K)], 0.0335313 secs] [Times: user=0.03 sys=0.00, real=0.04 secs] 
2021-01-22T19:43:27.142-0800: 269.632: [Full GC (Allocation Failure) 2021-01-22T19:43:27.142-0800: 269.632: [Tenured: 349520K->349226K(349568K), 0.0433303 secs] 506699K->381495K(506816K), [Metaspace: 2698K->2698K(1056768K)], 0.0434307 secs] [Times: user=0.04 sys=0.00, real=0.04 secs] 
2021-01-22T19:43:27.201-0800: 269.691: [Full GC (Allocation Failure) 2021-01-22T19:43:27.201-0800: 269.691: [Tenured: 349545K->349464K(349568K), 0.0489454 secs] 506560K->380440K(506816K), [Metaspace: 2698K->2698K(1056768K)], 0.0490467 secs] [Times: user=0.05 sys=0.00, real=0.05 secs] 
2021-01-22T19:43:27.269-0800: 269.759: [Full GC (Allocation Failure) 2021-01-22T19:43:27.269-0800: 269.759: [Tenured: 349506K->349306K(349568K), 0.0543809 secs] 506726K->369547K(506816K), [Metaspace: 2698K->2698K(1056768K)], 0.0544780 secs] [Times: user=0.06 sys=0.00, real=0.06 secs] 
2021-01-22T19:43:27.340-0800: 269.831: [Full GC (Allocation Failure) 2021-01-22T19:43:27.340-0800: 269.831: [Tenured: 349306K->349358K(349568K), 0.0332369 secs] 506238K->387787K(506816K), [Metaspace: 2698K->2698K(1056768K)], 0.0333397 secs] [Times: user=0.04 sys=0.00, real=0.03 secs] 
2021-01-22T19:43:27.391-0800: 269.881: [Full GC (Allocation Failure) 2021-01-22T19:43:27.391-0800: 269.881: [Tenured: 349430K->349536K(349568K), 0.0409193 secs] 506671K->390964K(506816K), [Metaspace: 2698K->2698K(1056768K)], 0.0411566 secs] [Times: user=0.04 sys=0.00, real=0.04 secs] 
2021-01-22T19:43:27.451-0800: 269.941: [Full GC (Allocation Failure) 2021-01-22T19:43:27.451-0800: 269.942: [Tenured: 349536K->349093K(349568K), 0.0436351 secs] 506572K->384777K(506816K), [Metaspace: 2698K->2698K(1056768K)], 0.0437464 secs] [Times: user=0.04 sys=0.00, real=0.04 secs] 
2021-01-22T19:43:27.510-0800: 270.001: [Full GC (Allocation Failure) 2021-01-22T19:43:27.510-0800: 270.001: [Tenured: 349343K->349518K(349568K), 0.0580169 secs] 506566K->369497K(506816K), [Metaspace: 2698K->2698K(1056768K)], 0.0581180 secs] [Times: user=0.06 sys=0.00, real=0.05 secs] 
2021-01-22T19:43:27.585-0800: 270.075: [Full GC (Allocation Failure) 2021-01-22T19:43:27.585-0800: 270.075: [Tenured: 349518K->349205K(349568K), 0.0342514 secs] 506478K->381076K(506816K), [Metaspace: 2698K->2698K(1056768K)], 0.0343551 secs] [Times: user=0.03 sys=0.00, real=0.03 secs] 
2021-01-22T19:43:27.639-0800: 270.129: [Full GC (Allocation Failure) 2021-01-22T19:43:27.639-0800: 270.129: [Tenured: 349205K->349480K(349568K), 0.0474000 secs] 506197K->385254K(506816K), [Metaspace: 2698K->2698K(1056768K)], 0.0474986 secs] [Times: user=0.05 sys=0.00, real=0.05 secs] 
2021-01-22T19:43:27.701-0800: 270.192: [Full GC (Allocation Failure) 2021-01-22T19:43:27.701-0800: 270.192: [Tenured: 349480K->349555K(349568K), 0.0463915 secs] 506541K->381987K(506816K), [Metaspace: 2698K->2698K(1056768K)], 0.0464944 secs] [Times: user=0.05 sys=0.00, real=0.04 secs] 
2021-01-22T19:43:27.765-0800: 270.256: [Full GC (Allocation Failure) 2021-01-22T19:43:27.765-0800: 270.256: [Tenured: 349555K->349539K(349568K), 0.0560315 secs] 506759K->376551K(506816K), [Metaspace: 2698K->2698K(1056768K)], 0.0561312 secs] [Times: user=0.05 sys=0.00, real=0.06 secs] 
2021-01-22T19:43:27.840-0800: 270.331: [Full GC (Allocation Failure) 2021-01-22T19:43:27.841-0800: 270.331: [Tenured: 349539K->349404K(349568K), 0.0364947 secs] 506478K->398828K(506816K), [Metaspace: 2698K->2698K(1056768K)], 0.0366031 secs] [Times: user=0.03 sys=0.01, real=0.03 secs] 
2021-01-22T19:43:27.889-0800: 270.380: [Full GC (Allocation Failure) 2021-01-22T19:43:27.889-0800: 270.380: [Tenured: 349548K->349348K(349568K), 0.0451869 secs] 506682K->397547K(506816K), [Metaspace: 2698K->2698K(1056768K)], 0.0452878 secs] [Times: user=0.04 sys=0.00, real=0.05 secs] 
2021-01-22T19:43:27.948-0800: 270.439: [Full GC (Allocation Failure) 2021-01-22T19:43:27.948-0800: 270.439: [Tenured: 349348K->349420K(349568K), 0.0438598 secs] 506497K->395447K(506816K), [Metaspace: 2698K->2698K(1056768K)], 0.0439677 secs] [Times: user=0.05 sys=0.00, real=0.05 secs] 
2021-01-22T19:43:28.009-0800: 270.500: [Full GC (Allocation Failure) 2021-01-22T19:43:28.009-0800: 270.500: [Tenured: 349513K->349556K(349568K), 0.0564472 secs] 506758K->381977K(506816K), [Metaspace: 2698K->2698K(1056768K)], 0.0565512 secs] [Times: user=0.06 sys=0.00, real=0.06 secs] 
2021-01-22T19:43:28.082-0800: 270.572: [Full GC (Allocation Failure) 2021-01-22T19:43:28.082-0800: 270.572: [Tenured: 349556K->349327K(349568K), 0.0382944 secs] 506558K->400732K(506816K), [Metaspace: 2698K->2698K(1056768K)], 0.0383990 secs] [Times: user=0.04 sys=0.00, real=0.04 secs] 
2021-01-22T19:43:28.137-0800: 270.627: [Full GC (Allocation Failure) 2021-01-22T19:43:28.137-0800: 270.627: [Tenured: 349327K->349408K(349568K), 0.0431751 secs] 506464K->394349K(506816K), [Metaspace: 2698K->2698K(1056768K)], 0.0432939 secs] [Times: user=0.04 sys=0.00, real=0.05 secs] 
2021-01-22T19:43:28.200-0800: 270.690: [Full GC (Allocation Failure) 2021-01-22T19:43:28.200-0800: 270.690: [Tenured: 349408K->349411K(349568K), 0.0433896 secs] 506443K->390456K(506816K), [Metaspace: 2698K->2698K(1056768K)], 0.0434844 secs] [Times: user=0.04 sys=0.00, real=0.04 secs] 
2021-01-22T19:43:28.257-0800: 270.748: [Full GC (Allocation Failure) 2021-01-22T19:43:28.257-0800: 270.748: [Tenured: 349506K->349309K(349568K), 0.0558804 secs] 506746K->372546K(506816K), [Metaspace: 2698K->2698K(1056768K)], 0.0559801 secs] [Times: user=0.06 sys=0.00, real=0.06 secs] 
2021-01-22T19:43:28.329-0800: 270.819: [Full GC (Allocation Failure) 2021-01-22T19:43:28.329-0800: 270.820: [Tenured: 349525K->349522K(349568K), 0.0370097 secs] 506716K->395174K(506816K), [Metaspace: 2698K->2698K(1056768K)], 0.0371110 secs] [Times: user=0.04 sys=0.00, real=0.04 secs] 
2021-01-22T19:43:28.380-0800: 270.870: [Full GC (Allocation Failure) 2021-01-22T19:43:28.380-0800: 270.870: [Tenured: 349522K->349466K(349568K), 0.0466984 secs] 506668K->394201K(506816K), [Metaspace: 2698K->2698K(1056768K)], 0.0468069 secs] [Times: user=0.05 sys=0.00, real=0.04 secs] 
2021-01-22T19:43:28.441-0800: 270.931: [Full GC (Allocation Failure) 2021-01-22T19:43:28.441-0800: 270.932: [Tenured: 349520K->349247K(349568K), 0.0481529 secs] 506755K->387652K(506816K), [Metaspace: 2698K->2698K(1056768K)], 0.0482539 secs] [Times: user=0.05 sys=0.00, real=0.04 secs] 
2021-01-22T19:43:28.504-0800: 270.995: [Full GC (Allocation Failure) 2021-01-22T19:43:28.504-0800: 270.995: [Tenured: 349247K->349559K(349568K), 0.0543049 secs] 506078K->365270K(506816K), [Metaspace: 2698K->2698K(1056768K)], 0.0544131 secs] [Times: user=0.06 sys=0.00, real=0.05 secs] 
2021-01-22T19:43:28.580-0800: 271.070: [Full GC (Allocation Failure) 2021-01-22T19:43:28.580-0800: 271.070: [Tenured: 349559K->349562K(349568K), 0.0302756 secs] 506788K->379677K(506816K), [Metaspace: 2698K->2698K(1056768K)], 0.0303959 secs] [Times: user=0.03 sys=0.00, real=0.03 secs] 
2021-01-22T19:43:28.626-0800: 271.117: [Full GC (Allocation Failure) 2021-01-22T19:43:28.626-0800: 271.117: [Tenured: 349562K->348931K(349568K), 0.0444466 secs] 506639K->377938K(506816K), [Metaspace: 2698K->2698K(1056768K)], 0.0445607 secs] [Times: user=0.04 sys=0.00, real=0.05 secs] 
2021-01-22T19:43:28.687-0800: 271.177: [Full GC (Allocation Failure) 2021-01-22T19:43:28.687-0800: 271.177: [Tenured: 349234K->349087K(349568K), 0.0472714 secs] 506381K->382215K(506816K), [Metaspace: 2698K->2698K(1056768K)], 0.0473739 secs] [Times: user=0.04 sys=0.00, real=0.05 secs] 
2021-01-22T19:43:28.749-0800: 271.240: [Full GC (Allocation Failure) 2021-01-22T19:43:28.749-0800: 271.240: [Tenured: 349452K->349449K(349568K), 0.0557505 secs] 506574K->373064K(506816K), [Metaspace: 2698K->2698K(1056768K)], 0.0558484 secs] [Times: user=0.05 sys=0.00, real=0.06 secs] 
2021-01-22T19:43:28.824-0800: 271.315: [Full GC (Allocation Failure) 2021-01-22T19:43:28.824-0800: 271.315: [Tenured: 349449K->349513K(349568K), 0.0335581 secs] 506257K->385936K(506816K), [Metaspace: 2698K->2698K(1056768K)], 0.0336586 secs] [Times: user=0.04 sys=0.00, real=0.03 secs] 
2021-01-22T19:43:28.876-0800: 271.366: [Full GC (Allocation Failure) 2021-01-22T19:43:28.876-0800: 271.366: [Tenured: 349513K->348947K(349568K), 0.0419954 secs] 506704K->385733K(506816K), [Metaspace: 2698K->2698K(1056768K)], 0.0421165 secs] [Times: user=0.04 sys=0.00, real=0.04 secs] 
2021-01-22T19:43:28.933-0800: 271.424: [Full GC (Allocation Failure) 2021-01-22T19:43:28.933-0800: 271.424: [Tenured: 348947K->349213K(349568K), 0.0488841 secs] 505565K->385611K(506816K), [Metaspace: 2698K->2698K(1056768K)], 0.0489824 secs] [Times: user=0.05 sys=0.00, real=0.05 secs] 
2021-01-22T19:43:28.998-0800: 271.489: [Full GC (Allocation Failure) 2021-01-22T19:43:28.999-0800: 271.489: [Tenured: 349213K->349526K(349568K), 0.0579925 secs] 506125K->371288K(506816K), [Metaspace: 2698K->2698K(1056768K)], 0.0582186 secs] [Times: user=0.06 sys=0.00, real=0.06 secs] 
2021-01-22T19:43:29.074-0800: 271.564: [Full GC (Allocation Failure) 2021-01-22T19:43:29.074-0800: 271.565: [Tenured: 349526K->349394K(349568K), 0.0334632 secs] 506741K->393777K(506816K), [Metaspace: 2698K->2698K(1056768K)], 0.0335618 secs] [Times: user=0.03 sys=0.00, real=0.03 secs] 
2021-01-22T19:43:29.122-0800: 271.613: [Full GC (Allocation Failure) 2021-01-22T19:43:29.122-0800: 271.613: [Tenured: 349538K->349523K(349568K), 0.0485720 secs] 506644K->386691K(506816K), [Metaspace: 2698K->2698K(1056768K)], 0.0486715 secs] [Times: user=0.04 sys=0.00, real=0.05 secs] 
2021-01-22T19:43:29.189-0800: 271.679: [Full GC (Allocation Failure) 2021-01-22T19:43:29.189-0800: 271.679: [Tenured: 349523K->349308K(349568K), 0.0504607 secs] 506618K->388594K(506816K), [Metaspace: 2698K->2698K(1056768K)], 0.0505619 secs] [Times: user=0.05 sys=0.00, real=0.06 secs] 
2021-01-22T19:43:29.254-0800: 271.744: [Full GC (Allocation Failure) 2021-01-22T19:43:29.254-0800: 271.744: [Tenured: 349308K->349452K(349568K), 0.0558780 secs] 506500K->366519K(506816K), [Metaspace: 2698K->2698K(1056768K)], 0.0559782 secs] [Times: user=0.06 sys=0.01, real=0.06 secs] 
2021-01-22T19:43:29.327-0800: 271.818: [Full GC (Allocation Failure) 2021-01-22T19:43:29.327-0800: 271.818: [Tenured: 349452K->349513K(349568K), 0.0344419 secs] 506564K->382959K(506816K), [Metaspace: 2698K->2698K(1056768K)], 0.0345711 secs] [Times: user=0.04 sys=0.00, real=0.04 secs] 
2021-01-22T19:43:29.382-0800: 271.873: [Full GC (Allocation Failure) 2021-01-22T19:43:29.383-0800: 271.873: [Tenured: 349513K->349561K(349568K), 0.0410409 secs] 506743K->381975K(506816K), [Metaspace: 2698K->2698K(1056768K)], 0.0413174 secs] [Times: user=0.04 sys=0.00, real=0.04 secs] 
2021-01-22T19:43:29.442-0800: 271.933: [Full GC (Allocation Failure) 2021-01-22T19:43:29.442-0800: 271.933: [Tenured: 349561K->349498K(349568K), 0.0448900 secs] 506553K->380088K(506816K), [Metaspace: 2698K->2698K(1056768K)], 0.0449881 secs] [Times: user=0.05 sys=0.00, real=0.04 secs] 
2021-01-22T19:43:29.507-0800: 271.997: [Full GC (Allocation Failure) 2021-01-22T19:43:29.507-0800: 271.997: [Tenured: 349534K->349455K(349568K), 0.0563080 secs] 506775K->369687K(506816K), [Metaspace: 2698K->2698K(1056768K)], 0.0564082 secs] [Times: user=0.05 sys=0.00, real=0.06 secs] 
2021-01-22T19:43:29.581-0800: 272.072: [Full GC (Allocation Failure) 2021-01-22T19:43:29.582-0800: 272.072: [Tenured: 349455K->349440K(349568K), 0.0394839 secs] 506687K->381364K(506816K), [Metaspace: 2698K->2698K(1056768K)], 0.0395885 secs] [Times: user=0.03 sys=0.00, real=0.04 secs] 
2021-01-22T19:43:29.639-0800: 272.130: [Full GC (Allocation Failure) 2021-01-22T19:43:29.639-0800: 272.130: [Tenured: 349440K->349422K(349568K), 0.0475108 secs] 506656K->385186K(506816K), [Metaspace: 2698K->2698K(1056768K)], 0.0476245 secs] [Times: user=0.05 sys=0.00, real=0.05 secs] 
2021-01-22T19:43:29.701-0800: 272.191: [Full GC (Allocation Failure) 2021-01-22T19:43:29.701-0800: 272.191: [Tenured: 349422K->349563K(349568K), 0.0504027 secs] 506629K->384685K(506816K), [Metaspace: 2698K->2698K(1056768K)], 0.0505012 secs] [Times: user=0.05 sys=0.00, real=0.05 secs] 
2021-01-22T19:43:29.766-0800: 272.256: [Full GC (Allocation Failure) 2021-01-22T19:43:29.766-0800: 272.256: [Tenured: 349563K->348879K(349568K), 0.0551783 secs] 506719K->368721K(506816K), [Metaspace: 2698K->2698K(1056768K)], 0.0552775 secs] [Times: user=0.06 sys=0.00, real=0.06 secs] 
2021-01-22T19:43:29.838-0800: 272.328: [Full GC (Allocation Failure) 2021-01-22T19:43:29.838-0800: 272.328: [Tenured: 349425K->349549K(349568K), 0.0334133 secs] 506621K->390493K(506816K), [Metaspace: 2698K->2698K(1056768K)], 0.0335131 secs] [Times: user=0.04 sys=0.00, real=0.04 secs] 
2021-01-22T19:43:29.889-0800: 272.380: [Full GC (Allocation Failure) 2021-01-22T19:43:29.890-0800: 272.380: [Tenured: 349549K->349557K(349568K), 0.0456046 secs] 506710K->386393K(506816K), [Metaspace: 2698K->2698K(1056768K)], 0.0457044 secs] [Times: user=0.05 sys=0.00, real=0.05 secs] 
2021-01-22T19:43:29.950-0800: 272.441: [Full GC (Allocation Failure) 2021-01-22T19:43:29.951-0800: 272.441: [Tenured: 349557K->349416K(349568K), 0.0454550 secs] 506587K->383022K(506816K), [Metaspace: 2698K->2698K(1056768K)], 0.0456316 secs] [Times: user=0.05 sys=0.00, real=0.04 secs] 
2021-01-22T19:43:30.012-0800: 272.502: [Full GC (Allocation Failure) 2021-01-22T19:43:30.012-0800: 272.502: [Tenured: 349456K->348974K(349568K), 0.0578639 secs] 506689K->369299K(506816K), [Metaspace: 2698K->2698K(1056768K)], 0.0579623 secs] [Times: user=0.06 sys=0.00, real=0.06 secs] 
2021-01-22T19:43:30.086-0800: 272.577: [Full GC (Allocation Failure) 2021-01-22T19:43:30.086-0800: 272.577: [Tenured: 349275K->349452K(349568K), 0.0372419 secs] 506485K->384245K(506816K), [Metaspace: 2698K->2698K(1056768K)], 0.0373507 secs] [Times: user=0.03 sys=0.00, real=0.04 secs] 
2021-01-22T19:43:30.139-0800: 272.629: [Full GC (Allocation Failure) 2021-01-22T19:43:30.139-0800: 272.629: [Tenured: 349452K->349228K(349568K), 0.0499162 secs] 506562K->391507K(506816K), [Metaspace: 2698K->2698K(1056768K)], 0.0500167 secs] [Times: user=0.04 sys=0.00, real=0.05 secs] 
2021-01-22T19:43:30.203-0800: 272.693: [Full GC (Allocation Failure) 2021-01-22T19:43:30.203-0800: 272.693: [Tenured: 349511K->349321K(349568K), 0.0532677 secs] 506747K->392398K(506816K), [Metaspace: 2698K->2698K(1056768K)], 0.0533644 secs] [Times: user=0.05 sys=0.00, real=0.05 secs] 
2021-01-22T19:43:30.273-0800: 272.764: [Full GC (Allocation Failure) 2021-01-22T19:43:30.273-0800: 272.764: [Tenured: 349321K->349396K(349568K), 0.0539668 secs] 506376K->377730K(506816K), [Metaspace: 2698K->2698K(1056768K)], 0.0540948 secs] [Times: user=0.05 sys=0.00, real=0.05 secs] 
2021-01-22T19:43:30.343-0800: 272.834: [Full GC (Allocation Failure) 2021-01-22T19:43:30.343-0800: 272.834: [Tenured: 349396K->349002K(349568K), 0.0314325 secs] 506226K->393121K(506816K), [Metaspace: 2698K->2698K(1056768K)], 0.0315353 secs] [Times: user=0.03 sys=0.00, real=0.03 secs] 
2021-01-22T19:43:30.390-0800: 272.880: [Full GC (Allocation Failure) 2021-01-22T19:43:30.390-0800: 272.880: [Tenured: 349428K->349512K(349568K), 0.0424578 secs] 506649K->391353K(506816K), [Metaspace: 2698K->2698K(1056768K)], 0.0425593 secs] [Times: user=0.04 sys=0.00, real=0.04 secs] 
2021-01-22T19:43:30.447-0800: 272.938: [Full GC (Allocation Failure) 2021-01-22T19:43:30.447-0800: 272.938: [Tenured: 349512K->348893K(349568K), 0.0476711 secs] 506722K->394621K(506816K), [Metaspace: 2698K->2698K(1056768K)], 0.0478939 secs] [Times: user=0.04 sys=0.00, real=0.05 secs] 
2021-01-22T19:43:30.508-0800: 272.998: [Full GC (Allocation Failure) 2021-01-22T19:43:30.508-0800: 272.998: [Tenured: 349550K->349540K(349568K), 0.0573406 secs] 506785K->377900K(506816K), [Metaspace: 2698K->2698K(1056768K)], 0.0574395 secs] [Times: user=0.05 sys=0.00, real=0.06 secs] 
2021-01-22T19:43:30.584-0800: 273.075: [Full GC (Allocation Failure) 2021-01-22T19:43:30.584-0800: 273.075: [Tenured: 349540K->349485K(349568K), 0.0347395 secs] 506762K->389447K(506816K), [Metaspace: 2698K->2698K(1056768K)], 0.0348499 secs] [Times: user=0.03 sys=0.00, real=0.03 secs] 
2021-01-22T19:43:30.634-0800: 273.124: [Full GC (Allocation Failure) 2021-01-22T19:43:30.634-0800: 273.124: [Tenured: 349485K->349427K(349568K), 0.0467285 secs] 506655K->390572K(506816K), [Metaspace: 2698K->2698K(1056768K)], 0.0468282 secs] [Times: user=0.04 sys=0.00, real=0.05 secs] 
2021-01-22T19:43:30.695-0800: 273.186: [Full GC (Allocation Failure) 2021-01-22T19:43:30.696-0800: 273.186: [Tenured: 349427K->349436K(349568K), 0.0439279 secs] 506545K->388285K(506816K), [Metaspace: 2698K->2698K(1056768K)], 0.0440260 secs] [Times: user=0.05 sys=0.00, real=0.05 secs] 
2021-01-22T19:43:30.758-0800: 273.248: [Full GC (Allocation Failure) 2021-01-22T19:43:30.758-0800: 273.248: [Tenured: 349436K->349397K(349568K), 0.0592947 secs] 506662K->374344K(506816K), [Metaspace: 2698K->2698K(1056768K)], 0.0594043 secs] [Times: user=0.05 sys=0.00, real=0.06 secs] 
2021-01-22T19:43:30.833-0800: 273.324: [Full GC (Allocation Failure) 2021-01-22T19:43:30.833-0800: 273.324: [Tenured: 349397K->349542K(349568K), 0.0331269 secs] 506395K->395468K(506816K), [Metaspace: 2698K->2698K(1056768K)], 0.0332348 secs] [Times: user=0.03 sys=0.00, real=0.03 secs] 
2021-01-22T19:43:30.880-0800: 273.371: [Full GC (Allocation Failure) 2021-01-22T19:43:30.880-0800: 273.371: [Tenured: 349542K->349123K(349568K), 0.0470342 secs] 506343K->395465K(506816K), [Metaspace: 2698K->2698K(1056768K)], 0.0471438 secs] [Times: user=0.05 sys=0.00, real=0.04 secs] 
2021-01-22T19:43:30.942-0800: 273.432: [Full GC (Allocation Failure) 2021-01-22T19:43:30.942-0800: 273.432: [Tenured: 349123K->349561K(349568K), 0.0496705 secs] 505865K->394785K(506816K), [Metaspace: 2698K->2698K(1056768K)], 0.0498090 secs] [Times: user=0.05 sys=0.00, real=0.05 secs] 
2021-01-22T19:43:31.008-0800: 273.499: [Full GC (Allocation Failure) 2021-01-22T19:43:31.008-0800: 273.499: [Tenured: 349561K->349435K(349568K), 0.0556329 secs] 506789K->383123K(506816K), [Metaspace: 2698K->2698K(1056768K)], 0.0558697 secs] [Times: user=0.05 sys=0.00, real=0.06 secs] 
2021-01-22T19:43:31.081-0800: 273.572: [Full GC (Allocation Failure) 2021-01-22T19:43:31.081-0800: 273.572: [Tenured: 349435K->349497K(349568K), 0.0359215 secs] 506574K->400195K(506816K), [Metaspace: 2698K->2698K(1056768K)], 0.0360204 secs] [Times: user=0.03 sys=0.00, real=0.03 secs] 
2021-01-22T19:43:31.134-0800: 273.624: [Full GC (Allocation Failure) 2021-01-22T19:43:31.134-0800: 273.624: [Tenured: 349497K->349472K(349568K), 0.0431104 secs] 506671K->408411K(506816K), [Metaspace: 2698K->2698K(1056768K)], 0.0432360 secs] [Times: user=0.04 sys=0.00, real=0.04 secs] 
2021-01-22T19:43:31.192-0800: 273.683: [Full GC (Allocation Failure) 2021-01-22T19:43:31.192-0800: 273.683: [Tenured: 349472K->349487K(349568K), 0.0462343 secs] 506625K->410879K(506816K), [Metaspace: 2698K->2698K(1056768K)], 0.0463346 secs] [Times: user=0.04 sys=0.00, real=0.04 secs] 
2021-01-22T19:43:31.253-0800: 273.743: [Full GC (Allocation Failure) 2021-01-22T19:43:31.253-0800: 273.743: [Tenured: 349487K->349387K(349568K), 0.0539967 secs] 506643K->395283K(506816K), [Metaspace: 2698K->2698K(1056768K)], 0.0540964 secs] [Times: user=0.05 sys=0.00, real=0.05 secs] 
2021-01-22T19:43:31.327-0800: 273.817: [Full GC (Allocation Failure) 2021-01-22T19:43:31.327-0800: 273.817: [Tenured: 349387K->349554K(349568K), 0.0314261 secs] 506482K->409611K(506816K), [Metaspace: 2698K->2698K(1056768K)], 0.0315262 secs] [Times: user=0.03 sys=0.00, real=0.03 secs] 
2021-01-22T19:43:31.373-0800: 273.863: [Full GC (Allocation Failure) 2021-01-22T19:43:31.373-0800: 273.863: [Tenured: 349554K->349555K(349568K), 0.0428457 secs] 506784K->404006K(506816K), [Metaspace: 2698K->2698K(1056768K)], 0.0429472 secs] [Times: user=0.04 sys=0.00, real=0.04 secs] 
2021-01-22T19:43:31.429-0800: 273.919: [Full GC (Allocation Failure) 2021-01-22T19:43:31.429-0800: 273.919: [Tenured: 349555K->349289K(349568K), 0.0498696 secs] 506489K->407621K(506816K), [Metaspace: 2698K->2698K(1056768K)], 0.0499734 secs] [Times: user=0.04 sys=0.01, real=0.05 secs] 
2021-01-22T19:43:31.493-0800: 273.984: [Full GC (Allocation Failure) 2021-01-22T19:43:31.493-0800: 273.984: [Tenured: 349289K->349073K(349568K), 0.0537021 secs] 506247K->386420K(506816K), [Metaspace: 2698K->2698K(1056768K)], 0.0538481 secs] [Times: user=0.05 sys=0.00, real=0.05 secs] 
2021-01-22T19:43:31.563-0800: 274.054: [Full GC (Allocation Failure) 2021-01-22T19:43:31.563-0800: 274.054: [Tenured: 349073K->349525K(349568K), 0.0321546 secs] 506103K->400319K(506816K), [Metaspace: 2698K->2698K(1056768K)], 0.0322780 secs] [Times: user=0.03 sys=0.00, real=0.03 secs] 
2021-01-22T19:43:31.612-0800: 274.103: [Full GC (Allocation Failure) 2021-01-22T19:43:31.612-0800: 274.103: [Tenured: 349525K->349184K(349568K), 0.0442272 secs] 506521K->404655K(506816K), [Metaspace: 2698K->2698K(1056768K)], 0.0443380 secs] [Times: user=0.05 sys=0.00, real=0.04 secs] 
2021-01-22T19:43:31.669-0800: 274.159: [Full GC (Allocation Failure) 2021-01-22T19:43:31.669-0800: 274.159: [Tenured: 349184K->349360K(349568K), 0.0498091 secs] 506250K->402090K(506816K), [Metaspace: 2698K->2698K(1056768K)], 0.0499049 secs] [Times: user=0.05 sys=0.00, real=0.05 secs] 
2021-01-22T19:43:31.732-0800: 274.223: [Full GC (Allocation Failure) 2021-01-22T19:43:31.732-0800: 274.223: [Tenured: 349432K->349497K(349568K), 0.0567521 secs] 506649K->383405K(506816K), [Metaspace: 2698K->2698K(1056768K)], 0.0568697 secs] [Times: user=0.06 sys=0.00, real=0.05 secs] 
2021-01-22T19:43:31.807-0800: 274.298: [Full GC (Allocation Failure) 2021-01-22T19:43:31.807-0800: 274.298: [Tenured: 349497K->349071K(349568K), 0.0330621 secs] 506460K->404558K(506816K), [Metaspace: 2698K->2698K(1056768K)], 0.0332092 secs] [Times: user=0.04 sys=0.00, real=0.04 secs] 
2021-01-22T19:43:31.856-0800: 274.347: [Full GC (Allocation Failure) 2021-01-22T19:43:31.856-0800: 274.347: [Tenured: 349287K->349560K(349568K), 0.0453843 secs] 506497K->401160K(506816K), [Metaspace: 2698K->2698K(1056768K)], 0.0454842 secs] [Times: user=0.05 sys=0.00, real=0.05 secs] 
2021-01-22T19:43:31.918-0800: 274.408: [Full GC (Allocation Failure) 2021-01-22T19:43:31.918-0800: 274.408: [Tenured: 349560K->349185K(349568K), 0.0507429 secs] 506743K->405185K(506816K), [Metaspace: 2698K->2698K(1056768K)], 0.0508419 secs] [Times: user=0.05 sys=0.00, real=0.05 secs] 
2021-01-22T19:43:31.981-0800: 274.472: [Full GC (Allocation Failure) 2021-01-22T19:43:31.981-0800: 274.472: [Tenured: 349372K->349206K(349568K), 0.0539875 secs] 506539K->387727K(506816K), [Metaspace: 2698K->2698K(1056768K)], 0.0540971 secs] [Times: user=0.05 sys=0.00, real=0.05 secs] 
2021-01-22T19:43:32.054-0800: 274.545: [Full GC (Allocation Failure) 2021-01-22T19:43:32.055-0800: 274.545: [Tenured: 349533K->349241K(349568K), 0.0349238 secs] 506761K->404362K(506816K), [Metaspace: 2698K->2698K(1056768K)], 0.0350263 secs] [Times: user=0.04 sys=0.00, real=0.04 secs] 
2021-01-22T19:43:32.105-0800: 274.596: [Full GC (Allocation Failure) 2021-01-22T19:43:32.105-0800: 274.596: [Tenured: 349241K->349451K(349568K), 0.0427586 secs] 506153K->406432K(506816K), [Metaspace: 2698K->2698K(1056768K)], 0.0428847 secs] [Times: user=0.04 sys=0.00, real=0.04 secs] 
2021-01-22T19:43:32.162-0800: 274.652: [Full GC (Allocation Failure) 2021-01-22T19:43:32.162-0800: 274.653: [Tenured: 349451K->349480K(349568K), 0.0494246 secs] 506665K->402303K(506816K), [Metaspace: 2698K->2698K(1056768K)], 0.0495219 secs] [Times: user=0.05 sys=0.01, real=0.05 secs] 
2021-01-22T19:43:32.227-0800: 274.718: [Full GC (Allocation Failure) 2021-01-22T19:43:32.227-0800: 274.718: [Tenured: 349480K->349482K(349568K), 0.0528671 secs] 506603K->382816K(506816K), [Metaspace: 2698K->2698K(1056768K)], 0.0529864 secs] [Times: user=0.05 sys=0.00, real=0.06 secs] 
2021-01-22T19:43:32.297-0800: 274.787: [Full GC (Allocation Failure) 2021-01-22T19:43:32.297-0800: 274.787: [Tenured: 349482K->349397K(349568K), 0.0379350 secs] 506684K->399528K(506816K), [Metaspace: 2698K->2698K(1056768K)], 0.0380528 secs] [Times: user=0.04 sys=0.00, real=0.04 secs] 
2021-01-22T19:43:32.351-0800: 274.842: [Full GC (Allocation Failure) 2021-01-22T19:43:32.351-0800: 274.842: [Tenured: 349397K->349487K(349568K), 0.0468036 secs] 506588K->401724K(506816K), [Metaspace: 2698K->2698K(1056768K)], 0.0471026 secs] [Times: user=0.05 sys=0.00, real=0.04 secs] 
2021-01-22T19:43:32.413-0800: 274.903: [Full GC (Allocation Failure) 2021-01-22T19:43:32.413-0800: 274.903: [Tenured: 349487K->349378K(349568K), 0.0463364 secs] 506520K->400293K(506816K), [Metaspace: 2698K->2698K(1056768K)], 0.0464610 secs] [Times: user=0.05 sys=0.00, real=0.04 secs] 
2021-01-22T19:43:32.472-0800: 274.962: [Full GC (Allocation Failure) 2021-01-22T19:43:32.472-0800: 274.962: [Tenured: 349560K->349362K(349568K), 0.0597285 secs] 506806K->383351K(506816K), [Metaspace: 2698K->2698K(1056768K)], 0.0598285 secs] [Times: user=0.06 sys=0.00, real=0.06 secs] 
2021-01-22T19:43:32.551-0800: 275.042: [Full GC (Allocation Failure) 2021-01-22T19:43:32.551-0800: 275.042: [Tenured: 349362K->349060K(349568K), 0.0286278 secs] 506031K->401602K(506816K), [Metaspace: 2698K->2698K(1056768K)], 0.0287238 secs] [Times: user=0.02 sys=0.00, real=0.03 secs] 
2021-01-22T19:43:32.594-0800: 275.085: [Full GC (Allocation Failure) 2021-01-22T19:43:32.595-0800: 275.085: [Tenured: 349215K->349557K(349568K), 0.0414833 secs] 506341K->395215K(506816K), [Metaspace: 2698K->2698K(1056768K)], 0.0415912 secs] [Times: user=0.04 sys=0.00, real=0.04 secs] 
2021-01-22T19:43:32.653-0800: 275.144: [Full GC (Allocation Failure) 2021-01-22T19:43:32.653-0800: 275.144: [Tenured: 349557K->349470K(349568K), 0.0454304 secs] 506796K->399101K(506816K), [Metaspace: 2698K->2698K(1056768K)], 0.0455317 secs] [Times: user=0.04 sys=0.00, real=0.04 secs] 
2021-01-22T19:43:32.711-0800: 275.202: [Full GC (Allocation Failure) 2021-01-22T19:43:32.711-0800: 275.202: [Tenured: 349470K->349564K(349568K), 0.0555198 secs] 506129K->380727K(506816K), [Metaspace: 2698K->2698K(1056768K)], 0.0556203 secs] [Times: user=0.06 sys=0.00, real=0.05 secs] 
2021-01-22T19:43:32.786-0800: 275.276: [Full GC (Allocation Failure) 2021-01-22T19:43:32.786-0800: 275.277: [Tenured: 349564K->349539K(349568K), 0.0352899 secs] 506321K->392380K(506816K), [Metaspace: 2698K->2698K(1056768K)], 0.0353871 secs] [Times: user=0.04 sys=0.00, real=0.04 secs] 
2021-01-22T19:43:32.838-0800: 275.329: [Full GC (Allocation Failure) 2021-01-22T19:43:32.838-0800: 275.329: [Tenured: 349558K->349523K(349568K), 0.0407377 secs] 506802K->389115K(506816K), [Metaspace: 2698K->2698K(1056768K)], 0.0408352 secs] [Times: user=0.04 sys=0.00, real=0.04 secs] 
2021-01-22T19:43:32.892-0800: 275.383: [Full GC (Allocation Failure) 2021-01-22T19:43:32.892-0800: 275.383: [Tenured: 349523K->349353K(349568K), 0.0491473 secs] 506438K->391541K(506816K), [Metaspace: 2698K->2698K(1056768K)], 0.0492478 secs] [Times: user=0.05 sys=0.00, real=0.05 secs] 
2021-01-22T19:43:32.958-0800: 275.449: [Full GC (Allocation Failure) 2021-01-22T19:43:32.958-0800: 275.449: [Tenured: 349353K->349382K(349568K), 0.0526553 secs] 506600K->378875K(506816K), [Metaspace: 2698K->2698K(1056768K)], 0.0527799 secs] [Times: user=0.05 sys=0.00, real=0.06 secs] 
2021-01-22T19:43:33.030-0800: 275.521: [Full GC (Allocation Failure) 2021-01-22T19:43:33.030-0800: 275.521: [Tenured: 349382K->349217K(349568K), 0.0298887 secs] 506545K->403375K(506816K), [Metaspace: 2698K->2698K(1056768K)], 0.0300079 secs] [Times: user=0.03 sys=0.00, real=0.03 secs] 
2021-01-22T19:43:33.078-0800: 275.569: [Full GC (Allocation Failure) 2021-01-22T19:43:33.078-0800: 275.569: [Tenured: 349451K->349561K(349568K), 0.0406686 secs] 506689K->405134K(506816K), [Metaspace: 2698K->2698K(1056768K)], 0.0407662 secs] [Times: user=0.04 sys=0.00, real=0.04 secs] 
2021-01-22T19:43:33.135-0800: 275.626: [Full GC (Allocation Failure) 2021-01-22T19:43:33.135-0800: 275.626: [Tenured: 349561K->349098K(349568K), 0.0425999 secs] 506774K->404338K(506816K), [Metaspace: 2698K->2698K(1056768K)], 0.0427061 secs] [Times: user=0.04 sys=0.00, real=0.04 secs] 
2021-01-22T19:43:33.193-0800: 275.684: [Full GC (Allocation Failure) 2021-01-22T19:43:33.193-0800: 275.684: [Tenured: 349098K->349521K(349568K), 0.0601416 secs] 506281K->383887K(506816K), [Metaspace: 2698K->2698K(1056768K)], 0.0602868 secs] [Times: user=0.06 sys=0.00, real=0.06 secs] 
2021-01-22T19:43:33.270-0800: 275.760: [Full GC (Allocation Failure) 2021-01-22T19:43:33.270-0800: 275.760: [Tenured: 349521K->349563K(349568K), 0.0339086 secs] 506742K->406810K(506816K), [Metaspace: 2698K->2698K(1056768K)], 0.0340085 secs] [Times: user=0.04 sys=0.00, real=0.03 secs] 
2021-01-22T19:43:33.321-0800: 275.811: [Full GC (Allocation Failure) 2021-01-22T19:43:33.321-0800: 275.811: [Tenured: 349563K->349455K(349568K), 0.0428635 secs] 506700K->403736K(506816K), [Metaspace: 2698K->2698K(1056768K)], 0.0429666 secs] [Times: user=0.04 sys=0.00, real=0.04 secs] 
2021-01-22T19:43:33.377-0800: 275.868: [Full GC (Allocation Failure) 2021-01-22T19:43:33.377-0800: 275.868: [Tenured: 349562K->349455K(349568K), 0.0499627 secs] 506771K->406727K(506816K), [Metaspace: 2698K->2698K(1056768K)], 0.0500933 secs] [Times: user=0.05 sys=0.00, real=0.05 secs] 
2021-01-22T19:43:33.443-0800: 275.933: [Full GC (Allocation Failure) 2021-01-22T19:43:33.443-0800: 275.933: [Tenured: 349541K->349409K(349568K), 0.0578961 secs] 506774K->395972K(506816K), [Metaspace: 2698K->2698K(1056768K)], 0.0579937 secs] [Times: user=0.06 sys=0.00, real=0.06 secs] 
2021-01-22T19:43:33.514-0800: 276.005: [Full GC (Allocation Failure) 2021-01-22T19:43:33.515-0800: 276.005: [Tenured: 349409K->349084K(349568K), 0.0309509 secs] 506639K->408467K(506816K), [Metaspace: 2698K->2698K(1056768K)], 0.0310577 secs] [Times: user=0.03 sys=0.00, real=0.03 secs] 
2021-01-22T19:43:33.557-0800: 276.048: [Full GC (Allocation Failure) 2021-01-22T19:43:33.557-0800: 276.048: [Tenured: 349436K->349536K(349568K), 0.0451031 secs] 506556K->405880K(506816K), [Metaspace: 2698K->2698K(1056768K)], 0.0451976 secs] [Times: user=0.05 sys=0.00, real=0.05 secs] 
2021-01-22T19:43:33.615-0800: 276.105: [Full GC (Allocation Failure) 2021-01-22T19:43:33.615-0800: 276.105: [Tenured: 349536K->349413K(349568K), 0.0506654 secs] 506783K->409865K(506816K), [Metaspace: 2698K->2698K(1056768K)], 0.0507676 secs] [Times: user=0.05 sys=0.00, real=0.05 secs] 
2021-01-22T19:43:33.678-0800: 276.168: [Full GC (Allocation Failure) 2021-01-22T19:43:33.678-0800: 276.168: [Tenured: 349413K->349213K(349568K), 0.0598873 secs] 506637K->389894K(506816K), [Metaspace: 2698K->2698K(1056768K)], 0.0599885 secs] [Times: user=0.06 sys=0.01, real=0.06 secs] 
2021-01-22T19:43:33.754-0800: 276.244: [Full GC (Allocation Failure) 2021-01-22T19:43:33.754-0800: 276.244: [Tenured: 349412K->349395K(349568K), 0.0321057 secs] 506632K->400989K(506816K), [Metaspace: 2698K->2698K(1056768K)], 0.0322179 secs] [Times: user=0.03 sys=0.00, real=0.03 secs] 
2021-01-22T19:43:33.802-0800: 276.293: [Full GC (Allocation Failure) 2021-01-22T19:43:33.802-0800: 276.293: [Tenured: 349467K->349419K(349568K), 0.0415753 secs] 506673K->399967K(506816K), [Metaspace: 2698K->2698K(1056768K)], 0.0416727 secs] [Times: user=0.04 sys=0.00, real=0.04 secs] 
2021-01-22T19:43:33.856-0800: 276.346: [Full GC (Allocation Failure) 2021-01-22T19:43:33.856-0800: 276.346: [Tenured: 349419K->349543K(349568K), 0.0466728 secs] 506484K->397125K(506816K), [Metaspace: 2698K->2698K(1056768K)], 0.0467726 secs] [Times: user=0.05 sys=0.00, real=0.05 secs] 
2021-01-22T19:43:33.919-0800: 276.410: [Full GC (Allocation Failure) 2021-01-22T19:43:33.919-0800: 276.410: [Tenured: 349543K->349511K(349568K), 0.0528765 secs] 506698K->382000K(506816K), [Metaspace: 2698K->2698K(1056768K)], 0.0530375 secs] [Times: user=0.05 sys=0.00, real=0.06 secs] 
2021-01-22T19:43:33.987-0800: 276.478: [Full GC (Allocation Failure) 2021-01-22T19:43:33.987-0800: 276.478: [Tenured: 349511K->349261K(349568K), 0.0373173 secs] 506444K->402782K(506816K), [Metaspace: 2698K->2698K(1056768K)], 0.0374329 secs] [Times: user=0.04 sys=0.00, real=0.04 secs] 
2021-01-22T19:43:34.037-0800: 276.528: [Full GC (Allocation Failure) 2021-01-22T19:43:34.037-0800: 276.528: [Tenured: 349554K->349407K(349568K), 0.0485125 secs] 506799K->394218K(506816K), [Metaspace: 2698K->2698K(1056768K)], 0.0486323 secs] [Times: user=0.04 sys=0.00, real=0.05 secs] 
2021-01-22T19:43:34.105-0800: 276.596: [Full GC (Allocation Failure) 2021-01-22T19:43:34.105-0800: 276.596: [Tenured: 349561K->349552K(349568K), 0.0469543 secs] 506729K->391796K(506816K), [Metaspace: 2698K->2698K(1056768K)], 0.0470489 secs] [Times: user=0.05 sys=0.00, real=0.05 secs] 
2021-01-22T19:43:34.169-0800: 276.660: [Full GC (Allocation Failure) 2021-01-22T19:43:34.169-0800: 276.660: [Tenured: 349552K->349229K(349568K), 0.0563049 secs] 506524K->376898K(506816K), [Metaspace: 2698K->2698K(1056768K)], 0.0564032 secs] [Times: user=0.06 sys=0.00, real=0.06 secs] 
2021-01-22T19:43:34.242-0800: 276.733: [Full GC (Allocation Failure) 2021-01-22T19:43:34.242-0800: 276.733: [Tenured: 349530K->349457K(349568K), 0.0361931 secs] 506772K->392663K(506816K), [Metaspace: 2698K->2698K(1056768K)], 0.0362923 secs] [Times: user=0.04 sys=0.00, real=0.03 secs] 
2021-01-22T19:43:34.295-0800: 276.785: [Full GC (Allocation Failure) 2021-01-22T19:43:34.295-0800: 276.785: [Tenured: 349457K->349499K(349568K), 0.0403315 secs] 506449K->390118K(506816K), [Metaspace: 2698K->2698K(1056768K)], 0.0404360 secs] [Times: user=0.04 sys=0.00, real=0.04 secs] 
2021-01-22T19:43:34.353-0800: 276.844: [Full GC (Allocation Failure) 2021-01-22T19:43:34.353-0800: 276.844: [Tenured: 349499K->349483K(349568K), 0.0437009 secs] 506585K->387933K(506816K), [Metaspace: 2698K->2698K(1056768K)], 0.0437991 secs] [Times: user=0.04 sys=0.00, real=0.04 secs] 
2021-01-22T19:43:34.410-0800: 276.901: [Full GC (Allocation Failure) 2021-01-22T19:43:34.411-0800: 276.901: [Tenured: 349483K->349332K(349568K), 0.0590928 secs] 506211K->373402K(506816K), [Metaspace: 2698K->2698K(1056768K)], 0.0592079 secs] [Times: user=0.06 sys=0.01, real=0.06 secs] 
2021-01-22T19:43:34.486-0800: 276.977: [Full GC (Allocation Failure) 2021-01-22T19:43:34.486-0800: 276.977: [Tenured: 349332K->349545K(349568K), 0.0316114 secs] 506476K->388140K(506816K), [Metaspace: 2698K->2698K(1056768K)], 0.0317152 secs] [Times: user=0.03 sys=0.00, real=0.03 secs] 
2021-01-22T19:43:34.535-0800: 277.026: [Full GC (Allocation Failure) 2021-01-22T19:43:34.535-0800: 277.026: [Tenured: 349545K->349110K(349568K), 0.0443773 secs] 506783K->390018K(506816K), [Metaspace: 2698K->2698K(1056768K)], 0.0444751 secs] [Times: user=0.05 sys=0.00, real=0.05 secs] 
2021-01-22T19:43:34.594-0800: 277.085: [Full GC (Allocation Failure) 2021-01-22T19:43:34.594-0800: 277.085: [Tenured: 349547K->349435K(349568K), 0.0502460 secs] 506759K->394434K(506816K), [Metaspace: 2698K->2698K(1056768K)], 0.0503419 secs] [Times: user=0.05 sys=0.00, real=0.05 secs] 
2021-01-22T19:43:34.659-0800: 277.150: [Full GC (Allocation Failure) 2021-01-22T19:43:34.659-0800: 277.150: [Tenured: 349435K->349448K(349568K), 0.0563583 secs] 506660K->379557K(506816K), [Metaspace: 2698K->2698K(1056768K)], 0.0564598 secs] [Times: user=0.06 sys=0.00, real=0.06 secs] 
2021-01-22T19:43:34.734-0800: 277.225: [Full GC (Allocation Failure) 2021-01-22T19:43:34.734-0800: 277.225: [Tenured: 349448K->349418K(349568K), 0.0410886 secs] 506429K->396292K(506816K), [Metaspace: 2698K->2698K(1056768K)], 0.0412347 secs] [Times: user=0.04 sys=0.00, real=0.04 secs] 
2021-01-22T19:43:34.789-0800: 277.280: [Full GC (Allocation Failure) 2021-01-22T19:43:34.789-0800: 277.280: [Tenured: 349418K->349249K(349568K), 0.0474686 secs] 506523K->398619K(506816K), [Metaspace: 2698K->2698K(1056768K)], 0.0475807 secs] [Times: user=0.04 sys=0.00, real=0.05 secs] 
2021-01-22T19:43:34.849-0800: 277.340: [Full GC (Allocation Failure) 2021-01-22T19:43:34.849-0800: 277.340: [Tenured: 349249K->349344K(349568K), 0.0514437 secs] 506158K->396488K(506816K), [Metaspace: 2698K->2698K(1056768K)], 0.0515563 secs] [Times: user=0.05 sys=0.00, real=0.06 secs] 
2021-01-22T19:43:34.918-0800: 277.409: [Full GC (Allocation Failure) 2021-01-22T19:43:34.918-0800: 277.409: [Tenured: 349344K->349274K(349568K), 0.0521788 secs] 506507K->373421K(506816K), [Metaspace: 2698K->2698K(1056768K)], 0.0522747 secs] [Times: user=0.05 sys=0.00, real=0.06 secs] 
2021-01-22T19:43:34.989-0800: 277.479: [Full GC (Allocation Failure) 2021-01-22T19:43:34.989-0800: 277.479: [Tenured: 349274K->349189K(349568K), 0.0368350 secs] 506397K->394834K(506816K), [Metaspace: 2698K->2698K(1056768K)], 0.0369602 secs] [Times: user=0.04 sys=0.00, real=0.04 secs] 
2021-01-22T19:43:35.040-0800: 277.531: [Full GC (Allocation Failure) 2021-01-22T19:43:35.040-0800: 277.531: [Tenured: 349477K->349419K(349568K), 0.0458494 secs] 506721K->395933K(506816K), [Metaspace: 2698K->2698K(1056768K)], 0.0459502 secs] [Times: user=0.04 sys=0.00, real=0.04 secs] 
2021-01-22T19:43:35.101-0800: 277.592: [Full GC (Allocation Failure) 2021-01-22T19:43:35.101-0800: 277.592: [Tenured: 349419K->349444K(349568K), 0.0505012 secs] 506398K->395619K(506816K), [Metaspace: 2698K->2698K(1056768K)], 0.0506045 secs] [Times: user=0.05 sys=0.01, real=0.05 secs] 
2021-01-22T19:43:35.168-0800: 277.659: [Full GC (Allocation Failure) 2021-01-22T19:43:35.168-0800: 277.659: [Tenured: 349444K->349186K(349568K), 0.0527377 secs] 506652K->379430K(506816K), [Metaspace: 2698K->2698K(1056768K)], 0.0528370 secs] [Times: user=0.05 sys=0.00, real=0.06 secs] 
2021-01-22T19:43:35.240-0800: 277.731: [Full GC (Allocation Failure) 2021-01-22T19:43:35.240-0800: 277.731: [Tenured: 349186K->349522K(349568K), 0.0397393 secs] 505693K->394104K(506816K), [Metaspace: 2698K->2698K(1056768K)], 0.0399012 secs] [Times: user=0.04 sys=0.00, real=0.04 secs] 
2021-01-22T19:43:35.296-0800: 277.787: [Full GC (Allocation Failure) 2021-01-22T19:43:35.296-0800: 277.787: [Tenured: 349522K->349558K(349568K), 0.0461390 secs] 506563K->396125K(506816K), [Metaspace: 2698K->2698K(1056768K)], 0.0463906 secs] [Times: user=0.05 sys=0.00, real=0.05 secs] 
2021-01-22T19:43:35.359-0800: 277.850: [Full GC (Allocation Failure) 2021-01-22T19:43:35.359-0800: 277.850: [Tenured: 349558K->349420K(349568K), 0.0475894 secs] 506758K->396219K(506816K), [Metaspace: 2698K->2698K(1056768K)], 0.0476906 secs] [Times: user=0.05 sys=0.00, real=0.05 secs] 
2021-01-22T19:43:35.423-0800: 277.914: [Full GC (Allocation Failure) 2021-01-22T19:43:35.423-0800: 277.914: [Tenured: 349492K->348994K(349568K), 0.0545318 secs] 506725K->380192K(506816K), [Metaspace: 2698K->2698K(1056768K)], 0.0546396 secs] [Times: user=0.06 sys=0.00, real=0.05 secs] 
2021-01-22T19:43:35.496-0800: 277.987: [Full GC (Allocation Failure) 2021-01-22T19:43:35.496-0800: 277.987: [Tenured: 348994K->349499K(349568K), 0.0392707 secs] 506123K->399313K(506816K), [Metaspace: 2698K->2698K(1056768K)], 0.0393693 secs] [Times: user=0.04 sys=0.00, real=0.04 secs] 
2021-01-22T19:43:35.549-0800: 278.040: [Full GC (Allocation Failure) 2021-01-22T19:43:35.549-0800: 278.040: [Tenured: 349499K->349486K(349568K), 0.0433195 secs] 506747K->391650K(506816K), [Metaspace: 2698K->2698K(1056768K)], 0.0434375 secs] [Times: user=0.04 sys=0.00, real=0.05 secs] 
2021-01-22T19:43:35.609-0800: 278.100: [Full GC (Allocation Failure) 2021-01-22T19:43:35.609-0800: 278.100: [Tenured: 349486K->349078K(349568K), 0.0461184 secs] 506085K->386520K(506816K), [Metaspace: 2698K->2698K(1056768K)], 0.0462212 secs] [Times: user=0.05 sys=0.00, real=0.05 secs] 
2021-01-22T19:43:35.674-0800: 278.164: [Full GC (Allocation Failure) 2021-01-22T19:43:35.674-0800: 278.164: [Tenured: 349390K->349506K(349568K), 0.0520511 secs] 506374K->367911K(506816K), [Metaspace: 2698K->2698K(1056768K)], 0.0521530 secs] [Times: user=0.05 sys=0.00, real=0.05 secs] 
2021-01-22T19:43:35.751-0800: 278.242: [Full GC (Allocation Failure) 2021-01-22T19:43:35.751-0800: 278.242: [Tenured: 349506K->349512K(349568K), 0.0278841 secs] 506735K->385764K(506816K), [Metaspace: 2698K->2698K(1056768K)], 0.0279925 secs] [Times: user=0.03 sys=0.00, real=0.02 secs] 
2021-01-22T19:43:35.794-0800: 278.285: [Full GC (Allocation Failure) 2021-01-22T19:43:35.794-0800: 278.285: [Tenured: 349512K->349544K(349568K), 0.0489158 secs] 506751K->388141K(506816K), [Metaspace: 2698K->2698K(1056768K)], 0.0490594 secs] [Times: user=0.05 sys=0.01, real=0.05 secs] 
2021-01-22T19:43:35.858-0800: 278.349: [Full GC (Allocation Failure) 2021-01-22T19:43:35.858-0800: 278.349: [Tenured: 349544K->349476K(349568K), 0.0454279 secs] 506786K->388659K(506816K), [Metaspace: 2698K->2698K(1056768K)], 0.0455580 secs] [Times: user=0.05 sys=0.00, real=0.05 secs] 
2021-01-22T19:43:35.921-0800: 278.412: [Full GC (Allocation Failure) 2021-01-22T19:43:35.921-0800: 278.412: [Tenured: 349548K->349310K(349568K), 0.0571249 secs] 506739K->378096K(506816K), [Metaspace: 2698K->2698K(1056768K)], 0.0572244 secs] [Times: user=0.06 sys=0.00, real=0.05 secs] 
2021-01-22T19:43:35.997-0800: 278.488: [Full GC (Allocation Failure) 2021-01-22T19:43:35.997-0800: 278.488: [Tenured: 349562K->349557K(349568K), 0.0341720 secs] 506805K->388994K(506816K), [Metaspace: 2698K->2698K(1056768K)], 0.0342728 secs] [Times: user=0.03 sys=0.00, real=0.04 secs] 
2021-01-22T19:43:36.050-0800: 278.541: [Full GC (Allocation Failure) 2021-01-22T19:43:36.050-0800: 278.541: [Tenured: 349557K->349412K(349568K), 0.0435032 secs] 506753K->389400K(506816K), [Metaspace: 2698K->2698K(1056768K)], 0.0436874 secs] [Times: user=0.04 sys=0.00, real=0.04 secs] 
2021-01-22T19:43:36.108-0800: 278.599: [Full GC (Allocation Failure) 2021-01-22T19:43:36.108-0800: 278.599: [Tenured: 349557K->349552K(349568K), 0.0502530 secs] 506752K->388019K(506816K), [Metaspace: 2698K->2698K(1056768K)], 0.0503669 secs] [Times: user=0.05 sys=0.00, real=0.05 secs] 
2021-01-22T19:43:36.173-0800: 278.664: [Full GC (Allocation Failure) 2021-01-22T19:43:36.173-0800: 278.664: [Tenured: 349552K->349124K(349568K), 0.0557863 secs] 506747K->366953K(506816K), [Metaspace: 2698K->2698K(1056768K)], 0.0559066 secs] [Times: user=0.05 sys=0.00, real=0.05 secs] 
2021-01-22T19:43:36.248-0800: 278.739: [Full GC (Allocation Failure) 2021-01-22T19:43:36.248-0800: 278.739: [Tenured: 349550K->349217K(349568K), 0.0382242 secs] 506794K->388117K(506816K), [Metaspace: 2698K->2698K(1056768K)], 0.0383255 secs] [Times: user=0.04 sys=0.00, real=0.04 secs] 
2021-01-22T19:43:36.304-0800: 278.795: [Full GC (Allocation Failure) 2021-01-22T19:43:36.304-0800: 278.795: [Tenured: 349217K->349417K(349568K), 0.0435290 secs] 505828K->383223K(506816K), [Metaspace: 2698K->2698K(1056768K)], 0.0436418 secs] [Times: user=0.04 sys=0.00, real=0.04 secs] 
2021-01-22T19:43:36.368-0800: 278.858: [Full GC (Allocation Failure) 2021-01-22T19:43:36.368-0800: 278.858: [Tenured: 349489K->349550K(349568K), 0.0454861 secs] 506685K->385026K(506816K), [Metaspace: 2698K->2698K(1056768K)], 0.0455824 secs] [Times: user=0.05 sys=0.00, real=0.05 secs] 
2021-01-22T19:43:36.427-0800: 278.918: [Full GC (Allocation Failure) 2021-01-22T19:43:36.427-0800: 278.918: [Tenured: 349550K->349510K(349568K), 0.0567096 secs] 506716K->376561K(506816K), [Metaspace: 2698K->2698K(1056768K)], 0.0568189 secs] [Times: user=0.05 sys=0.00, real=0.06 secs] 
2021-01-22T19:43:36.504-0800: 278.995: [Full GC (Allocation Failure) 2021-01-22T19:43:36.504-0800: 278.995: [Tenured: 349510K->349525K(349568K), 0.0335205 secs] 506731K->399127K(506816K), [Metaspace: 2698K->2698K(1056768K)], 0.0336199 secs] [Times: user=0.04 sys=0.00, real=0.03 secs] 
2021-01-22T19:43:36.553-0800: 279.044: [Full GC (Allocation Failure) 2021-01-22T19:43:36.553-0800: 279.044: [Tenured: 349559K->349491K(349568K), 0.0475963 secs] 506805K->397169K(506816K), [Metaspace: 2698K->2698K(1056768K)], 0.0476938 secs] [Times: user=0.05 sys=0.01, real=0.05 secs] 
2021-01-22T19:43:36.614-0800: 279.105: [Full GC (Allocation Failure) 2021-01-22T19:43:36.614-0800: 279.105: [Tenured: 349491K->349470K(349568K), 0.0463735 secs] 506460K->391963K(506816K), [Metaspace: 2698K->2698K(1056768K)], 0.0464836 secs] [Times: user=0.04 sys=0.00, real=0.05 secs] 
2021-01-22T19:43:36.677-0800: 279.168: [Full GC (Allocation Failure) 2021-01-22T19:43:36.677-0800: 279.168: [Tenured: 349506K->349482K(349568K), 0.0571502 secs] 506744K->377287K(506816K), [Metaspace: 2698K->2698K(1056768K)], 0.0572482 secs] [Times: user=0.05 sys=0.00, real=0.06 secs] 
2021-01-22T19:43:36.753-0800: 279.244: [Full GC (Allocation Failure) 2021-01-22T19:43:36.753-0800: 279.244: [Tenured: 349482K->349554K(349568K), 0.0373153 secs] 506360K->391593K(506816K), [Metaspace: 2698K->2698K(1056768K)], 0.0374176 secs] [Times: user=0.04 sys=0.00, real=0.04 secs] 
2021-01-22T19:43:36.804-0800: 279.295: [Full GC (Allocation Failure) 2021-01-22T19:43:36.805-0800: 279.295: [Tenured: 349554K->349525K(349568K), 0.0439713 secs] 506785K->400225K(506816K), [Metaspace: 2698K->2698K(1056768K)], 0.0440737 secs] [Times: user=0.04 sys=0.00, real=0.04 secs] 
2021-01-22T19:43:36.862-0800: 279.353: [Full GC (Allocation Failure) 2021-01-22T19:43:36.862-0800: 279.353: [Tenured: 349525K->349311K(349568K), 0.0485622 secs] 506704K->401200K(506816K), [Metaspace: 2698K->2698K(1056768K)], 0.0486770 secs] [Times: user=0.05 sys=0.00, real=0.05 secs] 
2021-01-22T19:43:36.926-0800: 279.417: [Full GC (Allocation Failure) 2021-01-22T19:43:36.926-0800: 279.417: [Tenured: 349311K->349554K(349568K), 0.0560373 secs] 506324K->387220K(506816K), [Metaspace: 2698K->2698K(1056768K)], 0.0561537 secs] [Times: user=0.05 sys=0.00, real=0.06 secs] 
2021-01-22T19:43:37.000-0800: 279.491: [Full GC (Allocation Failure) 2021-01-22T19:43:37.000-0800: 279.491: [Tenured: 349554K->349535K(349568K), 0.0290510 secs] 506676K->407121K(506816K), [Metaspace: 2698K->2698K(1056768K)], 0.0291486 secs] [Times: user=0.03 sys=0.00, real=0.02 secs] 
2021-01-22T19:43:37.045-0800: 279.535: [Full GC (Allocation Failure) 2021-01-22T19:43:37.045-0800: 279.535: [Tenured: 349535K->349497K(349568K), 0.0430980 secs] 506195K->406489K(506816K), [Metaspace: 2698K->2698K(1056768K)], 0.0432118 secs] [Times: user=0.05 sys=0.00, real=0.04 secs] 
2021-01-22T19:43:37.103-0800: 279.593: [Full GC (Allocation Failure) 2021-01-22T19:43:37.103-0800: 279.593: [Tenured: 349497K->349445K(349568K), 0.0507439 secs] 506528K->407954K(506816K), [Metaspace: 2698K->2698K(1056768K)], 0.0508541 secs] [Times: user=0.05 sys=0.00, real=0.05 secs] 
2021-01-22T19:43:37.166-0800: 279.657: [Full GC (Allocation Failure) 2021-01-22T19:43:37.166-0800: 279.657: [Tenured: 349445K->349317K(349568K), 0.0573677 secs] 506568K->393143K(506816K), [Metaspace: 2698K->2698K(1056768K)], 0.0574693 secs] [Times: user=0.06 sys=0.00, real=0.06 secs] 
2021-01-22T19:43:37.236-0800: 279.727: [Full GC (Allocation Failure) 2021-01-22T19:43:37.236-0800: 279.727: [Tenured: 349317K->349485K(349568K), 0.0350925 secs] 506157K->412303K(506816K), [Metaspace: 2698K->2698K(1056768K)], 0.0352036 secs] [Times: user=0.03 sys=0.00, real=0.04 secs] 
2021-01-22T19:43:37.287-0800: 279.778: [Full GC (Allocation Failure) 2021-01-22T19:43:37.287-0800: 279.778: [Tenured: 349557K->349525K(349568K), 0.0427423 secs] 506758K->413336K(506816K), [Metaspace: 2698K->2698K(1056768K)], 0.0428433 secs] [Times: user=0.04 sys=0.01, real=0.05 secs] 
2021-01-22T19:43:37.342-0800: 279.833: [Full GC (Allocation Failure) 2021-01-22T19:43:37.343-0800: 279.833: [Tenured: 349525K->349457K(349568K), 0.0512521 secs] 506717K->412958K(506816K), [Metaspace: 2698K->2698K(1056768K)], 0.0513803 secs] [Times: user=0.05 sys=0.00, real=0.05 secs] 
2021-01-22T19:43:37.410-0800: 279.900: [Full GC (Allocation Failure) 2021-01-22T19:43:37.410-0800: 279.900: [Tenured: 349457K->349474K(349568K), 0.0584427 secs] 506215K->392986K(506816K), [Metaspace: 2698K->2698K(1056768K)], 0.0585483 secs] [Times: user=0.06 sys=0.00, real=0.05 secs] 
2021-01-22T19:43:37.485-0800: 279.976: [Full GC (Allocation Failure) 2021-01-22T19:43:37.485-0800: 279.976: [Tenured: 349474K->349557K(349568K), 0.0282129 secs] 506373K->407923K(506816K), [Metaspace: 2698K->2698K(1056768K)], 0.0284223 secs] [Times: user=0.02 sys=0.00, real=0.03 secs] 
2021-01-22T19:43:37.528-0800: 280.019: [Full GC (Allocation Failure) 2021-01-22T19:43:37.528-0800: 280.019: [Tenured: 349557K->349357K(349568K), 0.0427314 secs] 506712K->406438K(506816K), [Metaspace: 2698K->2698K(1056768K)], 0.0428344 secs] [Times: user=0.04 sys=0.00, real=0.05 secs] 
2021-01-22T19:43:37.586-0800: 280.077: [Full GC (Allocation Failure) 2021-01-22T19:43:37.586-0800: 280.077: [Tenured: 349357K->349417K(349568K), 0.0447395 secs] 506471K->402063K(506816K), [Metaspace: 2698K->2698K(1056768K)], 0.0448384 secs] [Times: user=0.05 sys=0.00, real=0.05 secs] 
2021-01-22T19:43:37.644-0800: 280.135: [Full GC (Allocation Failure) 2021-01-22T19:43:37.644-0800: 280.135: [Tenured: 349417K->349497K(349568K), 0.0607988 secs] 506589K->382421K(506816K), [Metaspace: 2698K->2698K(1056768K)], 0.0609001 secs] [Times: user=0.06 sys=0.00, real=0.06 secs] 
2021-01-22T19:43:37.722-0800: 280.213: [Full GC (Allocation Failure) 2021-01-22T19:43:37.722-0800: 280.213: [Tenured: 349497K->349492K(349568K), 0.0332281 secs] 506071K->403820K(506816K), [Metaspace: 2698K->2698K(1056768K)], 0.0333335 secs] [Times: user=0.03 sys=0.00, real=0.03 secs] 
2021-01-22T19:43:37.771-0800: 280.261: [Full GC (Allocation Failure) 2021-01-22T19:43:37.771-0800: 280.261: [Tenured: 349492K->349244K(349568K), 0.0441286 secs] 506483K->396917K(506816K), [Metaspace: 2698K->2698K(1056768K)], 0.0442363 secs] [Times: user=0.04 sys=0.00, real=0.04 secs] 
2021-01-22T19:43:37.832-0800: 280.322: [Full GC (Allocation Failure) 2021-01-22T19:43:37.832-0800: 280.323: [Tenured: 349482K->349498K(349568K), 0.0459588 secs] 506516K->385647K(506816K), [Metaspace: 2698K->2698K(1056768K)], 0.0461908 secs] [Times: user=0.04 sys=0.00, real=0.04 secs] 
2021-01-22T19:43:37.893-0800: 280.384: [Full GC (Allocation Failure) 2021-01-22T19:43:37.893-0800: 280.384: [Tenured: 349498K->349415K(349568K), 0.0581276 secs] 506289K->365048K(506816K), [Metaspace: 2698K->2698K(1056768K)], 0.0582597 secs] [Times: user=0.05 sys=0.00, real=0.06 secs] 
2021-01-22T19:43:37.969-0800: 280.460: [Full GC (Allocation Failure) 2021-01-22T19:43:37.969-0800: 280.460: [Tenured: 349415K->349493K(349568K), 0.0337698 secs] 506376K->382128K(506816K), [Metaspace: 2698K->2698K(1056768K)], 0.0338711 secs] [Times: user=0.03 sys=0.00, real=0.04 secs] 
2021-01-22T19:43:38.022-0800: 280.513: [Full GC (Allocation Failure) 2021-01-22T19:43:38.022-0800: 280.513: [Tenured: 349493K->349446K(349568K), 0.0459076 secs] 506508K->383937K(506816K), [Metaspace: 2698K->2698K(1056768K)], 0.0460158 secs] [Times: user=0.05 sys=0.00, real=0.04 secs] 
2021-01-22T19:43:38.086-0800: 280.577: [Full GC (Allocation Failure) 2021-01-22T19:43:38.086-0800: 280.577: [Tenured: 349446K->349043K(349568K), 0.0482170 secs] 506475K->380654K(506816K), [Metaspace: 2698K->2698K(1056768K)], 0.0483160 secs] [Times: user=0.05 sys=0.00, real=0.05 secs] 
2021-01-22T19:43:38.150-0800: 280.641: [Full GC (Allocation Failure) 2021-01-22T19:43:38.150-0800: 280.641: [Tenured: 349555K->349077K(349568K), 0.0545483 secs] 506787K->361677K(506816K), [Metaspace: 2698K->2698K(1056768K)], 0.0546485 secs] [Times: user=0.05 sys=0.00, real=0.05 secs] 
2021-01-22T19:43:38.225-0800: 280.716: [Full GC (Allocation Failure) 2021-01-22T19:43:38.225-0800: 280.716: [Tenured: 349153K->349333K(349568K), 0.0321859 secs] 506391K->373998K(506816K), [Metaspace: 2698K->2698K(1056768K)], 0.0323098 secs] [Times: user=0.03 sys=0.00, real=0.03 secs] 
2021-01-22T19:43:38.278-0800: 280.768: [Full GC (Allocation Failure) 2021-01-22T19:43:38.278-0800: 280.768: [Tenured: 349505K->349146K(349568K), 0.0468784 secs] 506752K->374356K(506816K), [Metaspace: 2698K->2698K(1056768K)], 0.0469844 secs] [Times: user=0.04 sys=0.00, real=0.05 secs] 
2021-01-22T19:43:38.341-0800: 280.832: [Full GC (Allocation Failure) 2021-01-22T19:43:38.341-0800: 280.832: [Tenured: 349340K->349489K(349568K), 0.0488228 secs] 506573K->374598K(506816K), [Metaspace: 2698K->2698K(1056768K)], 0.0489695 secs] [Times: user=0.05 sys=0.00, real=0.05 secs] 
2021-01-22T19:43:38.409-0800: 280.900: [Full GC (Allocation Failure) 2021-01-22T19:43:38.409-0800: 280.900: [Tenured: 349489K->349249K(349568K), 0.0521445 secs] 506731K->361259K(506816K), [Metaspace: 2698K->2698K(1056768K)], 0.0522734 secs] [Times: user=0.05 sys=0.00, real=0.06 secs] 
2021-01-22T19:43:38.485-0800: 280.976: [Full GC (Allocation Failure) 2021-01-22T19:43:38.485-0800: 280.976: [Tenured: 349504K->349380K(349568K), 0.0336542 secs] 506750K->379662K(506816K), [Metaspace: 2698K->2698K(1056768K)], 0.0337647 secs] [Times: user=0.03 sys=0.00, real=0.03 secs] 
2021-01-22T19:43:38.533-0800: 281.024: [Full GC (Allocation Failure) 2021-01-22T19:43:38.533-0800: 281.024: [Tenured: 349380K->349533K(349568K), 0.0433183 secs] 506524K->380479K(506816K), [Metaspace: 2698K->2698K(1056768K)], 0.0434934 secs] [Times: user=0.05 sys=0.00, real=0.04 secs] 
2021-01-22T19:43:38.595-0800: 281.086: [Full GC (Allocation Failure) 2021-01-22T19:43:38.595-0800: 281.086: [Tenured: 349533K->349340K(349568K), 0.0452489 secs] 506756K->384054K(506816K), [Metaspace: 2698K->2698K(1056768K)], 0.0453521 secs] [Times: user=0.05 sys=0.00, real=0.05 secs] 
2021-01-22T19:43:38.659-0800: 281.150: [Full GC (Allocation Failure) 2021-01-22T19:43:38.659-0800: 281.150: [Tenured: 349340K->349521K(349568K), 0.0522606 secs] 506434K->367586K(506816K), [Metaspace: 2698K->2698K(1056768K)], 0.0523613 secs] [Times: user=0.05 sys=0.00, real=0.06 secs] 
2021-01-22T19:43:38.735-0800: 281.226: [Full GC (Allocation Failure) 2021-01-22T19:43:38.735-0800: 281.226: [Tenured: 349521K->349436K(349568K), 0.0389215 secs] 506681K->376198K(506816K), [Metaspace: 2698K->2698K(1056768K)], 0.0390219 secs] [Times: user=0.04 sys=0.00, real=0.04 secs] 
2021-01-22T19:43:38.790-0800: 281.281: [Full GC (Allocation Failure) 2021-01-22T19:43:38.790-0800: 281.281: [Tenured: 349436K->349409K(349568K), 0.0478490 secs] 506624K->382890K(506816K), [Metaspace: 2698K->2698K(1056768K)], 0.0479492 secs] [Times: user=0.05 sys=0.00, real=0.04 secs] 
2021-01-22T19:43:38.854-0800: 281.345: [Full GC (Allocation Failure) 2021-01-22T19:43:38.854-0800: 281.345: [Tenured: 349409K->349478K(349568K), 0.0496001 secs] 506364K->383901K(506816K), [Metaspace: 2698K->2698K(1056768K)], 0.0497484 secs] [Times: user=0.05 sys=0.00, real=0.05 secs] 
2021-01-22T19:43:38.921-0800: 281.412: [Full GC (Allocation Failure) 2021-01-22T19:43:38.921-0800: 281.412: [Tenured: 349478K->349242K(349568K), 0.0517289 secs] 506580K->368395K(506816K), [Metaspace: 2698K->2698K(1056768K)], 0.0518311 secs] [Times: user=0.05 sys=0.00, real=0.05 secs] 
2021-01-22T19:43:38.994-0800: 281.484: [Full GC (Allocation Failure) 2021-01-22T19:43:38.994-0800: 281.484: [Tenured: 349242K->349558K(349568K), 0.0356846 secs] 505852K->384739K(506816K), [Metaspace: 2698K->2698K(1056768K)], 0.0357820 secs] [Times: user=0.03 sys=0.00, real=0.03 secs] 
2021-01-22T19:43:39.044-0800: 281.535: [Full GC (Allocation Failure) 2021-01-22T19:43:39.044-0800: 281.535: [Tenured: 349558K->348952K(349568K), 0.0482111 secs] 506803K->390485K(506816K), [Metaspace: 2698K->2698K(1056768K)], 0.0483398 secs] [Times: user=0.04 sys=0.00, real=0.05 secs] 
2021-01-22T19:43:39.109-0800: 281.600: [Full GC (Allocation Failure) 2021-01-22T19:43:39.109-0800: 281.600: [Tenured: 349374K->349428K(349568K), 0.0467503 secs] 506500K->386335K(506816K), [Metaspace: 2698K->2698K(1056768K)], 0.0468657 secs] [Times: user=0.05 sys=0.00, real=0.05 secs] 
2021-01-22T19:43:39.175-0800: 281.665: [Full GC (Allocation Failure) 2021-01-22T19:43:39.175-0800: 281.665: [Tenured: 349428K->349340K(349568K), 0.0506379 secs] 506492K->366458K(506816K), [Metaspace: 2698K->2698K(1056768K)], 0.0507492 secs] [Times: user=0.05 sys=0.00, real=0.05 secs] 
2021-01-22T19:43:39.249-0800: 281.740: [Full GC (Allocation Failure) 2021-01-22T19:43:39.250-0800: 281.740: [Tenured: 349452K->349288K(349568K), 0.0351673 secs] 506598K->384051K(506816K), [Metaspace: 2698K->2698K(1056768K)], 0.0353236 secs] [Times: user=0.03 sys=0.00, real=0.04 secs] 
2021-01-22T19:43:39.303-0800: 281.794: [Full GC (Allocation Failure) 2021-01-22T19:43:39.303-0800: 281.794: [Tenured: 349481K->349291K(349568K), 0.0479946 secs] 506578K->379572K(506816K), [Metaspace: 2698K->2698K(1056768K)], 0.0480944 secs] [Times: user=0.04 sys=0.00, real=0.05 secs] 
2021-01-22T19:43:39.366-0800: 281.857: [Full GC (Allocation Failure) 2021-01-22T19:43:39.366-0800: 281.857: [Tenured: 349543K->349558K(349568K), 0.0481116 secs] 506791K->379500K(506816K), [Metaspace: 2698K->2698K(1056768K)], 0.0482157 secs] [Times: user=0.05 sys=0.01, real=0.05 secs] 
2021-01-22T19:43:39.434-0800: 281.925: [Full GC (Allocation Failure) 2021-01-22T19:43:39.434-0800: 281.925: [Tenured: 349558K->349334K(349568K), 0.0510801 secs] 506408K->364365K(506816K), [Metaspace: 2698K->2698K(1056768K)], 0.0511795 secs] [Times: user=0.05 sys=0.00, real=0.05 secs] 
2021-01-22T19:43:39.504-0800: 281.995: [Full GC (Allocation Failure) 2021-01-22T19:43:39.504-0800: 281.995: [Tenured: 349478K->349194K(349568K), 0.0373919 secs] 506682K->387674K(506816K), [Metaspace: 2698K->2698K(1056768K)], 0.0374928 secs] [Times: user=0.04 sys=0.00, real=0.04 secs] 
2021-01-22T19:43:39.559-0800: 282.050: [Full GC (Allocation Failure) 2021-01-22T19:43:39.559-0800: 282.050: [Tenured: 349482K->349339K(349568K), 0.0437884 secs] 506710K->399962K(506816K), [Metaspace: 2698K->2698K(1056768K)], 0.0438893 secs] [Times: user=0.04 sys=0.00, real=0.05 secs] 
2021-01-22T19:43:39.619-0800: 282.110: [Full GC (Allocation Failure) 2021-01-22T19:43:39.619-0800: 282.110: [Tenured: 349339K->349539K(349568K), 0.0428447 secs] 506255K->398272K(506816K), [Metaspace: 2698K->2698K(1056768K)], 0.0429537 secs] [Times: user=0.05 sys=0.00, real=0.05 secs] 
2021-01-22T19:43:39.678-0800: 282.169: [Full GC (Allocation Failure) 2021-01-22T19:43:39.678-0800: 282.169: [Tenured: 349539K->349497K(349568K), 0.0547763 secs] 506654K->377830K(506816K), [Metaspace: 2698K->2698K(1056768K)], 0.0548951 secs] [Times: user=0.06 sys=0.00, real=0.06 secs] 
2021-01-22T19:43:39.752-0800: 282.243: [Full GC (Allocation Failure) 2021-01-22T19:43:39.752-0800: 282.243: [Tenured: 349497K->349491K(349568K), 0.0318126 secs] 506627K->402658K(506816K), [Metaspace: 2698K->2698K(1056768K)], 0.0319135 secs] [Times: user=0.04 sys=0.00, real=0.03 secs] 
2021-01-22T19:43:39.798-0800: 282.288: [Full GC (Allocation Failure) 2021-01-22T19:43:39.798-0800: 282.289: [Tenured: 349491K->349477K(349568K), 0.0429010 secs] 506523K->398179K(506816K), [Metaspace: 2698K->2698K(1056768K)], 0.0430376 secs] [Times: user=0.04 sys=0.00, real=0.05 secs] 
2021-01-22T19:43:39.854-0800: 282.345: [Full GC (Allocation Failure) 2021-01-22T19:43:39.854-0800: 282.345: [Tenured: 349477K->349304K(349568K), 0.0488420 secs] 506444K->397924K(506816K), [Metaspace: 2698K->2698K(1056768K)], 0.0489434 secs] [Times: user=0.05 sys=0.00, real=0.05 secs] 
2021-01-22T19:43:39.919-0800: 282.410: [Full GC (Allocation Failure) 2021-01-22T19:43:39.919-0800: 282.410: [Tenured: 349533K->349543K(349568K), 0.0524454 secs] 506779K->374796K(506816K), [Metaspace: 2698K->2698K(1056768K)], 0.0525505 secs] [Times: user=0.05 sys=0.00, real=0.06 secs] 
2021-01-22T19:43:39.989-0800: 282.479: [Full GC (Allocation Failure) 2021-01-22T19:43:39.989-0800: 282.479: [Tenured: 349543K->348873K(349568K), 0.0444411 secs] 506770K->390054K(506816K), [Metaspace: 2698K->2698K(1056768K)], 0.0445353 secs] [Times: user=0.04 sys=0.00, real=0.05 secs] 
2021-01-22T19:43:40.053-0800: 282.544: [Full GC (Allocation Failure) 2021-01-22T19:43:40.053-0800: 282.544: [Tenured: 349475K->349542K(349568K), 0.0510121 secs] 506717K->382802K(506816K), [Metaspace: 2698K->2698K(1056768K)], 0.0511053 secs] [Times: user=0.05 sys=0.00, real=0.05 secs] 
2021-01-22T19:43:40.119-0800: 282.610: [Full GC (Allocation Failure) 2021-01-22T19:43:40.119-0800: 282.610: [Tenured: 349542K->349334K(349568K), 0.0498910 secs] 506774K->386021K(506816K), [Metaspace: 2698K->2698K(1056768K)], 0.0500244 secs] [Times: user=0.05 sys=0.00, real=0.05 secs] 
2021-01-22T19:43:40.183-0800: 282.674: [Full GC (Allocation Failure) 2021-01-22T19:43:40.183-0800: 282.674: [Tenured: 349426K->349451K(349568K), 0.0550068 secs] 506614K->371500K(506816K), [Metaspace: 2698K->2698K(1056768K)], 0.0551315 secs] [Times: user=0.05 sys=0.00, real=0.05 secs] 
2021-01-22T19:43:40.260-0800: 282.751: [Full GC (Allocation Failure) 2021-01-22T19:43:40.260-0800: 282.751: [Tenured: 349559K->349406K(349568K), 0.0334668 secs] 506784K->381497K(506816K), [Metaspace: 2698K->2698K(1056768K)], 0.0335695 secs] [Times: user=0.04 sys=0.00, real=0.03 secs] 
2021-01-22T19:43:40.313-0800: 282.804: [Full GC (Allocation Failure) 2021-01-22T19:43:40.313-0800: 282.804: [Tenured: 349550K->349467K(349568K), 0.0412898 secs] 506757K->385481K(506816K), [Metaspace: 2698K->2698K(1056768K)], 0.0413899 secs] [Times: user=0.04 sys=0.00, real=0.04 secs] 
2021-01-22T19:43:40.372-0800: 282.863: [Full GC (Allocation Failure) 2021-01-22T19:43:40.372-0800: 282.863: [Tenured: 349467K->349460K(349568K), 0.0487731 secs] 506578K->379945K(506816K), [Metaspace: 2698K->2698K(1056768K)], 0.0488730 secs] [Times: user=0.05 sys=0.00, real=0.05 secs] 
2021-01-22T19:43:40.437-0800: 282.928: [Full GC (Allocation Failure) 2021-01-22T19:43:40.437-0800: 282.928: [Tenured: 349552K->349380K(349568K), 0.0546457 secs] 506797K->363274K(506816K), [Metaspace: 2698K->2698K(1056768K)], 0.0547607 secs] [Times: user=0.05 sys=0.00, real=0.06 secs] 
2021-01-22T19:43:40.509-0800: 283.000: [Full GC (Allocation Failure) 2021-01-22T19:43:40.509-0800: 283.000: [Tenured: 349380K->349567K(349568K), 0.0411732 secs] 506480K->381198K(506816K), [Metaspace: 2698K->2698K(1056768K)], 0.0412803 secs] [Times: user=0.03 sys=0.00, real=0.05 secs] 
2021-01-22T19:43:40.568-0800: 283.059: [Full GC (Allocation Failure) 2021-01-22T19:43:40.568-0800: 283.059: [Tenured: 349567K->349486K(349568K), 0.0425678 secs] 506796K->380395K(506816K), [Metaspace: 2698K->2698K(1056768K)], 0.0426640 secs] [Times: user=0.04 sys=0.00, real=0.05 secs] 
2021-01-22T19:43:40.628-0800: 283.119: [Full GC (Allocation Failure) 2021-01-22T19:43:40.628-0800: 283.119: [Tenured: 349486K->349491K(349568K), 0.0452204 secs] 506676K->373231K(506816K), [Metaspace: 2698K->2698K(1056768K)], 0.0453933 secs] [Times: user=0.05 sys=0.00, real=0.05 secs] 
2021-01-22T19:43:40.690-0800: 283.180: [Full GC (Allocation Failure) 2021-01-22T19:43:40.690-0800: 283.181: [Tenured: 349491K->349233K(349568K), 0.0540367 secs] 506207K->358382K(506816K), [Metaspace: 2698K->2698K(1056768K)], 0.0541383 secs] [Times: user=0.05 sys=0.00, real=0.05 secs] 
2021-01-22T19:43:40.767-0800: 283.258: [Full GC (Allocation Failure) 2021-01-22T19:43:40.767-0800: 283.258: [Tenured: 349233K->349302K(349568K), 0.0279930 secs] 506225K->380890K(506816K), [Metaspace: 2698K->2698K(1056768K)], 0.0280929 secs] [Times: user=0.02 sys=0.00, real=0.03 secs] 
2021-01-22T19:43:40.813-0800: 283.304: [Full GC (Allocation Failure) 2021-01-22T19:43:40.813-0800: 283.304: [Tenured: 349302K->349528K(349568K), 0.0441773 secs] 506157K->384156K(506816K), [Metaspace: 2698K->2698K(1056768K)], 0.0442789 secs] [Times: user=0.04 sys=0.00, real=0.04 secs] 
2021-01-22T19:43:40.874-0800: 283.365: [Full GC (Allocation Failure) 2021-01-22T19:43:40.874-0800: 283.365: [Tenured: 349528K->349090K(349568K), 0.0452746 secs] 506663K->385801K(506816K), [Metaspace: 2698K->2698K(1056768K)], 0.0453793 secs] [Times: user=0.05 sys=0.00, real=0.05 secs] 
2021-01-22T19:43:40.939-0800: 283.430: [Full GC (Allocation Failure) 2021-01-22T19:43:40.939-0800: 283.430: [Tenured: 349559K->349390K(349568K), 0.0537209 secs] 506801K->361422K(506816K), [Metaspace: 2698K->2698K(1056768K)], 0.0538203 secs] [Times: user=0.06 sys=0.00, real=0.06 secs] 
2021-01-22T19:43:41.010-0800: 283.501: [Full GC (Allocation Failure) 2021-01-22T19:43:41.010-0800: 283.501: [Tenured: 349548K->349462K(349568K), 0.0383901 secs] 506698K->380087K(506816K), [Metaspace: 2698K->2698K(1056768K)], 0.0386515 secs] [Times: user=0.04 sys=0.00, real=0.03 secs] 
2021-01-22T19:43:41.066-0800: 283.557: [Full GC (Allocation Failure) 2021-01-22T19:43:41.066-0800: 283.557: [Tenured: 349462K->349551K(349568K), 0.0444159 secs] 506438K->387219K(506816K), [Metaspace: 2698K->2698K(1056768K)], 0.0445516 secs] [Times: user=0.04 sys=0.00, real=0.05 secs] 
2021-01-22T19:43:41.129-0800: 283.620: [Full GC (Allocation Failure) 2021-01-22T19:43:41.129-0800: 283.620: [Tenured: 349551K->349352K(349568K), 0.0457729 secs] 506694K->386110K(506816K), [Metaspace: 2698K->2698K(1056768K)], 0.0459095 secs] [Times: user=0.04 sys=0.00, real=0.05 secs] 
2021-01-22T19:43:41.193-0800: 283.684: [Full GC (Allocation Failure) 2021-01-22T19:43:41.193-0800: 283.684: [Tenured: 349352K->348856K(349568K), 0.0520950 secs] 506563K->374950K(506816K), [Metaspace: 2698K->2698K(1056768K)], 0.0522183 secs] [Times: user=0.05 sys=0.00, real=0.05 secs] 
2021-01-22T19:43:41.265-0800: 283.756: [Full GC (Allocation Failure) 2021-01-22T19:43:41.266-0800: 283.757: [Tenured: 348856K->348971K(349568K), 0.0368418 secs] 506087K->390474K(506816K), [Metaspace: 2698K->2698K(1056768K)], 0.0370692 secs] [Times: user=0.03 sys=0.00, real=0.04 secs] 
2021-01-22T19:43:41.319-0800: 283.810: [Full GC (Allocation Failure) 2021-01-22T19:43:41.319-0800: 283.810: [Tenured: 349475K->349177K(349568K), 0.0448301 secs] 506710K->392220K(506816K), [Metaspace: 2698K->2698K(1056768K)], 0.0449262 secs] [Times: user=0.04 sys=0.00, real=0.05 secs] 
2021-01-22T19:43:41.378-0800: 283.869: [Full GC (Allocation Failure) 2021-01-22T19:43:41.378-0800: 283.869: [Tenured: 349393K->349537K(349568K), 0.0491849 secs] 506636K->395085K(506816K), [Metaspace: 2698K->2698K(1056768K)], 0.0492972 secs] [Times: user=0.05 sys=0.00, real=0.05 secs] 
2021-01-22T19:43:41.441-0800: 283.932: [Full GC (Allocation Failure) 2021-01-22T19:43:41.441-0800: 283.932: [Tenured: 349537K->349375K(349568K), 0.0587056 secs] 506775K->376674K(506816K), [Metaspace: 2698K->2698K(1056768K)], 0.0588028 secs] [Times: user=0.06 sys=0.01, real=0.06 secs] 
2021-01-22T19:43:41.515-0800: 284.006: [Full GC (Allocation Failure) 2021-01-22T19:43:41.515-0800: 284.006: [Tenured: 349447K->349538K(349568K), 0.0364018 secs] 506631K->391226K(506816K), [Metaspace: 2698K->2698K(1056768K)], 0.0365235 secs] [Times: user=0.04 sys=0.00, real=0.04 secs] 
2021-01-22T19:43:41.569-0800: 284.060: [Full GC (Allocation Failure) 2021-01-22T19:43:41.569-0800: 284.060: [Tenured: 349538K->349462K(349568K), 0.0375465 secs] 506615K->391271K(506816K), [Metaspace: 2698K->2698K(1056768K)], 0.0376482 secs] [Times: user=0.04 sys=0.00, real=0.04 secs] 
2021-01-22T19:43:41.624-0800: 284.115: [Full GC (Allocation Failure) 2021-01-22T19:43:41.624-0800: 284.115: [Tenured: 349462K->349006K(349568K), 0.0487822 secs] 506435K->394909K(506816K), [Metaspace: 2698K->2698K(1056768K)], 0.0489203 secs] [Times: user=0.04 sys=0.00, real=0.05 secs] 
2021-01-22T19:43:41.687-0800: 284.178: [Full GC (Allocation Failure) 2021-01-22T19:43:41.687-0800: 284.178: [Tenured: 349243K->349558K(349568K), 0.0567124 secs] 506294K->379598K(506816K), [Metaspace: 2698K->2698K(1056768K)], 0.0568318 secs] [Times: user=0.05 sys=0.00, real=0.06 secs] 
2021-01-22T19:43:41.763-0800: 284.254: [Full GC (Allocation Failure) 2021-01-22T19:43:41.763-0800: 284.254: [Tenured: 349558K->349436K(349568K), 0.0305747 secs] 506752K->398934K(506816K), [Metaspace: 2698K->2698K(1056768K)], 0.0306721 secs] [Times: user=0.03 sys=0.00, real=0.03 secs] 
2021-01-22T19:43:41.810-0800: 284.301: [Full GC (Allocation Failure) 2021-01-22T19:43:41.810-0800: 284.301: [Tenured: 349436K->349536K(349568K), 0.0464991 secs] 506037K->400268K(506816K), [Metaspace: 2698K->2698K(1056768K)], 0.0465972 secs] [Times: user=0.05 sys=0.00, real=0.04 secs] 
2021-01-22T19:43:41.873-0800: 284.364: [Full GC (Allocation Failure) 2021-01-22T19:43:41.873-0800: 284.364: [Tenured: 349536K->349444K(349568K), 0.0463856 secs] 506782K->404161K(506816K), [Metaspace: 2698K->2698K(1056768K)], 0.0464906 secs] [Times: user=0.05 sys=0.00, real=0.04 secs] 
2021-01-22T19:43:41.935-0800: 284.426: [Full GC (Allocation Failure) 2021-01-22T19:43:41.935-0800: 284.426: [Tenured: 349444K->349451K(349568K), 0.0529134 secs] 506333K->379470K(506816K), [Metaspace: 2698K->2698K(1056768K)], 0.0530120 secs] [Times: user=0.05 sys=0.00, real=0.05 secs] 
2021-01-22T19:43:42.007-0800: 284.498: [Full GC (Allocation Failure) 2021-01-22T19:43:42.007-0800: 284.498: [Tenured: 349531K->349417K(349568K), 0.0335145 secs] 506730K->391826K(506816K), [Metaspace: 2698K->2698K(1056768K)], 0.0336162 secs] [Times: user=0.03 sys=0.00, real=0.04 secs] 
2021-01-22T19:43:42.057-0800: 284.548: [Full GC (Allocation Failure) 2021-01-22T19:43:42.057-0800: 284.548: [Tenured: 349417K->349483K(349568K), 0.0448516 secs] 506568K->397853K(506816K), [Metaspace: 2698K->2698K(1056768K)], 0.0449763 secs] [Times: user=0.04 sys=0.00, real=0.05 secs] 
2021-01-22T19:43:42.119-0800: 284.610: [Full GC (Allocation Failure) 2021-01-22T19:43:42.119-0800: 284.610: [Tenured: 349536K->349504K(349568K), 0.0411826 secs] 506742K->387730K(506816K), [Metaspace: 2698K->2698K(1056768K)], 0.0413078 secs] [Times: user=0.04 sys=0.00, real=0.05 secs] 
2021-01-22T19:43:42.178-0800: 284.669: [Full GC (Allocation Failure) 2021-01-22T19:43:42.178-0800: 284.669: [Tenured: 349504K->349099K(349568K), 0.0582402 secs] 506612K->371011K(506816K), [Metaspace: 2698K->2698K(1056768K)], 0.0583364 secs] [Times: user=0.06 sys=0.01, real=0.06 secs] 
2021-01-22T19:43:42.252-0800: 284.744: [Full GC (Allocation Failure) 2021-01-22T19:43:42.253-0800: 284.744: [Tenured: 349348K->349291K(349568K), 0.0360249 secs] 506553K->385940K(506816K), [Metaspace: 2698K->2698K(1056768K)], 0.0361291 secs] [Times: user=0.03 sys=0.00, real=0.03 secs] 
2021-01-22T19:43:42.306-0800: 284.797: [Full GC (Allocation Failure) 2021-01-22T19:43:42.306-0800: 284.797: [Tenured: 349291K->348911K(349568K), 0.0438072 secs] 506303K->393119K(506816K), [Metaspace: 2698K->2698K(1056768K)], 0.0439120 secs] [Times: user=0.04 sys=0.00, real=0.04 secs] 
2021-01-22T19:43:42.367-0800: 284.858: [Full GC (Allocation Failure) 2021-01-22T19:43:42.367-0800: 284.858: [Tenured: 349468K->349450K(349568K), 0.0503633 secs] 506690K->389836K(506816K), [Metaspace: 2698K->2698K(1056768K)], 0.0504655 secs] [Times: user=0.05 sys=0.00, real=0.05 secs] 
2021-01-22T19:43:42.432-0800: 284.923: [Full GC (Allocation Failure) 2021-01-22T19:43:42.432-0800: 284.923: [Tenured: 349450K->349367K(349568K), 0.0550465 secs] 506156K->373879K(506816K), [Metaspace: 2698K->2698K(1056768K)], 0.0551463 secs] [Times: user=0.05 sys=0.00, real=0.05 secs] 
2021-01-22T19:43:42.503-0800: 284.994: [Full GC (Allocation Failure) 2021-01-22T19:43:42.503-0800: 284.994: [Tenured: 349367K->349494K(349568K), 0.0308562 secs] 506119K->400582K(506816K), [Metaspace: 2698K->2698K(1056768K)], 0.0309768 secs] [Times: user=0.03 sys=0.00, real=0.03 secs] 
2021-01-22T19:43:42.550-0800: 285.042: [Full GC (Allocation Failure) 2021-01-22T19:43:42.551-0800: 285.042: [Tenured: 349494K->349416K(349568K), 0.0435229 secs] 506686K->399464K(506816K), [Metaspace: 2698K->2698K(1056768K)], 0.0436202 secs] [Times: user=0.04 sys=0.00, real=0.04 secs] 
2021-01-22T19:43:42.607-0800: 285.098: [Full GC (Allocation Failure) 2021-01-22T19:43:42.607-0800: 285.098: [Tenured: 349542K->349389K(349568K), 0.0488996 secs] 506784K->398181K(506816K), [Metaspace: 2698K->2698K(1056768K)], 0.0490051 secs] [Times: user=0.05 sys=0.00, real=0.05 secs] 
2021-01-22T19:43:42.670-0800: 285.161: [Full GC (Allocation Failure) 2021-01-22T19:43:42.670-0800: 285.161: [Tenured: 349389K->349153K(349568K), 0.0587465 secs] 506579K->378703K(506816K), [Metaspace: 2698K->2698K(1056768K)], 0.0588449 secs] [Times: user=0.06 sys=0.00, real=0.05 secs] 
2021-01-22T19:43:42.746-0800: 285.237: [Full GC (Allocation Failure) 2021-01-22T19:43:42.746-0800: 285.237: [Tenured: 349153K->349475K(349568K), 0.0382475 secs] 505759K->401398K(506816K), [Metaspace: 2698K->2698K(1056768K)], 0.0383449 secs] [Times: user=0.03 sys=0.00, real=0.04 secs] 
2021-01-22T19:43:42.796-0800: 285.288: [Full GC (Allocation Failure) 2021-01-22T19:43:42.797-0800: 285.288: [Tenured: 349475K->349332K(349568K), 0.0437132 secs] 506616K->400587K(506816K), [Metaspace: 2698K->2698K(1056768K)], 0.0438135 secs] [Times: user=0.05 sys=0.00, real=0.05 secs] 
2021-01-22T19:43:42.856-0800: 285.347: [Full GC (Allocation Failure) 2021-01-22T19:43:42.856-0800: 285.348: [Tenured: 349567K->349521K(349568K), 0.0476471 secs] 506805K->393906K(506816K), [Metaspace: 2698K->2698K(1056768K)], 0.0477685 secs] [Times: user=0.05 sys=0.00, real=0.05 secs] 
2021-01-22T19:43:42.921-0800: 285.412: [Full GC (Allocation Failure) 2021-01-22T19:43:42.921-0800: 285.412: [Tenured: 349521K->349538K(349568K), 0.0521267 secs] 506718K->375913K(506816K), [Metaspace: 2698K->2698K(1056768K)], 0.0522322 secs] [Times: user=0.05 sys=0.01, real=0.05 secs] 
2021-01-22T19:43:42.995-0800: 285.486: [Full GC (Allocation Failure) 2021-01-22T19:43:42.995-0800: 285.486: [Tenured: 349538K->349359K(349568K), 0.0317886 secs] 506521K->397295K(506816K), [Metaspace: 2698K->2698K(1056768K)], 0.0318908 secs] [Times: user=0.03 sys=0.00, real=0.03 secs] 
2021-01-22T19:43:43.040-0800: 285.531: [Full GC (Allocation Failure) 2021-01-22T19:43:43.040-0800: 285.531: [Tenured: 349359K->349558K(349568K), 0.0469079 secs] 506359K->399386K(506816K), [Metaspace: 2698K->2698K(1056768K)], 0.0470105 secs] [Times: user=0.05 sys=0.00, real=0.04 secs] 
2021-01-22T19:43:43.106-0800: 285.597: [Full GC (Allocation Failure) 2021-01-22T19:43:43.106-0800: 285.597: [Tenured: 349558K->349499K(349568K), 0.0491851 secs] 506476K->397033K(506816K), [Metaspace: 2698K->2698K(1056768K)], 0.0493512 secs] [Times: user=0.05 sys=0.00, real=0.05 secs] 
2021-01-22T19:43:43.169-0800: 285.660: [Full GC (Allocation Failure) 2021-01-22T19:43:43.169-0800: 285.660: [Tenured: 349499K->349500K(349568K), 0.0574338 secs] 506636K->383000K(506816K), [Metaspace: 2698K->2698K(1056768K)], 0.0575316 secs] [Times: user=0.06 sys=0.00, real=0.06 secs] 
2021-01-22T19:43:43.241-0800: 285.732: [Full GC (Allocation Failure) 2021-01-22T19:43:43.241-0800: 285.732: [Tenured: 349500K->348939K(349568K), 0.0362393 secs] 506737K->404254K(506816K), [Metaspace: 2698K->2698K(1056768K)], 0.0363518 secs] [Times: user=0.04 sys=0.00, real=0.03 secs] 
2021-01-22T19:43:43.293-0800: 285.784: [Full GC (Allocation Failure) 2021-01-22T19:43:43.293-0800: 285.784: [Tenured: 349526K->349567K(349568K), 0.0470640 secs] 506757K->403456K(506816K), [Metaspace: 2698K->2698K(1056768K)], 0.0471794 secs] [Times: user=0.05 sys=0.00, real=0.05 secs] 
2021-01-22T19:43:43.355-0800: 285.847: [Full GC (Allocation Failure) 2021-01-22T19:43:43.356-0800: 285.847: [Tenured: 349567K->349523K(349568K), 0.0518735 secs] 506809K->403578K(506816K), [Metaspace: 2698K->2698K(1056768K)], 0.0519926 secs] [Times: user=0.04 sys=0.00, real=0.05 secs] 
2021-01-22T19:43:43.426-0800: 285.917: [Full GC (Allocation Failure) 2021-01-22T19:43:43.426-0800: 285.917: [Tenured: 349523K->349452K(349568K), 0.0586876 secs] 506739K->384879K(506816K), [Metaspace: 2698K->2698K(1056768K)], 0.0588428 secs] [Times: user=0.06 sys=0.00, real=0.06 secs] 
2021-01-22T19:43:43.503-0800: 285.994: [Full GC (Allocation Failure) 2021-01-22T19:43:43.503-0800: 285.994: [Tenured: 349452K->349227K(349568K), 0.0360338 secs] 506681K->403191K(506816K), [Metaspace: 2698K->2698K(1056768K)], 0.0361474 secs] [Times: user=0.04 sys=0.00, real=0.03 secs] 
2021-01-22T19:43:43.555-0800: 286.046: [Full GC (Allocation Failure) 2021-01-22T19:43:43.555-0800: 286.046: [Tenured: 349447K->349427K(349568K), 0.0412259 secs] 506627K->405624K(506816K), [Metaspace: 2698K->2698K(1056768K)], 0.0413296 secs] [Times: user=0.04 sys=0.00, real=0.04 secs] 
2021-01-22T19:43:43.609-0800: 286.101: [Full GC (Allocation Failure) 2021-01-22T19:43:43.609-0800: 286.101: [Tenured: 349535K->349184K(349568K), 0.0484522 secs] 506780K->408093K(506816K), [Metaspace: 2698K->2698K(1056768K)], 0.0485567 secs] [Times: user=0.04 sys=0.00, real=0.05 secs] 
2021-01-22T19:43:43.670-0800: 286.161: [Full GC (Allocation Failure) 2021-01-22T19:43:43.670-0800: 286.161: [Tenured: 349488K->349531K(349568K), 0.0571197 secs] 506736K->387014K(506816K), [Metaspace: 2698K->2698K(1056768K)], 0.0572382 secs] [Times: user=0.05 sys=0.00, real=0.05 secs] 
2021-01-22T19:43:43.742-0800: 286.233: [Full GC (Allocation Failure) 2021-01-22T19:43:43.742-0800: 286.233: [Tenured: 349531K->349304K(349568K), 0.0416451 secs] 506751K->402316K(506816K), [Metaspace: 2698K->2698K(1056768K)], 0.0418206 secs] [Times: user=0.04 sys=0.00, real=0.04 secs] 
2021-01-22T19:43:43.796-0800: 286.287: [Full GC (Allocation Failure) 2021-01-22T19:43:43.796-0800: 286.287: [Tenured: 349304K->349544K(349568K), 0.0472108 secs] 506505K->403960K(506816K), [Metaspace: 2698K->2698K(1056768K)], 0.0473074 secs] [Times: user=0.04 sys=0.00, real=0.05 secs] 
2021-01-22T19:43:43.856-0800: 286.347: [Full GC (Allocation Failure) 2021-01-22T19:43:43.856-0800: 286.347: [Tenured: 349544K->349526K(349568K), 0.0495386 secs] 506751K->401719K(506816K), [Metaspace: 2698K->2698K(1056768K)], 0.0496383 secs] [Times: user=0.05 sys=0.00, real=0.05 secs] 
2021-01-22T19:43:43.922-0800: 286.413: [Full GC (Allocation Failure) 2021-01-22T19:43:43.922-0800: 286.413: [Tenured: 349526K->349249K(349568K), 0.0528881 secs] 506743K->385404K(506816K), [Metaspace: 2698K->2698K(1056768K)], 0.0530328 secs] [Times: user=0.05 sys=0.00, real=0.05 secs] 
2021-01-22T19:43:43.990-0800: 286.481: [Full GC (Allocation Failure) 2021-01-22T19:43:43.990-0800: 286.481: [Tenured: 349410K->349545K(349568K), 0.0365897 secs] 506611K->401661K(506816K), [Metaspace: 2698K->2698K(1056768K)], 0.0366906 secs] [Times: user=0.03 sys=0.00, real=0.03 secs] 
2021-01-22T19:43:44.039-0800: 286.531: [Full GC (Allocation Failure) 2021-01-22T19:43:44.039-0800: 286.531: [Tenured: 349545K->349546K(349568K), 0.0462436 secs] 506409K->399075K(506816K), [Metaspace: 2698K->2698K(1056768K)], 0.0463540 secs] [Times: user=0.05 sys=0.00, real=0.05 secs] 
2021-01-22T19:43:44.102-0800: 286.593: [Full GC (Allocation Failure) 2021-01-22T19:43:44.102-0800: 286.593: [Tenured: 349546K->349557K(349568K), 0.0457139 secs] 506703K->401767K(506816K), [Metaspace: 2698K->2698K(1056768K)], 0.0459777 secs] [Times: user=0.04 sys=0.00, real=0.04 secs] 
2021-01-22T19:43:44.163-0800: 286.654: [Full GC (Allocation Failure) 2021-01-22T19:43:44.163-0800: 286.654: [Tenured: 349557K->348938K(349568K), 0.0569724 secs] 506804K->386259K(506816K), [Metaspace: 2698K->2698K(1056768K)], 0.0571155 secs] [Times: user=0.06 sys=0.00, real=0.06 secs] 
2021-01-22T19:43:44.239-0800: 286.730: [Full GC (Allocation Failure) 2021-01-22T19:43:44.239-0800: 286.730: [Tenured: 349503K->349104K(349568K), 0.0311536 secs] 506734K->401427K(506816K), [Metaspace: 2698K->2698K(1056768K)], 0.0312528 secs] [Times: user=0.02 sys=0.01, real=0.04 secs] 
2021-01-22T19:43:44.287-0800: 286.778: [Full GC (Allocation Failure) 2021-01-22T19:43:44.287-0800: 286.778: [Tenured: 349519K->349261K(349568K), 0.0430766 secs] 506760K->400082K(506816K), [Metaspace: 2698K->2698K(1056768K)], 0.0431757 secs] [Times: user=0.04 sys=0.00, real=0.05 secs] 
2021-01-22T19:43:44.343-0800: 286.834: [Full GC (Allocation Failure) 2021-01-22T19:43:44.343-0800: 286.834: [Tenured: 349477K->349515K(349568K), 0.0492228 secs] 506724K->405601K(506816K), [Metaspace: 2698K->2698K(1056768K)], 0.0493223 secs] [Times: user=0.05 sys=0.00, real=0.05 secs] 
2021-01-22T19:43:44.405-0800: 286.896: [Full GC (Allocation Failure) 2021-01-22T19:43:44.405-0800: 286.896: [Tenured: 349515K->349291K(349568K), 0.0582221 secs] 506729K->383714K(506816K), [Metaspace: 2698K->2698K(1056768K)], 0.0583211 secs] [Times: user=0.06 sys=0.00, real=0.06 secs] 
2021-01-22T19:43:44.481-0800: 286.972: [Full GC (Allocation Failure) 2021-01-22T19:43:44.481-0800: 286.972: [Tenured: 349291K->349405K(349568K), 0.0289222 secs] 506463K->400915K(506816K), [Metaspace: 2698K->2698K(1056768K)], 0.0290386 secs] [Times: user=0.02 sys=0.00, real=0.03 secs] 
2021-01-22T19:43:44.527-0800: 287.018: [Full GC (Allocation Failure) 2021-01-22T19:43:44.527-0800: 287.018: [Tenured: 349495K->349218K(349568K), 0.0475994 secs] 506699K->400501K(506816K), [Metaspace: 2698K->2698K(1056768K)], 0.0477276 secs] [Times: user=0.05 sys=0.00, real=0.05 secs] 
2021-01-22T19:43:44.591-0800: 287.082: [Full GC (Allocation Failure) 2021-01-22T19:43:44.591-0800: 287.082: [Tenured: 349506K->349407K(349568K), 0.0489911 secs] 506594K->398465K(506816K), [Metaspace: 2698K->2698K(1056768K)], 0.0490913 secs] [Times: user=0.05 sys=0.00, real=0.05 secs] 
2021-01-22T19:43:44.657-0800: 287.148: [Full GC (Allocation Failure) 2021-01-22T19:43:44.657-0800: 287.148: [Tenured: 349505K->349362K(349568K), 0.0548351 secs] 506721K->387577K(506816K), [Metaspace: 2698K->2698K(1056768K)], 0.0549370 secs] [Times: user=0.06 sys=0.00, real=0.06 secs] 
2021-01-22T19:43:44.734-0800: 287.225: [Full GC (Allocation Failure) 2021-01-22T19:43:44.734-0800: 287.225: [Tenured: 349362K->349244K(349568K), 0.0309562 secs] 506471K->402302K(506816K), [Metaspace: 2698K->2698K(1056768K)], 0.0310541 secs] [Times: user=0.03 sys=0.00, real=0.03 secs] 
2021-01-22T19:43:44.778-0800: 287.269: [Full GC (Allocation Failure) 2021-01-22T19:43:44.778-0800: 287.269: [Tenured: 349244K->349243K(349568K), 0.0471762 secs] 506066K->395308K(506816K), [Metaspace: 2698K->2698K(1056768K)], 0.0472991 secs] [Times: user=0.04 sys=0.00, real=0.05 secs] 
2021-01-22T19:43:44.843-0800: 287.334: [Full GC (Allocation Failure) 2021-01-22T19:43:44.843-0800: 287.334: [Tenured: 349495K->349534K(349568K), 0.0457628 secs] 506715K->393282K(506816K), [Metaspace: 2698K->2698K(1056768K)], 0.0459195 secs] [Times: user=0.05 sys=0.00, real=0.04 secs] 
2021-01-22T19:43:44.906-0800: 287.397: [Full GC (Allocation Failure) 2021-01-22T19:43:44.906-0800: 287.397: [Tenured: 349534K->349485K(349568K), 0.0561381 secs] 506609K->373614K(506816K), [Metaspace: 2698K->2698K(1056768K)], 0.0562417 secs] [Times: user=0.06 sys=0.01, real=0.06 secs] 
2021-01-22T19:43:44.979-0800: 287.470: [Full GC (Allocation Failure) 2021-01-22T19:43:44.979-0800: 287.470: [Tenured: 349485K->349500K(349568K), 0.0329352 secs] 506307K->386577K(506816K), [Metaspace: 2698K->2698K(1056768K)], 0.0333212 secs] [Times: user=0.03 sys=0.00, real=0.04 secs] 
2021-01-22T19:43:45.029-0800: 287.520: [Full GC (Allocation Failure) 2021-01-22T19:43:45.029-0800: 287.520: [Tenured: 349500K->349544K(349568K), 0.0465732 secs] 506742K->388229K(506816K), [Metaspace: 2698K->2698K(1056768K)], 0.0466768 secs] [Times: user=0.04 sys=0.00, real=0.05 secs] 
2021-01-22T19:43:45.094-0800: 287.585: [Full GC (Allocation Failure) 2021-01-22T19:43:45.094-0800: 287.585: [Tenured: 349544K->349467K(349568K), 0.0449381 secs] 506660K->392721K(506816K), [Metaspace: 2698K->2698K(1056768K)], 0.0450397 secs] [Times: user=0.04 sys=0.00, real=0.04 secs] 
2021-01-22T19:43:45.156-0800: 287.647: [Full GC (Allocation Failure) 2021-01-22T19:43:45.156-0800: 287.647: [Tenured: 349467K->349521K(349568K), 0.0556375 secs] 506580K->370572K(506816K), [Metaspace: 2698K->2698K(1056768K)], 0.0557331 secs] [Times: user=0.05 sys=0.00, real=0.06 secs] 
2021-01-22T19:43:45.229-0800: 287.720: [Full GC (Allocation Failure) 2021-01-22T19:43:45.229-0800: 287.721: [Tenured: 349521K->349482K(349568K), 0.0373759 secs] 506767K->389010K(506816K), [Metaspace: 2698K->2698K(1056768K)], 0.0376623 secs] [Times: user=0.04 sys=0.00, real=0.04 secs] 
2021-01-22T19:43:45.281-0800: 287.772: [Full GC (Allocation Failure) 2021-01-22T19:43:45.281-0800: 287.772: [Tenured: 349482K->349292K(349568K), 0.0461875 secs] 506724K->385541K(506816K), [Metaspace: 2698K->2698K(1056768K)], 0.0462934 secs] [Times: user=0.04 sys=0.00, real=0.04 secs] 
2021-01-22T19:43:45.343-0800: 287.834: [Full GC (Allocation Failure) 2021-01-22T19:43:45.343-0800: 287.835: [Tenured: 349559K->349009K(349568K), 0.0483520 secs] 506794K->387505K(506816K), [Metaspace: 2698K->2698K(1056768K)], 0.0484524 secs] [Times: user=0.05 sys=0.00, real=0.05 secs] 
2021-01-22T19:43:45.407-0800: 287.898: [Full GC (Allocation Failure) 2021-01-22T19:43:45.407-0800: 287.898: [Tenured: 349334K->349406K(349568K), 0.0548476 secs] 506574K->368496K(506816K), [Metaspace: 2698K->2698K(1056768K)], 0.0549496 secs] [Times: user=0.05 sys=0.00, real=0.06 secs] 
2021-01-22T19:43:45.480-0800: 287.972: [Full GC (Allocation Failure) 2021-01-22T19:43:45.481-0800: 287.972: [Tenured: 349406K->349566K(349568K), 0.0354994 secs] 506479K->380326K(506816K), [Metaspace: 2698K->2698K(1056768K)], 0.0358337 secs] [Times: user=0.04 sys=0.00, real=0.03 secs] 
2021-01-22T19:43:45.534-0800: 288.025: [Full GC (Allocation Failure) 2021-01-22T19:43:45.534-0800: 288.025: [Tenured: 349566K->349545K(349568K), 0.0385190 secs] 506793K->391876K(506816K), [Metaspace: 2698K->2698K(1056768K)], 0.0386249 secs] [Times: user=0.04 sys=0.00, real=0.04 secs] 
2021-01-22T19:43:45.589-0800: 288.081: [Full GC (Allocation Failure) 2021-01-22T19:43:45.590-0800: 288.081: [Tenured: 349545K->349491K(349568K), 0.0486431 secs] 506666K->395257K(506816K), [Metaspace: 2698K->2698K(1056768K)], 0.0487430 secs] [Times: user=0.04 sys=0.01, real=0.05 secs] 
2021-01-22T19:43:45.652-0800: 288.144: [Full GC (Allocation Failure) 2021-01-22T19:43:45.653-0800: 288.144: [Tenured: 349491K->349377K(349568K), 0.0562620 secs] 506487K->376651K(506816K), [Metaspace: 2698K->2698K(1056768K)], 0.0563936 secs] [Times: user=0.05 sys=0.00, real=0.05 secs] 
2021-01-22T19:43:45.728-0800: 288.219: [Full GC (Allocation Failure) 2021-01-22T19:43:45.728-0800: 288.219: [Tenured: 349377K->349428K(349568K), 0.0275064 secs] 506524K->392723K(506816K), [Metaspace: 2698K->2698K(1056768K)], 0.0276191 secs] [Times: user=0.03 sys=0.00, real=0.03 secs] 
2021-01-22T19:43:45.772-0800: 288.264: [Full GC (Allocation Failure) 2021-01-22T19:43:45.773-0800: 288.264: [Tenured: 349428K->349332K(349568K), 0.0458747 secs] 506626K->391811K(506816K), [Metaspace: 2698K->2698K(1056768K)], 0.0459845 secs] [Times: user=0.04 sys=0.00, real=0.04 secs] 
2021-01-22T19:43:45.833-0800: 288.324: [Full GC (Allocation Failure) 2021-01-22T19:43:45.833-0800: 288.325: [Tenured: 349332K->349424K(349568K), 0.0484211 secs] 506540K->396877K(506816K), [Metaspace: 2698K->2698K(1056768K)], 0.0485225 secs] [Times: user=0.05 sys=0.00, real=0.05 secs] 
2021-01-22T19:43:45.896-0800: 288.387: [Full GC (Allocation Failure) 2021-01-22T19:43:45.896-0800: 288.387: [Tenured: 349424K->349353K(349568K), 0.0568966 secs] 506221K->380283K(506816K), [Metaspace: 2698K->2698K(1056768K)], 0.0569965 secs] [Times: user=0.05 sys=0.00, real=0.06 secs] 
2021-01-22T19:43:45.971-0800: 288.462: [Full GC (Allocation Failure) 2021-01-22T19:43:45.971-0800: 288.462: [Tenured: 349425K->349044K(349568K), 0.0360448 secs] 506654K->394876K(506816K), [Metaspace: 2698K->2698K(1056768K)], 0.0361457 secs] [Times: user=0.04 sys=0.00, real=0.03 secs] 
2021-01-22T19:43:46.021-0800: 288.513: [Full GC (Allocation Failure) 2021-01-22T19:43:46.021-0800: 288.513: [Tenured: 349448K->349533K(349568K), 0.0476139 secs] 506676K->395078K(506816K), [Metaspace: 2698K->2698K(1056768K)], 0.0477102 secs] [Times: user=0.04 sys=0.00, real=0.04 secs] 
2021-01-22T19:43:46.082-0800: 288.574: [Full GC (Allocation Failure) 2021-01-22T19:43:46.083-0800: 288.574: [Tenured: 349533K->349412K(349568K), 0.0560707 secs] 506694K->400250K(506816K), [Metaspace: 2698K->2698K(1056768K)], 0.0561693 secs] [Times: user=0.04 sys=0.00, real=0.05 secs] 
2021-01-22T19:43:46.153-0800: 288.644: [Full GC (Allocation Failure) 2021-01-22T19:43:46.153-0800: 288.644: [Tenured: 349537K->349213K(349568K), 0.0561312 secs] 506776K->376148K(506816K), [Metaspace: 2698K->2698K(1056768K)], 0.0562352 secs] [Times: user=0.05 sys=0.00, real=0.05 secs] 
2021-01-22T19:43:46.228-0800: 288.719: [Full GC (Allocation Failure) 2021-01-22T19:43:46.228-0800: 288.719: [Tenured: 349505K->349307K(349568K), 0.0339875 secs] 506715K->392157K(506816K), [Metaspace: 2698K->2698K(1056768K)], 0.0340853 secs] [Times: user=0.03 sys=0.00, real=0.04 secs] 
2021-01-22T19:43:46.279-0800: 288.770: [Full GC (Allocation Failure) 2021-01-22T19:43:46.279-0800: 288.770: [Tenured: 349307K->349564K(349568K), 0.0428987 secs] 506542K->391389K(506816K), [Metaspace: 2698K->2698K(1056768K)], 0.0430012 secs] [Times: user=0.04 sys=0.01, real=0.05 secs] 
2021-01-22T19:43:46.339-0800: 288.830: [Full GC (Allocation Failure) 2021-01-22T19:43:46.339-0800: 288.830: [Tenured: 349564K->349263K(349568K), 0.0469857 secs] 506710K->390199K(506816K), [Metaspace: 2698K->2698K(1056768K)], 0.0470887 secs] [Times: user=0.04 sys=0.00, real=0.05 secs] 
2021-01-22T19:43:46.404-0800: 288.895: [Full GC (Allocation Failure) 2021-01-22T19:43:46.404-0800: 288.895: [Tenured: 349263K->349277K(349568K), 0.0520364 secs] 505832K->374370K(506816K), [Metaspace: 2698K->2698K(1056768K)], 0.0521400 secs] [Times: user=0.05 sys=0.00, real=0.05 secs] 
2021-01-22T19:43:46.475-0800: 288.966: [Full GC (Allocation Failure) 2021-01-22T19:43:46.475-0800: 288.967: [Tenured: 349523K->349277K(349568K), 0.0332478 secs] 506770K->398001K(506816K), [Metaspace: 2698K->2698K(1056768K)], 0.0333572 secs] [Times: user=0.03 sys=0.00, real=0.03 secs] 
2021-01-22T19:43:46.525-0800: 289.017: [Full GC (Allocation Failure) 2021-01-22T19:43:46.525-0800: 289.017: [Tenured: 349565K->349422K(349568K), 0.0441805 secs] 506736K->397335K(506816K), [Metaspace: 2698K->2698K(1056768K)], 0.0443212 secs] [Times: user=0.04 sys=0.00, real=0.05 secs] 
2021-01-22T19:43:46.587-0800: 289.078: [Full GC (Allocation Failure) 2021-01-22T19:43:46.587-0800: 289.078: [Tenured: 349422K->349407K(349568K), 0.0457141 secs] 506543K->400508K(506816K), [Metaspace: 2698K->2698K(1056768K)], 0.0458259 secs] [Times: user=0.04 sys=0.00, real=0.05 secs] 
2021-01-22T19:43:46.648-0800: 289.140: [Full GC (Allocation Failure) 2021-01-22T19:43:46.649-0800: 289.140: [Tenured: 349479K->349524K(349568K), 0.0542506 secs] 506674K->389576K(506816K), [Metaspace: 2698K->2698K(1056768K)], 0.0545177 secs] [Times: user=0.05 sys=0.00, real=0.06 secs] 
2021-01-22T19:43:46.721-0800: 289.212: [Full GC (Allocation Failure) 2021-01-22T19:43:46.721-0800: 289.212: [Tenured: 349524K->349394K(349568K), 0.0361917 secs] 506625K->409403K(506816K), [Metaspace: 2698K->2698K(1056768K)], 0.0363430 secs] [Times: user=0.03 sys=0.00, real=0.03 secs] 
2021-01-22T19:43:46.769-0800: 289.260: [Full GC (Allocation Failure) 2021-01-22T19:43:46.769-0800: 289.260: [Tenured: 349394K->349430K(349568K), 0.0483355 secs] 506382K->404781K(506816K), [Metaspace: 2698K->2698K(1056768K)], 0.0484364 secs] [Times: user=0.05 sys=0.00, real=0.05 secs] 
2021-01-22T19:43:46.830-0800: 289.321: [Full GC (Allocation Failure) 2021-01-22T19:43:46.830-0800: 289.321: [Tenured: 349430K->349133K(349568K), 0.0477601 secs] 506593K->406463K(506816K), [Metaspace: 2698K->2698K(1056768K)], 0.0478750 secs] [Times: user=0.05 sys=0.00, real=0.04 secs] 
2021-01-22T19:43:46.893-0800: 289.384: [Full GC (Allocation Failure) 2021-01-22T19:43:46.893-0800: 289.384: [Tenured: 349528K->349030K(349568K), 0.0574600 secs] 506775K->391744K(506816K), [Metaspace: 2698K->2698K(1056768K)], 0.0575824 secs] [Times: user=0.06 sys=0.00, real=0.06 secs] 
2021-01-22T19:43:46.964-0800: 289.456: [Full GC (Allocation Failure) 2021-01-22T19:43:46.965-0800: 289.456: [Tenured: 349500K->349465K(349568K), 0.0381715 secs] 506734K->407956K(506816K), [Metaspace: 2698K->2698K(1056768K)], 0.0382901 secs] [Times: user=0.04 sys=0.00, real=0.04 secs] 
2021-01-22T19:43:47.015-0800: 289.506: [Full GC (Allocation Failure) 2021-01-22T19:43:47.015-0800: 289.506: [Tenured: 349465K->349415K(349568K), 0.0433595 secs] 506176K->402185K(506816K), [Metaspace: 2698K->2698K(1056768K)], 0.0434778 secs] [Times: user=0.04 sys=0.01, real=0.04 secs] 
2021-01-22T19:43:47.076-0800: 289.567: [Full GC (Allocation Failure) 2021-01-22T19:43:47.076-0800: 289.567: [Tenured: 349415K->349349K(349568K), 0.0436063 secs] 506151K->403264K(506816K), [Metaspace: 2698K->2698K(1056768K)], 0.0437046 secs] [Times: user=0.04 sys=0.00, real=0.05 secs] 
2021-01-22T19:43:47.135-0800: 289.626: [Full GC (Allocation Failure) 2021-01-22T19:43:47.135-0800: 289.626: [Tenured: 349475K->349472K(349568K), 0.0527889 secs] 506720K->386783K(506816K), [Metaspace: 2698K->2698K(1056768K)], 0.0529048 secs] [Times: user=0.05 sys=0.00, real=0.05 secs] 
2021-01-22T19:43:47.206-0800: 289.697: [Full GC (Allocation Failure) 2021-01-22T19:43:47.206-0800: 289.697: [Tenured: 349472K->349406K(349568K), 0.0295484 secs] 506480K->399190K(506816K), [Metaspace: 2698K->2698K(1056768K)], 0.0296484 secs] [Times: user=0.03 sys=0.00, real=0.03 secs] 
2021-01-22T19:43:47.251-0800: 289.742: [Full GC (Allocation Failure) 2021-01-22T19:43:47.251-0800: 289.742: [Tenured: 349550K->349556K(349568K), 0.0428282 secs] 506739K->398357K(506816K), [Metaspace: 2698K->2698K(1056768K)], 0.0429266 secs] [Times: user=0.04 sys=0.00, real=0.04 secs] 
2021-01-22T19:43:47.308-0800: 289.799: [Full GC (Allocation Failure) 2021-01-22T19:43:47.308-0800: 289.799: [Tenured: 349556K->348986K(349568K), 0.0489956 secs] 506802K->400727K(506816K), [Metaspace: 2698K->2698K(1056768K)], 0.0490991 secs] [Times: user=0.04 sys=0.00, real=0.05 secs] 
2021-01-22T19:43:47.372-0800: 289.864: [Full GC (Allocation Failure) 2021-01-22T19:43:47.373-0800: 289.864: [Tenured: 349239K->349540K(349568K), 0.0518759 secs] 506266K->377881K(506816K), [Metaspace: 2698K->2698K(1056768K)], 0.0519742 secs] [Times: user=0.05 sys=0.00, real=0.05 secs] 
2021-01-22T19:43:47.444-0800: 289.935: [Full GC (Allocation Failure) 2021-01-22T19:43:47.444-0800: 289.935: [Tenured: 349540K->349510K(349568K), 0.0276347 secs] 506723K->397277K(506816K), [Metaspace: 2698K->2698K(1056768K)], 0.0277373 secs] [Times: user=0.03 sys=0.00, real=0.03 secs] 
2021-01-22T19:43:47.487-0800: 289.978: [Full GC (Allocation Failure) 2021-01-22T19:43:47.487-0800: 289.978: [Tenured: 349510K->349216K(349568K), 0.0442000 secs] 506292K->399172K(506816K), [Metaspace: 2698K->2698K(1056768K)], 0.0443016 secs] [Times: user=0.04 sys=0.00, real=0.05 secs] 
2021-01-22T19:43:47.547-0800: 290.038: [Full GC (Allocation Failure) 2021-01-22T19:43:47.547-0800: 290.038: [Tenured: 349216K->349519K(349568K), 0.0479541 secs] 506257K->394538K(506816K), [Metaspace: 2698K->2698K(1056768K)], 0.0481746 secs] [Times: user=0.04 sys=0.00, real=0.05 secs] 
2021-01-22T19:43:47.612-0800: 290.103: [Full GC (Allocation Failure) 2021-01-22T19:43:47.612-0800: 290.103: [Tenured: 349519K->349490K(349568K), 0.0562209 secs] 506712K->383636K(506816K), [Metaspace: 2698K->2698K(1056768K)], 0.0563219 secs] [Times: user=0.06 sys=0.00, real=0.05 secs] 
2021-01-22T19:43:47.683-0800: 290.175: [Full GC (Allocation Failure) 2021-01-22T19:43:47.683-0800: 290.175: [Tenured: 349526K->349541K(349568K), 0.0360266 secs] 506741K->397946K(506816K), [Metaspace: 2698K->2698K(1056768K)], 0.0361253 secs] [Times: user=0.04 sys=0.00, real=0.03 secs] 
2021-01-22T19:43:47.735-0800: 290.227: [Full GC (Allocation Failure) 2021-01-22T19:43:47.735-0800: 290.227: [Tenured: 349541K->349222K(349568K), 0.0423760 secs] 506435K->397619K(506816K), [Metaspace: 2698K->2698K(1056768K)], 0.0424852 secs] [Times: user=0.04 sys=0.00, real=0.04 secs] 
2021-01-22T19:43:47.794-0800: 290.286: [Full GC (Allocation Failure) 2021-01-22T19:43:47.794-0800: 290.286: [Tenured: 349222K->349408K(349568K), 0.0447184 secs] 505948K->392115K(506816K), [Metaspace: 2698K->2698K(1056768K)], 0.0448189 secs] [Times: user=0.04 sys=0.00, real=0.04 secs] 
2021-01-22T19:43:47.856-0800: 290.347: [Full GC (Allocation Failure) 2021-01-22T19:43:47.856-0800: 290.347: [Tenured: 349535K->349451K(349568K), 0.0516696 secs] 506762K->372820K(506816K), [Metaspace: 2698K->2698K(1056768K)], 0.0517716 secs] [Times: user=0.05 sys=0.00, real=0.05 secs] 
2021-01-22T19:43:47.924-0800: 290.416: [Full GC (Allocation Failure) 2021-01-22T19:43:47.925-0800: 290.416: [Tenured: 349524K->349413K(349568K), 0.0429624 secs] 506759K->390417K(506816K), [Metaspace: 2698K->2698K(1056768K)], 0.0430653 secs] [Times: user=0.05 sys=0.00, real=0.04 secs] 
2021-01-22T19:43:47.981-0800: 290.473: [Full GC (Allocation Failure) 2021-01-22T19:43:47.981-0800: 290.473: [Tenured: 349413K->349450K(349568K), 0.0447231 secs] 506590K->388275K(506816K), [Metaspace: 2698K->2698K(1056768K)], 0.0448318 secs] [Times: user=0.04 sys=0.00, real=0.04 secs] 
2021-01-22T19:43:48.044-0800: 290.535: [Full GC (Allocation Failure) 2021-01-22T19:43:48.044-0800: 290.535: [Tenured: 349450K->349375K(349568K), 0.0473841 secs] 506639K->384164K(506816K), [Metaspace: 2698K->2698K(1056768K)], 0.0474844 secs] [Times: user=0.05 sys=0.00, real=0.05 secs] 
2021-01-22T19:43:48.109-0800: 290.600: [Full GC (Allocation Failure) 2021-01-22T19:43:48.109-0800: 290.600: [Tenured: 349375K->349471K(349568K), 0.0542354 secs] 506511K->368319K(506816K), [Metaspace: 2698K->2698K(1056768K)], 0.0543695 secs] [Times: user=0.06 sys=0.00, real=0.06 secs] 
2021-01-22T19:43:48.184-0800: 290.675: [Full GC (Allocation Failure) 2021-01-22T19:43:48.184-0800: 290.675: [Tenured: 349471K->349076K(349568K), 0.0347838 secs] 506600K->390540K(506816K), [Metaspace: 2698K->2698K(1056768K)], 0.0348830 secs] [Times: user=0.03 sys=0.00, real=0.03 secs] 
2021-01-22T19:43:48.233-0800: 290.725: [Full GC (Allocation Failure) 2021-01-22T19:43:48.233-0800: 290.725: [Tenured: 349409K->349456K(349568K), 0.0460660 secs] 506559K->387666K(506816K), [Metaspace: 2698K->2698K(1056768K)], 0.0462974 secs] [Times: user=0.05 sys=0.00, real=0.05 secs] 
2021-01-22T19:43:48.296-0800: 290.788: [Full GC (Allocation Failure) 2021-01-22T19:43:48.296-0800: 290.788: [Tenured: 349456K->349282K(349568K), 0.0475876 secs] 506527K->392970K(506816K), [Metaspace: 2698K->2698K(1056768K)], 0.0477214 secs] [Times: user=0.05 sys=0.00, real=0.05 secs] 
2021-01-22T19:43:48.362-0800: 290.853: [Full GC (Allocation Failure) 2021-01-22T19:43:48.362-0800: 290.853: [Tenured: 349554K->349470K(349568K), 0.0505138 secs] 506795K->372597K(506816K), [Metaspace: 2698K->2698K(1056768K)], 0.0508687 secs] [Times: user=0.05 sys=0.00, real=0.05 secs] 
2021-01-22T19:43:48.435-0800: 290.927: [Full GC (Allocation Failure) 2021-01-22T19:43:48.435-0800: 290.927: [Tenured: 349540K->349321K(349568K), 0.0342379 secs] 506787K->387868K(506816K), [Metaspace: 2698K->2698K(1056768K)], 0.0343356 secs] [Times: user=0.03 sys=0.00, real=0.04 secs] 
2021-01-22T19:43:48.484-0800: 290.975: [Full GC (Allocation Failure) 2021-01-22T19:43:48.484-0800: 290.975: [Tenured: 349321K->349329K(349568K), 0.0429423 secs] 506372K->390951K(506816K), [Metaspace: 2698K->2698K(1056768K)], 0.0430424 secs] [Times: user=0.04 sys=0.01, real=0.04 secs] 
2021-01-22T19:43:48.545-0800: 291.036: [Full GC (Allocation Failure) 2021-01-22T19:43:48.545-0800: 291.036: [Tenured: 349437K->349386K(349568K), 0.0432927 secs] 506680K->393006K(506816K), [Metaspace: 2698K->2698K(1056768K)], 0.0433918 secs] [Times: user=0.05 sys=0.00, real=0.04 secs] 
2021-01-22T19:43:48.606-0800: 291.097: [Full GC (Allocation Failure) 2021-01-22T19:43:48.606-0800: 291.097: [Tenured: 349386K->349377K(349568K), 0.0525553 secs] 506441K->370960K(506816K), [Metaspace: 2698K->2698K(1056768K)], 0.0526751 secs] [Times: user=0.05 sys=0.00, real=0.05 secs] 
2021-01-22T19:43:48.678-0800: 291.169: [Full GC (Allocation Failure) 2021-01-22T19:43:48.678-0800: 291.169: [Tenured: 349377K->349381K(349568K), 0.0393434 secs] 506536K->387690K(506816K), [Metaspace: 2698K->2698K(1056768K)], 0.0394438 secs] [Times: user=0.04 sys=0.00, real=0.04 secs] 
2021-01-22T19:43:48.735-0800: 291.226: [Full GC (Allocation Failure) 2021-01-22T19:43:48.735-0800: 291.226: [Tenured: 349381K->349267K(349568K), 0.0443847 secs] 506252K->394691K(506816K), [Metaspace: 2698K->2698K(1056768K)], 0.0444839 secs] [Times: user=0.04 sys=0.00, real=0.04 secs] 
2021-01-22T19:43:48.793-0800: 291.285: [Full GC (Allocation Failure) 2021-01-22T19:43:48.793-0800: 291.285: [Tenured: 349267K->349530K(349568K), 0.0491900 secs] 506147K->401803K(506816K), [Metaspace: 2698K->2698K(1056768K)], 0.0493352 secs] [Times: user=0.05 sys=0.00, real=0.05 secs] 
2021-01-22T19:43:48.856-0800: 291.347: [Full GC (Allocation Failure) 2021-01-22T19:43:48.856-0800: 291.347: [Tenured: 349530K->349546K(349568K), 0.0571531 secs] 506221K->384792K(506816K), [Metaspace: 2698K->2698K(1056768K)], 0.0572525 secs] [Times: user=0.06 sys=0.00, real=0.06 secs] 
2021-01-22T19:43:48.927-0800: 291.419: [Full GC (Allocation Failure) 2021-01-22T19:43:48.927-0800: 291.419: [Tenured: 349546K->349383K(349568K), 0.0343215 secs] 506762K->401615K(506816K), [Metaspace: 2698K->2698K(1056768K)], 0.0344256 secs] [Times: user=0.03 sys=0.00, real=0.04 secs] 
2021-01-22T19:43:48.974-0800: 291.465: [Full GC (Allocation Failure) 2021-01-22T19:43:48.974-0800: 291.465: [Tenured: 349521K->349506K(349568K), 0.0476632 secs] 506757K->399975K(506816K), [Metaspace: 2698K->2698K(1056768K)], 0.0477619 secs] [Times: user=0.04 sys=0.00, real=0.05 secs] 
2021-01-22T19:43:49.038-0800: 291.529: [Full GC (Allocation Failure) 2021-01-22T19:43:49.038-0800: 291.529: [Tenured: 349506K->349534K(349568K), 0.0520516 secs] 506694K->400049K(506816K), [Metaspace: 2698K->2698K(1056768K)], 0.0521513 secs] [Times: user=0.04 sys=0.00, real=0.06 secs] 
2021-01-22T19:43:49.103-0800: 291.594: [Full GC (Allocation Failure) 2021-01-22T19:43:49.103-0800: 291.594: [Tenured: 349534K->349497K(349568K), 0.0576188 secs] 506726K->388813K(506816K), [Metaspace: 2698K->2698K(1056768K)], 0.0577134 secs] [Times: user=0.05 sys=0.00, real=0.06 secs] 
2021-01-22T19:43:49.176-0800: 291.667: [Full GC (Allocation Failure) 2021-01-22T19:43:49.176-0800: 291.667: [Tenured: 349497K->349439K(349568K), 0.0372320 secs] 506584K->401946K(506816K), [Metaspace: 2698K->2698K(1056768K)], 0.0373336 secs] [Times: user=0.03 sys=0.01, real=0.04 secs] 
2021-01-22T19:43:49.226-0800: 291.717: [Full GC (Allocation Failure) 2021-01-22T19:43:49.226-0800: 291.717: [Tenured: 349439K->349543K(349568K), 0.0468123 secs] 506605K->402132K(506816K), [Metaspace: 2698K->2698K(1056768K)], 0.0469317 secs] [Times: user=0.04 sys=0.00, real=0.05 secs] 
2021-01-22T19:43:49.288-0800: 291.780: [Full GC (Allocation Failure) 2021-01-22T19:43:49.288-0800: 291.780: [Tenured: 349543K->349140K(349568K), 0.0466261 secs] 506726K->404070K(506816K), [Metaspace: 2698K->2698K(1056768K)], 0.0467249 secs] [Times: user=0.04 sys=0.00, real=0.05 secs] 
2021-01-22T19:43:49.349-0800: 291.840: [Full GC (Allocation Failure) 2021-01-22T19:43:49.349-0800: 291.840: [Tenured: 349140K->349413K(349568K), 0.0574707 secs] 505648K->380384K(506816K), [Metaspace: 2698K->2698K(1056768K)], 0.0575601 secs] [Times: user=0.05 sys=0.00, real=0.06 secs] 
2021-01-22T19:43:49.425-0800: 291.916: [Full GC (Allocation Failure) 2021-01-22T19:43:49.425-0800: 291.916: [Tenured: 349413K->349417K(349568K), 0.0336328 secs] 506314K->396957K(506816K), [Metaspace: 2698K->2698K(1056768K)], 0.0337371 secs] [Times: user=0.03 sys=0.00, real=0.03 secs] 
2021-01-22T19:43:49.475-0800: 291.967: [Full GC (Allocation Failure) 2021-01-22T19:43:49.475-0800: 291.967: [Tenured: 349417K->349189K(349568K), 0.0450648 secs] 506464K->392727K(506816K), [Metaspace: 2698K->2698K(1056768K)], 0.0451690 secs] [Times: user=0.04 sys=0.00, real=0.05 secs] 
2021-01-22T19:43:49.538-0800: 292.030: [Full GC (Allocation Failure) 2021-01-22T19:43:49.538-0800: 292.030: [Tenured: 349189K->349493K(349568K), 0.0510818 secs] 506269K->389772K(506816K), [Metaspace: 2698K->2698K(1056768K)], 0.0511846 secs] [Times: user=0.04 sys=0.00, real=0.06 secs] 
2021-01-22T19:43:49.604-0800: 292.095: [Full GC (Allocation Failure) 2021-01-22T19:43:49.604-0800: 292.095: [Tenured: 349493K->349165K(349568K), 0.0560103 secs] 506717K->373805K(506816K), [Metaspace: 2698K->2698K(1056768K)], 0.0561102 secs] [Times: user=0.05 sys=0.00, real=0.06 secs] 
2021-01-22T19:43:49.676-0800: 292.168: [Full GC (Allocation Failure) 2021-01-22T19:43:49.676-0800: 292.168: [Tenured: 349553K->349358K(349568K), 0.0381031 secs] 506801K->398691K(506816K), [Metaspace: 2698K->2698K(1056768K)], 0.0382048 secs] [Times: user=0.04 sys=0.00, real=0.04 secs] 
2021-01-22T19:43:49.729-0800: 292.220: [Full GC (Allocation Failure) 2021-01-22T19:43:49.729-0800: 292.220: [Tenured: 349358K->349208K(349568K), 0.0465633 secs] 506362K->394381K(506816K), [Metaspace: 2698K->2698K(1056768K)], 0.0466644 secs] [Times: user=0.04 sys=0.00, real=0.05 secs] 
2021-01-22T19:43:49.793-0800: 292.285: [Full GC (Allocation Failure) 2021-01-22T19:43:49.794-0800: 292.285: [Tenured: 349424K->349213K(349568K), 0.0502247 secs] 506651K->388929K(506816K), [Metaspace: 2698K->2698K(1056768K)], 0.0503275 secs] [Times: user=0.05 sys=0.00, real=0.05 secs] 
2021-01-22T19:43:49.859-0800: 292.351: [Full GC (Allocation Failure) 2021-01-22T19:43:49.859-0800: 292.351: [Tenured: 349213K->349319K(349568K), 0.0544961 secs] 506168K->369608K(506816K), [Metaspace: 2698K->2698K(1056768K)], 0.0545966 secs] [Times: user=0.05 sys=0.00, real=0.06 secs] 
2021-01-22T19:43:49.934-0800: 292.425: [Full GC (Allocation Failure) 2021-01-22T19:43:49.934-0800: 292.425: [Tenured: 349319K->348831K(349568K), 0.0336530 secs] 506411K->390696K(506816K), [Metaspace: 2698K->2698K(1056768K)], 0.0337522 secs] [Times: user=0.03 sys=0.00, real=0.03 secs] 
2021-01-22T19:43:49.985-0800: 292.477: [Full GC (Allocation Failure) 2021-01-22T19:43:49.985-0800: 292.477: [Tenured: 349305K->349472K(349568K), 0.0395362 secs] 506552K->389006K(506816K), [Metaspace: 2698K->2698K(1056768K)], 0.0396548 secs] [Times: user=0.04 sys=0.00, real=0.04 secs] 
2021-01-22T19:43:50.043-0800: 292.534: [Full GC (Allocation Failure) 2021-01-22T19:43:50.043-0800: 292.534: [Tenured: 349472K->349389K(349568K), 0.0480805 secs] 506651K->387613K(506816K), [Metaspace: 2698K->2698K(1056768K)], 0.0482000 secs] [Times: user=0.05 sys=0.00, real=0.05 secs] 
2021-01-22T19:43:50.105-0800: 292.596: [Full GC (Allocation Failure) 2021-01-22T19:43:50.105-0800: 292.596: [Tenured: 349389K->349516K(349568K), 0.0581917 secs] 506584K->376831K(506816K), [Metaspace: 2698K->2698K(1056768K)], 0.0585404 secs] [Times: user=0.06 sys=0.00, real=0.06 secs] 
2021-01-22T19:43:50.180-0800: 292.672: [Full GC (Allocation Failure) 2021-01-22T19:43:50.180-0800: 292.672: [Tenured: 349516K->349507K(349568K), 0.0294832 secs] 506558K->399592K(506816K), [Metaspace: 2698K->2698K(1056768K)], 0.0295829 secs] [Times: user=0.02 sys=0.00, real=0.03 secs] 
2021-01-22T19:43:50.223-0800: 292.715: [Full GC (Allocation Failure) 2021-01-22T19:43:50.224-0800: 292.715: [Tenured: 349507K->349329K(349568K), 0.0461577 secs] 506512K->400921K(506816K), [Metaspace: 2698K->2698K(1056768K)], 0.0462669 secs] [Times: user=0.04 sys=0.00, real=0.05 secs] 
2021-01-22T19:43:50.283-0800: 292.774: [Full GC (Allocation Failure) 2021-01-22T19:43:50.283-0800: 292.774: [Tenured: 349559K->349272K(349568K), 0.0472128 secs] 506799K->403366K(506816K), [Metaspace: 2698K->2698K(1056768K)], 0.0473217 secs] [Times: user=0.04 sys=0.00, real=0.05 secs] 
2021-01-22T19:43:50.344-0800: 292.835: [Full GC (Allocation Failure) 2021-01-22T19:43:50.344-0800: 292.835: [Tenured: 349272K->348950K(349568K), 0.0565563 secs] 506454K->386117K(506816K), [Metaspace: 2698K->2698K(1056768K)], 0.0566540 secs] [Times: user=0.06 sys=0.00, real=0.06 secs] 
2021-01-22T19:43:50.419-0800: 292.910: [Full GC (Allocation Failure) 2021-01-22T19:43:50.419-0800: 292.910: [Tenured: 349502K->349565K(349568K), 0.0338815 secs] 506731K->397621K(506816K), [Metaspace: 2698K->2698K(1056768K)], 0.0339789 secs] [Times: user=0.03 sys=0.00, real=0.04 secs] 
2021-01-22T19:43:50.467-0800: 292.958: [Full GC (Allocation Failure) 2021-01-22T19:43:50.467-0800: 292.958: [Tenured: 349565K->349246K(349568K), 0.0425240 secs] 506618K->388797K(506816K), [Metaspace: 2698K->2698K(1056768K)], 0.0426288 secs] [Times: user=0.05 sys=0.00, real=0.04 secs] 
2021-01-22T19:43:50.526-0800: 293.018: [Full GC (Allocation Failure) 2021-01-22T19:43:50.526-0800: 293.018: [Tenured: 349534K->349014K(349568K), 0.0454629 secs] 506781K->391186K(506816K), [Metaspace: 2698K->2698K(1056768K)], 0.0455980 secs] [Times: user=0.05 sys=0.01, real=0.05 secs] 
2021-01-22T19:43:50.594-0800: 293.085: [Full GC (Allocation Failure) 2021-01-22T19:43:50.594-0800: 293.085: [Tenured: 349014K->349471K(349568K), 0.0670331 secs] 505673K->378955K(506816K), [Metaspace: 2698K->2698K(1056768K)], 0.0673564 secs] [Times: user=0.05 sys=0.00, real=0.07 secs] 
2021-01-22T19:43:50.682-0800: 293.173: [Full GC (Allocation Failure) 2021-01-22T19:43:50.682-0800: 293.173: [Tenured: 349471K->349229K(349568K), 0.0419731 secs] 506546K->404803K(506816K), [Metaspace: 2698K->2698K(1056768K)], 0.0420914 secs] [Times: user=0.04 sys=0.00, real=0.04 secs] 
2021-01-22T19:43:50.739-0800: 293.231: [Full GC (Allocation Failure) 2021-01-22T19:43:50.740-0800: 293.231: [Tenured: 349525K->349412K(349568K), 0.0529394 secs] 506750K->407197K(506816K), [Metaspace: 2698K->2698K(1056768K)], 0.0530451 secs] [Times: user=0.05 sys=0.00, real=0.06 secs] 
2021-01-22T19:43:50.811-0800: 293.303: [Full GC (Allocation Failure) 2021-01-22T19:43:50.811-0800: 293.303: [Tenured: 349412K->349386K(349568K), 0.0471882 secs] 506600K->404523K(506816K), [Metaspace: 2698K->2698K(1056768K)], 0.0472965 secs] [Times: user=0.05 sys=0.00, real=0.04 secs] 
2021-01-22T19:43:50.873-0800: 293.364: [Full GC (Allocation Failure) 2021-01-22T19:43:50.873-0800: 293.364: [Tenured: 349521K->349565K(349568K), 0.0539256 secs] 506766K->379797K(506816K), [Metaspace: 2698K->2698K(1056768K)], 0.0540247 secs] [Times: user=0.05 sys=0.00, real=0.05 secs] 
2021-01-22T19:43:50.942-0800: 293.433: [Full GC (Allocation Failure) 2021-01-22T19:43:50.942-0800: 293.433: [Tenured: 349565K->349472K(349568K), 0.0315339 secs] 506724K->399256K(506816K), [Metaspace: 2698K->2698K(1056768K)], 0.0316973 secs] [Times: user=0.03 sys=0.00, real=0.03 secs] 
2021-01-22T19:43:50.988-0800: 293.479: [Full GC (Allocation Failure) 2021-01-22T19:43:50.988-0800: 293.479: [Tenured: 349472K->349497K(349568K), 0.0393758 secs] 506623K->399936K(506816K), [Metaspace: 2698K->2698K(1056768K)], 0.0394822 secs] [Times: user=0.03 sys=0.01, real=0.04 secs] 
2021-01-22T19:43:51.042-0800: 293.534: [Full GC (Allocation Failure) 2021-01-22T19:43:51.042-0800: 293.534: [Tenured: 349497K->349523K(349568K), 0.0480575 secs] 506482K->394153K(506816K), [Metaspace: 2698K->2698K(1056768K)], 0.0482147 secs] [Times: user=0.04 sys=0.00, real=0.05 secs] 
2021-01-22T19:43:51.105-0800: 293.596: [Full GC (Allocation Failure) 2021-01-22T19:43:51.105-0800: 293.596: [Tenured: 349523K->349537K(349568K), 0.0514493 secs] 506544K->380162K(506816K), [Metaspace: 2698K->2698K(1056768K)], 0.0515513 secs] [Times: user=0.04 sys=0.00, real=0.05 secs] 
2021-01-22T19:43:51.172-0800: 293.663: [Full GC (Allocation Failure) 2021-01-22T19:43:51.172-0800: 293.663: [Tenured: 349537K->349533K(349568K), 0.0352555 secs] 506526K->394504K(506816K), [Metaspace: 2698K->2698K(1056768K)], 0.0353641 secs] [Times: user=0.03 sys=0.00, real=0.03 secs] 
2021-01-22T19:43:51.221-0800: 293.713: [Full GC (Allocation Failure) 2021-01-22T19:43:51.221-0800: 293.713: [Tenured: 349533K->349274K(349568K), 0.0400775 secs] 506600K->396359K(506816K), [Metaspace: 2698K->2698K(1056768K)], 0.0401796 secs] [Times: user=0.03 sys=0.00, real=0.04 secs] 
2021-01-22T19:43:51.275-0800: 293.766: [Full GC (Allocation Failure) 2021-01-22T19:43:51.275-0800: 293.766: [Tenured: 349274K->349529K(349568K), 0.0428407 secs] 506295K->403513K(506816K), [Metaspace: 2698K->2698K(1056768K)], 0.0429442 secs] [Times: user=0.04 sys=0.00, real=0.04 secs] 
2021-01-22T19:43:51.332-0800: 293.823: [Full GC (Allocation Failure) 2021-01-22T19:43:51.332-0800: 293.823: [Tenured: 349529K->349526K(349568K), 0.0640505 secs] 506185K->387039K(506816K), [Metaspace: 2698K->2698K(1056768K)], 0.0645366 secs] [Times: user=0.06 sys=0.00, real=0.06 secs] 
2021-01-22T19:43:51.418-0800: 293.910: [Full GC (Allocation Failure) 2021-01-22T19:43:51.418-0800: 293.910: [Tenured: 349526K->349563K(349568K), 0.0520589 secs] 506684K->397947K(506816K), [Metaspace: 2698K->2698K(1056768K)], 0.0521534 secs] [Times: user=0.04 sys=0.00, real=0.06 secs] 
2021-01-22T19:43:51.487-0800: 293.979: [Full GC (Allocation Failure) 2021-01-22T19:43:51.488-0800: 293.979: [Tenured: 349563K->349407K(349568K), 0.0670958 secs] 506218K->395969K(506816K), [Metaspace: 2698K->2698K(1056768K)], 0.0671927 secs] [Times: user=0.05 sys=0.00, real=0.07 secs] 
2021-01-22T19:43:51.576-0800: 294.067: [Full GC (Allocation Failure) 2021-01-22T19:43:51.579-0800: 294.071: [Tenured: 349407K->349483K(349568K), 0.0529461 secs] 506540K->397393K(506816K), [Metaspace: 2698K->2698K(1056768K)], 0.0565682 secs] [Times: user=0.04 sys=0.01, real=0.06 secs] 
2021-01-22T19:43:51.647-0800: 294.139: [Full GC (Allocation Failure) 2021-01-22T19:43:51.647-0800: 294.139: [Tenured: 349483K->349175K(349568K), 0.0539762 secs] 506678K->380952K(506816K), [Metaspace: 2698K->2698K(1056768K)], 0.0540754 secs] [Times: user=0.04 sys=0.00, real=0.06 secs] 
2021-01-22T19:43:51.718-0800: 294.209: [Full GC (Allocation Failure) 2021-01-22T19:43:51.718-0800: 294.209: [Tenured: 349175K->349481K(349568K), 0.0284642 secs] 506080K->395858K(506816K), [Metaspace: 2698K->2698K(1056768K)], 0.0285750 secs] [Times: user=0.03 sys=0.00, real=0.03 secs] 
2021-01-22T19:43:51.761-0800: 294.253: [Full GC (Allocation Failure) 2021-01-22T19:43:51.761-0800: 294.253: [Tenured: 349481K->349424K(349568K), 0.0397324 secs] 506278K->392794K(506816K), [Metaspace: 2698K->2698K(1056768K)], 0.0398317 secs] [Times: user=0.04 sys=0.00, real=0.04 secs] 
2021-01-22T19:43:51.815-0800: 294.307: [Full GC (Allocation Failure) 2021-01-22T19:43:51.815-0800: 294.307: [Tenured: 349424K->349461K(349568K), 0.0440861 secs] 506626K->392809K(506816K), [Metaspace: 2698K->2698K(1056768K)], 0.0441875 secs] [Times: user=0.05 sys=0.00, real=0.05 secs] 
2021-01-22T19:43:51.873-0800: 294.365: [Full GC (Allocation Failure) 2021-01-22T19:43:51.873-0800: 294.365: [Tenured: 349461K->349184K(349568K), 0.0495491 secs] 506531K->370768K(506816K), [Metaspace: 2698K->2698K(1056768K)], 0.0496579 secs] [Times: user=0.05 sys=0.00, real=0.05 secs] 
2021-01-22T19:43:51.941-0800: 294.432: [Full GC (Allocation Failure) 2021-01-22T19:43:51.941-0800: 294.432: [Tenured: 349279K->349499K(349568K), 0.0338101 secs] 506484K->390244K(506816K), [Metaspace: 2698K->2698K(1056768K)], 0.0339480 secs] [Times: user=0.04 sys=0.00, real=0.03 secs] 
2021-01-22T19:43:51.990-0800: 294.481: [Full GC (Allocation Failure) 2021-01-22T19:43:51.990-0800: 294.481: [Tenured: 349553K->349492K(349568K), 0.0478201 secs] 506790K->386424K(506816K), [Metaspace: 2698K->2698K(1056768K)], 0.0479186 secs] [Times: user=0.04 sys=0.00, real=0.04 secs] 
2021-01-22T19:43:52.055-0800: 294.547: [Full GC (Allocation Failure) 2021-01-22T19:43:52.055-0800: 294.547: [Tenured: 349528K->349453K(349568K), 0.0614559 secs] 506752K->389424K(506816K), [Metaspace: 2698K->2698K(1056768K)], 0.0615606 secs] [Times: user=0.06 sys=0.00, real=0.06 secs] 
2021-01-22T19:43:52.137-0800: 294.628: [Full GC (Allocation Failure) 2021-01-22T19:43:52.137-0800: 294.628: [Tenured: 349453K->349255K(349568K), 0.0659094 secs] 506491K->377753K(506816K), [Metaspace: 2698K->2698K(1056768K)], 0.0660058 secs] [Times: user=0.06 sys=0.01, real=0.07 secs] 
2021-01-22T19:43:52.219-0800: 294.710: [Full GC (Allocation Failure) 2021-01-22T19:43:52.219-0800: 294.711: [Tenured: 349255K->349374K(349568K), 0.0352516 secs] 506288K->392217K(506816K), [Metaspace: 2698K->2698K(1056768K)], 0.0353527 secs] [Times: user=0.03 sys=0.00, real=0.04 secs] 
2021-01-22T19:43:52.270-0800: 294.761: [Full GC (Allocation Failure) 2021-01-22T19:43:52.270-0800: 294.761: [Tenured: 349374K->349220K(349568K), 0.0406530 secs] 506445K->390934K(506816K), [Metaspace: 2698K->2698K(1056768K)], 0.0407621 secs] [Times: user=0.04 sys=0.00, real=0.04 secs] 
2021-01-22T19:43:52.324-0800: 294.816: [Full GC (Allocation Failure) 2021-01-22T19:43:52.324-0800: 294.816: [Tenured: 349451K->349527K(349568K), 0.0428570 secs] 506697K->394297K(506816K), [Metaspace: 2698K->2698K(1056768K)], 0.0429550 secs] [Times: user=0.04 sys=0.00, real=0.04 secs] 
2021-01-22T19:43:52.382-0800: 294.873: [Full GC (Allocation Failure) 2021-01-22T19:43:52.382-0800: 294.873: [Tenured: 349527K->349454K(349568K), 0.0498666 secs] 506752K->373604K(506816K), [Metaspace: 2698K->2698K(1056768K)], 0.0499674 secs] [Times: user=0.05 sys=0.00, real=0.05 secs] 
2021-01-22T19:43:52.448-0800: 294.939: [Full GC (Allocation Failure) 2021-01-22T19:43:52.448-0800: 294.939: [Tenured: 349454K->349094K(349568K), 0.0357095 secs] 506598K->391999K(506816K), [Metaspace: 2698K->2698K(1056768K)], 0.0358177 secs] [Times: user=0.04 sys=0.00, real=0.04 secs] 
2021-01-22T19:43:52.499-0800: 294.990: [Full GC (Allocation Failure) 2021-01-22T19:43:52.499-0800: 294.990: [Tenured: 349486K->349367K(349568K), 0.0417694 secs] 506666K->391037K(506816K), [Metaspace: 2698K->2698K(1056768K)], 0.0418747 secs] [Times: user=0.04 sys=0.00, real=0.05 secs] 
2021-01-22T19:43:52.556-0800: 295.047: [Full GC (Allocation Failure) 2021-01-22T19:43:52.556-0800: 295.048: [Tenured: 349509K->349322K(349568K), 0.0442429 secs] 506756K->389671K(506816K), [Metaspace: 2698K->2698K(1056768K)], 0.0443608 secs] [Times: user=0.04 sys=0.00, real=0.05 secs] 
2021-01-22T19:43:52.616-0800: 295.108: [Full GC (Allocation Failure) 2021-01-22T19:43:52.617-0800: 295.108: [Tenured: 349322K->349431K(349568K), 0.0523481 secs] 506410K->372457K(506816K), [Metaspace: 2698K->2698K(1056768K)], 0.0524544 secs] [Times: user=0.04 sys=0.00, real=0.05 secs] 
2021-01-22T19:43:52.686-0800: 295.177: [Full GC (Allocation Failure) 2021-01-22T19:43:52.686-0800: 295.178: [Tenured: 349431K->349547K(349568K), 0.0381668 secs] 506434K->391832K(506816K), [Metaspace: 2698K->2698K(1056768K)], 0.0382748 secs] [Times: user=0.04 sys=0.00, real=0.04 secs] 
2021-01-22T19:43:52.739-0800: 295.231: [Full GC (Allocation Failure) 2021-01-22T19:43:52.739-0800: 295.231: [Tenured: 349547K->349524K(349568K), 0.0424404 secs] 506737K->390583K(506816K), [Metaspace: 2698K->2698K(1056768K)], 0.0425383 secs] [Times: user=0.04 sys=0.00, real=0.05 secs] 
2021-01-22T19:43:52.797-0800: 295.288: [Full GC (Allocation Failure) 2021-01-22T19:43:52.797-0800: 295.288: [Tenured: 349524K->349529K(349568K), 0.0431845 secs] 506506K->388169K(506816K), [Metaspace: 2698K->2698K(1056768K)], 0.0432815 secs] [Times: user=0.05 sys=0.01, real=0.05 secs] 
2021-01-22T19:43:52.854-0800: 295.346: [Full GC (Allocation Failure) 2021-01-22T19:43:52.854-0800: 295.346: [Tenured: 349529K->349202K(349568K), 0.0502776 secs] 506749K->372980K(506816K), [Metaspace: 2698K->2698K(1056768K)], 0.0503879 secs] [Times: user=0.05 sys=0.00, real=0.05 secs] 
2021-01-22T19:43:52.922-0800: 295.414: [Full GC (Allocation Failure) 2021-01-22T19:43:52.922-0800: 295.414: [Tenured: 349202K->349465K(349568K), 0.0319782 secs] 506038K->388098K(506816K), [Metaspace: 2698K->2698K(1056768K)], 0.0320864 secs] [Times: user=0.04 sys=0.00, real=0.03 secs] 
2021-01-22T19:43:52.969-0800: 295.461: [Full GC (Allocation Failure) 2021-01-22T19:43:52.969-0800: 295.461: [Tenured: 349465K->349065K(349568K), 0.0396799 secs] 505967K->390956K(506816K), [Metaspace: 2698K->2698K(1056768K)], 0.0398160 secs] [Times: user=0.04 sys=0.00, real=0.04 secs] 
2021-01-22T19:43:53.023-0800: 295.514: [Full GC (Allocation Failure) 2021-01-22T19:43:53.023-0800: 295.515: [Tenured: 349497K->349230K(349568K), 0.0443276 secs] 506637K->393041K(506816K), [Metaspace: 2698K->2698K(1056768K)], 0.0444664 secs] [Times: user=0.04 sys=0.00, real=0.04 secs] 
2021-01-22T19:43:53.082-0800: 295.574: [Full GC (Allocation Failure) 2021-01-22T19:43:53.082-0800: 295.574: [Tenured: 349230K->349274K(349568K), 0.0503837 secs] 506160K->374358K(506816K), [Metaspace: 2698K->2698K(1056768K)], 0.0504824 secs] [Times: user=0.05 sys=0.00, real=0.05 secs] 
2021-01-22T19:43:53.148-0800: 295.640: [Full GC (Allocation Failure) 2021-01-22T19:43:53.148-0800: 295.640: [Tenured: 349553K->349014K(349568K), 0.0357888 secs] 506800K->391415K(506816K), [Metaspace: 2698K->2698K(1056768K)], 0.0358895 secs] [Times: user=0.04 sys=0.00, real=0.04 secs] 
2021-01-22T19:43:53.198-0800: 295.690: [Full GC (Allocation Failure) 2021-01-22T19:43:53.198-0800: 295.690: [Tenured: 349014K->349351K(349568K), 0.0420907 secs] 506157K->390591K(506816K), [Metaspace: 2698K->2698K(1056768K)], 0.0421982 secs] [Times: user=0.04 sys=0.00, real=0.05 secs] 
2021-01-22T19:43:53.256-0800: 295.747: [Full GC (Allocation Failure) 2021-01-22T19:43:53.256-0800: 295.747: [Tenured: 349535K->349543K(349568K), 0.0432142 secs] 506783K->382994K(506816K), [Metaspace: 2698K->2698K(1056768K)], 0.0433101 secs] [Times: user=0.04 sys=0.00, real=0.04 secs] 
2021-01-22T19:43:53.315-0800: 295.806: [Full GC (Allocation Failure) 2021-01-22T19:43:53.315-0800: 295.806: [Tenured: 349543K->349548K(349568K), 0.0510688 secs] 506770K->369164K(506816K), [Metaspace: 2698K->2698K(1056768K)], 0.0511676 secs] [Times: user=0.05 sys=0.00, real=0.05 secs] 
2021-01-22T19:43:53.383-0800: 295.874: [Full GC (Allocation Failure) 2021-01-22T19:43:53.383-0800: 295.874: [Tenured: 349548K->349483K(349568K), 0.0302708 secs] 506615K->387279K(506816K), [Metaspace: 2698K->2698K(1056768K)], 0.0303642 secs] [Times: user=0.03 sys=0.00, real=0.03 secs] 
2021-01-22T19:43:53.427-0800: 295.919: [Full GC (Allocation Failure) 2021-01-22T19:43:53.428-0800: 295.919: [Tenured: 349483K->349125K(349568K), 0.0406618 secs] 506703K->384316K(506816K), [Metaspace: 2698K->2698K(1056768K)], 0.0407583 secs] [Times: user=0.04 sys=0.00, real=0.04 secs] 
2021-01-22T19:43:53.483-0800: 295.974: [Full GC (Allocation Failure) 2021-01-22T19:43:53.483-0800: 295.975: [Tenured: 349125K->349513K(349568K), 0.0447015 secs] 506359K->386600K(506816K), [Metaspace: 2698K->2698K(1056768K)], 0.0448087 secs] [Times: user=0.05 sys=0.00, real=0.04 secs] 
2021-01-22T19:43:53.543-0800: 296.035: [Full GC (Allocation Failure) 2021-01-22T19:43:53.543-0800: 296.035: [Tenured: 349513K->349528K(349568K), 0.0496235 secs] 506707K->375014K(506816K), [Metaspace: 2698K->2698K(1056768K)], 0.0497281 secs] [Times: user=0.05 sys=0.00, real=0.05 secs] 
2021-01-22T19:43:53.609-0800: 296.101: [Full GC (Allocation Failure) 2021-01-22T19:43:53.609-0800: 296.101: [Tenured: 349528K->349194K(349568K), 0.0325380 secs] 506745K->389687K(506816K), [Metaspace: 2698K->2698K(1056768K)], 0.0326520 secs] [Times: user=0.03 sys=0.00, real=0.04 secs] 
2021-01-22T19:43:53.658-0800: 296.150: [Full GC (Allocation Failure) 2021-01-22T19:43:53.658-0800: 296.150: [Tenured: 349194K->349431K(349568K), 0.0392411 secs] 506054K->386776K(506816K), [Metaspace: 2698K->2698K(1056768K)], 0.0393415 secs] [Times: user=0.04 sys=0.00, real=0.04 secs] 
2021-01-22T19:43:53.711-0800: 296.203: [Full GC (Allocation Failure) 2021-01-22T19:43:53.712-0800: 296.203: [Tenured: 349516K->349079K(349568K), 0.0420785 secs] 506711K->382477K(506816K), [Metaspace: 2698K->2698K(1056768K)], 0.0421754 secs] [Times: user=0.04 sys=0.00, real=0.04 secs] 
2021-01-22T19:43:53.770-0800: 296.262: [Full GC (Allocation Failure) 2021-01-22T19:43:53.770-0800: 296.262: [Tenured: 349498K->349533K(349568K), 0.0506845 secs] 506727K->366063K(506816K), [Metaspace: 2698K->2698K(1056768K)], 0.0507798 secs] [Times: user=0.05 sys=0.00, real=0.05 secs] 
2021-01-22T19:43:53.838-0800: 296.330: [Full GC (Allocation Failure) 2021-01-22T19:43:53.839-0800: 296.330: [Tenured: 349533K->349490K(349568K), 0.0282491 secs] 506743K->384845K(506816K), [Metaspace: 2698K->2698K(1056768K)], 0.0283576 secs] [Times: user=0.02 sys=0.00, real=0.03 secs] 
2021-01-22T19:43:53.882-0800: 296.374: [Full GC (Allocation Failure) 2021-01-22T19:43:53.882-0800: 296.374: [Tenured: 349490K->349465K(349568K), 0.0402055 secs] 506691K->386902K(506816K), [Metaspace: 2698K->2698K(1056768K)], 0.0403026 secs] [Times: user=0.04 sys=0.00, real=0.04 secs] 
2021-01-22T19:43:53.938-0800: 296.430: [Full GC (Allocation Failure) 2021-01-22T19:43:53.938-0800: 296.430: [Tenured: 349465K->349404K(349568K), 0.0428602 secs] 506316K->388223K(506816K), [Metaspace: 2698K->2698K(1056768K)], 0.0429839 secs] [Times: user=0.04 sys=0.00, real=0.05 secs] 
2021-01-22T19:43:53.996-0800: 296.488: [Full GC (Allocation Failure) 2021-01-22T19:43:53.997-0800: 296.488: [Tenured: 349404K->349333K(349568K), 0.0494333 secs] 506450K->376044K(506816K), [Metaspace: 2698K->2698K(1056768K)], 0.0495296 secs] [Times: user=0.05 sys=0.00, real=0.05 secs] 
2021-01-22T19:43:54.062-0800: 296.554: [Full GC (Allocation Failure) 2021-01-22T19:43:54.062-0800: 296.554: [Tenured: 349333K->349414K(349568K), 0.0363585 secs] 506545K->395406K(506816K), [Metaspace: 2698K->2698K(1056768K)], 0.0364538 secs] [Times: user=0.03 sys=0.00, real=0.03 secs] 
2021-01-22T19:43:54.112-0800: 296.604: [Full GC (Allocation Failure) 2021-01-22T19:43:54.112-0800: 296.604: [Tenured: 349414K->349155K(349568K), 0.0394841 secs] 506030K->394131K(506816K), [Metaspace: 2698K->2698K(1056768K)], 0.0395866 secs] [Times: user=0.03 sys=0.01, real=0.04 secs] 
2021-01-22T19:43:54.167-0800: 296.658: [Full GC (Allocation Failure) 2021-01-22T19:43:54.167-0800: 296.658: [Tenured: 349155K->349170K(349568K), 0.0886108 secs] 505828K->399248K(506816K), [Metaspace: 2698K->2698K(1056768K)], 0.0887356 secs] [Times: user=0.04 sys=0.00, real=0.09 secs] 
2021-01-22T19:43:54.285-0800: 296.777: [Full GC (Allocation Failure) 2021-01-22T19:43:54.285-0800: 296.777: [Tenured: 349170K->349054K(349568K), 0.0753151 secs] 505713K->385257K(506816K), [Metaspace: 2698K->2698K(1056768K)], 0.0756197 secs] [Times: user=0.07 sys=0.00, real=0.08 secs] 
2021-01-22T19:43:54.376-0800: 296.868: [Full GC (Allocation Failure) 2021-01-22T19:43:54.376-0800: 296.868: [Tenured: 349469K->349540K(349568K), 0.0299972 secs] 506706K->404314K(506816K), [Metaspace: 2698K->2698K(1056768K)], 0.0301095 secs] [Times: user=0.03 sys=0.00, real=0.03 secs] 
2021-01-22T19:43:54.421-0800: 296.912: [Full GC (Allocation Failure) 2021-01-22T19:43:54.421-0800: 296.912: [Tenured: 349540K->349567K(349568K), 0.0408482 secs] 506470K->411521K(506816K), [Metaspace: 2698K->2698K(1056768K)], 0.0409517 secs] [Times: user=0.04 sys=0.00, real=0.04 secs] 
2021-01-22T19:43:54.473-0800: 296.965: [Full GC (Allocation Failure) 2021-01-22T19:43:54.473-0800: 296.965: [Tenured: 349567K->349310K(349568K), 0.0441411 secs] 506711K->409368K(506816K), [Metaspace: 2698K->2698K(1056768K)], 0.0442546 secs] [Times: user=0.04 sys=0.00, real=0.04 secs] 
2021-01-22T19:43:54.530-0800: 297.022: [Full GC (Allocation Failure) 2021-01-22T19:43:54.530-0800: 297.022: [Tenured: 349310K->349019K(349568K), 0.0522174 secs] 506414K->395083K(506816K), [Metaspace: 2698K->2698K(1056768K)], 0.0523270 secs] [Times: user=0.05 sys=0.00, real=0.05 secs] 
2021-01-22T19:43:54.597-0800: 297.089: [Full GC (Allocation Failure) 2021-01-22T19:43:54.597-0800: 297.089: [Tenured: 349434K->349164K(349568K), 0.0341311 secs] 506650K->414122K(506816K), [Metaspace: 2698K->2698K(1056768K)], 0.0342316 secs] [Times: user=0.04 sys=0.00, real=0.04 secs] 
2021-01-22T19:43:54.644-0800: 297.136: [Full GC (Allocation Failure) 2021-01-22T19:43:54.644-0800: 297.136: [Tenured: 349308K->348934K(349568K), 0.0445214 secs] 506480K->420013K(506816K), [Metaspace: 2698K->2698K(1056768K)], 0.0447599 secs] [Times: user=0.04 sys=0.00, real=0.04 secs] 
2021-01-22T19:43:54.705-0800: 297.197: [Full GC (Allocation Failure) 2021-01-22T19:43:54.705-0800: 297.197: [Tenured: 349479K->348849K(349568K), 0.0510262 secs] 506674K->415620K(506816K), [Metaspace: 2698K->2698K(1056768K)], 0.0511478 secs] [Times: user=0.04 sys=0.01, real=0.05 secs] 
2021-01-22T19:43:54.769-0800: 297.261: [Full GC (Allocation Failure) 2021-01-22T19:43:54.769-0800: 297.261: [Tenured: 349416K->349485K(349568K), 0.0692366 secs] 506662K->402248K(506816K), [Metaspace: 2698K->2698K(1056768K)], 0.0693339 secs] [Times: user=0.06 sys=0.00, real=0.07 secs] 
2021-01-22T19:43:54.852-0800: 297.344: [Full GC (Allocation Failure) 2021-01-22T19:43:54.852-0800: 297.344: [Tenured: 349557K->349140K(349568K), 0.0322997 secs] 506777K->409865K(506816K), [Metaspace: 2698K->2698K(1056768K)], 0.0323993 secs] [Times: user=0.03 sys=0.00, real=0.03 secs] 
2021-01-22T19:43:54.898-0800: 297.389: [Full GC (Allocation Failure) 2021-01-22T19:43:54.898-0800: 297.389: [Tenured: 349426K->349512K(349568K), 0.0423175 secs] 506669K->406971K(506816K), [Metaspace: 2698K->2698K(1056768K)], 0.0424208 secs] [Times: user=0.04 sys=0.00, real=0.05 secs] 
2021-01-22T19:43:54.954-0800: 297.446: [Full GC (Allocation Failure) 2021-01-22T19:43:54.954-0800: 297.446: [Tenured: 349512K->349188K(349568K), 0.0439985 secs] 506755K->414076K(506816K), [Metaspace: 2698K->2698K(1056768K)], 0.0440987 secs] [Times: user=0.05 sys=0.00, real=0.04 secs] 
2021-01-22T19:43:55.011-0800: 297.502: [Full GC (Allocation Failure) 2021-01-22T19:43:55.011-0800: 297.502: [Tenured: 349332K->349403K(349568K), 0.0519818 secs] 506555K->397211K(506816K), [Metaspace: 2698K->2698K(1056768K)], 0.0520853 secs] [Times: user=0.05 sys=0.00, real=0.05 secs] 
2021-01-22T19:43:55.077-0800: 297.569: [Full GC (Allocation Failure) 2021-01-22T19:43:55.077-0800: 297.569: [Tenured: 349403K->349497K(349568K), 0.0296210 secs] 506432K->411351K(506816K), [Metaspace: 2698K->2698K(1056768K)], 0.0297245 secs] [Times: user=0.03 sys=0.00, real=0.03 secs] 
2021-01-22T19:43:55.119-0800: 297.611: [Full GC (Allocation Failure) 2021-01-22T19:43:55.119-0800: 297.611: [Tenured: 349497K->349252K(349568K), 0.0410106 secs] 506454K->410400K(506816K), [Metaspace: 2698K->2698K(1056768K)], 0.0411122 secs] [Times: user=0.04 sys=0.00, real=0.05 secs] 
2021-01-22T19:43:55.172-0800: 297.663: [Full GC (Allocation Failure) 2021-01-22T19:43:55.172-0800: 297.663: [Tenured: 349495K->349435K(349568K), 0.0503452 secs] 506647K->409734K(506816K), [Metaspace: 2698K->2698K(1056768K)], 0.0504586 secs] [Times: user=0.05 sys=0.00, real=0.05 secs] 
2021-01-22T19:43:55.234-0800: 297.726: [Full GC (Allocation Failure) 2021-01-22T19:43:55.234-0800: 297.726: [Tenured: 349435K->349330K(349568K), 0.0709466 secs] 506680K->397995K(506816K), [Metaspace: 2698K->2698K(1056768K)], 0.0710476 secs] [Times: user=0.06 sys=0.00, real=0.07 secs] 
2021-01-22T19:43:55.320-0800: 297.811: [Full GC (Allocation Failure) 2021-01-22T19:43:55.320-0800: 297.811: [Tenured: 349546K->349265K(349568K), 0.0335833 secs] 506730K->413093K(506816K), [Metaspace: 2698K->2698K(1056768K)], 0.0336790 secs] [Times: user=0.03 sys=0.00, real=0.03 secs] 
2021-01-22T19:43:55.366-0800: 297.857: [Full GC (Allocation Failure) 2021-01-22T19:43:55.366-0800: 297.857: [Tenured: 349443K->349341K(349568K), 0.0397274 secs] 506662K->416181K(506816K), [Metaspace: 2698K->2698K(1056768K)], 0.0398388 secs] [Times: user=0.04 sys=0.00, real=0.04 secs] 
2021-01-22T19:43:55.418-0800: 297.910: [Full GC (Allocation Failure) 2021-01-22T19:43:55.418-0800: 297.910: [Tenured: 349341K->349240K(349568K), 0.0481876 secs] 506284K->413036K(506816K), [Metaspace: 2698K->2698K(1056768K)], 0.0482863 secs] [Times: user=0.04 sys=0.00, real=0.05 secs] 
2021-01-22T19:43:55.480-0800: 297.972: [Full GC (Allocation Failure) 2021-01-22T19:43:55.480-0800: 297.972: [Tenured: 349528K->349266K(349568K), 0.0537909 secs] 506618K->386191K(506816K), [Metaspace: 2698K->2698K(1056768K)], 0.0538875 secs] [Times: user=0.05 sys=0.00, real=0.05 secs] 
2021-01-22T19:43:55.550-0800: 298.041: [Full GC (Allocation Failure) 2021-01-22T19:43:55.550-0800: 298.041: [Tenured: 349321K->349552K(349568K), 0.0302761 secs] 506566K->403376K(506816K), [Metaspace: 2698K->2698K(1056768K)], 0.0303760 secs] [Times: user=0.03 sys=0.00, real=0.03 secs] 
2021-01-22T19:43:55.593-0800: 298.084: [Full GC (Allocation Failure) 2021-01-22T19:43:55.593-0800: 298.084: [Tenured: 349552K->349169K(349568K), 0.0429288 secs] 506762K->404402K(506816K), [Metaspace: 2698K->2698K(1056768K)], 0.0430308 secs] [Times: user=0.04 sys=0.00, real=0.04 secs] 
2021-01-22T19:43:55.649-0800: 298.141: [Full GC (Allocation Failure) 2021-01-22T19:43:55.649-0800: 298.141: [Tenured: 349313K->349338K(349568K), 0.0473673 secs] 506517K->406964K(506816K), [Metaspace: 2698K->2698K(1056768K)], 0.0474666 secs] [Times: user=0.04 sys=0.00, real=0.05 secs] 
2021-01-22T19:43:55.710-0800: 298.202: [Full GC (Allocation Failure) 2021-01-22T19:43:55.711-0800: 298.202: [Tenured: 349482K->349318K(349568K), 0.0584613 secs] 506730K->389483K(506816K), [Metaspace: 2698K->2698K(1056768K)], 0.0585719 secs] [Times: user=0.05 sys=0.00, real=0.05 secs] 
2021-01-22T19:43:55.786-0800: 298.277: [Full GC (Allocation Failure) 2021-01-22T19:43:55.786-0800: 298.277: [Tenured: 349556K->349379K(349568K), 0.0451947 secs] 506733K->413297K(506816K), [Metaspace: 2698K->2698K(1056768K)], 0.0453031 secs] [Times: user=0.03 sys=0.00, real=0.05 secs] 
2021-01-22T19:43:55.842-0800: 298.334: [Full GC (Allocation Failure) 2021-01-22T19:43:55.842-0800: 298.334: [Tenured: 349379K->349393K(349568K), 0.0402397 secs] 506352K->409765K(506816K), [Metaspace: 2698K->2698K(1056768K)], 0.0403362 secs] [Times: user=0.04 sys=0.00, real=0.04 secs] 
2021-01-22T19:43:55.894-0800: 298.386: [Full GC (Allocation Failure) 2021-01-22T19:43:55.894-0800: 298.386: [Tenured: 349393K->349271K(349568K), 0.0432339 secs] 506519K->410458K(506816K), [Metaspace: 2698K->2698K(1056768K)], 0.0433353 secs] [Times: user=0.04 sys=0.00, real=0.04 secs] 
2021-01-22T19:43:55.950-0800: 298.442: [Full GC (Allocation Failure) 2021-01-22T19:43:55.950-0800: 298.442: [Tenured: 349487K->349420K(349568K), 0.0534762 secs] 506669K->392985K(506816K), [Metaspace: 2698K->2698K(1056768K)], 0.0535794 secs] [Times: user=0.05 sys=0.00, real=0.05 secs] 
2021-01-22T19:43:56.018-0800: 298.510: [Full GC (Allocation Failure) 2021-01-22T19:43:56.018-0800: 298.510: [Tenured: 349480K->349288K(349568K), 0.0575579 secs] 506716K->401848K(506816K), [Metaspace: 2698K->2698K(1056768K)], 0.0576563 secs] [Times: user=0.03 sys=0.00, real=0.06 secs] 
2021-01-22T19:43:56.097-0800: 298.588: [Full GC (Allocation Failure) 2021-01-22T19:43:56.097-0800: 298.588: [Tenured: 349308K->349503K(349568K), 0.0729285 secs] 506539K->395509K(506816K), [Metaspace: 2698K->2698K(1056768K)], 0.0730390 secs] [Times: user=0.07 sys=0.01, real=0.08 secs] 
2021-01-22T19:43:56.186-0800: 298.678: [Full GC (Allocation Failure) 2021-01-22T19:43:56.186-0800: 298.678: [Tenured: 349503K->349502K(349568K), 0.0474734 secs] 506154K->394397K(506816K), [Metaspace: 2698K->2698K(1056768K)], 0.0475880 secs] [Times: user=0.05 sys=0.00, real=0.05 secs] 
2021-01-22T19:43:56.249-0800: 298.741: [Full GC (Allocation Failure) 2021-01-22T19:43:56.250-0800: 298.741: [Tenured: 349502K->349520K(349568K), 0.0540382 secs] 506626K->381022K(506816K), [Metaspace: 2698K->2698K(1056768K)], 0.0541555 secs] [Times: user=0.06 sys=0.00, real=0.06 secs] 
2021-01-22T19:43:56.324-0800: 298.816: [Full GC (Allocation Failure) 2021-01-22T19:43:56.324-0800: 298.816: [Tenured: 349556K->349412K(349568K), 0.0299032 secs] 506802K->402594K(506816K), [Metaspace: 2698K->2698K(1056768K)], 0.0300145 secs] [Times: user=0.03 sys=0.00, real=0.03 secs] 
2021-01-22T19:43:56.371-0800: 298.863: [Full GC (Allocation Failure) 2021-01-22T19:43:56.371-0800: 298.863: [Tenured: 349412K->349439K(349568K), 0.0395784 secs] 506074K->402832K(506816K), [Metaspace: 2698K->2698K(1056768K)], 0.0396902 secs] [Times: user=0.04 sys=0.00, real=0.04 secs] 
2021-01-22T19:43:56.428-0800: 298.920: [Full GC (Allocation Failure) 2021-01-22T19:43:56.428-0800: 298.920: [Tenured: 349439K->349450K(349568K), 0.0497396 secs] 506410K->398106K(506816K), [Metaspace: 2698K->2698K(1056768K)], 0.0498570 secs] [Times: user=0.04 sys=0.00, real=0.05 secs] 
2021-01-22T19:43:56.499-0800: 298.991: [Full GC (Allocation Failure) 2021-01-22T19:43:56.500-0800: 298.991: [Tenured: 349544K->349518K(349568K), 0.0642710 secs] 506792K->381464K(506816K), [Metaspace: 2698K->2698K(1056768K)], 0.0647610 secs] [Times: user=0.05 sys=0.00, real=0.07 secs] 
2021-01-22T19:43:56.582-0800: 299.074: [Full GC (Allocation Failure) 2021-01-22T19:43:56.582-0800: 299.074: [Tenured: 349518K->349544K(349568K), 0.0346082 secs] 506694K->399186K(506816K), [Metaspace: 2698K->2698K(1056768K)], 0.0347053 secs] [Times: user=0.03 sys=0.00, real=0.03 secs] 
2021-01-22T19:43:56.630-0800: 299.122: [Full GC (Allocation Failure) 2021-01-22T19:43:56.630-0800: 299.122: [Tenured: 349544K->349295K(349568K), 0.0437996 secs] 506459K->399476K(506816K), [Metaspace: 2698K->2698K(1056768K)], 0.0438953 secs] [Times: user=0.04 sys=0.00, real=0.04 secs] 
2021-01-22T19:43:56.689-0800: 299.180: [Full GC (Allocation Failure) 2021-01-22T19:43:56.689-0800: 299.180: [Tenured: 349295K->349411K(349568K), 0.0469692 secs] 506542K->400399K(506816K), [Metaspace: 2698K->2698K(1056768K)], 0.0470707 secs] [Times: user=0.05 sys=0.00, real=0.05 secs] 
2021-01-22T19:43:56.750-0800: 299.242: [Full GC (Allocation Failure) 2021-01-22T19:43:56.750-0800: 299.242: [Tenured: 349411K->349538K(349568K), 0.0554599 secs] 506567K->381482K(506816K), [Metaspace: 2698K->2698K(1056768K)], 0.0555737 secs] [Times: user=0.05 sys=0.00, real=0.05 secs] 
2021-01-22T19:43:56.822-0800: 299.314: [Full GC (Allocation Failure) 2021-01-22T19:43:56.822-0800: 299.314: [Tenured: 349538K->349295K(349568K), 0.0353410 secs] 506777K->397611K(506816K), [Metaspace: 2698K->2698K(1056768K)], 0.0354627 secs] [Times: user=0.04 sys=0.00, real=0.03 secs] 
2021-01-22T19:43:56.870-0800: 299.362: [Full GC (Allocation Failure) 2021-01-22T19:43:56.870-0800: 299.362: [Tenured: 349295K->349439K(349568K), 0.0417618 secs] 506154K->398492K(506816K), [Metaspace: 2698K->2698K(1056768K)], 0.0419049 secs] [Times: user=0.04 sys=0.01, real=0.04 secs] 
2021-01-22T19:43:56.925-0800: 299.417: [Full GC (Allocation Failure) 2021-01-22T19:43:56.925-0800: 299.417: [Tenured: 349439K->349476K(349568K), 0.0432423 secs] 506387K->399275K(506816K), [Metaspace: 2698K->2698K(1056768K)], 0.0433491 secs] [Times: user=0.04 sys=0.00, real=0.04 secs] 
2021-01-22T19:43:56.982-0800: 299.474: [Full GC (Allocation Failure) 2021-01-22T19:43:56.982-0800: 299.474: [Tenured: 349548K->349442K(349568K), 0.0525274 secs] 506787K->383017K(506816K), [Metaspace: 2698K->2698K(1056768K)], 0.0526250 secs] [Times: user=0.05 sys=0.00, real=0.05 secs] 
2021-01-22T19:43:57.051-0800: 299.543: [Full GC (Allocation Failure) 2021-01-22T19:43:57.051-0800: 299.543: [Tenured: 349442K->349488K(349568K), 0.0297572 secs] 506452K->405222K(506816K), [Metaspace: 2698K->2698K(1056768K)], 0.0298562 secs] [Times: user=0.03 sys=0.00, real=0.03 secs] 
2021-01-22T19:43:57.094-0800: 299.585: [Full GC (Allocation Failure) 2021-01-22T19:43:57.094-0800: 299.585: [Tenured: 349555K->349524K(349568K), 0.0428793 secs] 506797K->402621K(506816K), [Metaspace: 2698K->2698K(1056768K)], 0.0429797 secs] [Times: user=0.04 sys=0.00, real=0.04 secs] 
2021-01-22T19:43:57.150-0800: 299.642: [Full GC (Allocation Failure) 2021-01-22T19:43:57.150-0800: 299.642: [Tenured: 349524K->349458K(349568K), 0.0445796 secs] 506504K->405702K(506816K), [Metaspace: 2698K->2698K(1056768K)], 0.0446768 secs] [Times: user=0.04 sys=0.00, real=0.04 secs] 
2021-01-22T19:43:57.207-0800: 299.699: [Full GC (Allocation Failure) 2021-01-22T19:43:57.207-0800: 299.699: [Tenured: 349458K->349498K(349568K), 0.0502377 secs] 506428K->383401K(506816K), [Metaspace: 2698K->2698K(1056768K)], 0.0503365 secs] [Times: user=0.05 sys=0.00, real=0.05 secs] 
2021-01-22T19:43:57.272-0800: 299.764: [Full GC (Allocation Failure) 2021-01-22T19:43:57.272-0800: 299.764: [Tenured: 349498K->349524K(349568K), 0.0323141 secs] 506519K->405033K(506816K), [Metaspace: 2698K->2698K(1056768K)], 0.0324298 secs] [Times: user=0.04 sys=0.00, real=0.03 secs] 
2021-01-22T19:43:57.318-0800: 299.810: [Full GC (Allocation Failure) 2021-01-22T19:43:57.318-0800: 299.810: [Tenured: 349524K->349300K(349568K), 0.0421206 secs] 506723K->408081K(506816K), [Metaspace: 2698K->2698K(1056768K)], 0.0422181 secs] [Times: user=0.04 sys=0.00, real=0.05 secs] 
2021-01-22T19:43:57.373-0800: 299.864: [Full GC (Allocation Failure) 2021-01-22T19:43:57.373-0800: 299.864: [Tenured: 349300K->349283K(349568K), 0.0445732 secs] 506480K->400141K(506816K), [Metaspace: 2698K->2698K(1056768K)], 0.0446845 secs] [Times: user=0.04 sys=0.00, real=0.04 secs] 
2021-01-22T19:43:57.432-0800: 299.924: [Full GC (Allocation Failure) 2021-01-22T19:43:57.432-0800: 299.924: [Tenured: 349349K->349536K(349568K), 0.0512626 secs] 506562K->385248K(506816K), [Metaspace: 2698K->2698K(1056768K)], 0.0513632 secs] [Times: user=0.05 sys=0.00, real=0.05 secs] 
2021-01-22T19:43:57.498-0800: 299.990: [Full GC (Allocation Failure) 2021-01-22T19:43:57.498-0800: 299.990: [Tenured: 349536K->349552K(349568K), 0.0313835 secs] 506708K->395721K(506816K), [Metaspace: 2698K->2698K(1056768K)], 0.0314909 secs] [Times: user=0.03 sys=0.01, real=0.04 secs] 
2021-01-22T19:43:57.545-0800: 300.037: [Full GC (Allocation Failure) 2021-01-22T19:43:57.545-0800: 300.037: [Tenured: 349552K->349385K(349568K), 0.0392396 secs] 506785K->401788K(506816K), [Metaspace: 2698K->2698K(1056768K)], 0.0393403 secs] [Times: user=0.03 sys=0.00, real=0.04 secs] 
2021-01-22T19:43:57.597-0800: 300.089: [Full GC (Allocation Failure) 2021-01-22T19:43:57.598-0800: 300.089: [Tenured: 349520K->349321K(349568K), 0.0421149 secs] 506767K->400162K(506816K), [Metaspace: 2698K->2698K(1056768K)], 0.0422167 secs] [Times: user=0.04 sys=0.00, real=0.05 secs] 
2021-01-22T19:43:57.654-0800: 300.146: [Full GC (Allocation Failure) 2021-01-22T19:43:57.654-0800: 300.146: [Tenured: 349321K->349530K(349568K), 0.0501048 secs] 506441K->381000K(506816K), [Metaspace: 2698K->2698K(1056768K)], 0.0502021 secs] [Times: user=0.05 sys=0.00, real=0.05 secs] 
2021-01-22T19:43:57.720-0800: 300.212: [Full GC (Allocation Failure) 2021-01-22T19:43:57.720-0800: 300.212: [Tenured: 349548K->349539K(349568K), 0.0344693 secs] 506793K->393267K(506816K), [Metaspace: 2698K->2698K(1056768K)], 0.0345659 secs] [Times: user=0.03 sys=0.00, real=0.03 secs] 
2021-01-22T19:43:57.769-0800: 300.261: [Full GC (Allocation Failure) 2021-01-22T19:43:57.769-0800: 300.261: [Tenured: 349539K->349449K(349568K), 0.0391455 secs] 506776K->389492K(506816K), [Metaspace: 2698K->2698K(1056768K)], 0.0392522 secs] [Times: user=0.04 sys=0.00, real=0.04 secs] 
Heap
 def new generation   total 157248K, used 45216K [0x00000007a0000000, 0x00000007aaaa0000, 0x00000007aaaa0000)
  eden space 139776K,  32% used [0x00000007a0000000, 0x00000007a2c28298, 0x00000007a8880000)
  from space 17472K,   0% used [0x00000007a9990000, 0x00000007a9990000, 0x00000007aaaa0000)
  to   space 17472K,   0% used [0x00000007a8880000, 0x00000007a8880000, 0x00000007a9990000)
 tenured generation   total 349568K, used 349449K [0x00000007aaaa0000, 0x00000007c0000000, 0x00000007c0000000)
   the space 349568K,  99% used [0x00000007aaaa0000, 0x00000007bffe2600, 0x00000007bffe2600, 0x00000007c0000000)
 Metaspace       used 2704K, capacity 4490K, committed 4864K, reserved 1056768K
  class space    used 295K, capacity 386K, committed 512K, reserved 1048576K
