Java HotSpot(TM) 64-Bit Server VM (25.151-b12) for bsd-amd64 JRE (1.8.0_151-b12), built on Sep  5 2017 19:37:08 by "java_re" with gcc 4.2.1 (Based on Apple Inc. build 5658) (LLVM build 2336.11.00)
Memory: 4k page, physical 8388608k(55148k free)

/proc/meminfo:

CommandLine flags: -XX:InitialHeapSize=1073741824 -XX:MaxHeapSize=1073741824 -XX:+PrintGC -XX:+PrintGCDateStamps -XX:+PrintGCDetails -XX:+PrintGCTimeStamps -XX:-UseAdaptiveSizePolicy -XX:+UseCompressedClassPointers -XX:+UseCompressedOops -XX:+UseSerialGC 
2021-01-22T20:59:11.789-0800: 0.357: [GC (Allocation Failure) 2021-01-22T20:59:11.789-0800: 0.357: [DefNew: 279616K->34944K(314560K), 0.0649603 secs] 279616K->89680K(1013632K), 0.0650944 secs] [Times: user=0.03 sys=0.03, real=0.07 secs] 
2021-01-22T20:59:11.902-0800: 0.470: [GC (Allocation Failure) 2021-01-22T20:59:11.902-0800: 0.470: [DefNew: 314560K->34944K(314560K), 0.0845582 secs] 369296K->172600K(1013632K), 0.0846530 secs] [Times: user=0.04 sys=0.04, real=0.08 secs] 
2021-01-22T20:59:12.017-0800: 0.585: [GC (Allocation Failure) 2021-01-22T20:59:12.017-0800: 0.585: [DefNew: 314560K->34943K(314560K), 0.0559617 secs] 452216K->247869K(1013632K), 0.0560487 secs] [Times: user=0.03 sys=0.02, real=0.06 secs] 
2021-01-22T20:59:12.109-0800: 0.677: [GC (Allocation Failure) 2021-01-22T20:59:12.109-0800: 0.677: [DefNew: 314559K->34943K(314560K), 0.0573127 secs] 527485K->328055K(1013632K), 0.0573962 secs] [Times: user=0.03 sys=0.02, real=0.06 secs] 
2021-01-22T20:59:12.198-0800: 0.766: [GC (Allocation Failure) 2021-01-22T20:59:12.204-0800: 0.772: [DefNew: 314559K->34943K(314560K), 0.0540378 secs] 607671K->399717K(1013632K), 0.0597190 secs] [Times: user=0.03 sys=0.03, real=0.06 secs] 
2021-01-22T20:59:12.287-0800: 0.855: [GC (Allocation Failure) 2021-01-22T20:59:12.287-0800: 0.855: [DefNew: 314559K->34943K(314560K), 0.0752124 secs] 679333K->486242K(1013632K), 0.0753007 secs] [Times: user=0.04 sys=0.03, real=0.08 secs] 
2021-01-22T20:59:12.396-0800: 0.964: [GC (Allocation Failure) 2021-01-22T20:59:12.396-0800: 0.964: [DefNew: 314559K->34943K(314560K), 0.0683431 secs] 765858K->565477K(1013632K), 0.0684349 secs] [Times: user=0.03 sys=0.02, real=0.07 secs] 
2021-01-22T20:59:12.503-0800: 1.071: [GC (Allocation Failure) 2021-01-22T20:59:12.503-0800: 1.071: [DefNew: 314559K->34944K(314560K), 0.0708036 secs] 845093K->645732K(1013632K), 0.0713548 secs] [Times: user=0.03 sys=0.03, real=0.07 secs] 
2021-01-22T20:59:12.612-0800: 1.180: [GC (Allocation Failure) 2021-01-22T20:59:12.612-0800: 1.180: [DefNew: 314560K->314560K(314560K), 0.0001835 secs]2021-01-22T20:59:12.612-0800: 1.180: [Tenured: 610788K->367739K(699072K), 0.0800332 secs] 925348K->367739K(1013632K), [Metaspace: 2691K->2691K(1056768K)], 0.0804785 secs] [Times: user=0.08 sys=0.01, real=0.08 secs] 
2021-01-22T20:59:12.725-0800: 1.293: [GC (Allocation Failure) 2021-01-22T20:59:12.725-0800: 1.293: [DefNew: 279616K->34943K(314560K), 0.0128454 secs] 647355K->453486K(1013632K), 0.0129209 secs] [Times: user=0.01 sys=0.00, real=0.01 secs] 
2021-01-22T20:59:12.769-0800: 1.337: [GC (Allocation Failure) 2021-01-22T20:59:12.769-0800: 1.337: [DefNew: 314559K->34943K(314560K), 0.0184998 secs] 733102K->544146K(1013632K), 0.0185742 secs] [Times: user=0.02 sys=0.00, real=0.02 secs] 
2021-01-22T20:59:12.821-0800: 1.389: [GC (Allocation Failure) 2021-01-22T20:59:12.821-0800: 1.389: [DefNew: 314559K->34943K(314560K), 0.0147221 secs] 823762K->612040K(1013632K), 0.0147973 secs] [Times: user=0.01 sys=0.00, real=0.01 secs] 
2021-01-22T20:59:12.868-0800: 1.436: [GC (Allocation Failure) 2021-01-22T20:59:12.868-0800: 1.436: [DefNew: 314559K->34943K(314560K), 0.0391646 secs] 891656K->692687K(1013632K), 0.0392370 secs] [Times: user=0.03 sys=0.01, real=0.04 secs] 
2021-01-22T20:59:12.939-0800: 1.507: [GC (Allocation Failure) 2021-01-22T20:59:12.939-0800: 1.507: [DefNew: 314559K->314559K(314560K), 0.0000193 secs]2021-01-22T20:59:12.939-0800: 1.507: [Tenured: 657743K->397693K(699072K), 0.0556740 secs] 972303K->397693K(1013632K), [Metaspace: 2691K->2691K(1056768K)], 0.0557781 secs] [Times: user=0.05 sys=0.00, real=0.06 secs] 
2021-01-22T20:59:13.029-0800: 1.597: [GC (Allocation Failure) 2021-01-22T20:59:13.029-0800: 1.597: [DefNew: 279616K->34942K(314560K), 0.0110430 secs] 677309K->478639K(1013632K), 0.0111401 secs] [Times: user=0.01 sys=0.00, real=0.02 secs] 
2021-01-22T20:59:13.073-0800: 1.641: [GC (Allocation Failure) 2021-01-22T20:59:13.073-0800: 1.641: [DefNew: 314558K->34944K(314560K), 0.0145863 secs] 758255K->554439K(1013632K), 0.0147154 secs] [Times: user=0.01 sys=0.00, real=0.01 secs] 
2021-01-22T20:59:13.121-0800: 1.689: [GC (Allocation Failure) 2021-01-22T20:59:13.121-0800: 1.689: [DefNew: 314560K->34942K(314560K), 0.0228159 secs] 834055K->637363K(1013632K), 0.0229054 secs] [Times: user=0.02 sys=0.00, real=0.02 secs] 
2021-01-22T20:59:13.175-0800: 1.743: [GC (Allocation Failure) 2021-01-22T20:59:13.175-0800: 1.743: [DefNew: 314558K->34941K(314560K), 0.0315165 secs] 916979K->723344K(1013632K), 0.0315947 secs] [Times: user=0.03 sys=0.01, real=0.03 secs] 
2021-01-22T20:59:13.239-0800: 1.807: [GC (Allocation Failure) 2021-01-22T20:59:13.239-0800: 1.807: [DefNew: 314557K->314557K(314560K), 0.0000348 secs]2021-01-22T20:59:13.239-0800: 1.807: [Tenured: 688403K->399970K(699072K), 0.0489149 secs] 1002960K->399970K(1013632K), [Metaspace: 2691K->2691K(1056768K)], 0.0490487 secs] [Times: user=0.04 sys=0.00, real=0.05 secs] 
2021-01-22T20:59:13.320-0800: 1.888: [GC (Allocation Failure) 2021-01-22T20:59:13.320-0800: 1.888: [DefNew: 279616K->34943K(314560K), 0.0116066 secs] 679586K->491125K(1013632K), 0.0116914 secs] [Times: user=0.01 sys=0.00, real=0.01 secs] 
2021-01-22T20:59:13.362-0800: 1.930: [GC (Allocation Failure) 2021-01-22T20:59:13.362-0800: 1.930: [DefNew: 314559K->34943K(314560K), 0.0144809 secs] 770741K->575179K(1013632K), 0.0145673 secs] [Times: user=0.02 sys=0.00, real=0.01 secs] 
2021-01-22T20:59:13.407-0800: 1.975: [GC (Allocation Failure) 2021-01-22T20:59:13.407-0800: 1.975: [DefNew: 314559K->34943K(314560K), 0.0147087 secs] 854795K->650286K(1013632K), 0.0148051 secs] [Times: user=0.01 sys=0.00, real=0.02 secs] 
2021-01-22T20:59:13.453-0800: 2.021: [GC (Allocation Failure) 2021-01-22T20:59:13.453-0800: 2.021: [DefNew: 314559K->314559K(314560K), 0.0000195 secs]2021-01-22T20:59:13.453-0800: 2.021: [Tenured: 615343K->382636K(699072K), 0.0561449 secs] 929902K->382636K(1013632K), [Metaspace: 2691K->2691K(1056768K)], 0.0562721 secs] [Times: user=0.06 sys=0.00, real=0.05 secs] 
2021-01-22T20:59:13.539-0800: 2.107: [GC (Allocation Failure) 2021-01-22T20:59:13.539-0800: 2.107: [DefNew: 279616K->34943K(314560K), 0.0106773 secs] 662252K->468031K(1013632K), 0.0107693 secs] [Times: user=0.01 sys=0.00, real=0.02 secs] 
2021-01-22T20:59:13.580-0800: 2.148: [GC (Allocation Failure) 2021-01-22T20:59:13.580-0800: 2.148: [DefNew: 314559K->34944K(314560K), 0.0141235 secs] 747647K->545049K(1013632K), 0.0142130 secs] [Times: user=0.01 sys=0.00, real=0.01 secs] 
2021-01-22T20:59:13.626-0800: 2.194: [GC (Allocation Failure) 2021-01-22T20:59:13.626-0800: 2.194: [DefNew: 314560K->34943K(314560K), 0.0213751 secs] 824665K->620885K(1013632K), 0.0214751 secs] [Times: user=0.02 sys=0.00, real=0.02 secs] 
2021-01-22T20:59:13.678-0800: 2.246: [GC (Allocation Failure) 2021-01-22T20:59:13.679-0800: 2.246: [DefNew: 314559K->34943K(314560K), 0.0139716 secs] 900501K->698069K(1013632K), 0.0140620 secs] [Times: user=0.01 sys=0.00, real=0.02 secs] 
2021-01-22T20:59:13.723-0800: 2.291: [GC (Allocation Failure) 2021-01-22T20:59:13.723-0800: 2.291: [DefNew: 314559K->314559K(314560K), 0.0000197 secs]2021-01-22T20:59:13.723-0800: 2.291: [Tenured: 663125K->419978K(699072K), 0.0490678 secs] 977685K->419978K(1013632K), [Metaspace: 2691K->2691K(1056768K)], 0.0491950 secs] [Times: user=0.05 sys=0.00, real=0.05 secs] 
2021-01-22T20:59:13.803-0800: 2.371: [GC (Allocation Failure) 2021-01-22T20:59:13.803-0800: 2.371: [DefNew: 279616K->34943K(314560K), 0.0107776 secs] 699594K->506688K(1013632K), 0.0108641 secs] [Times: user=0.01 sys=0.00, real=0.01 secs] 
2021-01-22T20:59:13.844-0800: 2.412: [GC (Allocation Failure) 2021-01-22T20:59:13.844-0800: 2.412: [DefNew: 314559K->34943K(314560K), 0.0138476 secs] 786304K->584130K(1013632K), 0.0139558 secs] [Times: user=0.02 sys=0.00, real=0.01 secs] 
2021-01-22T20:59:13.889-0800: 2.457: [GC (Allocation Failure) 2021-01-22T20:59:13.889-0800: 2.457: [DefNew: 314559K->34943K(314560K), 0.0139513 secs] 863746K->661884K(1013632K), 0.0140442 secs] [Times: user=0.01 sys=0.00, real=0.02 secs] 
2021-01-22T20:59:13.933-0800: 2.501: [GC (Allocation Failure) 2021-01-22T20:59:13.933-0800: 2.501: [DefNew: 314559K->314559K(314560K), 0.0000197 secs]2021-01-22T20:59:13.933-0800: 2.501: [Tenured: 626941K->421759K(699072K), 0.0537721 secs] 941500K->421759K(1013632K), [Metaspace: 2691K->2691K(1056768K)], 0.0538940 secs] [Times: user=0.05 sys=0.00, real=0.05 secs] 
2021-01-22T20:59:14.019-0800: 2.587: [GC (Allocation Failure) 2021-01-22T20:59:14.019-0800: 2.587: [DefNew: 279616K->34944K(314560K), 0.0103802 secs] 701375K->500975K(1013632K), 0.0104681 secs] [Times: user=0.01 sys=0.00, real=0.02 secs] 
2021-01-22T20:59:14.059-0800: 2.627: [GC (Allocation Failure) 2021-01-22T20:59:14.059-0800: 2.627: [DefNew: 314204K->34942K(314560K), 0.0145245 secs] 780236K->577624K(1013632K), 0.0146218 secs] [Times: user=0.01 sys=0.00, real=0.02 secs] 
2021-01-22T20:59:14.104-0800: 2.672: [GC (Allocation Failure) 2021-01-22T20:59:14.104-0800: 2.672: [DefNew: 314558K->34943K(314560K), 0.0153596 secs] 857240K->661517K(1013632K), 0.0154432 secs] [Times: user=0.02 sys=0.00, real=0.01 secs] 
2021-01-22T20:59:14.155-0800: 2.723: [GC (Allocation Failure) 2021-01-22T20:59:14.155-0800: 2.723: [DefNew: 314559K->314559K(314560K), 0.0000201 secs]2021-01-22T20:59:14.155-0800: 2.723: [Tenured: 626574K->406926K(699072K), 0.0481418 secs] 941133K->406926K(1013632K), [Metaspace: 2691K->2691K(1056768K)], 0.0482695 secs] [Times: user=0.05 sys=0.00, real=0.05 secs] 
2021-01-22T20:59:14.235-0800: 2.803: [GC (Allocation Failure) 2021-01-22T20:59:14.235-0800: 2.803: [DefNew: 279616K->34943K(314560K), 0.0103330 secs] 686542K->489235K(1013632K), 0.0104147 secs] [Times: user=0.01 sys=0.00, real=0.01 secs] 
2021-01-22T20:59:14.275-0800: 2.843: [GC (Allocation Failure) 2021-01-22T20:59:14.275-0800: 2.843: [DefNew: 314559K->34941K(314560K), 0.0153687 secs] 768851K->574098K(1013632K), 0.0154590 secs] [Times: user=0.02 sys=0.00, real=0.02 secs] 
2021-01-22T20:59:14.320-0800: 2.888: [GC (Allocation Failure) 2021-01-22T20:59:14.320-0800: 2.888: [DefNew: 313989K->34943K(314560K), 0.0130167 secs] 853145K->646812K(1013632K), 0.0131262 secs] [Times: user=0.01 sys=0.00, real=0.01 secs] 
2021-01-22T20:59:14.363-0800: 2.931: [GC (Allocation Failure) 2021-01-22T20:59:14.363-0800: 2.931: [DefNew: 314559K->314559K(314560K), 0.0000201 secs]2021-01-22T20:59:14.363-0800: 2.931: [Tenured: 611868K->384838K(699072K), 0.0476633 secs] 926428K->384838K(1013632K), [Metaspace: 2691K->2691K(1056768K)], 0.0477900 secs] [Times: user=0.05 sys=0.00, real=0.05 secs] 
2021-01-22T20:59:14.442-0800: 3.010: [GC (Allocation Failure) 2021-01-22T20:59:14.442-0800: 3.010: [DefNew: 279616K->34943K(314560K), 0.0104864 secs] 664454K->468580K(1013632K), 0.0105724 secs] [Times: user=0.01 sys=0.00, real=0.01 secs] 
2021-01-22T20:59:14.485-0800: 3.053: [GC (Allocation Failure) 2021-01-22T20:59:14.485-0800: 3.053: [DefNew: 314559K->34943K(314560K), 0.0182226 secs] 748196K->542377K(1013632K), 0.0183136 secs] [Times: user=0.02 sys=0.00, real=0.02 secs] 
2021-01-22T20:59:14.534-0800: 3.102: [GC (Allocation Failure) 2021-01-22T20:59:14.534-0800: 3.102: [DefNew: 314559K->34943K(314560K), 0.0139566 secs] 821993K->620215K(1013632K), 0.0140495 secs] [Times: user=0.01 sys=0.00, real=0.01 secs] 
2021-01-22T20:59:14.578-0800: 3.146: [GC (Allocation Failure) 2021-01-22T20:59:14.579-0800: 3.147: [DefNew: 314559K->34943K(314560K), 0.0144686 secs] 899831K->701380K(1013632K), 0.0145750 secs] [Times: user=0.02 sys=0.00, real=0.02 secs] 
2021-01-22T20:59:14.626-0800: 3.194: [GC (Allocation Failure) 2021-01-22T20:59:14.626-0800: 3.194: [DefNew: 314559K->314559K(314560K), 0.0000201 secs]2021-01-22T20:59:14.626-0800: 3.194: [Tenured: 666437K->415934K(699072K), 0.0540872 secs] 980996K->415934K(1013632K), [Metaspace: 2691K->2691K(1056768K)], 0.0542303 secs] [Times: user=0.05 sys=0.00, real=0.06 secs] 
2021-01-22T20:59:14.712-0800: 3.280: [GC (Allocation Failure) 2021-01-22T20:59:14.712-0800: 3.280: [DefNew: 279616K->34943K(314560K), 0.0111286 secs] 695550K->506191K(1013632K), 0.0112152 secs] [Times: user=0.02 sys=0.00, real=0.01 secs] 
2021-01-22T20:59:14.752-0800: 3.320: [GC (Allocation Failure) 2021-01-22T20:59:14.752-0800: 3.320: [DefNew: 314559K->34943K(314560K), 0.0156051 secs] 785807K->594077K(1013632K), 0.0156977 secs] [Times: user=0.02 sys=0.00, real=0.01 secs] 
2021-01-22T20:59:14.797-0800: 3.365: [GC (Allocation Failure) 2021-01-22T20:59:14.797-0800: 3.365: [DefNew: 314559K->34944K(314560K), 0.0137712 secs] 873693K->668779K(1013632K), 0.0138656 secs] [Times: user=0.01 sys=0.00, real=0.02 secs] 
2021-01-22T20:59:14.842-0800: 3.410: [GC (Allocation Failure) 2021-01-22T20:59:14.842-0800: 3.410: [DefNew: 314560K->314560K(314560K), 0.0000198 secs]2021-01-22T20:59:14.842-0800: 3.410: [Tenured: 633835K->412424K(699072K), 0.0464683 secs] 948395K->412424K(1013632K), [Metaspace: 2691K->2691K(1056768K)], 0.0465962 secs] [Times: user=0.05 sys=0.00, real=0.04 secs] 
2021-01-22T20:59:14.919-0800: 3.487: [GC (Allocation Failure) 2021-01-22T20:59:14.919-0800: 3.487: [DefNew: 279616K->34943K(314560K), 0.0103503 secs] 692040K->495982K(1013632K), 0.0104369 secs] [Times: user=0.01 sys=0.00, real=0.02 secs] 
2021-01-22T20:59:14.958-0800: 3.526: [GC (Allocation Failure) 2021-01-22T20:59:14.958-0800: 3.526: [DefNew: 314559K->34943K(314560K), 0.0133147 secs] 775598K->571195K(1013632K), 0.0134019 secs] [Times: user=0.01 sys=0.00, real=0.02 secs] 
2021-01-22T20:59:15.007-0800: 3.575: [GC (Allocation Failure) 2021-01-22T20:59:15.007-0800: 3.575: [DefNew: 314484K->34943K(314560K), 0.0139228 secs] 850736K->645502K(1013632K), 0.0140208 secs] [Times: user=0.01 sys=0.00, real=0.02 secs] 
2021-01-22T20:59:15.053-0800: 3.621: [GC (Allocation Failure) 2021-01-22T20:59:15.053-0800: 3.621: [DefNew: 314559K->314559K(314560K), 0.0000207 secs]2021-01-22T20:59:15.053-0800: 3.621: [Tenured: 610558K->405087K(699072K), 0.0461776 secs] 925118K->405087K(1013632K), [Metaspace: 2691K->2691K(1056768K)], 0.0463035 secs] [Times: user=0.05 sys=0.00, real=0.04 secs] 
2021-01-22T20:59:15.132-0800: 3.700: [GC (Allocation Failure) 2021-01-22T20:59:15.132-0800: 3.700: [DefNew: 279616K->34943K(314560K), 0.0104282 secs] 684703K->487850K(1013632K), 0.0105253 secs] [Times: user=0.01 sys=0.00, real=0.01 secs] 
2021-01-22T20:59:15.178-0800: 3.746: [GC (Allocation Failure) 2021-01-22T20:59:15.178-0800: 3.746: [DefNew: 314559K->34943K(314560K), 0.0139465 secs] 767466K->563931K(1013632K), 0.0140366 secs] [Times: user=0.01 sys=0.00, real=0.02 secs] 
2021-01-22T20:59:15.222-0800: 3.790: [GC (Allocation Failure) 2021-01-22T20:59:15.222-0800: 3.790: [DefNew: 314559K->34943K(314560K), 0.0137570 secs] 843547K->640544K(1013632K), 0.0138476 secs] [Times: user=0.02 sys=0.00, real=0.01 secs] 
2021-01-22T20:59:15.266-0800: 3.834: [GC (Allocation Failure) 2021-01-22T20:59:15.267-0800: 3.835: [DefNew: 314559K->314559K(314560K), 0.0000204 secs]2021-01-22T20:59:15.267-0800: 3.835: [Tenured: 605600K->364791K(699072K), 0.0453079 secs] 920160K->364791K(1013632K), [Metaspace: 2691K->2691K(1056768K)], 0.0454378 secs] [Times: user=0.04 sys=0.00, real=0.05 secs] 
2021-01-22T20:59:15.341-0800: 3.909: [GC (Allocation Failure) 2021-01-22T20:59:15.341-0800: 3.909: [DefNew: 279616K->34943K(314560K), 0.0102599 secs] 644407K->448451K(1013632K), 0.0103594 secs] [Times: user=0.01 sys=0.00, real=0.01 secs] 
2021-01-22T20:59:15.382-0800: 3.950: [GC (Allocation Failure) 2021-01-22T20:59:15.382-0800: 3.950: [DefNew: 314559K->34943K(314560K), 0.0139668 secs] 728067K->527602K(1013632K), 0.0140565 secs] [Times: user=0.02 sys=0.00, real=0.01 secs] 
2021-01-22T20:59:15.427-0800: 3.995: [GC (Allocation Failure) 2021-01-22T20:59:15.427-0800: 3.995: [DefNew: 314559K->34943K(314560K), 0.0137021 secs] 807218K->605163K(1013632K), 0.0138022 secs] [Times: user=0.01 sys=0.00, real=0.02 secs] 
2021-01-22T20:59:15.471-0800: 4.039: [GC (Allocation Failure) 2021-01-22T20:59:15.471-0800: 4.039: [DefNew: 314542K->34943K(314560K), 0.0157729 secs] 884762K->684599K(1013632K), 0.0158931 secs] [Times: user=0.02 sys=0.00, real=0.01 secs] 
2021-01-22T20:59:15.521-0800: 4.089: [GC (Allocation Failure) 2021-01-22T20:59:15.521-0800: 4.089: [DefNew: 314559K->314559K(314560K), 0.0000200 secs]2021-01-22T20:59:15.522-0800: 4.089: [Tenured: 649655K->405891K(699072K), 0.0454252 secs] 964215K->405891K(1013632K), [Metaspace: 2698K->2698K(1056768K)], 0.0455635 secs] [Times: user=0.05 sys=0.00, real=0.04 secs] 
2021-01-22T20:59:15.597-0800: 4.165: [GC (Allocation Failure) 2021-01-22T20:59:15.597-0800: 4.165: [DefNew: 279616K->34943K(314560K), 0.0109997 secs] 685507K->493852K(1013632K), 0.0110930 secs] [Times: user=0.01 sys=0.00, real=0.01 secs] 
2021-01-22T20:59:15.637-0800: 4.205: [GC (Allocation Failure) 2021-01-22T20:59:15.637-0800: 4.205: [DefNew: 314559K->34943K(314560K), 0.0148435 secs] 773468K->576043K(1013632K), 0.0149331 secs] [Times: user=0.01 sys=0.00, real=0.02 secs] 
2021-01-22T20:59:15.687-0800: 4.255: [GC (Allocation Failure) 2021-01-22T20:59:15.687-0800: 4.255: [DefNew: 314559K->34944K(314560K), 0.0152766 secs] 855659K->661640K(1013632K), 0.0153686 secs] [Times: user=0.01 sys=0.00, real=0.02 secs] 
2021-01-22T20:59:15.733-0800: 4.301: [GC (Allocation Failure) 2021-01-22T20:59:15.733-0800: 4.301: [DefNew: 314560K->314560K(314560K), 0.0000206 secs]2021-01-22T20:59:15.733-0800: 4.301: [Tenured: 626696K->399993K(699072K), 0.0448923 secs] 941256K->399993K(1013632K), [Metaspace: 2698K->2698K(1056768K)], 0.0450203 secs] [Times: user=0.05 sys=0.00, real=0.04 secs] 
2021-01-22T20:59:15.809-0800: 4.377: [GC (Allocation Failure) 2021-01-22T20:59:15.809-0800: 4.377: [DefNew: 279616K->34943K(314560K), 0.0109550 secs] 679609K->487681K(1013632K), 0.0110503 secs] [Times: user=0.01 sys=0.00, real=0.02 secs] 
2021-01-22T20:59:15.851-0800: 4.419: [GC (Allocation Failure) 2021-01-22T20:59:15.851-0800: 4.419: [DefNew: 314559K->34943K(314560K), 0.0140043 secs] 767297K->564235K(1013632K), 0.0140905 secs] [Times: user=0.01 sys=0.00, real=0.01 secs] 
2021-01-22T20:59:15.896-0800: 4.464: [GC (Allocation Failure) 2021-01-22T20:59:15.896-0800: 4.464: [DefNew: 314559K->34943K(314560K), 0.0133533 secs] 843851K->636337K(1013632K), 0.0134478 secs] [Times: user=0.02 sys=0.00, real=0.02 secs] 
2021-01-22T20:59:15.939-0800: 4.507: [GC (Allocation Failure) 2021-01-22T20:59:15.939-0800: 4.507: [DefNew: 314508K->314508K(314560K), 0.0000194 secs]2021-01-22T20:59:15.939-0800: 4.507: [Tenured: 601393K->406543K(699072K), 0.0480165 secs] 915902K->406543K(1013632K), [Metaspace: 2698K->2698K(1056768K)], 0.0481376 secs] [Times: user=0.05 sys=0.00, real=0.05 secs] 
2021-01-22T20:59:16.022-0800: 4.590: [GC (Allocation Failure) 2021-01-22T20:59:16.022-0800: 4.590: [DefNew: 279616K->34944K(314560K), 0.0111705 secs] 686159K->496502K(1013632K), 0.0112688 secs] [Times: user=0.01 sys=0.00, real=0.01 secs] 
2021-01-22T20:59:16.063-0800: 4.631: [GC (Allocation Failure) 2021-01-22T20:59:16.063-0800: 4.631: [DefNew: 314560K->34942K(314560K), 0.0138752 secs] 776118K->574213K(1013632K), 0.0139635 secs] [Times: user=0.01 sys=0.00, real=0.01 secs] 
2021-01-22T20:59:16.107-0800: 4.675: [GC (Allocation Failure) 2021-01-22T20:59:16.107-0800: 4.675: [DefNew: 314558K->34943K(314560K), 0.0144291 secs] 853829K->656772K(1013632K), 0.0145162 secs] [Times: user=0.02 sys=0.01, real=0.02 secs] 
2021-01-22T20:59:16.151-0800: 4.719: [GC (Allocation Failure) 2021-01-22T20:59:16.151-0800: 4.719: [DefNew: 314559K->314559K(314560K), 0.0000199 secs]2021-01-22T20:59:16.151-0800: 4.719: [Tenured: 621828K->372971K(699072K), 0.0538581 secs] 936388K->372971K(1013632K), [Metaspace: 2698K->2698K(1056768K)], 0.0539851 secs] [Times: user=0.05 sys=0.00, real=0.05 secs] 
2021-01-22T20:59:16.236-0800: 4.804: [GC (Allocation Failure) 2021-01-22T20:59:16.236-0800: 4.804: [DefNew: 279357K->34943K(314560K), 0.0110697 secs] 652328K->462879K(1013632K), 0.0111581 secs] [Times: user=0.01 sys=0.00, real=0.01 secs] 
2021-01-22T20:59:16.277-0800: 4.845: [GC (Allocation Failure) 2021-01-22T20:59:16.277-0800: 4.845: [DefNew: 314559K->34943K(314560K), 0.0144276 secs] 742495K->543168K(1013632K), 0.0145425 secs] [Times: user=0.02 sys=0.00, real=0.02 secs] 
2021-01-22T20:59:16.321-0800: 4.889: [GC (Allocation Failure) 2021-01-22T20:59:16.321-0800: 4.889: [DefNew: 314559K->34943K(314560K), 0.0149144 secs] 822784K->625640K(1013632K), 0.0150082 secs] [Times: user=0.01 sys=0.00, real=0.01 secs] 
2021-01-22T20:59:16.364-0800: 4.932: [GC (Allocation Failure) 2021-01-22T20:59:16.364-0800: 4.932: [DefNew: 314559K->314559K(314560K), 0.0000195 secs]2021-01-22T20:59:16.364-0800: 4.932: [Tenured: 590697K->410909K(699072K), 0.0448389 secs] 905256K->410909K(1013632K), [Metaspace: 2698K->2698K(1056768K)], 0.0449564 secs] [Times: user=0.04 sys=0.00, real=0.04 secs] 
2021-01-22T20:59:16.439-0800: 5.007: [GC (Allocation Failure) 2021-01-22T20:59:16.439-0800: 5.007: [DefNew: 279616K->34943K(314560K), 0.0122103 secs] 690525K->510169K(1013632K), 0.0122950 secs] [Times: user=0.02 sys=0.00, real=0.02 secs] 
2021-01-22T20:59:16.483-0800: 5.051: [GC (Allocation Failure) 2021-01-22T20:59:16.483-0800: 5.051: [DefNew: 314559K->34943K(314560K), 0.0154096 secs] 789785K->584876K(1013632K), 0.0155091 secs] [Times: user=0.01 sys=0.00, real=0.01 secs] 
2021-01-22T20:59:16.531-0800: 5.099: [GC (Allocation Failure) 2021-01-22T20:59:16.531-0800: 5.099: [DefNew: 314559K->34942K(314560K), 0.0145202 secs] 864492K->666657K(1013632K), 0.0146107 secs] [Times: user=0.01 sys=0.00, real=0.01 secs] 
2021-01-22T20:59:16.577-0800: 5.145: [GC (Allocation Failure) 2021-01-22T20:59:16.577-0800: 5.145: [DefNew: 314558K->314558K(314560K), 0.0000205 secs]2021-01-22T20:59:16.577-0800: 5.145: [Tenured: 631714K->408112K(699072K), 0.0456300 secs] 946273K->408112K(1013632K), [Metaspace: 2698K->2698K(1056768K)], 0.0457734 secs] [Times: user=0.05 sys=0.00, real=0.05 secs] 
2021-01-22T20:59:16.656-0800: 5.224: [GC (Allocation Failure) 2021-01-22T20:59:16.656-0800: 5.224: [DefNew: 279616K->34944K(314560K), 0.0127583 secs] 687728K->501037K(1013632K), 0.0128820 secs] [Times: user=0.01 sys=0.00, real=0.01 secs] 
2021-01-22T20:59:16.704-0800: 5.272: [GC (Allocation Failure) 2021-01-22T20:59:16.704-0800: 5.272: [DefNew: 314560K->34943K(314560K), 0.0149996 secs] 780653K->582886K(1013632K), 0.0150953 secs] [Times: user=0.01 sys=0.00, real=0.01 secs] 
2021-01-22T20:59:16.748-0800: 5.316: [GC (Allocation Failure) 2021-01-22T20:59:16.748-0800: 5.316: [DefNew: 314559K->34943K(314560K), 0.0147784 secs] 862502K->669930K(1013632K), 0.0148656 secs] [Times: user=0.02 sys=0.00, real=0.02 secs] 
2021-01-22T20:59:16.794-0800: 5.362: [GC (Allocation Failure) 2021-01-22T20:59:16.794-0800: 5.362: [DefNew: 314559K->314559K(314560K), 0.0000188 secs]2021-01-22T20:59:16.794-0800: 5.362: [Tenured: 634986K->424986K(699072K), 0.0482382 secs] 949546K->424986K(1013632K), [Metaspace: 2698K->2698K(1056768K)], 0.0483570 secs] [Times: user=0.04 sys=0.00, real=0.05 secs] 
2021-01-22T20:59:16.872-0800: 5.440: [GC (Allocation Failure) 2021-01-22T20:59:16.872-0800: 5.440: [DefNew: 279616K->34943K(314560K), 0.0108014 secs] 704602K->513921K(1013632K), 0.0108856 secs] [Times: user=0.01 sys=0.00, real=0.01 secs] 
2021-01-22T20:59:16.913-0800: 5.481: [GC (Allocation Failure) 2021-01-22T20:59:16.913-0800: 5.481: [DefNew: 314559K->34942K(314560K), 0.0137865 secs] 793537K->591691K(1013632K), 0.0138799 secs] [Times: user=0.02 sys=0.00, real=0.01 secs] 
2021-01-22T20:59:16.956-0800: 5.524: [GC (Allocation Failure) 2021-01-22T20:59:16.956-0800: 5.524: [DefNew: 314558K->34943K(314560K), 0.0135111 secs] 871307K->665618K(1013632K), 0.0136001 secs] [Times: user=0.01 sys=0.00, real=0.02 secs] 
2021-01-22T20:59:17.004-0800: 5.572: [GC (Allocation Failure) 2021-01-22T20:59:17.004-0800: 5.572: [DefNew: 314559K->314559K(314560K), 0.0001112 secs]2021-01-22T20:59:17.004-0800: 5.572: [Tenured: 630674K->376195K(699072K), 0.0495330 secs] 945234K->376195K(1013632K), [Metaspace: 2698K->2698K(1056768K)], 0.0499486 secs] [Times: user=0.05 sys=0.00, real=0.05 secs] 
2021-01-22T20:59:17.084-0800: 5.652: [GC (Allocation Failure) 2021-01-22T20:59:17.084-0800: 5.652: [DefNew: 279616K->34943K(314560K), 0.0107827 secs] 655811K->463002K(1013632K), 0.0108889 secs] [Times: user=0.01 sys=0.00, real=0.01 secs] 
2021-01-22T20:59:17.124-0800: 5.692: [GC (Allocation Failure) 2021-01-22T20:59:17.124-0800: 5.692: [DefNew: 314559K->34943K(314560K), 0.0131957 secs] 742618K->537239K(1013632K), 0.0132790 secs] [Times: user=0.02 sys=0.00, real=0.01 secs] 
2021-01-22T20:59:17.167-0800: 5.735: [GC (Allocation Failure) 2021-01-22T20:59:17.167-0800: 5.735: [DefNew: 314559K->34940K(314560K), 0.0137633 secs] 816855K->612121K(1013632K), 0.0138518 secs] [Times: user=0.01 sys=0.00, real=0.02 secs] 
2021-01-22T20:59:17.217-0800: 5.785: [GC (Allocation Failure) 2021-01-22T20:59:17.217-0800: 5.785: [DefNew: 314556K->34943K(314560K), 0.0144485 secs] 891737K->692564K(1013632K), 0.0145473 secs] [Times: user=0.01 sys=0.00, real=0.02 secs] 
2021-01-22T20:59:17.262-0800: 5.830: [GC (Allocation Failure) 2021-01-22T20:59:17.262-0800: 5.830: [DefNew: 314559K->314559K(314560K), 0.0000198 secs]2021-01-22T20:59:17.262-0800: 5.830: [Tenured: 657620K->412282K(699072K), 0.0456713 secs] 972180K->412282K(1013632K), [Metaspace: 2698K->2698K(1056768K)], 0.0457994 secs] [Times: user=0.05 sys=0.00, real=0.04 secs] 
2021-01-22T20:59:17.339-0800: 5.907: [GC (Allocation Failure) 2021-01-22T20:59:17.339-0800: 5.907: [DefNew: 279616K->34943K(314560K), 0.0095617 secs] 691898K->489243K(1013632K), 0.0096506 secs] [Times: user=0.01 sys=0.00, real=0.01 secs] 
2021-01-22T20:59:17.378-0800: 5.946: [GC (Allocation Failure) 2021-01-22T20:59:17.378-0800: 5.946: [DefNew: 314559K->34943K(314560K), 0.0145564 secs] 768859K->575446K(1013632K), 0.0146392 secs] [Times: user=0.02 sys=0.00, real=0.02 secs] 
2021-01-22T20:59:17.424-0800: 5.992: [GC (Allocation Failure) 2021-01-22T20:59:17.424-0800: 5.992: [DefNew: 314559K->34940K(314560K), 0.0136591 secs] 855062K->649644K(1013632K), 0.0137457 secs] [Times: user=0.01 sys=0.00, real=0.01 secs] 
2021-01-22T20:59:17.467-0800: 6.035: [GC (Allocation Failure) 2021-01-22T20:59:17.467-0800: 6.035: [DefNew: 314556K->314556K(314560K), 0.0000199 secs]2021-01-22T20:59:17.467-0800: 6.035: [Tenured: 614703K->403387K(699072K), 0.0527645 secs] 929260K->403387K(1013632K), [Metaspace: 2698K->2698K(1056768K)], 0.0530229 secs] [Times: user=0.05 sys=0.00, real=0.06 secs] 
2021-01-22T20:59:17.552-0800: 6.120: [GC (Allocation Failure) 2021-01-22T20:59:17.552-0800: 6.120: [DefNew: 279616K->34942K(314560K), 0.0094951 secs] 683003K->478372K(1013632K), 0.0095902 secs] [Times: user=0.01 sys=0.00, real=0.01 secs] 
2021-01-22T20:59:17.593-0800: 6.161: [GC (Allocation Failure) 2021-01-22T20:59:17.593-0800: 6.161: [DefNew: 314558K->34944K(314560K), 0.0142283 secs] 757988K->556734K(1013632K), 0.0143113 secs] [Times: user=0.02 sys=0.00, real=0.01 secs] 
2021-01-22T20:59:17.638-0800: 6.206: [GC (Allocation Failure) 2021-01-22T20:59:17.638-0800: 6.206: [DefNew: 314560K->34943K(314560K), 0.0146162 secs] 836350K->640593K(1013632K), 0.0147041 secs] [Times: user=0.01 sys=0.00, real=0.02 secs] 
2021-01-22T20:59:17.684-0800: 6.252: [GC (Allocation Failure) 2021-01-22T20:59:17.684-0800: 6.252: [DefNew: 314559K->314559K(314560K), 0.0000202 secs]2021-01-22T20:59:17.684-0800: 6.252: [Tenured: 605649K->398341K(699072K), 0.0539751 secs] 920209K->398341K(1013632K), [Metaspace: 2698K->2698K(1056768K)], 0.0541037 secs] [Times: user=0.06 sys=0.00, real=0.05 secs] 
2021-01-22T20:59:17.767-0800: 6.335: [GC (Allocation Failure) 2021-01-22T20:59:17.767-0800: 6.335: [DefNew: 279616K->34942K(314560K), 0.0108221 secs] 677957K->486357K(1013632K), 0.0109092 secs] [Times: user=0.01 sys=0.00, real=0.01 secs] 
2021-01-22T20:59:17.807-0800: 6.375: [GC (Allocation Failure) 2021-01-22T20:59:17.808-0800: 6.376: [DefNew: 314310K->34943K(314560K), 0.0133674 secs] 765725K->560346K(1013632K), 0.0134569 secs] [Times: user=0.01 sys=0.00, real=0.02 secs] 
2021-01-22T20:59:17.851-0800: 6.419: [GC (Allocation Failure) 2021-01-22T20:59:17.851-0800: 6.419: [DefNew: 314559K->34943K(314560K), 0.0152397 secs] 839962K->642949K(1013632K), 0.1359969 secs] [Times: user=0.02 sys=0.00, real=0.13 secs] 
2021-01-22T20:59:18.032-0800: 6.600: [GC (Allocation Failure) 2021-01-22T20:59:18.032-0800: 6.600: [DefNew: 314412K->314412K(314560K), 0.0000272 secs]2021-01-22T20:59:18.032-0800: 6.600: [Tenured: 608005K->375739K(699072K), 0.0516892 secs] 922417K->375739K(1013632K), [Metaspace: 2698K->2698K(1056768K)], 0.0528652 secs] [Times: user=0.05 sys=0.00, real=0.05 secs] 
2021-01-22T20:59:18.116-0800: 6.684: [GC (Allocation Failure) 2021-01-22T20:59:18.117-0800: 6.685: [DefNew: 279616K->34943K(314560K), 0.0103378 secs] 655355K->460965K(1013632K), 0.0104288 secs] [Times: user=0.01 sys=0.00, real=0.01 secs] 
2021-01-22T20:59:18.158-0800: 6.726: [GC (Allocation Failure) 2021-01-22T20:59:18.158-0800: 6.726: [DefNew: 314559K->34943K(314560K), 0.0137771 secs] 740581K->538600K(1013632K), 0.0138677 secs] [Times: user=0.02 sys=0.00, real=0.02 secs] 
2021-01-22T20:59:18.202-0800: 6.770: [GC (Allocation Failure) 2021-01-22T20:59:18.202-0800: 6.770: [DefNew: 314454K->34943K(314560K), 0.0210336 secs] 818112K->618359K(1013632K), 0.0211288 secs] [Times: user=0.02 sys=0.00, real=0.02 secs] 
2021-01-22T20:59:18.253-0800: 6.821: [GC (Allocation Failure) 2021-01-22T20:59:18.253-0800: 6.821: [DefNew: 314559K->34944K(314560K), 0.0154559 secs] 897975K->703675K(1013632K), 0.0155632 secs] [Times: user=0.01 sys=0.00, real=0.01 secs] 
2021-01-22T20:59:18.298-0800: 6.866: [GC (Allocation Failure) 2021-01-22T20:59:18.298-0800: 6.866: [DefNew: 314560K->314560K(314560K), 0.0000205 secs]2021-01-22T20:59:18.298-0800: 6.866: [Tenured: 668731K->421830K(699072K), 0.0468242 secs] 983291K->421830K(1013632K), [Metaspace: 2698K->2698K(1056768K)], 0.0469540 secs] [Times: user=0.05 sys=0.00, real=0.05 secs] 
2021-01-22T20:59:18.376-0800: 6.944: [GC (Allocation Failure) 2021-01-22T20:59:18.376-0800: 6.944: [DefNew: 279551K->34942K(314560K), 0.0099595 secs] 701381K->503403K(1013632K), 0.0100436 secs] [Times: user=0.01 sys=0.00, real=0.01 secs] 
2021-01-22T20:59:18.414-0800: 6.982: [GC (Allocation Failure) 2021-01-22T20:59:18.414-0800: 6.982: [DefNew: 314558K->34943K(314560K), 0.0139325 secs] 783019K->583124K(1013632K), 0.0140252 secs] [Times: user=0.01 sys=0.00, real=0.01 secs] 
2021-01-22T20:59:18.457-0800: 7.025: [GC (Allocation Failure) 2021-01-22T20:59:18.458-0800: 7.026: [DefNew: 314559K->34944K(314560K), 0.0149829 secs] 862740K->670604K(1013632K), 0.0150788 secs] [Times: user=0.02 sys=0.00, real=0.02 secs] 
2021-01-22T20:59:18.507-0800: 7.075: [GC (Allocation Failure) 2021-01-22T20:59:18.507-0800: 7.075: [DefNew: 314560K->314560K(314560K), 0.0000216 secs]2021-01-22T20:59:18.507-0800: 7.075: [Tenured: 635660K->421033K(699072K), 0.0487004 secs] 950220K->421033K(1013632K), [Metaspace: 2698K->2698K(1056768K)], 0.0488293 secs] [Times: user=0.05 sys=0.00, real=0.05 secs] 
2021-01-22T20:59:18.585-0800: 7.153: [GC (Allocation Failure) 2021-01-22T20:59:18.585-0800: 7.153: [DefNew: 279284K->34943K(314560K), 0.0123769 secs] 700318K->521936K(1013632K), 0.0124687 secs] [Times: user=0.01 sys=0.00, real=0.01 secs] 
2021-01-22T20:59:18.628-0800: 7.196: [GC (Allocation Failure) 2021-01-22T20:59:18.628-0800: 7.196: [DefNew: 314559K->34943K(314560K), 0.0137787 secs] 801552K->598740K(1013632K), 0.0138798 secs] [Times: user=0.01 sys=0.00, real=0.02 secs] 
2021-01-22T20:59:18.672-0800: 7.240: [GC (Allocation Failure) 2021-01-22T20:59:18.672-0800: 7.240: [DefNew: 314559K->34943K(314560K), 0.0144301 secs] 878356K->677061K(1013632K), 0.0145247 secs] [Times: user=0.02 sys=0.00, real=0.01 secs] 
2021-01-22T20:59:18.718-0800: 7.286: [GC (Allocation Failure) 2021-01-22T20:59:18.718-0800: 7.286: [DefNew: 314493K->314493K(314560K), 0.0000240 secs]2021-01-22T20:59:18.718-0800: 7.286: [Tenured: 642117K->407840K(699072K), 0.0541871 secs] 956611K->407840K(1013632K), [Metaspace: 2698K->2698K(1056768K)], 0.0543263 secs] [Times: user=0.05 sys=0.00, real=0.06 secs] 
2021-01-22T20:59:18.803-0800: 7.371: [GC (Allocation Failure) 2021-01-22T20:59:18.803-0800: 7.371: [DefNew: 279616K->34943K(314560K), 0.0103222 secs] 687456K->491259K(1013632K), 0.0104371 secs] [Times: user=0.02 sys=0.00, real=0.01 secs] 
2021-01-22T20:59:18.842-0800: 7.410: [GC (Allocation Failure) 2021-01-22T20:59:18.842-0800: 7.410: [DefNew: 314559K->34944K(314560K), 0.0147127 secs] 770875K->576143K(1013632K), 0.0148038 secs] [Times: user=0.02 sys=0.00, real=0.01 secs] 
2021-01-22T20:59:18.887-0800: 7.455: [GC (Allocation Failure) 2021-01-22T20:59:18.887-0800: 7.455: [DefNew: 314560K->34941K(314560K), 0.0135070 secs] 855759K->649979K(1013632K), 0.0135905 secs] [Times: user=0.01 sys=0.00, real=0.02 secs] 
2021-01-22T20:59:18.930-0800: 7.498: [GC (Allocation Failure) 2021-01-22T20:59:18.931-0800: 7.498: [DefNew: 314557K->314557K(314560K), 0.0000202 secs]2021-01-22T20:59:18.931-0800: 7.499: [Tenured: 615037K->375599K(699072K), 0.0469346 secs] 929595K->375599K(1013632K), [Metaspace: 2698K->2698K(1056768K)], 0.0470630 secs] [Times: user=0.05 sys=0.00, real=0.04 secs] 
2021-01-22T20:59:19.015-0800: 7.583: [GC (Allocation Failure) 2021-01-22T20:59:19.015-0800: 7.583: [DefNew: 279616K->34944K(314560K), 0.0105523 secs] 655215K->458716K(1013632K), 0.0106463 secs] [Times: user=0.01 sys=0.00, real=0.01 secs] 
2021-01-22T20:59:19.055-0800: 7.623: [GC (Allocation Failure) 2021-01-22T20:59:19.055-0800: 7.623: [DefNew: 314560K->34943K(314560K), 0.0144000 secs] 738332K->538185K(1013632K), 0.0144963 secs] [Times: user=0.01 sys=0.00, real=0.02 secs] 
2021-01-22T20:59:19.100-0800: 7.668: [GC (Allocation Failure) 2021-01-22T20:59:19.100-0800: 7.668: [DefNew: 314559K->34942K(314560K), 0.0138685 secs] 817801K->618461K(1013632K), 0.0139565 secs] [Times: user=0.01 sys=0.00, real=0.01 secs] 
2021-01-22T20:59:19.142-0800: 7.710: [GC (Allocation Failure) 2021-01-22T20:59:19.142-0800: 7.710: [DefNew: 314558K->34943K(314560K), 0.0148970 secs] 898077K->705505K(1013632K), 0.0149883 secs] [Times: user=0.02 sys=0.00, real=0.01 secs] 
2021-01-22T20:59:19.188-0800: 7.756: [GC (Allocation Failure) 2021-01-22T20:59:19.188-0800: 7.756: [DefNew: 314559K->314559K(314560K), 0.0000194 secs]2021-01-22T20:59:19.188-0800: 7.756: [Tenured: 670561K->414578K(699072K), 0.0465313 secs] 985121K->414578K(1013632K), [Metaspace: 2698K->2698K(1056768K)], 0.0466526 secs] [Times: user=0.04 sys=0.00, real=0.05 secs] 
2021-01-22T20:59:19.271-0800: 7.839: [GC (Allocation Failure) 2021-01-22T20:59:19.271-0800: 7.839: [DefNew: 279616K->34941K(314560K), 0.0107475 secs] 694194K->498541K(1013632K), 0.0108403 secs] [Times: user=0.01 sys=0.00, real=0.01 secs] 
2021-01-22T20:59:19.314-0800: 7.882: [GC (Allocation Failure) 2021-01-22T20:59:19.314-0800: 7.882: [DefNew: 314557K->34943K(314560K), 0.0128638 secs] 778157K->568343K(1013632K), 0.0129470 secs] [Times: user=0.01 sys=0.00, real=0.01 secs] 
2021-01-22T20:59:19.355-0800: 7.923: [GC (Allocation Failure) 2021-01-22T20:59:19.355-0800: 7.923: [DefNew: 314559K->34943K(314560K), 0.0142899 secs] 847959K->650346K(1013632K), 0.0143789 secs] [Times: user=0.02 sys=0.00, real=0.02 secs] 
2021-01-22T20:59:19.399-0800: 7.967: [GC (Allocation Failure) 2021-01-22T20:59:19.399-0800: 7.967: [DefNew: 314559K->314559K(314560K), 0.0000189 secs]2021-01-22T20:59:19.399-0800: 7.967: [Tenured: 615402K->405988K(699072K), 0.0456796 secs] 929962K->405988K(1013632K), [Metaspace: 2698K->2698K(1056768K)], 0.0458041 secs] [Times: user=0.04 sys=0.00, real=0.05 secs] 
2021-01-22T20:59:19.473-0800: 8.041: [GC (Allocation Failure) 2021-01-22T20:59:19.473-0800: 8.041: [DefNew: 279616K->34944K(314560K), 0.0110428 secs] 685604K->493981K(1013632K), 0.0111372 secs] [Times: user=0.01 sys=0.00, real=0.01 secs] 
2021-01-22T20:59:19.517-0800: 8.085: [GC (Allocation Failure) 2021-01-22T20:59:19.517-0800: 8.085: [DefNew: 313925K->34943K(314560K), 0.0189566 secs] 772962K->575628K(1013632K), 0.0190670 secs] [Times: user=0.02 sys=0.00, real=0.02 secs] 
2021-01-22T20:59:19.567-0800: 8.135: [GC (Allocation Failure) 2021-01-22T20:59:19.567-0800: 8.135: [DefNew: 314559K->34943K(314560K), 0.0140236 secs] 855244K->652497K(1013632K), 0.0141159 secs] [Times: user=0.02 sys=0.00, real=0.02 secs] 
2021-01-22T20:59:19.611-0800: 8.179: [GC (Allocation Failure) 2021-01-22T20:59:19.611-0800: 8.179: [DefNew: 314559K->314559K(314560K), 0.0000198 secs]2021-01-22T20:59:19.611-0800: 8.179: [Tenured: 617553K->404710K(699072K), 0.0479516 secs] 932113K->404710K(1013632K), [Metaspace: 2698K->2698K(1056768K)], 0.0480953 secs] [Times: user=0.04 sys=0.00, real=0.04 secs] 
2021-01-22T20:59:19.690-0800: 8.258: [GC (Allocation Failure) 2021-01-22T20:59:19.690-0800: 8.258: [DefNew: 279509K->34943K(314560K), 0.0104508 secs] 684220K->489094K(1013632K), 0.0105443 secs] [Times: user=0.02 sys=0.00, real=0.01 secs] 
2021-01-22T20:59:19.730-0800: 8.298: [GC (Allocation Failure) 2021-01-22T20:59:19.730-0800: 8.298: [DefNew: 314559K->34942K(314560K), 0.0141758 secs] 768710K->569691K(1013632K), 0.0142616 secs] [Times: user=0.02 sys=0.00, real=0.01 secs] 
2021-01-22T20:59:19.781-0800: 8.349: [GC (Allocation Failure) 2021-01-22T20:59:19.781-0800: 8.349: [DefNew: 314558K->34943K(314560K), 0.0141166 secs] 849307K->647366K(1013632K), 0.0142095 secs] [Times: user=0.02 sys=0.00, real=0.01 secs] 
2021-01-22T20:59:19.826-0800: 8.394: [GC (Allocation Failure) 2021-01-22T20:59:19.826-0800: 8.394: [DefNew: 314559K->314559K(314560K), 0.0000241 secs]2021-01-22T20:59:19.826-0800: 8.394: [Tenured: 612422K->379253K(699072K), 0.0474354 secs] 926982K->379253K(1013632K), [Metaspace: 2698K->2698K(1056768K)], 0.0475809 secs] [Times: user=0.05 sys=0.00, real=0.05 secs] 
2021-01-22T20:59:19.904-0800: 8.472: [GC (Allocation Failure) 2021-01-22T20:59:19.904-0800: 8.472: [DefNew: 279616K->34942K(314560K), 0.0115931 secs] 658869K->473824K(1013632K), 0.0116785 secs] [Times: user=0.01 sys=0.00, real=0.01 secs] 
2021-01-22T20:59:19.946-0800: 8.514: [GC (Allocation Failure) 2021-01-22T20:59:19.946-0800: 8.514: [DefNew: 314558K->34942K(314560K), 0.0138216 secs] 753440K->551710K(1013632K), 0.0139073 secs] [Times: user=0.01 sys=0.00, real=0.02 secs] 
2021-01-22T20:59:19.990-0800: 8.558: [GC (Allocation Failure) 2021-01-22T20:59:19.990-0800: 8.558: [DefNew: 314558K->34944K(314560K), 0.0162426 secs] 831326K->633388K(1013632K), 0.0163308 secs] [Times: user=0.02 sys=0.00, real=0.01 secs] 
2021-01-22T20:59:20.040-0800: 8.608: [GC (Allocation Failure) 2021-01-22T20:59:20.040-0800: 8.608: [DefNew: 314560K->314560K(314560K), 0.0000203 secs]2021-01-22T20:59:20.040-0800: 8.608: [Tenured: 598444K->416002K(699072K), 0.0466524 secs] 913004K->416002K(1013632K), [Metaspace: 2698K->2698K(1056768K)], 0.0467767 secs] [Times: user=0.05 sys=0.00, real=0.04 secs] 
2021-01-22T20:59:20.119-0800: 8.687: [GC (Allocation Failure) 2021-01-22T20:59:20.119-0800: 8.687: [DefNew: 279616K->34943K(314560K), 0.0103839 secs] 695618K->501919K(1013632K), 0.0104703 secs] [Times: user=0.01 sys=0.00, real=0.01 secs] 
2021-01-22T20:59:20.160-0800: 8.728: [GC (Allocation Failure) 2021-01-22T20:59:20.160-0800: 8.728: [DefNew: 314559K->34944K(314560K), 0.0141866 secs] 781535K->583431K(1013632K), 0.0142687 secs] [Times: user=0.02 sys=0.00, real=0.01 secs] 
2021-01-22T20:59:20.204-0800: 8.772: [GC (Allocation Failure) 2021-01-22T20:59:20.204-0800: 8.772: [DefNew: 314560K->34944K(314560K), 0.0139018 secs] 863047K->662438K(1013632K), 0.0140055 secs] [Times: user=0.01 sys=0.00, real=0.01 secs] 
2021-01-22T20:59:20.248-0800: 8.816: [GC (Allocation Failure) 2021-01-22T20:59:20.248-0800: 8.816: [DefNew: 314560K->314560K(314560K), 0.0000202 secs]2021-01-22T20:59:20.248-0800: 8.816: [Tenured: 627494K->411702K(699072K), 0.0548908 secs] 942054K->411702K(1013632K), [Metaspace: 2698K->2698K(1056768K)], 0.0550179 secs] [Times: user=0.05 sys=0.00, real=0.06 secs] 
2021-01-22T20:59:20.333-0800: 8.901: [GC (Allocation Failure) 2021-01-22T20:59:20.333-0800: 8.901: [DefNew: 279616K->34942K(314560K), 0.0120774 secs] 691318K->503630K(1013632K), 0.0121742 secs] [Times: user=0.02 sys=0.00, real=0.01 secs] 
2021-01-22T20:59:20.375-0800: 8.943: [GC (Allocation Failure) 2021-01-22T20:59:20.375-0800: 8.943: [DefNew: 314558K->34943K(314560K), 0.0136161 secs] 783246K->577150K(1013632K), 0.0137091 secs] [Times: user=0.02 sys=0.00, real=0.01 secs] 
2021-01-22T20:59:20.418-0800: 8.986: [GC (Allocation Failure) 2021-01-22T20:59:20.418-0800: 8.986: [DefNew: 314559K->34942K(314560K), 0.0142446 secs] 856766K->658071K(1013632K), 0.0143627 secs] [Times: user=0.01 sys=0.00, real=0.02 secs] 
2021-01-22T20:59:20.462-0800: 9.030: [GC (Allocation Failure) 2021-01-22T20:59:20.462-0800: 9.030: [DefNew: 314558K->314558K(314560K), 0.0000192 secs]2021-01-22T20:59:20.462-0800: 9.030: [Tenured: 623129K->416720K(699072K), 0.0494152 secs] 937687K->416720K(1013632K), [Metaspace: 2698K->2698K(1056768K)], 0.0495373 secs] [Times: user=0.05 sys=0.00, real=0.05 secs] 
2021-01-22T20:59:20.547-0800: 9.115: [GC (Allocation Failure) 2021-01-22T20:59:20.547-0800: 9.115: [DefNew: 279616K->34943K(314560K), 0.0116859 secs] 696336K->507081K(1013632K), 0.0117804 secs] [Times: user=0.01 sys=0.00, real=0.01 secs] 
2021-01-22T20:59:20.589-0800: 9.157: [GC (Allocation Failure) 2021-01-22T20:59:20.589-0800: 9.157: [DefNew: 314559K->34943K(314560K), 0.0137951 secs] 786697K->583625K(1013632K), 0.0138858 secs] [Times: user=0.01 sys=0.00, real=0.02 secs] 
2021-01-22T20:59:20.631-0800: 9.199: [GC (Allocation Failure) 2021-01-22T20:59:20.631-0800: 9.199: [DefNew: 314559K->34943K(314560K), 0.0137129 secs] 863241K->661291K(1013632K), 0.0138065 secs] [Times: user=0.01 sys=0.00, real=0.01 secs] 
2021-01-22T20:59:20.675-0800: 9.243: [GC (Allocation Failure) 2021-01-22T20:59:20.675-0800: 9.243: [DefNew: 314559K->314559K(314560K), 0.0000202 secs]2021-01-22T20:59:20.675-0800: 9.243: [Tenured: 626347K->389387K(699072K), 0.0482369 secs] 940907K->389387K(1013632K), [Metaspace: 2698K->2698K(1056768K)], 0.0483664 secs] [Times: user=0.05 sys=0.00, real=0.05 secs] 
2021-01-22T20:59:20.753-0800: 9.321: [GC (Allocation Failure) 2021-01-22T20:59:20.753-0800: 9.321: [DefNew: 279616K->34943K(314560K), 0.0118069 secs] 669003K->478714K(1013632K), 0.0119014 secs] [Times: user=0.01 sys=0.00, real=0.01 secs] 
2021-01-22T20:59:20.801-0800: 9.369: [GC (Allocation Failure) 2021-01-22T20:59:20.801-0800: 9.369: [DefNew: 314559K->34943K(314560K), 0.0154240 secs] 758330K->563041K(1013632K), 0.0155299 secs] [Times: user=0.01 sys=0.00, real=0.01 secs] 
2021-01-22T20:59:20.847-0800: 9.415: [GC (Allocation Failure) 2021-01-22T20:59:20.847-0800: 9.415: [DefNew: 314559K->34943K(314560K), 0.0136528 secs] 842657K->636526K(1013632K), 0.0137461 secs] [Times: user=0.02 sys=0.00, real=0.02 secs] 
2021-01-22T20:59:20.888-0800: 9.456: [GC (Allocation Failure) 2021-01-22T20:59:20.888-0800: 9.456: [DefNew: 314559K->314559K(314560K), 0.0000194 secs]2021-01-22T20:59:20.888-0800: 9.456: [Tenured: 601583K->420413K(699072K), 0.0456450 secs] 916142K->420413K(1013632K), [Metaspace: 2698K->2698K(1056768K)], 0.0457702 secs] [Times: user=0.04 sys=0.00, real=0.05 secs] 
2021-01-22T20:59:20.965-0800: 9.533: [GC (Allocation Failure) 2021-01-22T20:59:20.965-0800: 9.533: [DefNew: 279616K->34942K(314560K), 0.0104723 secs] 700029K->505579K(1013632K), 0.0105776 secs] [Times: user=0.01 sys=0.00, real=0.01 secs] 
2021-01-22T20:59:21.005-0800: 9.573: [GC (Allocation Failure) 2021-01-22T20:59:21.005-0800: 9.573: [DefNew: 314558K->34943K(314560K), 0.0189814 secs] 785195K->585164K(1013632K), 0.0190860 secs] [Times: user=0.02 sys=0.00, real=0.02 secs] 
2021-01-22T20:59:21.053-0800: 9.621: [GC (Allocation Failure) 2021-01-22T20:59:21.053-0800: 9.621: [DefNew: 314559K->34944K(314560K), 0.0146381 secs] 864780K->667804K(1013632K), 0.0147324 secs] [Times: user=0.01 sys=0.00, real=0.01 secs] 
2021-01-22T20:59:21.097-0800: 9.665: [GC (Allocation Failure) 2021-01-22T20:59:21.097-0800: 9.665: [DefNew: 314560K->314560K(314560K), 0.0000204 secs]2021-01-22T20:59:21.097-0800: 9.665: [Tenured: 632860K->426863K(699072K), 0.0480622 secs] 947420K->426863K(1013632K), [Metaspace: 2698K->2698K(1056768K)], 0.0481873 secs] [Times: user=0.05 sys=0.00, real=0.05 secs] 
2021-01-22T20:59:21.177-0800: 9.745: [GC (Allocation Failure) 2021-01-22T20:59:21.177-0800: 9.745: [DefNew: 279616K->34943K(314560K), 0.0107560 secs] 706479K->514528K(1013632K), 0.0108475 secs] [Times: user=0.01 sys=0.00, real=0.01 secs] 
2021-01-22T20:59:21.217-0800: 9.785: [GC (Allocation Failure) 2021-01-22T20:59:21.217-0800: 9.785: [DefNew: 314559K->34944K(314560K), 0.0141330 secs] 794144K->595456K(1013632K), 0.0142425 secs] [Times: user=0.01 sys=0.00, real=0.02 secs] 
2021-01-22T20:59:21.261-0800: 9.829: [GC (Allocation Failure) 2021-01-22T20:59:21.261-0800: 9.829: [DefNew: 314560K->34944K(314560K), 0.0159378 secs] 875072K->674120K(1013632K), 0.0160243 secs] [Times: user=0.02 sys=0.00, real=0.01 secs] 
2021-01-22T20:59:21.314-0800: 9.882: [GC (Allocation Failure) 2021-01-22T20:59:21.314-0800: 9.882: [DefNew: 314560K->314560K(314560K), 0.0000191 secs]2021-01-22T20:59:21.314-0800: 9.882: [Tenured: 639176K->400973K(699072K), 0.0500072 secs] 953736K->400973K(1013632K), [Metaspace: 2698K->2698K(1056768K)], 0.0501290 secs] [Times: user=0.05 sys=0.00, real=0.05 secs] 
2021-01-22T20:59:21.401-0800: 9.969: [GC (Allocation Failure) 2021-01-22T20:59:21.401-0800: 9.969: [DefNew: 279616K->34944K(314560K), 0.0141776 secs] 680589K->482330K(1013632K), 0.0142654 secs] [Times: user=0.01 sys=0.00, real=0.01 secs] 
2021-01-22T20:59:21.450-0800: 10.018: [GC (Allocation Failure) 2021-01-22T20:59:21.450-0800: 10.018: [DefNew: 314317K->34943K(314560K), 0.0153808 secs] 761703K->563764K(1013632K), 0.0154733 secs] [Times: user=0.01 sys=0.00, real=0.01 secs] 
2021-01-22T20:59:21.497-0800: 10.065: [GC (Allocation Failure) 2021-01-22T20:59:21.497-0800: 10.065: [DefNew: 314559K->34943K(314560K), 0.0214528 secs] 843380K->636781K(1013632K), 0.0215430 secs] [Times: user=0.02 sys=0.00, real=0.02 secs] 
2021-01-22T20:59:21.557-0800: 10.125: [GC (Allocation Failure) 2021-01-22T20:59:21.557-0800: 10.125: [DefNew: 314559K->314559K(314560K), 0.0000200 secs]2021-01-22T20:59:21.557-0800: 10.125: [Tenured: 601837K->378301K(699072K), 0.0494105 secs] 916397K->378301K(1013632K), [Metaspace: 2698K->2698K(1056768K)], 0.0495305 secs] [Times: user=0.05 sys=0.00, real=0.05 secs] 
2021-01-22T20:59:21.637-0800: 10.205: [GC (Allocation Failure) 2021-01-22T20:59:21.637-0800: 10.205: [DefNew: 279616K->34943K(314560K), 0.0107187 secs] 657917K->464291K(1013632K), 0.0108081 secs] [Times: user=0.01 sys=0.00, real=0.01 secs] 
2021-01-22T20:59:21.677-0800: 10.245: [GC (Allocation Failure) 2021-01-22T20:59:21.677-0800: 10.245: [DefNew: 314559K->34942K(314560K), 0.0144906 secs] 743907K->547282K(1013632K), 0.0145844 secs] [Times: user=0.01 sys=0.00, real=0.02 secs] 
2021-01-22T20:59:21.722-0800: 10.290: [GC (Allocation Failure) 2021-01-22T20:59:21.722-0800: 10.290: [DefNew: 314558K->34943K(314560K), 0.0136330 secs] 826898K->623833K(1013632K), 0.0137203 secs] [Times: user=0.02 sys=0.00, real=0.01 secs] 
2021-01-22T20:59:21.766-0800: 10.334: [GC (Allocation Failure) 2021-01-22T20:59:21.766-0800: 10.334: [DefNew: 314559K->34943K(314560K), 0.0139314 secs] 903449K->702616K(1013632K), 0.0140177 secs] [Times: user=0.01 sys=0.00, real=0.02 secs] 
2021-01-22T20:59:21.817-0800: 10.385: [GC (Allocation Failure) 2021-01-22T20:59:21.817-0800: 10.385: [DefNew: 314559K->314559K(314560K), 0.0000203 secs]2021-01-22T20:59:21.817-0800: 10.385: [Tenured: 667672K->412285K(699072K), 0.0473123 secs] 982232K->412285K(1013632K), [Metaspace: 2698K->2698K(1056768K)], 0.0474412 secs] [Times: user=0.05 sys=0.00, real=0.05 secs] 
2021-01-22T20:59:21.896-0800: 10.464: [GC (Allocation Failure) 2021-01-22T20:59:21.896-0800: 10.464: [DefNew: 279616K->34943K(314560K), 0.0106394 secs] 691901K->498343K(1013632K), 0.0107265 secs] [Times: user=0.01 sys=0.00, real=0.01 secs] 
2021-01-22T20:59:21.936-0800: 10.504: [GC (Allocation Failure) 2021-01-22T20:59:21.936-0800: 10.504: [DefNew: 314559K->34943K(314560K), 0.0133643 secs] 777959K->572904K(1013632K), 0.0134523 secs] [Times: user=0.01 sys=0.00, real=0.02 secs] 
2021-01-22T20:59:21.978-0800: 10.546: [GC (Allocation Failure) 2021-01-22T20:59:21.978-0800: 10.546: [DefNew: 314559K->34943K(314560K), 0.0150764 secs] 852520K->659350K(1013632K), 0.0151640 secs] [Times: user=0.01 sys=0.00, real=0.02 secs] 
2021-01-22T20:59:22.028-0800: 10.596: [GC (Allocation Failure) 2021-01-22T20:59:22.028-0800: 10.596: [DefNew: 314559K->314559K(314560K), 0.0000198 secs]2021-01-22T20:59:22.029-0800: 10.596: [Tenured: 624406K->415565K(699072K), 0.0558990 secs] 938966K->415565K(1013632K), [Metaspace: 2698K->2698K(1056768K)], 0.0560438 secs] [Times: user=0.05 sys=0.00, real=0.06 secs] 
2021-01-22T20:59:22.115-0800: 10.683: [GC (Allocation Failure) 2021-01-22T20:59:22.115-0800: 10.683: [DefNew: 279616K->34944K(314560K), 0.0120875 secs] 695181K->508534K(1013632K), 0.0121788 secs] [Times: user=0.01 sys=0.00, real=0.01 secs] 
2021-01-22T20:59:22.159-0800: 10.726: [GC (Allocation Failure) 2021-01-22T20:59:22.159-0800: 10.727: [DefNew: 314560K->34943K(314560K), 0.0141942 secs] 788150K->586528K(1013632K), 0.0142946 secs] [Times: user=0.02 sys=0.00, real=0.02 secs] 
2021-01-22T20:59:22.202-0800: 10.770: [GC (Allocation Failure) 2021-01-22T20:59:22.202-0800: 10.770: [DefNew: 314559K->34943K(314560K), 0.0151797 secs] 866144K->674061K(1013632K), 0.0152708 secs] [Times: user=0.01 sys=0.00, real=0.01 secs] 
2021-01-22T20:59:22.247-0800: 10.815: [GC (Allocation Failure) 2021-01-22T20:59:22.247-0800: 10.815: [DefNew: 314559K->314559K(314560K), 0.0000208 secs]2021-01-22T20:59:22.247-0800: 10.815: [Tenured: 639117K->390147K(699072K), 0.0477103 secs] 953677K->390147K(1013632K), [Metaspace: 2698K->2698K(1056768K)], 0.0478376 secs] [Times: user=0.05 sys=0.00, real=0.05 secs] 
2021-01-22T20:59:22.332-0800: 10.900: [GC (Allocation Failure) 2021-01-22T20:59:22.332-0800: 10.900: [DefNew: 279616K->34943K(314560K), 0.0108424 secs] 669763K->475355K(1013632K), 0.0109359 secs] [Times: user=0.01 sys=0.00, real=0.01 secs] 
2021-01-22T20:59:22.374-0800: 10.942: [GC (Allocation Failure) 2021-01-22T20:59:22.374-0800: 10.942: [DefNew: 314559K->34942K(314560K), 0.0140667 secs] 754971K->552965K(1013632K), 0.0141530 secs] [Times: user=0.01 sys=0.00, real=0.01 secs] 
2021-01-22T20:59:22.417-0800: 10.985: [GC (Allocation Failure) 2021-01-22T20:59:22.417-0800: 10.985: [DefNew: 314558K->34943K(314560K), 0.0139961 secs] 832581K->632293K(1013632K), 0.0140801 secs] [Times: user=0.02 sys=0.00, real=0.02 secs] 
2021-01-22T20:59:22.461-0800: 11.029: [GC (Allocation Failure) 2021-01-22T20:59:22.461-0800: 11.029: [DefNew: 314559K->314559K(314560K), 0.0000201 secs]2021-01-22T20:59:22.461-0800: 11.029: [Tenured: 597349K->378094K(699072K), 0.0537486 secs] 911909K->378094K(1013632K), [Metaspace: 2698K->2698K(1056768K)], 0.0538740 secs] [Times: user=0.05 sys=0.00, real=0.05 secs] 
2021-01-22T20:59:22.547-0800: 11.115: [GC (Allocation Failure) 2021-01-22T20:59:22.547-0800: 11.115: [DefNew: 279616K->34943K(314560K), 0.0112735 secs] 657710K->465891K(1013632K), 0.0113665 secs] [Times: user=0.01 sys=0.00, real=0.01 secs] 
2021-01-22T20:59:22.588-0800: 11.156: [GC (Allocation Failure) 2021-01-22T20:59:22.588-0800: 11.156: [DefNew: 314559K->34943K(314560K), 0.0129859 secs] 745507K->536015K(1013632K), 0.0130699 secs] [Times: user=0.01 sys=0.00, real=0.02 secs] 
2021-01-22T20:59:22.633-0800: 11.201: [GC (Allocation Failure) 2021-01-22T20:59:22.633-0800: 11.201: [DefNew: 314559K->34944K(314560K), 0.0141780 secs] 815631K->617490K(1013632K), 0.0142661 secs] [Times: user=0.01 sys=0.00, real=0.01 secs] 
2021-01-22T20:59:22.677-0800: 11.245: [GC (Allocation Failure) 2021-01-22T20:59:22.678-0800: 11.245: [DefNew: 314223K->34943K(314560K), 0.0153182 secs] 896769K->707226K(1013632K), 0.0153996 secs] [Times: user=0.01 sys=0.00, real=0.02 secs] 
2021-01-22T20:59:22.723-0800: 11.291: [GC (Allocation Failure) 2021-01-22T20:59:22.723-0800: 11.291: [DefNew: 314559K->314559K(314560K), 0.0000199 secs]2021-01-22T20:59:22.723-0800: 11.291: [Tenured: 672282K->426699K(699072K), 0.0471220 secs] 986842K->426699K(1013632K), [Metaspace: 2698K->2698K(1056768K)], 0.0472446 secs] [Times: user=0.05 sys=0.01, real=0.05 secs] 
2021-01-22T20:59:22.801-0800: 11.369: [GC (Allocation Failure) 2021-01-22T20:59:22.801-0800: 11.369: [DefNew: 279616K->34943K(314560K), 0.0112757 secs] 706315K->512826K(1013632K), 0.0113649 secs] [Times: user=0.01 sys=0.00, real=0.01 secs] 
2021-01-22T20:59:22.849-0800: 11.417: [GC (Allocation Failure) 2021-01-22T20:59:22.849-0800: 11.417: [DefNew: 314559K->34943K(314560K), 0.0150494 secs] 792442K->593007K(1013632K), 0.0151654 secs] [Times: user=0.01 sys=0.00, real=0.02 secs] 
2021-01-22T20:59:22.894-0800: 11.462: [GC (Allocation Failure) 2021-01-22T20:59:22.894-0800: 11.462: [DefNew: 314559K->34943K(314560K), 0.0144138 secs] 872623K->672975K(1013632K), 0.0145084 secs] [Times: user=0.02 sys=0.00, real=0.01 secs] 
2021-01-22T20:59:22.939-0800: 11.507: [GC (Allocation Failure) 2021-01-22T20:59:22.939-0800: 11.507: [DefNew: 314559K->314559K(314560K), 0.0000199 secs]2021-01-22T20:59:22.939-0800: 11.507: [Tenured: 638031K->414284K(699072K), 0.0463680 secs] 952591K->414284K(1013632K), [Metaspace: 2698K->2698K(1056768K)], 0.0464897 secs] [Times: user=0.05 sys=0.00, real=0.05 secs] 
2021-01-22T20:59:23.019-0800: 11.587: [GC (Allocation Failure) 2021-01-22T20:59:23.019-0800: 11.587: [DefNew: 279616K->34944K(314560K), 0.0154248 secs] 693900K->500664K(1013632K), 0.0155225 secs] [Times: user=0.01 sys=0.00, real=0.02 secs] 
2021-01-22T20:59:23.065-0800: 11.633: [GC (Allocation Failure) 2021-01-22T20:59:23.065-0800: 11.633: [DefNew: 314560K->34944K(314560K), 0.0138190 secs] 780280K->577299K(1013632K), 0.0139169 secs] [Times: user=0.02 sys=0.00, real=0.01 secs] 
2021-01-22T20:59:23.108-0800: 11.676: [GC (Allocation Failure) 2021-01-22T20:59:23.108-0800: 11.676: [DefNew: 314560K->34943K(314560K), 0.0142581 secs] 856915K->657604K(1013632K), 0.0143545 secs] [Times: user=0.01 sys=0.00, real=0.02 secs] 
2021-01-22T20:59:23.152-0800: 11.720: [GC (Allocation Failure) 2021-01-22T20:59:23.152-0800: 11.720: [DefNew: 314559K->314559K(314560K), 0.0000205 secs]2021-01-22T20:59:23.152-0800: 11.720: [Tenured: 622660K->418564K(699072K), 0.0478173 secs] 937220K->418564K(1013632K), [Metaspace: 2698K->2698K(1056768K)], 0.0479451 secs] [Times: user=0.05 sys=0.00, real=0.05 secs] 
2021-01-22T20:59:23.231-0800: 11.799: [GC (Allocation Failure) 2021-01-22T20:59:23.231-0800: 11.799: [DefNew: 279616K->34943K(314560K), 0.0116460 secs] 698180K->508750K(1013632K), 0.0117384 secs] [Times: user=0.01 sys=0.00, real=0.01 secs] 
2021-01-22T20:59:23.272-0800: 11.840: [GC (Allocation Failure) 2021-01-22T20:59:23.272-0800: 11.840: [DefNew: 314559K->34943K(314560K), 0.0142348 secs] 788366K->590084K(1013632K), 0.0143286 secs] [Times: user=0.01 sys=0.00, real=0.01 secs] 
2021-01-22T20:59:23.316-0800: 11.884: [GC (Allocation Failure) 2021-01-22T20:59:23.316-0800: 11.884: [DefNew: 314559K->34943K(314560K), 0.0143275 secs] 869700K->666028K(1013632K), 0.0144160 secs] [Times: user=0.02 sys=0.00, real=0.02 secs] 
2021-01-22T20:59:23.366-0800: 11.934: [GC (Allocation Failure) 2021-01-22T20:59:23.366-0800: 11.934: [DefNew: 314559K->314559K(314560K), 0.0000219 secs]2021-01-22T20:59:23.366-0800: 11.934: [Tenured: 631085K->379067K(699072K), 0.0482692 secs] 945644K->379067K(1013632K), [Metaspace: 2698K->2698K(1056768K)], 0.0483998 secs] [Times: user=0.05 sys=0.00, real=0.05 secs] 
2021-01-22T20:59:23.444-0800: 12.012: [GC (Allocation Failure) 2021-01-22T20:59:23.444-0800: 12.012: [DefNew: 279616K->34943K(314560K), 0.0124205 secs] 658683K->476190K(1013632K), 0.0125075 secs] [Times: user=0.01 sys=0.00, real=0.01 secs] 
2021-01-22T20:59:23.485-0800: 12.053: [GC (Allocation Failure) 2021-01-22T20:59:23.485-0800: 12.053: [DefNew: 314559K->34944K(314560K), 0.0148274 secs] 755806K->562184K(1013632K), 0.0149182 secs] [Times: user=0.02 sys=0.00, real=0.02 secs] 
2021-01-22T20:59:23.535-0800: 12.103: [GC (Allocation Failure) 2021-01-22T20:59:23.535-0800: 12.103: [DefNew: 314560K->34943K(314560K), 0.0137613 secs] 841800K->636814K(1013632K), 0.0138500 secs] [Times: user=0.02 sys=0.00, real=0.01 secs] 
2021-01-22T20:59:23.580-0800: 12.147: [GC (Allocation Failure) 2021-01-22T20:59:23.580-0800: 12.148: [DefNew: 314559K->314559K(314560K), 0.0000199 secs]2021-01-22T20:59:23.580-0800: 12.148: [Tenured: 601871K->423621K(699072K), 0.0465499 secs] 916430K->423621K(1013632K), [Metaspace: 2698K->2698K(1056768K)], 0.0466778 secs] [Times: user=0.04 sys=0.00, real=0.04 secs] 
2021-01-22T20:59:23.657-0800: 12.225: [GC (Allocation Failure) 2021-01-22T20:59:23.657-0800: 12.225: [DefNew: 279616K->34943K(314560K), 0.0109553 secs] 703237K->513053K(1013632K), 0.0110423 secs] [Times: user=0.01 sys=0.00, real=0.01 secs] 
2021-01-22T20:59:23.698-0800: 12.266: [GC (Allocation Failure) 2021-01-22T20:59:23.698-0800: 12.266: [DefNew: 314559K->34943K(314560K), 0.0144111 secs] 792669K->595761K(1013632K), 0.0144973 secs] [Times: user=0.02 sys=0.00, real=0.02 secs] 
2021-01-22T20:59:23.742-0800: 12.310: [GC (Allocation Failure) 2021-01-22T20:59:23.742-0800: 12.310: [DefNew: 314559K->34944K(314560K), 0.0154705 secs] 875377K->685245K(1013632K), 0.0155627 secs] [Times: user=0.01 sys=0.00, real=0.01 secs] 
2021-01-22T20:59:23.788-0800: 12.356: [GC (Allocation Failure) 2021-01-22T20:59:23.788-0800: 12.356: [DefNew: 314560K->314560K(314560K), 0.0000203 secs]2021-01-22T20:59:23.788-0800: 12.356: [Tenured: 650301K->426202K(699072K), 0.0486665 secs] 964861K->426202K(1013632K), [Metaspace: 2698K->2698K(1056768K)], 0.0487974 secs] [Times: user=0.05 sys=0.00, real=0.05 secs] 
2021-01-22T20:59:23.873-0800: 12.441: [GC (Allocation Failure) 2021-01-22T20:59:23.873-0800: 12.441: [DefNew: 279616K->34943K(314560K), 0.0109598 secs] 705818K->513161K(1013632K), 0.0110474 secs] [Times: user=0.01 sys=0.00, real=0.01 secs] 
2021-01-22T20:59:23.914-0800: 12.482: [GC (Allocation Failure) 2021-01-22T20:59:23.914-0800: 12.482: [DefNew: 314559K->34943K(314560K), 0.0140240 secs] 792777K->592172K(1013632K), 0.0141125 secs] [Times: user=0.01 sys=0.00, real=0.01 secs] 
2021-01-22T20:59:23.957-0800: 12.525: [GC (Allocation Failure) 2021-01-22T20:59:23.957-0800: 12.525: [DefNew: 314559K->34944K(314560K), 0.0137407 secs] 871788K->668672K(1013632K), 0.0138250 secs] [Times: user=0.02 sys=0.00, real=0.02 secs] 
2021-01-22T20:59:24.001-0800: 12.569: [GC (Allocation Failure) 2021-01-22T20:59:24.001-0800: 12.569: [DefNew: 314560K->314560K(314560K), 0.0000198 secs]2021-01-22T20:59:24.001-0800: 12.569: [Tenured: 633728K->436681K(699072K), 0.0565442 secs] 948288K->436681K(1013632K), [Metaspace: 2698K->2698K(1056768K)], 0.0566729 secs] [Times: user=0.05 sys=0.00, real=0.05 secs] 
2021-01-22T20:59:24.090-0800: 12.658: [GC (Allocation Failure) 2021-01-22T20:59:24.090-0800: 12.658: [DefNew: 279616K->34943K(314560K), 0.0112153 secs] 716297K->526588K(1013632K), 0.0113012 secs] [Times: user=0.01 sys=0.00, real=0.01 secs] 
2021-01-22T20:59:24.131-0800: 12.699: [GC (Allocation Failure) 2021-01-22T20:59:24.131-0800: 12.699: [DefNew: 314559K->34943K(314560K), 0.0137776 secs] 806204K->604377K(1013632K), 0.0138691 secs] [Times: user=0.02 sys=0.00, real=0.01 secs] 
2021-01-22T20:59:24.173-0800: 12.741: [GC (Allocation Failure) 2021-01-22T20:59:24.173-0800: 12.741: [DefNew: 314559K->34943K(314560K), 0.0139459 secs] 883993K->683774K(1013632K), 0.0140273 secs] [Times: user=0.01 sys=0.00, real=0.01 secs] 
2021-01-22T20:59:24.218-0800: 12.786: [GC (Allocation Failure) 2021-01-22T20:59:24.218-0800: 12.786: [DefNew: 314559K->314559K(314560K), 0.0000185 secs]2021-01-22T20:59:24.218-0800: 12.786: [Tenured: 648830K->382264K(699072K), 0.0479868 secs] 963390K->382264K(1013632K), [Metaspace: 2698K->2698K(1056768K)], 0.0481071 secs] [Times: user=0.05 sys=0.00, real=0.05 secs] 
2021-01-22T20:59:24.298-0800: 12.866: [GC (Allocation Failure) 2021-01-22T20:59:24.298-0800: 12.866: [DefNew: 279568K->34943K(314560K), 0.0111211 secs] 661832K->472912K(1013632K), 0.0112081 secs] [Times: user=0.01 sys=0.00, real=0.02 secs] 
2021-01-22T20:59:24.341-0800: 12.909: [GC (Allocation Failure) 2021-01-22T20:59:24.341-0800: 12.909: [DefNew: 314559K->34944K(314560K), 0.0190585 secs] 752528K->542205K(1013632K), 0.0192372 secs] [Times: user=0.02 sys=0.00, real=0.02 secs] 
2021-01-22T20:59:24.391-0800: 12.959: [GC (Allocation Failure) 2021-01-22T20:59:24.391-0800: 12.959: [DefNew: 314560K->34943K(314560K), 0.0149884 secs] 821821K->622699K(1013632K), 0.0150876 secs] [Times: user=0.02 sys=0.00, real=0.01 secs] 
2021-01-22T20:59:24.436-0800: 13.004: [GC (Allocation Failure) 2021-01-22T20:59:24.436-0800: 13.004: [DefNew: 314559K->34943K(314560K), 0.0156635 secs] 902315K->711802K(1013632K), 0.0157574 secs] [Times: user=0.01 sys=0.00, real=0.02 secs] 
2021-01-22T20:59:24.482-0800: 13.050: [GC (Allocation Failure) 2021-01-22T20:59:24.482-0800: 13.050: [DefNew: 314559K->314559K(314560K), 0.0000195 secs]2021-01-22T20:59:24.482-0800: 13.050: [Tenured: 676859K->425049K(699072K), 0.0538629 secs] 991418K->425049K(1013632K), [Metaspace: 2698K->2698K(1056768K)], 0.0539852 secs] [Times: user=0.06 sys=0.00, real=0.05 secs] 
2021-01-22T20:59:24.567-0800: 13.135: [GC (Allocation Failure) 2021-01-22T20:59:24.567-0800: 13.135: [DefNew: 279616K->34944K(314560K), 0.0110015 secs] 704665K->513074K(1013632K), 0.0110915 secs] [Times: user=0.01 sys=0.00, real=0.01 secs] 
2021-01-22T20:59:24.608-0800: 13.176: [GC (Allocation Failure) 2021-01-22T20:59:24.608-0800: 13.176: [DefNew: 314560K->34943K(314560K), 0.0137212 secs] 792690K->586729K(1013632K), 0.0139011 secs] [Times: user=0.01 sys=0.00, real=0.02 secs] 
2021-01-22T20:59:24.651-0800: 13.219: [GC (Allocation Failure) 2021-01-22T20:59:24.651-0800: 13.219: [DefNew: 314559K->34943K(314560K), 0.0138213 secs] 866345K->665828K(1013632K), 0.0139037 secs] [Times: user=0.01 sys=0.00, real=0.01 secs] 
2021-01-22T20:59:24.695-0800: 13.263: [GC (Allocation Failure) 2021-01-22T20:59:24.695-0800: 13.263: [DefNew: 314559K->314559K(314560K), 0.0000181 secs]2021-01-22T20:59:24.695-0800: 13.263: [Tenured: 630884K->405144K(699072K), 0.0457061 secs] 945444K->405144K(1013632K), [Metaspace: 2698K->2698K(1056768K)], 0.0458193 secs] [Times: user=0.04 sys=0.00, real=0.05 secs] 
2021-01-22T20:59:24.772-0800: 13.340: [GC (Allocation Failure) 2021-01-22T20:59:24.772-0800: 13.340: [DefNew: 279616K->34943K(314560K), 0.0099725 secs] 684760K->486817K(1013632K), 0.0100593 secs] [Times: user=0.01 sys=0.00, real=0.01 secs] 
2021-01-22T20:59:24.811-0800: 13.379: [GC (Allocation Failure) 2021-01-22T20:59:24.811-0800: 13.379: [DefNew: 314559K->34943K(314560K), 0.0143252 secs] 766433K->567683K(1013632K), 0.0144174 secs] [Times: user=0.02 sys=0.00, real=0.01 secs] 
2021-01-22T20:59:24.854-0800: 13.422: [GC (Allocation Failure) 2021-01-22T20:59:24.854-0800: 13.422: [DefNew: 314559K->34943K(314560K), 0.0198752 secs] 847299K->641550K(1013632K), 0.0200379 secs] [Times: user=0.02 sys=0.00, real=0.02 secs] 
2021-01-22T20:59:24.904-0800: 13.472: [GC (Allocation Failure) 2021-01-22T20:59:24.904-0800: 13.472: [DefNew: 314559K->314559K(314560K), 0.0000192 secs]2021-01-22T20:59:24.904-0800: 13.472: [Tenured: 606606K->387028K(699072K), 0.0458201 secs] 921166K->387028K(1013632K), [Metaspace: 2698K->2698K(1056768K)], 0.0459414 secs] [Times: user=0.05 sys=0.00, real=0.05 secs] 
2021-01-22T20:59:24.981-0800: 13.549: [GC (Allocation Failure) 2021-01-22T20:59:24.981-0800: 13.549: [DefNew: 279616K->34942K(314560K), 0.0104338 secs] 666644K->473746K(1013632K), 0.0105298 secs] [Times: user=0.01 sys=0.00, real=0.01 secs] 
2021-01-22T20:59:25.022-0800: 13.590: [GC (Allocation Failure) 2021-01-22T20:59:25.022-0800: 13.590: [DefNew: 314558K->34943K(314560K), 0.0185239 secs] 753362K->552182K(1013632K), 0.0186162 secs] [Times: user=0.02 sys=0.00, real=0.02 secs] 
2021-01-22T20:59:25.072-0800: 13.640: [GC (Allocation Failure) 2021-01-22T20:59:25.072-0800: 13.640: [DefNew: 314550K->34943K(314560K), 0.0137683 secs] 831789K->624021K(1013632K), 0.0138598 secs] [Times: user=0.01 sys=0.00, real=0.01 secs] 
2021-01-22T20:59:25.114-0800: 13.682: [GC (Allocation Failure) 2021-01-22T20:59:25.114-0800: 13.682: [DefNew: 314559K->34943K(314560K), 0.0147122 secs] 903637K->708801K(1013632K), 0.0148125 secs] [Times: user=0.02 sys=0.00, real=0.01 secs] 
2021-01-22T20:59:25.158-0800: 13.726: [GC (Allocation Failure) 2021-01-22T20:59:25.159-0800: 13.726: [DefNew: 314559K->314559K(314560K), 0.0000198 secs]2021-01-22T20:59:25.159-0800: 13.726: [Tenured: 673858K->378857K(699072K), 0.0474169 secs] 988417K->378857K(1013632K), [Metaspace: 2698K->2698K(1056768K)], 0.0475425 secs] [Times: user=0.04 sys=0.00, real=0.05 secs] 
2021-01-22T20:59:25.236-0800: 13.804: [GC (Allocation Failure) 2021-01-22T20:59:25.236-0800: 13.804: [DefNew: 279616K->34942K(314560K), 0.0115596 secs] 658473K->473028K(1013632K), 0.0116938 secs] [Times: user=0.01 sys=0.00, real=0.01 secs] 
2021-01-22T20:59:25.280-0800: 13.848: [GC (Allocation Failure) 2021-01-22T20:59:25.280-0800: 13.848: [DefNew: 314038K->34943K(314560K), 0.0126594 secs] 752124K->541161K(1013632K), 0.0127649 secs] [Times: user=0.01 sys=0.00, real=0.01 secs] 
2021-01-22T20:59:25.322-0800: 13.890: [GC (Allocation Failure) 2021-01-22T20:59:25.322-0800: 13.890: [DefNew: 314559K->34943K(314560K), 0.0143720 secs] 820777K->623177K(1013632K), 0.0144641 secs] [Times: user=0.01 sys=0.00, real=0.01 secs] 
2021-01-22T20:59:25.368-0800: 13.936: [GC (Allocation Failure) 2021-01-22T20:59:25.368-0800: 13.936: [DefNew: 314559K->34943K(314560K), 0.0218628 secs] 902793K->706978K(1013632K), 0.0219536 secs] [Times: user=0.02 sys=0.00, real=0.03 secs] 
2021-01-22T20:59:25.421-0800: 13.989: [GC (Allocation Failure) 2021-01-22T20:59:25.421-0800: 13.989: [DefNew: 314559K->314559K(314560K), 0.0000201 secs]2021-01-22T20:59:25.421-0800: 13.989: [Tenured: 672034K->403568K(699072K), 0.0452374 secs] 986594K->403568K(1013632K), [Metaspace: 2698K->2698K(1056768K)], 0.0453664 secs] [Times: user=0.04 sys=0.00, real=0.04 secs] 
2021-01-22T20:59:25.496-0800: 14.064: [GC (Allocation Failure) 2021-01-22T20:59:25.496-0800: 14.064: [DefNew: 279616K->34943K(314560K), 0.0121782 secs] 683184K->497886K(1013632K), 0.0122715 secs] [Times: user=0.01 sys=0.00, real=0.01 secs] 
2021-01-22T20:59:25.544-0800: 14.112: [GC (Allocation Failure) 2021-01-22T20:59:25.544-0800: 14.112: [DefNew: 314559K->34943K(314560K), 0.0147324 secs] 777502K->579966K(1013632K), 0.0148289 secs] [Times: user=0.01 sys=0.00, real=0.01 secs] 
2021-01-22T20:59:25.588-0800: 14.156: [GC (Allocation Failure) 2021-01-22T20:59:25.589-0800: 14.157: [DefNew: 314559K->34943K(314560K), 0.0149553 secs] 859582K->662785K(1013632K), 0.0150621 secs] [Times: user=0.02 sys=0.00, real=0.02 secs] 
2021-01-22T20:59:25.633-0800: 14.201: [GC (Allocation Failure) 2021-01-22T20:59:25.633-0800: 14.201: [DefNew: 314559K->314559K(314560K), 0.0000197 secs]2021-01-22T20:59:25.633-0800: 14.201: [Tenured: 627842K->406932K(699072K), 0.0460614 secs] 942401K->406932K(1013632K), [Metaspace: 2698K->2698K(1056768K)], 0.0461869 secs] [Times: user=0.04 sys=0.00, real=0.04 secs] 
2021-01-22T20:59:25.709-0800: 14.277: [GC (Allocation Failure) 2021-01-22T20:59:25.709-0800: 14.277: [DefNew: 279616K->34943K(314560K), 0.0111227 secs] 686548K->497432K(1013632K), 0.0112067 secs] [Times: user=0.01 sys=0.00, real=0.02 secs] 
2021-01-22T20:59:25.749-0800: 14.317: [GC (Allocation Failure) 2021-01-22T20:59:25.749-0800: 14.317: [DefNew: 314559K->34943K(314560K), 0.0144970 secs] 777048K->578232K(1013632K), 0.0145867 secs] [Times: user=0.02 sys=0.00, real=0.02 secs] 
2021-01-22T20:59:25.794-0800: 14.362: [GC (Allocation Failure) 2021-01-22T20:59:25.794-0800: 14.362: [DefNew: 314559K->34943K(314560K), 0.0142927 secs] 857848K->659211K(1013632K), 0.0143823 secs] [Times: user=0.01 sys=0.00, real=0.01 secs] 
2021-01-22T20:59:25.837-0800: 14.405: [GC (Allocation Failure) 2021-01-22T20:59:25.837-0800: 14.405: [DefNew: 313970K->313970K(314560K), 0.0000198 secs]2021-01-22T20:59:25.837-0800: 14.405: [Tenured: 624267K->411534K(699072K), 0.0548155 secs] 938237K->411534K(1013632K), [Metaspace: 2698K->2698K(1056768K)], 0.0549413 secs] [Times: user=0.05 sys=0.00, real=0.06 secs] 
2021-01-22T20:59:25.923-0800: 14.491: [GC (Allocation Failure) 2021-01-22T20:59:25.923-0800: 14.491: [DefNew: 279616K->34943K(314560K), 0.0114499 secs] 691150K->501691K(1013632K), 0.0115429 secs] [Times: user=0.02 sys=0.00, real=0.01 secs] 
2021-01-22T20:59:25.964-0800: 14.532: [GC (Allocation Failure) 2021-01-22T20:59:25.964-0800: 14.532: [DefNew: 314559K->34943K(314560K), 0.0140197 secs] 781307K->581077K(1013632K), 0.0141155 secs] [Times: user=0.01 sys=0.00, real=0.01 secs] 
2021-01-22T20:59:26.009-0800: 14.576: [GC (Allocation Failure) 2021-01-22T20:59:26.009-0800: 14.577: [DefNew: 314559K->34943K(314560K), 0.0153090 secs] 860693K->657535K(1013632K), 0.0154092 secs] [Times: user=0.01 sys=0.00, real=0.02 secs] 
2021-01-22T20:59:26.058-0800: 14.626: [GC (Allocation Failure) 2021-01-22T20:59:26.058-0800: 14.626: [DefNew: 314559K->314559K(314560K), 0.0000204 secs]2021-01-22T20:59:26.058-0800: 14.626: [Tenured: 622591K->373005K(699072K), 0.0468523 secs] 937151K->373005K(1013632K), [Metaspace: 2698K->2698K(1056768K)], 0.0469939 secs] [Times: user=0.05 sys=0.00, real=0.05 secs] 
2021-01-22T20:59:26.135-0800: 14.703: [GC (Allocation Failure) 2021-01-22T20:59:26.135-0800: 14.703: [DefNew: 279616K->34943K(314560K), 0.0113353 secs] 652621K->466066K(1013632K), 0.0114216 secs] [Times: user=0.01 sys=0.00, real=0.01 secs] 
2021-01-22T20:59:26.176-0800: 14.744: [GC (Allocation Failure) 2021-01-22T20:59:26.176-0800: 14.744: [DefNew: 314559K->34943K(314560K), 0.0153072 secs] 745682K->557160K(1013632K), 0.0153904 secs] [Times: user=0.01 sys=0.00, real=0.02 secs] 
2021-01-22T20:59:26.221-0800: 14.789: [GC (Allocation Failure) 2021-01-22T20:59:26.221-0800: 14.789: [DefNew: 314559K->34942K(314560K), 0.0136675 secs] 836776K->634257K(1013632K), 0.0137554 secs] [Times: user=0.01 sys=0.00, real=0.01 secs] 
2021-01-22T20:59:26.266-0800: 14.834: [GC (Allocation Failure) 2021-01-22T20:59:26.266-0800: 14.834: [DefNew: 314558K->314558K(314560K), 0.0000202 secs]2021-01-22T20:59:26.266-0800: 14.834: [Tenured: 599314K->424332K(699072K), 0.0464415 secs] 913873K->424332K(1013632K), [Metaspace: 2698K->2698K(1056768K)], 0.0465663 secs] [Times: user=0.05 sys=0.00, real=0.05 secs] 
2021-01-22T20:59:26.343-0800: 14.911: [GC (Allocation Failure) 2021-01-22T20:59:26.343-0800: 14.911: [DefNew: 279616K->34942K(314560K), 0.0115235 secs] 703948K->518069K(1013632K), 0.0116104 secs] [Times: user=0.01 sys=0.00, real=0.01 secs] 
2021-01-22T20:59:26.385-0800: 14.953: [GC (Allocation Failure) 2021-01-22T20:59:26.385-0800: 14.953: [DefNew: 314491K->34943K(314560K), 0.0213656 secs] 797618K->599507K(1013632K), 0.0214581 secs] [Times: user=0.02 sys=0.00, real=0.02 secs] 
2021-01-22T20:59:26.436-0800: 15.004: [GC (Allocation Failure) 2021-01-22T20:59:26.436-0800: 15.004: [DefNew: 314559K->34943K(314560K), 0.0138489 secs] 879123K->675387K(1013632K), 0.0139341 secs] [Times: user=0.02 sys=0.00, real=0.02 secs] 
2021-01-22T20:59:26.479-0800: 15.047: [GC (Allocation Failure) 2021-01-22T20:59:26.479-0800: 15.047: [DefNew: 314559K->314559K(314560K), 0.0000194 secs]2021-01-22T20:59:26.479-0800: 15.047: [Tenured: 640444K->407790K(699072K), 0.0535360 secs] 955003K->407790K(1013632K), [Metaspace: 2698K->2698K(1056768K)], 0.0536534 secs] [Times: user=0.05 sys=0.00, real=0.06 secs] 
2021-01-22T20:59:26.565-0800: 15.133: [GC (Allocation Failure) 2021-01-22T20:59:26.565-0800: 15.133: [DefNew: 279457K->34943K(314560K), 0.0101179 secs] 687248K->488404K(1013632K), 0.0102049 secs] [Times: user=0.01 sys=0.00, real=0.01 secs] 
2021-01-22T20:59:26.605-0800: 15.173: [GC (Allocation Failure) 2021-01-22T20:59:26.605-0800: 15.173: [DefNew: 314559K->34943K(314560K), 0.0131472 secs] 768020K->560265K(1013632K), 0.0132362 secs] [Times: user=0.02 sys=0.00, real=0.01 secs] 
2021-01-22T20:59:26.651-0800: 15.219: [GC (Allocation Failure) 2021-01-22T20:59:26.651-0800: 15.219: [DefNew: 314559K->34943K(314560K), 0.0136721 secs] 839881K->635509K(1013632K), 0.0137641 secs] [Times: user=0.01 sys=0.00, real=0.01 secs] 
2021-01-22T20:59:26.694-0800: 15.262: [GC (Allocation Failure) 2021-01-22T20:59:26.694-0800: 15.262: [DefNew: 314559K->314559K(314560K), 0.0000200 secs]2021-01-22T20:59:26.694-0800: 15.262: [Tenured: 600566K->417736K(699072K), 0.0469978 secs] 915125K->417736K(1013632K), [Metaspace: 2698K->2698K(1056768K)], 0.0471259 secs] [Times: user=0.05 sys=0.00, real=0.05 secs] 
2021-01-22T20:59:26.773-0800: 15.341: [GC (Allocation Failure) 2021-01-22T20:59:26.773-0800: 15.341: [DefNew: 279616K->34944K(314560K), 0.0108574 secs] 697352K->505386K(1013632K), 0.0109494 secs] [Times: user=0.01 sys=0.00, real=0.01 secs] 
2021-01-22T20:59:26.812-0800: 15.380: [GC (Allocation Failure) 2021-01-22T20:59:26.812-0800: 15.380: [DefNew: 314560K->34943K(314560K), 0.0150123 secs] 785002K->592153K(1013632K), 0.0151038 secs] [Times: user=0.01 sys=0.01, real=0.01 secs] 
2021-01-22T20:59:26.857-0800: 15.425: [GC (Allocation Failure) 2021-01-22T20:59:26.858-0800: 15.425: [DefNew: 314559K->34943K(314560K), 0.0151864 secs] 871769K->678050K(1013632K), 0.0152840 secs] [Times: user=0.02 sys=0.00, real=0.02 secs] 
2021-01-22T20:59:26.903-0800: 15.471: [GC (Allocation Failure) 2021-01-22T20:59:26.903-0800: 15.471: [DefNew: 314559K->314559K(314560K), 0.0000201 secs]2021-01-22T20:59:26.903-0800: 15.471: [Tenured: 643106K->382604K(699072K), 0.0559547 secs] 957666K->382604K(1013632K), [Metaspace: 2698K->2698K(1056768K)], 0.0560770 secs] [Times: user=0.05 sys=0.00, real=0.05 secs] 
2021-01-22T20:59:26.991-0800: 15.559: [GC (Allocation Failure) 2021-01-22T20:59:26.991-0800: 15.559: [DefNew: 279616K->34943K(314560K), 0.0106151 secs] 662220K->469082K(1013632K), 0.0107010 secs] [Times: user=0.01 sys=0.00, real=0.01 secs] 
2021-01-22T20:59:27.037-0800: 15.605: [GC (Allocation Failure) 2021-01-22T20:59:27.037-0800: 15.605: [DefNew: 314559K->34943K(314560K), 0.0147495 secs] 748698K->552618K(1013632K), 0.0148360 secs] [Times: user=0.02 sys=0.00, real=0.02 secs] 
2021-01-22T20:59:27.082-0800: 15.650: [GC (Allocation Failure) 2021-01-22T20:59:27.083-0800: 15.650: [DefNew: 314559K->34944K(314560K), 0.0144343 secs] 832234K->634461K(1013632K), 0.0145235 secs] [Times: user=0.01 sys=0.00, real=0.01 secs] 
2021-01-22T20:59:27.127-0800: 15.695: [GC (Allocation Failure) 2021-01-22T20:59:27.127-0800: 15.695: [DefNew: 314560K->314560K(314560K), 0.0000192 secs]2021-01-22T20:59:27.127-0800: 15.695: [Tenured: 599517K->418302K(699072K), 0.0449104 secs] 914077K->418302K(1013632K), [Metaspace: 2698K->2698K(1056768K)], 0.0450302 secs] [Times: user=0.05 sys=0.00, real=0.05 secs] 
2021-01-22T20:59:27.202-0800: 15.770: [GC (Allocation Failure) 2021-01-22T20:59:27.202-0800: 15.770: [DefNew: 279616K->34943K(314560K), 0.0099913 secs] 697918K->500503K(1013632K), 0.0100803 secs] [Times: user=0.01 sys=0.00, real=0.01 secs] 
2021-01-22T20:59:27.243-0800: 15.811: [GC (Allocation Failure) 2021-01-22T20:59:27.243-0800: 15.811: [DefNew: 314559K->34943K(314560K), 0.0139686 secs] 780119K->579774K(1013632K), 0.0140721 secs] [Times: user=0.01 sys=0.00, real=0.01 secs] 
2021-01-22T20:59:27.288-0800: 15.856: [GC (Allocation Failure) 2021-01-22T20:59:27.288-0800: 15.856: [DefNew: 314559K->34943K(314560K), 0.0140145 secs] 859390K->658046K(1013632K), 0.0141077 secs] [Times: user=0.02 sys=0.00, real=0.02 secs] 
2021-01-22T20:59:27.332-0800: 15.900: [GC (Allocation Failure) 2021-01-22T20:59:27.332-0800: 15.900: [DefNew: 314559K->314559K(314560K), 0.0000203 secs]2021-01-22T20:59:27.332-0800: 15.900: [Tenured: 623102K->405045K(699072K), 0.0452132 secs] 937662K->405045K(1013632K), [Metaspace: 2698K->2698K(1056768K)], 0.0453393 secs] [Times: user=0.05 sys=0.00, real=0.04 secs] 
2021-01-22T20:59:27.409-0800: 15.977: [GC (Allocation Failure) 2021-01-22T20:59:27.409-0800: 15.977: [DefNew: 279616K->34944K(314560K), 0.0119446 secs] 684661K->491051K(1013632K), 0.0120331 secs] [Times: user=0.01 sys=0.00, real=0.02 secs] 
2021-01-22T20:59:27.455-0800: 16.023: [GC (Allocation Failure) 2021-01-22T20:59:27.455-0800: 16.023: [DefNew: 314560K->34944K(314560K), 0.0152151 secs] 770667K->577112K(1013632K), 0.0153066 secs] [Times: user=0.01 sys=0.00, real=0.02 secs] 
2021-01-22T20:59:27.500-0800: 16.068: [GC (Allocation Failure) 2021-01-22T20:59:27.501-0800: 16.068: [DefNew: 314560K->34943K(314560K), 0.0135508 secs] 856728K->651349K(1013632K), 0.0136315 secs] [Times: user=0.02 sys=0.00, real=0.01 secs] 
2021-01-22T20:59:27.551-0800: 16.119: [GC (Allocation Failure) 2021-01-22T20:59:27.551-0800: 16.119: [DefNew: 314559K->314559K(314560K), 0.0000191 secs]2021-01-22T20:59:27.551-0800: 16.119: [Tenured: 616405K->396473K(699072K), 0.0466462 secs] 930965K->396473K(1013632K), [Metaspace: 2698K->2698K(1056768K)], 0.0467716 secs] [Times: user=0.05 sys=0.00, real=0.04 secs] 
2021-01-22T20:59:27.629-0800: 16.197: [GC (Allocation Failure) 2021-01-22T20:59:27.629-0800: 16.197: [DefNew: 279616K->34944K(314560K), 0.0095364 secs] 676089K->474041K(1013632K), 0.0096330 secs] [Times: user=0.01 sys=0.00, real=0.01 secs] 
2021-01-22T20:59:27.667-0800: 16.235: [GC (Allocation Failure) 2021-01-22T20:59:27.667-0800: 16.235: [DefNew: 314560K->34943K(314560K), 0.0133944 secs] 753657K->549449K(1013632K), 0.0134810 secs] [Times: user=0.01 sys=0.00, real=0.02 secs] 
2021-01-22T20:59:27.709-0800: 16.277: [GC (Allocation Failure) 2021-01-22T20:59:27.709-0800: 16.277: [DefNew: 314559K->34943K(314560K), 0.0135379 secs] 829065K->625824K(1013632K), 0.0136198 secs] [Times: user=0.01 sys=0.00, real=0.02 secs] 
2021-01-22T20:59:27.752-0800: 16.320: [GC (Allocation Failure) 2021-01-22T20:59:27.752-0800: 16.320: [DefNew: 314302K->314302K(314560K), 0.0000200 secs]2021-01-22T20:59:27.752-0800: 16.320: [Tenured: 590880K->360955K(699072K), 0.0453394 secs] 905183K->360955K(1013632K), [Metaspace: 2698K->2698K(1056768K)], 0.0454646 secs] [Times: user=0.05 sys=0.00, real=0.04 secs] 
2021-01-22T20:59:27.827-0800: 16.395: [GC (Allocation Failure) 2021-01-22T20:59:27.827-0800: 16.395: [DefNew: 279616K->34943K(314560K), 0.0118973 secs] 640571K->458228K(1013632K), 0.0119825 secs] [Times: user=0.01 sys=0.00, real=0.01 secs] 
2021-01-22T20:59:27.869-0800: 16.437: [GC (Allocation Failure) 2021-01-22T20:59:27.869-0800: 16.437: [DefNew: 314559K->34942K(314560K), 0.0133567 secs] 737844K->533367K(1013632K), 0.0134461 secs] [Times: user=0.01 sys=0.00, real=0.02 secs] 
2021-01-22T20:59:27.912-0800: 16.479: [GC (Allocation Failure) 2021-01-22T20:59:27.912-0800: 16.480: [DefNew: 314558K->34943K(314560K), 0.0153553 secs] 812983K->614348K(1013632K), 0.0154774 secs] [Times: user=0.02 sys=0.00, real=0.01 secs] 
2021-01-22T20:59:27.962-0800: 16.530: [GC (Allocation Failure) 2021-01-22T20:59:27.962-0800: 16.530: [DefNew: 314559K->34943K(314560K), 0.0136636 secs] 893964K->687127K(1013632K), 0.0137514 secs] [Times: user=0.01 sys=0.00, real=0.01 secs] 
2021-01-22T20:59:28.007-0800: 16.575: [GC (Allocation Failure) 2021-01-22T20:59:28.007-0800: 16.575: [DefNew: 314559K->314559K(314560K), 0.0000196 secs]2021-01-22T20:59:28.007-0800: 16.575: [Tenured: 652183K->403755K(699072K), 0.0507661 secs] 966743K->403755K(1013632K), [Metaspace: 2698K->2698K(1056768K)], 0.0508921 secs] [Times: user=0.05 sys=0.00, real=0.05 secs] 
2021-01-22T20:59:28.089-0800: 16.657: [GC (Allocation Failure) 2021-01-22T20:59:28.089-0800: 16.657: [DefNew: 279616K->34943K(314560K), 0.0106186 secs] 683371K->486699K(1013632K), 0.0107139 secs] [Times: user=0.01 sys=0.00, real=0.02 secs] 
2021-01-22T20:59:28.129-0800: 16.697: [GC (Allocation Failure) 2021-01-22T20:59:28.129-0800: 16.697: [DefNew: 314559K->34943K(314560K), 0.0147262 secs] 766315K->573688K(1013632K), 0.0148241 secs] [Times: user=0.01 sys=0.00, real=0.02 secs] 
2021-01-22T20:59:28.173-0800: 16.741: [GC (Allocation Failure) 2021-01-22T20:59:28.173-0800: 16.741: [DefNew: 314559K->34943K(314560K), 0.0141964 secs] 853304K->655428K(1013632K), 0.0142791 secs] [Times: user=0.01 sys=0.00, real=0.01 secs] 
2021-01-22T20:59:28.217-0800: 16.785: [GC (Allocation Failure) 2021-01-22T20:59:28.217-0800: 16.785: [DefNew: 314559K->314559K(314560K), 0.0000217 secs]2021-01-22T20:59:28.217-0800: 16.785: [Tenured: 620484K->403687K(699072K), 0.0461701 secs] 935044K->403687K(1013632K), [Metaspace: 2698K->2698K(1056768K)], 0.0463076 secs] [Times: user=0.05 sys=0.00, real=0.05 secs] 
2021-01-22T20:59:28.293-0800: 16.861: [GC (Allocation Failure) 2021-01-22T20:59:28.293-0800: 16.861: [DefNew: 279616K->34943K(314560K), 0.0110038 secs] 683303K->493127K(1013632K), 0.0111045 secs] [Times: user=0.01 sys=0.00, real=0.01 secs] 
2021-01-22T20:59:28.333-0800: 16.901: [GC (Allocation Failure) 2021-01-22T20:59:28.333-0800: 16.901: [DefNew: 314559K->34943K(314560K), 0.0136548 secs] 772743K->571216K(1013632K), 0.0137446 secs] [Times: user=0.01 sys=0.00, real=0.01 secs] 
2021-01-22T20:59:28.375-0800: 16.943: [GC (Allocation Failure) 2021-01-22T20:59:28.375-0800: 16.943: [DefNew: 314559K->34943K(314560K), 0.0140821 secs] 850832K->652491K(1013632K), 0.0141663 secs] [Times: user=0.02 sys=0.00, real=0.02 secs] 
2021-01-22T20:59:28.420-0800: 16.988: [GC (Allocation Failure) 2021-01-22T20:59:28.420-0800: 16.988: [DefNew: 314559K->314559K(314560K), 0.0000237 secs]2021-01-22T20:59:28.420-0800: 16.988: [Tenured: 617547K->411058K(699072K), 0.0562515 secs] 932107K->411058K(1013632K), [Metaspace: 2698K->2698K(1056768K)], 0.0564043 secs] [Times: user=0.05 sys=0.00, real=0.05 secs] 
2021-01-22T20:59:28.506-0800: 17.074: [GC (Allocation Failure) 2021-01-22T20:59:28.506-0800: 17.074: [DefNew: 279616K->34944K(314560K), 0.0120731 secs] 690674K->505666K(1013632K), 0.0121620 secs] [Times: user=0.01 sys=0.00, real=0.01 secs] 
2021-01-22T20:59:28.552-0800: 17.120: [GC (Allocation Failure) 2021-01-22T20:59:28.552-0800: 17.120: [DefNew: 314560K->34943K(314560K), 0.0156102 secs] 785282K->590621K(1013632K), 0.0156999 secs] [Times: user=0.01 sys=0.00, real=0.01 secs] 
2021-01-22T20:59:28.598-0800: 17.166: [GC (Allocation Failure) 2021-01-22T20:59:28.598-0800: 17.166: [DefNew: 314559K->34943K(314560K), 0.0141121 secs] 870237K->667037K(1013632K), 0.0142046 secs] [Times: user=0.02 sys=0.00, real=0.02 secs] 
2021-01-22T20:59:28.644-0800: 17.212: [GC (Allocation Failure) 2021-01-22T20:59:28.644-0800: 17.212: [DefNew: 314559K->314559K(314560K), 0.0000196 secs]2021-01-22T20:59:28.644-0800: 17.212: [Tenured: 632093K->393610K(699072K), 0.0510942 secs] 946653K->393610K(1013632K), [Metaspace: 2698K->2698K(1056768K)], 0.0512183 secs] [Times: user=0.05 sys=0.01, real=0.05 secs] 
2021-01-22T20:59:28.727-0800: 17.295: [GC (Allocation Failure) 2021-01-22T20:59:28.727-0800: 17.295: [DefNew: 279085K->34943K(314560K), 0.0116490 secs] 672695K->488135K(1013632K), 0.0117442 secs] [Times: user=0.01 sys=0.00, real=0.01 secs] 
2021-01-22T20:59:28.769-0800: 17.337: [GC (Allocation Failure) 2021-01-22T20:59:28.769-0800: 17.337: [DefNew: 314559K->34942K(314560K), 0.0129145 secs] 767751K->558220K(1013632K), 0.0130042 secs] [Times: user=0.01 sys=0.00, real=0.02 secs] 
2021-01-22T20:59:28.812-0800: 17.380: [GC (Allocation Failure) 2021-01-22T20:59:28.813-0800: 17.380: [DefNew: 314558K->34943K(314560K), 0.0143555 secs] 837836K->640494K(1013632K), 0.0144479 secs] [Times: user=0.02 sys=0.00, real=0.01 secs] 
2021-01-22T20:59:28.856-0800: 17.424: [GC (Allocation Failure) 2021-01-22T20:59:28.856-0800: 17.424: [DefNew: 314559K->314559K(314560K), 0.0000198 secs]2021-01-22T20:59:28.856-0800: 17.424: [Tenured: 605551K->419463K(699072K), 0.0462593 secs] 920110K->419463K(1013632K), [Metaspace: 2698K->2698K(1056768K)], 0.0463845 secs] [Times: user=0.04 sys=0.00, real=0.05 secs] 
2021-01-22T20:59:28.937-0800: 17.505: [GC (Allocation Failure) 2021-01-22T20:59:28.937-0800: 17.505: [DefNew: 279616K->34942K(314560K), 0.0099845 secs] 699079K->495633K(1013632K), 0.0100719 secs] [Times: user=0.01 sys=0.00, real=0.01 secs] 
2021-01-22T20:59:28.981-0800: 17.549: [GC (Allocation Failure) 2021-01-22T20:59:28.981-0800: 17.549: [DefNew: 314433K->34943K(314560K), 0.0148464 secs] 775124K->576324K(1013632K), 0.0149402 secs] [Times: user=0.02 sys=0.00, real=0.01 secs] 
2021-01-22T20:59:29.025-0800: 17.593: [GC (Allocation Failure) 2021-01-22T20:59:29.025-0800: 17.593: [DefNew: 314559K->34943K(314560K), 0.0163207 secs] 855940K->657648K(1013632K), 0.0164170 secs] [Times: user=0.02 sys=0.00, real=0.02 secs] 
2021-01-22T20:59:29.076-0800: 17.644: [GC (Allocation Failure) 2021-01-22T20:59:29.076-0800: 17.644: [DefNew: 314559K->314559K(314560K), 0.0000206 secs]2021-01-22T20:59:29.076-0800: 17.644: [Tenured: 622704K->400185K(699072K), 0.0455448 secs] 937264K->400185K(1013632K), [Metaspace: 2698K->2698K(1056768K)], 0.0456716 secs] [Times: user=0.05 sys=0.00, real=0.05 secs] 
2021-01-22T20:59:29.152-0800: 17.720: [GC (Allocation Failure) 2021-01-22T20:59:29.152-0800: 17.720: [DefNew: 279616K->34941K(314560K), 0.0104239 secs] 679801K->483159K(1013632K), 0.0105105 secs] [Times: user=0.01 sys=0.00, real=0.01 secs] 
2021-01-22T20:59:29.192-0800: 17.760: [GC (Allocation Failure) 2021-01-22T20:59:29.192-0800: 17.760: [DefNew: 314556K->34942K(314560K), 0.0135826 secs] 762775K->559498K(1013632K), 0.0136652 secs] [Times: user=0.01 sys=0.00, real=0.01 secs] 
2021-01-22T20:59:29.234-0800: 17.802: [GC (Allocation Failure) 2021-01-22T20:59:29.235-0800: 17.802: [DefNew: 314558K->34943K(314560K), 0.0141099 secs] 839114K->639154K(1013632K), 0.0142055 secs] [Times: user=0.02 sys=0.00, real=0.01 secs] 
2021-01-22T20:59:29.278-0800: 17.846: [GC (Allocation Failure) 2021-01-22T20:59:29.278-0800: 17.846: [DefNew: 314520K->314520K(314560K), 0.0000201 secs]2021-01-22T20:59:29.278-0800: 17.846: [Tenured: 604210K->401759K(699072K), 0.0464068 secs] 918731K->401759K(1013632K), [Metaspace: 2698K->2698K(1056768K)], 0.0465353 secs] [Times: user=0.04 sys=0.00, real=0.05 secs] 
2021-01-22T20:59:29.355-0800: 17.923: [GC (Allocation Failure) 2021-01-22T20:59:29.355-0800: 17.923: [DefNew: 279616K->34943K(314560K), 0.0112621 secs] 681375K->492611K(1013632K), 0.0113462 secs] [Times: user=0.01 sys=0.00, real=0.01 secs] 
2021-01-22T20:59:29.397-0800: 17.965: [GC (Allocation Failure) 2021-01-22T20:59:29.397-0800: 17.965: [DefNew: 314559K->34943K(314560K), 0.0138260 secs] 772227K->571228K(1013632K), 0.0139115 secs] [Times: user=0.02 sys=0.00, real=0.02 secs] 
2021-01-22T20:59:29.439-0800: 18.007: [GC (Allocation Failure) 2021-01-22T20:59:29.439-0800: 18.007: [DefNew: 314559K->34943K(314560K), 0.0149697 secs] 850844K->652390K(1013632K), 0.0150561 secs] [Times: user=0.01 sys=0.00, real=0.02 secs] 
2021-01-22T20:59:29.490-0800: 18.058: [GC (Allocation Failure) 2021-01-22T20:59:29.490-0800: 18.058: [DefNew: 314559K->314559K(314560K), 0.0000196 secs]2021-01-22T20:59:29.490-0800: 18.058: [Tenured: 617447K->366680K(699072K), 0.0493168 secs] 932006K->366680K(1013632K), [Metaspace: 2698K->2698K(1056768K)], 0.0494445 secs] [Times: user=0.04 sys=0.00, real=0.04 secs] 
2021-01-22T20:59:29.574-0800: 18.142: [GC (Allocation Failure) 2021-01-22T20:59:29.574-0800: 18.142: [DefNew: 279616K->34943K(314560K), 0.0111639 secs] 646296K->454067K(1013632K), 0.0112501 secs] [Times: user=0.01 sys=0.00, real=0.01 secs] 
2021-01-22T20:59:29.617-0800: 18.185: [GC (Allocation Failure) 2021-01-22T20:59:29.617-0800: 18.185: [DefNew: 314559K->34943K(314560K), 0.0123953 secs] 733683K->520383K(1013632K), 0.0124872 secs] [Times: user=0.01 sys=0.00, real=0.01 secs] 
2021-01-22T20:59:29.662-0800: 18.230: [GC (Allocation Failure) 2021-01-22T20:59:29.662-0800: 18.230: [DefNew: 314559K->34943K(314560K), 0.0143296 secs] 799999K->602853K(1013632K), 0.0144200 secs] [Times: user=0.01 sys=0.00, real=0.01 secs] 
2021-01-22T20:59:29.706-0800: 18.274: [GC (Allocation Failure) 2021-01-22T20:59:29.706-0800: 18.274: [DefNew: 314559K->34943K(314560K), 0.0138413 secs] 882469K->682667K(1013632K), 0.0139281 secs] [Times: user=0.01 sys=0.00, real=0.02 secs] 
2021-01-22T20:59:29.749-0800: 18.317: [GC (Allocation Failure) 2021-01-22T20:59:29.749-0800: 18.317: [DefNew: 314559K->314559K(314560K), 0.0000199 secs]2021-01-22T20:59:29.749-0800: 18.317: [Tenured: 647723K->407288K(699072K), 0.0451716 secs] 962283K->407288K(1013632K), [Metaspace: 2698K->2698K(1056768K)], 0.0452994 secs] [Times: user=0.05 sys=0.00, real=0.05 secs] 
2021-01-22T20:59:29.826-0800: 18.394: [GC (Allocation Failure) 2021-01-22T20:59:29.826-0800: 18.394: [DefNew: 279616K->34943K(314560K), 0.0112497 secs] 686904K->494211K(1013632K), 0.0113431 secs] [Times: user=0.01 sys=0.00, real=0.01 secs] 
2021-01-22T20:59:29.868-0800: 18.436: [GC (Allocation Failure) 2021-01-22T20:59:29.868-0800: 18.436: [DefNew: 314559K->34943K(314560K), 0.0134037 secs] 773827K->569198K(1013632K), 0.0134885 secs] [Times: user=0.02 sys=0.00, real=0.02 secs] 
2021-01-22T20:59:29.912-0800: 18.480: [GC (Allocation Failure) 2021-01-22T20:59:29.912-0800: 18.480: [DefNew: 314559K->34941K(314560K), 0.0131657 secs] 848814K->639439K(1013632K), 0.0132569 secs] [Times: user=0.01 sys=0.00, real=0.01 secs] 
2021-01-22T20:59:29.954-0800: 18.522: [GC (Allocation Failure) 2021-01-22T20:59:29.954-0800: 18.522: [DefNew: 314557K->314557K(314560K), 0.0000200 secs]2021-01-22T20:59:29.954-0800: 18.522: [Tenured: 604497K->405033K(699072K), 0.0537835 secs] 919055K->405033K(1013632K), [Metaspace: 2698K->2698K(1056768K)], 0.0539112 secs] [Times: user=0.05 sys=0.00, real=0.05 secs] 
2021-01-22T20:59:30.039-0800: 18.607: [GC (Allocation Failure) 2021-01-22T20:59:30.039-0800: 18.607: [DefNew: 279616K->34943K(314560K), 0.0154589 secs] 684649K->490768K(1013632K), 0.0155571 secs] [Times: user=0.02 sys=0.00, real=0.02 secs] 
2021-01-22T20:59:30.086-0800: 18.654: [GC (Allocation Failure) 2021-01-22T20:59:30.086-0800: 18.654: [DefNew: 314559K->34943K(314560K), 0.0138916 secs] 770384K->567752K(1013632K), 0.0139839 secs] [Times: user=0.01 sys=0.00, real=0.02 secs] 
2021-01-22T20:59:30.128-0800: 18.696: [GC (Allocation Failure) 2021-01-22T20:59:30.128-0800: 18.696: [DefNew: 314559K->34943K(314560K), 0.0144037 secs] 847368K->649620K(1013632K), 0.0144937 secs] [Times: user=0.01 sys=0.00, real=0.02 secs] 
2021-01-22T20:59:30.174-0800: 18.742: [GC (Allocation Failure) 2021-01-22T20:59:30.174-0800: 18.742: [DefNew: 314559K->314559K(314560K), 0.0000183 secs]2021-01-22T20:59:30.174-0800: 18.742: [Tenured: 614676K->403167K(699072K), 0.0456662 secs] 929236K->403167K(1013632K), [Metaspace: 2698K->2698K(1056768K)], 0.0457844 secs] [Times: user=0.04 sys=0.00, real=0.05 secs] 
2021-01-22T20:59:30.251-0800: 18.819: [GC (Allocation Failure) 2021-01-22T20:59:30.251-0800: 18.819: [DefNew: 279616K->34943K(314560K), 0.0100140 secs] 682783K->484477K(1013632K), 0.0100963 secs] [Times: user=0.01 sys=0.00, real=0.01 secs] 
2021-01-22T20:59:30.290-0800: 18.858: [GC (Allocation Failure) 2021-01-22T20:59:30.290-0800: 18.858: [DefNew: 314559K->34943K(314560K), 0.0138309 secs] 764093K->562416K(1013632K), 0.0139276 secs] [Times: user=0.02 sys=0.00, real=0.01 secs] 
2021-01-22T20:59:30.334-0800: 18.902: [GC (Allocation Failure) 2021-01-22T20:59:30.334-0800: 18.902: [DefNew: 314559K->34943K(314560K), 0.0141530 secs] 842032K->642947K(1013632K), 0.0142422 secs] [Times: user=0.01 sys=0.00, real=0.01 secs] 
2021-01-22T20:59:30.377-0800: 18.944: [GC (Allocation Failure) 2021-01-22T20:59:30.377-0800: 18.945: [DefNew: 314559K->314559K(314560K), 0.0000195 secs]2021-01-22T20:59:30.377-0800: 18.945: [Tenured: 608003K->375876K(699072K), 0.0465729 secs] 922563K->375876K(1013632K), [Metaspace: 2698K->2698K(1056768K)], 0.0466971 secs] [Times: user=0.04 sys=0.00, real=0.05 secs] 
2021-01-22T20:59:30.454-0800: 19.022: [GC (Allocation Failure) 2021-01-22T20:59:30.454-0800: 19.022: [DefNew: 279616K->34942K(314560K), 0.0107332 secs] 655492K->464080K(1013632K), 0.0108291 secs] [Times: user=0.02 sys=0.00, real=0.01 secs] 
2021-01-22T20:59:30.496-0800: 19.064: [GC (Allocation Failure) 2021-01-22T20:59:30.496-0800: 19.064: [DefNew: 314558K->34943K(314560K), 0.0196325 secs] 743696K->530893K(1013632K), 0.0197267 secs] [Times: user=0.02 sys=0.00, real=0.02 secs] 
2021-01-22T20:59:30.553-0800: 19.121: [GC (Allocation Failure) 2021-01-22T20:59:30.553-0800: 19.121: [DefNew: 314545K->34944K(314560K), 0.0140130 secs] 810495K->608350K(1013632K), 0.0141072 secs] [Times: user=0.02 sys=0.00, real=0.01 secs] 
2021-01-22T20:59:30.597-0800: 19.165: [GC (Allocation Failure) 2021-01-22T20:59:30.597-0800: 19.165: [DefNew: 314560K->34943K(314560K), 0.0155777 secs] 887966K->693645K(1013632K), 0.0156754 secs] [Times: user=0.01 sys=0.00, real=0.02 secs] 
2021-01-22T20:59:30.643-0800: 19.211: [GC (Allocation Failure) 2021-01-22T20:59:30.643-0800: 19.211: [DefNew: 314462K->314462K(314560K), 0.0000197 secs]2021-01-22T20:59:30.643-0800: 19.211: [Tenured: 658702K->393052K(699072K), 0.0435508 secs] 973165K->393052K(1013632K), [Metaspace: 2698K->2698K(1056768K)], 0.0436797 secs] [Times: user=0.04 sys=0.00, real=0.04 secs] 
2021-01-22T20:59:30.718-0800: 19.286: [GC (Allocation Failure) 2021-01-22T20:59:30.718-0800: 19.286: [DefNew: 279616K->34943K(314560K), 0.0111084 secs] 672668K->481600K(1013632K), 0.0112070 secs] [Times: user=0.01 sys=0.01, real=0.01 secs] 
2021-01-22T20:59:30.759-0800: 19.327: [GC (Allocation Failure) 2021-01-22T20:59:30.759-0800: 19.327: [DefNew: 314559K->34943K(314560K), 0.0144714 secs] 761216K->564537K(1013632K), 0.0145613 secs] [Times: user=0.01 sys=0.00, real=0.02 secs] 
2021-01-22T20:59:30.802-0800: 19.370: [GC (Allocation Failure) 2021-01-22T20:59:30.802-0800: 19.370: [DefNew: 314559K->34943K(314560K), 0.0141039 secs] 844153K->645732K(1013632K), 0.0142020 secs] [Times: user=0.01 sys=0.00, real=0.01 secs] 
2021-01-22T20:59:30.846-0800: 19.414: [GC (Allocation Failure) 2021-01-22T20:59:30.846-0800: 19.414: [DefNew: 314559K->314559K(314560K), 0.0000217 secs]2021-01-22T20:59:30.846-0800: 19.414: [Tenured: 610789K->401149K(699072K), 0.0456391 secs] 925348K->401149K(1013632K), [Metaspace: 2698K->2698K(1056768K)], 0.0457722 secs] [Times: user=0.05 sys=0.00, real=0.05 secs] 
2021-01-22T20:59:30.923-0800: 19.491: [GC (Allocation Failure) 2021-01-22T20:59:30.923-0800: 19.491: [DefNew: 279616K->34944K(314560K), 0.0108072 secs] 680765K->489868K(1013632K), 0.0108934 secs] [Times: user=0.01 sys=0.00, real=0.01 secs] 
2021-01-22T20:59:30.965-0800: 19.533: [GC (Allocation Failure) 2021-01-22T20:59:30.965-0800: 19.533: [DefNew: 314560K->34944K(314560K), 0.0139686 secs] 769484K->565544K(1013632K), 0.0140537 secs] [Times: user=0.02 sys=0.00, real=0.02 secs] 
2021-01-22T20:59:31.016-0800: 19.584: [GC (Allocation Failure) 2021-01-22T20:59:31.016-0800: 19.584: [DefNew: 314560K->34942K(314560K), 0.0141425 secs] 845160K->644264K(1013632K), 0.0142309 secs] [Times: user=0.02 sys=0.00, real=0.02 secs] 
2021-01-22T20:59:31.065-0800: 19.633: [GC (Allocation Failure) 2021-01-22T20:59:31.065-0800: 19.633: [DefNew: 314558K->314558K(314560K), 0.0000200 secs]2021-01-22T20:59:31.065-0800: 19.633: [Tenured: 609321K->408371K(699072K), 0.0470313 secs] 923880K->408371K(1013632K), [Metaspace: 2698K->2698K(1056768K)], 0.0471598 secs] [Times: user=0.05 sys=0.00, real=0.05 secs] 
2021-01-22T20:59:31.143-0800: 19.711: [GC (Allocation Failure) 2021-01-22T20:59:31.143-0800: 19.711: [DefNew: 279462K->34944K(314560K), 0.0101385 secs] 687834K->491579K(1013632K), 0.0102258 secs] [Times: user=0.01 sys=0.00, real=0.01 secs] 
2021-01-22T20:59:31.184-0800: 19.752: [GC (Allocation Failure) 2021-01-22T20:59:31.184-0800: 19.752: [DefNew: 314560K->34942K(314560K), 0.0134881 secs] 771195K->567703K(1013632K), 0.0135720 secs] [Times: user=0.01 sys=0.00, real=0.01 secs] 
2021-01-22T20:59:31.227-0800: 19.795: [GC (Allocation Failure) 2021-01-22T20:59:31.228-0800: 19.795: [DefNew: 314558K->34943K(314560K), 0.0133232 secs] 847319K->641480K(1013632K), 0.0134143 secs] [Times: user=0.02 sys=0.00, real=0.02 secs] 
2021-01-22T20:59:31.271-0800: 19.839: [GC (Allocation Failure) 2021-01-22T20:59:31.271-0800: 19.839: [DefNew: 314559K->314559K(314560K), 0.0000210 secs]2021-01-22T20:59:31.271-0800: 19.839: [Tenured: 606537K->360925K(699072K), 0.0453431 secs] 921096K->360925K(1013632K), [Metaspace: 2698K->2698K(1056768K)], 0.0454678 secs] [Times: user=0.04 sys=0.00, real=0.04 secs] 
2021-01-22T20:59:31.347-0800: 19.915: [GC (Allocation Failure) 2021-01-22T20:59:31.347-0800: 19.915: [DefNew: 279616K->34943K(314560K), 0.0113339 secs] 640541K->453576K(1013632K), 0.0114168 secs] [Times: user=0.01 sys=0.00, real=0.01 secs] 
2021-01-22T20:59:31.387-0800: 19.955: [GC (Allocation Failure) 2021-01-22T20:59:31.387-0800: 19.955: [DefNew: 314165K->34943K(314560K), 0.0147201 secs] 732798K->539566K(1013632K), 0.0148196 secs] [Times: user=0.02 sys=0.00, real=0.02 secs] 
2021-01-22T20:59:31.432-0800: 20.000: [GC (Allocation Failure) 2021-01-22T20:59:31.432-0800: 20.000: [DefNew: 314559K->34944K(314560K), 0.0137447 secs] 819182K->615461K(1013632K), 0.0138678 secs] [Times: user=0.01 sys=0.00, real=0.01 secs] 
2021-01-22T20:59:31.475-0800: 20.043: [GC (Allocation Failure) 2021-01-22T20:59:31.475-0800: 20.043: [DefNew: 314560K->34943K(314560K), 0.0144065 secs] 895077K->691840K(1013632K), 0.0144970 secs] [Times: user=0.01 sys=0.00, real=0.02 secs] 
2021-01-22T20:59:31.525-0800: 20.093: [GC (Allocation Failure) 2021-01-22T20:59:31.525-0800: 20.093: [DefNew: 314559K->314559K(314560K), 0.0000205 secs]2021-01-22T20:59:31.525-0800: 20.093: [Tenured: 656896K->414122K(699072K), 0.0531197 secs] 971456K->414122K(1013632K), [Metaspace: 2698K->2698K(1056768K)], 0.0532599 secs] [Times: user=0.05 sys=0.00, real=0.05 secs] 
2021-01-22T20:59:31.609-0800: 20.177: [GC (Allocation Failure) 2021-01-22T20:59:31.609-0800: 20.177: [DefNew: 279616K->34943K(314560K), 0.0132928 secs] 693738K->508936K(1013632K), 0.0133919 secs] [Times: user=0.01 sys=0.00, real=0.02 secs] 
2021-01-22T20:59:31.650-0800: 20.218: [GC (Allocation Failure) 2021-01-22T20:59:31.650-0800: 20.218: [DefNew: 314559K->34943K(314560K), 0.0143220 secs] 788552K->590444K(1013632K), 0.0144212 secs] [Times: user=0.02 sys=0.00, real=0.01 secs] 
2021-01-22T20:59:31.694-0800: 20.262: [GC (Allocation Failure) 2021-01-22T20:59:31.694-0800: 20.262: [DefNew: 314559K->34943K(314560K), 0.0145847 secs] 870060K->673897K(1013632K), 0.0146744 secs] [Times: user=0.01 sys=0.00, real=0.01 secs] 
2021-01-22T20:59:31.739-0800: 20.307: [GC (Allocation Failure) 2021-01-22T20:59:31.739-0800: 20.307: [DefNew: 314559K->314559K(314560K), 0.0000193 secs]2021-01-22T20:59:31.739-0800: 20.307: [Tenured: 638953K->414548K(699072K), 0.0468643 secs] 953513K->414548K(1013632K), [Metaspace: 2698K->2698K(1056768K)], 0.0469871 secs] [Times: user=0.05 sys=0.00, real=0.05 secs] 
2021-01-22T20:59:31.818-0800: 20.386: [GC (Allocation Failure) 2021-01-22T20:59:31.818-0800: 20.386: [DefNew: 279616K->34943K(314560K), 0.0100557 secs] 694164K->495270K(1013632K), 0.0101435 secs] [Times: user=0.01 sys=0.00, real=0.01 secs] 
2021-01-22T20:59:31.858-0800: 20.426: [GC (Allocation Failure) 2021-01-22T20:59:31.858-0800: 20.426: [DefNew: 314559K->34943K(314560K), 0.0135118 secs] 774886K->571131K(1013632K), 0.0136036 secs] [Times: user=0.01 sys=0.00, real=0.02 secs] 
2021-01-22T20:59:31.902-0800: 20.470: [GC (Allocation Failure) 2021-01-22T20:59:31.902-0800: 20.470: [DefNew: 314559K->34944K(314560K), 0.0134522 secs] 850747K->645606K(1013632K), 0.0135406 secs] [Times: user=0.02 sys=0.00, real=0.01 secs] 
2021-01-22T20:59:31.944-0800: 20.512: [GC (Allocation Failure) 2021-01-22T20:59:31.944-0800: 20.512: [DefNew: 314560K->314560K(314560K), 0.0000190 secs]2021-01-22T20:59:31.944-0800: 20.512: [Tenured: 610662K->408465K(699072K), 0.0468190 secs] 925222K->408465K(1013632K), [Metaspace: 2698K->2698K(1056768K)], 0.0469415 secs] [Times: user=0.05 sys=0.00, real=0.05 secs] 
2021-01-22T20:59:32.022-0800: 20.590: [GC (Allocation Failure) 2021-01-22T20:59:32.022-0800: 20.590: [DefNew: 279616K->34943K(314560K), 0.0197797 secs] 688081K->498758K(1013632K), 0.0198770 secs] [Times: user=0.02 sys=0.00, real=0.02 secs] 
2021-01-22T20:59:32.076-0800: 20.644: [GC (Allocation Failure) 2021-01-22T20:59:32.076-0800: 20.644: [DefNew: 314559K->34942K(314560K), 0.0156899 secs] 778374K->584926K(1013632K), 0.0157862 secs] [Times: user=0.02 sys=0.00, real=0.02 secs] 
2021-01-22T20:59:32.123-0800: 20.691: [GC (Allocation Failure) 2021-01-22T20:59:32.123-0800: 20.691: [DefNew: 314558K->34943K(314560K), 0.0133907 secs] 864542K->661027K(1013632K), 0.0134740 secs] [Times: user=0.01 sys=0.00, real=0.01 secs] 
2021-01-22T20:59:32.167-0800: 20.735: [GC (Allocation Failure) 2021-01-22T20:59:32.167-0800: 20.735: [DefNew: 314559K->314559K(314560K), 0.0000199 secs]2021-01-22T20:59:32.167-0800: 20.735: [Tenured: 626084K->374316K(699072K), 0.0464987 secs] 940643K->374316K(1013632K), [Metaspace: 2698K->2698K(1056768K)], 0.0466233 secs] [Times: user=0.05 sys=0.00, real=0.05 secs] 
2021-01-22T20:59:32.243-0800: 20.811: [GC (Allocation Failure) 2021-01-22T20:59:32.243-0800: 20.811: [DefNew: 279616K->34943K(314560K), 0.0111125 secs] 653932K->461958K(1013632K), 0.0111998 secs] [Times: user=0.01 sys=0.00, real=0.01 secs] 
2021-01-22T20:59:32.283-0800: 20.851: [GC (Allocation Failure) 2021-01-22T20:59:32.283-0800: 20.851: [DefNew: 314559K->34943K(314560K), 0.0139052 secs] 741574K->541370K(1013632K), 0.0140129 secs] [Times: user=0.01 sys=0.00, real=0.01 secs] 
2021-01-22T20:59:32.329-0800: 20.897: [GC (Allocation Failure) 2021-01-22T20:59:32.329-0800: 20.897: [DefNew: 314559K->34943K(314560K), 0.0128309 secs] 820986K->611420K(1013632K), 0.0129187 secs] [Times: user=0.01 sys=0.00, real=0.02 secs] 
2021-01-22T20:59:32.371-0800: 20.939: [GC (Allocation Failure) 2021-01-22T20:59:32.371-0800: 20.939: [DefNew: 314559K->34943K(314560K), 0.0149085 secs] 891036K->698743K(1013632K), 0.0149949 secs] [Times: user=0.01 sys=0.00, real=0.01 secs] 
2021-01-22T20:59:32.415-0800: 20.983: [GC (Allocation Failure) 2021-01-22T20:59:32.415-0800: 20.983: [DefNew: 314559K->314559K(314560K), 0.0000190 secs]2021-01-22T20:59:32.415-0800: 20.983: [Tenured: 663799K->408498K(699072K), 0.0447742 secs] 978359K->408498K(1013632K), [Metaspace: 2698K->2698K(1056768K)], 0.0448957 secs] [Times: user=0.05 sys=0.00, real=0.05 secs] 
2021-01-22T20:59:32.489-0800: 21.057: [GC (Allocation Failure) 2021-01-22T20:59:32.489-0800: 21.057: [DefNew: 279616K->34942K(314560K), 0.0110694 secs] 688114K->498345K(1013632K), 0.0111542 secs] [Times: user=0.01 sys=0.00, real=0.02 secs] 
2021-01-22T20:59:32.532-0800: 21.100: [GC (Allocation Failure) 2021-01-22T20:59:32.532-0800: 21.100: [DefNew: 314558K->34943K(314560K), 0.0254540 secs] 777961K->578718K(1013632K), 0.0256469 secs] [Times: user=0.02 sys=0.00, real=0.02 secs] 
2021-01-22T20:59:32.588-0800: 21.156: [GC (Allocation Failure) 2021-01-22T20:59:32.588-0800: 21.156: [DefNew: 314559K->34943K(314560K), 0.0144374 secs] 858334K->657573K(1013632K), 0.0145225 secs] [Times: user=0.02 sys=0.00, real=0.02 secs] 
2021-01-22T20:59:32.632-0800: 21.200: [GC (Allocation Failure) 2021-01-22T20:59:32.632-0800: 21.200: [DefNew: 314559K->314559K(314560K), 0.0000205 secs]2021-01-22T20:59:32.632-0800: 21.200: [Tenured: 622629K->411550K(699072K), 0.0461153 secs] 937189K->411550K(1013632K), [Metaspace: 2698K->2698K(1056768K)], 0.0462430 secs] [Times: user=0.04 sys=0.00, real=0.04 secs] 
2021-01-22T20:59:32.709-0800: 21.277: [GC (Allocation Failure) 2021-01-22T20:59:32.709-0800: 21.277: [DefNew: 279616K->34943K(314560K), 0.0103034 secs] 691166K->495554K(1013632K), 0.0103900 secs] [Times: user=0.01 sys=0.00, real=0.02 secs] 
2021-01-22T20:59:32.750-0800: 21.318: [GC (Allocation Failure) 2021-01-22T20:59:32.750-0800: 21.318: [DefNew: 314559K->34942K(314560K), 0.0140987 secs] 775170K->576025K(1013632K), 0.0141862 secs] [Times: user=0.02 sys=0.00, real=0.01 secs] 
2021-01-22T20:59:32.793-0800: 21.361: [GC (Allocation Failure) 2021-01-22T20:59:32.793-0800: 21.361: [DefNew: 314469K->34943K(314560K), 0.0148744 secs] 855553K->660965K(1013632K), 0.0149705 secs] [Times: user=0.01 sys=0.00, real=0.01 secs] 
2021-01-22T20:59:32.838-0800: 21.406: [GC (Allocation Failure) 2021-01-22T20:59:32.838-0800: 21.406: [DefNew: 314559K->314559K(314560K), 0.0000187 secs]2021-01-22T20:59:32.838-0800: 21.406: [Tenured: 626021K->413561K(699072K), 0.0474106 secs] 940581K->413561K(1013632K), [Metaspace: 2698K->2698K(1056768K)], 0.0475317 secs] [Times: user=0.05 sys=0.00, real=0.05 secs] 
2021-01-22T20:59:32.917-0800: 21.484: [GC (Allocation Failure) 2021-01-22T20:59:32.917-0800: 21.485: [DefNew: 279616K->34943K(314560K), 0.0110773 secs] 693177K->502185K(1013632K), 0.0111744 secs] [Times: user=0.01 sys=0.00, real=0.01 secs] 
2021-01-22T20:59:32.957-0800: 21.525: [GC (Allocation Failure) 2021-01-22T20:59:32.957-0800: 21.525: [DefNew: 314559K->34943K(314560K), 0.0137884 secs] 781801K->577125K(1013632K), 0.0138944 secs] [Times: user=0.01 sys=0.00, real=0.02 secs] 
2021-01-22T20:59:33.000-0800: 21.568: [GC (Allocation Failure) 2021-01-22T20:59:33.001-0800: 21.568: [DefNew: 314559K->34943K(314560K), 0.0149618 secs] 856741K->661132K(1013632K), 0.0150511 secs] [Times: user=0.02 sys=0.00, real=0.01 secs] 
2021-01-22T20:59:33.058-0800: 21.626: [GC (Allocation Failure) 2021-01-22T20:59:33.058-0800: 21.626: [DefNew: 314559K->314559K(314560K), 0.0000198 secs]2021-01-22T20:59:33.058-0800: 21.626: [Tenured: 626188K->372806K(699072K), 0.0471029 secs] 940748K->372806K(1013632K), [Metaspace: 2698K->2698K(1056768K)], 0.0472327 secs] [Times: user=0.05 sys=0.00, real=0.05 secs] 
2021-01-22T20:59:33.136-0800: 21.704: [GC (Allocation Failure) 2021-01-22T20:59:33.136-0800: 21.704: [DefNew: 279616K->34944K(314560K), 0.0104051 secs] 652422K->456965K(1013632K), 0.0104888 secs] [Times: user=0.01 sys=0.00, real=0.01 secs] 
2021-01-22T20:59:33.178-0800: 21.746: [GC (Allocation Failure) 2021-01-22T20:59:33.178-0800: 21.746: [DefNew: 314560K->34944K(314560K), 0.0135929 secs] 736581K->530422K(1013632K), 0.0137087 secs] [Times: user=0.01 sys=0.00, real=0.02 secs] 
2021-01-22T20:59:33.224-0800: 21.792: [GC (Allocation Failure) 2021-01-22T20:59:33.224-0800: 21.792: [DefNew: 314560K->34943K(314560K), 0.0130691 secs] 810038K->602658K(1013632K), 0.0131497 secs] [Times: user=0.02 sys=0.00, real=0.01 secs] 
2021-01-22T20:59:33.267-0800: 21.835: [GC (Allocation Failure) 2021-01-22T20:59:33.267-0800: 21.835: [DefNew: 314559K->34944K(314560K), 0.0131740 secs] 882274K->676614K(1013632K), 0.0132776 secs] [Times: user=0.01 sys=0.00, real=0.02 secs] 
2021-01-22T20:59:33.311-0800: 21.879: [GC (Allocation Failure) 2021-01-22T20:59:33.311-0800: 21.879: [DefNew: 314560K->314560K(314560K), 0.0000199 secs]2021-01-22T20:59:33.311-0800: 21.879: [Tenured: 641670K->391761K(699072K), 0.0427295 secs] 956230K->391761K(1013632K), [Metaspace: 2698K->2698K(1056768K)], 0.0428542 secs] [Times: user=0.04 sys=0.00, real=0.04 secs] 
2021-01-22T20:59:33.384-0800: 21.952: [GC (Allocation Failure) 2021-01-22T20:59:33.384-0800: 21.952: [DefNew: 279616K->34944K(314560K), 0.0115439 secs] 671377K->485664K(1013632K), 0.0116412 secs] [Times: user=0.02 sys=0.00, real=0.01 secs] 
2021-01-22T20:59:33.427-0800: 21.995: [GC (Allocation Failure) 2021-01-22T20:59:33.427-0800: 21.995: [DefNew: 314560K->34944K(314560K), 0.0140779 secs] 765280K->562628K(1013632K), 0.0141746 secs] [Times: user=0.01 sys=0.00, real=0.02 secs] 
2021-01-22T20:59:33.470-0800: 22.038: [GC (Allocation Failure) 2021-01-22T20:59:33.471-0800: 22.038: [DefNew: 314560K->34943K(314560K), 0.0141803 secs] 842244K->641917K(1013632K), 0.0142748 secs] [Times: user=0.01 sys=0.00, real=0.01 secs] 
2021-01-22T20:59:33.515-0800: 22.083: [GC (Allocation Failure) 2021-01-22T20:59:33.515-0800: 22.083: [DefNew: 314559K->314559K(314560K), 0.0000195 secs]2021-01-22T20:59:33.515-0800: 22.083: [Tenured: 606973K->405966K(699072K), 0.0558155 secs] 921533K->405966K(1013632K), [Metaspace: 2698K->2698K(1056768K)], 0.0559425 secs] [Times: user=0.06 sys=0.00, real=0.06 secs] 
2021-01-22T20:59:33.603-0800: 22.171: [GC (Allocation Failure) 2021-01-22T20:59:33.603-0800: 22.171: [DefNew: 279616K->34943K(314560K), 0.0115381 secs] 685582K->494254K(1013632K), 0.0116296 secs] [Times: user=0.01 sys=0.00, real=0.01 secs] 
2021-01-22T20:59:33.644-0800: 22.212: [GC (Allocation Failure) 2021-01-22T20:59:33.644-0800: 22.212: [DefNew: 314559K->34943K(314560K), 0.0141767 secs] 773870K->575541K(1013632K), 0.0142746 secs] [Times: user=0.02 sys=0.00, real=0.01 secs] 
2021-01-22T20:59:33.688-0800: 22.256: [GC (Allocation Failure) 2021-01-22T20:59:33.688-0800: 22.256: [DefNew: 314559K->34943K(314560K), 0.0141887 secs] 855157K->654391K(1013632K), 0.0142747 secs] [Times: user=0.01 sys=0.00, real=0.02 secs] 
2021-01-22T20:59:33.732-0800: 22.300: [GC (Allocation Failure) 2021-01-22T20:59:33.732-0800: 22.300: [DefNew: 314559K->314559K(314560K), 0.0000197 secs]2021-01-22T20:59:33.732-0800: 22.300: [Tenured: 619448K->403928K(699072K), 0.0482674 secs] 934007K->403928K(1013632K), [Metaspace: 2698K->2698K(1056768K)], 0.0483950 secs] [Times: user=0.05 sys=0.00, real=0.05 secs] 
2021-01-22T20:59:33.811-0800: 22.379: [GC (Allocation Failure) 2021-01-22T20:59:33.811-0800: 22.379: [DefNew: 279616K->34944K(314560K), 0.0116618 secs] 683544K->493630K(1013632K), 0.0117529 secs] [Times: user=0.01 sys=0.00, real=0.01 secs] 
2021-01-22T20:59:33.852-0800: 22.420: [GC (Allocation Failure) 2021-01-22T20:59:33.853-0800: 22.420: [DefNew: 314560K->34943K(314560K), 0.0147363 secs] 773246K->576758K(1013632K), 0.0148440 secs] [Times: user=0.01 sys=0.00, real=0.01 secs] 
2021-01-22T20:59:33.898-0800: 22.466: [GC (Allocation Failure) 2021-01-22T20:59:33.898-0800: 22.466: [DefNew: 314559K->34943K(314560K), 0.0137443 secs] 856374K->652309K(1013632K), 0.0138340 secs] [Times: user=0.02 sys=0.00, real=0.02 secs] 
2021-01-22T20:59:33.942-0800: 22.510: [GC (Allocation Failure) 2021-01-22T20:59:33.942-0800: 22.510: [DefNew: 314559K->314559K(314560K), 0.0000209 secs]2021-01-22T20:59:33.942-0800: 22.510: [Tenured: 617365K->370116K(699072K), 0.0461723 secs] 931925K->370116K(1013632K), [Metaspace: 2698K->2698K(1056768K)], 0.0463119 secs] [Times: user=0.04 sys=0.00, real=0.04 secs] 
2021-01-22T20:59:34.020-0800: 22.588: [GC (Allocation Failure) 2021-01-22T20:59:34.020-0800: 22.588: [DefNew: 278964K->34944K(314560K), 0.0115144 secs] 649080K->459276K(1013632K), 0.0116002 secs] [Times: user=0.01 sys=0.00, real=0.01 secs] 
2021-01-22T20:59:34.070-0800: 22.637: [GC (Allocation Failure) 2021-01-22T20:59:34.070-0800: 22.637: [DefNew: 314560K->34941K(314560K), 0.0141853 secs] 738892K->533713K(1013632K), 0.0142712 secs] [Times: user=0.02 sys=0.00, real=0.01 secs] 
2021-01-22T20:59:34.116-0800: 22.684: [GC (Allocation Failure) 2021-01-22T20:59:34.116-0800: 22.684: [DefNew: 314557K->34943K(314560K), 0.0139363 secs] 813329K->606778K(1013632K), 0.0140363 secs] [Times: user=0.01 sys=0.00, real=0.02 secs] 
2021-01-22T20:59:34.161-0800: 22.728: [GC (Allocation Failure) 2021-01-22T20:59:34.161-0800: 22.729: [DefNew: 314559K->34942K(314560K), 0.0141604 secs] 886394K->679898K(1013632K), 0.0142543 secs] [Times: user=0.01 sys=0.00, real=0.01 secs] 
2021-01-22T20:59:34.205-0800: 22.773: [GC (Allocation Failure) 2021-01-22T20:59:34.205-0800: 22.773: [DefNew: 314558K->314558K(314560K), 0.0000212 secs]2021-01-22T20:59:34.205-0800: 22.773: [Tenured: 644956K->414224K(699072K), 0.0454341 secs] 959514K->414224K(1013632K), [Metaspace: 2698K->2698K(1056768K)], 0.0455664 secs] [Times: user=0.05 sys=0.00, real=0.05 secs] 
2021-01-22T20:59:34.282-0800: 22.850: [GC (Allocation Failure) 2021-01-22T20:59:34.282-0800: 22.850: [DefNew: 279616K->34943K(314560K), 0.0106118 secs] 693840K->500679K(1013632K), 0.0107046 secs] [Times: user=0.01 sys=0.00, real=0.01 secs] 
2021-01-22T20:59:34.322-0800: 22.890: [GC (Allocation Failure) 2021-01-22T20:59:34.322-0800: 22.890: [DefNew: 314559K->34943K(314560K), 0.0144167 secs] 780295K->581966K(1013632K), 0.0145106 secs] [Times: user=0.01 sys=0.00, real=0.01 secs] 
2021-01-22T20:59:34.368-0800: 22.936: [GC (Allocation Failure) 2021-01-22T20:59:34.368-0800: 22.936: [DefNew: 314559K->34943K(314560K), 0.0148029 secs] 861582K->662827K(1013632K), 0.0148882 secs] [Times: user=0.01 sys=0.00, real=0.02 secs] 
2021-01-22T20:59:34.413-0800: 22.981: [GC (Allocation Failure) 2021-01-22T20:59:34.413-0800: 22.981: [DefNew: 314559K->314559K(314560K), 0.0000196 secs]2021-01-22T20:59:34.413-0800: 22.981: [Tenured: 627884K->408604K(699072K), 0.0489487 secs] 942443K->408604K(1013632K), [Metaspace: 2698K->2698K(1056768K)], 0.0490697 secs] [Times: user=0.05 sys=0.00, real=0.05 secs] 
2021-01-22T20:59:34.492-0800: 23.060: [GC (Allocation Failure) 2021-01-22T20:59:34.492-0800: 23.060: [DefNew: 279616K->34942K(314560K), 0.0118657 secs] 688220K->497955K(1013632K), 0.0119525 secs] [Times: user=0.01 sys=0.00, real=0.01 secs] 
2021-01-22T20:59:34.535-0800: 23.103: [GC (Allocation Failure) 2021-01-22T20:59:34.535-0800: 23.103: [DefNew: 314558K->34943K(314560K), 0.0147030 secs] 777571K->571987K(1013632K), 0.0147977 secs] [Times: user=0.02 sys=0.00, real=0.02 secs] 
2021-01-22T20:59:34.592-0800: 23.160: [GC (Allocation Failure) 2021-01-22T20:59:34.592-0800: 23.160: [DefNew: 314559K->34943K(314560K), 0.0136622 secs] 851603K->643430K(1013632K), 0.0137515 secs] [Times: user=0.02 sys=0.00, real=0.01 secs] 
2021-01-22T20:59:34.637-0800: 23.205: [GC (Allocation Failure) 2021-01-22T20:59:34.637-0800: 23.205: [DefNew: 314559K->314559K(314560K), 0.0000205 secs]2021-01-22T20:59:34.637-0800: 23.205: [Tenured: 608486K->368165K(699072K), 0.0474813 secs] 923046K->368165K(1013632K), [Metaspace: 2698K->2698K(1056768K)], 0.0476016 secs] [Times: user=0.04 sys=0.00, real=0.05 secs] 
2021-01-22T20:59:34.714-0800: 23.282: [GC (Allocation Failure) 2021-01-22T20:59:34.715-0800: 23.282: [DefNew: 279616K->34942K(314560K), 0.0113622 secs] 647781K->455596K(1013632K), 0.0114583 secs] [Times: user=0.02 sys=0.00, real=0.01 secs] 
2021-01-22T20:59:34.757-0800: 23.325: [GC (Allocation Failure) 2021-01-22T20:59:34.757-0800: 23.325: [DefNew: 314558K->34943K(314560K), 0.0152495 secs] 735212K->539691K(1013632K), 0.0153392 secs] [Times: user=0.01 sys=0.00, real=0.02 secs] 
2021-01-22T20:59:34.803-0800: 23.371: [GC (Allocation Failure) 2021-01-22T20:59:34.803-0800: 23.371: [DefNew: 314559K->34943K(314560K), 0.0139440 secs] 819307K->613738K(1013632K), 0.0140284 secs] [Times: user=0.02 sys=0.00, real=0.01 secs] 
2021-01-22T20:59:34.849-0800: 23.417: [GC (Allocation Failure) 2021-01-22T20:59:34.849-0800: 23.417: [DefNew: 314559K->34943K(314560K), 0.0152568 secs] 893354K->695663K(1013632K), 0.0153511 secs] [Times: user=0.01 sys=0.00, real=0.02 secs] 
2021-01-22T20:59:34.894-0800: 23.462: [GC (Allocation Failure) 2021-01-22T20:59:34.894-0800: 23.462: [DefNew: 314559K->314559K(314560K), 0.0000205 secs]2021-01-22T20:59:34.894-0800: 23.462: [Tenured: 660719K->383383K(699072K), 0.0482488 secs] 975279K->383383K(1013632K), [Metaspace: 2698K->2698K(1056768K)], 0.0483794 secs] [Times: user=0.05 sys=0.00, real=0.05 secs] 
2021-01-22T20:59:34.973-0800: 23.541: [GC (Allocation Failure) 2021-01-22T20:59:34.973-0800: 23.541: [DefNew: 279616K->34943K(314560K), 0.0105291 secs] 662999K->468463K(1013632K), 0.0106235 secs] [Times: user=0.01 sys=0.00, real=0.01 secs] 
2021-01-22T20:59:35.014-0800: 23.581: [GC (Allocation Failure) 2021-01-22T20:59:35.014-0800: 23.581: [DefNew: 314212K->34942K(314560K), 0.0149732 secs] 747732K->555270K(1013632K), 0.0150547 secs] [Times: user=0.01 sys=0.00, real=0.01 secs] 
2021-01-22T20:59:35.060-0800: 23.628: [GC (Allocation Failure) 2021-01-22T20:59:35.060-0800: 23.628: [DefNew: 314558K->34944K(314560K), 0.0208832 secs] 834886K->635934K(1013632K), 0.0209655 secs] [Times: user=0.03 sys=0.00, real=0.02 secs] 
2021-01-22T20:59:35.141-0800: 23.709: [GC (Allocation Failure) 2021-01-22T20:59:35.141-0800: 23.709: [DefNew: 314560K->314560K(314560K), 0.0000195 secs]2021-01-22T20:59:35.141-0800: 23.709: [Tenured: 600990K->424421K(699072K), 0.0694585 secs] 915550K->424421K(1013632K), [Metaspace: 2698K->2698K(1056768K)], 0.0695753 secs] [Times: user=0.07 sys=0.01, real=0.07 secs] 
2021-01-22T20:59:35.277-0800: 23.845: [GC (Allocation Failure) 2021-01-22T20:59:35.279-0800: 23.847: [DefNew: 279616K->34943K(314560K), 0.0197834 secs] 704037K->507014K(1013632K), 0.0215044 secs] [Times: user=0.02 sys=0.00, real=0.02 secs] 
2021-01-22T20:59:35.363-0800: 23.931: [GC (Allocation Failure) 2021-01-22T20:59:35.363-0800: 23.931: [DefNew: 314559K->34943K(314560K), 0.0197725 secs] 786630K->581392K(1013632K), 0.0198661 secs] [Times: user=0.02 sys=0.00, real=0.02 secs] 
2021-01-22T20:59:35.488-0800: 24.056: [GC (Allocation Failure) 2021-01-22T20:59:35.488-0800: 24.056: [DefNew: 314559K->34943K(314560K), 0.0293128 secs] 861008K->659825K(1013632K), 0.0295805 secs] [Times: user=0.03 sys=0.00, real=0.03 secs] 
2021-01-22T20:59:35.589-0800: 24.157: [GC (Allocation Failure) 2021-01-22T20:59:35.589-0800: 24.157: [DefNew: 314559K->314559K(314560K), 0.0000274 secs]2021-01-22T20:59:35.589-0800: 24.157: [Tenured: 624881K->433109K(699072K), 0.0643282 secs] 939441K->433109K(1013632K), [Metaspace: 2698K->2698K(1056768K)], 0.0644831 secs] [Times: user=0.06 sys=0.00, real=0.07 secs] 
2021-01-22T20:59:35.710-0800: 24.278: [GC (Allocation Failure) 2021-01-22T20:59:35.710-0800: 24.278: [DefNew: 279616K->34943K(314560K), 0.0205779 secs] 712725K->517160K(1013632K), 0.0207994 secs] [Times: user=0.02 sys=0.00, real=0.02 secs] 
2021-01-22T20:59:35.855-0800: 24.423: [GC (Allocation Failure) 2021-01-22T20:59:35.855-0800: 24.423: [DefNew: 314559K->34944K(314560K), 0.0411089 secs] 796776K->596229K(1013632K), 0.0412281 secs] [Times: user=0.03 sys=0.00, real=0.04 secs] 
2021-01-22T20:59:36.020-0800: 24.588: [GC (Allocation Failure) 2021-01-22T20:59:36.020-0800: 24.588: [DefNew: 314560K->34943K(314560K), 0.0236639 secs] 875845K->671853K(1013632K), 0.0237674 secs] [Times: user=0.02 sys=0.00, real=0.02 secs] 
2021-01-22T20:59:36.116-0800: 24.684: [GC (Allocation Failure) 2021-01-22T20:59:36.116-0800: 24.684: [DefNew: 314077K->314077K(314560K), 0.0000257 secs]2021-01-22T20:59:36.116-0800: 24.684: [Tenured: 636910K->413508K(699072K), 0.0679431 secs] 950987K->413508K(1013632K), [Metaspace: 2698K->2698K(1056768K)], 0.0680986 secs] [Times: user=0.06 sys=0.01, real=0.07 secs] 
2021-01-22T20:59:36.235-0800: 24.803: [GC (Allocation Failure) 2021-01-22T20:59:36.235-0800: 24.803: [DefNew: 279567K->34944K(314560K), 0.0112443 secs] 693075K->498233K(1013632K), 0.0113331 secs] [Times: user=0.01 sys=0.00, real=0.01 secs] 
2021-01-22T20:59:36.292-0800: 24.859: [GC (Allocation Failure) 2021-01-22T20:59:36.292-0800: 24.860: [DefNew: 314309K->34943K(314560K), 0.0168585 secs] 777599K->581580K(1013632K), 0.0169600 secs] [Times: user=0.02 sys=0.00, real=0.01 secs] 
2021-01-22T20:59:36.349-0800: 24.917: [GC (Allocation Failure) 2021-01-22T20:59:36.349-0800: 24.917: [DefNew: 314559K->34944K(314560K), 0.0168188 secs] 861196K->668454K(1013632K), 0.0169103 secs] [Times: user=0.02 sys=0.00, real=0.02 secs] 
2021-01-22T20:59:36.398-0800: 24.966: [GC (Allocation Failure) 2021-01-22T20:59:36.398-0800: 24.966: [DefNew: 314560K->314560K(314560K), 0.0000201 secs]2021-01-22T20:59:36.398-0800: 24.966: [Tenured: 633510K->382010K(699072K), 0.0515068 secs] 948070K->382010K(1013632K), [Metaspace: 2698K->2698K(1056768K)], 0.0516312 secs] [Times: user=0.05 sys=0.00, real=0.06 secs] 
2021-01-22T20:59:36.482-0800: 25.050: [GC (Allocation Failure) 2021-01-22T20:59:36.482-0800: 25.050: [DefNew: 279616K->34944K(314560K), 0.0113953 secs] 661626K->470107K(1013632K), 0.0114818 secs] [Times: user=0.01 sys=0.00, real=0.01 secs] 
2021-01-22T20:59:36.524-0800: 25.092: [GC (Allocation Failure) 2021-01-22T20:59:36.524-0800: 25.092: [DefNew: 314560K->34943K(314560K), 0.0149915 secs] 749723K->556134K(1013632K), 0.0150827 secs] [Times: user=0.01 sys=0.00, real=0.01 secs] 
2021-01-22T20:59:36.578-0800: 25.146: [GC (Allocation Failure) 2021-01-22T20:59:36.578-0800: 25.146: [DefNew: 314559K->34943K(314560K), 0.0134690 secs] 835750K->628072K(1013632K), 0.0135571 secs] [Times: user=0.01 sys=0.00, real=0.02 secs] 
2021-01-22T20:59:36.621-0800: 25.189: [GC (Allocation Failure) 2021-01-22T20:59:36.621-0800: 25.189: [DefNew: 314559K->314559K(314560K), 0.0000199 secs]2021-01-22T20:59:36.621-0800: 25.189: [Tenured: 593129K->415032K(699072K), 0.0455527 secs] 907688K->415032K(1013632K), [Metaspace: 2698K->2698K(1056768K)], 0.0456786 secs] [Times: user=0.05 sys=0.00, real=0.04 secs] 
2021-01-22T20:59:36.698-0800: 25.266: [GC (Allocation Failure) 2021-01-22T20:59:36.698-0800: 25.266: [DefNew: 279519K->34943K(314560K), 0.0105708 secs] 694552K->499818K(1013632K), 0.0106650 secs] [Times: user=0.01 sys=0.00, real=0.01 secs] 
2021-01-22T20:59:36.738-0800: 25.306: [GC (Allocation Failure) 2021-01-22T20:59:36.738-0800: 25.306: [DefNew: 314559K->34943K(314560K), 0.0137880 secs] 779434K->578097K(1013632K), 0.0138803 secs] [Times: user=0.01 sys=0.00, real=0.02 secs] 
2021-01-22T20:59:36.782-0800: 25.350: [GC (Allocation Failure) 2021-01-22T20:59:36.782-0800: 25.350: [DefNew: 314559K->34943K(314560K), 0.0136234 secs] 857713K->653363K(1013632K), 0.0137130 secs] [Times: user=0.02 sys=0.00, real=0.01 secs] 
2021-01-22T20:59:36.825-0800: 25.393: [GC (Allocation Failure) 2021-01-22T20:59:36.825-0800: 25.393: [DefNew: 314559K->314559K(314560K), 0.0000191 secs]2021-01-22T20:59:36.825-0800: 25.393: [Tenured: 618420K->401334K(699072K), 0.0462876 secs] 932979K->401334K(1013632K), [Metaspace: 2698K->2698K(1056768K)], 0.0464120 secs] [Times: user=0.05 sys=0.00, real=0.05 secs] 
2021-01-22T20:59:36.902-0800: 25.470: [GC (Allocation Failure) 2021-01-22T20:59:36.902-0800: 25.470: [DefNew: 279616K->34943K(314560K), 0.0101643 secs] 680950K->486163K(1013632K), 0.0102486 secs] [Times: user=0.01 sys=0.00, real=0.01 secs] 
2021-01-22T20:59:36.943-0800: 25.511: [GC (Allocation Failure) 2021-01-22T20:59:36.943-0800: 25.511: [DefNew: 314559K->34943K(314560K), 0.0143055 secs] 765779K->567587K(1013632K), 0.0143955 secs] [Times: user=0.02 sys=0.00, real=0.01 secs] 
2021-01-22T20:59:36.986-0800: 25.554: [GC (Allocation Failure) 2021-01-22T20:59:36.986-0800: 25.554: [DefNew: 314559K->34943K(314560K), 0.0154466 secs] 847203K->659410K(1013632K), 0.0155377 secs] [Times: user=0.01 sys=0.00, real=0.02 secs] 
2021-01-22T20:59:37.032-0800: 25.600: [GC (Allocation Failure) 2021-01-22T20:59:37.032-0800: 25.600: [DefNew: 314559K->314559K(314560K), 0.0000220 secs]2021-01-22T20:59:37.032-0800: 25.600: [Tenured: 624466K->416911K(699072K), 0.0544729 secs] 939026K->416911K(1013632K), [Metaspace: 2698K->2698K(1056768K)], 0.0546099 secs] [Times: user=0.05 sys=0.00, real=0.05 secs] 
2021-01-22T20:59:37.118-0800: 25.686: [GC (Allocation Failure) 2021-01-22T20:59:37.118-0800: 25.686: [DefNew: 279616K->34944K(314560K), 0.0108677 secs] 696527K->501620K(1013632K), 0.0109817 secs] [Times: user=0.01 sys=0.00, real=0.01 secs] 
2021-01-22T20:59:37.158-0800: 25.726: [GC (Allocation Failure) 2021-01-22T20:59:37.158-0800: 25.726: [DefNew: 314560K->34943K(314560K), 0.0140218 secs] 781236K->582232K(1013632K), 0.0141079 secs] [Times: user=0.01 sys=0.00, real=0.02 secs] 
2021-01-22T20:59:37.202-0800: 25.770: [GC (Allocation Failure) 2021-01-22T20:59:37.202-0800: 25.770: [DefNew: 314559K->34943K(314560K), 0.0135841 secs] 861848K->658021K(1013632K), 0.0136814 secs] [Times: user=0.01 sys=0.00, real=0.01 secs] 
2021-01-22T20:59:37.245-0800: 25.813: [GC (Allocation Failure) 2021-01-22T20:59:37.245-0800: 25.813: [DefNew: 314559K->314559K(314560K), 0.0000197 secs]2021-01-22T20:59:37.245-0800: 25.813: [Tenured: 623077K->384666K(699072K), 0.0483698 secs] 937637K->384666K(1013632K), [Metaspace: 2698K->2698K(1056768K)], 0.0484932 secs] [Times: user=0.05 sys=0.00, real=0.05 secs] 
2021-01-22T20:59:37.324-0800: 25.892: [GC (Allocation Failure) 2021-01-22T20:59:37.324-0800: 25.892: [DefNew: 279616K->34943K(314560K), 0.0113081 secs] 664282K->477467K(1013632K), 0.0114012 secs] [Times: user=0.01 sys=0.00, real=0.01 secs] 
2021-01-22T20:59:37.365-0800: 25.933: [GC (Allocation Failure) 2021-01-22T20:59:37.365-0800: 25.933: [DefNew: 314559K->34944K(314560K), 0.0139472 secs] 757083K->555762K(1013632K), 0.0140312 secs] [Times: user=0.01 sys=0.00, real=0.01 secs] 
2021-01-22T20:59:37.409-0800: 25.977: [GC (Allocation Failure) 2021-01-22T20:59:37.409-0800: 25.977: [DefNew: 314560K->34943K(314560K), 0.0141554 secs] 835378K->637789K(1013632K), 0.0142824 secs] [Times: user=0.01 sys=0.00, real=0.02 secs] 
2021-01-22T20:59:37.452-0800: 26.020: [GC (Allocation Failure) 2021-01-22T20:59:37.452-0800: 26.020: [DefNew: 314559K->314559K(314560K), 0.0000201 secs]2021-01-22T20:59:37.452-0800: 26.020: [Tenured: 602845K->418270K(699072K), 0.0446200 secs] 917405K->418270K(1013632K), [Metaspace: 2698K->2698K(1056768K)], 0.0447476 secs] [Times: user=0.04 sys=0.00, real=0.04 secs] 
2021-01-22T20:59:37.530-0800: 26.098: [GC (Allocation Failure) 2021-01-22T20:59:37.530-0800: 26.098: [DefNew: 279616K->34942K(314560K), 0.0110438 secs] 697886K->498558K(1013632K), 0.0111939 secs] [Times: user=0.01 sys=0.00, real=0.01 secs] 
2021-01-22T20:59:37.579-0800: 26.147: [GC (Allocation Failure) 2021-01-22T20:59:37.579-0800: 26.147: [DefNew: 314558K->34943K(314560K), 0.0143358 secs] 778174K->577294K(1013632K), 0.0144320 secs] [Times: user=0.02 sys=0.00, real=0.02 secs] 
2021-01-22T20:59:37.624-0800: 26.192: [GC (Allocation Failure) 2021-01-22T20:59:37.624-0800: 26.192: [DefNew: 314559K->34943K(314560K), 0.0135112 secs] 856910K->652332K(1013632K), 0.0135907 secs] [Times: user=0.01 sys=0.00, real=0.01 secs] 
2021-01-22T20:59:37.668-0800: 26.236: [GC (Allocation Failure) 2021-01-22T20:59:37.668-0800: 26.236: [DefNew: 314405K->314405K(314560K), 0.0000196 secs]2021-01-22T20:59:37.668-0800: 26.236: [Tenured: 617388K->402037K(699072K), 0.0452290 secs] 931793K->402037K(1013632K), [Metaspace: 2698K->2698K(1056768K)], 0.0453577 secs] [Times: user=0.05 sys=0.00, real=0.05 secs] 
2021-01-22T20:59:37.744-0800: 26.312: [GC (Allocation Failure) 2021-01-22T20:59:37.744-0800: 26.312: [DefNew: 279616K->34943K(314560K), 0.0113339 secs] 681653K->495481K(1013632K), 0.0114219 secs] [Times: user=0.01 sys=0.00, real=0.01 secs] 
2021-01-22T20:59:37.787-0800: 26.355: [GC (Allocation Failure) 2021-01-22T20:59:37.787-0800: 26.355: [DefNew: 314559K->34944K(314560K), 0.0132480 secs] 775097K->568632K(1013632K), 0.0133581 secs] [Times: user=0.01 sys=0.00, real=0.02 secs] 
2021-01-22T20:59:37.831-0800: 26.399: [GC (Allocation Failure) 2021-01-22T20:59:37.831-0800: 26.399: [DefNew: 314560K->34942K(314560K), 0.0133252 secs] 848248K->640285K(1013632K), 0.0134173 secs] [Times: user=0.02 sys=0.01, real=0.01 secs] 
2021-01-22T20:59:37.875-0800: 26.443: [GC (Allocation Failure) 2021-01-22T20:59:37.875-0800: 26.443: [DefNew: 314558K->314558K(314560K), 0.0000194 secs]2021-01-22T20:59:37.875-0800: 26.443: [Tenured: 605342K->398836K(699072K), 0.0448604 secs] 919901K->398836K(1013632K), [Metaspace: 2698K->2698K(1056768K)], 0.0449881 secs] [Times: user=0.04 sys=0.00, real=0.05 secs] 
2021-01-22T20:59:37.950-0800: 26.518: [GC (Allocation Failure) 2021-01-22T20:59:37.950-0800: 26.518: [DefNew: 279436K->34943K(314560K), 0.0109596 secs] 678273K->488964K(1013632K), 0.0110543 secs] [Times: user=0.01 sys=0.00, real=0.01 secs] 
2021-01-22T20:59:37.990-0800: 26.558: [GC (Allocation Failure) 2021-01-22T20:59:37.990-0800: 26.558: [DefNew: 314559K->34943K(314560K), 0.0140070 secs] 768580K->569874K(1013632K), 0.0140944 secs] [Times: user=0.02 sys=0.00, real=0.01 secs] 
2021-01-22T20:59:38.034-0800: 26.602: [GC (Allocation Failure) 2021-01-22T20:59:38.034-0800: 26.602: [DefNew: 314559K->34943K(314560K), 0.0150127 secs] 849490K->652461K(1013632K), 0.0151052 secs] [Times: user=0.01 sys=0.00, real=0.01 secs] 
2021-01-22T20:59:38.084-0800: 26.652: [GC (Allocation Failure) 2021-01-22T20:59:38.084-0800: 26.652: [DefNew: 314559K->314559K(314560K), 0.0000202 secs]2021-01-22T20:59:38.084-0800: 26.652: [Tenured: 617518K->370711K(699072K), 0.0473927 secs] 932077K->370711K(1013632K), [Metaspace: 2698K->2698K(1056768K)], 0.0475213 secs] [Times: user=0.04 sys=0.00, real=0.05 secs] 
2021-01-22T20:59:38.162-0800: 26.730: [GC (Allocation Failure) 2021-01-22T20:59:38.162-0800: 26.730: [DefNew: 279616K->34942K(314560K), 0.0105007 secs] 650327K->456520K(1013632K), 0.0105907 secs] [Times: user=0.01 sys=0.00, real=0.01 secs] 
2021-01-22T20:59:38.203-0800: 26.771: [GC (Allocation Failure) 2021-01-22T20:59:38.203-0800: 26.771: [DefNew: 314558K->34943K(314560K), 0.0145428 secs] 736136K->540745K(1013632K), 0.0146607 secs] [Times: user=0.02 sys=0.00, real=0.01 secs] 
2021-01-22T20:59:38.248-0800: 26.816: [GC (Allocation Failure) 2021-01-22T20:59:38.248-0800: 26.816: [DefNew: 314559K->34943K(314560K), 0.0143497 secs] 820361K->623783K(1013632K), 0.0144399 secs] [Times: user=0.01 sys=0.00, real=0.02 secs] 
2021-01-22T20:59:38.291-0800: 26.859: [GC (Allocation Failure) 2021-01-22T20:59:38.291-0800: 26.859: [DefNew: 314559K->314559K(314560K), 0.0000198 secs]2021-01-22T20:59:38.291-0800: 26.859: [Tenured: 588839K->418228K(699072K), 0.0456388 secs] 903399K->418228K(1013632K), [Metaspace: 2698K->2698K(1056768K)], 0.0457653 secs] [Times: user=0.05 sys=0.00, real=0.04 secs] 
2021-01-22T20:59:38.367-0800: 26.935: [GC (Allocation Failure) 2021-01-22T20:59:38.368-0800: 26.935: [DefNew: 279524K->34943K(314560K), 0.0115857 secs] 697753K->509094K(1013632K), 0.0116754 secs] [Times: user=0.01 sys=0.00, real=0.01 secs] 
2021-01-22T20:59:38.410-0800: 26.978: [GC (Allocation Failure) 2021-01-22T20:59:38.410-0800: 26.978: [DefNew: 314559K->34943K(314560K), 0.0136910 secs] 788710K->579389K(1013632K), 0.0137754 secs] [Times: user=0.01 sys=0.00, real=0.01 secs] 
2021-01-22T20:59:38.453-0800: 27.021: [GC (Allocation Failure) 2021-01-22T20:59:38.453-0800: 27.021: [DefNew: 314559K->34940K(314560K), 0.0146553 secs] 859005K->656485K(1013632K), 0.0147487 secs] [Times: user=0.02 sys=0.00, real=0.01 secs] 
2021-01-22T20:59:38.498-0800: 27.066: [GC (Allocation Failure) 2021-01-22T20:59:38.498-0800: 27.066: [DefNew: 314556K->314556K(314560K), 0.0000199 secs]2021-01-22T20:59:38.498-0800: 27.066: [Tenured: 621544K->418553K(699072K), 0.0495588 secs] 936101K->418553K(1013632K), [Metaspace: 2698K->2698K(1056768K)], 0.0496829 secs] [Times: user=0.04 sys=0.00, real=0.05 secs] 
2021-01-22T20:59:38.584-0800: 27.152: [GC (Allocation Failure) 2021-01-22T20:59:38.584-0800: 27.152: [DefNew: 279616K->34943K(314560K), 0.0106773 secs] 698169K->502676K(1013632K), 0.0107706 secs] [Times: user=0.01 sys=0.00, real=0.01 secs] 
2021-01-22T20:59:38.628-0800: 27.196: [GC (Allocation Failure) 2021-01-22T20:59:38.628-0800: 27.196: [DefNew: 314559K->34943K(314560K), 0.0142493 secs] 782292K->581181K(1013632K), 0.0143429 secs] [Times: user=0.02 sys=0.00, real=0.02 secs] 
2021-01-22T20:59:38.672-0800: 27.240: [GC (Allocation Failure) 2021-01-22T20:59:38.672-0800: 27.240: [DefNew: 314559K->34943K(314560K), 0.0145625 secs] 860797K->667099K(1013632K), 0.0146476 secs] [Times: user=0.01 sys=0.00, real=0.01 secs] 
2021-01-22T20:59:38.716-0800: 27.284: [GC (Allocation Failure) 2021-01-22T20:59:38.716-0800: 27.284: [DefNew: 314559K->314559K(314560K), 0.0000202 secs]2021-01-22T20:59:38.716-0800: 27.284: [Tenured: 632156K->412817K(699072K), 0.0467618 secs] 946715K->412817K(1013632K), [Metaspace: 2698K->2698K(1056768K)], 0.0468821 secs] [Times: user=0.05 sys=0.00, real=0.05 secs] 
2021-01-22T20:59:38.793-0800: 27.361: [GC (Allocation Failure) 2021-01-22T20:59:38.793-0800: 27.361: [DefNew: 279616K->34943K(314560K), 0.0126361 secs] 692433K->509934K(1013632K), 0.0127474 secs] [Times: user=0.01 sys=0.00, real=0.01 secs] 
2021-01-22T20:59:38.834-0800: 27.402: [GC (Allocation Failure) 2021-01-22T20:59:38.834-0800: 27.402: [DefNew: 314559K->34943K(314560K), 0.0139080 secs] 789550K->583707K(1013632K), 0.0139961 secs] [Times: user=0.01 sys=0.00, real=0.01 secs] 
2021-01-22T20:59:38.879-0800: 27.447: [GC (Allocation Failure) 2021-01-22T20:59:38.879-0800: 27.447: [DefNew: 314559K->34944K(314560K), 0.0157430 secs] 863323K->669759K(1013632K), 0.0158316 secs] [Times: user=0.02 sys=0.00, real=0.02 secs] 
2021-01-22T20:59:38.927-0800: 27.495: [GC (Allocation Failure) 2021-01-22T20:59:38.927-0800: 27.495: [DefNew: 314560K->314560K(314560K), 0.0000203 secs]2021-01-22T20:59:38.927-0800: 27.495: [Tenured: 634815K->384137K(699072K), 0.0515971 secs] 949375K->384137K(1013632K), [Metaspace: 2698K->2698K(1056768K)], 0.0517200 secs] [Times: user=0.05 sys=0.00, real=0.05 secs] 
2021-01-22T20:59:39.009-0800: 27.577: [GC (Allocation Failure) 2021-01-22T20:59:39.009-0800: 27.577: [DefNew: 279616K->34943K(314560K), 0.0117171 secs] 663753K->479887K(1013632K), 0.0118070 secs] [Times: user=0.01 sys=0.00, real=0.02 secs] 
2021-01-22T20:59:39.052-0800: 27.620: [GC (Allocation Failure) 2021-01-22T20:59:39.052-0800: 27.620: [DefNew: 314559K->34943K(314560K), 0.0157450 secs] 759503K->557504K(1013632K), 0.0158336 secs] [Times: user=0.02 sys=0.00, real=0.01 secs] 
2021-01-22T20:59:39.101-0800: 27.669: [GC (Allocation Failure) 2021-01-22T20:59:39.101-0800: 27.669: [DefNew: 314559K->34943K(314560K), 0.0145948 secs] 837120K->636836K(1013632K), 0.0146877 secs] [Times: user=0.02 sys=0.00, real=0.01 secs] 
2021-01-22T20:59:39.145-0800: 27.713: [GC (Allocation Failure) 2021-01-22T20:59:39.145-0800: 27.713: [DefNew: 314559K->314559K(314560K), 0.0000200 secs]2021-01-22T20:59:39.145-0800: 27.713: [Tenured: 601893K->413342K(699072K), 0.0442347 secs] 916452K->413342K(1013632K), [Metaspace: 2698K->2698K(1056768K)], 0.0443568 secs] [Times: user=0.05 sys=0.00, real=0.04 secs] 
2021-01-22T20:59:39.220-0800: 27.787: [GC (Allocation Failure) 2021-01-22T20:59:39.220-0800: 27.788: [DefNew: 279616K->34944K(314560K), 0.0106011 secs] 692958K->497029K(1013632K), 0.0106892 secs] [Times: user=0.01 sys=0.00, real=0.01 secs] 
2021-01-22T20:59:39.261-0800: 27.828: [GC (Allocation Failure) 2021-01-22T20:59:39.261-0800: 27.829: [DefNew: 314560K->34943K(314560K), 0.0148156 secs] 776645K->577573K(1013632K), 0.0149050 secs] [Times: user=0.01 sys=0.00, real=0.01 secs] 
2021-01-22T20:59:39.305-0800: 27.873: [GC (Allocation Failure) 2021-01-22T20:59:39.305-0800: 27.873: [DefNew: 314559K->34943K(314560K), 0.0145427 secs] 857189K->654301K(1013632K), 0.0146276 secs] [Times: user=0.02 sys=0.00, real=0.01 secs] 
2021-01-22T20:59:39.349-0800: 27.917: [GC (Allocation Failure) 2021-01-22T20:59:39.349-0800: 27.917: [DefNew: 314559K->314559K(314560K), 0.0000203 secs]2021-01-22T20:59:39.349-0800: 27.917: [Tenured: 619357K->400473K(699072K), 0.0473119 secs] 933917K->400473K(1013632K), [Metaspace: 2698K->2698K(1056768K)], 0.0474386 secs] [Times: user=0.04 sys=0.00, real=0.05 secs] 
2021-01-22T20:59:39.427-0800: 27.995: [GC (Allocation Failure) 2021-01-22T20:59:39.427-0800: 27.995: [DefNew: 279616K->34943K(314560K), 0.0109453 secs] 680089K->482664K(1013632K), 0.0110324 secs] [Times: user=0.01 sys=0.00, real=0.01 secs] 
2021-01-22T20:59:39.467-0800: 28.035: [GC (Allocation Failure) 2021-01-22T20:59:39.467-0800: 28.035: [DefNew: 314559K->34943K(314560K), 0.0150249 secs] 762280K->567465K(1013632K), 0.0151166 secs] [Times: user=0.02 sys=0.00, real=0.02 secs] 
2021-01-22T20:59:39.513-0800: 28.081: [GC (Allocation Failure) 2021-01-22T20:59:39.513-0800: 28.081: [DefNew: 314559K->34942K(314560K), 0.0132965 secs] 847081K->641758K(1013632K), 0.0133872 secs] [Times: user=0.01 sys=0.00, real=0.01 secs] 
2021-01-22T20:59:39.555-0800: 28.123: [GC (Allocation Failure) 2021-01-22T20:59:39.555-0800: 28.123: [DefNew: 314558K->314558K(314560K), 0.0000200 secs]2021-01-22T20:59:39.555-0800: 28.123: [Tenured: 606816K->408009K(699072K), 0.0536372 secs] 921374K->408009K(1013632K), [Metaspace: 2698K->2698K(1056768K)], 0.0537662 secs] [Times: user=0.05 sys=0.00, real=0.05 secs] 
2021-01-22T20:59:39.640-0800: 28.208: [GC (Allocation Failure) 2021-01-22T20:59:39.641-0800: 28.208: [DefNew: 279616K->34943K(314560K), 0.0108584 secs] 687625K->498077K(1013632K), 0.0109448 secs] [Times: user=0.01 sys=0.00, real=0.01 secs] 
2021-01-22T20:59:39.680-0800: 28.248: [GC (Allocation Failure) 2021-01-22T20:59:39.680-0800: 28.248: [DefNew: 314462K->34942K(314560K), 0.0145240 secs] 777596K->583329K(1013632K), 0.0146176 secs] [Times: user=0.02 sys=0.00, real=0.01 secs] 
2021-01-22T20:59:39.725-0800: 28.293: [GC (Allocation Failure) 2021-01-22T20:59:39.726-0800: 28.293: [DefNew: 314558K->34940K(314560K), 0.0137936 secs] 862945K->661110K(1013632K), 0.0138820 secs] [Times: user=0.01 sys=0.00, real=0.01 secs] 
2021-01-22T20:59:39.769-0800: 28.337: [GC (Allocation Failure) 2021-01-22T20:59:39.769-0800: 28.337: [DefNew: 314556K->314556K(314560K), 0.0000207 secs]2021-01-22T20:59:39.769-0800: 28.337: [Tenured: 626170K->372923K(699072K), 0.0455038 secs] 940726K->372923K(1013632K), [Metaspace: 2698K->2698K(1056768K)], 0.0456318 secs] [Times: user=0.05 sys=0.00, real=0.05 secs] 
2021-01-22T20:59:39.844-0800: 28.412: [GC (Allocation Failure) 2021-01-22T20:59:39.844-0800: 28.412: [DefNew: 279616K->34943K(314560K), 0.0109722 secs] 652539K->462002K(1013632K), 0.0110603 secs] [Times: user=0.01 sys=0.00, real=0.01 secs] 
2021-01-22T20:59:39.885-0800: 28.453: [GC (Allocation Failure) 2021-01-22T20:59:39.885-0800: 28.453: [DefNew: 314503K->34944K(314560K), 0.0142124 secs] 741562K->543047K(1013632K), 0.0142950 secs] [Times: user=0.01 sys=0.00, real=0.01 secs] 
2021-01-22T20:59:39.928-0800: 28.496: [GC (Allocation Failure) 2021-01-22T20:59:39.928-0800: 28.496: [DefNew: 314560K->34943K(314560K), 0.0144350 secs] 822663K->627076K(1013632K), 0.0145300 secs] [Times: user=0.01 sys=0.00, real=0.02 secs] 
2021-01-22T20:59:39.972-0800: 28.540: [GC (Allocation Failure) 2021-01-22T20:59:39.972-0800: 28.540: [DefNew: 314559K->314559K(314560K), 0.0000201 secs]2021-01-22T20:59:39.972-0800: 28.540: [Tenured: 592132K->408882K(699072K), 0.0437145 secs] 906692K->408882K(1013632K), [Metaspace: 2698K->2698K(1056768K)], 0.0438404 secs] [Times: user=0.05 sys=0.00, real=0.04 secs] 
2021-01-22T20:59:40.046-0800: 28.614: [GC (Allocation Failure) 2021-01-22T20:59:40.046-0800: 28.614: [DefNew: 279616K->34942K(314560K), 0.0109926 secs] 688498K->498452K(1013632K), 0.0110791 secs] [Times: user=0.01 sys=0.00, real=0.01 secs] 
2021-01-22T20:59:40.092-0800: 28.660: [GC (Allocation Failure) 2021-01-22T20:59:40.092-0800: 28.660: [DefNew: 314558K->34943K(314560K), 0.0158624 secs] 778068K->588999K(1013632K), 0.0159528 secs] [Times: user=0.02 sys=0.00, real=0.01 secs] 
2021-01-22T20:59:40.137-0800: 28.705: [GC (Allocation Failure) 2021-01-22T20:59:40.137-0800: 28.705: [DefNew: 314559K->34941K(314560K), 0.0141287 secs] 868615K->669130K(1013632K), 0.0142189 secs] [Times: user=0.01 sys=0.00, real=0.02 secs] 
2021-01-22T20:59:40.181-0800: 28.749: [GC (Allocation Failure) 2021-01-22T20:59:40.181-0800: 28.749: [DefNew: 314557K->314557K(314560K), 0.0000183 secs]2021-01-22T20:59:40.181-0800: 28.749: [Tenured: 634188K->425049K(699072K), 0.0477629 secs] 948746K->425049K(1013632K), [Metaspace: 2698K->2698K(1056768K)], 0.0478881 secs] [Times: user=0.05 sys=0.00, real=0.04 secs] 
2021-01-22T20:59:40.260-0800: 28.828: [GC (Allocation Failure) 2021-01-22T20:59:40.260-0800: 28.828: [DefNew: 279616K->34943K(314560K), 0.0115027 secs] 704665K->517639K(1013632K), 0.0115911 secs] [Times: user=0.01 sys=0.00, real=0.01 secs] 
2021-01-22T20:59:40.301-0800: 28.869: [GC (Allocation Failure) 2021-01-22T20:59:40.301-0800: 28.869: [DefNew: 314037K->34940K(314560K), 0.0145983 secs] 796732K->599095K(1013632K), 0.0147340 secs] [Times: user=0.02 sys=0.00, real=0.01 secs] 
2021-01-22T20:59:40.346-0800: 28.914: [GC (Allocation Failure) 2021-01-22T20:59:40.347-0800: 28.914: [DefNew: 314556K->34944K(314560K), 0.0141633 secs] 878711K->679749K(1013632K), 0.0142582 secs] [Times: user=0.01 sys=0.00, real=0.02 secs] 
2021-01-22T20:59:40.391-0800: 28.959: [GC (Allocation Failure) 2021-01-22T20:59:40.391-0800: 28.959: [DefNew: 314560K->314560K(314560K), 0.0000202 secs]2021-01-22T20:59:40.391-0800: 28.959: [Tenured: 644805K->412348K(699072K), 0.0462251 secs] 959365K->412348K(1013632K), [Metaspace: 2698K->2698K(1056768K)], 0.0463495 secs] [Times: user=0.05 sys=0.00, real=0.04 secs] 
2021-01-22T20:59:40.468-0800: 29.036: [GC (Allocation Failure) 2021-01-22T20:59:40.468-0800: 29.036: [DefNew: 279616K->34943K(314560K), 0.0111033 secs] 691964K->503239K(1013632K), 0.0111914 secs] [Times: user=0.01 sys=0.00, real=0.01 secs] 
2021-01-22T20:59:40.508-0800: 29.076: [GC (Allocation Failure) 2021-01-22T20:59:40.508-0800: 29.076: [DefNew: 314452K->34943K(314560K), 0.0136764 secs] 782748K->581702K(1013632K), 0.0137602 secs] [Times: user=0.01 sys=0.00, real=0.02 secs] 
2021-01-22T20:59:40.553-0800: 29.120: [GC (Allocation Failure) 2021-01-22T20:59:40.553-0800: 29.120: [DefNew: 314559K->34943K(314560K), 0.0143000 secs] 861318K->660432K(1013632K), 0.0143964 secs] [Times: user=0.02 sys=0.00, real=0.01 secs] 
2021-01-22T20:59:40.605-0800: 29.173: [GC (Allocation Failure) 2021-01-22T20:59:40.605-0800: 29.173: [DefNew: 314559K->314559K(314560K), 0.0000199 secs]2021-01-22T20:59:40.605-0800: 29.173: [Tenured: 625489K->371734K(699072K), 0.0471919 secs] 940048K->371734K(1013632K), [Metaspace: 2698K->2698K(1056768K)], 0.0473245 secs] [Times: user=0.05 sys=0.00, real=0.05 secs] 
2021-01-22T20:59:40.683-0800: 29.251: [GC (Allocation Failure) 2021-01-22T20:59:40.683-0800: 29.251: [DefNew: 279616K->34942K(314560K), 0.0114206 secs] 651350K->462267K(1013632K), 0.0115241 secs] [Times: user=0.01 sys=0.00, real=0.01 secs] 
2021-01-22T20:59:40.724-0800: 29.292: [GC (Allocation Failure) 2021-01-22T20:59:40.724-0800: 29.292: [DefNew: 314558K->34942K(314560K), 0.0130854 secs] 741883K->534487K(1013632K), 0.0131751 secs] [Times: user=0.01 sys=0.00, real=0.01 secs] 
2021-01-22T20:59:40.767-0800: 29.335: [GC (Allocation Failure) 2021-01-22T20:59:40.767-0800: 29.335: [DefNew: 314558K->34942K(314560K), 0.0133170 secs] 814103K->608629K(1013632K), 0.0134012 secs] [Times: user=0.02 sys=0.00, real=0.02 secs] 
2021-01-22T20:59:40.810-0800: 29.378: [GC (Allocation Failure) 2021-01-22T20:59:40.810-0800: 29.378: [DefNew: 314194K->34943K(314560K), 0.0137276 secs] 887880K->685824K(1013632K), 0.0138160 secs] [Times: user=0.01 sys=0.00, real=0.01 secs] 
2021-01-22T20:59:40.854-0800: 29.422: [GC (Allocation Failure) 2021-01-22T20:59:40.855-0800: 29.422: [DefNew: 314559K->314559K(314560K), 0.0000200 secs]2021-01-22T20:59:40.855-0800: 29.422: [Tenured: 650881K->409920K(699072K), 0.0467468 secs] 965440K->409920K(1013632K), [Metaspace: 2698K->2698K(1056768K)], 0.0468710 secs] [Times: user=0.05 sys=0.00, real=0.05 secs] 
2021-01-22T20:59:40.933-0800: 29.501: [GC (Allocation Failure) 2021-01-22T20:59:40.933-0800: 29.501: [DefNew: 279616K->34943K(314560K), 0.0103966 secs] 689536K->492792K(1013632K), 0.0104876 secs] [Times: user=0.01 sys=0.00, real=0.01 secs] 
2021-01-22T20:59:40.973-0800: 29.540: [GC (Allocation Failure) 2021-01-22T20:59:40.973-0800: 29.540: [DefNew: 314559K->34943K(314560K), 0.0141487 secs] 772408K->571355K(1013632K), 0.0142368 secs] [Times: user=0.01 sys=0.00, real=0.01 secs] 
2021-01-22T20:59:41.016-0800: 29.584: [GC (Allocation Failure) 2021-01-22T20:59:41.016-0800: 29.584: [DefNew: 314559K->34943K(314560K), 0.0142455 secs] 850971K->653209K(1013632K), 0.0143383 secs] [Times: user=0.01 sys=0.00, real=0.02 secs] 
2021-01-22T20:59:41.059-0800: 29.627: [GC (Allocation Failure) 2021-01-22T20:59:41.059-0800: 29.627: [DefNew: 314559K->314559K(314560K), 0.0000198 secs]2021-01-22T20:59:41.059-0800: 29.627: [Tenured: 618265K->417303K(699072K), 0.0537232 secs] 932825K->417303K(1013632K), [Metaspace: 2698K->2698K(1056768K)], 0.0538452 secs] [Times: user=0.06 sys=0.00, real=0.06 secs] 
2021-01-22T20:59:41.145-0800: 29.713: [GC (Allocation Failure) 2021-01-22T20:59:41.145-0800: 29.713: [DefNew: 279616K->34943K(314560K), 0.0104227 secs] 696919K->500845K(1013632K), 0.0105129 secs] [Times: user=0.01 sys=0.00, real=0.01 secs] 
2021-01-22T20:59:41.185-0800: 29.753: [GC (Allocation Failure) 2021-01-22T20:59:41.185-0800: 29.753: [DefNew: 314286K->34943K(314560K), 0.0146105 secs] 780189K->583916K(1013632K), 0.0147320 secs] [Times: user=0.01 sys=0.00, real=0.02 secs] 
2021-01-22T20:59:41.229-0800: 29.797: [GC (Allocation Failure) 2021-01-22T20:59:41.229-0800: 29.797: [DefNew: 314559K->34942K(314560K), 0.0139797 secs] 863532K->659666K(1013632K), 0.0140621 secs] [Times: user=0.02 sys=0.00, real=0.02 secs] 
2021-01-22T20:59:41.274-0800: 29.841: [GC (Allocation Failure) 2021-01-22T20:59:41.274-0800: 29.841: [DefNew: 314558K->314558K(314560K), 0.0000194 secs]2021-01-22T20:59:41.274-0800: 29.841: [Tenured: 624724K->402121K(699072K), 0.0544032 secs] 939282K->402121K(1013632K), [Metaspace: 2698K->2698K(1056768K)], 0.0545008 secs] [Times: user=0.05 sys=0.00, real=0.05 secs] 
2021-01-22T20:59:41.363-0800: 29.931: [GC (Allocation Failure) 2021-01-22T20:59:41.363-0800: 29.931: [DefNew: 279616K->34942K(314560K), 0.0127292 secs] 681737K->483625K(1013632K), 0.0128058 secs] [Times: user=0.01 sys=0.00, real=0.01 secs] 
2021-01-22T20:59:41.413-0800: 29.981: [GC (Allocation Failure) 2021-01-22T20:59:41.413-0800: 29.981: [DefNew: 314558K->34943K(314560K), 0.0140838 secs] 763241K->560984K(1013632K), 0.0141746 secs] [Times: user=0.01 sys=0.00, real=0.01 secs] 
2021-01-22T20:59:41.457-0800: 30.025: [GC (Allocation Failure) 2021-01-22T20:59:41.458-0800: 30.025: [DefNew: 314559K->34943K(314560K), 0.0137716 secs] 840600K->636942K(1013632K), 0.0138597 secs] [Times: user=0.02 sys=0.00, real=0.02 secs] 
2021-01-22T20:59:41.501-0800: 30.069: [GC (Allocation Failure) 2021-01-22T20:59:41.501-0800: 30.069: [DefNew: 314559K->314559K(314560K), 0.0000205 secs]2021-01-22T20:59:41.501-0800: 30.069: [Tenured: 601998K->376017K(699072K), 0.0472915 secs] 916558K->376017K(1013632K), [Metaspace: 2698K->2698K(1056768K)], 0.0474097 secs] [Times: user=0.05 sys=0.00, real=0.04 secs] 
2021-01-22T20:59:41.581-0800: 30.149: [GC (Allocation Failure) 2021-01-22T20:59:41.581-0800: 30.149: [DefNew: 279616K->34942K(314560K), 0.0161497 secs] 655633K->463677K(1013632K), 0.0162411 secs] [Times: user=0.02 sys=0.00, real=0.01 secs] 
2021-01-22T20:59:41.627-0800: 30.195: [GC (Allocation Failure) 2021-01-22T20:59:41.628-0800: 30.195: [DefNew: 314558K->34943K(314560K), 0.0159524 secs] 743293K->546719K(1013632K), 0.0160433 secs] [Times: user=0.02 sys=0.00, real=0.02 secs] 
2021-01-22T20:59:41.675-0800: 30.242: [GC (Allocation Failure) 2021-01-22T20:59:41.675-0800: 30.242: [DefNew: 314559K->34944K(314560K), 0.0148711 secs] 826335K->627776K(1013632K), 0.0149585 secs] [Times: user=0.01 sys=0.00, real=0.01 secs] 
2021-01-22T20:59:41.720-0800: 30.288: [GC (Allocation Failure) 2021-01-22T20:59:41.720-0800: 30.288: [DefNew: 314560K->314560K(314560K), 0.0000273 secs]2021-01-22T20:59:41.720-0800: 30.288: [Tenured: 592832K->414836K(699072K), 0.0529042 secs] 907392K->414836K(1013632K), [Metaspace: 2698K->2698K(1056768K)], 0.0530506 secs] [Times: user=0.05 sys=0.00, real=0.05 secs] 
2021-01-22T20:59:41.806-0800: 30.374: [GC (Allocation Failure) 2021-01-22T20:59:41.806-0800: 30.374: [DefNew: 279616K->34943K(314560K), 0.0111464 secs] 694452K->501176K(1013632K), 0.0112553 secs] [Times: user=0.02 sys=0.00, real=0.01 secs] 
2021-01-22T20:59:41.850-0800: 30.418: [GC (Allocation Failure) 2021-01-22T20:59:41.850-0800: 30.418: [DefNew: 314559K->34943K(314560K), 0.0147098 secs] 780792K->581492K(1013632K), 0.0148153 secs] [Times: user=0.01 sys=0.00, real=0.01 secs] 
2021-01-22T20:59:41.896-0800: 30.464: [GC (Allocation Failure) 2021-01-22T20:59:41.896-0800: 30.464: [DefNew: 314559K->34943K(314560K), 0.0155471 secs] 861108K->668350K(1013632K), 0.0156408 secs] [Times: user=0.02 sys=0.00, real=0.02 secs] 
2021-01-22T20:59:41.943-0800: 30.511: [GC (Allocation Failure) 2021-01-22T20:59:41.943-0800: 30.511: [DefNew: 314559K->314559K(314560K), 0.0000195 secs]2021-01-22T20:59:41.943-0800: 30.511: [Tenured: 633406K->405075K(699072K), 0.0479147 secs] 947966K->405075K(1013632K), [Metaspace: 2698K->2698K(1056768K)], 0.0480397 secs] [Times: user=0.05 sys=0.00, real=0.05 secs] 
2021-01-22T20:59:42.023-0800: 30.591: [GC (Allocation Failure) 2021-01-22T20:59:42.023-0800: 30.591: [DefNew: 279616K->34942K(314560K), 0.0113208 secs] 684691K->493689K(1013632K), 0.0114083 secs] [Times: user=0.01 sys=0.00, real=0.01 secs] 
2021-01-22T20:59:42.066-0800: 30.633: [GC (Allocation Failure) 2021-01-22T20:59:42.066-0800: 30.634: [DefNew: 314558K->34943K(314560K), 0.0177678 secs] 773305K->571625K(1013632K), 0.0178609 secs] [Times: user=0.02 sys=0.00, real=0.02 secs] 
2021-01-22T20:59:42.121-0800: 30.689: [GC (Allocation Failure) 2021-01-22T20:59:42.121-0800: 30.689: [DefNew: 314559K->34944K(314560K), 0.0141934 secs] 851241K->645868K(1013632K), 0.0142859 secs] [Times: user=0.02 sys=0.01, real=0.01 secs] 
2021-01-22T20:59:42.166-0800: 30.734: [GC (Allocation Failure) 2021-01-22T20:59:42.166-0800: 30.734: [DefNew: 314560K->314560K(314560K), 0.0000200 secs]2021-01-22T20:59:42.166-0800: 30.734: [Tenured: 610924K->398264K(699072K), 0.0467500 secs] 925484K->398264K(1013632K), [Metaspace: 2698K->2698K(1056768K)], 0.0468777 secs] [Times: user=0.04 sys=0.00, real=0.05 secs] 
2021-01-22T20:59:42.243-0800: 30.811: [GC (Allocation Failure) 2021-01-22T20:59:42.243-0800: 30.811: [DefNew: 279616K->34943K(314560K), 0.0129968 secs] 677880K->488189K(1013632K), 0.0130934 secs] [Times: user=0.02 sys=0.00, real=0.01 secs] 
2021-01-22T20:59:42.288-0800: 30.855: [GC (Allocation Failure) 2021-01-22T20:59:42.288-0800: 30.856: [DefNew: 314559K->34943K(314560K), 0.0155958 secs] 767805K->574468K(1013632K), 0.0156815 secs] [Times: user=0.01 sys=0.00, real=0.02 secs] 
2021-01-22T20:59:42.333-0800: 30.901: [GC (Allocation Failure) 2021-01-22T20:59:42.333-0800: 30.901: [DefNew: 314559K->34943K(314560K), 0.0150863 secs] 854084K->657579K(1013632K), 0.0151756 secs] [Times: user=0.02 sys=0.00, real=0.01 secs] 
2021-01-22T20:59:42.379-0800: 30.947: [GC (Allocation Failure) 2021-01-22T20:59:42.379-0800: 30.947: [DefNew: 314559K->314559K(314560K), 0.0000196 secs]2021-01-22T20:59:42.379-0800: 30.947: [Tenured: 622635K->372314K(699072K), 0.0482845 secs] 937195K->372314K(1013632K), [Metaspace: 2698K->2698K(1056768K)], 0.0484084 secs] [Times: user=0.04 sys=0.00, real=0.05 secs] 
2021-01-22T20:59:42.460-0800: 31.028: [GC (Allocation Failure) 2021-01-22T20:59:42.460-0800: 31.028: [DefNew: 279616K->34941K(314560K), 0.0102619 secs] 651930K->451944K(1013632K), 0.0103536 secs] [Times: user=0.01 sys=0.00, real=0.01 secs] 
2021-01-22T20:59:42.501-0800: 31.069: [GC (Allocation Failure) 2021-01-22T20:59:42.501-0800: 31.069: [DefNew: 314557K->34944K(314560K), 0.0148392 secs] 731560K->532968K(1013632K), 0.0149295 secs] [Times: user=0.01 sys=0.00, real=0.01 secs] 
2021-01-22T20:59:42.546-0800: 31.114: [GC (Allocation Failure) 2021-01-22T20:59:42.546-0800: 31.114: [DefNew: 314285K->34943K(314560K), 0.0139200 secs] 812309K->608761K(1013632K), 0.0140067 secs] [Times: user=0.02 sys=0.00, real=0.02 secs] 
2021-01-22T20:59:42.596-0800: 31.164: [GC (Allocation Failure) 2021-01-22T20:59:42.596-0800: 31.164: [DefNew: 314559K->34943K(314560K), 0.0136482 secs] 888377K->686081K(1013632K), 0.0137412 secs] [Times: user=0.01 sys=0.00, real=0.02 secs] 
2021-01-22T20:59:42.639-0800: 31.207: [GC (Allocation Failure) 2021-01-22T20:59:42.639-0800: 31.207: [DefNew: 314559K->314559K(314560K), 0.0000193 secs]2021-01-22T20:59:42.639-0800: 31.207: [Tenured: 651138K->406479K(699072K), 0.0455525 secs] 965697K->406479K(1013632K), [Metaspace: 2698K->2698K(1056768K)], 0.0456781 secs] [Times: user=0.05 sys=0.00, real=0.05 secs] 
2021-01-22T20:59:42.717-0800: 31.285: [GC (Allocation Failure) 2021-01-22T20:59:42.717-0800: 31.285: [DefNew: 279616K->34943K(314560K), 0.0108813 secs] 686095K->490551K(1013632K), 0.0109732 secs] [Times: user=0.01 sys=0.00, real=0.01 secs] 
2021-01-22T20:59:42.759-0800: 31.327: [GC (Allocation Failure) 2021-01-22T20:59:42.759-0800: 31.327: [DefNew: 314559K->34943K(314560K), 0.0146809 secs] 770167K->561982K(1013632K), 0.0147996 secs] [Times: user=0.02 sys=0.00, real=0.02 secs] 
2021-01-22T20:59:42.804-0800: 31.372: [GC (Allocation Failure) 2021-01-22T20:59:42.804-0800: 31.372: [DefNew: 314559K->34942K(314560K), 0.0139048 secs] 841598K->636757K(1013632K), 0.0139991 secs] [Times: user=0.01 sys=0.00, real=0.01 secs] 
2021-01-22T20:59:42.851-0800: 31.419: [GC (Allocation Failure) 2021-01-22T20:59:42.851-0800: 31.419: [DefNew: 314558K->314558K(314560K), 0.0000259 secs]2021-01-22T20:59:42.851-0800: 31.419: [Tenured: 601814K->406973K(699072K), 0.0491154 secs] 916373K->406973K(1013632K), [Metaspace: 2698K->2698K(1056768K)], 0.0492653 secs] [Times: user=0.05 sys=0.00, real=0.05 secs] 
2021-01-22T20:59:42.935-0800: 31.503: [GC (Allocation Failure) 2021-01-22T20:59:42.935-0800: 31.503: [DefNew: 279616K->34942K(314560K), 0.0130775 secs] 686589K->491007K(1013632K), 0.0131754 secs] [Times: user=0.01 sys=0.00, real=0.01 secs] 
2021-01-22T20:59:42.980-0800: 31.548: [GC (Allocation Failure) 2021-01-22T20:59:42.980-0800: 31.548: [DefNew: 314558K->34943K(314560K), 0.0151663 secs] 770623K->574827K(1013632K), 0.0152660 secs] [Times: user=0.01 sys=0.00, real=0.01 secs] 
2021-01-22T20:59:43.026-0800: 31.594: [GC (Allocation Failure) 2021-01-22T20:59:43.026-0800: 31.594: [DefNew: 314559K->34943K(314560K), 0.0221212 secs] 854443K->656622K(1013632K), 0.0222091 secs] [Times: user=0.02 sys=0.00, real=0.02 secs] 
2021-01-22T20:59:43.103-0800: 31.671: [GC (Allocation Failure) 2021-01-22T20:59:43.103-0800: 31.671: [DefNew: 314559K->314559K(314560K), 0.0001194 secs]2021-01-22T20:59:43.103-0800: 31.671: [Tenured: 621678K->418527K(699072K), 0.0937180 secs] 936238K->418527K(1013632K), [Metaspace: 2698K->2698K(1056768K)], 0.0946683 secs] [Times: user=0.07 sys=0.01, real=0.09 secs] 
2021-01-22T20:59:43.278-0800: 31.846: [GC (Allocation Failure) 2021-01-22T20:59:43.279-0800: 31.846: [DefNew: 279616K->34943K(314560K), 0.0113412 secs] 698143K->501235K(1013632K), 0.0114631 secs] [Times: user=0.01 sys=0.00, real=0.02 secs] 
2021-01-22T20:59:43.327-0800: 31.895: [GC (Allocation Failure) 2021-01-22T20:59:43.327-0800: 31.895: [DefNew: 314559K->34943K(314560K), 0.0155337 secs] 780851K->581833K(1013632K), 0.0156300 secs] [Times: user=0.01 sys=0.00, real=0.02 secs] 
2021-01-22T20:59:43.377-0800: 31.945: [GC (Allocation Failure) 2021-01-22T20:59:43.377-0800: 31.945: [DefNew: 314559K->34943K(314560K), 0.0145173 secs] 861449K->656967K(1013632K), 0.0146197 secs] [Times: user=0.01 sys=0.00, real=0.02 secs] 
2021-01-22T20:59:43.422-0800: 31.990: [GC (Allocation Failure) 2021-01-22T20:59:43.422-0800: 31.990: [DefNew: 314559K->314559K(314560K), 0.0000218 secs]2021-01-22T20:59:43.422-0800: 31.990: [Tenured: 622023K->386397K(699072K), 0.0494024 secs] 936583K->386397K(1013632K), [Metaspace: 2698K->2698K(1056768K)], 0.0495407 secs] [Times: user=0.05 sys=0.00, real=0.05 secs] 
2021-01-22T20:59:43.502-0800: 32.070: [GC (Allocation Failure) 2021-01-22T20:59:43.502-0800: 32.070: [DefNew: 279566K->34942K(314560K), 0.0112316 secs] 665963K->477417K(1013632K), 0.0113260 secs] [Times: user=0.01 sys=0.00, real=0.01 secs] 
2021-01-22T20:59:43.543-0800: 32.111: [GC (Allocation Failure) 2021-01-22T20:59:43.543-0800: 32.111: [DefNew: 314558K->34943K(314560K), 0.0151239 secs] 757033K->559236K(1013632K), 0.0152261 secs] [Times: user=0.02 sys=0.00, real=0.01 secs] 
2021-01-22T20:59:43.589-0800: 32.157: [GC (Allocation Failure) 2021-01-22T20:59:43.589-0800: 32.157: [DefNew: 314244K->34943K(314560K), 0.0149102 secs] 838537K->643131K(1013632K), 0.0150210 secs] [Times: user=0.01 sys=0.00, real=0.02 secs] 
2021-01-22T20:59:43.636-0800: 32.204: [GC (Allocation Failure) 2021-01-22T20:59:43.636-0800: 32.204: [DefNew: 314559K->314559K(314560K), 0.0000220 secs]2021-01-22T20:59:43.636-0800: 32.204: [Tenured: 608188K->426817K(699072K), 0.0471073 secs] 922747K->426817K(1013632K), [Metaspace: 2698K->2698K(1056768K)], 0.0472408 secs] [Times: user=0.05 sys=0.00, real=0.05 secs] 
2021-01-22T20:59:43.713-0800: 32.281: [GC (Allocation Failure) 2021-01-22T20:59:43.713-0800: 32.281: [DefNew: 279616K->34942K(314560K), 0.0112735 secs] 706433K->518032K(1013632K), 0.0113659 secs] [Times: user=0.01 sys=0.00, real=0.01 secs] 
2021-01-22T20:59:43.754-0800: 32.322: [GC (Allocation Failure) 2021-01-22T20:59:43.754-0800: 32.322: [DefNew: 314558K->34943K(314560K), 0.0145677 secs] 797648K->602384K(1013632K), 0.0146649 secs] [Times: user=0.01 sys=0.00, real=0.01 secs] 
2021-01-22T20:59:43.798-0800: 32.366: [GC (Allocation Failure) 2021-01-22T20:59:43.798-0800: 32.366: [DefNew: 314559K->34943K(314560K), 0.0149058 secs] 882000K->681504K(1013632K), 0.0149942 secs] [Times: user=0.02 sys=0.00, real=0.02 secs] 
2021-01-22T20:59:43.843-0800: 32.411: [GC (Allocation Failure) 2021-01-22T20:59:43.843-0800: 32.411: [DefNew: 314559K->314559K(314560K), 0.0000213 secs]2021-01-22T20:59:43.843-0800: 32.411: [Tenured: 646560K->423720K(699072K), 0.0470831 secs] 961120K->423720K(1013632K), [Metaspace: 2698K->2698K(1056768K)], 0.0472134 secs] [Times: user=0.05 sys=0.00, real=0.05 secs] 
2021-01-22T20:59:43.920-0800: 32.488: [GC (Allocation Failure) 2021-01-22T20:59:43.920-0800: 32.488: [DefNew: 279616K->34944K(314560K), 0.0116753 secs] 703336K->519851K(1013632K), 0.0118029 secs] [Times: user=0.01 sys=0.00, real=0.01 secs] 
2021-01-22T20:59:43.962-0800: 32.530: [GC (Allocation Failure) 2021-01-22T20:59:43.962-0800: 32.530: [DefNew: 314560K->34943K(314560K), 0.0136474 secs] 799467K->595117K(1013632K), 0.0137402 secs] [Times: user=0.01 sys=0.00, real=0.01 secs] 
2021-01-22T20:59:44.005-0800: 32.573: [GC (Allocation Failure) 2021-01-22T20:59:44.005-0800: 32.573: [DefNew: 314559K->34943K(314560K), 0.0139301 secs] 874733K->672745K(1013632K), 0.0140273 secs] [Times: user=0.01 sys=0.00, real=0.01 secs] 
2021-01-22T20:59:44.049-0800: 32.617: [GC (Allocation Failure) 2021-01-22T20:59:44.049-0800: 32.617: [DefNew: 314513K->314513K(314560K), 0.0000220 secs]2021-01-22T20:59:44.050-0800: 32.617: [Tenured: 637801K->407366K(699072K), 0.0477960 secs] 952314K->407366K(1013632K), [Metaspace: 2698K->2698K(1056768K)], 0.0479330 secs] [Times: user=0.05 sys=0.00, real=0.05 secs] 
2021-01-22T20:59:44.126-0800: 32.694: [GC (Allocation Failure) 2021-01-22T20:59:44.126-0800: 32.694: [DefNew: 279616K->34943K(314560K), 0.0119849 secs] 686982K->503105K(1013632K), 0.0120825 secs] [Times: user=0.01 sys=0.00, real=0.01 secs] 
2021-01-22T20:59:44.167-0800: 32.735: [GC (Allocation Failure) 2021-01-22T20:59:44.167-0800: 32.735: [DefNew: 314559K->34943K(314560K), 0.0142746 secs] 782721K->586971K(1013632K), 0.0143663 secs] [Times: user=0.02 sys=0.00, real=0.02 secs] 
2021-01-22T20:59:44.211-0800: 32.779: [GC (Allocation Failure) 2021-01-22T20:59:44.211-0800: 32.779: [DefNew: 314559K->34944K(314560K), 0.0138439 secs] 866587K->664382K(1013632K), 0.0139378 secs] [Times: user=0.01 sys=0.00, real=0.01 secs] 
2021-01-22T20:59:44.255-0800: 32.823: [GC (Allocation Failure) 2021-01-22T20:59:44.255-0800: 32.823: [DefNew: 314560K->314560K(314560K), 0.0000237 secs]2021-01-22T20:59:44.255-0800: 32.823: [Tenured: 629438K->372255K(699072K), 0.0465110 secs] 943998K->372255K(1013632K), [Metaspace: 2698K->2698K(1056768K)], 0.0466506 secs] [Times: user=0.05 sys=0.00, real=0.05 secs] 
2021-01-22T20:59:44.332-0800: 32.900: [GC (Allocation Failure) 2021-01-22T20:59:44.332-0800: 32.900: [DefNew: 279616K->34943K(314560K), 0.0112879 secs] 651871K->463704K(1013632K), 0.0113848 secs] [Times: user=0.01 sys=0.00, real=0.01 secs] 
2021-01-22T20:59:44.373-0800: 32.941: [GC (Allocation Failure) 2021-01-22T20:59:44.373-0800: 32.941: [DefNew: 314482K->34942K(314560K), 0.0135075 secs] 743242K->539355K(1013632K), 0.0136066 secs] [Times: user=0.01 sys=0.00, real=0.01 secs] 
2021-01-22T20:59:44.416-0800: 32.984: [GC (Allocation Failure) 2021-01-22T20:59:44.416-0800: 32.984: [DefNew: 314558K->34943K(314560K), 0.0132864 secs] 818971K->614496K(1013632K), 0.0133762 secs] [Times: user=0.01 sys=0.00, real=0.01 secs] 
2021-01-22T20:59:44.459-0800: 33.027: [GC (Allocation Failure) 2021-01-22T20:59:44.459-0800: 33.027: [DefNew: 314559K->34943K(314560K), 0.0162098 secs] 894112K->703702K(1013632K), 0.0163002 secs] [Times: user=0.02 sys=0.00, real=0.02 secs] 
2021-01-22T20:59:44.505-0800: 33.073: [GC (Allocation Failure) 2021-01-22T20:59:44.505-0800: 33.073: [DefNew: 314559K->314559K(314560K), 0.0000212 secs]2021-01-22T20:59:44.505-0800: 33.073: [Tenured: 668759K->400663K(699072K), 0.0440271 secs] 983318K->400663K(1013632K), [Metaspace: 2698K->2698K(1056768K)], 0.0441641 secs] [Times: user=0.04 sys=0.00, real=0.04 secs] 
2021-01-22T20:59:44.580-0800: 33.148: [GC (Allocation Failure) 2021-01-22T20:59:44.580-0800: 33.148: [DefNew: 279616K->34942K(314560K), 0.0110445 secs] 680279K->490621K(1013632K), 0.0111355 secs] [Times: user=0.01 sys=0.00, real=0.01 secs] 
2021-01-22T20:59:44.621-0800: 33.189: [GC (Allocation Failure) 2021-01-22T20:59:44.621-0800: 33.189: [DefNew: 314558K->34943K(314560K), 0.0138188 secs] 770237K->569287K(1013632K), 0.0139153 secs] [Times: user=0.02 sys=0.00, real=0.01 secs] 
2021-01-22T20:59:44.666-0800: 33.233: [GC (Allocation Failure) 2021-01-22T20:59:44.666-0800: 33.233: [DefNew: 314559K->34943K(314560K), 0.0132139 secs] 848903K->641959K(1013632K), 0.0133095 secs] [Times: user=0.01 sys=0.00, real=0.01 secs] 
2021-01-22T20:59:44.709-0800: 33.277: [GC (Allocation Failure) 2021-01-22T20:59:44.709-0800: 33.277: [DefNew: 314559K->314559K(314560K), 0.0000221 secs]2021-01-22T20:59:44.709-0800: 33.277: [Tenured: 607015K->412285K(699072K), 0.0470849 secs] 921575K->412285K(1013632K), [Metaspace: 2698K->2698K(1056768K)], 0.0472242 secs] [Times: user=0.05 sys=0.00, real=0.05 secs] 
2021-01-22T20:59:44.787-0800: 33.355: [GC (Allocation Failure) 2021-01-22T20:59:44.787-0800: 33.355: [DefNew: 279563K->34943K(314560K), 0.0099341 secs] 691848K->493060K(1013632K), 0.0100250 secs] [Times: user=0.01 sys=0.00, real=0.01 secs] 
2021-01-22T20:59:44.827-0800: 33.395: [GC (Allocation Failure) 2021-01-22T20:59:44.827-0800: 33.395: [DefNew: 314559K->34943K(314560K), 0.0137076 secs] 772676K->571082K(1013632K), 0.0137945 secs] [Times: user=0.01 sys=0.00, real=0.02 secs] 
2021-01-22T20:59:44.869-0800: 33.437: [GC (Allocation Failure) 2021-01-22T20:59:44.869-0800: 33.437: [DefNew: 314559K->34943K(314560K), 0.0131751 secs] 850698K->644283K(1013632K), 0.0132630 secs] [Times: user=0.01 sys=0.00, real=0.02 secs] 
2021-01-22T20:59:44.912-0800: 33.480: [GC (Allocation Failure) 2021-01-22T20:59:44.912-0800: 33.480: [DefNew: 314559K->314559K(314560K), 0.0000208 secs]2021-01-22T20:59:44.913-0800: 33.480: [Tenured: 609339K->407800K(699072K), 0.0461838 secs] 923899K->407800K(1013632K), [Metaspace: 2698K->2698K(1056768K)], 0.0463180 secs] [Times: user=0.05 sys=0.00, real=0.04 secs] 
2021-01-22T20:59:44.990-0800: 33.557: [GC (Allocation Failure) 2021-01-22T20:59:44.990-0800: 33.558: [DefNew: 279616K->34943K(314560K), 0.0110645 secs] 687416K->498658K(1013632K), 0.0111514 secs] [Times: user=0.01 sys=0.00, real=0.01 secs] 
2021-01-22T20:59:45.030-0800: 33.597: [GC (Allocation Failure) 2021-01-22T20:59:45.030-0800: 33.597: [DefNew: 314559K->34943K(314560K), 0.0142595 secs] 778274K->577885K(1013632K), 0.0143557 secs] [Times: user=0.01 sys=0.00, real=0.01 secs] 
2021-01-22T20:59:45.075-0800: 33.643: [GC (Allocation Failure) 2021-01-22T20:59:45.075-0800: 33.643: [DefNew: 314559K->34943K(314560K), 0.0140789 secs] 857501K->658683K(1013632K), 0.0141708 secs] [Times: user=0.02 sys=0.00, real=0.01 secs] 
2021-01-22T20:59:45.121-0800: 33.688: [GC (Allocation Failure) 2021-01-22T20:59:45.121-0800: 33.689: [DefNew: 314559K->314559K(314560K), 0.0000217 secs]2021-01-22T20:59:45.121-0800: 33.689: [Tenured: 623739K->370833K(699072K), 0.0472668 secs] 938299K->370833K(1013632K), [Metaspace: 2698K->2698K(1056768K)], 0.0473982 secs] [Times: user=0.05 sys=0.00, real=0.04 secs] 
2021-01-22T20:59:45.202-0800: 33.769: [GC (Allocation Failure) 2021-01-22T20:59:45.202-0800: 33.769: [DefNew: 279616K->34940K(314560K), 0.0204415 secs] 650449K->460485K(1013632K), 0.0207302 secs] [Times: user=0.02 sys=0.00, real=0.02 secs] 
2021-01-22T20:59:45.277-0800: 33.845: [GC (Allocation Failure) 2021-01-22T20:59:45.277-0800: 33.845: [DefNew: 314556K->34943K(314560K), 0.0446373 secs] 740101K->541201K(1013632K), 0.0447351 secs] [Times: user=0.01 sys=0.00, real=0.05 secs] 
2021-01-22T20:59:45.360-0800: 33.928: [GC (Allocation Failure) 2021-01-22T20:59:45.360-0800: 33.928: [DefNew: 314559K->34943K(314560K), 0.0387990 secs] 820817K->623287K(1013632K), 0.0389033 secs] [Times: user=0.02 sys=0.00, real=0.03 secs] 
2021-01-22T20:59:45.602-0800: 34.170: [GC (Allocation Failure) 2021-01-22T20:59:45.602-0800: 34.170: [DefNew: 314559K->34944K(314560K), 0.0657000 secs] 902903K->696781K(1013632K), 0.0658184 secs] [Times: user=0.02 sys=0.00, real=0.06 secs] 
2021-01-22T20:59:45.797-0800: 34.365: [GC (Allocation Failure) 2021-01-22T20:59:45.797-0800: 34.365: [DefNew: 314560K->314560K(314560K), 0.0000371 secs]2021-01-22T20:59:45.797-0800: 34.365: [Tenured: 661837K->405869K(699072K), 0.2964949 secs] 976397K->405869K(1013632K), [Metaspace: 2698K->2698K(1056768K)], 0.2966713 secs] [Times: user=0.07 sys=0.04, real=0.30 secs] 
2021-01-22T20:59:46.153-0800: 34.720: [GC (Allocation Failure) 2021-01-22T20:59:46.153-0800: 34.721: [DefNew: 279616K->34943K(314560K), 0.0206958 secs] 685485K->491208K(1013632K), 0.0208112 secs] [Times: user=0.01 sys=0.00, real=0.02 secs] 
2021-01-22T20:59:46.244-0800: 34.812: [GC (Allocation Failure) 2021-01-22T20:59:46.244-0800: 34.812: [DefNew: 314559K->34943K(314560K), 0.0807124 secs] 770824K->578448K(1013632K), 0.0808311 secs] [Times: user=0.03 sys=0.01, real=0.08 secs] 
2021-01-22T20:59:46.378-0800: 34.946: [GC (Allocation Failure) 2021-01-22T20:59:46.378-0800: 34.946: [DefNew: 314559K->34943K(314560K), 0.0199383 secs] 858064K->655528K(1013632K), 0.0200454 secs] [Times: user=0.02 sys=0.00, real=0.02 secs] 
2021-01-22T20:59:46.436-0800: 35.004: [GC (Allocation Failure) 2021-01-22T20:59:46.436-0800: 35.004: [DefNew: 314559K->314559K(314560K), 0.0000286 secs]2021-01-22T20:59:46.436-0800: 35.004: [Tenured: 620585K->408048K(699072K), 0.0547782 secs] 935144K->408048K(1013632K), [Metaspace: 2698K->2698K(1056768K)], 0.0549245 secs] [Times: user=0.04 sys=0.01, real=0.06 secs] 
2021-01-22T20:59:46.522-0800: 35.090: [GC (Allocation Failure) 2021-01-22T20:59:46.522-0800: 35.090: [DefNew: 279616K->34943K(314560K), 0.0163802 secs] 687664K->491584K(1013632K), 0.0164846 secs] [Times: user=0.02 sys=0.00, real=0.01 secs] 
2021-01-22T20:59:46.584-0800: 35.152: [GC (Allocation Failure) 2021-01-22T20:59:46.584-0800: 35.152: [DefNew: 314559K->34943K(314560K), 0.0206544 secs] 771200K->570213K(1013632K), 0.0207516 secs] [Times: user=0.02 sys=0.00, real=0.02 secs] 
2021-01-22T20:59:46.649-0800: 35.217: [GC (Allocation Failure) 2021-01-22T20:59:46.649-0800: 35.217: [DefNew: 314068K->34944K(314560K), 0.0213975 secs] 849337K->650555K(1013632K), 0.0214994 secs] [Times: user=0.01 sys=0.00, real=0.03 secs] 
2021-01-22T20:59:46.738-0800: 35.306: [GC (Allocation Failure) 2021-01-22T20:59:46.738-0800: 35.306: [DefNew: 314560K->314560K(314560K), 0.0000231 secs]2021-01-22T20:59:46.738-0800: 35.306: [Tenured: 615611K->402914K(699072K), 0.0784063 secs] 930171K->402914K(1013632K), [Metaspace: 2698K->2698K(1056768K)], 0.0785410 secs] [Times: user=0.07 sys=0.00, real=0.08 secs] 
2021-01-22T20:59:46.868-0800: 35.436: [GC (Allocation Failure) 2021-01-22T20:59:46.868-0800: 35.436: [DefNew: 279616K->34942K(314560K), 0.0168332 secs] 682530K->487443K(1013632K), 0.0169676 secs] [Times: user=0.01 sys=0.00, real=0.02 secs] 
2021-01-22T20:59:46.920-0800: 35.488: [GC (Allocation Failure) 2021-01-22T20:59:46.920-0800: 35.488: [DefNew: 314558K->34943K(314560K), 0.0205993 secs] 767059K->568041K(1013632K), 0.0207084 secs] [Times: user=0.01 sys=0.00, real=0.02 secs] 
2021-01-22T20:59:46.989-0800: 35.557: [GC (Allocation Failure) 2021-01-22T20:59:46.989-0800: 35.557: [DefNew: 314559K->34944K(314560K), 0.0251580 secs] 847657K->644781K(1013632K), 0.0252957 secs] [Times: user=0.02 sys=0.00, real=0.03 secs] 
2021-01-22T20:59:47.063-0800: 35.631: [GC (Allocation Failure) 2021-01-22T20:59:47.064-0800: 35.631: [DefNew: 314560K->314560K(314560K), 0.0001375 secs]2021-01-22T20:59:47.064-0800: 35.632: [Tenured: 609837K->368557K(699072K), 0.0859275 secs] 924397K->368557K(1013632K), [Metaspace: 2698K->2698K(1056768K)], 0.0863804 secs] [Times: user=0.07 sys=0.01, real=0.09 secs] 
2021-01-22T20:59:47.202-0800: 35.770: [GC (Allocation Failure) 2021-01-22T20:59:47.203-0800: 35.770: [DefNew: 279616K->34943K(314560K), 0.0165035 secs] 648173K->449550K(1013632K), 0.0166077 secs] [Times: user=0.01 sys=0.00, real=0.01 secs] 
2021-01-22T20:59:47.260-0800: 35.828: [GC (Allocation Failure) 2021-01-22T20:59:47.260-0800: 35.828: [DefNew: 314559K->34943K(314560K), 0.0157867 secs] 729166K->534642K(1013632K), 0.0158802 secs] [Times: user=0.02 sys=0.00, real=0.01 secs] 
2021-01-22T20:59:47.317-0800: 35.885: [GC (Allocation Failure) 2021-01-22T20:59:47.317-0800: 35.885: [DefNew: 314559K->34944K(314560K), 0.0190947 secs] 814258K->610561K(1013632K), 0.0191903 secs] [Times: user=0.01 sys=0.00, real=0.02 secs] 
2021-01-22T20:59:47.381-0800: 35.949: [GC (Allocation Failure) 2021-01-22T20:59:47.381-0800: 35.949: [DefNew: 314560K->34943K(314560K), 0.0199724 secs] 890177K->693224K(1013632K), 0.0200650 secs] [Times: user=0.02 sys=0.00, real=0.02 secs] 
2021-01-22T20:59:47.438-0800: 36.006: [GC (Allocation Failure) 2021-01-22T20:59:47.438-0800: 36.006: [DefNew: 314559K->314559K(314560K), 0.0000227 secs]2021-01-22T20:59:47.438-0800: 36.006: [Tenured: 658280K->408935K(699072K), 0.0662310 secs] 972840K->408935K(1013632K), [Metaspace: 2698K->2698K(1056768K)], 0.0663703 secs] [Times: user=0.07 sys=0.00, real=0.07 secs] 
2021-01-22T20:59:47.549-0800: 36.117: [GC (Allocation Failure) 2021-01-22T20:59:47.549-0800: 36.117: [DefNew: 279616K->34944K(314560K), 0.0154973 secs] 688551K->495755K(1013632K), 0.0155912 secs] [Times: user=0.01 sys=0.00, real=0.02 secs] 
2021-01-22T20:59:47.602-0800: 36.169: [GC (Allocation Failure) 2021-01-22T20:59:47.602-0800: 36.170: [DefNew: 314560K->34943K(314560K), 0.0138962 secs] 775371K->567228K(1013632K), 0.0139909 secs] [Times: user=0.01 sys=0.00, real=0.01 secs] 
2021-01-22T20:59:47.646-0800: 36.213: [GC (Allocation Failure) 2021-01-22T20:59:47.646-0800: 36.213: [DefNew: 314365K->34943K(314560K), 0.0147941 secs] 846649K->642586K(1013632K), 0.0148770 secs] [Times: user=0.02 sys=0.00, real=0.02 secs] 
2021-01-22T20:59:47.691-0800: 36.259: [GC (Allocation Failure) 2021-01-22T20:59:47.691-0800: 36.259: [DefNew: 314559K->314559K(314560K), 0.0000214 secs]2021-01-22T20:59:47.691-0800: 36.259: [Tenured: 607642K->414898K(699072K), 0.0551121 secs] 922202K->414898K(1013632K), [Metaspace: 2698K->2698K(1056768K)], 0.0552402 secs] [Times: user=0.05 sys=0.00, real=0.05 secs] 
2021-01-22T20:59:47.778-0800: 36.346: [GC (Allocation Failure) 2021-01-22T20:59:47.778-0800: 36.346: [DefNew: 279616K->34943K(314560K), 0.0120017 secs] 694514K->508201K(1013632K), 0.0121110 secs] [Times: user=0.01 sys=0.00, real=0.02 secs] 
2021-01-22T20:59:47.821-0800: 36.389: [GC (Allocation Failure) 2021-01-22T20:59:47.821-0800: 36.389: [DefNew: 314559K->34943K(314560K), 0.0140929 secs] 787817K->585128K(1013632K), 0.0141922 secs] [Times: user=0.02 sys=0.00, real=0.01 secs] 
2021-01-22T20:59:47.868-0800: 36.436: [GC (Allocation Failure) 2021-01-22T20:59:47.912-0800: 36.480: [DefNew: 314559K->34943K(314560K), 0.0154115 secs] 864744K->653746K(1013632K), 0.0601073 secs] [Times: user=0.02 sys=0.01, real=0.06 secs] 
2021-01-22T20:59:47.958-0800: 36.526: [GC (Allocation Failure) 2021-01-22T20:59:47.958-0800: 36.526: [DefNew: 314559K->314559K(314560K), 0.0000273 secs]2021-01-22T20:59:47.958-0800: 36.526: [Tenured: 618802K->408945K(699072K), 0.0517114 secs] 933362K->408945K(1013632K), [Metaspace: 2698K->2698K(1056768K)], 0.0526132 secs] [Times: user=0.06 sys=0.00, real=0.06 secs] 
2021-01-22T20:59:48.042-0800: 36.610: [GC (Allocation Failure) 2021-01-22T20:59:48.042-0800: 36.610: [DefNew: 279616K->34941K(314560K), 0.0116086 secs] 688561K->500654K(1013632K), 0.0117039 secs] [Times: user=0.01 sys=0.00, real=0.01 secs] 
2021-01-22T20:59:48.083-0800: 36.651: [GC (Allocation Failure) 2021-01-22T20:59:48.083-0800: 36.651: [DefNew: 314557K->34943K(314560K), 0.0177574 secs] 780270K->583752K(1013632K), 0.0178561 secs] [Times: user=0.01 sys=0.00, real=0.02 secs] 
2021-01-22T20:59:48.133-0800: 36.701: [GC (Allocation Failure) 2021-01-22T20:59:48.133-0800: 36.701: [DefNew: 314559K->34943K(314560K), 0.0173730 secs] 863368K->663253K(1013632K), 0.0174703 secs] [Times: user=0.02 sys=0.00, real=0.02 secs] 
2021-01-22T20:59:48.180-0800: 36.748: [GC (Allocation Failure) 2021-01-22T20:59:48.180-0800: 36.748: [DefNew: 314559K->314559K(314560K), 0.0000225 secs]2021-01-22T20:59:48.180-0800: 36.748: [Tenured: 628310K->380039K(699072K), 0.0492616 secs] 942869K->380039K(1013632K), [Metaspace: 2698K->2698K(1056768K)], 0.0493957 secs] [Times: user=0.05 sys=0.00, real=0.05 secs] 
2021-01-22T20:59:48.259-0800: 36.827: [GC (Allocation Failure) 2021-01-22T20:59:48.259-0800: 36.827: [DefNew: 279599K->34943K(314560K), 0.0101338 secs] 659638K->462113K(1013632K), 0.0102279 secs] [Times: user=0.01 sys=0.00, real=0.01 secs] 
2021-01-22T20:59:48.301-0800: 36.869: [GC (Allocation Failure) 2021-01-22T20:59:48.301-0800: 36.869: [DefNew: 314559K->34943K(314560K), 0.0145115 secs] 741729K->539215K(1013632K), 0.0146056 secs] [Times: user=0.01 sys=0.00, real=0.01 secs] 
2021-01-22T20:59:48.348-0800: 36.916: [GC (Allocation Failure) 2021-01-22T20:59:48.348-0800: 36.916: [DefNew: 314559K->34943K(314560K), 0.0142742 secs] 818831K->615628K(1013632K), 0.0144002 secs] [Times: user=0.01 sys=0.00, real=0.02 secs] 
2021-01-22T20:59:48.397-0800: 36.965: [GC (Allocation Failure) 2021-01-22T20:59:48.397-0800: 36.965: [DefNew: 314559K->34943K(314560K), 0.0156604 secs] 895244K->703825K(1013632K), 0.0157658 secs] [Times: user=0.02 sys=0.00, real=0.02 secs] 
2021-01-22T20:59:48.441-0800: 37.009: [GC (Allocation Failure) 2021-01-22T20:59:48.441-0800: 37.009: [DefNew: 314559K->314559K(314560K), 0.0000219 secs]2021-01-22T20:59:48.441-0800: 37.009: [Tenured: 668881K->424121K(699072K), 0.0482626 secs] 983441K->424121K(1013632K), [Metaspace: 2698K->2698K(1056768K)], 0.0484024 secs] [Times: user=0.05 sys=0.00, real=0.04 secs] 
2021-01-22T20:59:48.522-0800: 37.090: [GC (Allocation Failure) 2021-01-22T20:59:48.522-0800: 37.090: [DefNew: 279616K->34943K(314560K), 0.0106148 secs] 703737K->505701K(1013632K), 0.0107083 secs] [Times: user=0.01 sys=0.00, real=0.01 secs] 
2021-01-22T20:59:48.562-0800: 37.130: [GC (Allocation Failure) 2021-01-22T20:59:48.562-0800: 37.130: [DefNew: 314559K->34941K(314560K), 0.0156267 secs] 785317K->583482K(1013632K), 0.0157310 secs] [Times: user=0.01 sys=0.00, real=0.01 secs] 
2021-01-22T20:59:48.608-0800: 37.176: [GC (Allocation Failure) 2021-01-22T20:59:48.608-0800: 37.176: [DefNew: 314557K->34943K(314560K), 0.0156595 secs] 863098K->667684K(1013632K), 0.0157557 secs] [Times: user=0.02 sys=0.00, real=0.02 secs] 
2021-01-22T20:59:48.653-0800: 37.221: [GC (Allocation Failure) 2021-01-22T20:59:48.653-0800: 37.221: [DefNew: 314529K->314529K(314560K), 0.0000212 secs]2021-01-22T20:59:48.653-0800: 37.221: [Tenured: 632741K->422849K(699072K), 0.0496468 secs] 947270K->422849K(1013632K), [Metaspace: 2698K->2698K(1056768K)], 0.0497834 secs] [Times: user=0.05 sys=0.00, real=0.05 secs] 
2021-01-22T20:59:48.734-0800: 37.302: [GC (Allocation Failure) 2021-01-22T20:59:48.734-0800: 37.302: [DefNew: 279415K->34943K(314560K), 0.0122037 secs] 702264K->516829K(1013632K), 0.0123032 secs] [Times: user=0.01 sys=0.00, real=0.01 secs] 
2021-01-22T20:59:48.777-0800: 37.345: [GC (Allocation Failure) 2021-01-22T20:59:48.777-0800: 37.345: [DefNew: 314559K->34944K(314560K), 0.0147891 secs] 796445K->599620K(1013632K), 0.0148859 secs] [Times: user=0.01 sys=0.00, real=0.02 secs] 
2021-01-22T20:59:48.821-0800: 37.389: [GC (Allocation Failure) 2021-01-22T20:59:48.821-0800: 37.389: [DefNew: 314560K->34943K(314560K), 0.0145148 secs] 879236K->677608K(1013632K), 0.0146096 secs] [Times: user=0.02 sys=0.00, real=0.01 secs] 
2021-01-22T20:59:48.865-0800: 37.433: [GC (Allocation Failure) 2021-01-22T20:59:48.865-0800: 37.433: [DefNew: 314559K->314559K(314560K), 0.0000217 secs]2021-01-22T20:59:48.865-0800: 37.433: [Tenured: 642664K->409689K(699072K), 0.0489555 secs] 957224K->409689K(1013632K), [Metaspace: 2698K->2698K(1056768K)], 0.0490882 secs] [Times: user=0.05 sys=0.00, real=0.05 secs] 
2021-01-22T20:59:48.945-0800: 37.513: [GC (Allocation Failure) 2021-01-22T20:59:48.945-0800: 37.513: [DefNew: 279616K->34942K(314560K), 0.0110034 secs] 689305K->495932K(1013632K), 0.0111002 secs] [Times: user=0.01 sys=0.00, real=0.01 secs] 
2021-01-22T20:59:48.987-0800: 37.555: [GC (Allocation Failure) 2021-01-22T20:59:48.987-0800: 37.555: [DefNew: 314558K->34942K(314560K), 0.0153828 secs] 775548K->579675K(1013632K), 0.0154820 secs] [Times: user=0.02 sys=0.00, real=0.02 secs] 
2021-01-22T20:59:49.035-0800: 37.603: [GC (Allocation Failure) 2021-01-22T20:59:49.035-0800: 37.603: [DefNew: 314558K->34943K(314560K), 0.0142901 secs] 859291K->658760K(1013632K), 0.0143873 secs] [Times: user=0.02 sys=0.00, real=0.02 secs] 
2021-01-22T20:59:49.079-0800: 37.647: [GC (Allocation Failure) 2021-01-22T20:59:49.079-0800: 37.647: [DefNew: 314559K->314559K(314560K), 0.0000208 secs]2021-01-22T20:59:49.079-0800: 37.647: [Tenured: 623817K->386653K(699072K), 0.0486955 secs] 938376K->386653K(1013632K), [Metaspace: 2698K->2698K(1056768K)], 0.0488231 secs] [Times: user=0.05 sys=0.00, real=0.05 secs] 
2021-01-22T20:59:49.160-0800: 37.728: [GC (Allocation Failure) 2021-01-22T20:59:49.160-0800: 37.728: [DefNew: 279370K->34942K(314560K), 0.0179883 secs] 666023K->469267K(1013632K), 0.0181008 secs] [Times: user=0.02 sys=0.00, real=0.01 secs] 
2021-01-22T20:59:49.216-0800: 37.784: [GC (Allocation Failure) 2021-01-22T20:59:49.216-0800: 37.784: [DefNew: 314324K->34943K(314560K), 0.0187801 secs] 748648K->545507K(1013632K), 0.0188736 secs] [Times: user=0.02 sys=0.00, real=0.02 secs] 
2021-01-22T20:59:49.274-0800: 37.842: [GC (Allocation Failure) 2021-01-22T20:59:49.274-0800: 37.842: [DefNew: 314559K->34943K(314560K), 0.0245121 secs] 825123K->632411K(1013632K), 0.0246776 secs] [Times: user=0.02 sys=0.00, real=0.02 secs] 
2021-01-22T20:59:49.340-0800: 37.908: [GC (Allocation Failure) 2021-01-22T20:59:49.340-0800: 37.908: [DefNew: 314559K->314559K(314560K), 0.0000292 secs]2021-01-22T20:59:49.340-0800: 37.908: [Tenured: 597467K->409782K(699072K), 0.0735530 secs] 912027K->409782K(1013632K), [Metaspace: 2698K->2698K(1056768K)], 0.0737166 secs] [Times: user=0.06 sys=0.00, real=0.07 secs] 
2021-01-22T20:59:49.497-0800: 38.065: [GC (Allocation Failure) 2021-01-22T20:59:49.497-0800: 38.065: [DefNew: 279305K->34944K(314560K), 0.0108411 secs] 689087K->496670K(1013632K), 0.0109313 secs] [Times: user=0.01 sys=0.00, real=0.01 secs] 
2021-01-22T20:59:49.539-0800: 38.107: [GC (Allocation Failure) 2021-01-22T20:59:49.539-0800: 38.107: [DefNew: 314560K->34943K(314560K), 0.0135841 secs] 776286K->570599K(1013632K), 0.0137329 secs] [Times: user=0.01 sys=0.00, real=0.02 secs] 
2021-01-22T20:59:49.584-0800: 38.151: [GC (Allocation Failure) 2021-01-22T20:59:49.584-0800: 38.151: [DefNew: 314559K->34943K(314560K), 0.0132309 secs] 850215K->642469K(1013632K), 0.0133229 secs] [Times: user=0.01 sys=0.00, real=0.01 secs] 
2021-01-22T20:59:49.629-0800: 38.197: [GC (Allocation Failure) 2021-01-22T20:59:49.629-0800: 38.197: [DefNew: 314559K->314559K(314560K), 0.0000209 secs]2021-01-22T20:59:49.629-0800: 38.197: [Tenured: 607526K->399361K(699072K), 0.0452705 secs] 922085K->399361K(1013632K), [Metaspace: 2698K->2698K(1056768K)], 0.0454042 secs] [Times: user=0.04 sys=0.00, real=0.05 secs] 
2021-01-22T20:59:49.705-0800: 38.273: [GC (Allocation Failure) 2021-01-22T20:59:49.705-0800: 38.273: [DefNew: 279616K->34943K(314560K), 0.0114448 secs] 678977K->488911K(1013632K), 0.0115459 secs] [Times: user=0.01 sys=0.00, real=0.01 secs] 
2021-01-22T20:59:49.751-0800: 38.319: [GC (Allocation Failure) 2021-01-22T20:59:49.751-0800: 38.319: [DefNew: 314559K->34943K(314560K), 0.0189900 secs] 768527K->563455K(1013632K), 0.0190911 secs] [Times: user=0.02 sys=0.00, real=0.02 secs] 
2021-01-22T20:59:49.810-0800: 38.378: [GC (Allocation Failure) 2021-01-22T20:59:49.811-0800: 38.378: [DefNew: 314559K->34943K(314560K), 0.0172683 secs] 843071K->643164K(1013632K), 0.0175690 secs] [Times: user=0.02 sys=0.00, real=0.01 secs] 
2021-01-22T20:59:49.868-0800: 38.436: [GC (Allocation Failure) 2021-01-22T20:59:49.868-0800: 38.436: [DefNew: 314559K->314559K(314560K), 0.0000208 secs]2021-01-22T20:59:49.868-0800: 38.436: [Tenured: 608221K->405774K(699072K), 0.0652458 secs] 922780K->405774K(1013632K), [Metaspace: 2698K->2698K(1056768K)], 0.0653740 secs] [Times: user=0.06 sys=0.00, real=0.07 secs] 
2021-01-22T20:59:49.971-0800: 38.539: [GC (Allocation Failure) 2021-01-22T20:59:49.972-0800: 38.539: [DefNew: 279616K->34944K(314560K), 0.0181017 secs] 685390K->492799K(1013632K), 0.0182101 secs] [Times: user=0.01 sys=0.00, real=0.02 secs] 
2021-01-22T20:59:50.066-0800: 38.634: [GC (Allocation Failure) 2021-01-22T20:59:50.066-0800: 38.634: [DefNew: 314560K->34943K(314560K), 0.0189760 secs] 772415K->573955K(1013632K), 0.0190782 secs] [Times: user=0.02 sys=0.00, real=0.02 secs] 
2021-01-22T20:59:50.150-0800: 38.718: [GC (Allocation Failure) 2021-01-22T20:59:50.150-0800: 38.718: [DefNew: 314559K->34943K(314560K), 0.0209402 secs] 853571K->653604K(1013632K), 0.0210280 secs] [Times: user=0.02 sys=0.00, real=0.02 secs] 
2021-01-22T20:59:50.219-0800: 38.787: [GC (Allocation Failure) 2021-01-22T20:59:50.219-0800: 38.787: [DefNew: 314559K->314559K(314560K), 0.0000218 secs]2021-01-22T20:59:50.219-0800: 38.787: [Tenured: 618660K->376514K(699072K), 0.0685480 secs] 933220K->376514K(1013632K), [Metaspace: 2698K->2698K(1056768K)], 0.0686753 secs] [Times: user=0.06 sys=0.00, real=0.07 secs] 
2021-01-22T20:59:50.332-0800: 38.900: [GC (Allocation Failure) 2021-01-22T20:59:50.332-0800: 38.900: [DefNew: 279616K->34943K(314560K), 0.0131448 secs] 656130K->455042K(1013632K), 0.0133216 secs] [Times: user=0.01 sys=0.00, real=0.01 secs] 
2021-01-22T20:59:50.385-0800: 38.952: [GC (Allocation Failure) 2021-01-22T20:59:50.385-0800: 38.952: [DefNew: 314416K->34942K(314560K), 0.0163620 secs] 734515K->534859K(1013632K), 0.0164588 secs] [Times: user=0.01 sys=0.00, real=0.02 secs] 
2021-01-22T20:59:50.435-0800: 39.003: [GC (Allocation Failure) 2021-01-22T20:59:50.436-0800: 39.003: [DefNew: 314558K->34944K(314560K), 0.0186588 secs] 814475K->610220K(1013632K), 0.0187558 secs] [Times: user=0.02 sys=0.00, real=0.02 secs] 
2021-01-22T20:59:50.485-0800: 39.053: [GC (Allocation Failure) 2021-01-22T20:59:50.485-0800: 39.053: [DefNew: 314560K->34944K(314560K), 0.0148358 secs] 889836K->688247K(1013632K), 0.0149263 secs] [Times: user=0.01 sys=0.00, real=0.02 secs] 
2021-01-22T20:59:50.533-0800: 39.101: [GC (Allocation Failure) 2021-01-22T20:59:50.533-0800: 39.101: [DefNew: 314560K->314560K(314560K), 0.0000207 secs]2021-01-22T20:59:50.533-0800: 39.101: [Tenured: 653303K->422277K(699072K), 0.0913981 secs] 967863K->422277K(1013632K), [Metaspace: 2698K->2698K(1056768K)], 0.0915231 secs] [Times: user=0.08 sys=0.01, real=0.09 secs] 
2021-01-22T20:59:50.722-0800: 39.289: [GC (Allocation Failure) 2021-01-22T20:59:50.722-0800: 39.289: [DefNew: 279616K->34943K(314560K), 0.0232007 secs] 701893K->515211K(1013632K), 0.0232898 secs] [Times: user=0.02 sys=0.00, real=0.02 secs] 
2021-01-22T20:59:50.798-0800: 39.366: [GC (Allocation Failure) 2021-01-22T20:59:50.798-0800: 39.366: [DefNew: 314559K->34944K(314560K), 0.0331591 secs] 794827K->594894K(1013632K), 0.0332718 secs] [Times: user=0.03 sys=0.00, real=0.04 secs] 
2021-01-22T20:59:50.896-0800: 39.464: [GC (Allocation Failure) 2021-01-22T20:59:50.896-0800: 39.464: [DefNew: 314560K->34942K(314560K), 0.0269075 secs] 874510K->676072K(1013632K), 0.0270285 secs] [Times: user=0.02 sys=0.00, real=0.03 secs] 
2021-01-22T20:59:50.966-0800: 39.534: [GC (Allocation Failure) 2021-01-22T20:59:50.966-0800: 39.534: [DefNew: 314558K->314558K(314560K), 0.0000306 secs]2021-01-22T20:59:50.966-0800: 39.534: [Tenured: 641130K->419325K(699072K), 0.0541987 secs] 955688K->419325K(1013632K), [Metaspace: 2698K->2698K(1056768K)], 0.0543486 secs] [Times: user=0.05 sys=0.00, real=0.06 secs] 
2021-01-22T20:59:51.072-0800: 39.639: [GC (Allocation Failure) 2021-01-22T20:59:51.072-0800: 39.640: [DefNew: 279616K->34943K(314560K), 0.0126343 secs] 698941K->509984K(1013632K), 0.0127370 secs] [Times: user=0.01 sys=0.00, real=0.01 secs] 
2021-01-22T20:59:51.125-0800: 39.693: [GC (Allocation Failure) 2021-01-22T20:59:51.125-0800: 39.693: [DefNew: 314559K->34943K(314560K), 0.0184045 secs] 789600K->593071K(1013632K), 0.0185020 secs] [Times: user=0.02 sys=0.00, real=0.02 secs] 
2021-01-22T20:59:51.176-0800: 39.744: [GC (Allocation Failure) 2021-01-22T20:59:51.176-0800: 39.744: [DefNew: 314495K->34944K(314560K), 0.0141062 secs] 872624K->668320K(1013632K), 0.0142044 secs] [Times: user=0.01 sys=0.00, real=0.02 secs] 
2021-01-22T20:59:51.223-0800: 39.791: [GC (Allocation Failure) 2021-01-22T20:59:51.223-0800: 39.791: [DefNew: 314560K->314560K(314560K), 0.0000221 secs]2021-01-22T20:59:51.223-0800: 39.791: [Tenured: 633376K->394842K(699072K), 0.0704582 secs] 947936K->394842K(1013632K), [Metaspace: 2698K->2698K(1056768K)], 0.0705777 secs] [Times: user=0.07 sys=0.00, real=0.07 secs] 
2021-01-22T20:59:51.453-0800: 40.021: [GC (Allocation Failure) 2021-01-22T20:59:51.453-0800: 40.021: [DefNew: 279616K->34943K(314560K), 0.0171508 secs] 674458K->478577K(1013632K), 0.0172466 secs] [Times: user=0.02 sys=0.00, real=0.02 secs] 
2021-01-22T20:59:51.537-0800: 40.105: [GC (Allocation Failure) 2021-01-22T20:59:51.537-0800: 40.105: [DefNew: 314559K->34942K(314560K), 0.0286752 secs] 758193K->561894K(1013632K), 0.0288150 secs] [Times: user=0.03 sys=0.00, real=0.03 secs] 
2021-01-22T20:59:51.625-0800: 40.193: [GC (Allocation Failure) 2021-01-22T20:59:51.625-0800: 40.193: [DefNew: 314558K->34944K(314560K), 0.0246501 secs] 841510K->641020K(1013632K), 0.0247703 secs] [Times: user=0.02 sys=0.00, real=0.03 secs] 
2021-01-22T20:59:51.704-0800: 40.272: [GC (Allocation Failure) 2021-01-22T20:59:51.704-0800: 40.272: [DefNew: 314560K->314560K(314560K), 0.0000373 secs]2021-01-22T20:59:51.704-0800: 40.272: [Tenured: 606076K->365871K(699072K), 0.0662461 secs] 920636K->365871K(1013632K), [Metaspace: 2698K->2698K(1056768K)], 0.0664145 secs] [Times: user=0.06 sys=0.00, real=0.07 secs] 
2021-01-22T20:59:51.805-0800: 40.373: [GC (Allocation Failure) 2021-01-22T20:59:51.805-0800: 40.373: [DefNew: 279616K->34943K(314560K), 0.0138331 secs] 645487K->454259K(1013632K), 0.0139345 secs] [Times: user=0.01 sys=0.00, real=0.01 secs] 
2021-01-22T20:59:51.854-0800: 40.422: [GC (Allocation Failure) 2021-01-22T20:59:51.854-0800: 40.422: [DefNew: 314002K->34943K(314560K), 0.0142884 secs] 733317K->525340K(1013632K), 0.0143840 secs] [Times: user=0.01 sys=0.00, real=0.01 secs] 
2021-01-22T20:59:51.900-0800: 40.468: [GC (Allocation Failure) 2021-01-22T20:59:51.900-0800: 40.468: [DefNew: 314559K->34941K(314560K), 0.0146476 secs] 804956K->604538K(1013632K), 0.0147660 secs] [Times: user=0.02 sys=0.00, real=0.01 secs] 
2021-01-22T20:59:51.944-0800: 40.511: [GC (Allocation Failure) 2021-01-22T20:59:51.944-0800: 40.512: [DefNew: 314557K->34943K(314560K), 0.0151897 secs] 884154K->688498K(1013632K), 0.0152857 secs] [Times: user=0.02 sys=0.00, real=0.01 secs] 
2021-01-22T20:59:51.989-0800: 40.557: [GC (Allocation Failure) 2021-01-22T20:59:51.989-0800: 40.557: [DefNew: 314559K->314559K(314560K), 0.0000297 secs]2021-01-22T20:59:51.990-0800: 40.557: [Tenured: 653554K->414438K(699072K), 0.0472730 secs] 968114K->414438K(1013632K), [Metaspace: 2698K->2698K(1056768K)], 0.0474230 secs] [Times: user=0.05 sys=0.00, real=0.05 secs] 
2021-01-22T20:59:52.067-0800: 40.635: [GC (Allocation Failure) 2021-01-22T20:59:52.067-0800: 40.635: [DefNew: 279616K->34942K(314560K), 0.0108729 secs] 694054K->498983K(1013632K), 0.0109645 secs] [Times: user=0.01 sys=0.00, real=0.01 secs] 
2021-01-22T20:59:52.107-0800: 40.675: [GC (Allocation Failure) 2021-01-22T20:59:52.107-0800: 40.675: [DefNew: 314558K->34943K(314560K), 0.0142859 secs] 778599K->579150K(1013632K), 0.0143862 secs] [Times: user=0.01 sys=0.00, real=0.02 secs] 
2021-01-22T20:59:52.152-0800: 40.720: [GC (Allocation Failure) 2021-01-22T20:59:52.152-0800: 40.720: [DefNew: 314559K->34943K(314560K), 0.0143514 secs] 858766K->656302K(1013632K), 0.0144467 secs] [Times: user=0.01 sys=0.00, real=0.01 secs] 
2021-01-22T20:59:52.197-0800: 40.765: [GC (Allocation Failure) 2021-01-22T20:59:52.197-0800: 40.765: [DefNew: 314559K->314559K(314560K), 0.0000213 secs]2021-01-22T20:59:52.197-0800: 40.765: [Tenured: 621358K->396916K(699072K), 0.0466239 secs] 935918K->396916K(1013632K), [Metaspace: 2698K->2698K(1056768K)], 0.0467566 secs] [Times: user=0.05 sys=0.00, real=0.05 secs] 
2021-01-22T20:59:52.276-0800: 40.844: [GC (Allocation Failure) 2021-01-22T20:59:52.276-0800: 40.844: [DefNew: 279616K->34943K(314560K), 0.0167734 secs] 676532K->487182K(1013632K), 0.0168689 secs] [Times: user=0.01 sys=0.00, real=0.02 secs] 
2021-01-22T20:59:52.352-0800: 40.919: [GC (Allocation Failure) 2021-01-22T20:59:52.352-0800: 40.920: [DefNew: 314559K->34944K(314560K), 0.0401056 secs] 766798K->558554K(1013632K), 0.0404204 secs] [Times: user=0.01 sys=0.00, real=0.04 secs] 
2021-01-22T20:59:52.447-0800: 41.015: [GC (Allocation Failure) 2021-01-22T20:59:52.447-0800: 41.015: [DefNew: 314560K->34943K(314560K), 0.0240281 secs] 838170K->646981K(1013632K), 0.0243089 secs] [Times: user=0.02 sys=0.00, real=0.03 secs] 
2021-01-22T20:59:52.527-0800: 41.095: [GC (Allocation Failure) 2021-01-22T20:59:52.527-0800: 41.095: [DefNew: 314522K->314522K(314560K), 0.0000328 secs]2021-01-22T20:59:52.527-0800: 41.095: [Tenured: 612037K->417382K(699072K), 0.0732282 secs] 926559K->417382K(1013632K), [Metaspace: 2698K->2698K(1056768K)], 0.0735070 secs] [Times: user=0.06 sys=0.01, real=0.08 secs] 
2021-01-22T20:59:52.639-0800: 41.207: [GC (Allocation Failure) 2021-01-22T20:59:52.639-0800: 41.207: [DefNew: 279616K->34943K(314560K), 0.0111263 secs] 696998K->500351K(1013632K), 0.0112173 secs] [Times: user=0.01 sys=0.00, real=0.02 secs] 
2021-01-22T20:59:52.682-0800: 41.250: [GC (Allocation Failure) 2021-01-22T20:59:52.682-0800: 41.250: [DefNew: 314559K->34943K(314560K), 0.0133354 secs] 779967K->572662K(1013632K), 0.0134267 secs] [Times: user=0.02 sys=0.00, real=0.01 secs] 
2021-01-22T20:59:52.725-0800: 41.293: [GC (Allocation Failure) 2021-01-22T20:59:52.725-0800: 41.293: [DefNew: 314559K->34943K(314560K), 0.0142610 secs] 852278K->649395K(1013632K), 0.0143572 secs] [Times: user=0.01 sys=0.00, real=0.02 secs] 
2021-01-22T20:59:52.769-0800: 41.337: [GC (Allocation Failure) 2021-01-22T20:59:52.769-0800: 41.337: [DefNew: 314559K->314559K(314560K), 0.0000219 secs]2021-01-22T20:59:52.769-0800: 41.337: [Tenured: 614451K->367605K(699072K), 0.0468158 secs] 929011K->367605K(1013632K), [Metaspace: 2698K->2698K(1056768K)], 0.0469446 secs] [Times: user=0.04 sys=0.00, real=0.05 secs] 
2021-01-22T20:59:52.846-0800: 41.414: [GC (Allocation Failure) 2021-01-22T20:59:52.847-0800: 41.414: [DefNew: 279616K->34943K(314560K), 0.0110207 secs] 647221K->454586K(1013632K), 0.0111175 secs] [Times: user=0.02 sys=0.00, real=0.01 secs] 
2021-01-22T20:59:52.887-0800: 41.455: [GC (Allocation Failure) 2021-01-22T20:59:52.887-0800: 41.455: [DefNew: 314559K->34943K(314560K), 0.0156074 secs] 734202K->538357K(1013632K), 0.0157019 secs] [Times: user=0.02 sys=0.00, real=0.02 secs] 
2021-01-22T20:59:52.938-0800: 41.506: [GC (Allocation Failure) 2021-01-22T20:59:52.939-0800: 41.506: [DefNew: 314559K->34943K(314560K), 0.0182592 secs] 817973K->605644K(1013632K), 0.0183476 secs] [Times: user=0.02 sys=0.00, real=0.02 secs] 
2021-01-22T20:59:53.002-0800: 41.570: [GC (Allocation Failure) 2021-01-22T20:59:53.002-0800: 41.570: [DefNew: 314559K->34942K(314560K), 0.0201321 secs] 885260K->686723K(1013632K), 0.0202227 secs] [Times: user=0.02 sys=0.00, real=0.02 secs] 
2021-01-22T20:59:53.075-0800: 41.643: [GC (Allocation Failure) 2021-01-22T20:59:53.075-0800: 41.643: [DefNew: 314558K->314558K(314560K), 0.0000222 secs]2021-01-22T20:59:53.075-0800: 41.643: [Tenured: 651781K->403516K(699072K), 0.0794371 secs] 966339K->403516K(1013632K), [Metaspace: 2698K->2698K(1056768K)], 0.0795679 secs] [Times: user=0.07 sys=0.00, real=0.08 secs] 
2021-01-22T20:59:53.200-0800: 41.768: [GC (Allocation Failure) 2021-01-22T20:59:53.200-0800: 41.768: [DefNew: 279616K->34943K(314560K), 0.0122105 secs] 683132K->490381K(1013632K), 0.0124003 secs] [Times: user=0.01 sys=0.00, real=0.01 secs] 
2021-01-22T20:59:53.255-0800: 41.823: [GC (Allocation Failure) 2021-01-22T20:59:53.255-0800: 41.823: [DefNew: 314559K->34943K(314560K), 0.0200292 secs] 769997K->574065K(1013632K), 0.0201270 secs] [Times: user=0.02 sys=0.00, real=0.02 secs] 
2021-01-22T20:59:53.317-0800: 41.885: [GC (Allocation Failure) 2021-01-22T20:59:53.317-0800: 41.885: [DefNew: 314559K->34944K(314560K), 0.0144381 secs] 853681K->649098K(1013632K), 0.0145336 secs] [Times: user=0.01 sys=0.00, real=0.02 secs] 
2021-01-22T20:59:53.372-0800: 41.940: [GC (Allocation Failure) 2021-01-22T20:59:53.372-0800: 41.940: [DefNew: 314303K->314303K(314560K), 0.0000215 secs]2021-01-22T20:59:53.372-0800: 41.940: [Tenured: 614154K->393612K(699072K), 0.0895471 secs] 928457K->393612K(1013632K), [Metaspace: 2698K->2698K(1056768K)], 0.0896936 secs] [Times: user=0.07 sys=0.01, real=0.09 secs] 
2021-01-22T20:59:53.538-0800: 42.106: [GC (Allocation Failure) 2021-01-22T20:59:53.538-0800: 42.106: [DefNew: 279616K->34943K(314560K), 0.0217183 secs] 673228K->486630K(1013632K), 0.0219710 secs] [Times: user=0.01 sys=0.00, real=0.03 secs] 
2021-01-22T20:59:53.635-0800: 42.202: [GC (Allocation Failure) 2021-01-22T20:59:53.635-0800: 42.203: [DefNew: 314559K->34944K(314560K), 0.0341682 secs] 766246K->564401K(1013632K), 0.0343037 secs] [Times: user=0.02 sys=0.00, real=0.03 secs] 
2021-01-22T20:59:53.721-0800: 42.289: [GC (Allocation Failure) 2021-01-22T20:59:53.721-0800: 42.289: [DefNew: 314560K->34942K(314560K), 0.0155571 secs] 844017K->642079K(1013632K), 0.0156583 secs] [Times: user=0.02 sys=0.00, real=0.01 secs] 
2021-01-22T20:59:53.777-0800: 42.345: [GC (Allocation Failure) 2021-01-22T20:59:53.777-0800: 42.345: [DefNew: 314558K->314558K(314560K), 0.0000286 secs]2021-01-22T20:59:53.778-0800: 42.345: [Tenured: 607136K->403683K(699072K), 0.0549997 secs] 921695K->403683K(1013632K), [Metaspace: 2698K->2698K(1056768K)], 0.0551532 secs] [Times: user=0.05 sys=0.00, real=0.06 secs] 
2021-01-22T20:59:53.865-0800: 42.433: [GC (Allocation Failure) 2021-01-22T20:59:53.865-0800: 42.433: [DefNew: 279616K->34943K(314560K), 0.0110509 secs] 683299K->488986K(1013632K), 0.0111454 secs] [Times: user=0.01 sys=0.00, real=0.01 secs] 
2021-01-22T20:59:53.906-0800: 42.474: [GC (Allocation Failure) 2021-01-22T20:59:53.906-0800: 42.474: [DefNew: 314559K->34943K(314560K), 0.0158877 secs] 768602K->575874K(1013632K), 0.0159821 secs] [Times: user=0.02 sys=0.00, real=0.02 secs] 
2021-01-22T20:59:53.951-0800: 42.519: [GC (Allocation Failure) 2021-01-22T20:59:53.951-0800: 42.519: [DefNew: 314559K->34943K(314560K), 0.0139715 secs] 855490K->653631K(1013632K), 0.0140691 secs] [Times: user=0.01 sys=0.00, real=0.01 secs] 
2021-01-22T20:59:53.996-0800: 42.564: [GC (Allocation Failure) 2021-01-22T20:59:53.996-0800: 42.564: [DefNew: 314381K->314381K(314560K), 0.0000218 secs]2021-01-22T20:59:53.996-0800: 42.564: [Tenured: 618687K->372855K(699072K), 0.0581661 secs] 933068K->372855K(1013632K), [Metaspace: 2698K->2698K(1056768K)], 0.0583054 secs] [Times: user=0.06 sys=0.00, real=0.06 secs] 
2021-01-22T20:59:54.110-0800: 42.678: [GC (Allocation Failure) 2021-01-22T20:59:54.110-0800: 42.678: [DefNew: 279616K->34943K(314560K), 0.0204384 secs] 652471K->457859K(1013632K), 0.0206703 secs] [Times: user=0.01 sys=0.00, real=0.02 secs] 
2021-01-22T20:59:54.185-0800: 42.753: [GC (Allocation Failure) 2021-01-22T20:59:54.185-0800: 42.753: [DefNew: 314559K->34943K(314560K), 0.0223109 secs] 737475K->535695K(1013632K), 0.0224122 secs] [Times: user=0.02 sys=0.00, real=0.02 secs] 
2021-01-22T20:59:54.274-0800: 42.841: [GC (Allocation Failure) 2021-01-22T20:59:54.274-0800: 42.841: [DefNew: 314559K->34943K(314560K), 0.0232548 secs] 815311K->614996K(1013632K), 0.0233838 secs] [Times: user=0.01 sys=0.01, real=0.02 secs] 
2021-01-22T20:59:54.386-0800: 42.954: [GC (Allocation Failure) 2021-01-22T20:59:54.386-0800: 42.954: [DefNew: 314559K->34943K(314560K), 0.0220378 secs] 894612K->692489K(1013632K), 0.0221366 secs] [Times: user=0.01 sys=0.00, real=0.02 secs] 
2021-01-22T20:59:54.466-0800: 43.034: [GC (Allocation Failure) 2021-01-22T20:59:54.466-0800: 43.034: [DefNew: 314559K->314559K(314560K), 0.0000298 secs]2021-01-22T20:59:54.467-0800: 43.034: [Tenured: 657546K->399319K(699072K), 0.0586701 secs] 972105K->399319K(1013632K), [Metaspace: 2698K->2698K(1056768K)], 0.0588258 secs] [Times: user=0.05 sys=0.00, real=0.06 secs] 
2021-01-22T20:59:54.592-0800: 43.160: [GC (Allocation Failure) 2021-01-22T20:59:54.593-0800: 43.160: [DefNew: 279616K->34944K(314560K), 0.0164874 secs] 678935K->483499K(1013632K), 0.0169090 secs] [Times: user=0.01 sys=0.00, real=0.01 secs] 
2021-01-22T20:59:54.668-0800: 43.235: [GC (Allocation Failure) 2021-01-22T20:59:54.668-0800: 43.235: [DefNew: 314117K->34943K(314560K), 0.0179343 secs] 762673K->560637K(1013632K), 0.0180503 secs] [Times: user=0.02 sys=0.00, real=0.02 secs] 
2021-01-22T20:59:54.732-0800: 43.300: [GC (Allocation Failure) 2021-01-22T20:59:54.732-0800: 43.300: [DefNew: 314559K->34944K(314560K), 0.0149937 secs] 840253K->639469K(1013632K), 0.0151568 secs] [Times: user=0.02 sys=0.00, real=0.01 secs] 
2021-01-22T20:59:54.782-0800: 43.350: [GC (Allocation Failure) 2021-01-22T20:59:54.782-0800: 43.350: [DefNew: 314560K->314560K(314560K), 0.0000431 secs]2021-01-22T20:59:54.782-0800: 43.350: [Tenured: 604525K->406912K(699072K), 0.0492244 secs] 919085K->406912K(1013632K), [Metaspace: 2698K->2698K(1056768K)], 0.0494284 secs] [Times: user=0.05 sys=0.00, real=0.05 secs] 
2021-01-22T20:59:54.861-0800: 43.429: [GC (Allocation Failure) 2021-01-22T20:59:54.861-0800: 43.429: [DefNew: 279616K->34943K(314560K), 0.0115184 secs] 686528K->498619K(1013632K), 0.0116142 secs] [Times: user=0.01 sys=0.00, real=0.01 secs] 
2021-01-22T20:59:54.902-0800: 43.470: [GC (Allocation Failure) 2021-01-22T20:59:54.902-0800: 43.470: [DefNew: 314559K->34943K(314560K), 0.0140187 secs] 778235K->576420K(1013632K), 0.0142387 secs] [Times: user=0.01 sys=0.00, real=0.01 secs] 
2021-01-22T20:59:54.946-0800: 43.514: [GC (Allocation Failure) 2021-01-22T20:59:54.946-0800: 43.514: [DefNew: 314559K->34942K(314560K), 0.0148059 secs] 856036K->659539K(1013632K), 0.0148978 secs] [Times: user=0.02 sys=0.00, real=0.02 secs] 
2021-01-22T20:59:54.992-0800: 43.560: [GC (Allocation Failure) 2021-01-22T20:59:54.992-0800: 43.560: [DefNew: 314558K->314558K(314560K), 0.0000216 secs]2021-01-22T20:59:54.992-0800: 43.560: [Tenured: 624597K->414116K(699072K), 0.0506502 secs] 939155K->414116K(1013632K), [Metaspace: 2698K->2698K(1056768K)], 0.0507823 secs] [Times: user=0.05 sys=0.00, real=0.05 secs] 
2021-01-22T20:59:55.072-0800: 43.640: [GC (Allocation Failure) 2021-01-22T20:59:55.072-0800: 43.640: [DefNew: 279616K->34944K(314560K), 0.0115468 secs] 693732K->507494K(1013632K), 0.0116443 secs] [Times: user=0.02 sys=0.00, real=0.01 secs] 
2021-01-22T20:59:55.115-0800: 43.683: [GC (Allocation Failure) 2021-01-22T20:59:55.115-0800: 43.683: [DefNew: 314560K->34943K(314560K), 0.0141391 secs] 787110K->579720K(1013632K), 0.0142365 secs] [Times: user=0.01 sys=0.00, real=0.01 secs] 
2021-01-22T20:59:55.159-0800: 43.727: [GC (Allocation Failure) 2021-01-22T20:59:55.159-0800: 43.727: [DefNew: 314540K->34944K(314560K), 0.0144351 secs] 859317K->657615K(1013632K), 0.0145336 secs] [Times: user=0.01 sys=0.00, real=0.02 secs] 
2021-01-22T20:59:55.204-0800: 43.772: [GC (Allocation Failure) 2021-01-22T20:59:55.204-0800: 43.772: [DefNew: 314560K->314560K(314560K), 0.0000609 secs]2021-01-22T20:59:55.204-0800: 43.772: [Tenured: 622671K->367623K(699072K), 0.0468345 secs] 937231K->367623K(1013632K), [Metaspace: 2698K->2698K(1056768K)], 0.0470021 secs] [Times: user=0.05 sys=0.01, real=0.05 secs] 
2021-01-22T20:59:55.284-0800: 43.852: [GC (Allocation Failure) 2021-01-22T20:59:55.284-0800: 43.852: [DefNew: 279616K->34942K(314560K), 0.0110884 secs] 647239K->455951K(1013632K), 0.0112072 secs] [Times: user=0.01 sys=0.00, real=0.01 secs] 
2021-01-22T20:59:55.328-0800: 43.896: [GC (Allocation Failure) 2021-01-22T20:59:55.328-0800: 43.896: [DefNew: 314558K->34943K(314560K), 0.0145531 secs] 735567K->537711K(1013632K), 0.0146416 secs] [Times: user=0.02 sys=0.00, real=0.02 secs] 
2021-01-22T20:59:55.373-0800: 43.941: [GC (Allocation Failure) 2021-01-22T20:59:55.373-0800: 43.941: [DefNew: 314559K->34943K(314560K), 0.0133303 secs] 817327K->610646K(1013632K), 0.0134169 secs] [Times: user=0.01 sys=0.00, real=0.01 secs] 
2021-01-22T20:59:55.415-0800: 43.983: [GC (Allocation Failure) 2021-01-22T20:59:55.415-0800: 43.983: [DefNew: 314559K->34943K(314560K), 0.0145141 secs] 890262K->690154K(1013632K), 0.0145992 secs] [Times: user=0.01 sys=0.00, real=0.02 secs] 
2021-01-22T20:59:55.459-0800: 44.027: [GC (Allocation Failure) 2021-01-22T20:59:55.459-0800: 44.027: [DefNew: 314559K->314559K(314560K), 0.0000192 secs]2021-01-22T20:59:55.459-0800: 44.027: [Tenured: 655211K->403295K(699072K), 0.0449816 secs] 969770K->403295K(1013632K), [Metaspace: 2698K->2698K(1056768K)], 0.0451020 secs] [Times: user=0.05 sys=0.00, real=0.05 secs] 
2021-01-22T20:59:55.536-0800: 44.103: [GC (Allocation Failure) 2021-01-22T20:59:55.536-0800: 44.103: [DefNew: 279616K->34943K(314560K), 0.0100219 secs] 682911K->483070K(1013632K), 0.0101132 secs] [Times: user=0.01 sys=0.00, real=0.01 secs] 
2021-01-22T20:59:55.575-0800: 44.143: [GC (Allocation Failure) 2021-01-22T20:59:55.575-0800: 44.143: [DefNew: 314545K->34943K(314560K), 0.0151617 secs] 762672K->565659K(1013632K), 0.0152791 secs] [Times: user=0.01 sys=0.00, real=0.02 secs] 
2021-01-22T20:59:55.622-0800: 44.190: [GC (Allocation Failure) 2021-01-22T20:59:55.623-0800: 44.190: [DefNew: 314559K->34943K(314560K), 0.0140847 secs] 845275K->645316K(1013632K), 0.0141676 secs] [Times: user=0.02 sys=0.00, real=0.01 secs] 
2021-01-22T20:59:55.666-0800: 44.234: [GC (Allocation Failure) 2021-01-22T20:59:55.666-0800: 44.234: [DefNew: 314559K->314559K(314560K), 0.0000199 secs]2021-01-22T20:59:55.666-0800: 44.234: [Tenured: 610372K->404647K(699072K), 0.0462067 secs] 924932K->404647K(1013632K), [Metaspace: 2698K->2698K(1056768K)], 0.0463275 secs] [Times: user=0.04 sys=0.00, real=0.05 secs] 
2021-01-22T20:59:55.742-0800: 44.310: [GC (Allocation Failure) 2021-01-22T20:59:55.742-0800: 44.310: [DefNew: 279616K->34942K(314560K), 0.0107569 secs] 684263K->488909K(1013632K), 0.0108463 secs] [Times: user=0.01 sys=0.00, real=0.01 secs] 
2021-01-22T20:59:55.783-0800: 44.351: [GC (Allocation Failure) 2021-01-22T20:59:55.783-0800: 44.351: [DefNew: 314558K->34942K(314560K), 0.0145518 secs] 768525K->569740K(1013632K), 0.0146376 secs] [Times: user=0.02 sys=0.00, real=0.01 secs] 
2021-01-22T20:59:55.838-0800: 44.405: [GC (Allocation Failure) 2021-01-22T20:59:55.838-0800: 44.405: [DefNew: 314558K->34943K(314560K), 0.0194172 secs] 849356K->648980K(1013632K), 0.0195046 secs] [Times: user=0.02 sys=0.00, real=0.02 secs] 
2021-01-22T20:59:55.900-0800: 44.468: [GC (Allocation Failure) 2021-01-22T20:59:55.900-0800: 44.468: [DefNew: 314559K->314559K(314560K), 0.0000523 secs]2021-01-22T20:59:55.900-0800: 44.468: [Tenured: 614036K->399993K(699072K), 0.0678508 secs] 928596K->399993K(1013632K), [Metaspace: 2698K->2698K(1056768K)], 0.0680282 secs] [Times: user=0.06 sys=0.00, real=0.06 secs] 
2021-01-22T20:59:56.009-0800: 44.577: [GC (Allocation Failure) 2021-01-22T20:59:56.009-0800: 44.577: [DefNew: 279616K->34943K(314560K), 0.0129561 secs] 679609K->489625K(1013632K), 0.0130613 secs] [Times: user=0.02 sys=0.00, real=0.02 secs] 
2021-01-22T20:59:56.061-0800: 44.628: [GC (Allocation Failure) 2021-01-22T20:59:56.061-0800: 44.629: [DefNew: 314559K->34944K(314560K), 0.0195646 secs] 769241K->568203K(1013632K), 0.0196775 secs] [Times: user=0.02 sys=0.00, real=0.02 secs] 
2021-01-22T20:59:56.123-0800: 44.691: [GC (Allocation Failure) 2021-01-22T20:59:56.123-0800: 44.691: [DefNew: 314560K->34943K(314560K), 0.0209016 secs] 847819K->650830K(1013632K), 0.0210858 secs] [Times: user=0.02 sys=0.00, real=0.02 secs] 
2021-01-22T20:59:56.181-0800: 44.749: [GC (Allocation Failure) 2021-01-22T20:59:56.181-0800: 44.749: [DefNew: 314559K->314559K(314560K), 0.0000211 secs]2021-01-22T20:59:56.181-0800: 44.749: [Tenured: 615886K->378530K(699072K), 0.0539710 secs] 930446K->378530K(1013632K), [Metaspace: 2698K->2698K(1056768K)], 0.0540981 secs] [Times: user=0.05 sys=0.00, real=0.05 secs] 
2021-01-22T20:59:56.270-0800: 44.838: [GC (Allocation Failure) 2021-01-22T20:59:56.270-0800: 44.838: [DefNew: 279616K->34943K(314560K), 0.0120157 secs] 658146K->471049K(1013632K), 0.0121010 secs] [Times: user=0.01 sys=0.00, real=0.01 secs] 
2021-01-22T20:59:56.313-0800: 44.881: [GC (Allocation Failure) 2021-01-22T20:59:56.313-0800: 44.881: [DefNew: 314559K->34943K(314560K), 0.0194959 secs] 750665K->550711K(1013632K), 0.0195888 secs] [Times: user=0.02 sys=0.00, real=0.02 secs] 
2021-01-22T20:59:56.376-0800: 44.944: [GC (Allocation Failure) 2021-01-22T20:59:56.376-0800: 44.944: [DefNew: 314559K->34941K(314560K), 0.0203967 secs] 830327K->630744K(1013632K), 0.0204819 secs] [Times: user=0.02 sys=0.00, real=0.02 secs] 
2021-01-22T20:59:56.447-0800: 45.015: [GC (Allocation Failure) 2021-01-22T20:59:56.447-0800: 45.015: [DefNew: 314557K->314557K(314560K), 0.0000223 secs]2021-01-22T20:59:56.448-0800: 45.015: [Tenured: 595803K->413074K(699072K), 0.0724373 secs] 910360K->413074K(1013632K), [Metaspace: 2698K->2698K(1056768K)], 0.0725872 secs] [Times: user=0.07 sys=0.00, real=0.08 secs] 
2021-01-22T20:59:56.570-0800: 45.138: [GC (Allocation Failure) 2021-01-22T20:59:56.570-0800: 45.138: [DefNew: 279616K->34943K(314560K), 0.0193407 secs] 692690K->497443K(1013632K), 0.0194751 secs] [Times: user=0.01 sys=0.00, real=0.01 secs] 
2021-01-22T20:59:56.632-0800: 45.200: [GC (Allocation Failure) 2021-01-22T20:59:56.632-0800: 45.200: [DefNew: 314559K->34943K(314560K), 0.0149915 secs] 777059K->574687K(1013632K), 0.0150777 secs] [Times: user=0.02 sys=0.00, real=0.01 secs] 
2021-01-22T20:59:56.677-0800: 45.245: [GC (Allocation Failure) 2021-01-22T20:59:56.677-0800: 45.245: [DefNew: 314559K->34943K(314560K), 0.0159514 secs] 854303K->658366K(1013632K), 0.0160422 secs] [Times: user=0.01 sys=0.00, real=0.02 secs] 
2021-01-22T20:59:56.724-0800: 45.292: [GC (Allocation Failure) 2021-01-22T20:59:56.724-0800: 45.292: [DefNew: 314373K->314373K(314560K), 0.0000200 secs]2021-01-22T20:59:56.724-0800: 45.292: [Tenured: 623422K->408452K(699072K), 0.0473488 secs] 937796K->408452K(1013632K), [Metaspace: 2698K->2698K(1056768K)], 0.0474674 secs] [Times: user=0.05 sys=0.00, real=0.05 secs] 
2021-01-22T20:59:56.802-0800: 45.370: [GC (Allocation Failure) 2021-01-22T20:59:56.802-0800: 45.370: [DefNew: 279616K->34943K(314560K), 0.0113493 secs] 688068K->496559K(1013632K), 0.0114410 secs] [Times: user=0.01 sys=0.00, real=0.01 secs] 
2021-01-22T20:59:56.843-0800: 45.411: [GC (Allocation Failure) 2021-01-22T20:59:56.843-0800: 45.411: [DefNew: 314559K->34943K(314560K), 0.0147228 secs] 776175K->581851K(1013632K), 0.0148109 secs] [Times: user=0.01 sys=0.00, real=0.01 secs] 
2021-01-22T20:59:56.889-0800: 45.457: [GC (Allocation Failure) 2021-01-22T20:59:56.889-0800: 45.457: [DefNew: 314559K->34944K(314560K), 0.0137606 secs] 861467K->657083K(1013632K), 0.0138478 secs] [Times: user=0.02 sys=0.00, real=0.02 secs] 
2021-01-22T20:59:56.932-0800: 45.500: [GC (Allocation Failure) 2021-01-22T20:59:56.932-0800: 45.500: [DefNew: 314560K->314560K(314560K), 0.0000261 secs]2021-01-22T20:59:56.932-0800: 45.500: [Tenured: 622139K->404429K(699072K), 0.0500177 secs] 936699K->404429K(1013632K), [Metaspace: 2698K->2698K(1056768K)], 0.0501567 secs] [Times: user=0.05 sys=0.00, real=0.05 secs] 
2021-01-22T20:59:57.013-0800: 45.581: [GC (Allocation Failure) 2021-01-22T20:59:57.013-0800: 45.581: [DefNew: 279616K->34943K(314560K), 0.0109200 secs] 684045K->490893K(1013632K), 0.0110138 secs] [Times: user=0.01 sys=0.00, real=0.01 secs] 
2021-01-22T20:59:57.055-0800: 45.623: [GC (Allocation Failure) 2021-01-22T20:59:57.055-0800: 45.623: [DefNew: 314559K->34943K(314560K), 0.0140651 secs] 770509K->569328K(1013632K), 0.0141494 secs] [Times: user=0.01 sys=0.00, real=0.01 secs] 
2021-01-22T20:59:57.099-0800: 45.667: [GC (Allocation Failure) 2021-01-22T20:59:57.099-0800: 45.667: [DefNew: 314559K->34942K(314560K), 0.0208933 secs] 848944K->649936K(1013632K), 0.0210041 secs] [Times: user=0.02 sys=0.00, real=0.03 secs] 
2021-01-22T20:59:57.179-0800: 45.747: [GC (Allocation Failure) 2021-01-22T20:59:57.179-0800: 45.747: [DefNew: 314518K->314518K(314560K), 0.0000315 secs]2021-01-22T20:59:57.179-0800: 45.747: [Tenured: 614993K->379273K(699072K), 0.0852335 secs] 929511K->379273K(1013632K), [Metaspace: 2698K->2698K(1056768K)], 0.0853931 secs] [Times: user=0.07 sys=0.00, real=0.09 secs] 
2021-01-22T20:59:57.300-0800: 45.868: [GC (Allocation Failure) 2021-01-22T20:59:57.300-0800: 45.868: [DefNew: 279616K->34942K(314560K), 0.0167191 secs] 658889K->471305K(1013632K), 0.0168131 secs] [Times: user=0.01 sys=0.00, real=0.01 secs] 
2021-01-22T20:59:57.350-0800: 45.918: [GC (Allocation Failure) 2021-01-22T20:59:57.350-0800: 45.918: [DefNew: 314558K->34943K(314560K), 0.0153484 secs] 750921K->554205K(1013632K), 0.0154434 secs] [Times: user=0.02 sys=0.00, real=0.01 secs] 
2021-01-22T20:59:57.406-0800: 45.974: [GC (Allocation Failure) 2021-01-22T20:59:57.406-0800: 45.974: [DefNew: 314559K->34943K(314560K), 0.0161982 secs] 833821K->630600K(1013632K), 0.0163703 secs] [Times: user=0.01 sys=0.00, real=0.02 secs] 
2021-01-22T20:59:57.454-0800: 46.022: [GC (Allocation Failure) 2021-01-22T20:59:57.454-0800: 46.022: [DefNew: 314559K->314559K(314560K), 0.0000199 secs]2021-01-22T20:59:57.454-0800: 46.022: [Tenured: 595656K->415375K(699072K), 0.0517580 secs] 910216K->415375K(1013632K), [Metaspace: 2698K->2698K(1056768K)], 0.0518851 secs] [Times: user=0.05 sys=0.00, real=0.05 secs] 
2021-01-22T20:59:57.539-0800: 46.106: [GC (Allocation Failure) 2021-01-22T20:59:57.539-0800: 46.106: [DefNew: 279616K->34942K(314560K), 0.0105383 secs] 694991K->496868K(1013632K), 0.0106277 secs] [Times: user=0.01 sys=0.00, real=0.01 secs] 
2021-01-22T20:59:57.578-0800: 46.146: [GC (Allocation Failure) 2021-01-22T20:59:57.578-0800: 46.146: [DefNew: 314218K->34944K(314560K), 0.0157889 secs] 776144K->585825K(1013632K), 0.0158850 secs] [Times: user=0.01 sys=0.00, real=0.02 secs] 
2021-01-22T20:59:57.628-0800: 46.196: [GC (Allocation Failure) 2021-01-22T20:59:57.628-0800: 46.196: [DefNew: 314560K->34942K(314560K), 0.0131244 secs] 865441K->657292K(1013632K), 0.0132158 secs] [Times: user=0.01 sys=0.00, real=0.02 secs] 
2021-01-22T20:59:57.671-0800: 46.239: [GC (Allocation Failure) 2021-01-22T20:59:57.671-0800: 46.239: [DefNew: 314558K->314558K(314560K), 0.0000205 secs]2021-01-22T20:59:57.671-0800: 46.239: [Tenured: 622349K->416313K(699072K), 0.0487757 secs] 936908K->416313K(1013632K), [Metaspace: 2698K->2698K(1056768K)], 0.0489140 secs] [Times: user=0.05 sys=0.00, real=0.05 secs] 
2021-01-22T20:59:57.761-0800: 46.329: [GC (Allocation Failure) 2021-01-22T20:59:57.762-0800: 46.329: [DefNew: 279616K->34944K(314560K), 0.0166267 secs] 695929K->512696K(1013632K), 0.0167149 secs] [Times: user=0.02 sys=0.01, real=0.01 secs] 
2021-01-22T20:59:57.815-0800: 46.382: [GC (Allocation Failure) 2021-01-22T20:59:57.815-0800: 46.382: [DefNew: 314560K->34943K(314560K), 0.0200960 secs] 792312K->593706K(1013632K), 0.0201878 secs] [Times: user=0.02 sys=0.00, real=0.02 secs] 
2021-01-22T20:59:57.870-0800: 46.438: [GC (Allocation Failure) 2021-01-22T20:59:57.870-0800: 46.438: [DefNew: 314559K->34942K(314560K), 0.0152367 secs] 873322K->678121K(1013632K), 0.0153281 secs] [Times: user=0.01 sys=0.00, real=0.01 secs] 
2021-01-22T20:59:57.917-0800: 46.484: [GC (Allocation Failure) 2021-01-22T20:59:57.917-0800: 46.485: [DefNew: 314558K->314558K(314560K), 0.0000250 secs]2021-01-22T20:59:57.917-0800: 46.485: [Tenured: 643179K->421248K(699072K), 0.0489542 secs] 957737K->421248K(1013632K), [Metaspace: 2698K->2698K(1056768K)], 0.0490847 secs] [Times: user=0.05 sys=0.00, real=0.05 secs] 
2021-01-22T20:59:57.996-0800: 46.564: [GC (Allocation Failure) 2021-01-22T20:59:57.996-0800: 46.564: [DefNew: 279616K->34944K(314560K), 0.0112062 secs] 700864K->509860K(1013632K), 0.0112898 secs] [Times: user=0.01 sys=0.00, real=0.01 secs] 
2021-01-22T20:59:58.038-0800: 46.606: [GC (Allocation Failure) 2021-01-22T20:59:58.038-0800: 46.606: [DefNew: 314560K->34943K(314560K), 0.0145289 secs] 789476K->591459K(1013632K), 0.0146170 secs] [Times: user=0.02 sys=0.00, real=0.02 secs] 
2021-01-22T20:59:58.083-0800: 46.650: [GC (Allocation Failure) 2021-01-22T20:59:58.083-0800: 46.651: [DefNew: 314559K->34941K(314560K), 0.0156842 secs] 871075K->663507K(1013632K), 0.0157742 secs] [Times: user=0.01 sys=0.00, real=0.01 secs] 
2021-01-22T20:59:58.132-0800: 46.700: [GC (Allocation Failure) 2021-01-22T20:59:58.132-0800: 46.700: [DefNew: 314557K->314557K(314560K), 0.0000196 secs]2021-01-22T20:59:58.132-0800: 46.700: [Tenured: 628565K->393704K(699072K), 0.0511086 secs] 943123K->393704K(1013632K), [Metaspace: 2698K->2698K(1056768K)], 0.0512368 secs] [Times: user=0.05 sys=0.00, real=0.05 secs] 
2021-01-22T20:59:58.215-0800: 46.782: [GC (Allocation Failure) 2021-01-22T20:59:58.215-0800: 46.782: [DefNew: 279616K->34942K(314560K), 0.0106914 secs] 673320K->480277K(1013632K), 0.0107786 secs] [Times: user=0.01 sys=0.00, real=0.01 secs] 
2021-01-22T20:59:58.255-0800: 46.823: [GC (Allocation Failure) 2021-01-22T20:59:58.255-0800: 46.823: [DefNew: 314558K->34943K(314560K), 0.0143742 secs] 759893K->558312K(1013632K), 0.0144625 secs] [Times: user=0.01 sys=0.00, real=0.02 secs] 
2021-01-22T20:59:58.301-0800: 46.868: [GC (Allocation Failure) 2021-01-22T20:59:58.301-0800: 46.869: [DefNew: 314559K->34943K(314560K), 0.0140938 secs] 837928K->636800K(1013632K), 0.0142056 secs] [Times: user=0.02 sys=0.00, real=0.01 secs] 
2021-01-22T20:59:58.344-0800: 46.912: [GC (Allocation Failure) 2021-01-22T20:59:58.344-0800: 46.912: [DefNew: 314559K->314559K(314560K), 0.0000192 secs]2021-01-22T20:59:58.344-0800: 46.912: [Tenured: 601856K->411122K(699072K), 0.0513158 secs] 916416K->411122K(1013632K), [Metaspace: 2698K->2698K(1056768K)], 0.0514357 secs] [Times: user=0.05 sys=0.00, real=0.05 secs] 
2021-01-22T20:59:58.449-0800: 47.017: [GC (Allocation Failure) 2021-01-22T20:59:58.449-0800: 47.017: [DefNew: 279616K->34944K(314560K), 0.0290675 secs] 690738K->501044K(1013632K), 0.0291657 secs] [Times: user=0.02 sys=0.00, real=0.03 secs] 
2021-01-22T20:59:58.527-0800: 47.095: [GC (Allocation Failure) 2021-01-22T20:59:58.527-0800: 47.095: [DefNew: 314560K->34944K(314560K), 0.0184304 secs] 780660K->577802K(1013632K), 0.0185431 secs] [Times: user=0.02 sys=0.00, real=0.02 secs] 
2021-01-22T20:59:58.586-0800: 47.154: [GC (Allocation Failure) 2021-01-22T20:59:58.586-0800: 47.154: [DefNew: 314560K->34943K(314560K), 0.0199193 secs] 857418K->658204K(1013632K), 0.0201377 secs] [Times: user=0.02 sys=0.00, real=0.02 secs] 
2021-01-22T20:59:58.650-0800: 47.218: [GC (Allocation Failure) 2021-01-22T20:59:58.650-0800: 47.218: [DefNew: 314559K->314559K(314560K), 0.0000204 secs]2021-01-22T20:59:58.650-0800: 47.218: [Tenured: 623260K->404675K(699072K), 0.0594162 secs] 937820K->404675K(1013632K), [Metaspace: 2698K->2698K(1056768K)], 0.0595415 secs] [Times: user=0.06 sys=0.00, real=0.06 secs] 
2021-01-22T20:59:58.742-0800: 47.310: [GC (Allocation Failure) 2021-01-22T20:59:58.742-0800: 47.310: [DefNew: 279616K->34943K(314560K), 0.0110470 secs] 684291K->490522K(1013632K), 0.0111354 secs] [Times: user=0.01 sys=0.00, real=0.01 secs] 
2021-01-22T20:59:58.785-0800: 47.352: [GC (Allocation Failure) 2021-01-22T20:59:58.785-0800: 47.352: [DefNew: 314559K->34943K(314560K), 0.0148697 secs] 770138K->573501K(1013632K), 0.0149750 secs] [Times: user=0.01 sys=0.00, real=0.02 secs] 
2021-01-22T20:59:58.830-0800: 47.398: [GC (Allocation Failure) 2021-01-22T20:59:58.830-0800: 47.398: [DefNew: 314559K->34944K(314560K), 0.0141660 secs] 853117K->653585K(1013632K), 0.0142542 secs] [Times: user=0.02 sys=0.00, real=0.01 secs] 
2021-01-22T20:59:58.874-0800: 47.442: [GC (Allocation Failure) 2021-01-22T20:59:58.874-0800: 47.442: [DefNew: 314560K->314560K(314560K), 0.0000199 secs]2021-01-22T20:59:58.874-0800: 47.442: [Tenured: 618641K->407089K(699072K), 0.0480548 secs] 933201K->407089K(1013632K), [Metaspace: 2698K->2698K(1056768K)], 0.0481768 secs] [Times: user=0.04 sys=0.00, real=0.05 secs] 
2021-01-22T20:59:58.953-0800: 47.521: [GC (Allocation Failure) 2021-01-22T20:59:58.953-0800: 47.521: [DefNew: 279616K->34944K(314560K), 0.0110955 secs] 686705K->494407K(1013632K), 0.0111802 secs] [Times: user=0.02 sys=0.00, real=0.01 secs] 
2021-01-22T20:59:58.993-0800: 47.561: [GC (Allocation Failure) 2021-01-22T20:59:58.993-0800: 47.561: [DefNew: 314560K->34942K(314560K), 0.0140176 secs] 774023K->572876K(1013632K), 0.0141181 secs] [Times: user=0.02 sys=0.00, real=0.01 secs] 
2021-01-22T20:59:59.039-0800: 47.606: [GC (Allocation Failure) 2021-01-22T20:59:59.039-0800: 47.606: [DefNew: 314558K->34943K(314560K), 0.0122721 secs] 852492K->635275K(1013632K), 0.0123579 secs] [Times: user=0.01 sys=0.00, real=0.02 secs] 
2021-01-22T20:59:59.081-0800: 47.649: [GC (Allocation Failure) 2021-01-22T20:59:59.081-0800: 47.649: [DefNew: 314559K->314559K(314560K), 0.0000197 secs]2021-01-22T20:59:59.081-0800: 47.649: [Tenured: 600331K->363139K(699072K), 0.0463965 secs] 914891K->363139K(1013632K), [Metaspace: 2698K->2698K(1056768K)], 0.0465300 secs] [Times: user=0.05 sys=0.00, real=0.04 secs] 
2021-01-22T20:59:59.159-0800: 47.727: [GC (Allocation Failure) 2021-01-22T20:59:59.159-0800: 47.727: [DefNew: 279616K->34942K(314560K), 0.0115744 secs] 642755K->454148K(1013632K), 0.0116633 secs] [Times: user=0.01 sys=0.00, real=0.02 secs] 
2021-01-22T20:59:59.199-0800: 47.766: [GC (Allocation Failure) 2021-01-22T20:59:59.199-0800: 47.766: [DefNew: 314558K->34943K(314560K), 0.0155145 secs] 733764K->545146K(1013632K), 0.0156072 secs] [Times: user=0.01 sys=0.00, real=0.02 secs] 
2021-01-22T20:59:59.245-0800: 47.812: [GC (Allocation Failure) 2021-01-22T20:59:59.245-0800: 47.812: [DefNew: 314559K->34943K(314560K), 0.0144167 secs] 824762K->626360K(1013632K), 0.0145055 secs] [Times: user=0.02 sys=0.00, real=0.01 secs] 
2021-01-22T20:59:59.289-0800: 47.856: [GC (Allocation Failure) 2021-01-22T20:59:59.289-0800: 47.857: [DefNew: 314514K->314514K(314560K), 0.0000193 secs]2021-01-22T20:59:59.289-0800: 47.857: [Tenured: 591416K->420106K(699072K), 0.0452041 secs] 905931K->420106K(1013632K), [Metaspace: 2698K->2698K(1056768K)], 0.0453278 secs] [Times: user=0.04 sys=0.00, real=0.05 secs] 
2021-01-22T20:59:59.365-0800: 47.933: [GC (Allocation Failure) 2021-01-22T20:59:59.365-0800: 47.933: [DefNew: 279417K->34941K(314560K), 0.0111901 secs] 699523K->511266K(1013632K), 0.0112787 secs] [Times: user=0.01 sys=0.00, real=0.01 secs] 
2021-01-22T20:59:59.405-0800: 47.973: [GC (Allocation Failure) 2021-01-22T20:59:59.405-0800: 47.973: [DefNew: 314557K->34943K(314560K), 0.0142349 secs] 790882K->592438K(1013632K), 0.0143769 secs] [Times: user=0.02 sys=0.00, real=0.01 secs] 
2021-01-22T20:59:59.449-0800: 48.017: [GC (Allocation Failure) 2021-01-22T20:59:59.449-0800: 48.017: [DefNew: 314559K->34943K(314560K), 0.0139830 secs] 872054K->671730K(1013632K), 0.0140670 secs] [Times: user=0.01 sys=0.00, real=0.02 secs] 
2021-01-22T20:59:59.493-0800: 48.061: [GC (Allocation Failure) 2021-01-22T20:59:59.493-0800: 48.061: [DefNew: 314559K->314559K(314560K), 0.0000204 secs]2021-01-22T20:59:59.493-0800: 48.061: [Tenured: 636786K->416720K(699072K), 0.0479384 secs] 951346K->416720K(1013632K), [Metaspace: 2698K->2698K(1056768K)], 0.0480670 secs] [Times: user=0.05 sys=0.00, real=0.05 secs] 
2021-01-22T20:59:59.571-0800: 48.139: [GC (Allocation Failure) 2021-01-22T20:59:59.571-0800: 48.139: [DefNew: 279616K->34943K(314560K), 0.0104829 secs] 696336K->502534K(1013632K), 0.0105749 secs] [Times: user=0.01 sys=0.00, real=0.01 secs] 
2021-01-22T20:59:59.610-0800: 48.178: [GC (Allocation Failure) 2021-01-22T20:59:59.611-0800: 48.178: [DefNew: 314559K->34943K(314560K), 0.0146095 secs] 782150K->584199K(1013632K), 0.0147013 secs] [Times: user=0.01 sys=0.00, real=0.01 secs] 
2021-01-22T20:59:59.654-0800: 48.222: [GC (Allocation Failure) 2021-01-22T20:59:59.654-0800: 48.222: [DefNew: 314460K->34943K(314560K), 0.0143751 secs] 863716K->668292K(1013632K), 0.0144611 secs] [Times: user=0.01 sys=0.00, real=0.01 secs] 
2021-01-22T20:59:59.698-0800: 48.266: [GC (Allocation Failure) 2021-01-22T20:59:59.698-0800: 48.266: [DefNew: 314559K->314559K(314560K), 0.0000207 secs]2021-01-22T20:59:59.698-0800: 48.266: [Tenured: 633348K->411113K(699072K), 0.0509111 secs] 947908K->411113K(1013632K), [Metaspace: 2698K->2698K(1056768K)], 0.0510468 secs] [Times: user=0.05 sys=0.00, real=0.05 secs] 
2021-01-22T20:59:59.780-0800: 48.347: [GC (Allocation Failure) 2021-01-22T20:59:59.780-0800: 48.347: [DefNew: 279616K->34942K(314560K), 0.0123878 secs] 690729K->507977K(1013632K), 0.0125183 secs] [Times: user=0.02 sys=0.00, real=0.01 secs] 
2021-01-22T20:59:59.823-0800: 48.391: [GC (Allocation Failure) 2021-01-22T20:59:59.823-0800: 48.391: [DefNew: 314558K->34943K(314560K), 0.0154899 secs] 787593K->591372K(1013632K), 0.0156052 secs] [Times: user=0.01 sys=0.00, real=0.01 secs] 
2021-01-22T20:59:59.871-0800: 48.439: [GC (Allocation Failure) 2021-01-22T20:59:59.871-0800: 48.439: [DefNew: 314559K->34943K(314560K), 0.0150005 secs] 870988K->670120K(1013632K), 0.0150804 secs] [Times: user=0.02 sys=0.00, real=0.01 secs] 
2021-01-22T20:59:59.918-0800: 48.486: [GC (Allocation Failure) 2021-01-22T20:59:59.918-0800: 48.486: [DefNew: 314559K->314559K(314560K), 0.0000195 secs]2021-01-22T20:59:59.918-0800: 48.486: [Tenured: 635176K->371999K(699072K), 0.0491418 secs] 949736K->371999K(1013632K), [Metaspace: 2698K->2698K(1056768K)], 0.0492661 secs] [Times: user=0.05 sys=0.00, real=0.05 secs] 
2021-01-22T20:59:59.999-0800: 48.566: [GC (Allocation Failure) 2021-01-22T20:59:59.999-0800: 48.566: [DefNew: 279616K->34943K(314560K), 0.0107781 secs] 651615K->454652K(1013632K), 0.0108703 secs] [Times: user=0.01 sys=0.00, real=0.01 secs] 
2021-01-22T21:00:00.041-0800: 48.609: [GC (Allocation Failure) 2021-01-22T21:00:00.041-0800: 48.609: [DefNew: 314440K->34943K(314560K), 0.0148561 secs] 734150K->534024K(1013632K), 0.0149467 secs] [Times: user=0.01 sys=0.00, real=0.01 secs] 
2021-01-22T21:00:00.086-0800: 48.654: [GC (Allocation Failure) 2021-01-22T21:00:00.087-0800: 48.654: [DefNew: 314559K->34943K(314560K), 0.0139423 secs] 813640K->613351K(1013632K), 0.0140306 secs] [Times: user=0.02 sys=0.00, real=0.02 secs] 
2021-01-22T21:00:00.131-0800: 48.699: [GC (Allocation Failure) 2021-01-22T21:00:00.131-0800: 48.699: [DefNew: 314559K->34943K(314560K), 0.0139791 secs] 892967K->691319K(1013632K), 0.0140667 secs] [Times: user=0.01 sys=0.00, real=0.01 secs] 
2021-01-22T21:00:00.175-0800: 48.743: [GC (Allocation Failure) 2021-01-22T21:00:00.176-0800: 48.743: [DefNew: 314559K->314559K(314560K), 0.0000192 secs]2021-01-22T21:00:00.176-0800: 48.743: [Tenured: 656376K->404194K(699072K), 0.0452907 secs] 970935K->404194K(1013632K), [Metaspace: 2698K->2698K(1056768K)], 0.0454123 secs] [Times: user=0.05 sys=0.00, real=0.05 secs] 
2021-01-22T21:00:00.251-0800: 48.819: [GC (Allocation Failure) 2021-01-22T21:00:00.251-0800: 48.819: [DefNew: 279616K->34943K(314560K), 0.0111532 secs] 683810K->494234K(1013632K), 0.0112435 secs] [Times: user=0.01 sys=0.00, real=0.01 secs] 
2021-01-22T21:00:00.291-0800: 48.859: [GC (Allocation Failure) 2021-01-22T21:00:00.291-0800: 48.859: [DefNew: 314559K->34943K(314560K), 0.0150205 secs] 773850K->582032K(1013632K), 0.0151123 secs] [Times: user=0.01 sys=0.00, real=0.01 secs] 
2021-01-22T21:00:00.335-0800: 48.903: [GC (Allocation Failure) 2021-01-22T21:00:00.335-0800: 48.903: [DefNew: 314559K->34943K(314560K), 0.0142992 secs] 861648K->664492K(1013632K), 0.0143976 secs] [Times: user=0.02 sys=0.00, real=0.01 secs] 
2021-01-22T21:00:00.379-0800: 48.947: [GC (Allocation Failure) 2021-01-22T21:00:00.379-0800: 48.947: [DefNew: 314559K->314559K(314560K), 0.0000189 secs]2021-01-22T21:00:00.379-0800: 48.947: [Tenured: 629548K->402478K(699072K), 0.0455984 secs] 944108K->402478K(1013632K), [Metaspace: 2698K->2698K(1056768K)], 0.0457282 secs] [Times: user=0.05 sys=0.00, real=0.05 secs] 
2021-01-22T21:00:00.455-0800: 49.023: [GC (Allocation Failure) 2021-01-22T21:00:00.455-0800: 49.023: [DefNew: 279616K->34943K(314560K), 0.0109684 secs] 682094K->488702K(1013632K), 0.0110596 secs] [Times: user=0.01 sys=0.00, real=0.01 secs] 
2021-01-22T21:00:00.496-0800: 49.064: [GC (Allocation Failure) 2021-01-22T21:00:00.496-0800: 49.064: [DefNew: 314559K->34944K(314560K), 0.0143160 secs] 768318K->571348K(1013632K), 0.0144057 secs] [Times: user=0.02 sys=0.00, real=0.02 secs] 
2021-01-22T21:00:00.539-0800: 49.106: [GC (Allocation Failure) 2021-01-22T21:00:00.539-0800: 49.106: [DefNew: 314560K->34944K(314560K), 0.0143413 secs] 850964K->652721K(1013632K), 0.0144336 secs] [Times: user=0.02 sys=0.00, real=0.02 secs] 
2021-01-22T21:00:00.583-0800: 49.151: [GC (Allocation Failure) 2021-01-22T21:00:00.583-0800: 49.151: [DefNew: 314560K->314560K(314560K), 0.0000199 secs]2021-01-22T21:00:00.583-0800: 49.151: [Tenured: 617777K->409009K(699072K), 0.0493361 secs] 932337K->409009K(1013632K), [Metaspace: 2698K->2698K(1056768K)], 0.0494592 secs] [Times: user=0.05 sys=0.00, real=0.05 secs] 
2021-01-22T21:00:00.663-0800: 49.231: [GC (Allocation Failure) 2021-01-22T21:00:00.663-0800: 49.231: [DefNew: 279616K->34943K(314560K), 0.0118003 secs] 688625K->504835K(1013632K), 0.0118824 secs] [Times: user=0.01 sys=0.00, real=0.01 secs] 
2021-01-22T21:00:00.707-0800: 49.275: [GC (Allocation Failure) 2021-01-22T21:00:00.707-0800: 49.275: [DefNew: 314559K->34944K(314560K), 0.0147030 secs] 784451K->590556K(1013632K), 0.0147907 secs] [Times: user=0.01 sys=0.00, real=0.02 secs] 
2021-01-22T21:00:00.751-0800: 49.319: [GC (Allocation Failure) 2021-01-22T21:00:00.751-0800: 49.319: [DefNew: 314560K->34943K(314560K), 0.0137366 secs] 870172K->668433K(1013632K), 0.0138211 secs] [Times: user=0.02 sys=0.00, real=0.01 secs] 
2021-01-22T21:00:00.795-0800: 49.363: [GC (Allocation Failure) 2021-01-22T21:00:00.795-0800: 49.363: [DefNew: 314559K->314559K(314560K), 0.0000204 secs]2021-01-22T21:00:00.795-0800: 49.363: [Tenured: 633489K->382387K(699072K), 0.0474769 secs] 948049K->382387K(1013632K), [Metaspace: 2698K->2698K(1056768K)], 0.0476033 secs] [Times: user=0.04 sys=0.00, real=0.05 secs] 
2021-01-22T21:00:00.874-0800: 49.442: [GC (Allocation Failure) 2021-01-22T21:00:00.874-0800: 49.442: [DefNew: 279616K->34943K(314560K), 0.0117796 secs] 662003K->473289K(1013632K), 0.0118735 secs] [Times: user=0.01 sys=0.00, real=0.01 secs] 
2021-01-22T21:00:00.917-0800: 49.484: [GC (Allocation Failure) 2021-01-22T21:00:00.917-0800: 49.484: [DefNew: 314559K->34943K(314560K), 0.0143271 secs] 752905K->548202K(1013632K), 0.0144153 secs] [Times: user=0.01 sys=0.00, real=0.02 secs] 
2021-01-22T21:00:00.961-0800: 49.529: [GC (Allocation Failure) 2021-01-22T21:00:00.961-0800: 49.529: [DefNew: 314559K->34943K(314560K), 0.0144457 secs] 827818K->631394K(1013632K), 0.0145355 secs] [Times: user=0.02 sys=0.00, real=0.01 secs] 
2021-01-22T21:00:01.005-0800: 49.573: [GC (Allocation Failure) 2021-01-22T21:00:01.005-0800: 49.573: [DefNew: 314559K->314559K(314560K), 0.0000183 secs]2021-01-22T21:00:01.005-0800: 49.573: [Tenured: 596451K->397205K(699072K), 0.0444828 secs] 911010K->397205K(1013632K), [Metaspace: 2698K->2698K(1056768K)], 0.0446029 secs] [Times: user=0.04 sys=0.00, real=0.05 secs] 
2021-01-22T21:00:01.080-0800: 49.648: [GC (Allocation Failure) 2021-01-22T21:00:01.080-0800: 49.648: [DefNew: 279539K->34943K(314560K), 0.0113435 secs] 676745K->490196K(1013632K), 0.0114255 secs] [Times: user=0.01 sys=0.00, real=0.01 secs] 
2021-01-22T21:00:01.121-0800: 49.688: [GC (Allocation Failure) 2021-01-22T21:00:01.121-0800: 49.689: [DefNew: 314559K->34943K(314560K), 0.0140583 secs] 769812K->572428K(1013632K), 0.0141527 secs] [Times: user=0.02 sys=0.00, real=0.01 secs] 
2021-01-22T21:00:01.164-0800: 49.731: [GC (Allocation Failure) 2021-01-22T21:00:01.164-0800: 49.731: [DefNew: 314559K->34943K(314560K), 0.0136663 secs] 852044K->648729K(1013632K), 0.0137567 secs] [Times: user=0.02 sys=0.00, real=0.01 secs] 
2021-01-22T21:00:01.207-0800: 49.775: [GC (Allocation Failure) 2021-01-22T21:00:01.208-0800: 49.775: [DefNew: 314559K->314559K(314560K), 0.0000195 secs]2021-01-22T21:00:01.208-0800: 49.775: [Tenured: 613785K->406359K(699072K), 0.0462074 secs] 928345K->406359K(1013632K), [Metaspace: 2698K->2698K(1056768K)], 0.0463322 secs] [Times: user=0.04 sys=0.00, real=0.05 secs] 
2021-01-22T21:00:01.286-0800: 49.854: [GC (Allocation Failure) 2021-01-22T21:00:01.286-0800: 49.854: [DefNew: 279616K->34942K(314560K), 0.0103041 secs] 685975K->490756K(1013632K), 0.0103955 secs] [Times: user=0.01 sys=0.00, real=0.01 secs] 
2021-01-22T21:00:01.328-0800: 49.896: [GC (Allocation Failure) 2021-01-22T21:00:01.328-0800: 49.896: [DefNew: 314558K->34943K(314560K), 0.0137540 secs] 770372K->568200K(1013632K), 0.0138411 secs] [Times: user=0.01 sys=0.00, real=0.02 secs] 
2021-01-22T21:00:01.371-0800: 49.939: [GC (Allocation Failure) 2021-01-22T21:00:01.371-0800: 49.939: [DefNew: 314559K->34943K(314560K), 0.0139213 secs] 847816K->643715K(1013632K), 0.0140110 secs] [Times: user=0.01 sys=0.00, real=0.01 secs] 
2021-01-22T21:00:01.416-0800: 49.984: [GC (Allocation Failure) 2021-01-22T21:00:01.416-0800: 49.984: [DefNew: 314559K->314559K(314560K), 0.0000205 secs]2021-01-22T21:00:01.416-0800: 49.984: [Tenured: 608771K->400807K(699072K), 0.0454399 secs] 923331K->400807K(1013632K), [Metaspace: 2698K->2698K(1056768K)], 0.0455643 secs] [Times: user=0.05 sys=0.00, real=0.05 secs] 
2021-01-22T21:00:01.492-0800: 50.060: [GC (Allocation Failure) 2021-01-22T21:00:01.492-0800: 50.060: [DefNew: 279616K->34943K(314560K), 0.0100431 secs] 680423K->481708K(1013632K), 0.0101277 secs] [Times: user=0.01 sys=0.00, real=0.01 secs] 
2021-01-22T21:00:01.533-0800: 50.101: [GC (Allocation Failure) 2021-01-22T21:00:01.533-0800: 50.101: [DefNew: 314559K->34943K(314560K), 0.0132348 secs] 761324K->553822K(1013632K), 0.0133226 secs] [Times: user=0.01 sys=0.00, real=0.01 secs] 
2021-01-22T21:00:01.577-0800: 50.145: [GC (Allocation Failure) 2021-01-22T21:00:01.577-0800: 50.145: [DefNew: 314559K->34943K(314560K), 0.0134452 secs] 833438K->628517K(1013632K), 0.0135307 secs] [Times: user=0.01 sys=0.00, real=0.02 secs] 
2021-01-22T21:00:01.619-0800: 50.186: [GC (Allocation Failure) 2021-01-22T21:00:01.619-0800: 50.186: [DefNew: 314559K->34942K(314560K), 0.0227870 secs] 908133K->713560K(1013632K), 0.0228693 secs] [Times: user=0.01 sys=0.01, real=0.03 secs] 
2021-01-22T21:00:01.671-0800: 50.239: [GC (Allocation Failure) 2021-01-22T21:00:01.671-0800: 50.239: [DefNew: 314558K->314558K(314560K), 0.0000200 secs]2021-01-22T21:00:01.671-0800: 50.239: [Tenured: 678617K->358889K(699072K), 0.0447540 secs] 993176K->358889K(1013632K), [Metaspace: 2698K->2698K(1056768K)], 0.0448772 secs] [Times: user=0.05 sys=0.00, real=0.04 secs] 
2021-01-22T21:00:01.746-0800: 50.314: [GC (Allocation Failure) 2021-01-22T21:00:01.746-0800: 50.314: [DefNew: 279502K->34944K(314560K), 0.0108808 secs] 638391K->447288K(1013632K), 0.0109815 secs] [Times: user=0.01 sys=0.00, real=0.01 secs] 
2021-01-22T21:00:01.787-0800: 50.355: [GC (Allocation Failure) 2021-01-22T21:00:01.787-0800: 50.355: [DefNew: 314560K->34943K(314560K), 0.0139804 secs] 726904K->527181K(1013632K), 0.0140714 secs] [Times: user=0.01 sys=0.00, real=0.02 secs] 
2021-01-22T21:00:01.831-0800: 50.399: [GC (Allocation Failure) 2021-01-22T21:00:01.831-0800: 50.399: [DefNew: 314559K->34943K(314560K), 0.0135777 secs] 806797K->602080K(1013632K), 0.0136653 secs] [Times: user=0.02 sys=0.00, real=0.01 secs] 
2021-01-22T21:00:01.875-0800: 50.443: [GC (Allocation Failure) 2021-01-22T21:00:01.875-0800: 50.443: [DefNew: 314559K->34943K(314560K), 0.0137358 secs] 881696K->680634K(1013632K), 0.0138163 secs] [Times: user=0.01 sys=0.00, real=0.01 secs] 
2021-01-22T21:00:01.918-0800: 50.486: [GC (Allocation Failure) 2021-01-22T21:00:01.918-0800: 50.486: [DefNew: 314559K->314559K(314560K), 0.0000202 secs]2021-01-22T21:00:01.918-0800: 50.486: [Tenured: 645691K->416555K(699072K), 0.0454077 secs] 960250K->416555K(1013632K), [Metaspace: 2698K->2698K(1056768K)], 0.0455339 secs] [Times: user=0.04 sys=0.00, real=0.05 secs] 
2021-01-22T21:00:01.994-0800: 50.562: [GC (Allocation Failure) 2021-01-22T21:00:01.995-0800: 50.562: [DefNew: 279616K->34943K(314560K), 0.0113555 secs] 696171K->507363K(1013632K), 0.0114482 secs] [Times: user=0.01 sys=0.00, real=0.01 secs] 
2021-01-22T21:00:02.037-0800: 50.605: [GC (Allocation Failure) 2021-01-22T21:00:02.038-0800: 50.605: [DefNew: 314559K->34943K(314560K), 0.0127649 secs] 786979K->578408K(1013632K), 0.0128505 secs] [Times: user=0.01 sys=0.00, real=0.02 secs] 
2021-01-22T21:00:02.082-0800: 50.650: [GC (Allocation Failure) 2021-01-22T21:00:02.082-0800: 50.650: [DefNew: 314559K->34943K(314560K), 0.0134616 secs] 858024K->653568K(1013632K), 0.0135444 secs] [Times: user=0.01 sys=0.00, real=0.01 secs] 
2021-01-22T21:00:02.125-0800: 50.693: [GC (Allocation Failure) 2021-01-22T21:00:02.125-0800: 50.693: [DefNew: 314559K->314559K(314560K), 0.0000298 secs]2021-01-22T21:00:02.125-0800: 50.693: [Tenured: 618624K->418595K(699072K), 0.0467578 secs] 933184K->418595K(1013632K), [Metaspace: 2698K->2698K(1056768K)], 0.0469151 secs] [Times: user=0.05 sys=0.00, real=0.05 secs] 
2021-01-22T21:00:02.202-0800: 50.770: [GC (Allocation Failure) 2021-01-22T21:00:02.202-0800: 50.770: [DefNew: 279616K->34943K(314560K), 0.0105171 secs] 698211K->505241K(1013632K), 0.0106005 secs] [Times: user=0.01 sys=0.00, real=0.01 secs] 
2021-01-22T21:00:02.242-0800: 50.809: [GC (Allocation Failure) 2021-01-22T21:00:02.242-0800: 50.809: [DefNew: 314559K->34944K(314560K), 0.0149633 secs] 784857K->586834K(1013632K), 0.0150584 secs] [Times: user=0.01 sys=0.00, real=0.01 secs] 
2021-01-22T21:00:02.286-0800: 50.854: [GC (Allocation Failure) 2021-01-22T21:00:02.286-0800: 50.854: [DefNew: 314560K->34943K(314560K), 0.0137322 secs] 866450K->663335K(1013632K), 0.0138253 secs] [Times: user=0.01 sys=0.00, real=0.02 secs] 
2021-01-22T21:00:02.329-0800: 50.897: [GC (Allocation Failure) 2021-01-22T21:00:02.329-0800: 50.897: [DefNew: 314559K->314559K(314560K), 0.0000202 secs]2021-01-22T21:00:02.329-0800: 50.897: [Tenured: 628391K->406686K(699072K), 0.0458866 secs] 942951K->406686K(1013632K), [Metaspace: 2698K->2698K(1056768K)], 0.0460133 secs] [Times: user=0.05 sys=0.00, real=0.05 secs] 
2021-01-22T21:00:02.406-0800: 50.974: [GC (Allocation Failure) 2021-01-22T21:00:02.406-0800: 50.974: [DefNew: 279616K->34942K(314560K), 0.0105131 secs] 686302K->492452K(1013632K), 0.0106020 secs] [Times: user=0.01 sys=0.00, real=0.01 secs] 
2021-01-22T21:00:02.450-0800: 51.018: [GC (Allocation Failure) 2021-01-22T21:00:02.450-0800: 51.018: [DefNew: 314558K->34941K(314560K), 0.0146884 secs] 772068K->578290K(1013632K), 0.0147797 secs] [Times: user=0.02 sys=0.00, real=0.01 secs] 
2021-01-22T21:00:02.495-0800: 51.063: [GC (Allocation Failure) 2021-01-22T21:00:02.495-0800: 51.063: [DefNew: 314557K->34943K(314560K), 0.0126499 secs] 857906K->646021K(1013632K), 0.0127735 secs] [Times: user=0.01 sys=0.00, real=0.01 secs] 
2021-01-22T21:00:02.537-0800: 51.105: [GC (Allocation Failure) 2021-01-22T21:00:02.537-0800: 51.105: [DefNew: 314559K->314559K(314560K), 0.0000201 secs]2021-01-22T21:00:02.537-0800: 51.105: [Tenured: 611077K->385244K(699072K), 0.0480181 secs] 925637K->385244K(1013632K), [Metaspace: 2698K->2698K(1056768K)], 0.0481492 secs] [Times: user=0.05 sys=0.00, real=0.05 secs] 
2021-01-22T21:00:02.616-0800: 51.184: [GC (Allocation Failure) 2021-01-22T21:00:02.616-0800: 51.184: [DefNew: 279616K->34944K(314560K), 0.0107542 secs] 664860K->466421K(1013632K), 0.0108392 secs] [Times: user=0.01 sys=0.00, real=0.01 secs] 
2021-01-22T21:00:02.656-0800: 51.224: [GC (Allocation Failure) 2021-01-22T21:00:02.656-0800: 51.224: [DefNew: 314560K->34943K(314560K), 0.0138893 secs] 746037K->544944K(1013632K), 0.0139710 secs] [Times: user=0.01 sys=0.00, real=0.02 secs] 
2021-01-22T21:00:02.701-0800: 51.269: [GC (Allocation Failure) 2021-01-22T21:00:02.701-0800: 51.269: [DefNew: 314559K->34943K(314560K), 0.0132042 secs] 824560K->618134K(1013632K), 0.0132875 secs] [Times: user=0.02 sys=0.00, real=0.01 secs] 
2021-01-22T21:00:02.744-0800: 51.312: [GC (Allocation Failure) 2021-01-22T21:00:02.744-0800: 51.312: [DefNew: 314559K->34944K(314560K), 0.0145583 secs] 897750K->702856K(1013632K), 0.0146486 secs] [Times: user=0.01 sys=0.00, real=0.01 secs] 
2021-01-22T21:00:02.789-0800: 51.357: [GC (Allocation Failure) 2021-01-22T21:00:02.790-0800: 51.357: [DefNew: 314560K->314560K(314560K), 0.0000185 secs]2021-01-22T21:00:02.790-0800: 51.357: [Tenured: 667912K->408648K(699072K), 0.0450231 secs] 982472K->408648K(1013632K), [Metaspace: 2698K->2698K(1056768K)], 0.0451389 secs] [Times: user=0.05 sys=0.00, real=0.05 secs] 
2021-01-22T21:00:02.864-0800: 51.432: [GC (Allocation Failure) 2021-01-22T21:00:02.864-0800: 51.432: [DefNew: 279616K->34944K(314560K), 0.0114812 secs] 688264K->497756K(1013632K), 0.0115796 secs] [Times: user=0.01 sys=0.00, real=0.01 secs] 
2021-01-22T21:00:02.906-0800: 51.474: [GC (Allocation Failure) 2021-01-22T21:00:02.906-0800: 51.474: [DefNew: 314519K->34943K(314560K), 0.0152054 secs] 777331K->587398K(1013632K), 0.0152986 secs] [Times: user=0.01 sys=0.00, real=0.02 secs] 
2021-01-22T21:00:02.952-0800: 51.520: [GC (Allocation Failure) 2021-01-22T21:00:02.952-0800: 51.520: [DefNew: 314559K->34943K(314560K), 0.0135091 secs] 867014K->661067K(1013632K), 0.0136023 secs] [Times: user=0.02 sys=0.00, real=0.01 secs] 
2021-01-22T21:00:02.996-0800: 51.564: [GC (Allocation Failure) 2021-01-22T21:00:02.996-0800: 51.564: [DefNew: 314559K->314559K(314560K), 0.0000203 secs]2021-01-22T21:00:02.996-0800: 51.564: [Tenured: 626123K->414287K(699072K), 0.0491959 secs] 940683K->414287K(1013632K), [Metaspace: 2698K->2698K(1056768K)], 0.0493242 secs] [Times: user=0.04 sys=0.00, real=0.05 secs] 
2021-01-22T21:00:03.078-0800: 51.646: [GC (Allocation Failure) 2021-01-22T21:00:03.078-0800: 51.646: [DefNew: 279616K->34942K(314560K), 0.0130771 secs] 693903K->499310K(1013632K), 0.0131783 secs] [Times: user=0.01 sys=0.00, real=0.02 secs] 
2021-01-22T21:00:03.124-0800: 51.692: [GC (Allocation Failure) 2021-01-22T21:00:03.124-0800: 51.692: [DefNew: 314558K->34943K(314560K), 0.0146479 secs] 778926K->574794K(1013632K), 0.0147370 secs] [Times: user=0.02 sys=0.00, real=0.01 secs] 
2021-01-22T21:00:03.170-0800: 51.737: [GC (Allocation Failure) 2021-01-22T21:00:03.170-0800: 51.737: [DefNew: 314559K->34943K(314560K), 0.0155060 secs] 854410K->663640K(1013632K), 0.0156842 secs] [Times: user=0.01 sys=0.00, real=0.01 secs] 
2021-01-22T21:00:03.215-0800: 51.783: [GC (Allocation Failure) 2021-01-22T21:00:03.215-0800: 51.783: [DefNew: 314559K->314559K(314560K), 0.0000200 secs]2021-01-22T21:00:03.215-0800: 51.783: [Tenured: 628696K->407580K(699072K), 0.0475107 secs] 943256K->407580K(1013632K), [Metaspace: 2698K->2698K(1056768K)], 0.0476375 secs] [Times: user=0.05 sys=0.00, real=0.05 secs] 
2021-01-22T21:00:03.294-0800: 51.862: [GC (Allocation Failure) 2021-01-22T21:00:03.295-0800: 51.862: [DefNew: 279569K->34943K(314560K), 0.0100836 secs] 687149K->486166K(1013632K), 0.0101706 secs] [Times: user=0.01 sys=0.00, real=0.01 secs] 
2021-01-22T21:00:03.335-0800: 51.902: [GC (Allocation Failure) 2021-01-22T21:00:03.335-0800: 51.903: [DefNew: 314559K->34943K(314560K), 0.0162936 secs] 765782K->576982K(1013632K), 0.0163757 secs] [Times: user=0.01 sys=0.00, real=0.02 secs] 
2021-01-22T21:00:03.382-0800: 51.949: [GC (Allocation Failure) 2021-01-22T21:00:03.382-0800: 51.950: [DefNew: 314559K->34943K(314560K), 0.0147673 secs] 856598K->651327K(1013632K), 0.0148516 secs] [Times: user=0.02 sys=0.00, real=0.01 secs] 
2021-01-22T21:00:03.431-0800: 51.999: [GC (Allocation Failure) 2021-01-22T21:00:03.431-0800: 51.999: [DefNew: 314454K->314454K(314560K), 0.0000199 secs]2021-01-22T21:00:03.431-0800: 51.999: [Tenured: 616383K->375459K(699072K), 0.0497873 secs] 930837K->375459K(1013632K), [Metaspace: 2698K->2698K(1056768K)], 0.0499136 secs] [Times: user=0.05 sys=0.00, real=0.05 secs] 
2021-01-22T21:00:03.513-0800: 52.081: [GC (Allocation Failure) 2021-01-22T21:00:03.513-0800: 52.081: [DefNew: 279616K->34943K(314560K), 0.0109494 secs] 655075K->459985K(1013632K), 0.0110458 secs] [Times: user=0.01 sys=0.00, real=0.01 secs] 
2021-01-22T21:00:03.554-0800: 52.122: [GC (Allocation Failure) 2021-01-22T21:00:03.554-0800: 52.122: [DefNew: 314559K->34943K(314560K), 0.0179483 secs] 739601K->543826K(1013632K), 0.0180559 secs] [Times: user=0.02 sys=0.00, real=0.02 secs] 
2021-01-22T21:00:03.614-0800: 52.182: [GC (Allocation Failure) 2021-01-22T21:00:03.614-0800: 52.182: [DefNew: 314559K->34943K(314560K), 0.0160855 secs] 823442K->621883K(1013632K), 0.0161791 secs] [Times: user=0.01 sys=0.00, real=0.02 secs] 
2021-01-22T21:00:03.666-0800: 52.234: [GC (Allocation Failure) 2021-01-22T21:00:03.666-0800: 52.234: [DefNew: 314559K->34942K(314560K), 0.0143509 secs] 901499K->695220K(1013632K), 0.0144391 secs] [Times: user=0.01 sys=0.00, real=0.02 secs] 
2021-01-22T21:00:03.711-0800: 52.279: [GC (Allocation Failure) 2021-01-22T21:00:03.711-0800: 52.279: [DefNew: 314558K->314558K(314560K), 0.0000195 secs]2021-01-22T21:00:03.711-0800: 52.279: [Tenured: 660278K->404026K(699072K), 0.0471619 secs] 974836K->404026K(1013632K), [Metaspace: 2698K->2698K(1056768K)], 0.0472929 secs] [Times: user=0.05 sys=0.00, real=0.04 secs] 
2021-01-22T21:00:03.790-0800: 52.358: [GC (Allocation Failure) 2021-01-22T21:00:03.790-0800: 52.358: [DefNew: 279616K->34942K(314560K), 0.0109122 secs] 683642K->487697K(1013632K), 0.0110177 secs] [Times: user=0.01 sys=0.00, real=0.01 secs] 
2021-01-22T21:00:03.833-0800: 52.401: [GC (Allocation Failure) 2021-01-22T21:00:03.833-0800: 52.401: [DefNew: 314558K->34943K(314560K), 0.0138396 secs] 767313K->561380K(1013632K), 0.0139297 secs] [Times: user=0.01 sys=0.00, real=0.01 secs] 
2021-01-22T21:00:03.877-0800: 52.445: [GC (Allocation Failure) 2021-01-22T21:00:03.877-0800: 52.445: [DefNew: 314559K->34944K(314560K), 0.0148372 secs] 840996K->642453K(1013632K), 0.0149294 secs] [Times: user=0.02 sys=0.00, real=0.02 secs] 
2021-01-22T21:00:03.924-0800: 52.492: [GC (Allocation Failure) 2021-01-22T21:00:03.924-0800: 52.492: [DefNew: 314479K->314479K(314560K), 0.0000195 secs]2021-01-22T21:00:03.924-0800: 52.492: [Tenured: 607509K->404268K(699072K), 0.0484913 secs] 921989K->404268K(1013632K), [Metaspace: 2698K->2698K(1056768K)], 0.0486135 secs] [Times: user=0.05 sys=0.00, real=0.05 secs] 
2021-01-22T21:00:04.003-0800: 52.571: [GC (Allocation Failure) 2021-01-22T21:00:04.003-0800: 52.571: [DefNew: 279616K->34943K(314560K), 0.0127571 secs] 683884K->499842K(1013632K), 0.0128475 secs] [Times: user=0.01 sys=0.00, real=0.01 secs] 
2021-01-22T21:00:04.045-0800: 52.613: [GC (Allocation Failure) 2021-01-22T21:00:04.045-0800: 52.613: [DefNew: 314559K->34944K(314560K), 0.0149684 secs] 779458K->582658K(1013632K), 0.0150613 secs] [Times: user=0.01 sys=0.00, real=0.02 secs] 
2021-01-22T21:00:04.088-0800: 52.656: [GC (Allocation Failure) 2021-01-22T21:00:04.088-0800: 52.656: [DefNew: 314560K->34944K(314560K), 0.0142842 secs] 862274K->664331K(1013632K), 0.0143729 secs] [Times: user=0.01 sys=0.00, real=0.02 secs] 
2021-01-22T21:00:04.132-0800: 52.700: [GC (Allocation Failure) 2021-01-22T21:00:04.132-0800: 52.700: [DefNew: 314560K->314560K(314560K), 0.0000206 secs]2021-01-22T21:00:04.132-0800: 52.700: [Tenured: 629387K->413190K(699072K), 0.0474650 secs] 943947K->413190K(1013632K), [Metaspace: 2698K->2698K(1056768K)], 0.0475983 secs] [Times: user=0.05 sys=0.00, real=0.05 secs] 
2021-01-22T21:00:04.209-0800: 52.777: [GC (Allocation Failure) 2021-01-22T21:00:04.209-0800: 52.777: [DefNew: 279616K->34943K(314560K), 0.0120407 secs] 692806K->506164K(1013632K), 0.0121336 secs] [Times: user=0.01 sys=0.00, real=0.02 secs] 
2021-01-22T21:00:04.252-0800: 52.820: [GC (Allocation Failure) 2021-01-22T21:00:04.252-0800: 52.820: [DefNew: 314559K->34942K(314560K), 0.0144110 secs] 785780K->585946K(1013632K), 0.0145014 secs] [Times: user=0.02 sys=0.00, real=0.01 secs] 
2021-01-22T21:00:04.296-0800: 52.864: [GC (Allocation Failure) 2021-01-22T21:00:04.296-0800: 52.864: [DefNew: 314558K->34943K(314560K), 0.0141463 secs] 865562K->664770K(1013632K), 0.0142374 secs] [Times: user=0.01 sys=0.00, real=0.02 secs] 
2021-01-22T21:00:04.341-0800: 52.909: [GC (Allocation Failure) 2021-01-22T21:00:04.342-0800: 52.909: [DefNew: 314171K->314171K(314560K), 0.0000197 secs]2021-01-22T21:00:04.342-0800: 52.909: [Tenured: 629826K->371599K(699072K), 0.0465408 secs] 943997K->371599K(1013632K), [Metaspace: 2698K->2698K(1056768K)], 0.0466692 secs] [Times: user=0.05 sys=0.00, real=0.04 secs] 
2021-01-22T21:00:04.420-0800: 52.987: [GC (Allocation Failure) 2021-01-22T21:00:04.420-0800: 52.987: [DefNew: 279616K->34943K(314560K), 0.0113226 secs] 651215K->460580K(1013632K), 0.0114069 secs] [Times: user=0.01 sys=0.00, real=0.01 secs] 
2021-01-22T21:00:04.460-0800: 53.028: [GC (Allocation Failure) 2021-01-22T21:00:04.460-0800: 53.028: [DefNew: 314559K->34943K(314560K), 0.0140027 secs] 740196K->539770K(1013632K), 0.0140958 secs] [Times: user=0.01 sys=0.00, real=0.01 secs] 
2021-01-22T21:00:04.503-0800: 53.071: [GC (Allocation Failure) 2021-01-22T21:00:04.503-0800: 53.071: [DefNew: 314559K->34943K(314560K), 0.0140825 secs] 819386K->618362K(1013632K), 0.0141700 secs] [Times: user=0.02 sys=0.00, real=0.01 secs] 
2021-01-22T21:00:04.546-0800: 53.114: [GC (Allocation Failure) 2021-01-22T21:00:04.546-0800: 53.114: [DefNew: 314559K->34944K(314560K), 0.0143940 secs] 897978K->701671K(1013632K), 0.0144918 secs] [Times: user=0.01 sys=0.00, real=0.02 secs] 
2021-01-22T21:00:04.592-0800: 53.160: [GC (Allocation Failure) 2021-01-22T21:00:04.592-0800: 53.160: [DefNew: 314560K->314560K(314560K), 0.0000191 secs]2021-01-22T21:00:04.592-0800: 53.160: [Tenured: 666727K->415781K(699072K), 0.0452013 secs] 981287K->415781K(1013632K), [Metaspace: 2698K->2698K(1056768K)], 0.0453269 secs] [Times: user=0.05 sys=0.00, real=0.04 secs] 
2021-01-22T21:00:04.668-0800: 53.236: [GC (Allocation Failure) 2021-01-22T21:00:04.668-0800: 53.236: [DefNew: 279186K->34941K(314560K), 0.0097461 secs] 694967K->494498K(1013632K), 0.0098343 secs] [Times: user=0.01 sys=0.00, real=0.01 secs] 
2021-01-22T21:00:04.707-0800: 53.275: [GC (Allocation Failure) 2021-01-22T21:00:04.707-0800: 53.275: [DefNew: 314557K->34943K(314560K), 0.0154249 secs] 774114K->586190K(1013632K), 0.0155108 secs] [Times: user=0.01 sys=0.00, real=0.02 secs] 
2021-01-22T21:00:04.753-0800: 53.320: [GC (Allocation Failure) 2021-01-22T21:00:04.753-0800: 53.320: [DefNew: 314559K->34943K(314560K), 0.0128456 secs] 865806K->654539K(1013632K), 0.0129520 secs] [Times: user=0.01 sys=0.00, real=0.01 secs] 
2021-01-22T21:00:04.795-0800: 53.363: [GC (Allocation Failure) 2021-01-22T21:00:04.795-0800: 53.363: [DefNew: 314559K->314559K(314560K), 0.0000197 secs]2021-01-22T21:00:04.795-0800: 53.363: [Tenured: 619595K->408554K(699072K), 0.0779621 secs] 934155K->408554K(1013632K), [Metaspace: 2698K->2698K(1056768K)], 0.0780692 secs] [Times: user=0.06 sys=0.00, real=0.08 secs] 
2021-01-22T21:00:04.923-0800: 53.490: [GC (Allocation Failure) 2021-01-22T21:00:04.923-0800: 53.491: [DefNew: 279616K->34943K(314560K), 0.0115992 secs] 688170K->489671K(1013632K), 0.0116861 secs] [Times: user=0.01 sys=0.00, real=0.01 secs] 
2021-01-22T21:00:04.977-0800: 53.545: [GC (Allocation Failure) 2021-01-22T21:00:04.977-0800: 53.545: [DefNew: 314559K->34943K(314560K), 0.0151671 secs] 769287K->576431K(1013632K), 0.0152586 secs] [Times: user=0.02 sys=0.00, real=0.02 secs] 
2021-01-22T21:00:05.024-0800: 53.591: [GC (Allocation Failure) 2021-01-22T21:00:05.024-0800: 53.591: [DefNew: 314559K->34943K(314560K), 0.0142761 secs] 856047K->658354K(1013632K), 0.0143663 secs] [Times: user=0.01 sys=0.00, real=0.01 secs] 
2021-01-22T21:00:05.067-0800: 53.634: [GC (Allocation Failure) 2021-01-22T21:00:05.067-0800: 53.634: [DefNew: 314559K->314559K(314560K), 0.0000197 secs]2021-01-22T21:00:05.067-0800: 53.634: [Tenured: 623410K->401123K(699072K), 0.0467228 secs] 937970K->401123K(1013632K), [Metaspace: 2698K->2698K(1056768K)], 0.0468504 secs] [Times: user=0.05 sys=0.00, real=0.05 secs] 
2021-01-22T21:00:05.147-0800: 53.715: [GC (Allocation Failure) 2021-01-22T21:00:05.147-0800: 53.715: [DefNew: 279616K->34943K(314560K), 0.0114363 secs] 680739K->493726K(1013632K), 0.0115224 secs] [Times: user=0.01 sys=0.00, real=0.01 secs] 
2021-01-22T21:00:05.189-0800: 53.757: [GC (Allocation Failure) 2021-01-22T21:00:05.189-0800: 53.757: [DefNew: 314559K->34943K(314560K), 0.0146008 secs] 773342K->579325K(1013632K), 0.0147038 secs] [Times: user=0.02 sys=0.00, real=0.02 secs] 
2021-01-22T21:00:05.233-0800: 53.801: [GC (Allocation Failure) 2021-01-22T21:00:05.233-0800: 53.801: [DefNew: 314559K->34942K(314560K), 0.0133837 secs] 858941K->653593K(1013632K), 0.0134707 secs] [Times: user=0.02 sys=0.00, real=0.01 secs] 
2021-01-22T21:00:05.278-0800: 53.846: [GC (Allocation Failure) 2021-01-22T21:00:05.278-0800: 53.846: [DefNew: 314558K->314558K(314560K), 0.0000203 secs]2021-01-22T21:00:05.278-0800: 53.846: [Tenured: 618651K->375897K(699072K), 0.0506852 secs] 933209K->375897K(1013632K), [Metaspace: 2698K->2698K(1056768K)], 0.0515088 secs] [Times: user=0.05 sys=0.00, real=0.05 secs] 
2021-01-22T21:00:05.366-0800: 53.934: [GC (Allocation Failure) 2021-01-22T21:00:05.366-0800: 53.934: [DefNew: 279616K->34943K(314560K), 0.0132294 secs] 655513K->461047K(1013632K), 0.0133360 secs] [Times: user=0.02 sys=0.00, real=0.02 secs] 
2021-01-22T21:00:05.415-0800: 53.982: [GC (Allocation Failure) 2021-01-22T21:00:05.415-0800: 53.982: [DefNew: 314559K->34944K(314560K), 0.0151382 secs] 740663K->544460K(1013632K), 0.0152680 secs] [Times: user=0.02 sys=0.00, real=0.02 secs] 
2021-01-22T21:00:05.476-0800: 54.044: [GC (Allocation Failure) 2021-01-22T21:00:05.476-0800: 54.044: [DefNew: 314414K->34943K(314560K), 0.0177992 secs] 823930K->621736K(1013632K), 0.0179072 secs] [Times: user=0.02 sys=0.00, real=0.02 secs] 
2021-01-22T21:00:05.547-0800: 54.115: [GC (Allocation Failure) 2021-01-22T21:00:05.547-0800: 54.115: [DefNew: 314559K->34941K(314560K), 0.0156654 secs] 901352K->699242K(1013632K), 0.0157523 secs] [Times: user=0.01 sys=0.00, real=0.02 secs] 
2021-01-22T21:00:05.594-0800: 54.162: [GC (Allocation Failure) 2021-01-22T21:00:05.594-0800: 54.162: [DefNew: 314224K->314224K(314560K), 0.0000200 secs]2021-01-22T21:00:05.594-0800: 54.162: [Tenured: 664300K->412941K(699072K), 0.0491874 secs] 978525K->412941K(1013632K), [Metaspace: 2698K->2698K(1056768K)], 0.0493146 secs] [Times: user=0.05 sys=0.00, real=0.05 secs] 
2021-01-22T21:00:05.674-0800: 54.242: [GC (Allocation Failure) 2021-01-22T21:00:05.674-0800: 54.242: [DefNew: 279616K->34944K(314560K), 0.0108102 secs] 692557K->496878K(1013632K), 0.0109000 secs] [Times: user=0.01 sys=0.00, real=0.01 secs] 
2021-01-22T21:00:05.716-0800: 54.284: [GC (Allocation Failure) 2021-01-22T21:00:05.716-0800: 54.284: [DefNew: 314560K->34943K(314560K), 0.0155478 secs] 776494K->581047K(1013632K), 0.0156456 secs] [Times: user=0.02 sys=0.00, real=0.02 secs] 
2021-01-22T21:00:05.765-0800: 54.333: [GC (Allocation Failure) 2021-01-22T21:00:05.765-0800: 54.333: [DefNew: 314559K->34943K(314560K), 0.0161204 secs] 860663K->664857K(1013632K), 0.0161897 secs] [Times: user=0.01 sys=0.00, real=0.02 secs] 
2021-01-22T21:00:05.812-0800: 54.379: [GC (Allocation Failure) 2021-01-22T21:00:05.812-0800: 54.380: [DefNew: 314557K->314557K(314560K), 0.0000203 secs]2021-01-22T21:00:05.812-0800: 54.380: [Tenured: 629913K->410678K(699072K), 0.0561804 secs] 944470K->410678K(1013632K), [Metaspace: 2698K->2698K(1056768K)], 0.0563150 secs] [Times: user=0.06 sys=0.00, real=0.05 secs] 
2021-01-22T21:00:05.900-0800: 54.468: [GC (Allocation Failure) 2021-01-22T21:00:05.900-0800: 54.468: [DefNew: 279616K->34943K(314560K), 0.0111107 secs] 690294K->499575K(1013632K), 0.0112051 secs] [Times: user=0.01 sys=0.00, real=0.01 secs] 
2021-01-22T21:00:05.943-0800: 54.511: [GC (Allocation Failure) 2021-01-22T21:00:05.943-0800: 54.511: [DefNew: 314559K->34943K(314560K), 0.0134765 secs] 779191K->574191K(1013632K), 0.0135987 secs] [Times: user=0.02 sys=0.00, real=0.01 secs] 
2021-01-22T21:00:05.986-0800: 54.554: [GC (Allocation Failure) 2021-01-22T21:00:05.986-0800: 54.554: [DefNew: 314559K->34943K(314560K), 0.0146752 secs] 853807K->652504K(1013632K), 0.0147677 secs] [Times: user=0.01 sys=0.00, real=0.02 secs] 
2021-01-22T21:00:06.032-0800: 54.600: [GC (Allocation Failure) 2021-01-22T21:00:06.032-0800: 54.600: [DefNew: 314559K->314559K(314560K), 0.0000201 secs]2021-01-22T21:00:06.033-0800: 54.600: [Tenured: 617560K->389057K(699072K), 0.0464941 secs] 932120K->389057K(1013632K), [Metaspace: 2698K->2698K(1056768K)], 0.0466178 secs] [Times: user=0.05 sys=0.00, real=0.04 secs] 
2021-01-22T21:00:06.111-0800: 54.679: [GC (Allocation Failure) 2021-01-22T21:00:06.111-0800: 54.679: [DefNew: 279616K->34943K(314560K), 0.0111983 secs] 668673K->476349K(1013632K), 0.0112812 secs] [Times: user=0.01 sys=0.00, real=0.01 secs] 
2021-01-22T21:00:06.153-0800: 54.720: [GC (Allocation Failure) 2021-01-22T21:00:06.153-0800: 54.720: [DefNew: 314559K->34942K(314560K), 0.0143906 secs] 755965K->555538K(1013632K), 0.0144676 secs] [Times: user=0.01 sys=0.00, real=0.01 secs] 
2021-01-22T21:00:06.198-0800: 54.766: [GC (Allocation Failure) 2021-01-22T21:00:06.198-0800: 54.766: [DefNew: 314558K->34942K(314560K), 0.0138434 secs] 835154K->633592K(1013632K), 0.0139404 secs] [Times: user=0.02 sys=0.00, real=0.02 secs] 
2021-01-22T21:00:06.242-0800: 54.810: [GC (Allocation Failure) 2021-01-22T21:00:06.242-0800: 54.810: [DefNew: 314558K->314558K(314560K), 0.0000196 secs]2021-01-22T21:00:06.242-0800: 54.810: [Tenured: 598650K->369653K(699072K), 0.0473651 secs] 913208K->369653K(1013632K), [Metaspace: 2698K->2698K(1056768K)], 0.0474856 secs] [Times: user=0.04 sys=0.01, real=0.04 secs] 
2021-01-22T21:00:06.321-0800: 54.889: [GC (Allocation Failure) 2021-01-22T21:00:06.321-0800: 54.889: [DefNew: 279616K->34943K(314560K), 0.0210185 secs] 649269K->459542K(1013632K), 0.0211221 secs] [Times: user=0.01 sys=0.00, real=0.02 secs] 
2021-01-22T21:00:06.375-0800: 54.943: [GC (Allocation Failure) 2021-01-22T21:00:06.375-0800: 54.943: [DefNew: 314559K->34943K(314560K), 0.0151863 secs] 739158K->542777K(1013632K), 0.0152873 secs] [Times: user=0.01 sys=0.00, real=0.02 secs] 
2021-01-22T21:00:06.422-0800: 54.989: [GC (Allocation Failure) 2021-01-22T21:00:06.422-0800: 54.989: [DefNew: 314559K->34944K(314560K), 0.0155902 secs] 822393K->629686K(1013632K), 0.0156769 secs] [Times: user=0.02 sys=0.00, real=0.01 secs] 
2021-01-22T21:00:06.468-0800: 55.036: [GC (Allocation Failure) 2021-01-22T21:00:06.468-0800: 55.036: [DefNew: 314560K->314560K(314560K), 0.0000190 secs]2021-01-22T21:00:06.468-0800: 55.036: [Tenured: 594742K->404987K(699072K), 0.0456601 secs] 909302K->404987K(1013632K), [Metaspace: 2698K->2698K(1056768K)], 0.0457901 secs] [Times: user=0.04 sys=0.00, real=0.05 secs] 
2021-01-22T21:00:06.544-0800: 55.112: [GC (Allocation Failure) 2021-01-22T21:00:06.544-0800: 55.112: [DefNew: 279616K->34943K(314560K), 0.0110881 secs] 684603K->495053K(1013632K), 0.0111827 secs] [Times: user=0.01 sys=0.00, real=0.01 secs] 
2021-01-22T21:00:06.585-0800: 55.153: [GC (Allocation Failure) 2021-01-22T21:00:06.585-0800: 55.153: [DefNew: 314559K->34943K(314560K), 0.0144433 secs] 774669K->576681K(1013632K), 0.0145379 secs] [Times: user=0.02 sys=0.00, real=0.02 secs] 
2021-01-22T21:00:06.630-0800: 55.198: [GC (Allocation Failure) 2021-01-22T21:00:06.630-0800: 55.198: [DefNew: 314559K->34943K(314560K), 0.0152941 secs] 856297K->659214K(1013632K), 0.0153778 secs] [Times: user=0.01 sys=0.00, real=0.01 secs] 
2021-01-22T21:00:06.692-0800: 55.260: [GC (Allocation Failure) 2021-01-22T21:00:06.692-0800: 55.260: [DefNew: 314559K->314559K(314560K), 0.0000286 secs]2021-01-22T21:00:06.692-0800: 55.260: [Tenured: 624271K->421246K(699072K), 0.0890548 secs] 938830K->421246K(1013632K), [Metaspace: 2698K->2698K(1056768K)], 0.0892071 secs] [Times: user=0.08 sys=0.00, real=0.09 secs] 
2021-01-22T21:00:06.828-0800: 55.396: [GC (Allocation Failure) 2021-01-22T21:00:06.828-0800: 55.396: [DefNew: 279616K->34941K(314560K), 0.0197680 secs] 700862K->511494K(1013632K), 0.0198654 secs] [Times: user=0.02 sys=0.00, real=0.02 secs] 
2021-01-22T21:00:06.902-0800: 55.469: [GC (Allocation Failure) 2021-01-22T21:00:06.902-0800: 55.469: [DefNew: 314557K->34943K(314560K), 0.0269858 secs] 791110K->596173K(1013632K), 0.0271123 secs] [Times: user=0.02 sys=0.00, real=0.02 secs] 
2021-01-22T21:00:06.967-0800: 55.535: [GC (Allocation Failure) 2021-01-22T21:00:06.967-0800: 55.535: [DefNew: 314559K->34943K(314560K), 0.0171917 secs] 875789K->681244K(1013632K), 0.0173599 secs] [Times: user=0.01 sys=0.00, real=0.02 secs] 
2021-01-22T21:00:07.019-0800: 55.586: [GC (Allocation Failure) 2021-01-22T21:00:07.019-0800: 55.586: [DefNew: 314559K->314559K(314560K), 0.0000277 secs]2021-01-22T21:00:07.019-0800: 55.587: [Tenured: 646300K->429694K(699072K), 0.0586442 secs] 960860K->429694K(1013632K), [Metaspace: 2698K->2698K(1056768K)], 0.0588166 secs] [Times: user=0.05 sys=0.00, real=0.06 secs] 
2021-01-22T21:00:07.107-0800: 55.675: [GC (Allocation Failure) 2021-01-22T21:00:07.107-0800: 55.675: [DefNew: 279201K->34943K(314560K), 0.0113404 secs] 708896K->521467K(1013632K), 0.0114280 secs] [Times: user=0.01 sys=0.00, real=0.01 secs] 
2021-01-22T21:00:07.148-0800: 55.716: [GC (Allocation Failure) 2021-01-22T21:00:07.148-0800: 55.716: [DefNew: 314559K->34942K(314560K), 0.0128698 secs] 801083K->593340K(1013632K), 0.0129819 secs] [Times: user=0.01 sys=0.00, real=0.02 secs] 
2021-01-22T21:00:07.190-0800: 55.758: [GC (Allocation Failure) 2021-01-22T21:00:07.190-0800: 55.758: [DefNew: 314558K->34943K(314560K), 0.0141044 secs] 872956K->673994K(1013632K), 0.0141972 secs] [Times: user=0.01 sys=0.00, real=0.01 secs] 
2021-01-22T21:00:07.234-0800: 55.802: [GC (Allocation Failure) 2021-01-22T21:00:07.234-0800: 55.802: [DefNew: 314504K->314504K(314560K), 0.0000199 secs]2021-01-22T21:00:07.234-0800: 55.802: [Tenured: 639050K->377289K(699072K), 0.0483673 secs] 953555K->377289K(1013632K), [Metaspace: 2698K->2698K(1056768K)], 0.0484859 secs] [Times: user=0.05 sys=0.00, real=0.05 secs] 
2021-01-22T21:00:07.313-0800: 55.881: [GC (Allocation Failure) 2021-01-22T21:00:07.313-0800: 55.881: [DefNew: 279616K->34943K(314560K), 0.0104603 secs] 656905K->462155K(1013632K), 0.0105462 secs] [Times: user=0.01 sys=0.00, real=0.01 secs] 
2021-01-22T21:00:07.353-0800: 55.921: [GC (Allocation Failure) 2021-01-22T21:00:07.353-0800: 55.921: [DefNew: 314559K->34942K(314560K), 0.0136577 secs] 741771K->539170K(1013632K), 0.0137645 secs] [Times: user=0.02 sys=0.00, real=0.01 secs] 
2021-01-22T21:00:07.397-0800: 55.965: [GC (Allocation Failure) 2021-01-22T21:00:07.397-0800: 55.965: [DefNew: 314558K->34943K(314560K), 0.0149069 secs] 818786K->622798K(1013632K), 0.0149914 secs] [Times: user=0.01 sys=0.00, real=0.02 secs] 
2021-01-22T21:00:07.442-0800: 56.010: [GC (Allocation Failure) 2021-01-22T21:00:07.442-0800: 56.010: [DefNew: 314559K->34943K(314560K), 0.0154754 secs] 902414K->712060K(1013632K), 0.0155688 secs] [Times: user=0.02 sys=0.00, real=0.01 secs] 
2021-01-22T21:00:07.502-0800: 56.070: [GC (Allocation Failure) 2021-01-22T21:00:07.502-0800: 56.070: [DefNew: 314559K->314559K(314560K), 0.0000192 secs]2021-01-22T21:00:07.502-0800: 56.070: [Tenured: 677116K->417801K(699072K), 0.1057129 secs] 991676K->417801K(1013632K), [Metaspace: 2698K->2698K(1056768K)], 0.1058265 secs] [Times: user=0.06 sys=0.00, real=0.10 secs] 
2021-01-22T21:00:07.653-0800: 56.221: [GC (Allocation Failure) 2021-01-22T21:00:07.654-0800: 56.222: [DefNew: 279616K->34943K(314560K), 0.0117036 secs] 697417K->506446K(1013632K), 0.0124841 secs] [Times: user=0.01 sys=0.00, real=0.01 secs] 
2021-01-22T21:00:07.697-0800: 56.265: [GC (Allocation Failure) 2021-01-22T21:00:07.697-0800: 56.265: [DefNew: 314559K->34943K(314560K), 0.0135920 secs] 786062K->580398K(1013632K), 0.0136861 secs] [Times: user=0.01 sys=0.00, real=0.02 secs] 
2021-01-22T21:00:07.743-0800: 56.311: [GC (Allocation Failure) 2021-01-22T21:00:07.745-0800: 56.313: [DefNew: 314559K->34944K(314560K), 0.0146497 secs] 860014K->659721K(1013632K), 0.0166224 secs] [Times: user=0.02 sys=0.00, real=0.02 secs] 
2021-01-22T21:00:07.791-0800: 56.358: [GC (Allocation Failure) 2021-01-22T21:00:07.791-0800: 56.358: [DefNew: 313883K->313883K(314560K), 0.0000199 secs]2021-01-22T21:00:07.791-0800: 56.358: [Tenured: 624777K->407746K(699072K), 0.0474038 secs] 938661K->407746K(1013632K), [Metaspace: 2698K->2698K(1056768K)], 0.0475492 secs] [Times: user=0.05 sys=0.00, real=0.04 secs] 
2021-01-22T21:00:07.868-0800: 56.436: [GC (Allocation Failure) 2021-01-22T21:00:07.868-0800: 56.436: [DefNew: 279616K->34943K(314560K), 0.0114060 secs] 687362K->496550K(1013632K), 0.0114865 secs] [Times: user=0.01 sys=0.00, real=0.02 secs] 
2021-01-22T21:00:07.910-0800: 56.478: [GC (Allocation Failure) 2021-01-22T21:00:07.910-0800: 56.478: [DefNew: 314559K->34941K(314560K), 0.0145518 secs] 776166K->575464K(1013632K), 0.0146408 secs] [Times: user=0.01 sys=0.00, real=0.01 secs] 
2021-01-22T21:00:07.959-0800: 56.527: [GC (Allocation Failure) 2021-01-22T21:00:07.959-0800: 56.527: [DefNew: 314557K->34944K(314560K), 0.0149174 secs] 855080K->654365K(1013632K), 0.0150036 secs] [Times: user=0.02 sys=0.00, real=0.02 secs] 
2021-01-22T21:00:08.006-0800: 56.574: [GC (Allocation Failure) 2021-01-22T21:00:08.006-0800: 56.574: [DefNew: 314560K->314560K(314560K), 0.0000202 secs]2021-01-22T21:00:08.006-0800: 56.574: [Tenured: 619421K->408929K(699072K), 0.0539290 secs] 933981K->408929K(1013632K), [Metaspace: 2698K->2698K(1056768K)], 0.0540555 secs] [Times: user=0.05 sys=0.00, real=0.06 secs] 
2021-01-22T21:00:08.091-0800: 56.658: [GC (Allocation Failure) 2021-01-22T21:00:08.091-0800: 56.658: [DefNew: 279616K->34943K(314560K), 0.0115129 secs] 688545K->500165K(1013632K), 0.0116059 secs] [Times: user=0.01 sys=0.00, real=0.01 secs] 
2021-01-22T21:00:08.132-0800: 56.700: [GC (Allocation Failure) 2021-01-22T21:00:08.132-0800: 56.700: [DefNew: 314559K->34943K(314560K), 0.0139066 secs] 779781K->580312K(1013632K), 0.0140010 secs] [Times: user=0.02 sys=0.00, real=0.01 secs] 
2021-01-22T21:00:08.175-0800: 56.743: [GC (Allocation Failure) 2021-01-22T21:00:08.175-0800: 56.743: [DefNew: 314559K->34943K(314560K), 0.0139933 secs] 859928K->659549K(1013632K), 0.0140751 secs] [Times: user=0.01 sys=0.00, real=0.02 secs] 
2021-01-22T21:00:08.220-0800: 56.788: [GC (Allocation Failure) 2021-01-22T21:00:08.220-0800: 56.788: [DefNew: 314559K->314559K(314560K), 0.0000255 secs]2021-01-22T21:00:08.220-0800: 56.788: [Tenured: 624605K->375331K(699072K), 0.0492121 secs] 939165K->375331K(1013632K), [Metaspace: 2698K->2698K(1056768K)], 0.0493622 secs] [Times: user=0.05 sys=0.00, real=0.04 secs] 
2021-01-22T21:00:08.300-0800: 56.867: [GC (Allocation Failure) 2021-01-22T21:00:08.300-0800: 56.867: [DefNew: 279616K->34943K(314560K), 0.0124537 secs] 654947K->467097K(1013632K), 0.0125386 secs] [Times: user=0.01 sys=0.00, real=0.01 secs] 
2021-01-22T21:00:08.345-0800: 56.913: [GC (Allocation Failure) 2021-01-22T21:00:08.345-0800: 56.913: [DefNew: 314559K->34943K(314560K), 0.0145049 secs] 746713K->543115K(1013632K), 0.0145949 secs] [Times: user=0.02 sys=0.00, real=0.02 secs] 
2021-01-22T21:00:08.391-0800: 56.958: [GC (Allocation Failure) 2021-01-22T21:00:08.391-0800: 56.958: [DefNew: 314559K->34938K(314560K), 0.0156049 secs] 822731K->623675K(1013632K), 0.0156901 secs] [Times: user=0.01 sys=0.00, real=0.01 secs] 
2021-01-22T21:00:08.436-0800: 57.004: [GC (Allocation Failure) 2021-01-22T21:00:08.436-0800: 57.004: [DefNew: 314554K->34943K(314560K), 0.0144189 secs] 903291K->699706K(1013632K), 0.0145142 secs] [Times: user=0.02 sys=0.00, real=0.02 secs] 
2021-01-22T21:00:08.481-0800: 57.049: [GC (Allocation Failure) 2021-01-22T21:00:08.481-0800: 57.049: [DefNew: 314559K->314559K(314560K), 0.0000203 secs]2021-01-22T21:00:08.481-0800: 57.049: [Tenured: 664763K->416197K(699072K), 0.0540962 secs] 979322K->416197K(1013632K), [Metaspace: 2698K->2698K(1056768K)], 0.0542240 secs] [Times: user=0.05 sys=0.00, real=0.05 secs] 
2021-01-22T21:00:08.567-0800: 57.135: [GC (Allocation Failure) 2021-01-22T21:00:08.567-0800: 57.135: [DefNew: 279616K->34943K(314560K), 0.0107606 secs] 695813K->500932K(1013632K), 0.0108500 secs] [Times: user=0.01 sys=0.00, real=0.01 secs] 
2021-01-22T21:00:08.607-0800: 57.175: [GC (Allocation Failure) 2021-01-22T21:00:08.607-0800: 57.175: [DefNew: 314559K->34943K(314560K), 0.0152809 secs] 780548K->590205K(1013632K), 0.0153700 secs] [Times: user=0.02 sys=0.00, real=0.02 secs] 
2021-01-22T21:00:08.651-0800: 57.218: [GC (Allocation Failure) 2021-01-22T21:00:08.651-0800: 57.218: [DefNew: 314559K->34943K(314560K), 0.0148981 secs] 869821K->675423K(1013632K), 0.0149865 secs] [Times: user=0.02 sys=0.00, real=0.01 secs] 
2021-01-22T21:00:08.696-0800: 57.264: [GC (Allocation Failure) 2021-01-22T21:00:08.696-0800: 57.264: [DefNew: 314559K->314559K(314560K), 0.0000200 secs]2021-01-22T21:00:08.696-0800: 57.264: [Tenured: 640479K->416232K(699072K), 0.0514299 secs] 955039K->416232K(1013632K), [Metaspace: 2698K->2698K(1056768K)], 0.0515513 secs] [Times: user=0.05 sys=0.00, real=0.05 secs] 
2021-01-22T21:00:08.779-0800: 57.347: [GC (Allocation Failure) 2021-01-22T21:00:08.779-0800: 57.347: [DefNew: 279616K->34943K(314560K), 0.0123013 secs] 695848K->509158K(1013632K), 0.0123924 secs] [Times: user=0.01 sys=0.00, real=0.02 secs] 
2021-01-22T21:00:08.823-0800: 57.390: [GC (Allocation Failure) 2021-01-22T21:00:08.823-0800: 57.391: [DefNew: 314559K->34944K(314560K), 0.0152687 secs] 788774K->592018K(1013632K), 0.0153626 secs] [Times: user=0.02 sys=0.00, real=0.01 secs] 
2021-01-22T21:00:08.869-0800: 57.437: [GC (Allocation Failure) 2021-01-22T21:00:08.869-0800: 57.437: [DefNew: 314560K->34943K(314560K), 0.0152090 secs] 871634K->674179K(1013632K), 0.0152946 secs] [Times: user=0.01 sys=0.00, real=0.02 secs] 
2021-01-22T21:00:08.916-0800: 57.483: [GC (Allocation Failure) 2021-01-22T21:00:08.916-0800: 57.483: [DefNew: 314559K->314559K(314560K), 0.0000293 secs]2021-01-22T21:00:08.916-0800: 57.483: [Tenured: 639235K->397431K(699072K), 0.0481917 secs] 953795K->397431K(1013632K), [Metaspace: 2698K->2698K(1056768K)], 0.0483394 secs] [Times: user=0.05 sys=0.00, real=0.05 secs] 
2021-01-22T21:00:08.995-0800: 57.563: [GC (Allocation Failure) 2021-01-22T21:00:08.996-0800: 57.563: [DefNew: 279616K->34943K(314560K), 0.0124080 secs] 677047K->481342K(1013632K), 0.0125027 secs] [Times: user=0.02 sys=0.00, real=0.01 secs] 
2021-01-22T21:00:09.045-0800: 57.612: [GC (Allocation Failure) 2021-01-22T21:00:09.045-0800: 57.612: [DefNew: 314559K->34943K(314560K), 0.0133390 secs] 760958K->552147K(1013632K), 0.0134265 secs] [Times: user=0.02 sys=0.00, real=0.01 secs] 
2021-01-22T21:00:09.088-0800: 57.656: [GC (Allocation Failure) 2021-01-22T21:00:09.089-0800: 57.656: [DefNew: 314559K->34943K(314560K), 0.0137579 secs] 831763K->626965K(1013632K), 0.0138442 secs] [Times: user=0.01 sys=0.00, real=0.02 secs] 
2021-01-22T21:00:09.154-0800: 57.722: [GC (Allocation Failure) 2021-01-22T21:00:09.155-0800: 57.723: [DefNew: 314559K->314559K(314560K), 0.0000293 secs]2021-01-22T21:00:09.155-0800: 57.723: [Tenured: 592022K->368288K(699072K), 0.0931569 secs] 906581K->368288K(1013632K), [Metaspace: 2698K->2698K(1056768K)], 0.0947188 secs] [Times: user=0.06 sys=0.00, real=0.09 secs] 
2021-01-22T21:00:09.328-0800: 57.896: [GC (Allocation Failure) 2021-01-22T21:00:09.328-0800: 57.896: [DefNew: 279523K->34943K(314560K), 0.0117748 secs] 647812K->449603K(1013632K), 0.0119131 secs] [Times: user=0.01 sys=0.00, real=0.02 secs] 
2021-01-22T21:00:09.377-0800: 57.944: [GC (Allocation Failure) 2021-01-22T21:00:09.377-0800: 57.944: [DefNew: 314559K->34942K(314560K), 0.0154974 secs] 729219K->529942K(1013632K), 0.0155895 secs] [Times: user=0.01 sys=0.00, real=0.02 secs] 
2021-01-22T21:00:09.424-0800: 57.992: [GC (Allocation Failure) 2021-01-22T21:00:09.424-0800: 57.992: [DefNew: 314558K->34943K(314560K), 0.0142166 secs] 809558K->610707K(1013632K), 0.0143056 secs] [Times: user=0.01 sys=0.00, real=0.01 secs] 
2021-01-22T21:00:09.470-0800: 58.038: [GC (Allocation Failure) 2021-01-22T21:00:09.470-0800: 58.038: [DefNew: 314449K->34943K(314560K), 0.0143173 secs] 890214K->685984K(1013632K), 0.0144245 secs] [Times: user=0.01 sys=0.00, real=0.01 secs] 
2021-01-22T21:00:09.520-0800: 58.088: [GC (Allocation Failure) 2021-01-22T21:00:09.520-0800: 58.088: [DefNew: 314294K->314294K(314560K), 0.0000195 secs]2021-01-22T21:00:09.520-0800: 58.088: [Tenured: 651040K->411231K(699072K), 0.0481911 secs] 965335K->411231K(1013632K), [Metaspace: 2698K->2698K(1056768K)], 0.0483118 secs] [Times: user=0.05 sys=0.00, real=0.04 secs] 
2021-01-22T21:00:09.598-0800: 58.165: [GC (Allocation Failure) 2021-01-22T21:00:09.598-0800: 58.165: [DefNew: 279616K->34943K(314560K), 0.0120583 secs] 690847K->507698K(1013632K), 0.0121532 secs] [Times: user=0.01 sys=0.00, real=0.02 secs] 
2021-01-22T21:00:09.640-0800: 58.208: [GC (Allocation Failure) 2021-01-22T21:00:09.640-0800: 58.208: [DefNew: 314559K->34942K(314560K), 0.0132799 secs] 787314K->580671K(1013632K), 0.0133698 secs] [Times: user=0.01 sys=0.00, real=0.01 secs] 
2021-01-22T21:00:09.684-0800: 58.252: [GC (Allocation Failure) 2021-01-22T21:00:09.684-0800: 58.252: [DefNew: 314558K->34942K(314560K), 0.0137642 secs] 860287K->654604K(1013632K), 0.0138616 secs] [Times: user=0.01 sys=0.00, real=0.01 secs] 
2021-01-22T21:00:09.728-0800: 58.296: [GC (Allocation Failure) 2021-01-22T21:00:09.728-0800: 58.296: [DefNew: 314558K->314558K(314560K), 0.0000203 secs]2021-01-22T21:00:09.728-0800: 58.296: [Tenured: 619661K->406704K(699072K), 0.0457379 secs] 934220K->406704K(1013632K), [Metaspace: 2698K->2698K(1056768K)], 0.0458704 secs] [Times: user=0.05 sys=0.00, real=0.05 secs] 
2021-01-22T21:00:09.805-0800: 58.373: [GC (Allocation Failure) 2021-01-22T21:00:09.805-0800: 58.373: [DefNew: 279616K->34943K(314560K), 0.0111342 secs] 686320K->496778K(1013632K), 0.0112260 secs] [Times: user=0.01 sys=0.00, real=0.01 secs] 
2021-01-22T21:00:09.847-0800: 58.414: [GC (Allocation Failure) 2021-01-22T21:00:09.847-0800: 58.414: [DefNew: 314559K->34943K(314560K), 0.0129503 secs] 776394K->568381K(1013632K), 0.0130464 secs] [Times: user=0.01 sys=0.00, real=0.02 secs] 
2021-01-22T21:00:09.889-0800: 58.457: [GC (Allocation Failure) 2021-01-22T21:00:09.889-0800: 58.457: [DefNew: 314559K->34943K(314560K), 0.0142178 secs] 847997K->644806K(1013632K), 0.0143042 secs] [Times: user=0.02 sys=0.00, real=0.02 secs] 
2021-01-22T21:00:09.934-0800: 58.502: [GC (Allocation Failure) 2021-01-22T21:00:09.934-0800: 58.502: [DefNew: 314559K->314559K(314560K), 0.0000195 secs]2021-01-22T21:00:09.934-0800: 58.502: [Tenured: 609862K->405656K(699072K), 0.0467952 secs] 924422K->405656K(1013632K), [Metaspace: 2698K->2698K(1056768K)], 0.0469218 secs] [Times: user=0.04 sys=0.00, real=0.05 secs] 
2021-01-22T21:00:10.012-0800: 58.579: [GC (Allocation Failure) 2021-01-22T21:00:10.012-0800: 58.579: [DefNew: 279616K->34943K(314560K), 0.0111373 secs] 685272K->491006K(1013632K), 0.0112297 secs] [Times: user=0.01 sys=0.00, real=0.01 secs] 
2021-01-22T21:00:10.052-0800: 58.620: [GC (Allocation Failure) 2021-01-22T21:00:10.052-0800: 58.620: [DefNew: 314559K->34943K(314560K), 0.0137591 secs] 770622K->568396K(1013632K), 0.0138484 secs] [Times: user=0.01 sys=0.00, real=0.01 secs] 
2021-01-22T21:00:10.096-0800: 58.663: [GC (Allocation Failure) 2021-01-22T21:00:10.096-0800: 58.663: [DefNew: 314559K->34944K(314560K), 0.0141903 secs] 848012K->649130K(1013632K), 0.0142814 secs] [Times: user=0.01 sys=0.00, real=0.02 secs] 
2021-01-22T21:00:10.139-0800: 58.707: [GC (Allocation Failure) 2021-01-22T21:00:10.139-0800: 58.707: [DefNew: 314560K->314560K(314560K), 0.0000203 secs]2021-01-22T21:00:10.140-0800: 58.707: [Tenured: 614186K->366724K(699072K), 0.0456034 secs] 928746K->366724K(1013632K), [Metaspace: 2698K->2698K(1056768K)], 0.0457271 secs] [Times: user=0.05 sys=0.00, real=0.05 secs] 
2021-01-22T21:00:10.215-0800: 58.783: [GC (Allocation Failure) 2021-01-22T21:00:10.215-0800: 58.783: [DefNew: 279616K->34943K(314560K), 0.0110612 secs] 646340K->456975K(1013632K), 0.0111430 secs] [Times: user=0.01 sys=0.00, real=0.01 secs] 
2021-01-22T21:00:10.257-0800: 58.824: [GC (Allocation Failure) 2021-01-22T21:00:10.257-0800: 58.824: [DefNew: 314559K->34944K(314560K), 0.0135998 secs] 736591K->536018K(1013632K), 0.0136860 secs] [Times: user=0.01 sys=0.00, real=0.02 secs] 
2021-01-22T21:00:10.300-0800: 58.868: [GC (Allocation Failure) 2021-01-22T21:00:10.300-0800: 58.868: [DefNew: 314560K->34943K(314560K), 0.0134502 secs] 815634K->609456K(1013632K), 0.0135599 secs] [Times: user=0.02 sys=0.00, real=0.01 secs] 
2021-01-22T21:00:10.343-0800: 58.911: [GC (Allocation Failure) 2021-01-22T21:00:10.343-0800: 58.911: [DefNew: 314559K->34944K(314560K), 0.0144075 secs] 889072K->691941K(1013632K), 0.0144959 secs] [Times: user=0.02 sys=0.00, real=0.01 secs] 
2021-01-22T21:00:10.386-0800: 58.954: [GC (Allocation Failure) 2021-01-22T21:00:10.386-0800: 58.954: [DefNew: 314560K->314560K(314560K), 0.0000199 secs]2021-01-22T21:00:10.386-0800: 58.954: [Tenured: 656997K->414634K(699072K), 0.0461032 secs] 971557K->414634K(1013632K), [Metaspace: 2698K->2698K(1056768K)], 0.0462321 secs] [Times: user=0.04 sys=0.00, real=0.05 secs] 
2021-01-22T21:00:10.463-0800: 59.031: [GC (Allocation Failure) 2021-01-22T21:00:10.463-0800: 59.031: [DefNew: 279616K->34943K(314560K), 0.0109611 secs] 694250K->504209K(1013632K), 0.0110544 secs] [Times: user=0.02 sys=0.00, real=0.01 secs] 
2021-01-22T21:00:10.504-0800: 59.072: [GC (Allocation Failure) 2021-01-22T21:00:10.504-0800: 59.072: [DefNew: 314559K->34943K(314560K), 0.0134877 secs] 783825K->579302K(1013632K), 0.0135771 secs] [Times: user=0.01 sys=0.00, real=0.01 secs] 
2021-01-22T21:00:10.546-0800: 59.114: [GC (Allocation Failure) 2021-01-22T21:00:10.546-0800: 59.114: [DefNew: 314559K->34944K(314560K), 0.0141842 secs] 858918K->659108K(1013632K), 0.0142751 secs] [Times: user=0.01 sys=0.00, real=0.02 secs] 
2021-01-22T21:00:10.590-0800: 59.158: [GC (Allocation Failure) 2021-01-22T21:00:10.590-0800: 59.158: [DefNew: 313911K->313911K(314560K), 0.0000186 secs]2021-01-22T21:00:10.590-0800: 59.158: [Tenured: 624164K->416624K(699072K), 0.0473311 secs] 938076K->416624K(1013632K), [Metaspace: 2698K->2698K(1056768K)], 0.0474519 secs] [Times: user=0.05 sys=0.00, real=0.04 secs] 
2021-01-22T21:00:10.668-0800: 59.236: [GC (Allocation Failure) 2021-01-22T21:00:10.668-0800: 59.236: [DefNew: 279616K->34943K(314560K), 0.0111634 secs] 696240K->508303K(1013632K), 0.0112512 secs] [Times: user=0.01 sys=0.00, real=0.01 secs] 
2021-01-22T21:00:10.710-0800: 59.278: [GC (Allocation Failure) 2021-01-22T21:00:10.710-0800: 59.278: [DefNew: 314559K->34943K(314560K), 0.0147794 secs] 787919K->589532K(1013632K), 0.0148748 secs] [Times: user=0.01 sys=0.00, real=0.01 secs] 
2021-01-22T21:00:10.754-0800: 59.322: [GC (Allocation Failure) 2021-01-22T21:00:10.754-0800: 59.322: [DefNew: 314559K->34944K(314560K), 0.0138495 secs] 869148K->668845K(1013632K), 0.0139357 secs] [Times: user=0.02 sys=0.00, real=0.01 secs] 
2021-01-22T21:00:10.797-0800: 59.365: [GC (Allocation Failure) 2021-01-22T21:00:10.797-0800: 59.365: [DefNew: 314560K->314560K(314560K), 0.0000242 secs]2021-01-22T21:00:10.797-0800: 59.365: [Tenured: 633901K->395376K(699072K), 0.0476614 secs] 948461K->395376K(1013632K), [Metaspace: 2698K->2698K(1056768K)], 0.0478009 secs] [Times: user=0.04 sys=0.00, real=0.05 secs] 
2021-01-22T21:00:10.875-0800: 59.443: [GC (Allocation Failure) 2021-01-22T21:00:10.875-0800: 59.443: [DefNew: 279616K->34943K(314560K), 0.0103747 secs] 674992K->478790K(1013632K), 0.0104599 secs] [Times: user=0.01 sys=0.00, real=0.01 secs] 
2021-01-22T21:00:10.916-0800: 59.483: [GC (Allocation Failure) 2021-01-22T21:00:10.916-0800: 59.483: [DefNew: 314559K->34943K(314560K), 0.0132169 secs] 758406K->550383K(1013632K), 0.0133054 secs] [Times: user=0.02 sys=0.00, real=0.01 secs] 
2021-01-22T21:00:10.959-0800: 59.527: [GC (Allocation Failure) 2021-01-22T21:00:10.959-0800: 59.527: [DefNew: 314409K->34943K(314560K), 0.0140641 secs] 829849K->628032K(1013632K), 0.0141567 secs] [Times: user=0.01 sys=0.00, real=0.02 secs] 
2021-01-22T21:00:11.006-0800: 59.574: [GC (Allocation Failure) 2021-01-22T21:00:11.006-0800: 59.574: [DefNew: 314098K->34943K(314560K), 0.0131458 secs] 907187K->700914K(1013632K), 0.0132371 secs] [Times: user=0.02 sys=0.00, real=0.02 secs] 
2021-01-22T21:00:11.049-0800: 59.616: [GC (Allocation Failure) 2021-01-22T21:00:11.049-0800: 59.616: [DefNew: 314559K->314559K(314560K), 0.0000200 secs]2021-01-22T21:00:11.049-0800: 59.616: [Tenured: 665971K->373526K(699072K), 0.0467028 secs] 980530K->373526K(1013632K), [Metaspace: 2698K->2698K(1056768K)], 0.0468278 secs] [Times: user=0.04 sys=0.00, real=0.05 secs] 
2021-01-22T21:00:11.127-0800: 59.695: [GC (Allocation Failure) 2021-01-22T21:00:11.127-0800: 59.695: [DefNew: 279616K->34944K(314560K), 0.0113824 secs] 653142K->463143K(1013632K), 0.0114792 secs] [Times: user=0.02 sys=0.00, real=0.01 secs] 
2021-01-22T21:00:11.167-0800: 59.735: [GC (Allocation Failure) 2021-01-22T21:00:11.167-0800: 59.735: [DefNew: 314560K->34943K(314560K), 0.0140148 secs] 742759K->542901K(1013632K), 0.0140973 secs] [Times: user=0.01 sys=0.00, real=0.02 secs] 
2021-01-22T21:00:11.211-0800: 59.779: [GC (Allocation Failure) 2021-01-22T21:00:11.212-0800: 59.779: [DefNew: 314559K->34943K(314560K), 0.0130588 secs] 822517K->616218K(1013632K), 0.0131415 secs] [Times: user=0.01 sys=0.00, real=0.01 secs] 
2021-01-22T21:00:11.253-0800: 59.821: [GC (Allocation Failure) 2021-01-22T21:00:11.253-0800: 59.821: [DefNew: 314559K->34942K(314560K), 0.0146191 secs] 895834K->700261K(1013632K), 0.0147113 secs] [Times: user=0.02 sys=0.00, real=0.01 secs] 
2021-01-22T21:00:11.296-0800: 59.864: [GC (Allocation Failure) 2021-01-22T21:00:11.296-0800: 59.864: [DefNew: 314558K->314558K(314560K), 0.0000195 secs]2021-01-22T21:00:11.296-0800: 59.864: [Tenured: 665318K->420471K(699072K), 0.0464765 secs] 979877K->420471K(1013632K), [Metaspace: 2698K->2698K(1056768K)], 0.0466172 secs] [Times: user=0.05 sys=0.00, real=0.05 secs] 
2021-01-22T21:00:11.373-0800: 59.941: [GC (Allocation Failure) 2021-01-22T21:00:11.373-0800: 59.941: [DefNew: 279616K->34943K(314560K), 0.0102664 secs] 700087K->504474K(1013632K), 0.0103542 secs] [Times: user=0.01 sys=0.00, real=0.01 secs] 
2021-01-22T21:00:11.413-0800: 59.981: [GC (Allocation Failure) 2021-01-22T21:00:11.414-0800: 59.981: [DefNew: 314559K->34944K(314560K), 0.0157875 secs] 784090K->578651K(1013632K), 0.0158682 secs] [Times: user=0.01 sys=0.00, real=0.01 secs] 
2021-01-22T21:00:11.490-0800: 60.058: [GC (Allocation Failure) 2021-01-22T21:00:11.491-0800: 60.058: [DefNew: 314560K->34944K(314560K), 0.0187608 secs] 858267K->655620K(1013632K), 0.0188514 secs] [Times: user=0.01 sys=0.00, real=0.01 secs] 
2021-01-22T21:00:11.551-0800: 60.119: [GC (Allocation Failure) 2021-01-22T21:00:11.551-0800: 60.119: [DefNew: 314560K->314560K(314560K), 0.0000207 secs]2021-01-22T21:00:11.551-0800: 60.119: [Tenured: 620676K->402272K(699072K), 0.0458303 secs] 935236K->402272K(1013632K), [Metaspace: 2698K->2698K(1056768K)], 0.0459608 secs] [Times: user=0.04 sys=0.00, real=0.04 secs] 
2021-01-22T21:00:11.631-0800: 60.199: [GC (Allocation Failure) 2021-01-22T21:00:11.632-0800: 60.199: [DefNew: 279616K->34943K(314560K), 0.0109020 secs] 681888K->491035K(1013632K), 0.0109931 secs] [Times: user=0.01 sys=0.00, real=0.01 secs] 
2021-01-22T21:00:11.672-0800: 60.240: [GC (Allocation Failure) 2021-01-22T21:00:11.672-0800: 60.240: [DefNew: 314559K->34942K(314560K), 0.0129756 secs] 770651K->562318K(1013632K), 0.0130626 secs] [Times: user=0.01 sys=0.00, real=0.01 secs] 
2021-01-22T21:00:11.715-0800: 60.283: [GC (Allocation Failure) 2021-01-22T21:00:11.715-0800: 60.283: [DefNew: 314558K->34943K(314560K), 0.0137720 secs] 841934K->641313K(1013632K), 0.0138526 secs] [Times: user=0.02 sys=0.00, real=0.01 secs] 
2021-01-22T21:00:11.760-0800: 60.328: [GC (Allocation Failure) 2021-01-22T21:00:11.760-0800: 60.328: [DefNew: 314559K->314559K(314560K), 0.0000181 secs]2021-01-22T21:00:11.760-0800: 60.328: [Tenured: 606369K->388984K(699072K), 0.0442432 secs] 920929K->388984K(1013632K), [Metaspace: 2698K->2698K(1056768K)], 0.0443608 secs] [Times: user=0.04 sys=0.00, real=0.04 secs] 
2021-01-22T21:00:11.834-0800: 60.402: [GC (Allocation Failure) 2021-01-22T21:00:11.834-0800: 60.402: [DefNew: 279616K->34943K(314560K), 0.0125065 secs] 668600K->484610K(1013632K), 0.0126109 secs] [Times: user=0.01 sys=0.00, real=0.01 secs] 
2021-01-22T21:00:11.877-0800: 60.445: [GC (Allocation Failure) 2021-01-22T21:00:11.877-0800: 60.445: [DefNew: 314482K->34944K(314560K), 0.0134449 secs] 764149K->559723K(1013632K), 0.0135340 secs] [Times: user=0.02 sys=0.00, real=0.02 secs] 
2021-01-22T21:00:11.918-0800: 60.485: [GC (Allocation Failure) 2021-01-22T21:00:11.918-0800: 60.486: [DefNew: 314560K->34943K(314560K), 0.0151983 secs] 839339K->646599K(1013632K), 0.0152851 secs] [Times: user=0.02 sys=0.00, real=0.02 secs] 
2021-01-22T21:00:11.963-0800: 60.531: [GC (Allocation Failure) 2021-01-22T21:00:11.963-0800: 60.531: [DefNew: 314559K->314559K(314560K), 0.0000208 secs]2021-01-22T21:00:11.963-0800: 60.531: [Tenured: 611655K->368173K(699072K), 0.0456624 secs] 926215K->368173K(1013632K), [Metaspace: 2698K->2698K(1056768K)], 0.0457889 secs] [Times: user=0.04 sys=0.00, real=0.04 secs] 
2021-01-22T21:00:12.041-0800: 60.609: [GC (Allocation Failure) 2021-01-22T21:00:12.041-0800: 60.609: [DefNew: 279616K->34943K(314560K), 0.0105832 secs] 647789K->453945K(1013632K), 0.0106721 secs] [Times: user=0.01 sys=0.00, real=0.01 secs] 
2021-01-22T21:00:12.081-0800: 60.649: [GC (Allocation Failure) 2021-01-22T21:00:12.081-0800: 60.649: [DefNew: 314559K->34944K(314560K), 0.0141047 secs] 733561K->534363K(1013632K), 0.0141899 secs] [Times: user=0.01 sys=0.00, real=0.01 secs] 
2021-01-22T21:00:12.124-0800: 60.691: [GC (Allocation Failure) 2021-01-22T21:00:12.124-0800: 60.691: [DefNew: 314560K->34943K(314560K), 0.0137710 secs] 813979K->612497K(1013632K), 0.0138626 secs] [Times: user=0.01 sys=0.00, real=0.01 secs] 
2021-01-22T21:00:12.167-0800: 60.735: [GC (Allocation Failure) 2021-01-22T21:00:12.167-0800: 60.735: [DefNew: 314559K->34943K(314560K), 0.0135438 secs] 892113K->688250K(1013632K), 0.0136595 secs] [Times: user=0.01 sys=0.00, real=0.02 secs] 
2021-01-22T21:00:12.210-0800: 60.777: [GC (Allocation Failure) 2021-01-22T21:00:12.210-0800: 60.777: [DefNew: 314559K->314559K(314560K), 0.0000194 secs]2021-01-22T21:00:12.210-0800: 60.777: [Tenured: 653306K->410846K(699072K), 0.0458782 secs] 967866K->410846K(1013632K), [Metaspace: 2698K->2698K(1056768K)], 0.0460052 secs] [Times: user=0.05 sys=0.00, real=0.04 secs] 
2021-01-22T21:00:12.285-0800: 60.853: [GC (Allocation Failure) 2021-01-22T21:00:12.285-0800: 60.853: [DefNew: 279616K->34944K(314560K), 0.0108273 secs] 690462K->498076K(1013632K), 0.0109199 secs] [Times: user=0.01 sys=0.00, real=0.01 secs] 
2021-01-22T21:00:12.324-0800: 60.892: [GC (Allocation Failure) 2021-01-22T21:00:12.324-0800: 60.892: [DefNew: 313850K->34944K(314560K), 0.0138388 secs] 776983K->579355K(1013632K), 0.0139350 secs] [Times: user=0.01 sys=0.00, real=0.01 secs] 
2021-01-22T21:00:12.368-0800: 60.935: [GC (Allocation Failure) 2021-01-22T21:00:12.368-0800: 60.935: [DefNew: 314452K->34943K(314560K), 0.0136043 secs] 858864K->655566K(1013632K), 0.0136958 secs] [Times: user=0.01 sys=0.00, real=0.02 secs] 
2021-01-22T21:00:12.411-0800: 60.979: [GC (Allocation Failure) 2021-01-22T21:00:12.411-0800: 60.979: [DefNew: 314559K->314559K(314560K), 0.0000207 secs]2021-01-22T21:00:12.411-0800: 60.979: [Tenured: 620622K->413231K(699072K), 0.0461644 secs] 935182K->413231K(1013632K), [Metaspace: 2698K->2698K(1056768K)], 0.0462961 secs] [Times: user=0.05 sys=0.00, real=0.04 secs] 
2021-01-22T21:00:12.488-0800: 61.056: [GC (Allocation Failure) 2021-01-22T21:00:12.488-0800: 61.056: [DefNew: 279616K->34943K(314560K), 0.0113313 secs] 692847K->502174K(1013632K), 0.0114362 secs] [Times: user=0.01 sys=0.00, real=0.01 secs] 
2021-01-22T21:00:12.530-0800: 61.098: [GC (Allocation Failure) 2021-01-22T21:00:12.530-0800: 61.098: [DefNew: 314559K->34942K(314560K), 0.0166490 secs] 781790K->583006K(1013632K), 0.0167454 secs] [Times: user=0.02 sys=0.00, real=0.01 secs] 
2021-01-22T21:00:12.626-0800: 61.194: [GC (Allocation Failure) 2021-01-22T21:00:12.626-0800: 61.194: [DefNew: 314558K->34941K(314560K), 0.0175368 secs] 862622K->664861K(1013632K), 0.0178086 secs] [Times: user=0.02 sys=0.00, real=0.02 secs] 
2021-01-22T21:00:12.682-0800: 61.250: [GC (Allocation Failure) 2021-01-22T21:00:12.682-0800: 61.250: [DefNew: 314557K->314557K(314560K), 0.0000218 secs]2021-01-22T21:00:12.682-0800: 61.250: [Tenured: 629920K->414472K(699072K), 0.0536469 secs] 944477K->414472K(1013632K), [Metaspace: 2698K->2698K(1056768K)], 0.0537715 secs] [Times: user=0.05 sys=0.00, real=0.05 secs] 
2021-01-22T21:00:12.767-0800: 61.335: [GC (Allocation Failure) 2021-01-22T21:00:12.767-0800: 61.335: [DefNew: 279002K->34943K(314560K), 0.0123200 secs] 693475K->506612K(1013632K), 0.0123982 secs] [Times: user=0.02 sys=0.00, real=0.01 secs] 
2021-01-22T21:00:12.810-0800: 61.378: [GC (Allocation Failure) 2021-01-22T21:00:12.810-0800: 61.378: [DefNew: 314185K->34942K(314560K), 0.0164236 secs] 785854K->591897K(1013632K), 0.0165190 secs] [Times: user=0.02 sys=0.00, real=0.01 secs] 
2021-01-22T21:00:12.859-0800: 61.427: [GC (Allocation Failure) 2021-01-22T21:00:12.859-0800: 61.427: [DefNew: 314558K->34943K(314560K), 0.0141400 secs] 871513K->664251K(1013632K), 0.0142186 secs] [Times: user=0.02 sys=0.00, real=0.02 secs] 
2021-01-22T21:00:12.904-0800: 61.472: [GC (Allocation Failure) 2021-01-22T21:00:12.905-0800: 61.472: [DefNew: 314559K->314559K(314560K), 0.0000214 secs]2021-01-22T21:00:12.905-0800: 61.472: [Tenured: 629307K->374922K(699072K), 0.0506184 secs] 943867K->374922K(1013632K), [Metaspace: 2698K->2698K(1056768K)], 0.0507307 secs] [Times: user=0.04 sys=0.00, real=0.05 secs] 
2021-01-22T21:00:12.987-0800: 61.555: [GC (Allocation Failure) 2021-01-22T21:00:12.987-0800: 61.555: [DefNew: 279616K->34944K(314560K), 0.0121309 secs] 654538K->464335K(1013632K), 0.0122285 secs] [Times: user=0.02 sys=0.00, real=0.01 secs] 
2021-01-22T21:00:13.030-0800: 61.598: [GC (Allocation Failure) 2021-01-22T21:00:13.030-0800: 61.598: [DefNew: 314560K->34943K(314560K), 0.0150470 secs] 743951K->543658K(1013632K), 0.0151268 secs] [Times: user=0.02 sys=0.00, real=0.01 secs] 
2021-01-22T21:00:13.075-0800: 61.643: [GC (Allocation Failure) 2021-01-22T21:00:13.075-0800: 61.643: [DefNew: 314559K->34943K(314560K), 0.0138793 secs] 823274K->621704K(1013632K), 0.0139717 secs] [Times: user=0.01 sys=0.00, real=0.01 secs] 
2021-01-22T21:00:13.119-0800: 61.686: [GC (Allocation Failure) 2021-01-22T21:00:13.119-0800: 61.687: [DefNew: 314559K->34944K(314560K), 0.0147103 secs] 901320K->705787K(1013632K), 0.0147988 secs] [Times: user=0.02 sys=0.00, real=0.02 secs] 
2021-01-22T21:00:13.164-0800: 61.732: [GC (Allocation Failure) 2021-01-22T21:00:13.164-0800: 61.732: [DefNew: 314560K->314560K(314560K), 0.0000237 secs]2021-01-22T21:00:13.164-0800: 61.732: [Tenured: 670843K->408151K(699072K), 0.0447193 secs] 985403K->408151K(1013632K), [Metaspace: 2698K->2698K(1056768K)], 0.0448591 secs] [Times: user=0.04 sys=0.00, real=0.04 secs] 
2021-01-22T21:00:13.239-0800: 61.807: [GC (Allocation Failure) 2021-01-22T21:00:13.239-0800: 61.807: [DefNew: 279616K->34943K(314560K), 0.0118969 secs] 687767K->504581K(1013632K), 0.0119962 secs] [Times: user=0.01 sys=0.00, real=0.02 secs] 
2021-01-22T21:00:13.280-0800: 61.848: [GC (Allocation Failure) 2021-01-22T21:00:13.280-0800: 61.848: [DefNew: 314559K->34944K(314560K), 0.0134782 secs] 784197K->580767K(1013632K), 0.0135701 secs] [Times: user=0.02 sys=0.00, real=0.01 secs] 
2021-01-22T21:00:13.323-0800: 61.891: [GC (Allocation Failure) 2021-01-22T21:00:13.323-0800: 61.891: [DefNew: 314560K->34943K(314560K), 0.0134054 secs] 860383K->656182K(1013632K), 0.0135038 secs] [Times: user=0.01 sys=0.00, real=0.01 secs] 
2021-01-22T21:00:13.366-0800: 61.934: [GC (Allocation Failure) 2021-01-22T21:00:13.367-0800: 61.934: [DefNew: 314559K->314559K(314560K), 0.0000227 secs]2021-01-22T21:00:13.367-0800: 61.934: [Tenured: 621238K->409094K(699072K), 0.0458788 secs] 935798K->409094K(1013632K), [Metaspace: 2698K->2698K(1056768K)], 0.0460185 secs] [Times: user=0.04 sys=0.00, real=0.05 secs] 
2021-01-22T21:00:13.444-0800: 62.012: [GC (Allocation Failure) 2021-01-22T21:00:13.444-0800: 62.012: [DefNew: 279405K->34940K(314560K), 0.0107053 secs] 688500K->496259K(1013632K), 0.0107965 secs] [Times: user=0.01 sys=0.00, real=0.01 secs] 
2021-01-22T21:00:13.485-0800: 62.053: [GC (Allocation Failure) 2021-01-22T21:00:13.485-0800: 62.053: [DefNew: 314556K->34944K(314560K), 0.0151516 secs] 775875K->578510K(1013632K), 0.0152397 secs] [Times: user=0.01 sys=0.00, real=0.02 secs] 
2021-01-22T21:00:13.531-0800: 62.099: [GC (Allocation Failure) 2021-01-22T21:00:13.531-0800: 62.099: [DefNew: 314560K->34942K(314560K), 0.0148002 secs] 858126K->659933K(1013632K), 0.0149041 secs] [Times: user=0.02 sys=0.00, real=0.01 secs] 
2021-01-22T21:00:13.576-0800: 62.143: [GC (Allocation Failure) 2021-01-22T21:00:13.576-0800: 62.144: [DefNew: 314558K->314558K(314560K), 0.0000347 secs]2021-01-22T21:00:13.576-0800: 62.144: [Tenured: 624990K->413612K(699072K), 0.0471719 secs] 939549K->413612K(1013632K), [Metaspace: 2698K->2698K(1056768K)], 0.0473532 secs] [Times: user=0.04 sys=0.00, real=0.05 secs] 
2021-01-22T21:00:13.654-0800: 62.222: [GC (Allocation Failure) 2021-01-22T21:00:13.654-0800: 62.222: [DefNew: 279616K->34943K(314560K), 0.0103864 secs] 693228K->496663K(1013632K), 0.0104814 secs] [Times: user=0.02 sys=0.00, real=0.01 secs] 
2021-01-22T21:00:13.696-0800: 62.263: [GC (Allocation Failure) 2021-01-22T21:00:13.696-0800: 62.263: [DefNew: 314559K->34943K(314560K), 0.0131131 secs] 776279K->569495K(1013632K), 0.0132020 secs] [Times: user=0.01 sys=0.00, real=0.01 secs] 
2021-01-22T21:00:13.738-0800: 62.306: [GC (Allocation Failure) 2021-01-22T21:00:13.738-0800: 62.306: [DefNew: 314559K->34943K(314560K), 0.0153271 secs] 849111K->661048K(1013632K), 0.0154351 secs] [Times: user=0.01 sys=0.00, real=0.02 secs] 
2021-01-22T21:00:13.781-0800: 62.348: [GC (Allocation Failure) 2021-01-22T21:00:13.781-0800: 62.348: [DefNew: 314559K->314559K(314560K), 0.0000198 secs]2021-01-22T21:00:13.781-0800: 62.348: [Tenured: 626104K->380880K(699072K), 0.0469254 secs] 940664K->380880K(1013632K), [Metaspace: 2698K->2698K(1056768K)], 0.0470522 secs] [Times: user=0.05 sys=0.00, real=0.04 secs] 
2021-01-22T21:00:13.858-0800: 62.426: [GC (Allocation Failure) 2021-01-22T21:00:13.858-0800: 62.426: [DefNew: 279616K->34943K(314560K), 0.0099490 secs] 660496K->460944K(1013632K), 0.0100424 secs] [Times: user=0.01 sys=0.00, real=0.01 secs] 
2021-01-22T21:00:13.897-0800: 62.465: [GC (Allocation Failure) 2021-01-22T21:00:13.897-0800: 62.465: [DefNew: 314559K->34943K(314560K), 0.0138909 secs] 740560K->538392K(1013632K), 0.0139910 secs] [Times: user=0.01 sys=0.00, real=0.02 secs] 
2021-01-22T21:00:13.942-0800: 62.510: [GC (Allocation Failure) 2021-01-22T21:00:13.942-0800: 62.510: [DefNew: 314559K->34943K(314560K), 0.0151599 secs] 818008K->620518K(1013632K), 0.0152581 secs] [Times: user=0.02 sys=0.00, real=0.01 secs] 
2021-01-22T21:00:13.988-0800: 62.556: [GC (Allocation Failure) 2021-01-22T21:00:13.988-0800: 62.556: [DefNew: 314394K->34944K(314560K), 0.0147810 secs] 899969K->700380K(1013632K), 0.0148701 secs] [Times: user=0.01 sys=0.00, real=0.02 secs] 
2021-01-22T21:00:14.034-0800: 62.602: [GC (Allocation Failure) 2021-01-22T21:00:14.034-0800: 62.602: [DefNew: 314512K->314512K(314560K), 0.0000221 secs]2021-01-22T21:00:14.034-0800: 62.602: [Tenured: 665436K->406803K(699072K), 0.0476775 secs] 979948K->406803K(1013632K), [Metaspace: 2698K->2698K(1056768K)], 0.0478145 secs] [Times: user=0.05 sys=0.00, real=0.05 secs] 
2021-01-22T21:00:14.113-0800: 62.681: [GC (Allocation Failure) 2021-01-22T21:00:14.113-0800: 62.681: [DefNew: 279525K->34944K(314560K), 0.0126050 secs] 686328K->501976K(1013632K), 0.0127013 secs] [Times: user=0.01 sys=0.00, real=0.01 secs] 
2021-01-22T21:00:14.157-0800: 62.725: [GC (Allocation Failure) 2021-01-22T21:00:14.157-0800: 62.725: [DefNew: 314560K->34944K(314560K), 0.0145328 secs] 781592K->580223K(1013632K), 0.0146256 secs] [Times: user=0.02 sys=0.00, real=0.02 secs] 
2021-01-22T21:00:14.202-0800: 62.770: [GC (Allocation Failure) 2021-01-22T21:00:14.202-0800: 62.770: [DefNew: 314560K->34944K(314560K), 0.0152370 secs] 859839K->662606K(1013632K), 0.0153303 secs] [Times: user=0.01 sys=0.00, real=0.01 secs] 
2021-01-22T21:00:14.248-0800: 62.816: [GC (Allocation Failure) 2021-01-22T21:00:14.248-0800: 62.816: [DefNew: 314560K->314560K(314560K), 0.0000215 secs]2021-01-22T21:00:14.248-0800: 62.816: [Tenured: 627662K->414311K(699072K), 0.0485417 secs] 942222K->414311K(1013632K), [Metaspace: 2698K->2698K(1056768K)], 0.0486687 secs] [Times: user=0.05 sys=0.00, real=0.05 secs] 
2021-01-22T21:00:14.328-0800: 62.896: [GC (Allocation Failure) 2021-01-22T21:00:14.328-0800: 62.896: [DefNew: 279419K->34944K(314560K), 0.0111288 secs] 693730K->502426K(1013632K), 0.0112244 secs] [Times: user=0.01 sys=0.00, real=0.01 secs] 
2021-01-22T21:00:14.369-0800: 62.937: [GC (Allocation Failure) 2021-01-22T21:00:14.369-0800: 62.937: [DefNew: 314560K->34944K(314560K), 0.0137451 secs] 782042K->578153K(1013632K), 0.0138423 secs] [Times: user=0.01 sys=0.00, real=0.02 secs] 
2021-01-22T21:00:14.412-0800: 62.980: [GC (Allocation Failure) 2021-01-22T21:00:14.412-0800: 62.980: [DefNew: 314560K->34942K(314560K), 0.0152606 secs] 857769K->665308K(1013632K), 0.0153573 secs] [Times: user=0.02 sys=0.00, real=0.01 secs] 
2021-01-22T21:00:14.457-0800: 63.025: [GC (Allocation Failure) 2021-01-22T21:00:14.457-0800: 63.025: [DefNew: 314558K->314558K(314560K), 0.0000216 secs]2021-01-22T21:00:14.457-0800: 63.025: [Tenured: 630366K->418839K(699072K), 0.0476842 secs] 944924K->418839K(1013632K), [Metaspace: 2698K->2698K(1056768K)], 0.0478145 secs] [Times: user=0.04 sys=0.00, real=0.05 secs] 
2021-01-22T21:00:14.538-0800: 63.105: [GC (Allocation Failure) 2021-01-22T21:00:14.538-0800: 63.105: [DefNew: 279616K->34943K(314560K), 0.0116435 secs] 698455K->510069K(1013632K), 0.0117372 secs] [Times: user=0.01 sys=0.00, real=0.01 secs] 
2021-01-22T21:00:14.580-0800: 63.148: [GC (Allocation Failure) 2021-01-22T21:00:14.580-0800: 63.148: [DefNew: 314559K->34944K(314560K), 0.0138153 secs] 789685K->585810K(1013632K), 0.0139085 secs] [Times: user=0.01 sys=0.00, real=0.01 secs] 
2021-01-22T21:00:14.626-0800: 63.194: [GC (Allocation Failure) 2021-01-22T21:00:14.626-0800: 63.194: [DefNew: 314560K->34941K(314560K), 0.0140170 secs] 865426K->661897K(1013632K), 0.0141139 secs] [Times: user=0.02 sys=0.00, real=0.02 secs] 
2021-01-22T21:00:14.670-0800: 63.238: [GC (Allocation Failure) 2021-01-22T21:00:14.671-0800: 63.238: [DefNew: 314557K->314557K(314560K), 0.0000208 secs]2021-01-22T21:00:14.671-0800: 63.238: [Tenured: 626956K->357766K(699072K), 0.0446195 secs] 941513K->357766K(1013632K), [Metaspace: 2698K->2698K(1056768K)], 0.0447481 secs] [Times: user=0.04 sys=0.00, real=0.04 secs] 
2021-01-22T21:00:14.747-0800: 63.315: [GC (Allocation Failure) 2021-01-22T21:00:14.747-0800: 63.315: [DefNew: 279616K->34943K(314560K), 0.0111883 secs] 637382K->444087K(1013632K), 0.0112825 secs] [Times: user=0.02 sys=0.00, real=0.01 secs] 
2021-01-22T21:00:14.788-0800: 63.355: [GC (Allocation Failure) 2021-01-22T21:00:14.788-0800: 63.355: [DefNew: 314559K->34943K(314560K), 0.0144913 secs] 723703K->524142K(1013632K), 0.0145869 secs] [Times: user=0.02 sys=0.00, real=0.02 secs] 
2021-01-22T21:00:14.832-0800: 63.400: [GC (Allocation Failure) 2021-01-22T21:00:14.832-0800: 63.400: [DefNew: 314559K->34943K(314560K), 0.0139130 secs] 803758K->597274K(1013632K), 0.0140104 secs] [Times: user=0.01 sys=0.00, real=0.01 secs] 
2021-01-22T21:00:14.878-0800: 63.445: [GC (Allocation Failure) 2021-01-22T21:00:14.878-0800: 63.445: [DefNew: 314559K->34944K(314560K), 0.0154898 secs] 876890K->680905K(1013632K), 0.0155790 secs] [Times: user=0.02 sys=0.00, real=0.02 secs] 
2021-01-22T21:00:14.922-0800: 63.490: [GC (Allocation Failure) 2021-01-22T21:00:14.922-0800: 63.490: [DefNew: 314560K->314560K(314560K), 0.0000229 secs]2021-01-22T21:00:14.922-0800: 63.490: [Tenured: 645961K->408167K(699072K), 0.0464339 secs] 960521K->408167K(1013632K), [Metaspace: 2698K->2698K(1056768K)], 0.0465676 secs] [Times: user=0.04 sys=0.00, real=0.04 secs] 
2021-01-22T21:00:15.000-0800: 63.568: [GC (Allocation Failure) 2021-01-22T21:00:15.000-0800: 63.568: [DefNew: 279616K->34944K(314560K), 0.0125249 secs] 687783K->504625K(1013632K), 0.0126218 secs] [Times: user=0.01 sys=0.00, real=0.01 secs] 
2021-01-22T21:00:15.045-0800: 63.613: [GC (Allocation Failure) 2021-01-22T21:00:15.045-0800: 63.613: [DefNew: 314560K->34943K(314560K), 0.0147952 secs] 784241K->587181K(1013632K), 0.0148902 secs] [Times: user=0.01 sys=0.00, real=0.02 secs] 
2021-01-22T21:00:15.089-0800: 63.657: [GC (Allocation Failure) 2021-01-22T21:00:15.090-0800: 63.657: [DefNew: 314559K->34943K(314560K), 0.0148792 secs] 866797K->669750K(1013632K), 0.0149748 secs] [Times: user=0.02 sys=0.00, real=0.02 secs] 
2021-01-22T21:00:15.134-0800: 63.701: [GC (Allocation Failure) 2021-01-22T21:00:15.134-0800: 63.702: [DefNew: 314559K->314559K(314560K), 0.0000875 secs]2021-01-22T21:00:15.134-0800: 63.702: [Tenured: 634806K->411683K(699072K), 0.0479794 secs] 949366K->411683K(1013632K), [Metaspace: 2698K->2698K(1056768K)], 0.0482266 secs] [Times: user=0.05 sys=0.00, real=0.05 secs] 
2021-01-22T21:00:15.214-0800: 63.782: [GC (Allocation Failure) 2021-01-22T21:00:15.214-0800: 63.782: [DefNew: 279616K->34943K(314560K), 0.0116438 secs] 691299K->499613K(1013632K), 0.0117389 secs] [Times: user=0.01 sys=0.00, real=0.01 secs] 
2021-01-22T21:00:15.256-0800: 63.824: [GC (Allocation Failure) 2021-01-22T21:00:15.256-0800: 63.824: [DefNew: 314559K->34943K(314560K), 0.0153369 secs] 779229K->586699K(1013632K), 0.0154625 secs] [Times: user=0.02 sys=0.00, real=0.02 secs] 
2021-01-22T21:00:15.304-0800: 63.872: [GC (Allocation Failure) 2021-01-22T21:00:15.304-0800: 63.872: [DefNew: 314559K->34942K(314560K), 0.0144797 secs] 866315K->665208K(1013632K), 0.0145804 secs] [Times: user=0.02 sys=0.00, real=0.01 secs] 
2021-01-22T21:00:15.349-0800: 63.917: [GC (Allocation Failure) 2021-01-22T21:00:15.349-0800: 63.917: [DefNew: 314558K->314558K(314560K), 0.0000220 secs]2021-01-22T21:00:15.349-0800: 63.917: [Tenured: 630266K->407999K(699072K), 0.0461250 secs] 944824K->407999K(1013632K), [Metaspace: 2698K->2698K(1056768K)], 0.0462651 secs] [Times: user=0.04 sys=0.00, real=0.05 secs] 
2021-01-22T21:00:15.427-0800: 63.994: [GC (Allocation Failure) 2021-01-22T21:00:15.427-0800: 63.994: [DefNew: 279616K->34943K(314560K), 0.0103333 secs] 687615K->492045K(1013632K), 0.0104307 secs] [Times: user=0.01 sys=0.00, real=0.01 secs] 
2021-01-22T21:00:15.467-0800: 64.035: [GC (Allocation Failure) 2021-01-22T21:00:15.467-0800: 64.035: [DefNew: 314397K->34942K(314560K), 0.0270003 secs] 771498K->570605K(1013632K), 0.0271195 secs] [Times: user=0.02 sys=0.00, real=0.03 secs] 
2021-01-22T21:00:15.540-0800: 64.107: [GC (Allocation Failure) 2021-01-22T21:00:15.540-0800: 64.107: [DefNew: 314558K->34944K(314560K), 0.0273796 secs] 850221K->650566K(1013632K), 0.0274766 secs] [Times: user=0.03 sys=0.00, real=0.02 secs] 
2021-01-22T21:00:15.614-0800: 64.181: [GC (Allocation Failure) 2021-01-22T21:00:15.614-0800: 64.181: [DefNew: 314560K->314560K(314560K), 0.0000215 secs]2021-01-22T21:00:15.614-0800: 64.181: [Tenured: 615622K->372566K(699072K), 0.0481494 secs] 930182K->372566K(1013632K), [Metaspace: 2698K->2698K(1056768K)], 0.0482743 secs] [Times: user=0.05 sys=0.01, real=0.05 secs] 
2021-01-22T21:00:15.691-0800: 64.259: [GC (Allocation Failure) 2021-01-22T21:00:15.691-0800: 64.259: [DefNew: 279616K->34943K(314560K), 0.0114688 secs] 652182K->462970K(1013632K), 0.0115663 secs] [Times: user=0.01 sys=0.00, real=0.01 secs] 
2021-01-22T21:00:15.734-0800: 64.302: [GC (Allocation Failure) 2021-01-22T21:00:15.734-0800: 64.302: [DefNew: 314559K->34943K(314560K), 0.0135276 secs] 742586K->536371K(1013632K), 0.0136204 secs] [Times: user=0.01 sys=0.00, real=0.01 secs] 
2021-01-22T21:00:15.777-0800: 64.345: [GC (Allocation Failure) 2021-01-22T21:00:15.778-0800: 64.345: [DefNew: 314559K->34943K(314560K), 0.0156133 secs] 815987K->619691K(1013632K), 0.0157238 secs] [Times: user=0.02 sys=0.00, real=0.02 secs] 
2021-01-22T21:00:15.823-0800: 64.390: [GC (Allocation Failure) 2021-01-22T21:00:15.823-0800: 64.390: [DefNew: 314559K->34944K(314560K), 0.0165345 secs] 899307K->699645K(1013632K), 0.0166279 secs] [Times: user=0.01 sys=0.00, real=0.01 secs] 
2021-01-22T21:00:15.871-0800: 64.439: [GC (Allocation Failure) 2021-01-22T21:00:15.871-0800: 64.439: [DefNew: 314560K->314560K(314560K), 0.0000215 secs]2021-01-22T21:00:15.871-0800: 64.439: [Tenured: 664701K->398863K(699072K), 0.0480119 secs] 979261K->398863K(1013632K), [Metaspace: 2698K->2698K(1056768K)], 0.0481412 secs] [Times: user=0.05 sys=0.00, real=0.04 secs] 
2021-01-22T21:00:15.951-0800: 64.518: [GC (Allocation Failure) 2021-01-22T21:00:15.951-0800: 64.518: [DefNew: 279616K->34943K(314560K), 0.0115170 secs] 678479K->485600K(1013632K), 0.0116161 secs] [Times: user=0.01 sys=0.00, real=0.01 secs] 
2021-01-22T21:00:15.993-0800: 64.561: [GC (Allocation Failure) 2021-01-22T21:00:15.993-0800: 64.561: [DefNew: 314559K->34943K(314560K), 0.0206881 secs] 765216K->561078K(1013632K), 0.0207884 secs] [Times: user=0.02 sys=0.00, real=0.02 secs] 
2021-01-22T21:00:16.047-0800: 64.614: [GC (Allocation Failure) 2021-01-22T21:00:16.047-0800: 64.614: [DefNew: 314559K->34942K(314560K), 0.0153627 secs] 840694K->643659K(1013632K), 0.0154578 secs] [Times: user=0.02 sys=0.00, real=0.02 secs] 
2021-01-22T21:00:16.091-0800: 64.659: [GC (Allocation Failure) 2021-01-22T21:00:16.091-0800: 64.659: [DefNew: 314558K->314558K(314560K), 0.0000225 secs]2021-01-22T21:00:16.091-0800: 64.659: [Tenured: 608716K->403297K(699072K), 0.0491423 secs] 923275K->403297K(1013632K), [Metaspace: 2698K->2698K(1056768K)], 0.0492758 secs] [Times: user=0.05 sys=0.00, real=0.05 secs] 
2021-01-22T21:00:16.172-0800: 64.740: [GC (Allocation Failure) 2021-01-22T21:00:16.172-0800: 64.740: [DefNew: 279616K->34943K(314560K), 0.0116430 secs] 682913K->493513K(1013632K), 0.0117360 secs] [Times: user=0.01 sys=0.00, real=0.01 secs] 
2021-01-22T21:00:16.213-0800: 64.781: [GC (Allocation Failure) 2021-01-22T21:00:16.213-0800: 64.781: [DefNew: 314559K->34943K(314560K), 0.0146826 secs] 773129K->572589K(1013632K), 0.0147771 secs] [Times: user=0.01 sys=0.00, real=0.01 secs] 
2021-01-22T21:00:16.261-0800: 64.829: [GC (Allocation Failure) 2021-01-22T21:00:16.261-0800: 64.829: [DefNew: 314559K->34943K(314560K), 0.0137498 secs] 852205K->644574K(1013632K), 0.0138413 secs] [Times: user=0.02 sys=0.00, real=0.01 secs] 
2021-01-22T21:00:16.305-0800: 64.872: [GC (Allocation Failure) 2021-01-22T21:00:16.305-0800: 64.872: [DefNew: 314559K->314559K(314560K), 0.0000221 secs]2021-01-22T21:00:16.305-0800: 64.872: [Tenured: 609630K->406641K(699072K), 0.0455173 secs] 924190K->406641K(1013632K), [Metaspace: 2698K->2698K(1056768K)], 0.0456506 secs] [Times: user=0.04 sys=0.00, real=0.05 secs] 
2021-01-22T21:00:16.380-0800: 64.948: [GC (Allocation Failure) 2021-01-22T21:00:16.381-0800: 64.948: [DefNew: 279616K->34943K(314560K), 0.0106223 secs] 686257K->493163K(1013632K), 0.0107167 secs] [Times: user=0.01 sys=0.00, real=0.01 secs] 
2021-01-22T21:00:16.421-0800: 64.988: [GC (Allocation Failure) 2021-01-22T21:00:16.421-0800: 64.989: [DefNew: 314559K->34943K(314560K), 0.0140848 secs] 772779K->571732K(1013632K), 0.0141854 secs] [Times: user=0.02 sys=0.00, real=0.01 secs] 
2021-01-22T21:00:16.464-0800: 65.032: [GC (Allocation Failure) 2021-01-22T21:00:16.464-0800: 65.032: [DefNew: 314559K->34943K(314560K), 0.0140654 secs] 851348K->650351K(1013632K), 0.0141554 secs] [Times: user=0.01 sys=0.00, real=0.01 secs] 
2021-01-22T21:00:16.516-0800: 65.084: [GC (Allocation Failure) 2021-01-22T21:00:16.516-0800: 65.084: [DefNew: 314559K->314559K(314560K), 0.0000393 secs]2021-01-22T21:00:16.516-0800: 65.084: [Tenured: 615407K->365150K(699072K), 0.0485294 secs] 929967K->365150K(1013632K), [Metaspace: 2698K->2698K(1056768K)], 0.0487082 secs] [Times: user=0.04 sys=0.00, real=0.05 secs] 
2021-01-22T21:00:16.600-0800: 65.168: [GC (Allocation Failure) 2021-01-22T21:00:16.600-0800: 65.168: [DefNew: 279616K->34942K(314560K), 0.0126287 secs] 644766K->453673K(1013632K), 0.0127269 secs] [Times: user=0.01 sys=0.00, real=0.01 secs] 
2021-01-22T21:00:16.645-0800: 65.213: [GC (Allocation Failure) 2021-01-22T21:00:16.645-0800: 65.213: [DefNew: 314558K->34942K(314560K), 0.0136561 secs] 733289K->526818K(1013632K), 0.0137540 secs] [Times: user=0.01 sys=0.00, real=0.01 secs] 
2021-01-22T21:00:16.689-0800: 65.257: [GC (Allocation Failure) 2021-01-22T21:00:16.689-0800: 65.257: [DefNew: 314558K->34943K(314560K), 0.0137172 secs] 806434K->603354K(1013632K), 0.0138140 secs] [Times: user=0.02 sys=0.00, real=0.02 secs] 
2021-01-22T21:00:16.732-0800: 65.299: [GC (Allocation Failure) 2021-01-22T21:00:16.732-0800: 65.299: [DefNew: 314559K->34942K(314560K), 0.0135935 secs] 882970K->679180K(1013632K), 0.0136939 secs] [Times: user=0.01 sys=0.00, real=0.01 secs] 
2021-01-22T21:00:16.776-0800: 65.343: [GC (Allocation Failure) 2021-01-22T21:00:16.776-0800: 65.343: [DefNew: 314558K->314558K(314560K), 0.0000218 secs]2021-01-22T21:00:16.776-0800: 65.343: [Tenured: 644237K->407456K(699072K), 0.0455928 secs] 958796K->407456K(1013632K), [Metaspace: 2698K->2698K(1056768K)], 0.0457301 secs] [Times: user=0.05 sys=0.00, real=0.05 secs] 
2021-01-22T21:00:16.851-0800: 65.419: [GC (Allocation Failure) 2021-01-22T21:00:16.851-0800: 65.419: [DefNew: 279616K->34943K(314560K), 0.0106692 secs] 687072K->490363K(1013632K), 0.0107615 secs] [Times: user=0.01 sys=0.00, real=0.01 secs] 
2021-01-22T21:00:16.892-0800: 65.460: [GC (Allocation Failure) 2021-01-22T21:00:16.893-0800: 65.460: [DefNew: 314559K->34943K(314560K), 0.0142809 secs] 769979K->565904K(1013632K), 0.0143775 secs] [Times: user=0.01 sys=0.00, real=0.01 secs] 
2021-01-22T21:00:16.937-0800: 65.505: [GC (Allocation Failure) 2021-01-22T21:00:16.937-0800: 65.505: [DefNew: 314559K->34943K(314560K), 0.0141787 secs] 845520K->643093K(1013632K), 0.0142780 secs] [Times: user=0.01 sys=0.00, real=0.02 secs] 
2021-01-22T21:00:16.982-0800: 65.550: [GC (Allocation Failure) 2021-01-22T21:00:16.982-0800: 65.550: [DefNew: 314559K->314559K(314560K), 0.0000225 secs]2021-01-22T21:00:16.982-0800: 65.550: [Tenured: 608150K->404652K(699072K), 0.0557463 secs] 922709K->404652K(1013632K), [Metaspace: 2698K->2698K(1056768K)], 0.0558864 secs] [Times: user=0.06 sys=0.00, real=0.05 secs] 
2021-01-22T21:00:17.071-0800: 65.638: [GC (Allocation Failure) 2021-01-22T21:00:17.071-0800: 65.638: [DefNew: 279616K->34943K(314560K), 0.0104294 secs] 684268K->489835K(1013632K), 0.0105180 secs] [Times: user=0.01 sys=0.00, real=0.01 secs] 
2021-01-22T21:00:17.111-0800: 65.679: [GC (Allocation Failure) 2021-01-22T21:00:17.111-0800: 65.679: [DefNew: 314559K->34943K(314560K), 0.0137385 secs] 769451K->565448K(1013632K), 0.0138374 secs] [Times: user=0.02 sys=0.00, real=0.01 secs] 
2021-01-22T21:00:17.154-0800: 65.722: [GC (Allocation Failure) 2021-01-22T21:00:17.154-0800: 65.722: [DefNew: 314559K->34943K(314560K), 0.0141832 secs] 845064K->647181K(1013632K), 0.0142915 secs] [Times: user=0.02 sys=0.00, real=0.01 secs] 
2021-01-22T21:00:17.199-0800: 65.767: [GC (Allocation Failure) 2021-01-22T21:00:17.199-0800: 65.767: [DefNew: 314559K->314559K(314560K), 0.0000218 secs]2021-01-22T21:00:17.199-0800: 65.767: [Tenured: 612237K->395311K(699072K), 0.0454543 secs] 926797K->395311K(1013632K), [Metaspace: 2698K->2698K(1056768K)], 0.0455856 secs] [Times: user=0.04 sys=0.00, real=0.05 secs] 
2021-01-22T21:00:17.275-0800: 65.843: [GC (Allocation Failure) 2021-01-22T21:00:17.275-0800: 65.843: [DefNew: 279616K->34943K(314560K), 0.0109512 secs] 674927K->478084K(1013632K), 0.0110484 secs] [Times: user=0.02 sys=0.00, real=0.01 secs] 
2021-01-22T21:00:17.317-0800: 65.885: [GC (Allocation Failure) 2021-01-22T21:00:17.317-0800: 65.885: [DefNew: 314559K->34943K(314560K), 0.0140498 secs] 757700K->552385K(1013632K), 0.0141444 secs] [Times: user=0.01 sys=0.00, real=0.02 secs] 
2021-01-22T21:00:17.361-0800: 65.929: [GC (Allocation Failure) 2021-01-22T21:00:17.361-0800: 65.929: [DefNew: 314559K->34944K(314560K), 0.0154584 secs] 832001K->636849K(1013632K), 0.0155532 secs] [Times: user=0.01 sys=0.00, real=0.01 secs] 
2021-01-22T21:00:17.409-0800: 65.977: [GC (Allocation Failure) 2021-01-22T21:00:17.409-0800: 65.977: [DefNew: 314560K->314560K(314560K), 0.0000223 secs]2021-01-22T21:00:17.409-0800: 65.977: [Tenured: 601905K->376609K(699072K), 0.0498146 secs] 916465K->376609K(1013632K), [Metaspace: 2698K->2698K(1056768K)], 0.0499492 secs] [Times: user=0.04 sys=0.00, real=0.05 secs] 
2021-01-22T21:00:17.492-0800: 66.060: [GC (Allocation Failure) 2021-01-22T21:00:17.492-0800: 66.060: [DefNew: 279616K->34944K(314560K), 0.0167533 secs] 656225K->466100K(1013632K), 0.2456061 secs] [Times: user=0.01 sys=0.01, real=0.24 secs] 
2021-01-22T21:00:17.773-0800: 66.341: [GC (Allocation Failure) 2021-01-22T21:00:17.773-0800: 66.341: [DefNew: 314369K->34943K(314560K), 0.0140482 secs] 745525K->548039K(1013632K), 0.0141383 secs] [Times: user=0.01 sys=0.00, real=0.01 secs] 
2021-01-22T21:00:17.814-0800: 66.382: [GC (Allocation Failure) 2021-01-22T21:00:17.814-0800: 66.382: [DefNew: 314559K->34943K(314560K), 0.0138344 secs] 827655K->630800K(1013632K), 0.0139293 secs] [Times: user=0.01 sys=0.00, real=0.01 secs] 
2021-01-22T21:00:17.858-0800: 66.425: [GC (Allocation Failure) 2021-01-22T21:00:17.858-0800: 66.425: [DefNew: 314559K->314559K(314560K), 0.0000253 secs]2021-01-22T21:00:17.858-0800: 66.425: [Tenured: 595856K->411737K(699072K), 0.0501404 secs] 910416K->411737K(1013632K), [Metaspace: 2698K->2698K(1056768K)], 0.0502967 secs] [Times: user=0.05 sys=0.00, real=0.05 secs] 
2021-01-22T21:00:17.943-0800: 66.510: [GC (Allocation Failure) 2021-01-22T21:00:17.946-0800: 66.513: [DefNew: 279616K->34943K(314560K), 0.0115366 secs] 691353K->493007K(1013632K), 0.0145181 secs] [Times: user=0.01 sys=0.00, real=0.01 secs] 
2021-01-22T21:00:17.991-0800: 66.558: [GC (Allocation Failure) 2021-01-22T21:00:17.991-0800: 66.558: [DefNew: 314559K->34943K(314560K), 0.0197763 secs] 772623K->571276K(1013632K), 0.0199726 secs] [Times: user=0.02 sys=0.00, real=0.02 secs] 
2021-01-22T21:00:18.040-0800: 66.608: [GC (Allocation Failure) 2021-01-22T21:00:18.040-0800: 66.608: [DefNew: 314559K->34943K(314560K), 0.0159543 secs] 850892K->659765K(1013632K), 0.0160510 secs] [Times: user=0.01 sys=0.00, real=0.01 secs] 
2021-01-22T21:00:18.086-0800: 66.654: [GC (Allocation Failure) 2021-01-22T21:00:18.086-0800: 66.654: [DefNew: 314559K->314559K(314560K), 0.0000226 secs]2021-01-22T21:00:18.086-0800: 66.654: [Tenured: 624821K->409920K(699072K), 0.0467713 secs] 939381K->409920K(1013632K), [Metaspace: 2698K->2698K(1056768K)], 0.0469091 secs] [Times: user=0.05 sys=0.00, real=0.05 secs] 
2021-01-22T21:00:18.161-0800: 66.729: [GC (Allocation Failure) 2021-01-22T21:00:18.161-0800: 66.729: [DefNew: 279616K->34943K(314560K), 0.0117825 secs] 689536K->505452K(1013632K), 0.0118788 secs] [Times: user=0.02 sys=0.00, real=0.01 secs] 
2021-01-22T21:00:18.202-0800: 66.769: [GC (Allocation Failure) 2021-01-22T21:00:18.202-0800: 66.769: [DefNew: 314559K->34943K(314560K), 0.0144419 secs] 785068K->590113K(1013632K), 0.0145261 secs] [Times: user=0.01 sys=0.00, real=0.01 secs] 
2021-01-22T21:00:18.246-0800: 66.813: [GC (Allocation Failure) 2021-01-22T21:00:18.246-0800: 66.813: [DefNew: 314374K->34943K(314560K), 0.0141561 secs] 869544K->667023K(1013632K), 0.0142505 secs] [Times: user=0.01 sys=0.00, real=0.02 secs] 
2021-01-22T21:00:18.290-0800: 66.858: [GC (Allocation Failure) 2021-01-22T21:00:18.290-0800: 66.858: [DefNew: 314559K->314559K(314560K), 0.0000227 secs]2021-01-22T21:00:18.290-0800: 66.858: [Tenured: 632079K->411932K(699072K), 0.0474616 secs] 946639K->411932K(1013632K), [Metaspace: 2698K->2698K(1056768K)], 0.0475992 secs] [Times: user=0.05 sys=0.00, real=0.04 secs] 
2021-01-22T21:00:18.368-0800: 66.936: [GC (Allocation Failure) 2021-01-22T21:00:18.368-0800: 66.936: [DefNew: 279616K->34944K(314560K), 0.0118921 secs] 691548K->509198K(1013632K), 0.0119861 secs] [Times: user=0.01 sys=0.00, real=0.02 secs] 
2021-01-22T21:00:18.409-0800: 66.977: [GC (Allocation Failure) 2021-01-22T21:00:18.409-0800: 66.977: [DefNew: 314560K->34944K(314560K), 0.0141481 secs] 788814K->586788K(1013632K), 0.0142411 secs] [Times: user=0.01 sys=0.00, real=0.02 secs] 
2021-01-22T21:00:18.455-0800: 67.023: [GC (Allocation Failure) 2021-01-22T21:00:18.455-0800: 67.023: [DefNew: 314560K->34943K(314560K), 0.0220053 secs] 866404K->667909K(1013632K), 0.0221018 secs] [Times: user=0.02 sys=0.00, real=0.02 secs] 
2021-01-22T21:00:18.545-0800: 67.112: [GC (Allocation Failure) 2021-01-22T21:00:18.545-0800: 67.112: [DefNew: 314559K->314559K(314560K), 0.0000401 secs]2021-01-22T21:00:18.545-0800: 67.113: [Tenured: 632966K->372442K(699072K), 0.0971603 secs] 947525K->372442K(1013632K), [Metaspace: 2698K->2698K(1056768K)], 0.0973326 secs] [Times: user=0.08 sys=0.01, real=0.10 secs] 
2021-01-22T21:00:18.683-0800: 67.251: [GC (Allocation Failure) 2021-01-22T21:00:18.683-0800: 67.251: [DefNew: 279616K->34942K(314560K), 0.0102832 secs] 652058K->456294K(1013632K), 0.0103778 secs] [Times: user=0.01 sys=0.00, real=0.01 secs] 
2021-01-22T21:00:18.724-0800: 67.292: [GC (Allocation Failure) 2021-01-22T21:00:18.724-0800: 67.292: [DefNew: 314558K->34943K(314560K), 0.0135949 secs] 735910K->529785K(1013632K), 0.0136940 secs] [Times: user=0.02 sys=0.00, real=0.01 secs] 
2021-01-22T21:00:18.767-0800: 67.335: [GC (Allocation Failure) 2021-01-22T21:00:18.767-0800: 67.335: [DefNew: 314559K->34943K(314560K), 0.0144848 secs] 809401K->610390K(1013632K), 0.0145815 secs] [Times: user=0.01 sys=0.00, real=0.02 secs] 
2021-01-22T21:00:18.812-0800: 67.380: [GC (Allocation Failure) 2021-01-22T21:00:18.812-0800: 67.380: [DefNew: 314559K->34943K(314560K), 0.0131982 secs] 890006K->683156K(1013632K), 0.0132972 secs] [Times: user=0.01 sys=0.00, real=0.01 secs] 
2021-01-22T21:00:18.854-0800: 67.422: [GC (Allocation Failure) 2021-01-22T21:00:18.855-0800: 67.422: [DefNew: 314353K->314353K(314560K), 0.0000220 secs]2021-01-22T21:00:18.855-0800: 67.422: [Tenured: 648212K->397183K(699072K), 0.0445791 secs] 962565K->397183K(1013632K), [Metaspace: 2698K->2698K(1056768K)], 0.0447104 secs] [Times: user=0.05 sys=0.00, real=0.04 secs] 
2021-01-22T21:00:18.931-0800: 67.499: [GC (Allocation Failure) 2021-01-22T21:00:18.931-0800: 67.499: [DefNew: 279616K->34943K(314560K), 0.0111316 secs] 676799K->489336K(1013632K), 0.0112215 secs] [Times: user=0.01 sys=0.00, real=0.01 secs] 
2021-01-22T21:00:18.973-0800: 67.541: [GC (Allocation Failure) 2021-01-22T21:00:18.973-0800: 67.541: [DefNew: 314559K->34944K(314560K), 0.0141623 secs] 768952K->568456K(1013632K), 0.0142471 secs] [Times: user=0.01 sys=0.00, real=0.01 secs] 
2021-01-22T21:00:19.027-0800: 67.594: [GC (Allocation Failure) 2021-01-22T21:00:19.027-0800: 67.595: [DefNew: 314560K->34943K(314560K), 0.0190867 secs] 848072K->647809K(1013632K), 0.0191979 secs] [Times: user=0.02 sys=0.00, real=0.02 secs] 
2021-01-22T21:00:19.076-0800: 67.644: [GC (Allocation Failure) 2021-01-22T21:00:19.076-0800: 67.644: [DefNew: 314559K->314559K(314560K), 0.0000226 secs]2021-01-22T21:00:19.076-0800: 67.644: [Tenured: 612866K->392452K(699072K), 0.0849491 secs] 927425K->392452K(1013632K), [Metaspace: 2698K->2698K(1056768K)], 0.0850922 secs] [Times: user=0.08 sys=0.00, real=0.09 secs] 
2021-01-22T21:00:19.223-0800: 67.791: [GC (Allocation Failure) 2021-01-22T21:00:19.223-0800: 67.791: [DefNew: 279616K->34943K(314560K), 0.0287234 secs] 672068K->486096K(1013632K), 0.0288261 secs] [Times: user=0.03 sys=0.00, real=0.03 secs] 
2021-01-22T21:00:19.308-0800: 67.876: [GC (Allocation Failure) 2021-01-22T21:00:19.308-0800: 67.876: [DefNew: 314559K->34943K(314560K), 0.0160042 secs] 765712K->577074K(1013632K), 0.0160999 secs] [Times: user=0.01 sys=0.00, real=0.02 secs] 
2021-01-22T21:00:19.354-0800: 67.922: [GC (Allocation Failure) 2021-01-22T21:00:19.354-0800: 67.922: [DefNew: 314559K->34943K(314560K), 0.0145656 secs] 856690K->657530K(1013632K), 0.0146613 secs] [Times: user=0.02 sys=0.00, real=0.01 secs] 
2021-01-22T21:00:19.396-0800: 67.964: [GC (Allocation Failure) 2021-01-22T21:00:19.396-0800: 67.964: [DefNew: 314559K->314559K(314560K), 0.0000219 secs]2021-01-22T21:00:19.396-0800: 67.964: [Tenured: 622586K->409757K(699072K), 0.0470722 secs] 937146K->409757K(1013632K), [Metaspace: 2698K->2698K(1056768K)], 0.0471996 secs] [Times: user=0.04 sys=0.01, real=0.05 secs] 
2021-01-22T21:00:19.474-0800: 68.042: [GC (Allocation Failure) 2021-01-22T21:00:19.474-0800: 68.042: [DefNew: 279616K->34941K(314560K), 0.0110002 secs] 689373K->498486K(1013632K), 0.0110975 secs] [Times: user=0.01 sys=0.00, real=0.01 secs] 
2021-01-22T21:00:19.526-0800: 68.093: [GC (Allocation Failure) 2021-01-22T21:00:19.526-0800: 68.093: [DefNew: 314557K->34943K(314560K), 0.0188260 secs] 778102K->574827K(1013632K), 0.0189211 secs] [Times: user=0.02 sys=0.00, real=0.02 secs] 
2021-01-22T21:00:19.592-0800: 68.160: [GC (Allocation Failure) 2021-01-22T21:00:19.593-0800: 68.160: [DefNew: 314559K->34943K(314560K), 0.0373610 secs] 854443K->661949K(1013632K), 0.0376140 secs] [Times: user=0.03 sys=0.00, real=0.04 secs] 
2021-01-22T21:00:19.693-0800: 68.261: [GC (Allocation Failure) 2021-01-22T21:00:19.693-0800: 68.261: [DefNew: 314328K->314328K(314560K), 0.0000318 secs]2021-01-22T21:00:19.693-0800: 68.261: [Tenured: 627006K->385377K(699072K), 0.0709746 secs] 941335K->385377K(1013632K), [Metaspace: 2698K->2698K(1056768K)], 0.0711329 secs] [Times: user=0.07 sys=0.00, real=0.07 secs] 
2021-01-22T21:00:19.795-0800: 68.362: [GC (Allocation Failure) 2021-01-22T21:00:19.795-0800: 68.362: [DefNew: 279616K->34943K(314560K), 0.0116471 secs] 664993K->478388K(1013632K), 0.0117471 secs] [Times: user=0.01 sys=0.00, real=0.01 secs] 
2021-01-22T21:00:19.836-0800: 68.404: [GC (Allocation Failure) 2021-01-22T21:00:19.836-0800: 68.404: [DefNew: 314559K->34943K(314560K), 0.0144500 secs] 758004K->562407K(1013632K), 0.0145597 secs] [Times: user=0.02 sys=0.00, real=0.02 secs] 
2021-01-22T21:00:19.880-0800: 68.448: [GC (Allocation Failure) 2021-01-22T21:00:19.880-0800: 68.448: [DefNew: 314559K->34943K(314560K), 0.0143784 secs] 842023K->643035K(1013632K), 0.0144756 secs] [Times: user=0.02 sys=0.00, real=0.01 secs] 
2021-01-22T21:00:19.926-0800: 68.493: [GC (Allocation Failure) 2021-01-22T21:00:19.926-0800: 68.493: [DefNew: 314540K->314540K(314560K), 0.0000216 secs]2021-01-22T21:00:19.926-0800: 68.493: [Tenured: 608091K->412509K(699072K), 0.0449437 secs] 922632K->412509K(1013632K), [Metaspace: 2698K->2698K(1056768K)], 0.0450761 secs] [Times: user=0.04 sys=0.00, real=0.05 secs] 
2021-01-22T21:00:20.003-0800: 68.571: [GC (Allocation Failure) 2021-01-22T21:00:20.003-0800: 68.571: [DefNew: 279616K->34943K(314560K), 0.0149845 secs] 692125K->495067K(1013632K), 0.0150768 secs] [Times: user=0.01 sys=0.00, real=0.01 secs] 
2021-01-22T21:00:20.048-0800: 68.616: [GC (Allocation Failure) 2021-01-22T21:00:20.048-0800: 68.616: [DefNew: 314559K->34943K(314560K), 0.0146726 secs] 774683K->575700K(1013632K), 0.0147882 secs] [Times: user=0.02 sys=0.00, real=0.02 secs] 
2021-01-22T21:00:20.091-0800: 68.659: [GC (Allocation Failure) 2021-01-22T21:00:20.091-0800: 68.659: [DefNew: 314559K->34943K(314560K), 0.0145148 secs] 855316K->656739K(1013632K), 0.0146141 secs] [Times: user=0.02 sys=0.00, real=0.01 secs] 
2021-01-22T21:00:20.136-0800: 68.704: [GC (Allocation Failure) 2021-01-22T21:00:20.136-0800: 68.704: [DefNew: 314559K->314559K(314560K), 0.0000212 secs]2021-01-22T21:00:20.136-0800: 68.704: [Tenured: 621795K->400369K(699072K), 0.0456518 secs] 936355K->400369K(1013632K), [Metaspace: 2698K->2698K(1056768K)], 0.0457871 secs] [Times: user=0.04 sys=0.00, real=0.05 secs] 
2021-01-22T21:00:20.212-0800: 68.780: [GC (Allocation Failure) 2021-01-22T21:00:20.212-0800: 68.780: [DefNew: 279616K->34944K(314560K), 0.0114178 secs] 679985K->490752K(1013632K), 0.0115180 secs] [Times: user=0.01 sys=0.00, real=0.01 secs] 
2021-01-22T21:00:20.254-0800: 68.822: [GC (Allocation Failure) 2021-01-22T21:00:20.254-0800: 68.822: [DefNew: 314560K->34943K(314560K), 0.0145154 secs] 770368K->569826K(1013632K), 0.0146083 secs] [Times: user=0.02 sys=0.00, real=0.01 secs] 
2021-01-22T21:00:20.298-0800: 68.866: [GC (Allocation Failure) 2021-01-22T21:00:20.298-0800: 68.866: [DefNew: 314559K->34943K(314560K), 0.0139088 secs] 849442K->646633K(1013632K), 0.0140240 secs] [Times: user=0.01 sys=0.00, real=0.02 secs] 
2021-01-22T21:00:20.367-0800: 68.935: [GC (Allocation Failure) 2021-01-22T21:00:20.367-0800: 68.935: [DefNew: 314559K->314559K(314560K), 0.0000926 secs]2021-01-22T21:00:20.367-0800: 68.935: [Tenured: 611690K->396238K(699072K), 0.0962522 secs] 926249K->396238K(1013632K), [Metaspace: 2698K->2698K(1056768K)], 0.0967444 secs] [Times: user=0.10 sys=0.00, real=0.10 secs] 
2021-01-22T21:00:20.496-0800: 69.064: [GC (Allocation Failure) 2021-01-22T21:00:20.496-0800: 69.064: [DefNew: 279616K->34940K(314560K), 0.0132033 secs] 675854K->480576K(1013632K), 0.0132999 secs] [Times: user=0.01 sys=0.00, real=0.01 secs] 
2021-01-22T21:00:20.543-0800: 69.111: [GC (Allocation Failure) 2021-01-22T21:00:20.543-0800: 69.111: [DefNew: 314556K->34943K(314560K), 0.0159313 secs] 760192K->573828K(1013632K), 0.0160271 secs] [Times: user=0.02 sys=0.00, real=0.01 secs] 
2021-01-22T21:00:20.590-0800: 69.158: [GC (Allocation Failure) 2021-01-22T21:00:20.590-0800: 69.158: [DefNew: 314559K->34943K(314560K), 0.0141288 secs] 853444K->652390K(1013632K), 0.0142306 secs] [Times: user=0.01 sys=0.00, real=0.01 secs] 
2021-01-22T21:00:20.635-0800: 69.202: [GC (Allocation Failure) 2021-01-22T21:00:20.635-0800: 69.203: [DefNew: 314559K->314559K(314560K), 0.0000222 secs]2021-01-22T21:00:20.635-0800: 69.203: [Tenured: 617446K->382914K(699072K), 0.0470086 secs] 932006K->382914K(1013632K), [Metaspace: 2698K->2698K(1056768K)], 0.0471403 secs] [Times: user=0.05 sys=0.00, real=0.05 secs] 
2021-01-22T21:00:20.713-0800: 69.281: [GC (Allocation Failure) 2021-01-22T21:00:20.713-0800: 69.281: [DefNew: 279616K->34943K(314560K), 0.0110388 secs] 662530K->467860K(1013632K), 0.0111281 secs] [Times: user=0.01 sys=0.00, real=0.01 secs] 
2021-01-22T21:00:20.756-0800: 69.323: [GC (Allocation Failure) 2021-01-22T21:00:20.756-0800: 69.324: [DefNew: 314559K->34943K(314560K), 0.0144474 secs] 747476K->548585K(1013632K), 0.0145434 secs] [Times: user=0.02 sys=0.00, real=0.02 secs] 
2021-01-22T21:00:20.817-0800: 69.385: [GC (Allocation Failure) 2021-01-22T21:00:20.817-0800: 69.385: [DefNew: 314348K->34943K(314560K), 0.0262737 secs] 827991K->623270K(1013632K), 0.0263740 secs] [Times: user=0.03 sys=0.00, real=0.03 secs] 
2021-01-22T21:00:20.907-0800: 69.475: [GC (Allocation Failure) 2021-01-22T21:00:20.907-0800: 69.475: [DefNew: 314559K->34943K(314560K), 0.0218023 secs] 902886K->710178K(1013632K), 0.0219969 secs] [Times: user=0.02 sys=0.00, real=0.02 secs] 
2021-01-22T21:00:20.964-0800: 69.532: [GC (Allocation Failure) 2021-01-22T21:00:20.964-0800: 69.532: [DefNew: 314559K->314559K(314560K), 0.0000240 secs]2021-01-22T21:00:20.964-0800: 69.532: [Tenured: 675235K->414793K(699072K), 0.0492725 secs] 989794K->414793K(1013632K), [Metaspace: 2698K->2698K(1056768K)], 0.0494298 secs] [Times: user=0.05 sys=0.00, real=0.05 secs] 
2021-01-22T21:00:21.048-0800: 69.616: [GC (Allocation Failure) 2021-01-22T21:00:21.048-0800: 69.616: [DefNew: 279616K->34944K(314560K), 0.0110812 secs] 694409K->501620K(1013632K), 0.0111717 secs] [Times: user=0.01 sys=0.00, real=0.01 secs] 
2021-01-22T21:00:21.089-0800: 69.657: [GC (Allocation Failure) 2021-01-22T21:00:21.089-0800: 69.657: [DefNew: 314560K->34942K(314560K), 0.0138752 secs] 781236K->579260K(1013632K), 0.0139729 secs] [Times: user=0.01 sys=0.00, real=0.02 secs] 
2021-01-22T21:00:21.134-0800: 69.701: [GC (Allocation Failure) 2021-01-22T21:00:21.134-0800: 69.701: [DefNew: 314513K->34943K(314560K), 0.0142961 secs] 858831K->660339K(1013632K), 0.0143876 secs] [Times: user=0.02 sys=0.00, real=0.01 secs] 
2021-01-22T21:00:21.177-0800: 69.745: [GC (Allocation Failure) 2021-01-22T21:00:21.177-0800: 69.745: [DefNew: 314517K->314517K(314560K), 0.0000225 secs]2021-01-22T21:00:21.177-0800: 69.745: [Tenured: 625395K->403574K(699072K), 0.0465855 secs] 939912K->403574K(1013632K), [Metaspace: 2698K->2698K(1056768K)], 0.0467238 secs] [Times: user=0.05 sys=0.00, real=0.05 secs] 
2021-01-22T21:00:21.256-0800: 69.823: [GC (Allocation Failure) 2021-01-22T21:00:21.256-0800: 69.823: [DefNew: 279616K->34942K(314560K), 0.0109938 secs] 683190K->492057K(1013632K), 0.0110873 secs] [Times: user=0.01 sys=0.00, real=0.01 secs] 
2021-01-22T21:00:21.297-0800: 69.865: [GC (Allocation Failure) 2021-01-22T21:00:21.297-0800: 69.865: [DefNew: 314558K->34943K(314560K), 0.0137315 secs] 771673K->568000K(1013632K), 0.0138321 secs] [Times: user=0.02 sys=0.00, real=0.02 secs] 
2021-01-22T21:00:21.341-0800: 69.909: [GC (Allocation Failure) 2021-01-22T21:00:21.341-0800: 69.909: [DefNew: 314559K->34943K(314560K), 0.0130844 secs] 847616K->638919K(1013632K), 0.0131877 secs] [Times: user=0.01 sys=0.00, real=0.01 secs] 
2021-01-22T21:00:21.384-0800: 69.952: [GC (Allocation Failure) 2021-01-22T21:00:21.384-0800: 69.952: [DefNew: 314559K->314559K(314560K), 0.0000218 secs]2021-01-22T21:00:21.384-0800: 69.952: [Tenured: 603975K->406925K(699072K), 0.0498610 secs] 918535K->406925K(1013632K), [Metaspace: 2698K->2698K(1056768K)], 0.0499935 secs] [Times: user=0.05 sys=0.00, real=0.05 secs] 
2021-01-22T21:00:21.464-0800: 70.032: [GC (Allocation Failure) 2021-01-22T21:00:21.464-0800: 70.032: [DefNew: 279616K->34943K(314560K), 0.0108983 secs] 686541K->492541K(1013632K), 0.0109928 secs] [Times: user=0.01 sys=0.00, real=0.01 secs] 
2021-01-22T21:00:21.508-0800: 70.076: [GC (Allocation Failure) 2021-01-22T21:00:21.508-0800: 70.076: [DefNew: 314559K->34943K(314560K), 0.0221399 secs] 772157K->569051K(1013632K), 0.0222428 secs] [Times: user=0.02 sys=0.00, real=0.03 secs] 
2021-01-22T21:00:21.599-0800: 70.167: [GC (Allocation Failure) 2021-01-22T21:00:21.599-0800: 70.167: [DefNew: 314559K->34943K(314560K), 0.0400498 secs] 848667K->653052K(1013632K), 0.0402470 secs] [Times: user=0.04 sys=0.00, real=0.05 secs] 
2021-01-22T21:00:21.704-0800: 70.272: [GC (Allocation Failure) 2021-01-22T21:00:21.704-0800: 70.272: [DefNew: 314559K->314559K(314560K), 0.0000229 secs]2021-01-22T21:00:21.704-0800: 70.272: [Tenured: 618109K->375315K(699072K), 0.0665657 secs] 932668K->375315K(1013632K), [Metaspace: 2698K->2698K(1056768K)], 0.0668484 secs] [Times: user=0.06 sys=0.00, real=0.07 secs] 
2021-01-22T21:00:21.810-0800: 70.377: [GC (Allocation Failure) 2021-01-22T21:00:21.810-0800: 70.377: [DefNew: 279616K->34943K(314560K), 0.0113222 secs] 654931K->456002K(1013632K), 0.0114156 secs] [Times: user=0.01 sys=0.00, real=0.01 secs] 
2021-01-22T21:00:21.862-0800: 70.430: [GC (Allocation Failure) 2021-01-22T21:00:21.862-0800: 70.430: [DefNew: 314559K->34943K(314560K), 0.0151515 secs] 735618K->537094K(1013632K), 0.0152447 secs] [Times: user=0.02 sys=0.00, real=0.01 secs] 
2021-01-22T21:00:21.909-0800: 70.477: [GC (Allocation Failure) 2021-01-22T21:00:21.909-0800: 70.477: [DefNew: 314559K->34942K(314560K), 0.0223219 secs] 816710K->615664K(1013632K), 0.0225689 secs] [Times: user=0.02 sys=0.00, real=0.03 secs] 
2021-01-22T21:00:21.964-0800: 70.532: [GC (Allocation Failure) 2021-01-22T21:00:21.964-0800: 70.532: [DefNew: 314558K->34944K(314560K), 0.0142116 secs] 895280K->688195K(1013632K), 0.0143825 secs] [Times: user=0.02 sys=0.00, real=0.01 secs] 
2021-01-22T21:00:22.028-0800: 70.596: [GC (Allocation Failure) 2021-01-22T21:00:22.028-0800: 70.596: [DefNew: 314560K->314560K(314560K), 0.0000302 secs]2021-01-22T21:00:22.028-0800: 70.596: [Tenured: 653251K->410560K(699072K), 0.0538856 secs] 967811K->410560K(1013632K), [Metaspace: 2698K->2698K(1056768K)], 0.0540524 secs] [Times: user=0.05 sys=0.00, real=0.06 secs] 
2021-01-22T21:00:22.127-0800: 70.695: [GC (Allocation Failure) 2021-01-22T21:00:22.127-0800: 70.695: [DefNew: 279616K->34944K(314560K), 0.0130668 secs] 690176K->505219K(1013632K), 0.0131898 secs] [Times: user=0.01 sys=0.00, real=0.02 secs] 
2021-01-22T21:00:22.179-0800: 70.747: [GC (Allocation Failure) 2021-01-22T21:00:22.179-0800: 70.747: [DefNew: 314560K->34943K(314560K), 0.0198465 secs] 784835K->583861K(1013632K), 0.0200882 secs] [Times: user=0.02 sys=0.00, real=0.02 secs] 
2021-01-22T21:00:22.231-0800: 70.798: [GC (Allocation Failure) 2021-01-22T21:00:22.231-0800: 70.798: [DefNew: 314559K->34943K(314560K), 0.0160890 secs] 863477K->654634K(1013632K), 0.0162006 secs] [Times: user=0.01 sys=0.00, real=0.01 secs] 
2021-01-22T21:00:22.298-0800: 70.866: [GC (Allocation Failure) 2021-01-22T21:00:22.298-0800: 70.866: [DefNew: 314559K->314559K(314560K), 0.0000375 secs]2021-01-22T21:00:22.298-0800: 70.866: [Tenured: 619690K->405111K(699072K), 0.0671216 secs] 934250K->405111K(1013632K), [Metaspace: 2698K->2698K(1056768K)], 0.0672933 secs] [Times: user=0.07 sys=0.00, real=0.07 secs] 
2021-01-22T21:00:22.416-0800: 70.983: [GC (Allocation Failure) 2021-01-22T21:00:22.416-0800: 70.983: [DefNew: 279602K->34943K(314560K), 0.0127703 secs] 684713K->494457K(1013632K), 0.0128756 secs] [Times: user=0.02 sys=0.00, real=0.01 secs] 
2021-01-22T21:00:22.466-0800: 71.034: [GC (Allocation Failure) 2021-01-22T21:00:22.466-0800: 71.034: [DefNew: 314559K->34943K(314560K), 0.0152142 secs] 774073K->578789K(1013632K), 0.0153066 secs] [Times: user=0.02 sys=0.00, real=0.02 secs] 
2021-01-22T21:00:22.512-0800: 71.079: [GC (Allocation Failure) 2021-01-22T21:00:22.512-0800: 71.079: [DefNew: 314559K->34944K(314560K), 0.0135339 secs] 858405K->653998K(1013632K), 0.0136322 secs] [Times: user=0.01 sys=0.00, real=0.01 secs] 
2021-01-22T21:00:22.555-0800: 71.123: [GC (Allocation Failure) 2021-01-22T21:00:22.555-0800: 71.123: [DefNew: 314560K->314560K(314560K), 0.0000217 secs]2021-01-22T21:00:22.555-0800: 71.123: [Tenured: 619054K->397823K(699072K), 0.0463730 secs] 933614K->397823K(1013632K), [Metaspace: 2698K->2698K(1056768K)], 0.0465440 secs] [Times: user=0.05 sys=0.00, real=0.05 secs] 
2021-01-22T21:00:22.631-0800: 71.199: [GC (Allocation Failure) 2021-01-22T21:00:22.631-0800: 71.199: [DefNew: 279519K->34942K(314560K), 0.0119980 secs] 677343K->493803K(1013632K), 0.0120900 secs] [Times: user=0.01 sys=0.00, real=0.01 secs] 
2021-01-22T21:00:22.673-0800: 71.241: [GC (Allocation Failure) 2021-01-22T21:00:22.673-0800: 71.241: [DefNew: 314558K->34943K(314560K), 0.0135879 secs] 773419K->568868K(1013632K), 0.0136767 secs] [Times: user=0.01 sys=0.00, real=0.01 secs] 
2021-01-22T21:00:22.717-0800: 71.285: [GC (Allocation Failure) 2021-01-22T21:00:22.717-0800: 71.285: [DefNew: 314559K->34943K(314560K), 0.0133740 secs] 848484K->642594K(1013632K), 0.0134676 secs] [Times: user=0.02 sys=0.00, real=0.02 secs] 
2021-01-22T21:00:22.762-0800: 71.329: [GC (Allocation Failure) 2021-01-22T21:00:22.762-0800: 71.329: [DefNew: 314559K->314559K(314560K), 0.0000198 secs]2021-01-22T21:00:22.762-0800: 71.329: [Tenured: 607650K->366823K(699072K), 0.0617769 secs] 922210K->366823K(1013632K), [Metaspace: 2698K->2698K(1056768K)], 0.0620025 secs] [Times: user=0.06 sys=0.01, real=0.06 secs] 
2021-01-22T21:00:22.870-0800: 71.438: [GC (Allocation Failure) 2021-01-22T21:00:22.870-0800: 71.438: [DefNew: 279258K->34943K(314560K), 0.0211218 secs] 646082K->449539K(1013632K), 0.0213179 secs] [Times: user=0.02 sys=0.00, real=0.02 secs] 
2021-01-22T21:00:22.942-0800: 71.510: [GC (Allocation Failure) 2021-01-22T21:00:22.942-0800: 71.510: [DefNew: 314559K->34943K(314560K), 0.0230025 secs] 729155K->522910K(1013632K), 0.0231520 secs] [Times: user=0.02 sys=0.00, real=0.02 secs] 
2021-01-22T21:00:23.017-0800: 71.585: [GC (Allocation Failure) 2021-01-22T21:00:23.017-0800: 71.585: [DefNew: 314559K->34944K(314560K), 0.0242057 secs] 802526K->604304K(1013632K), 0.0244516 secs] [Times: user=0.03 sys=0.00, real=0.03 secs] 
2021-01-22T21:00:23.075-0800: 71.643: [GC (Allocation Failure) 2021-01-22T21:00:23.075-0800: 71.643: [DefNew: 314560K->34943K(314560K), 0.0151345 secs] 883920K->684252K(1013632K), 0.0152205 secs] [Times: user=0.02 sys=0.00, real=0.02 secs] 
2021-01-22T21:00:23.127-0800: 71.695: [GC (Allocation Failure) 2021-01-22T21:00:23.127-0800: 71.695: [DefNew: 314559K->314559K(314560K), 0.0000281 secs]2021-01-22T21:00:23.127-0800: 71.695: [Tenured: 649308K->406751K(699072K), 0.0522568 secs] 963868K->406751K(1013632K), [Metaspace: 2698K->2698K(1056768K)], 0.0524077 secs] [Times: user=0.05 sys=0.00, real=0.05 secs] 
2021-01-22T21:00:23.220-0800: 71.788: [GC (Allocation Failure) 2021-01-22T21:00:23.220-0800: 71.788: [DefNew: 279616K->34943K(314560K), 0.0116280 secs] 686367K->494153K(1013632K), 0.0117145 secs] [Times: user=0.01 sys=0.00, real=0.01 secs] 
2021-01-22T21:00:23.266-0800: 71.834: [GC (Allocation Failure) 2021-01-22T21:00:23.266-0800: 71.834: [DefNew: 314559K->34943K(314560K), 0.0147066 secs] 773769K->567657K(1013632K), 0.0147983 secs] [Times: user=0.01 sys=0.00, real=0.02 secs] 
2021-01-22T21:00:23.317-0800: 71.885: [GC (Allocation Failure) 2021-01-22T21:00:23.317-0800: 71.885: [DefNew: 314559K->34943K(314560K), 0.0146001 secs] 847273K->641026K(1013632K), 0.0146835 secs] [Times: user=0.02 sys=0.00, real=0.02 secs] 
2021-01-22T21:00:23.362-0800: 71.930: [GC (Allocation Failure) 2021-01-22T21:00:23.363-0800: 71.930: [DefNew: 314559K->314559K(314560K), 0.0000366 secs]2021-01-22T21:00:23.363-0800: 71.930: [Tenured: 606082K->406298K(699072K), 0.0491552 secs] 920642K->406298K(1013632K), [Metaspace: 2698K->2698K(1056768K)], 0.0493622 secs] [Times: user=0.05 sys=0.00, real=0.05 secs] 
2021-01-22T21:00:23.443-0800: 72.011: [GC (Allocation Failure) 2021-01-22T21:00:23.443-0800: 72.011: [DefNew: 279616K->34942K(314560K), 0.0112764 secs] 685914K->490379K(1013632K), 0.0113653 secs] [Times: user=0.01 sys=0.00, real=0.01 secs] 
2021-01-22T21:00:23.487-0800: 72.054: [GC (Allocation Failure) 2021-01-22T21:00:23.487-0800: 72.054: [DefNew: 314558K->34943K(314560K), 0.0170505 secs] 769995K->561538K(1013632K), 0.0171399 secs] [Times: user=0.02 sys=0.00, real=0.02 secs] 
2021-01-22T21:00:23.535-0800: 72.103: [GC (Allocation Failure) 2021-01-22T21:00:23.535-0800: 72.103: [DefNew: 314559K->34943K(314560K), 0.0156072 secs] 841154K->643683K(1013632K), 0.0156958 secs] [Times: user=0.01 sys=0.00, real=0.02 secs] 
2021-01-22T21:00:23.581-0800: 72.148: [GC (Allocation Failure) 2021-01-22T21:00:23.581-0800: 72.148: [DefNew: 314133K->314133K(314560K), 0.0000268 secs]2021-01-22T21:00:23.581-0800: 72.148: [Tenured: 608740K->403031K(699072K), 0.0507020 secs] 922873K->403031K(1013632K), [Metaspace: 2698K->2698K(1056768K)], 0.0508463 secs] [Times: user=0.05 sys=0.00, real=0.05 secs] 
2021-01-22T21:00:23.662-0800: 72.230: [GC (Allocation Failure) 2021-01-22T21:00:23.662-0800: 72.230: [DefNew: 279616K->34943K(314560K), 0.0118197 secs] 682647K->493123K(1013632K), 0.0119219 secs] [Times: user=0.01 sys=0.01, real=0.01 secs] 
2021-01-22T21:00:23.705-0800: 72.273: [GC (Allocation Failure) 2021-01-22T21:00:23.705-0800: 72.273: [DefNew: 314559K->34942K(314560K), 0.0144078 secs] 772739K->569206K(1013632K), 0.0144968 secs] [Times: user=0.02 sys=0.00, real=0.01 secs] 
2021-01-22T21:00:23.750-0800: 72.318: [GC (Allocation Failure) 2021-01-22T21:00:23.750-0800: 72.318: [DefNew: 314558K->34942K(314560K), 0.0158059 secs] 848822K->650729K(1013632K), 0.0158973 secs] [Times: user=0.01 sys=0.00, real=0.01 secs] 
2021-01-22T21:00:23.795-0800: 72.363: [GC (Allocation Failure) 2021-01-22T21:00:23.795-0800: 72.363: [DefNew: 314558K->314558K(314560K), 0.0000197 secs]2021-01-22T21:00:23.795-0800: 72.363: [Tenured: 615786K->372581K(699072K), 0.0496713 secs] 930345K->372581K(1013632K), [Metaspace: 2698K->2698K(1056768K)], 0.0497953 secs] [Times: user=0.05 sys=0.00, real=0.05 secs] 
2021-01-22T21:00:23.876-0800: 72.443: [GC (Allocation Failure) 2021-01-22T21:00:23.876-0800: 72.443: [DefNew: 279616K->34944K(314560K), 0.0121948 secs] 652197K->463301K(1013632K), 0.0123035 secs] [Times: user=0.01 sys=0.00, real=0.01 secs] 
2021-01-22T21:00:23.926-0800: 72.493: [GC (Allocation Failure) 2021-01-22T21:00:23.926-0800: 72.493: [DefNew: 314560K->34943K(314560K), 0.0199700 secs] 742917K->541984K(1013632K), 0.0200709 secs] [Times: user=0.02 sys=0.00, real=0.02 secs] 
2021-01-22T21:00:23.979-0800: 72.547: [GC (Allocation Failure) 2021-01-22T21:00:23.979-0800: 72.547: [DefNew: 314559K->34943K(314560K), 0.0157233 secs] 821600K->624223K(1013632K), 0.0158243 secs] [Times: user=0.02 sys=0.00, real=0.02 secs] 
2021-01-22T21:00:24.033-0800: 72.601: [GC (Allocation Failure) 2021-01-22T21:00:24.033-0800: 72.601: [DefNew: 314559K->34943K(314560K), 0.0275311 secs] 903839K->702809K(1013632K), 0.0276102 secs] [Times: user=0.02 sys=0.00, real=0.03 secs] 
2021-01-22T21:00:24.101-0800: 72.669: [GC (Allocation Failure) 2021-01-22T21:00:24.101-0800: 72.669: [DefNew: 314559K->314559K(314560K), 0.0000301 secs]2021-01-22T21:00:24.101-0800: 72.669: [Tenured: 667865K->418766K(699072K), 0.0557607 secs] 982425K->418766K(1013632K), [Metaspace: 2698K->2698K(1056768K)], 0.0559327 secs] [Times: user=0.05 sys=0.00, real=0.05 secs] 
2021-01-22T21:00:24.209-0800: 72.777: [GC (Allocation Failure) 2021-01-22T21:00:24.209-0800: 72.777: [DefNew: 279575K->34943K(314560K), 0.0145326 secs] 698342K->507543K(1013632K), 0.0146084 secs] [Times: user=0.02 sys=0.00, real=0.02 secs] 
2021-01-22T21:00:24.264-0800: 72.831: [GC (Allocation Failure) 2021-01-22T21:00:24.264-0800: 72.832: [DefNew: 314502K->34943K(314560K), 0.0161683 secs] 787101K->586078K(1013632K), 0.0164239 secs] [Times: user=0.01 sys=0.00, real=0.02 secs] 
2021-01-22T21:00:24.380-0800: 72.948: [GC (Allocation Failure) 2021-01-22T21:00:24.380-0800: 72.948: [DefNew: 314559K->34944K(314560K), 0.0415740 secs] 865694K->675675K(1013632K), 0.0418233 secs] [Times: user=0.02 sys=0.00, real=0.04 secs] 
2021-01-22T21:00:24.470-0800: 73.038: [GC (Allocation Failure) 2021-01-22T21:00:24.470-0800: 73.038: [DefNew: 314484K->314484K(314560K), 0.0000242 secs]2021-01-22T21:00:24.470-0800: 73.038: [Tenured: 640731K->415243K(699072K), 0.0660561 secs] 955215K->415243K(1013632K), [Metaspace: 2698K->2698K(1056768K)], 0.0661773 secs] [Times: user=0.06 sys=0.00, real=0.06 secs] 
2021-01-22T21:00:24.616-0800: 73.184: [GC (Allocation Failure) 2021-01-22T21:00:24.616-0800: 73.184: [DefNew: 279616K->34943K(314560K), 0.0137018 secs] 694859K->507659K(1013632K), 0.0138057 secs] [Times: user=0.02 sys=0.00, real=0.02 secs] 
2021-01-22T21:00:24.679-0800: 73.247: [GC (Allocation Failure) 2021-01-22T21:00:24.679-0800: 73.247: [DefNew: 314559K->34943K(314560K), 0.0176743 secs] 787275K->587248K(1013632K), 0.0177785 secs] [Times: user=0.02 sys=0.00, real=0.02 secs] 
2021-01-22T21:00:24.753-0800: 73.321: [GC (Allocation Failure) 2021-01-22T21:00:24.753-0800: 73.321: [DefNew: 314559K->34943K(314560K), 0.0158537 secs] 866864K->665380K(1013632K), 0.0160298 secs] [Times: user=0.01 sys=0.00, real=0.01 secs] 
2021-01-22T21:00:24.818-0800: 73.385: [GC (Allocation Failure) 2021-01-22T21:00:24.818-0800: 73.385: [DefNew: 314559K->314559K(314560K), 0.0000220 secs]2021-01-22T21:00:24.818-0800: 73.385: [Tenured: 630436K->396622K(699072K), 0.0766596 secs] 944996K->396622K(1013632K), [Metaspace: 2698K->2698K(1056768K)], 0.0767821 secs] [Times: user=0.06 sys=0.00, real=0.08 secs] 
2021-01-22T21:00:25.096-0800: 73.664: [GC (Allocation Failure) 2021-01-22T21:00:25.096-0800: 73.664: [DefNew: 279616K->34943K(314560K), 0.0388719 secs] 676238K->492421K(1013632K), 0.0391700 secs] [Times: user=0.03 sys=0.00, real=0.04 secs] 
2021-01-22T21:00:25.226-0800: 73.794: [GC (Allocation Failure) 2021-01-22T21:00:25.226-0800: 73.794: [DefNew: 314559K->34943K(314560K), 0.0161723 secs] 772037K->572275K(1013632K), 0.0162762 secs] [Times: user=0.02 sys=0.00, real=0.02 secs] 
2021-01-22T21:00:25.296-0800: 73.863: [GC (Allocation Failure) 2021-01-22T21:00:25.296-0800: 73.863: [DefNew: 314559K->34943K(314560K), 0.0221703 secs] 851891K->654711K(1013632K), 0.0222740 secs] [Times: user=0.02 sys=0.00, real=0.02 secs] 
2021-01-22T21:00:25.376-0800: 73.944: [GC (Allocation Failure) 2021-01-22T21:00:25.376-0800: 73.944: [DefNew: 314559K->314559K(314560K), 0.0000290 secs]2021-01-22T21:00:25.376-0800: 73.944: [Tenured: 619768K->375648K(699072K), 0.0641109 secs] 934327K->375648K(1013632K), [Metaspace: 2698K->2698K(1056768K)], 0.0642936 secs] [Times: user=0.05 sys=0.00, real=0.07 secs] 
2021-01-22T21:00:25.505-0800: 74.073: [GC (Allocation Failure) 2021-01-22T21:00:25.505-0800: 74.073: [DefNew: 279616K->34942K(314560K), 0.0199468 secs] 655264K->462804K(1013632K), 0.0200364 secs] [Times: user=0.02 sys=0.00, real=0.02 secs] 
2021-01-22T21:00:25.640-0800: 74.208: [GC (Allocation Failure) 2021-01-22T21:00:25.640-0800: 74.208: [DefNew: 314558K->34943K(314560K), 0.0342083 secs] 742420K->539221K(1013632K), 0.0344203 secs] [Times: user=0.03 sys=0.00, real=0.03 secs] 
2021-01-22T21:00:25.751-0800: 74.319: [GC (Allocation Failure) 2021-01-22T21:00:25.751-0800: 74.319: [DefNew: 314559K->34941K(314560K), 0.0151750 secs] 818837K->613326K(1013632K), 0.0152557 secs] [Times: user=0.01 sys=0.00, real=0.01 secs] 
2021-01-22T21:00:25.807-0800: 74.375: [GC (Allocation Failure) 2021-01-22T21:00:25.807-0800: 74.375: [DefNew: 314285K->34943K(314560K), 0.0158626 secs] 892671K->688531K(1013632K), 0.0159466 secs] [Times: user=0.01 sys=0.00, real=0.02 secs] 
2021-01-22T21:00:25.858-0800: 74.426: [GC (Allocation Failure) 2021-01-22T21:00:25.858-0800: 74.426: [DefNew: 314559K->314559K(314560K), 0.0000214 secs]2021-01-22T21:00:25.858-0800: 74.426: [Tenured: 653587K->397379K(699072K), 0.0493388 secs] 968147K->397379K(1013632K), [Metaspace: 2698K->2698K(1056768K)], 0.0494527 secs] [Times: user=0.04 sys=0.00, real=0.05 secs] 
2021-01-22T21:00:25.947-0800: 74.514: [GC (Allocation Failure) 2021-01-22T21:00:25.947-0800: 74.515: [DefNew: 279616K->34943K(314560K), 0.0128592 secs] 676995K->485768K(1013632K), 0.0130142 secs] [Times: user=0.01 sys=0.00, real=0.02 secs] 
2021-01-22T21:00:26.011-0800: 74.579: [GC (Allocation Failure) 2021-01-22T21:00:26.011-0800: 74.579: [DefNew: 314559K->34943K(314560K), 0.0253725 secs] 765384K->562860K(1013632K), 0.0254610 secs] [Times: user=0.02 sys=0.00, real=0.02 secs] 
2021-01-22T21:00:26.071-0800: 74.638: [GC (Allocation Failure) 2021-01-22T21:00:26.071-0800: 74.638: [DefNew: 314559K->34943K(314560K), 0.0148873 secs] 842476K->636991K(1013632K), 0.0149804 secs] [Times: user=0.02 sys=0.00, real=0.01 secs] 
2021-01-22T21:00:26.124-0800: 74.692: [GC (Allocation Failure) 2021-01-22T21:00:26.124-0800: 74.692: [DefNew: 314559K->314559K(314560K), 0.0000222 secs]2021-01-22T21:00:26.124-0800: 74.692: [Tenured: 602047K->397277K(699072K), 0.0478185 secs] 916607K->397277K(1013632K), [Metaspace: 2698K->2698K(1056768K)], 0.0479398 secs] [Times: user=0.05 sys=0.00, real=0.05 secs] 
2021-01-22T21:00:26.208-0800: 74.776: [GC (Allocation Failure) 2021-01-22T21:00:26.208-0800: 74.776: [DefNew: 279616K->34941K(314560K), 0.0115152 secs] 676893K->482886K(1013632K), 0.0115958 secs] [Times: user=0.01 sys=0.00, real=0.02 secs] 
2021-01-22T21:00:26.255-0800: 74.823: [GC (Allocation Failure) 2021-01-22T21:00:26.255-0800: 74.823: [DefNew: 314557K->34943K(314560K), 0.0158487 secs] 762502K->562504K(1013632K), 0.0159497 secs] [Times: user=0.01 sys=0.00, real=0.02 secs] 
2021-01-22T21:00:26.303-0800: 74.871: [GC (Allocation Failure) 2021-01-22T21:00:26.303-0800: 74.871: [DefNew: 314559K->34943K(314560K), 0.0154033 secs] 842120K->643606K(1013632K), 0.0154948 secs] [Times: user=0.02 sys=0.00, real=0.01 secs] 
2021-01-22T21:00:26.354-0800: 74.922: [GC (Allocation Failure) 2021-01-22T21:00:26.355-0800: 74.922: [DefNew: 314559K->314559K(314560K), 0.0000219 secs]2021-01-22T21:00:26.355-0800: 74.922: [Tenured: 608662K->415075K(699072K), 0.0510650 secs] 923222K->415075K(1013632K), [Metaspace: 2698K->2698K(1056768K)], 0.0511807 secs] [Times: user=0.05 sys=0.00, real=0.05 secs] 
2021-01-22T21:00:26.447-0800: 75.015: [GC (Allocation Failure) 2021-01-22T21:00:26.447-0800: 75.015: [DefNew: 279616K->34943K(314560K), 0.0188316 secs] 694691K->503911K(1013632K), 0.0190316 secs] [Times: user=0.02 sys=0.00, real=0.02 secs] 
2021-01-22T21:00:26.547-0800: 75.115: [GC (Allocation Failure) 2021-01-22T21:00:26.547-0800: 75.115: [DefNew: 314559K->34943K(314560K), 0.0302313 secs] 783527K->578865K(1013632K), 0.0303317 secs] [Times: user=0.02 sys=0.00, real=0.03 secs] 
2021-01-22T21:00:26.661-0800: 75.229: [GC (Allocation Failure) 2021-01-22T21:00:26.661-0800: 75.229: [DefNew: 314431K->34943K(314560K), 0.0485799 secs] 858352K->663672K(1013632K), 0.0486765 secs] [Times: user=0.04 sys=0.01, real=0.05 secs] 
2021-01-22T21:00:26.761-0800: 75.329: [GC (Allocation Failure) 2021-01-22T21:00:26.761-0800: 75.329: [DefNew: 314559K->314559K(314560K), 0.0000255 secs]2021-01-22T21:00:26.761-0800: 75.329: [Tenured: 628728K->382340K(699072K), 0.0511288 secs] 943288K->382340K(1013632K), [Metaspace: 2698K->2698K(1056768K)], 0.0512535 secs] [Times: user=0.05 sys=0.00, real=0.05 secs] 
2021-01-22T21:00:26.843-0800: 75.410: [GC (Allocation Failure) 2021-01-22T21:00:26.843-0800: 75.410: [DefNew: 279616K->34943K(314560K), 0.0199775 secs] 661956K->478057K(1013632K), 0.0200589 secs] [Times: user=0.01 sys=0.00, real=0.02 secs] 
2021-01-22T21:00:26.914-0800: 75.481: [GC (Allocation Failure) 2021-01-22T21:00:26.914-0800: 75.481: [DefNew: 314559K->34943K(314560K), 0.0182847 secs] 757673K->564938K(1013632K), 0.0183708 secs] [Times: user=0.02 sys=0.00, real=0.02 secs] 
2021-01-22T21:00:26.978-0800: 75.546: [GC (Allocation Failure) 2021-01-22T21:00:26.979-0800: 75.546: [DefNew: 314559K->34943K(314560K), 0.0151588 secs] 844554K->639786K(1013632K), 0.0152572 secs] [Times: user=0.02 sys=0.00, real=0.02 secs] 
2021-01-22T21:00:27.149-0800: 75.717: [GC (Allocation Failure) 2021-01-22T21:00:27.149-0800: 75.717: [DefNew: 314559K->314559K(314560K), 0.0000306 secs]2021-01-22T21:00:27.149-0800: 75.717: [Tenured: 604842K->406029K(699072K), 0.1495625 secs] 919402K->406029K(1013632K), [Metaspace: 2698K->2698K(1056768K)], 0.1497149 secs] [Times: user=0.08 sys=0.00, real=0.15 secs] 
2021-01-22T21:00:27.490-0800: 76.058: [GC (Allocation Failure) 2021-01-22T21:00:27.490-0800: 76.058: [DefNew: 279616K->34943K(314560K), 0.0220048 secs] 685645K->500585K(1013632K), 0.0221209 secs] [Times: user=0.02 sys=0.00, real=0.02 secs] 
2021-01-22T21:00:27.715-0800: 76.283: [GC (Allocation Failure) 2021-01-22T21:00:27.715-0800: 76.283: [DefNew: 314559K->34943K(314560K), 0.0176391 secs] 780201K->576842K(1013632K), 0.0177425 secs] [Times: user=0.02 sys=0.00, real=0.02 secs] 
2021-01-22T21:00:27.802-0800: 76.370: [GC (Allocation Failure) 2021-01-22T21:00:27.802-0800: 76.370: [DefNew: 314559K->34942K(314560K), 0.0173008 secs] 856458K->656011K(1013632K), 0.0174089 secs] [Times: user=0.02 sys=0.00, real=0.01 secs] 
2021-01-22T21:00:27.894-0800: 76.461: [GC (Allocation Failure) 2021-01-22T21:00:27.894-0800: 76.462: [DefNew: 314558K->314558K(314560K), 0.0000326 secs]2021-01-22T21:00:27.894-0800: 76.462: [Tenured: 621069K->407313K(699072K), 0.0581493 secs] 935627K->407313K(1013632K), [Metaspace: 2698K->2698K(1056768K)], 0.0583127 secs] [Times: user=0.05 sys=0.00, real=0.06 secs] 
2021-01-22T21:00:28.054-0800: 76.622: [GC (Allocation Failure) 2021-01-22T21:00:28.054-0800: 76.622: [DefNew: 279616K->34943K(314560K), 0.0405907 secs] 686929K->495583K(1013632K), 0.0407280 secs] [Times: user=0.02 sys=0.00, real=0.04 secs] 
2021-01-22T21:00:28.245-0800: 76.812: [GC (Allocation Failure) 2021-01-22T21:00:28.245-0800: 76.812: [DefNew: 314559K->34940K(314560K), 0.0202060 secs] 775199K->579449K(1013632K), 0.0203141 secs] [Times: user=0.02 sys=0.00, real=0.02 secs] 
2021-01-22T21:00:28.344-0800: 76.912: [GC (Allocation Failure) 2021-01-22T21:00:28.344-0800: 76.912: [DefNew: 314556K->34943K(314560K), 0.0166676 secs] 859065K->658440K(1013632K), 0.0167675 secs] [Times: user=0.01 sys=0.00, real=0.02 secs] 
2021-01-22T21:00:28.409-0800: 76.977: [GC (Allocation Failure) 2021-01-22T21:00:28.409-0800: 76.977: [DefNew: 314559K->314559K(314560K), 0.0000304 secs]2021-01-22T21:00:28.409-0800: 76.977: [Tenured: 623496K->413016K(699072K), 0.1489805 secs] 938056K->413016K(1013632K), [Metaspace: 2698K->2698K(1056768K)], 0.1491322 secs] [Times: user=0.09 sys=0.00, real=0.15 secs] 
2021-01-22T21:00:28.647-0800: 77.215: [GC (Allocation Failure) 2021-01-22T21:00:28.647-0800: 77.215: [DefNew: 279616K->34943K(314560K), 0.0241048 secs] 692632K->502237K(1013632K), 0.0242195 secs] [Times: user=0.02 sys=0.00, real=0.03 secs] 
2021-01-22T21:00:28.731-0800: 77.298: [GC (Allocation Failure) 2021-01-22T21:00:28.731-0800: 77.298: [DefNew: 314559K->34942K(314560K), 0.0158535 secs] 781853K->581279K(1013632K), 0.0159541 secs] [Times: user=0.01 sys=0.00, real=0.01 secs] 
2021-01-22T21:00:28.788-0800: 77.355: [GC (Allocation Failure) 2021-01-22T21:00:28.788-0800: 77.355: [DefNew: 313897K->34944K(314560K), 0.0143473 secs] 860234K->653089K(1013632K), 0.0144502 secs] [Times: user=0.02 sys=0.00, real=0.02 secs] 
2021-01-22T21:00:28.844-0800: 77.412: [GC (Allocation Failure) 2021-01-22T21:00:28.844-0800: 77.412: [DefNew: 314244K->314244K(314560K), 0.0000321 secs]2021-01-22T21:00:28.844-0800: 77.412: [Tenured: 618145K->389183K(699072K), 0.0634661 secs] 932389K->389183K(1013632K), [Metaspace: 2698K->2698K(1056768K)], 0.0636202 secs] [Times: user=0.06 sys=0.00, real=0.06 secs] 
2021-01-22T21:00:28.951-0800: 77.519: [GC (Allocation Failure) 2021-01-22T21:00:28.951-0800: 77.519: [DefNew: 279616K->34943K(314560K), 0.0111868 secs] 668799K->469866K(1013632K), 0.0112789 secs] [Times: user=0.01 sys=0.00, real=0.01 secs] 
2021-01-22T21:00:29.007-0800: 77.575: [GC (Allocation Failure) 2021-01-22T21:00:29.007-0800: 77.575: [DefNew: 314231K->34943K(314560K), 0.0219792 secs] 749154K->555298K(1013632K), 0.0220974 secs] [Times: user=0.02 sys=0.00, real=0.02 secs] 
2021-01-22T21:00:29.083-0800: 77.651: [GC (Allocation Failure) 2021-01-22T21:00:29.083-0800: 77.651: [DefNew: 314559K->34943K(314560K), 0.0301964 secs] 834914K->624183K(1013632K), 0.0303012 secs] [Times: user=0.03 sys=0.00, real=0.03 secs] 
2021-01-22T21:00:29.144-0800: 77.712: [GC (Allocation Failure) 2021-01-22T21:00:29.144-0800: 77.712: [DefNew: 314559K->34942K(314560K), 0.0142470 secs] 903799K->701237K(1013632K), 0.0143418 secs] [Times: user=0.01 sys=0.00, real=0.01 secs] 
2021-01-22T21:00:29.189-0800: 77.756: [GC (Allocation Failure) 2021-01-22T21:00:29.189-0800: 77.756: [DefNew: 314558K->314558K(314560K), 0.0000221 secs]2021-01-22T21:00:29.189-0800: 77.756: [Tenured: 666294K->401599K(699072K), 0.0454893 secs] 980853K->401599K(1013632K), [Metaspace: 2698K->2698K(1056768K)], 0.0456186 secs] [Times: user=0.05 sys=0.00, real=0.05 secs] 
2021-01-22T21:00:29.288-0800: 77.855: [GC (Allocation Failure) 2021-01-22T21:00:29.288-0800: 77.855: [DefNew: 279616K->34943K(314560K), 0.0271162 secs] 681215K->490128K(1013632K), 0.0272869 secs] [Times: user=0.03 sys=0.00, real=0.03 secs] 
2021-01-22T21:00:29.375-0800: 77.942: [GC (Allocation Failure) 2021-01-22T21:00:29.375-0800: 77.943: [DefNew: 314496K->34943K(314560K), 0.0242080 secs] 769682K->569990K(1013632K), 0.0244546 secs] [Times: user=0.02 sys=0.00, real=0.02 secs] 
2021-01-22T21:00:29.432-0800: 78.000: [GC (Allocation Failure) 2021-01-22T21:00:29.432-0800: 78.000: [DefNew: 314559K->34943K(314560K), 0.0144366 secs] 849606K->645452K(1013632K), 0.0145356 secs] [Times: user=0.02 sys=0.00, real=0.01 secs] 
2021-01-22T21:00:29.491-0800: 78.059: [GC (Allocation Failure) 2021-01-22T21:00:29.491-0800: 78.059: [DefNew: 314466K->314466K(314560K), 0.0000229 secs]2021-01-22T21:00:29.491-0800: 78.059: [Tenured: 610508K->410583K(699072K), 0.0585656 secs] 924975K->410583K(1013632K), [Metaspace: 2698K->2698K(1056768K)], 0.0587043 secs] [Times: user=0.06 sys=0.00, real=0.06 secs] 
2021-01-22T21:00:29.580-0800: 78.148: [GC (Allocation Failure) 2021-01-22T21:00:29.580-0800: 78.148: [DefNew: 279616K->34944K(314560K), 0.0113909 secs] 690199K->501704K(1013632K), 0.0114865 secs] [Times: user=0.02 sys=0.00, real=0.01 secs] 
2021-01-22T21:00:29.624-0800: 78.192: [GC (Allocation Failure) 2021-01-22T21:00:29.624-0800: 78.192: [DefNew: 314560K->34943K(314560K), 0.0132999 secs] 781320K->573108K(1013632K), 0.0134169 secs] [Times: user=0.01 sys=0.00, real=0.01 secs] 
2021-01-22T21:00:29.670-0800: 78.238: [GC (Allocation Failure) 2021-01-22T21:00:29.670-0800: 78.238: [DefNew: 314559K->34944K(314560K), 0.0323022 secs] 852724K->649824K(1013632K), 0.0324536 secs] [Times: user=0.03 sys=0.00, real=0.03 secs] 
2021-01-22T21:00:29.764-0800: 78.332: [GC (Allocation Failure) 2021-01-22T21:00:29.764-0800: 78.332: [DefNew: 314560K->314560K(314560K), 0.0000294 secs]2021-01-22T21:00:29.764-0800: 78.332: [Tenured: 614880K->403152K(699072K), 0.1046075 secs] 929440K->403152K(1013632K), [Metaspace: 2698K->2698K(1056768K)], 0.1047611 secs] [Times: user=0.10 sys=0.01, real=0.10 secs] 
2021-01-22T21:00:29.916-0800: 78.484: [GC (Allocation Failure) 2021-01-22T21:00:29.916-0800: 78.484: [DefNew: 279616K->34943K(314560K), 0.0122747 secs] 682768K->496809K(1013632K), 0.0123688 secs] [Times: user=0.02 sys=0.00, real=0.01 secs] 
2021-01-22T21:00:29.960-0800: 78.528: [GC (Allocation Failure) 2021-01-22T21:00:29.960-0800: 78.528: [DefNew: 314559K->34943K(314560K), 0.0139958 secs] 776425K->573086K(1013632K), 0.0140942 secs] [Times: user=0.01 sys=0.00, real=0.01 secs] 
2021-01-22T21:00:30.006-0800: 78.573: [GC (Allocation Failure) 2021-01-22T21:00:30.006-0800: 78.573: [DefNew: 314559K->34943K(314560K), 0.0164245 secs] 852702K->656936K(1013632K), 0.0165169 secs] [Times: user=0.02 sys=0.00, real=0.02 secs] 
2021-01-22T21:00:30.052-0800: 78.620: [GC (Allocation Failure) 2021-01-22T21:00:30.052-0800: 78.620: [DefNew: 314559K->314559K(314560K), 0.0000214 secs]2021-01-22T21:00:30.052-0800: 78.620: [Tenured: 621993K->370250K(699072K), 0.0645585 secs] 936552K->370250K(1013632K), [Metaspace: 2698K->2698K(1056768K)], 0.0647189 secs] [Times: user=0.06 sys=0.00, real=0.06 secs] 
2021-01-22T21:00:30.154-0800: 78.722: [GC (Allocation Failure) 2021-01-22T21:00:30.154-0800: 78.722: [DefNew: 279616K->34943K(314560K), 0.0120841 secs] 649866K->461067K(1013632K), 0.0121937 secs] [Times: user=0.02 sys=0.00, real=0.01 secs] 
2021-01-22T21:00:30.204-0800: 78.771: [GC (Allocation Failure) 2021-01-22T21:00:30.204-0800: 78.771: [DefNew: 314559K->34943K(314560K), 0.0250353 secs] 740683K->543221K(1013632K), 0.0251431 secs] [Times: user=0.02 sys=0.00, real=0.02 secs] 
2021-01-22T21:00:30.276-0800: 78.844: [GC (Allocation Failure) 2021-01-22T21:00:30.276-0800: 78.844: [DefNew: 314559K->34943K(314560K), 0.0287364 secs] 822837K->626414K(1013632K), 0.0288522 secs] [Times: user=0.03 sys=0.00, real=0.03 secs] 
2021-01-22T21:00:30.352-0800: 78.920: [GC (Allocation Failure) 2021-01-22T21:00:30.352-0800: 78.920: [DefNew: 314559K->314559K(314560K), 0.0000310 secs]2021-01-22T21:00:30.352-0800: 78.920: [Tenured: 591470K->404709K(699072K), 0.0793558 secs] 906030K->404709K(1013632K), [Metaspace: 2698K->2698K(1056768K)], 0.0795219 secs] [Times: user=0.07 sys=0.00, real=0.08 secs] 
2021-01-22T21:00:30.510-0800: 79.077: [GC (Allocation Failure) 2021-01-22T21:00:30.510-0800: 79.078: [DefNew: 279616K->34943K(314560K), 0.0269876 secs] 684325K->494176K(1013632K), 0.0272372 secs] [Times: user=0.02 sys=0.01, real=0.02 secs] 
2021-01-22T21:00:30.590-0800: 79.158: [GC (Allocation Failure) 2021-01-22T21:00:30.591-0800: 79.158: [DefNew: 314559K->34943K(314560K), 0.0919500 secs] 773792K->574545K(1013632K), 0.0920645 secs] [Times: user=0.02 sys=0.00, real=0.09 secs] 
2021-01-22T21:00:30.778-0800: 79.346: [GC (Allocation Failure) 2021-01-22T21:00:30.778-0800: 79.346: [DefNew: 314559K->34943K(314560K), 0.0152066 secs] 854161K->651736K(1013632K), 0.0153020 secs] [Times: user=0.01 sys=0.00, real=0.02 secs] 
2021-01-22T21:00:30.850-0800: 79.418: [GC (Allocation Failure) 2021-01-22T21:00:30.850-0800: 79.418: [DefNew: 314559K->314559K(314560K), 0.0000311 secs]2021-01-22T21:00:30.850-0800: 79.418: [Tenured: 616792K->399359K(699072K), 0.0625972 secs] 931352K->399359K(1013632K), [Metaspace: 2698K->2698K(1056768K)], 0.0627309 secs] [Times: user=0.05 sys=0.00, real=0.06 secs] 
2021-01-22T21:00:30.955-0800: 79.523: [GC (Allocation Failure) 2021-01-22T21:00:30.955-0800: 79.523: [DefNew: 279616K->34943K(314560K), 0.0121003 secs] 678975K->492061K(1013632K), 0.0121874 secs] [Times: user=0.01 sys=0.00, real=0.01 secs] 
2021-01-22T21:00:31.012-0800: 79.580: [GC (Allocation Failure) 2021-01-22T21:00:31.012-0800: 79.580: [DefNew: 314559K->34943K(314560K), 0.0254099 secs] 771677K->565700K(1013632K), 0.0255107 secs] [Times: user=0.02 sys=0.00, real=0.02 secs] 
2021-01-22T21:00:31.086-0800: 79.654: [GC (Allocation Failure) 2021-01-22T21:00:31.086-0800: 79.654: [DefNew: 314559K->34943K(314560K), 0.0164485 secs] 845316K->645164K(1013632K), 0.0165458 secs] [Times: user=0.02 sys=0.00, real=0.02 secs] 
2021-01-22T21:00:31.159-0800: 79.726: [GC (Allocation Failure) 2021-01-22T21:00:31.159-0800: 79.727: [DefNew: 314559K->314559K(314560K), 0.0000458 secs]2021-01-22T21:00:31.159-0800: 79.727: [Tenured: 610220K->403615K(699072K), 0.0536240 secs] 924780K->403615K(1013632K), [Metaspace: 2698K->2698K(1056768K)], 0.0537954 secs] [Times: user=0.04 sys=0.00, real=0.06 secs] 
2021-01-22T21:00:31.264-0800: 79.832: [GC (Allocation Failure) 2021-01-22T21:00:31.264-0800: 79.832: [DefNew: 279616K->34943K(314560K), 0.0128510 secs] 683231K->488784K(1013632K), 0.0129568 secs] [Times: user=0.01 sys=0.00, real=0.01 secs] 
2021-01-22T21:00:31.335-0800: 79.903: [GC (Allocation Failure) 2021-01-22T21:00:31.335-0800: 79.903: [DefNew: 314450K->34942K(314560K), 0.0236505 secs] 768290K->567392K(1013632K), 0.0239175 secs] [Times: user=0.02 sys=0.00, real=0.02 secs] 
2021-01-22T21:00:31.484-0800: 80.052: [GC (Allocation Failure) 2021-01-22T21:00:31.484-0800: 80.052: [DefNew: 314558K->34943K(314560K), 0.0325796 secs] 847008K->648233K(1013632K), 0.0326815 secs] [Times: user=0.03 sys=0.00, real=0.03 secs] 
2021-01-22T21:00:31.657-0800: 80.224: [GC (Allocation Failure) 2021-01-22T21:00:31.657-0800: 80.225: [DefNew: 314559K->314559K(314560K), 0.0000431 secs]2021-01-22T21:00:31.657-0800: 80.225: [Tenured: 613289K->363893K(699072K), 0.0703987 secs] 927849K->363893K(1013632K), [Metaspace: 2698K->2698K(1056768K)], 0.0707873 secs] [Times: user=0.06 sys=0.00, real=0.07 secs] 
2021-01-22T21:00:31.774-0800: 80.341: [GC (Allocation Failure) 2021-01-22T21:00:31.774-0800: 80.341: [DefNew: 279616K->34943K(314560K), 0.0129863 secs] 643509K->460841K(1013632K), 0.0130906 secs] [Times: user=0.01 sys=0.00, real=0.01 secs] 
2021-01-22T21:00:31.830-0800: 80.398: [GC (Allocation Failure) 2021-01-22T21:00:31.830-0800: 80.398: [DefNew: 314559K->34944K(314560K), 0.0165577 secs] 740457K->541024K(1013632K), 0.0166622 secs] [Times: user=0.01 sys=0.00, real=0.01 secs] 
2021-01-22T21:00:31.898-0800: 80.466: [GC (Allocation Failure) 2021-01-22T21:00:31.899-0800: 80.466: [DefNew: 314560K->34943K(314560K), 0.0168861 secs] 820640K->625805K(1013632K), 0.0170064 secs] [Times: user=0.02 sys=0.00, real=0.02 secs] 
2021-01-22T21:00:31.968-0800: 80.536: [GC (Allocation Failure) 2021-01-22T21:00:31.968-0800: 80.536: [DefNew: 314559K->314559K(314560K), 0.0000224 secs]2021-01-22T21:00:31.968-0800: 80.536: [Tenured: 590861K->404025K(699072K), 0.0510359 secs] 905421K->404025K(1013632K), [Metaspace: 2698K->2698K(1056768K)], 0.0511687 secs] [Times: user=0.04 sys=0.00, real=0.05 secs] 
2021-01-22T21:00:32.098-0800: 80.666: [GC (Allocation Failure) 2021-01-22T21:00:32.098-0800: 80.666: [DefNew: 278987K->34943K(314560K), 0.0184438 secs] 683012K->489087K(1013632K), 0.0186254 secs] [Times: user=0.01 sys=0.00, real=0.02 secs] 
2021-01-22T21:00:32.163-0800: 80.730: [GC (Allocation Failure) 2021-01-22T21:00:32.163-0800: 80.730: [DefNew: 314362K->34944K(314560K), 0.0161774 secs] 768506K->558949K(1013632K), 0.0162978 secs] [Times: user=0.01 sys=0.00, real=0.01 secs] 
2021-01-22T21:00:32.320-0800: 80.888: [GC (Allocation Failure) 2021-01-22T21:00:32.320-0800: 80.888: [DefNew: 314560K->34944K(314560K), 0.0306338 secs] 838565K->641006K(1013632K), 0.0307391 secs] [Times: user=0.02 sys=0.00, real=0.03 secs] 
2021-01-22T21:00:32.450-0800: 81.018: [GC (Allocation Failure) 2021-01-22T21:00:32.451-0800: 81.018: [DefNew: 314560K->314560K(314560K), 0.0000296 secs]2021-01-22T21:00:32.451-0800: 81.018: [Tenured: 606062K->403465K(699072K), 0.0733205 secs] 920622K->403465K(1013632K), [Metaspace: 2698K->2698K(1056768K)], 0.0734812 secs] [Times: user=0.05 sys=0.00, real=0.07 secs] 
2021-01-22T21:00:32.596-0800: 81.164: [GC (Allocation Failure) 2021-01-22T21:00:32.596-0800: 81.164: [DefNew: 279616K->34944K(314560K), 0.0198346 secs] 683081K->483213K(1013632K), 0.0200241 secs] [Times: user=0.02 sys=0.00, real=0.02 secs] 
2021-01-22T21:00:32.662-0800: 81.230: [GC (Allocation Failure) 2021-01-22T21:00:32.662-0800: 81.230: [DefNew: 314184K->34943K(314560K), 0.0157127 secs] 762453K->563151K(1013632K), 0.0158236 secs] [Times: user=0.01 sys=0.00, real=0.01 secs] 
2021-01-22T21:00:32.713-0800: 81.281: [GC (Allocation Failure) 2021-01-22T21:00:32.713-0800: 81.281: [DefNew: 314559K->34943K(314560K), 0.0168911 secs] 842767K->637506K(1013632K), 0.0169818 secs] [Times: user=0.01 sys=0.00, real=0.02 secs] 
2021-01-22T21:00:32.778-0800: 81.346: [GC (Allocation Failure) 2021-01-22T21:00:32.778-0800: 81.346: [DefNew: 314559K->314559K(314560K), 0.0000307 secs]2021-01-22T21:00:32.778-0800: 81.346: [Tenured: 602562K->404520K(699072K), 0.0600776 secs] 917122K->404520K(1013632K), [Metaspace: 2698K->2698K(1056768K)], 0.0602409 secs] [Times: user=0.06 sys=0.00, real=0.06 secs] 
2021-01-22T21:00:32.886-0800: 81.453: [GC (Allocation Failure) 2021-01-22T21:00:32.886-0800: 81.453: [DefNew: 279616K->34944K(314560K), 0.0121601 secs] 684136K->486606K(1013632K), 0.0122571 secs] [Times: user=0.01 sys=0.00, real=0.01 secs] 
2021-01-22T21:00:32.944-0800: 81.512: [GC (Allocation Failure) 2021-01-22T21:00:32.944-0800: 81.512: [DefNew: 314560K->34943K(314560K), 0.0142861 secs] 766222K->561773K(1013632K), 0.0143831 secs] [Times: user=0.02 sys=0.00, real=0.01 secs] 
2021-01-22T21:00:32.992-0800: 81.559: [GC (Allocation Failure) 2021-01-22T21:00:32.992-0800: 81.559: [DefNew: 314559K->34943K(314560K), 0.0146084 secs] 841389K->640621K(1013632K), 0.0147079 secs] [Times: user=0.01 sys=0.00, real=0.01 secs] 
2021-01-22T21:00:33.055-0800: 81.623: [GC (Allocation Failure) 2021-01-22T21:00:33.055-0800: 81.623: [DefNew: 314467K->314467K(314560K), 0.0000231 secs]2021-01-22T21:00:33.056-0800: 81.623: [Tenured: 605677K->375160K(699072K), 0.1034082 secs] 920145K->375160K(1013632K), [Metaspace: 2698K->2698K(1056768K)], 0.1035415 secs] [Times: user=0.10 sys=0.01, real=0.10 secs] 
2021-01-22T21:00:33.214-0800: 81.782: [GC (Allocation Failure) 2021-01-22T21:00:33.214-0800: 81.782: [DefNew: 279616K->34944K(314560K), 0.0210001 secs] 654776K->455291K(1013632K), 0.0211005 secs] [Times: user=0.02 sys=0.00, real=0.02 secs] 
2021-01-22T21:00:33.291-0800: 81.859: [GC (Allocation Failure) 2021-01-22T21:00:33.291-0800: 81.859: [DefNew: 314525K->34944K(314560K), 0.0276662 secs] 734873K->529975K(1013632K), 0.0278605 secs] [Times: user=0.03 sys=0.00, real=0.02 secs] 
2021-01-22T21:00:33.371-0800: 81.939: [GC (Allocation Failure) 2021-01-22T21:00:33.371-0800: 81.939: [DefNew: 314364K->34943K(314560K), 0.0217565 secs] 809396K->603702K(1013632K), 0.0218550 secs] [Times: user=0.02 sys=0.00, real=0.02 secs] 
2021-01-22T21:00:33.449-0800: 82.017: [GC (Allocation Failure) 2021-01-22T21:00:33.449-0800: 82.017: [DefNew: 314559K->34944K(314560K), 0.0198041 secs] 883318K->680435K(1013632K), 0.0199396 secs] [Times: user=0.02 sys=0.00, real=0.02 secs] 
2021-01-22T21:00:33.502-0800: 82.069: [GC (Allocation Failure) 2021-01-22T21:00:33.502-0800: 82.069: [DefNew: 314560K->314560K(314560K), 0.0000241 secs]2021-01-22T21:00:33.502-0800: 82.069: [Tenured: 645491K->401037K(699072K), 0.0552814 secs] 960051K->401037K(1013632K), [Metaspace: 2698K->2698K(1056768K)], 0.0554130 secs] [Times: user=0.05 sys=0.00, real=0.05 secs] 
2021-01-22T21:00:33.594-0800: 82.161: [GC (Allocation Failure) 2021-01-22T21:00:33.594-0800: 82.162: [DefNew: 279616K->34943K(314560K), 0.0262568 secs] 680653K->489168K(1013632K), 0.0265569 secs] [Times: user=0.02 sys=0.00, real=0.03 secs] 
2021-01-22T21:00:33.678-0800: 82.246: [GC (Allocation Failure) 2021-01-22T21:00:33.678-0800: 82.246: [DefNew: 314559K->34943K(314560K), 0.0266654 secs] 768784K->561297K(1013632K), 0.0268163 secs] [Times: user=0.03 sys=0.01, real=0.03 secs] 
2021-01-22T21:00:33.761-0800: 82.329: [GC (Allocation Failure) 2021-01-22T21:00:33.761-0800: 82.329: [DefNew: 314559K->34944K(314560K), 0.0150547 secs] 840913K->641945K(1013632K), 0.0151512 secs] [Times: user=0.02 sys=0.00, real=0.01 secs] 
2021-01-22T21:00:33.818-0800: 82.386: [GC (Allocation Failure) 2021-01-22T21:00:33.818-0800: 82.386: [DefNew: 314560K->314560K(314560K), 0.0000236 secs]2021-01-22T21:00:33.818-0800: 82.386: [Tenured: 607001K->410183K(699072K), 0.0556676 secs] 921561K->410183K(1013632K), [Metaspace: 2698K->2698K(1056768K)], 0.0558024 secs] [Times: user=0.05 sys=0.00, real=0.06 secs] 
2021-01-22T21:00:33.930-0800: 82.498: [GC (Allocation Failure) 2021-01-22T21:00:33.930-0800: 82.498: [DefNew: 279616K->34943K(314560K), 0.0228992 secs] 689799K->499145K(1013632K), 0.0231509 secs] [Times: user=0.02 sys=0.00, real=0.02 secs] 
2021-01-22T21:00:33.990-0800: 82.558: [GC (Allocation Failure) 2021-01-22T21:00:33.990-0800: 82.558: [DefNew: 314559K->34943K(314560K), 0.0145116 secs] 778761K->574436K(1013632K), 0.0146121 secs] [Times: user=0.01 sys=0.00, real=0.01 secs] 
2021-01-22T21:00:34.040-0800: 82.607: [GC (Allocation Failure) 2021-01-22T21:00:34.040-0800: 82.607: [DefNew: 314559K->34943K(314560K), 0.0181162 secs] 854052K->652879K(1013632K), 0.0183489 secs] [Times: user=0.02 sys=0.00, real=0.02 secs] 
2021-01-22T21:00:34.091-0800: 82.659: [GC (Allocation Failure) 2021-01-22T21:00:34.091-0800: 82.659: [DefNew: 314559K->314559K(314560K), 0.0000242 secs]2021-01-22T21:00:34.091-0800: 82.659: [Tenured: 617935K->397226K(699072K), 0.0527656 secs] 932495K->397226K(1013632K), [Metaspace: 2698K->2698K(1056768K)], 0.0529074 secs] [Times: user=0.05 sys=0.00, real=0.05 secs] 
2021-01-22T21:00:34.176-0800: 82.743: [GC (Allocation Failure) 2021-01-22T21:00:34.176-0800: 82.743: [DefNew: 279616K->34943K(314560K), 0.0116777 secs] 676842K->485619K(1013632K), 0.0117703 secs] [Times: user=0.01 sys=0.00, real=0.01 secs] 
2021-01-22T21:00:34.218-0800: 82.786: [GC (Allocation Failure) 2021-01-22T21:00:34.218-0800: 82.786: [DefNew: 314559K->34943K(314560K), 0.0203350 secs] 765235K->564768K(1013632K), 0.0204330 secs] [Times: user=0.01 sys=0.00, real=0.02 secs] 
2021-01-22T21:00:34.300-0800: 82.868: [GC (Allocation Failure) 2021-01-22T21:00:34.300-0800: 82.868: [DefNew: 314559K->34943K(314560K), 0.0356531 secs] 844384K->652734K(1013632K), 0.0359782 secs] [Times: user=0.03 sys=0.01, real=0.03 secs] 
2021-01-22T21:00:34.401-0800: 82.969: [GC (Allocation Failure) 2021-01-22T21:00:34.401-0800: 82.969: [DefNew: 314559K->314559K(314560K), 0.0000229 secs]2021-01-22T21:00:34.402-0800: 82.969: [Tenured: 617790K->370815K(699072K), 0.1035541 secs] 932350K->370815K(1013632K), [Metaspace: 2698K->2698K(1056768K)], 0.1036837 secs] [Times: user=0.09 sys=0.00, real=0.10 secs] 
2021-01-22T21:00:34.547-0800: 83.114: [GC (Allocation Failure) 2021-01-22T21:00:34.547-0800: 83.114: [DefNew: 279616K->34943K(314560K), 0.0113297 secs] 650431K->460233K(1013632K), 0.0114249 secs] [Times: user=0.01 sys=0.00, real=0.01 secs] 
2021-01-22T21:00:34.598-0800: 83.166: [GC (Allocation Failure) 2021-01-22T21:00:34.598-0800: 83.166: [DefNew: 314519K->34944K(314560K), 0.0161435 secs] 739809K->538091K(1013632K), 0.0162418 secs] [Times: user=0.02 sys=0.00, real=0.02 secs] 
2021-01-22T21:00:34.673-0800: 83.241: [GC (Allocation Failure) 2021-01-22T21:00:34.673-0800: 83.241: [DefNew: 314560K->34943K(314560K), 0.0289149 secs] 817707K->621248K(1013632K), 0.0291411 secs] [Times: user=0.03 sys=0.00, real=0.03 secs] 
2021-01-22T21:00:34.768-0800: 83.336: [GC (Allocation Failure) 2021-01-22T21:00:34.768-0800: 83.336: [DefNew: 314559K->34943K(314560K), 0.0150476 secs] 900864K->705817K(1013632K), 0.0151443 secs] [Times: user=0.02 sys=0.00, real=0.02 secs] 
2021-01-22T21:00:34.817-0800: 83.385: [GC (Allocation Failure) 2021-01-22T21:00:34.817-0800: 83.385: [DefNew: 314559K->314559K(314560K), 0.0000238 secs]2021-01-22T21:00:34.817-0800: 83.385: [Tenured: 670873K->408690K(699072K), 0.0455859 secs] 985433K->408690K(1013632K), [Metaspace: 2698K->2698K(1056768K)], 0.0457385 secs] [Times: user=0.05 sys=0.00, real=0.05 secs] 
2021-01-22T21:00:34.894-0800: 83.462: [GC (Allocation Failure) 2021-01-22T21:00:34.894-0800: 83.462: [DefNew: 279616K->34943K(314560K), 0.0117856 secs] 688306K->501132K(1013632K), 0.0118745 secs] [Times: user=0.01 sys=0.00, real=0.01 secs] 
2021-01-22T21:00:34.937-0800: 83.504: [GC (Allocation Failure) 2021-01-22T21:00:34.937-0800: 83.505: [DefNew: 314559K->34943K(314560K), 0.0147865 secs] 780748K->581080K(1013632K), 0.0148852 secs] [Times: user=0.02 sys=0.00, real=0.02 secs] 
2021-01-22T21:00:34.983-0800: 83.551: [GC (Allocation Failure) 2021-01-22T21:00:34.983-0800: 83.551: [DefNew: 314559K->34943K(314560K), 0.0177406 secs] 860696K->660694K(1013632K), 0.0178360 secs] [Times: user=0.01 sys=0.00, real=0.02 secs] 
2021-01-22T21:00:35.068-0800: 83.635: [GC (Allocation Failure) 2021-01-22T21:00:35.068-0800: 83.636: [DefNew: 313966K->313966K(314560K), 0.0000880 secs]2021-01-22T21:00:35.068-0800: 83.636: [Tenured: 625750K->409018K(699072K), 0.0513351 secs] 939716K->409018K(1013632K), [Metaspace: 2698K->2698K(1056768K)], 0.0515535 secs] [Times: user=0.05 sys=0.00, real=0.05 secs] 
2021-01-22T21:00:35.157-0800: 83.724: [GC (Allocation Failure) 2021-01-22T21:00:35.157-0800: 83.724: [DefNew: 279616K->34943K(314560K), 0.0106184 secs] 688634K->491387K(1013632K), 0.0107183 secs] [Times: user=0.01 sys=0.00, real=0.01 secs] 
2021-01-22T21:00:35.200-0800: 83.767: [GC (Allocation Failure) 2021-01-22T21:00:35.200-0800: 83.767: [DefNew: 314559K->34943K(314560K), 0.0139607 secs] 771003K->563434K(1013632K), 0.0140588 secs] [Times: user=0.01 sys=0.00, real=0.01 secs] 
2021-01-22T21:00:35.245-0800: 83.813: [GC (Allocation Failure) 2021-01-22T21:00:35.245-0800: 83.813: [DefNew: 314559K->34943K(314560K), 0.0135065 secs] 843050K->636119K(1013632K), 0.0136064 secs] [Times: user=0.02 sys=0.00, real=0.01 secs] 
2021-01-22T21:00:35.291-0800: 83.859: [GC (Allocation Failure) 2021-01-22T21:00:35.291-0800: 83.859: [DefNew: 314476K->314476K(314560K), 0.0000236 secs]2021-01-22T21:00:35.291-0800: 83.859: [Tenured: 601175K->388004K(699072K), 0.0455425 secs] 915651K->388004K(1013632K), [Metaspace: 2698K->2698K(1056768K)], 0.0456880 secs] [Times: user=0.04 sys=0.00, real=0.04 secs] 
2021-01-22T21:00:35.369-0800: 83.937: [GC (Allocation Failure) 2021-01-22T21:00:35.370-0800: 83.937: [DefNew: 279616K->34944K(314560K), 0.0108749 secs] 667620K->471691K(1013632K), 0.0109747 secs] [Times: user=0.02 sys=0.00, real=0.02 secs] 
2021-01-22T21:00:35.413-0800: 83.981: [GC (Allocation Failure) 2021-01-22T21:00:35.413-0800: 83.981: [DefNew: 314560K->34943K(314560K), 0.0146704 secs] 751307K->551890K(1013632K), 0.0147669 secs] [Times: user=0.01 sys=0.00, real=0.01 secs] 
2021-01-22T21:00:35.460-0800: 84.027: [GC (Allocation Failure) 2021-01-22T21:00:35.460-0800: 84.027: [DefNew: 314559K->34943K(314560K), 0.0147035 secs] 831506K->634085K(1013632K), 0.0148263 secs] [Times: user=0.02 sys=0.00, real=0.01 secs] 
2021-01-22T21:00:35.506-0800: 84.073: [GC (Allocation Failure) 2021-01-22T21:00:35.506-0800: 84.073: [DefNew: 314559K->314559K(314560K), 0.0000280 secs]2021-01-22T21:00:35.506-0800: 84.073: [Tenured: 599141K->374063K(699072K), 0.0551777 secs] 913701K->374063K(1013632K), [Metaspace: 2698K->2698K(1056768K)], 0.0553274 secs] [Times: user=0.05 sys=0.00, real=0.06 secs] 
2021-01-22T21:00:35.595-0800: 84.163: [GC (Allocation Failure) 2021-01-22T21:00:35.595-0800: 84.163: [DefNew: 279616K->34943K(314560K), 0.0139674 secs] 653679K->462149K(1013632K), 0.0140886 secs] [Times: user=0.01 sys=0.00, real=0.02 secs] 
2021-01-22T21:00:35.664-0800: 84.232: [GC (Allocation Failure) 2021-01-22T21:00:35.664-0800: 84.232: [DefNew: 314559K->34943K(314560K), 0.0310868 secs] 741765K->540516K(1013632K), 0.0313095 secs] [Times: user=0.03 sys=0.01, real=0.03 secs] 
2021-01-22T21:00:35.752-0800: 84.319: [GC (Allocation Failure) 2021-01-22T21:00:35.752-0800: 84.319: [DefNew: 314559K->34942K(314560K), 0.0264396 secs] 820132K->615348K(1013632K), 0.0265389 secs] [Times: user=0.03 sys=0.00, real=0.02 secs] 
2021-01-22T21:00:35.830-0800: 84.398: [GC (Allocation Failure) 2021-01-22T21:00:35.830-0800: 84.398: [DefNew: 314558K->34943K(314560K), 0.0234321 secs] 894964K->693332K(1013632K), 0.0235668 secs] [Times: user=0.02 sys=0.00, real=0.02 secs] 
2021-01-22T21:00:35.888-0800: 84.456: [GC (Allocation Failure) 2021-01-22T21:00:35.888-0800: 84.456: [DefNew: 314559K->314559K(314560K), 0.0000228 secs]2021-01-22T21:00:35.888-0800: 84.456: [Tenured: 658388K->413603K(699072K), 0.0481472 secs] 972948K->413603K(1013632K), [Metaspace: 2698K->2698K(1056768K)], 0.0482808 secs] [Times: user=0.05 sys=0.00, real=0.05 secs] 
2021-01-22T21:00:35.969-0800: 84.537: [GC (Allocation Failure) 2021-01-22T21:00:35.969-0800: 84.537: [DefNew: 279616K->34943K(314560K), 0.0118798 secs] 693219K->504227K(1013632K), 0.0119713 secs] [Times: user=0.01 sys=0.00, real=0.02 secs] 
2021-01-22T21:00:36.014-0800: 84.582: [GC (Allocation Failure) 2021-01-22T21:00:36.014-0800: 84.582: [DefNew: 314559K->34943K(314560K), 0.0142609 secs] 783843K->582047K(1013632K), 0.0143731 secs] [Times: user=0.01 sys=0.00, real=0.01 secs] 
2021-01-22T21:00:36.065-0800: 84.633: [GC (Allocation Failure) 2021-01-22T21:00:36.065-0800: 84.633: [DefNew: 314559K->34940K(314560K), 0.0157476 secs] 861663K->665735K(1013632K), 0.0158410 secs] [Times: user=0.01 sys=0.00, real=0.02 secs] 
2021-01-22T21:00:36.114-0800: 84.682: [GC (Allocation Failure) 2021-01-22T21:00:36.114-0800: 84.682: [DefNew: 314556K->314556K(314560K), 0.0000216 secs]2021-01-22T21:00:36.114-0800: 84.682: [Tenured: 630795K->413250K(699072K), 0.0542187 secs] 945351K->413250K(1013632K), [Metaspace: 2698K->2698K(1056768K)], 0.0543487 secs] [Times: user=0.06 sys=0.00, real=0.05 secs] 
2021-01-22T21:00:36.202-0800: 84.770: [GC (Allocation Failure) 2021-01-22T21:00:36.202-0800: 84.770: [DefNew: 279616K->34942K(314560K), 0.0106571 secs] 692866K->496272K(1013632K), 0.0107557 secs] [Times: user=0.01 sys=0.00, real=0.01 secs] 
2021-01-22T21:00:36.243-0800: 84.811: [GC (Allocation Failure) 2021-01-22T21:00:36.243-0800: 84.811: [DefNew: 314558K->34943K(314560K), 0.0140088 secs] 775888K->571688K(1013632K), 0.0141065 secs] [Times: user=0.01 sys=0.00, real=0.01 secs] 
2021-01-22T21:00:36.288-0800: 84.855: [GC (Allocation Failure) 2021-01-22T21:00:36.288-0800: 84.855: [DefNew: 314559K->34944K(314560K), 0.0144908 secs] 851304K->651531K(1013632K), 0.0145952 secs] [Times: user=0.02 sys=0.00, real=0.02 secs] 
2021-01-22T21:00:36.337-0800: 84.904: [GC (Allocation Failure) 2021-01-22T21:00:36.337-0800: 84.904: [DefNew: 314560K->314560K(314560K), 0.0000222 secs]2021-01-22T21:00:36.337-0800: 84.904: [Tenured: 616587K->408601K(699072K), 0.1124646 secs] 931147K->408601K(1013632K), [Metaspace: 2698K->2698K(1056768K)], 0.1125931 secs] [Times: user=0.10 sys=0.01, real=0.11 secs] 
2021-01-22T21:00:36.508-0800: 85.076: [GC (Allocation Failure) 2021-01-22T21:00:36.508-0800: 85.076: [DefNew: 279616K->34943K(314560K), 0.0249875 secs] 688217K->495944K(1013632K), 0.0250850 secs] [Times: user=0.02 sys=0.00, real=0.03 secs] 
2021-01-22T21:00:36.586-0800: 85.154: [GC (Allocation Failure) 2021-01-22T21:00:36.586-0800: 85.154: [DefNew: 314559K->34943K(314560K), 0.0311512 secs] 775560K->578918K(1013632K), 0.0312573 secs] [Times: user=0.03 sys=0.00, real=0.03 secs] 
2021-01-22T21:00:36.668-0800: 85.236: [GC (Allocation Failure) 2021-01-22T21:00:36.668-0800: 85.236: [DefNew: 314559K->34943K(314560K), 0.0247565 secs] 858534K->661585K(1013632K), 0.0248538 secs] [Times: user=0.02 sys=0.00, real=0.03 secs] 
2021-01-22T21:00:36.742-0800: 85.310: [GC (Allocation Failure) 2021-01-22T21:00:36.742-0800: 85.310: [DefNew: 314559K->314559K(314560K), 0.0000227 secs]2021-01-22T21:00:36.742-0800: 85.310: [Tenured: 626641K->379742K(699072K), 0.0595922 secs] 941201K->379742K(1013632K), [Metaspace: 2698K->2698K(1056768K)], 0.0597324 secs] [Times: user=0.05 sys=0.00, real=0.06 secs] 
2021-01-22T21:00:36.833-0800: 85.401: [GC (Allocation Failure) 2021-01-22T21:00:36.833-0800: 85.401: [DefNew: 279616K->34943K(314560K), 0.0116755 secs] 659358K->470753K(1013632K), 0.0117756 secs] [Times: user=0.01 sys=0.00, real=0.01 secs] 
2021-01-22T21:00:36.875-0800: 85.442: [GC (Allocation Failure) 2021-01-22T21:00:36.875-0800: 85.442: [DefNew: 314559K->34943K(314560K), 0.0174070 secs] 750369K->545580K(1013632K), 0.0175043 secs] [Times: user=0.01 sys=0.00, real=0.02 secs] 
2021-01-22T21:00:36.961-0800: 85.529: [GC (Allocation Failure) 2021-01-22T21:00:36.962-0800: 85.529: [DefNew: 314559K->34944K(314560K), 0.0364562 secs] 825196K->625368K(1013632K), 0.0367189 secs] [Times: user=0.03 sys=0.00, real=0.03 secs] 
2021-01-22T21:00:37.071-0800: 85.639: [GC (Allocation Failure) 2021-01-22T21:00:37.071-0800: 85.639: [DefNew: 314560K->314560K(314560K), 0.0000224 secs]2021-01-22T21:00:37.071-0800: 85.639: [Tenured: 590424K->406872K(699072K), 0.0690906 secs] 904984K->406872K(1013632K), [Metaspace: 2698K->2698K(1056768K)], 0.0692343 secs] [Times: user=0.06 sys=0.00, real=0.07 secs] 
2021-01-22T21:00:37.173-0800: 85.741: [GC (Allocation Failure) 2021-01-22T21:00:37.174-0800: 85.741: [DefNew: 279616K->34942K(314560K), 0.0111787 secs] 686488K->493383K(1013632K), 0.0112728 secs] [Times: user=0.01 sys=0.00, real=0.01 secs] 
2021-01-22T21:00:37.217-0800: 85.785: [GC (Allocation Failure) 2021-01-22T21:00:37.217-0800: 85.785: [DefNew: 314558K->34943K(314560K), 0.0142793 secs] 772999K->571840K(1013632K), 0.0143718 secs] [Times: user=0.01 sys=0.00, real=0.02 secs] 
2021-01-22T21:00:37.265-0800: 85.833: [GC (Allocation Failure) 2021-01-22T21:00:37.265-0800: 85.833: [DefNew: 314559K->34943K(314560K), 0.0140587 secs] 851456K->646048K(1013632K), 0.0141536 secs] [Times: user=0.01 sys=0.00, real=0.01 secs] 
2021-01-22T21:00:37.310-0800: 85.878: [GC (Allocation Failure) 2021-01-22T21:00:37.310-0800: 85.878: [DefNew: 314559K->314559K(314560K), 0.0000228 secs]2021-01-22T21:00:37.310-0800: 85.878: [Tenured: 611104K->403992K(699072K), 0.0459262 secs] 925664K->403992K(1013632K), [Metaspace: 2698K->2698K(1056768K)], 0.0460647 secs] [Times: user=0.05 sys=0.00, real=0.04 secs] 
2021-01-22T21:00:37.387-0800: 85.955: [GC (Allocation Failure) 2021-01-22T21:00:37.387-0800: 85.955: [DefNew: 279616K->34944K(314560K), 0.0129624 secs] 683608K->490260K(1013632K), 0.0131004 secs] [Times: user=0.01 sys=0.00, real=0.02 secs] 
2021-01-22T21:00:37.431-0800: 85.999: [GC (Allocation Failure) 2021-01-22T21:00:37.431-0800: 85.999: [DefNew: 314560K->34943K(314560K), 0.0144233 secs] 769876K->570199K(1013632K), 0.0145271 secs] [Times: user=0.01 sys=0.00, real=0.01 secs] 
2021-01-22T21:00:37.477-0800: 86.044: [GC (Allocation Failure) 2021-01-22T21:00:37.477-0800: 86.044: [DefNew: 314559K->34942K(314560K), 0.0151888 secs] 849815K->654572K(1013632K), 0.0152870 secs] [Times: user=0.01 sys=0.00, real=0.02 secs] 
2021-01-22T21:00:37.526-0800: 86.094: [GC (Allocation Failure) 2021-01-22T21:00:37.526-0800: 86.094: [DefNew: 314558K->314558K(314560K), 0.0000223 secs]2021-01-22T21:00:37.526-0800: 86.094: [Tenured: 619630K->391338K(699072K), 0.0533485 secs] 934188K->391338K(1013632K), [Metaspace: 2698K->2698K(1056768K)], 0.0534854 secs] [Times: user=0.06 sys=0.00, real=0.05 secs] 
2021-01-22T21:00:37.613-0800: 86.181: [GC (Allocation Failure) 2021-01-22T21:00:37.613-0800: 86.181: [DefNew: 279616K->34943K(314560K), 0.0144077 secs] 670954K->476546K(1013632K), 0.0145990 secs] [Times: user=0.01 sys=0.00, real=0.01 secs] 
2021-01-22T21:00:37.659-0800: 86.226: [GC (Allocation Failure) 2021-01-22T21:00:37.659-0800: 86.227: [DefNew: 314559K->34943K(314560K), 0.0151190 secs] 756162K->556675K(1013632K), 0.0152221 secs] [Times: user=0.02 sys=0.00, real=0.02 secs] 
2021-01-22T21:00:37.705-0800: 86.273: [GC (Allocation Failure) 2021-01-22T21:00:37.705-0800: 86.273: [DefNew: 314559K->34943K(314560K), 0.0151736 secs] 836291K->638837K(1013632K), 0.0152673 secs] [Times: user=0.01 sys=0.00, real=0.02 secs] 
2021-01-22T21:00:37.752-0800: 86.319: [GC (Allocation Failure) 2021-01-22T21:00:37.752-0800: 86.319: [DefNew: 314559K->314559K(314560K), 0.0000222 secs]2021-01-22T21:00:37.752-0800: 86.319: [Tenured: 603893K->369625K(699072K), 0.0464580 secs] 918453K->369625K(1013632K), [Metaspace: 2698K->2698K(1056768K)], 0.0465923 secs] [Times: user=0.04 sys=0.00, real=0.04 secs] 
2021-01-22T21:00:37.830-0800: 86.398: [GC (Allocation Failure) 2021-01-22T21:00:37.830-0800: 86.398: [DefNew: 279616K->34943K(314560K), 0.0110378 secs] 649241K->458224K(1013632K), 0.0111383 secs] [Times: user=0.01 sys=0.00, real=0.01 secs] 
2021-01-22T21:00:37.870-0800: 86.438: [GC (Allocation Failure) 2021-01-22T21:00:37.870-0800: 86.438: [DefNew: 314559K->34944K(314560K), 0.0153083 secs] 737840K->546247K(1013632K), 0.0154058 secs] [Times: user=0.02 sys=0.00, real=0.01 secs] 
2021-01-22T21:00:37.917-0800: 86.485: [GC (Allocation Failure) 2021-01-22T21:00:37.917-0800: 86.485: [DefNew: 314560K->34943K(314560K), 0.0159931 secs] 825863K->626481K(1013632K), 0.0160947 secs] [Times: user=0.02 sys=0.00, real=0.02 secs] 
2021-01-22T21:00:37.965-0800: 86.532: [GC (Allocation Failure) 2021-01-22T21:00:37.965-0800: 86.532: [DefNew: 314559K->314559K(314560K), 0.0000837 secs]2021-01-22T21:00:37.965-0800: 86.533: [Tenured: 591538K->410917K(699072K), 0.0450824 secs] 906097K->410917K(1013632K), [Metaspace: 2698K->2698K(1056768K)], 0.0453052 secs] [Times: user=0.04 sys=0.00, real=0.05 secs] 
2021-01-22T21:00:38.043-0800: 86.611: [GC (Allocation Failure) 2021-01-22T21:00:38.043-0800: 86.611: [DefNew: 279616K->34943K(314560K), 0.0119609 secs] 690533K->492918K(1013632K), 0.0121643 secs] [Times: user=0.02 sys=0.00, real=0.01 secs] 
2021-01-22T21:00:38.089-0800: 86.657: [GC (Allocation Failure) 2021-01-22T21:00:38.089-0800: 86.657: [DefNew: 314559K->34943K(314560K), 0.0148202 secs] 772534K->574404K(1013632K), 0.0149189 secs] [Times: user=0.01 sys=0.00, real=0.02 secs] 
2021-01-22T21:00:38.152-0800: 86.720: [GC (Allocation Failure) 2021-01-22T21:00:38.152-0800: 86.720: [DefNew: 314559K->34943K(314560K), 0.0197054 secs] 854020K->655152K(1013632K), 0.0198101 secs] [Times: user=0.02 sys=0.00, real=0.02 secs] 
2021-01-22T21:00:38.202-0800: 86.770: [GC (Allocation Failure) 2021-01-22T21:00:38.202-0800: 86.770: [DefNew: 314494K->314494K(314560K), 0.0000318 secs]2021-01-22T21:00:38.202-0800: 86.770: [Tenured: 620208K->403330K(699072K), 0.0478379 secs] 934703K->403330K(1013632K), [Metaspace: 2698K->2698K(1056768K)], 0.0480159 secs] [Times: user=0.04 sys=0.00, real=0.05 secs] 
2021-01-22T21:00:38.279-0800: 86.847: [GC (Allocation Failure) 2021-01-22T21:00:38.279-0800: 86.847: [DefNew: 279616K->34943K(314560K), 0.0112382 secs] 682946K->492369K(1013632K), 0.0113368 secs] [Times: user=0.01 sys=0.00, real=0.02 secs] 
2021-01-22T21:00:38.319-0800: 86.887: [GC (Allocation Failure) 2021-01-22T21:00:38.320-0800: 86.887: [DefNew: 314559K->34943K(314560K), 0.0143932 secs] 771985K->574963K(1013632K), 0.0144988 secs] [Times: user=0.02 sys=0.00, real=0.02 secs] 
2021-01-22T21:00:38.364-0800: 86.931: [GC (Allocation Failure) 2021-01-22T21:00:38.364-0800: 86.931: [DefNew: 314559K->34943K(314560K), 0.0130896 secs] 854579K->646466K(1013632K), 0.0131836 secs] [Times: user=0.01 sys=0.00, real=0.01 secs] 
2021-01-22T21:00:38.407-0800: 86.975: [GC (Allocation Failure) 2021-01-22T21:00:38.407-0800: 86.975: [DefNew: 314444K->314444K(314560K), 0.0000223 secs]2021-01-22T21:00:38.407-0800: 86.975: [Tenured: 611522K->384341K(699072K), 0.0442187 secs] 925966K->384341K(1013632K), [Metaspace: 2698K->2698K(1056768K)], 0.0443559 secs] [Times: user=0.04 sys=0.00, real=0.05 secs] 
2021-01-22T21:00:38.482-0800: 87.049: [GC (Allocation Failure) 2021-01-22T21:00:38.482-0800: 87.049: [DefNew: 279616K->34944K(314560K), 0.0112026 secs] 663957K->475114K(1013632K), 0.0112902 secs] [Times: user=0.02 sys=0.00, real=0.01 secs] 
2021-01-22T21:00:38.523-0800: 87.091: [GC (Allocation Failure) 2021-01-22T21:00:38.523-0800: 87.091: [DefNew: 314560K->34943K(314560K), 0.0130565 secs] 754730K->547063K(1013632K), 0.0131540 secs] [Times: user=0.01 sys=0.00, real=0.01 secs] 
2021-01-22T21:00:38.572-0800: 87.139: [GC (Allocation Failure) 2021-01-22T21:00:38.572-0800: 87.140: [DefNew: 314559K->34944K(314560K), 0.0150361 secs] 826679K->627578K(1013632K), 0.0151350 secs] [Times: user=0.02 sys=0.00, real=0.01 secs] 
2021-01-22T21:00:38.620-0800: 87.188: [GC (Allocation Failure) 2021-01-22T21:00:38.620-0800: 87.188: [DefNew: 314560K->314560K(314560K), 0.0000239 secs]2021-01-22T21:00:38.620-0800: 87.188: [Tenured: 592634K->366845K(699072K), 0.0536589 secs] 907194K->366845K(1013632K), [Metaspace: 2698K->2698K(1056768K)], 0.0537978 secs] [Times: user=0.05 sys=0.00, real=0.05 secs] 
2021-01-22T21:00:38.704-0800: 87.272: [GC (Allocation Failure) 2021-01-22T21:00:38.704-0800: 87.272: [DefNew: 279616K->34942K(314560K), 0.0108706 secs] 646461K->455683K(1013632K), 0.0109724 secs] [Times: user=0.02 sys=0.00, real=0.01 secs] 
2021-01-22T21:00:38.746-0800: 87.314: [GC (Allocation Failure) 2021-01-22T21:00:38.746-0800: 87.314: [DefNew: 314558K->34938K(314560K), 0.0138122 secs] 735299K->533418K(1013632K), 0.0139066 secs] [Times: user=0.01 sys=0.00, real=0.02 secs] 
2021-01-22T21:00:38.790-0800: 87.358: [GC (Allocation Failure) 2021-01-22T21:00:38.790-0800: 87.358: [DefNew: 314554K->34943K(314560K), 0.0128509 secs] 813034K->601071K(1013632K), 0.0129435 secs] [Times: user=0.01 sys=0.00, real=0.01 secs] 
2021-01-22T21:00:38.831-0800: 87.399: [GC (Allocation Failure) 2021-01-22T21:00:38.831-0800: 87.399: [DefNew: 314559K->34941K(314560K), 0.0143407 secs] 880687K->682285K(1013632K), 0.0144402 secs] [Times: user=0.02 sys=0.00, real=0.01 secs] 
2021-01-22T21:00:38.873-0800: 87.441: [GC (Allocation Failure) 2021-01-22T21:00:38.873-0800: 87.441: [DefNew: 314557K->314557K(314560K), 0.0000226 secs]2021-01-22T21:00:38.873-0800: 87.441: [Tenured: 647344K->411789K(699072K), 0.0456183 secs] 961901K->411789K(1013632K), [Metaspace: 2698K->2698K(1056768K)], 0.0457525 secs] [Times: user=0.05 sys=0.00, real=0.04 secs] 
2021-01-22T21:00:38.953-0800: 87.521: [GC (Allocation Failure) 2021-01-22T21:00:38.953-0800: 87.521: [DefNew: 279616K->34943K(314560K), 0.0101243 secs] 691405K->493599K(1013632K), 0.0102243 secs] [Times: user=0.01 sys=0.00, real=0.01 secs] 
2021-01-22T21:00:38.992-0800: 87.560: [GC (Allocation Failure) 2021-01-22T21:00:38.993-0800: 87.560: [DefNew: 314559K->34943K(314560K), 0.0128696 secs] 773215K->563180K(1013632K), 0.0129638 secs] [Times: user=0.01 sys=0.00, real=0.01 secs] 
2021-01-22T21:00:39.036-0800: 87.604: [GC (Allocation Failure) 2021-01-22T21:00:39.036-0800: 87.604: [DefNew: 314505K->34943K(314560K), 0.0160702 secs] 842742K->642406K(1013632K), 0.0161656 secs] [Times: user=0.02 sys=0.00, real=0.02 secs] 
2021-01-22T21:00:39.086-0800: 87.654: [GC (Allocation Failure) 2021-01-22T21:00:39.086-0800: 87.654: [DefNew: 314559K->314559K(314560K), 0.0000225 secs]2021-01-22T21:00:39.086-0800: 87.654: [Tenured: 607462K->395508K(699072K), 0.0555876 secs] 922022K->395508K(1013632K), [Metaspace: 2698K->2698K(1056768K)], 0.0557199 secs] [Times: user=0.06 sys=0.00, real=0.06 secs] 
2021-01-22T21:00:39.190-0800: 87.758: [GC (Allocation Failure) 2021-01-22T21:00:39.191-0800: 87.758: [DefNew: 279616K->34942K(314560K), 0.0175962 secs] 675124K->480900K(1013632K), 0.0177194 secs] [Times: user=0.01 sys=0.00, real=0.01 secs] 
2021-01-22T21:00:39.258-0800: 87.825: [GC (Allocation Failure) 2021-01-22T21:00:39.258-0800: 87.825: [DefNew: 314558K->34943K(314560K), 0.0198958 secs] 760516K->565968K(1013632K), 0.0199976 secs] [Times: user=0.02 sys=0.00, real=0.02 secs] 
2021-01-22T21:00:39.307-0800: 87.875: [GC (Allocation Failure) 2021-01-22T21:00:39.307-0800: 87.875: [DefNew: 314559K->34943K(314560K), 0.0153159 secs] 845584K->652187K(1013632K), 0.0154106 secs] [Times: user=0.02 sys=0.01, real=0.02 secs] 
2021-01-22T21:00:39.352-0800: 87.920: [GC (Allocation Failure) 2021-01-22T21:00:39.352-0800: 87.920: [DefNew: 314045K->314045K(314560K), 0.0000209 secs]2021-01-22T21:00:39.352-0800: 87.920: [Tenured: 617243K->400775K(699072K), 0.0462898 secs] 931289K->400775K(1013632K), [Metaspace: 2698K->2698K(1056768K)], 0.0464171 secs] [Times: user=0.04 sys=0.00, real=0.04 secs] 
2021-01-22T21:00:39.430-0800: 87.998: [GC (Allocation Failure) 2021-01-22T21:00:39.430-0800: 87.998: [DefNew: 279616K->34942K(314560K), 0.0121185 secs] 680391K->498649K(1013632K), 0.0122111 secs] [Times: user=0.02 sys=0.00, real=0.01 secs] 
2021-01-22T21:00:39.472-0800: 88.040: [GC (Allocation Failure) 2021-01-22T21:00:39.472-0800: 88.040: [DefNew: 314558K->34943K(314560K), 0.0141043 secs] 778265K->578033K(1013632K), 0.0141993 secs] [Times: user=0.01 sys=0.00, real=0.01 secs] 
2021-01-22T21:00:39.515-0800: 88.083: [GC (Allocation Failure) 2021-01-22T21:00:39.515-0800: 88.083: [DefNew: 314559K->34943K(314560K), 0.0143596 secs] 857649K->660519K(1013632K), 0.0144541 secs] [Times: user=0.01 sys=0.00, real=0.02 secs] 
2021-01-22T21:00:39.566-0800: 88.134: [GC (Allocation Failure) 2021-01-22T21:00:39.566-0800: 88.134: [DefNew: 314508K->314508K(314560K), 0.0000216 secs]2021-01-22T21:00:39.566-0800: 88.134: [Tenured: 625575K->377885K(699072K), 0.0476554 secs] 940084K->377885K(1013632K), [Metaspace: 2698K->2698K(1056768K)], 0.0477867 secs] [Times: user=0.05 sys=0.00, real=0.05 secs] 
2021-01-22T21:00:39.650-0800: 88.218: [GC (Allocation Failure) 2021-01-22T21:00:39.650-0800: 88.218: [DefNew: 279616K->34944K(314560K), 0.0110754 secs] 657501K->462858K(1013632K), 0.0111743 secs] [Times: user=0.01 sys=0.00, real=0.01 secs] 
2021-01-22T21:00:39.692-0800: 88.259: [GC (Allocation Failure) 2021-01-22T21:00:39.692-0800: 88.259: [DefNew: 314560K->34944K(314560K), 0.0129960 secs] 742474K->531758K(1013632K), 0.0130934 secs] [Times: user=0.02 sys=0.00, real=0.01 secs] 
2021-01-22T21:00:39.733-0800: 88.301: [GC (Allocation Failure) 2021-01-22T21:00:39.734-0800: 88.301: [DefNew: 314560K->34943K(314560K), 0.0137749 secs] 811374K->609109K(1013632K), 0.0138731 secs] [Times: user=0.02 sys=0.00, real=0.01 secs] 
2021-01-22T21:00:39.777-0800: 88.345: [GC (Allocation Failure) 2021-01-22T21:00:39.777-0800: 88.345: [DefNew: 314559K->34943K(314560K), 0.0141172 secs] 888725K->685950K(1013632K), 0.0142148 secs] [Times: user=0.01 sys=0.00, real=0.02 secs] 
2021-01-22T21:00:39.821-0800: 88.388: [GC (Allocation Failure) 2021-01-22T21:00:39.821-0800: 88.388: [DefNew: 314559K->314559K(314560K), 0.0000214 secs]2021-01-22T21:00:39.821-0800: 88.388: [Tenured: 651006K->413816K(699072K), 0.0468924 secs] 965566K->413816K(1013632K), [Metaspace: 2698K->2698K(1056768K)], 0.0470276 secs] [Times: user=0.05 sys=0.00, real=0.04 secs] 
2021-01-22T21:00:39.898-0800: 88.466: [GC (Allocation Failure) 2021-01-22T21:00:39.898-0800: 88.466: [DefNew: 279616K->34944K(314560K), 0.0122430 secs] 693432K->510985K(1013632K), 0.0123399 secs] [Times: user=0.01 sys=0.00, real=0.02 secs] 
2021-01-22T21:00:39.940-0800: 88.508: [GC (Allocation Failure) 2021-01-22T21:00:39.941-0800: 88.508: [DefNew: 314560K->34944K(314560K), 0.0153099 secs] 790601K->600158K(1013632K), 0.0154153 secs] [Times: user=0.01 sys=0.00, real=0.01 secs] 
2021-01-22T21:00:39.986-0800: 88.554: [GC (Allocation Failure) 2021-01-22T21:00:39.986-0800: 88.554: [DefNew: 314560K->34943K(314560K), 0.0135872 secs] 879774K->674114K(1013632K), 0.0136828 secs] [Times: user=0.02 sys=0.00, real=0.02 secs] 
2021-01-22T21:00:40.029-0800: 88.597: [GC (Allocation Failure) 2021-01-22T21:00:40.029-0800: 88.597: [DefNew: 314559K->314559K(314560K), 0.0000218 secs]2021-01-22T21:00:40.029-0800: 88.597: [Tenured: 639170K->427694K(699072K), 0.0561347 secs] 953730K->427694K(1013632K), [Metaspace: 2698K->2698K(1056768K)], 0.0562700 secs] [Times: user=0.05 sys=0.00, real=0.06 secs] 
2021-01-22T21:00:40.117-0800: 88.684: [GC (Allocation Failure) 2021-01-22T21:00:40.117-0800: 88.684: [DefNew: 279616K->34943K(314560K), 0.0184659 secs] 707310K->522868K(1013632K), 0.0185926 secs] [Times: user=0.02 sys=0.00, real=0.02 secs] 
2021-01-22T21:00:40.165-0800: 88.733: [GC (Allocation Failure) 2021-01-22T21:00:40.165-0800: 88.733: [DefNew: 314559K->34943K(314560K), 0.0147422 secs] 802484K->606096K(1013632K), 0.0148428 secs] [Times: user=0.02 sys=0.00, real=0.02 secs] 
2021-01-22T21:00:40.209-0800: 88.777: [GC (Allocation Failure) 2021-01-22T21:00:40.209-0800: 88.777: [DefNew: 314559K->34943K(314560K), 0.0147463 secs] 885712K->687721K(1013632K), 0.0148460 secs] [Times: user=0.02 sys=0.00, real=0.02 secs] 
2021-01-22T21:00:40.255-0800: 88.823: [GC (Allocation Failure) 2021-01-22T21:00:40.255-0800: 88.823: [DefNew: 314559K->314559K(314560K), 0.0000227 secs]2021-01-22T21:00:40.255-0800: 88.823: [Tenured: 652778K->411503K(699072K), 0.0471681 secs] 967337K->411503K(1013632K), [Metaspace: 2698K->2698K(1056768K)], 0.0473040 secs] [Times: user=0.05 sys=0.00, real=0.05 secs] 
2021-01-22T21:00:40.334-0800: 88.902: [GC (Allocation Failure) 2021-01-22T21:00:40.334-0800: 88.902: [DefNew: 279616K->34942K(314560K), 0.0106042 secs] 691119K->497285K(1013632K), 0.0107024 secs] [Times: user=0.01 sys=0.00, real=0.01 secs] 
2021-01-22T21:00:40.376-0800: 88.944: [GC (Allocation Failure) 2021-01-22T21:00:40.376-0800: 88.944: [DefNew: 314558K->34943K(314560K), 0.0134887 secs] 776901K->570679K(1013632K), 0.0135801 secs] [Times: user=0.01 sys=0.00, real=0.01 secs] 
2021-01-22T21:00:40.421-0800: 88.989: [GC (Allocation Failure) 2021-01-22T21:00:40.421-0800: 88.989: [DefNew: 314559K->34943K(314560K), 0.0137458 secs] 850295K->645796K(1013632K), 0.0138343 secs] [Times: user=0.02 sys=0.00, real=0.01 secs] 
2021-01-22T21:00:40.465-0800: 89.033: [GC (Allocation Failure) 2021-01-22T21:00:40.465-0800: 89.033: [DefNew: 314559K->314559K(314560K), 0.0000223 secs]2021-01-22T21:00:40.465-0800: 89.033: [Tenured: 610852K->367264K(699072K), 0.0483040 secs] 925412K->367264K(1013632K), [Metaspace: 2698K->2698K(1056768K)], 0.0484566 secs] [Times: user=0.05 sys=0.00, real=0.05 secs] 
2021-01-22T21:00:40.543-0800: 89.111: [GC (Allocation Failure) 2021-01-22T21:00:40.543-0800: 89.111: [DefNew: 279616K->34944K(314560K), 0.0150062 secs] 646880K->460918K(1013632K), 0.0151003 secs] [Times: user=0.02 sys=0.00, real=0.01 secs] 
2021-01-22T21:00:40.592-0800: 89.160: [GC (Allocation Failure) 2021-01-22T21:00:40.593-0800: 89.160: [DefNew: 314560K->34941K(314560K), 0.0143397 secs] 740534K->535504K(1013632K), 0.0144454 secs] [Times: user=0.02 sys=0.00, real=0.01 secs] 
2021-01-22T21:00:40.644-0800: 89.212: [GC (Allocation Failure) 2021-01-22T21:00:40.644-0800: 89.212: [DefNew: 314557K->34943K(314560K), 0.0152693 secs] 815120K->611917K(1013632K), 0.0153825 secs] [Times: user=0.02 sys=0.00, real=0.02 secs] 
2021-01-22T21:00:40.689-0800: 89.257: [GC (Allocation Failure) 2021-01-22T21:00:40.689-0800: 89.257: [DefNew: 314559K->34944K(314560K), 0.0144788 secs] 891533K->692559K(1013632K), 0.0145914 secs] [Times: user=0.01 sys=0.00, real=0.02 secs] 
2021-01-22T21:00:40.734-0800: 89.302: [GC (Allocation Failure) 2021-01-22T21:00:40.734-0800: 89.302: [DefNew: 314560K->314560K(314560K), 0.0000198 secs]2021-01-22T21:00:40.734-0800: 89.302: [Tenured: 657615K->412140K(699072K), 0.0458085 secs] 972175K->412140K(1013632K), [Metaspace: 2698K->2698K(1056768K)], 0.0459307 secs] [Times: user=0.05 sys=0.01, real=0.05 secs] 
2021-01-22T21:00:40.811-0800: 89.379: [GC (Allocation Failure) 2021-01-22T21:00:40.811-0800: 89.379: [DefNew: 279616K->34942K(314560K), 0.0111289 secs] 691756K->498127K(1013632K), 0.0112132 secs] [Times: user=0.01 sys=0.00, real=0.01 secs] 
2021-01-22T21:00:40.853-0800: 89.421: [GC (Allocation Failure) 2021-01-22T21:00:40.853-0800: 89.421: [DefNew: 314558K->34943K(314560K), 0.0141812 secs] 777743K->573816K(1013632K), 0.0142722 secs] [Times: user=0.01 sys=0.00, real=0.01 secs] 
2021-01-22T21:00:40.897-0800: 89.465: [GC (Allocation Failure) 2021-01-22T21:00:40.897-0800: 89.465: [DefNew: 314559K->34943K(314560K), 0.0146806 secs] 853432K->651113K(1013632K), 0.0147663 secs] [Times: user=0.02 sys=0.00, real=0.02 secs] 
2021-01-22T21:00:40.943-0800: 89.511: [GC (Allocation Failure) 2021-01-22T21:00:40.943-0800: 89.511: [DefNew: 314559K->314559K(314560K), 0.0000304 secs]2021-01-22T21:00:40.943-0800: 89.511: [Tenured: 616169K->411110K(699072K), 0.0505577 secs] 930729K->411110K(1013632K), [Metaspace: 2698K->2698K(1056768K)], 0.0507181 secs] [Times: user=0.05 sys=0.00, real=0.05 secs] 
2021-01-22T21:00:41.026-0800: 89.594: [GC (Allocation Failure) 2021-01-22T21:00:41.026-0800: 89.594: [DefNew: 279616K->34944K(314560K), 0.0133536 secs] 690726K->499229K(1013632K), 0.0134447 secs] [Times: user=0.01 sys=0.00, real=0.02 secs] 
2021-01-22T21:00:41.081-0800: 89.649: [GC (Allocation Failure) 2021-01-22T21:00:41.081-0800: 89.649: [DefNew: 314560K->34943K(314560K), 0.0152712 secs] 778845K->584156K(1013632K), 0.0153741 secs] [Times: user=0.01 sys=0.00, real=0.01 secs] 
2021-01-22T21:00:41.130-0800: 89.698: [GC (Allocation Failure) 2021-01-22T21:00:41.130-0800: 89.698: [DefNew: 314559K->34943K(314560K), 0.0188142 secs] 863772K->659848K(1013632K), 0.0189240 secs] [Times: user=0.01 sys=0.00, real=0.01 secs] 
2021-01-22T21:00:41.180-0800: 89.748: [GC (Allocation Failure) 2021-01-22T21:00:41.180-0800: 89.748: [DefNew: 314559K->314559K(314560K), 0.0000202 secs]2021-01-22T21:00:41.180-0800: 89.748: [Tenured: 624904K->415136K(699072K), 0.0553075 secs] 939464K->415136K(1013632K), [Metaspace: 2698K->2698K(1056768K)], 0.0554273 secs] [Times: user=0.06 sys=0.00, real=0.05 secs] 
2021-01-22T21:00:41.268-0800: 89.836: [GC (Allocation Failure) 2021-01-22T21:00:41.268-0800: 89.836: [DefNew: 279585K->34943K(314560K), 0.0120081 secs] 694722K->509373K(1013632K), 0.0120968 secs] [Times: user=0.01 sys=0.00, real=0.02 secs] 
2021-01-22T21:00:41.311-0800: 89.879: [GC (Allocation Failure) 2021-01-22T21:00:41.311-0800: 89.879: [DefNew: 314559K->34943K(314560K), 0.0138272 secs] 788989K->586586K(1013632K), 0.0139239 secs] [Times: user=0.02 sys=0.00, real=0.01 secs] 
2021-01-22T21:00:41.354-0800: 89.922: [GC (Allocation Failure) 2021-01-22T21:00:41.354-0800: 89.922: [DefNew: 314559K->34942K(314560K), 0.0132570 secs] 866202K->658680K(1013632K), 0.0133466 secs] [Times: user=0.02 sys=0.00, real=0.01 secs] 
2021-01-22T21:00:41.396-0800: 89.964: [GC (Allocation Failure) 2021-01-22T21:00:41.396-0800: 89.964: [DefNew: 314558K->314558K(314560K), 0.0000211 secs]2021-01-22T21:00:41.396-0800: 89.964: [Tenured: 623738K->381070K(699072K), 0.0481421 secs] 938296K->381070K(1013632K), [Metaspace: 2698K->2698K(1056768K)], 0.0482697 secs] [Times: user=0.04 sys=0.00, real=0.05 secs] 
2021-01-22T21:00:41.474-0800: 90.042: [GC (Allocation Failure) 2021-01-22T21:00:41.474-0800: 90.042: [DefNew: 279616K->34943K(314560K), 0.0121325 secs] 660686K->477372K(1013632K), 0.0122284 secs] [Times: user=0.02 sys=0.00, real=0.01 secs] 
2021-01-22T21:00:41.517-0800: 90.085: [GC (Allocation Failure) 2021-01-22T21:00:41.517-0800: 90.085: [DefNew: 314559K->34943K(314560K), 0.0145042 secs] 756988K->559857K(1013632K), 0.0146064 secs] [Times: user=0.01 sys=0.00, real=0.02 secs] 
2021-01-22T21:00:41.564-0800: 90.132: [GC (Allocation Failure) 2021-01-22T21:00:41.564-0800: 90.132: [DefNew: 314559K->34943K(314560K), 0.0198141 secs] 839473K->640162K(1013632K), 0.0199026 secs] [Times: user=0.02 sys=0.00, real=0.02 secs] 
2021-01-22T21:00:41.615-0800: 90.183: [GC (Allocation Failure) 2021-01-22T21:00:41.615-0800: 90.183: [DefNew: 314559K->314559K(314560K), 0.0000195 secs]2021-01-22T21:00:41.615-0800: 90.183: [Tenured: 605218K->424150K(699072K), 0.0568032 secs] 919778K->424150K(1013632K), [Metaspace: 2698K->2698K(1056768K)], 0.0569334 secs] [Times: user=0.06 sys=0.00, real=0.06 secs] 
2021-01-22T21:00:41.705-0800: 90.273: [GC (Allocation Failure) 2021-01-22T21:00:41.705-0800: 90.273: [DefNew: 279616K->34943K(314560K), 0.0112151 secs] 703766K->510367K(1013632K), 0.0113068 secs] [Times: user=0.01 sys=0.00, real=0.01 secs] 
2021-01-22T21:00:41.747-0800: 90.315: [GC (Allocation Failure) 2021-01-22T21:00:41.747-0800: 90.315: [DefNew: 314030K->34941K(314560K), 0.0153084 secs] 789453K->593855K(1013632K), 0.0153976 secs] [Times: user=0.02 sys=0.00, real=0.02 secs] 
2021-01-22T21:00:41.794-0800: 90.361: [GC (Allocation Failure) 2021-01-22T21:00:41.794-0800: 90.361: [DefNew: 314557K->34943K(314560K), 0.0131535 secs] 873471K->660711K(1013632K), 0.0132457 secs] [Times: user=0.01 sys=0.00, real=0.01 secs] 
2021-01-22T21:00:41.838-0800: 90.406: [GC (Allocation Failure) 2021-01-22T21:00:41.838-0800: 90.406: [DefNew: 314559K->314559K(314560K), 0.0000210 secs]2021-01-22T21:00:41.838-0800: 90.406: [Tenured: 625767K->402725K(699072K), 0.0565720 secs] 940327K->402725K(1013632K), [Metaspace: 2698K->2698K(1056768K)], 0.0567141 secs] [Times: user=0.06 sys=0.00, real=0.06 secs] 
2021-01-22T21:00:41.927-0800: 90.494: [GC (Allocation Failure) 2021-01-22T21:00:41.927-0800: 90.494: [DefNew: 279616K->34943K(314560K), 0.0107217 secs] 682341K->483147K(1013632K), 0.0108252 secs] [Times: user=0.01 sys=0.00, real=0.01 secs] 
2021-01-22T21:00:41.967-0800: 90.535: [GC (Allocation Failure) 2021-01-22T21:00:41.967-0800: 90.535: [DefNew: 314559K->34943K(314560K), 0.0144291 secs] 762763K->561779K(1013632K), 0.0145176 secs] [Times: user=0.01 sys=0.00, real=0.02 secs] 
2021-01-22T21:00:42.011-0800: 90.579: [GC (Allocation Failure) 2021-01-22T21:00:42.011-0800: 90.579: [DefNew: 314559K->34942K(314560K), 0.0141060 secs] 841395K->641721K(1013632K), 0.0141987 secs] [Times: user=0.02 sys=0.00, real=0.01 secs] 
2021-01-22T21:00:42.054-0800: 90.622: [GC (Allocation Failure) 2021-01-22T21:00:42.054-0800: 90.622: [DefNew: 314558K->314558K(314560K), 0.0000627 secs]2021-01-22T21:00:42.054-0800: 90.622: [Tenured: 606779K->398731K(699072K), 0.0523199 secs] 921337K->398731K(1013632K), [Metaspace: 2698K->2698K(1056768K)], 0.0526032 secs] [Times: user=0.06 sys=0.00, real=0.05 secs] 
2021-01-22T21:00:42.144-0800: 90.711: [GC (Allocation Failure) 2021-01-22T21:00:42.144-0800: 90.711: [DefNew: 279141K->34943K(314560K), 0.0115471 secs] 677872K->489979K(1013632K), 0.0116272 secs] [Times: user=0.01 sys=0.00, real=0.01 secs] 
2021-01-22T21:00:42.193-0800: 90.760: [GC (Allocation Failure) 2021-01-22T21:00:42.193-0800: 90.760: [DefNew: 314559K->34943K(314560K), 0.0142821 secs] 769595K->567697K(1013632K), 0.0143611 secs] [Times: user=0.01 sys=0.00, real=0.01 secs] 
2021-01-22T21:00:42.243-0800: 90.810: [GC (Allocation Failure) 2021-01-22T21:00:42.243-0800: 90.811: [DefNew: 314559K->34943K(314560K), 0.0141263 secs] 847313K->647317K(1013632K), 0.0142103 secs] [Times: user=0.01 sys=0.00, real=0.01 secs] 
2021-01-22T21:00:42.287-0800: 90.855: [GC (Allocation Failure) 2021-01-22T21:00:42.287-0800: 90.855: [DefNew: 314559K->314559K(314560K), 0.0000190 secs]2021-01-22T21:00:42.287-0800: 90.855: [Tenured: 612373K->378248K(699072K), 0.0478723 secs] 926933K->378248K(1013632K), [Metaspace: 2698K->2698K(1056768K)], 0.0479950 secs] [Times: user=0.05 sys=0.00, real=0.05 secs] 
2021-01-22T21:00:42.365-0800: 90.933: [GC (Allocation Failure) 2021-01-22T21:00:42.365-0800: 90.933: [DefNew: 279616K->34944K(314560K), 0.0109036 secs] 657864K->465522K(1013632K), 0.0109861 secs] [Times: user=0.01 sys=0.00, real=0.01 secs] 
2021-01-22T21:00:42.406-0800: 90.974: [GC (Allocation Failure) 2021-01-22T21:00:42.406-0800: 90.974: [DefNew: 314560K->34943K(314560K), 0.0125880 secs] 745138K->533804K(1013632K), 0.0126831 secs] [Times: user=0.01 sys=0.00, real=0.01 secs] 
2021-01-22T21:00:42.448-0800: 91.016: [GC (Allocation Failure) 2021-01-22T21:00:42.448-0800: 91.016: [DefNew: 314559K->34943K(314560K), 0.0144900 secs] 813420K->617519K(1013632K), 0.0145770 secs] [Times: user=0.02 sys=0.00, real=0.02 secs] 
2021-01-22T21:00:42.490-0800: 91.058: [GC (Allocation Failure) 2021-01-22T21:00:42.490-0800: 91.058: [DefNew: 314559K->34943K(314560K), 0.0138391 secs] 897135K->691941K(1013632K), 0.0139305 secs] [Times: user=0.01 sys=0.00, real=0.01 secs] 
2021-01-22T21:00:42.533-0800: 91.101: [GC (Allocation Failure) 2021-01-22T21:00:42.534-0800: 91.101: [DefNew: 314559K->314559K(314560K), 0.0000196 secs]2021-01-22T21:00:42.534-0800: 91.101: [Tenured: 656998K->399048K(699072K), 0.0514314 secs] 971557K->399048K(1013632K), [Metaspace: 2698K->2698K(1056768K)], 0.0515365 secs] [Times: user=0.05 sys=0.00, real=0.05 secs] 
2021-01-22T21:00:42.633-0800: 91.201: [GC (Allocation Failure) 2021-01-22T21:00:42.633-0800: 91.201: [DefNew: 279616K->34942K(314560K), 0.0165290 secs] 678664K->489305K(1013632K), 0.0166169 secs] [Times: user=0.02 sys=0.00, real=0.02 secs] 
2021-01-22T21:00:42.689-0800: 91.256: [GC (Allocation Failure) 2021-01-22T21:00:42.689-0800: 91.256: [DefNew: 314558K->34943K(314560K), 0.0149385 secs] 768921K->571351K(1013632K), 0.0150306 secs] [Times: user=0.01 sys=0.00, real=0.02 secs] 
2021-01-22T21:00:42.734-0800: 91.301: [GC (Allocation Failure) 2021-01-22T21:00:42.734-0800: 91.302: [DefNew: 314559K->34943K(314560K), 0.0154317 secs] 850967K->649960K(1013632K), 0.0155243 secs] [Times: user=0.02 sys=0.01, real=0.01 secs] 
2021-01-22T21:00:42.780-0800: 91.348: [GC (Allocation Failure) 2021-01-22T21:00:42.780-0800: 91.348: [DefNew: 314559K->314559K(314560K), 0.0000199 secs]2021-01-22T21:00:42.780-0800: 91.348: [Tenured: 615016K->395228K(699072K), 0.0464059 secs] 929576K->395228K(1013632K), [Metaspace: 2698K->2698K(1056768K)], 0.0465236 secs] [Times: user=0.04 sys=0.00, real=0.04 secs] 
2021-01-22T21:00:42.856-0800: 91.423: [GC (Allocation Failure) 2021-01-22T21:00:42.856-0800: 91.423: [DefNew: 279616K->34942K(314560K), 0.0108299 secs] 674844K->483951K(1013632K), 0.0109200 secs] [Times: user=0.01 sys=0.00, real=0.01 secs] 
2021-01-22T21:00:42.896-0800: 91.464: [GC (Allocation Failure) 2021-01-22T21:00:42.897-0800: 91.464: [DefNew: 314558K->34943K(314560K), 0.0139967 secs] 763567K->559162K(1013632K), 0.0140854 secs] [Times: user=0.02 sys=0.00, real=0.02 secs] 
2021-01-22T21:00:42.941-0800: 91.509: [GC (Allocation Failure) 2021-01-22T21:00:42.941-0800: 91.509: [DefNew: 314559K->34943K(314560K), 0.0146666 secs] 838778K->641620K(1013632K), 0.0147523 secs] [Times: user=0.01 sys=0.00, real=0.01 secs] 
2021-01-22T21:00:42.986-0800: 91.553: [GC (Allocation Failure) 2021-01-22T21:00:42.986-0800: 91.553: [DefNew: 314559K->314559K(314560K), 0.0000184 secs]2021-01-22T21:00:42.986-0800: 91.553: [Tenured: 606676K->407251K(699072K), 0.0472401 secs] 921236K->407251K(1013632K), [Metaspace: 2698K->2698K(1056768K)], 0.0473561 secs] [Times: user=0.05 sys=0.00, real=0.05 secs] 
2021-01-22T21:00:43.069-0800: 91.637: [GC (Allocation Failure) 2021-01-22T21:00:43.069-0800: 91.637: [DefNew: 279616K->34943K(314560K), 0.0151965 secs] 686867K->490487K(1013632K), 0.0153999 secs] [Times: user=0.02 sys=0.00, real=0.02 secs] 
2021-01-22T21:00:43.116-0800: 91.684: [GC (Allocation Failure) 2021-01-22T21:00:43.117-0800: 91.684: [DefNew: 314559K->34943K(314560K), 0.0154056 secs] 770103K->559245K(1013632K), 0.0154962 secs] [Times: user=0.01 sys=0.00, real=0.02 secs] 
2021-01-22T21:00:43.167-0800: 91.735: [GC (Allocation Failure) 2021-01-22T21:00:43.167-0800: 91.735: [DefNew: 314559K->34943K(314560K), 0.0146994 secs] 838861K->638165K(1013632K), 0.0147871 secs] [Times: user=0.01 sys=0.00, real=0.02 secs] 
2021-01-22T21:00:43.211-0800: 91.779: [GC (Allocation Failure) 2021-01-22T21:00:43.212-0800: 91.779: [DefNew: 314559K->314559K(314560K), 0.0000201 secs]2021-01-22T21:00:43.212-0800: 91.779: [Tenured: 603221K->365927K(699072K), 0.0457356 secs] 917781K->365927K(1013632K), [Metaspace: 2698K->2698K(1056768K)], 0.0458626 secs] [Times: user=0.05 sys=0.00, real=0.04 secs] 
2021-01-22T21:00:43.288-0800: 91.856: [GC (Allocation Failure) 2021-01-22T21:00:43.288-0800: 91.856: [DefNew: 279616K->34943K(314560K), 0.0113488 secs] 645543K->458368K(1013632K), 0.0114384 secs] [Times: user=0.01 sys=0.00, real=0.01 secs] 
2021-01-22T21:00:43.330-0800: 91.897: [GC (Allocation Failure) 2021-01-22T21:00:43.330-0800: 91.897: [DefNew: 314559K->34943K(314560K), 0.0137553 secs] 737984K->532735K(1013632K), 0.0138660 secs] [Times: user=0.01 sys=0.00, real=0.01 secs] 
2021-01-22T21:00:43.373-0800: 91.941: [GC (Allocation Failure) 2021-01-22T21:00:43.373-0800: 91.941: [DefNew: 314559K->34943K(314560K), 0.0142574 secs] 812351K->615049K(1013632K), 0.0143446 secs] [Times: user=0.02 sys=0.00, real=0.01 secs] 
2021-01-22T21:00:43.416-0800: 91.984: [GC (Allocation Failure) 2021-01-22T21:00:43.416-0800: 91.984: [DefNew: 314559K->34943K(314560K), 0.0151837 secs] 894665K->703901K(1013632K), 0.0152815 secs] [Times: user=0.01 sys=0.00, real=0.02 secs] 
2021-01-22T21:00:43.462-0800: 92.030: [GC (Allocation Failure) 2021-01-22T21:00:43.462-0800: 92.030: [DefNew: 314559K->314559K(314560K), 0.0000204 secs]2021-01-22T21:00:43.462-0800: 92.030: [Tenured: 668957K->408010K(699072K), 0.0451880 secs] 983517K->408010K(1013632K), [Metaspace: 2698K->2698K(1056768K)], 0.0453149 secs] [Times: user=0.05 sys=0.00, real=0.04 secs] 
2021-01-22T21:00:43.540-0800: 92.108: [GC (Allocation Failure) 2021-01-22T21:00:43.540-0800: 92.108: [DefNew: 279616K->34942K(314560K), 0.0106745 secs] 687626K->493969K(1013632K), 0.0107617 secs] [Times: user=0.01 sys=0.00, real=0.01 secs] 
2021-01-22T21:00:43.587-0800: 92.154: [GC (Allocation Failure) 2021-01-22T21:00:43.587-0800: 92.154: [DefNew: 314558K->34943K(314560K), 0.0144300 secs] 773585K->573149K(1013632K), 0.0145508 secs] [Times: user=0.02 sys=0.00, real=0.02 secs] 
2021-01-22T21:00:43.635-0800: 92.203: [GC (Allocation Failure) 2021-01-22T21:00:43.635-0800: 92.203: [DefNew: 314559K->34943K(314560K), 0.0194833 secs] 852765K->653969K(1013632K), 0.0195767 secs] [Times: user=0.02 sys=0.00, real=0.02 secs] 
2021-01-22T21:00:43.684-0800: 92.252: [GC (Allocation Failure) 2021-01-22T21:00:43.684-0800: 92.252: [DefNew: 314559K->314559K(314560K), 0.0000201 secs]2021-01-22T21:00:43.684-0800: 92.252: [Tenured: 619025K->411472K(699072K), 0.0491445 secs] 933585K->411472K(1013632K), [Metaspace: 2698K->2698K(1056768K)], 0.0492658 secs] [Times: user=0.05 sys=0.00, real=0.05 secs] 
2021-01-22T21:00:43.765-0800: 92.333: [GC (Allocation Failure) 2021-01-22T21:00:43.765-0800: 92.333: [DefNew: 279616K->34943K(314560K), 0.0117835 secs] 691088K->502229K(1013632K), 0.0118680 secs] [Times: user=0.01 sys=0.00, real=0.01 secs] 
2021-01-22T21:00:43.807-0800: 92.374: [GC (Allocation Failure) 2021-01-22T21:00:43.807-0800: 92.374: [DefNew: 314559K->34943K(314560K), 0.0157209 secs] 781845K->590569K(1013632K), 0.0158091 secs] [Times: user=0.02 sys=0.00, real=0.02 secs] 
2021-01-22T21:00:43.855-0800: 92.423: [GC (Allocation Failure) 2021-01-22T21:00:43.855-0800: 92.423: [DefNew: 314559K->34943K(314560K), 0.0146466 secs] 870185K->669537K(1013632K), 0.0147304 secs] [Times: user=0.01 sys=0.00, real=0.02 secs] 
2021-01-22T21:00:43.899-0800: 92.467: [GC (Allocation Failure) 2021-01-22T21:00:43.899-0800: 92.467: [DefNew: 314559K->314559K(314560K), 0.0000200 secs]2021-01-22T21:00:43.899-0800: 92.467: [Tenured: 634593K->421230K(699072K), 0.0495500 secs] 949153K->421230K(1013632K), [Metaspace: 2698K->2698K(1056768K)], 0.0496761 secs] [Times: user=0.05 sys=0.00, real=0.05 secs] 
2021-01-22T21:00:43.979-0800: 92.546: [GC (Allocation Failure) 2021-01-22T21:00:43.979-0800: 92.547: [DefNew: 279616K->34944K(314560K), 0.0108515 secs] 700846K->507345K(1013632K), 0.0109879 secs] [Times: user=0.01 sys=0.00, real=0.02 secs] 
2021-01-22T21:00:44.020-0800: 92.588: [GC (Allocation Failure) 2021-01-22T21:00:44.020-0800: 92.588: [DefNew: 314560K->34944K(314560K), 0.0143990 secs] 786961K->587023K(1013632K), 0.0145021 secs] [Times: user=0.01 sys=0.00, real=0.01 secs] 
2021-01-22T21:00:44.066-0800: 92.634: [GC (Allocation Failure) 2021-01-22T21:00:44.066-0800: 92.634: [DefNew: 314560K->34943K(314560K), 0.0183480 secs] 866639K->661904K(1013632K), 0.0184437 secs] [Times: user=0.01 sys=0.00, real=0.02 secs] 
2021-01-22T21:00:44.116-0800: 92.684: [GC (Allocation Failure) 2021-01-22T21:00:44.116-0800: 92.684: [DefNew: 314559K->314559K(314560K), 0.0000195 secs]2021-01-22T21:00:44.116-0800: 92.684: [Tenured: 626960K->368883K(699072K), 0.0558246 secs] 941520K->368883K(1013632K), [Metaspace: 2698K->2698K(1056768K)], 0.0559500 secs] [Times: user=0.06 sys=0.00, real=0.06 secs] 
2021-01-22T21:00:44.203-0800: 92.771: [GC (Allocation Failure) 2021-01-22T21:00:44.203-0800: 92.771: [DefNew: 279616K->34943K(314560K), 0.0121208 secs] 648499K->463424K(1013632K), 0.0122163 secs] [Times: user=0.01 sys=0.00, real=0.01 secs] 
2021-01-22T21:00:44.246-0800: 92.814: [GC (Allocation Failure) 2021-01-22T21:00:44.246-0800: 92.814: [DefNew: 314559K->34943K(314560K), 0.0152777 secs] 743040K->544330K(1013632K), 0.0153686 secs] [Times: user=0.02 sys=0.00, real=0.02 secs] 
2021-01-22T21:00:44.292-0800: 92.859: [GC (Allocation Failure) 2021-01-22T21:00:44.292-0800: 92.859: [DefNew: 314559K->34943K(314560K), 0.0151651 secs] 823946K->624229K(1013632K), 0.0152513 secs] [Times: user=0.01 sys=0.00, real=0.01 secs] 
2021-01-22T21:00:44.335-0800: 92.903: [GC (Allocation Failure) 2021-01-22T21:00:44.336-0800: 92.903: [DefNew: 314559K->314559K(314560K), 0.0000200 secs]2021-01-22T21:00:44.336-0800: 92.903: [Tenured: 589285K->416887K(699072K), 0.0465929 secs] 903845K->416887K(1013632K), [Metaspace: 2698K->2698K(1056768K)], 0.0467382 secs] [Times: user=0.05 sys=0.00, real=0.05 secs] 
2021-01-22T21:00:44.414-0800: 92.982: [GC (Allocation Failure) 2021-01-22T21:00:44.414-0800: 92.982: [DefNew: 279616K->34943K(314560K), 0.0099128 secs] 696503K->492406K(1013632K), 0.0100104 secs] [Times: user=0.01 sys=0.00, real=0.01 secs] 
2021-01-22T21:00:44.455-0800: 93.022: [GC (Allocation Failure) 2021-01-22T21:00:44.455-0800: 93.022: [DefNew: 314456K->34943K(314560K), 0.0142617 secs] 771918K->569306K(1013632K), 0.0143553 secs] [Times: user=0.01 sys=0.00, real=0.01 secs] 
2021-01-22T21:00:44.499-0800: 93.067: [GC (Allocation Failure) 2021-01-22T21:00:44.499-0800: 93.067: [DefNew: 314559K->34943K(314560K), 0.0146547 secs] 848922K->648168K(1013632K), 0.0147488 secs] [Times: user=0.01 sys=0.00, real=0.02 secs] 
2021-01-22T21:00:44.542-0800: 93.110: [GC (Allocation Failure) 2021-01-22T21:00:44.542-0800: 93.110: [DefNew: 314559K->314559K(314560K), 0.0000208 secs]2021-01-22T21:00:44.542-0800: 93.110: [Tenured: 613224K->408087K(699072K), 0.0569154 secs] 927784K->408087K(1013632K), [Metaspace: 2698K->2698K(1056768K)], 0.0570355 secs] [Times: user=0.06 sys=0.00, real=0.05 secs] 
2021-01-22T21:00:44.632-0800: 93.200: [GC (Allocation Failure) 2021-01-22T21:00:44.632-0800: 93.200: [DefNew: 279616K->34942K(314560K), 0.0155898 secs] 687703K->493505K(1013632K), 0.0156809 secs] [Times: user=0.01 sys=0.00, real=0.01 secs] 
2021-01-22T21:00:44.678-0800: 93.246: [GC (Allocation Failure) 2021-01-22T21:00:44.678-0800: 93.246: [DefNew: 314558K->34944K(314560K), 0.0150362 secs] 773121K->577411K(1013632K), 0.0151249 secs] [Times: user=0.02 sys=0.00, real=0.02 secs] 
2021-01-22T21:00:44.723-0800: 93.291: [GC (Allocation Failure) 2021-01-22T21:00:44.723-0800: 93.291: [DefNew: 314560K->34943K(314560K), 0.0145294 secs] 857027K->659845K(1013632K), 0.0146215 secs] [Times: user=0.01 sys=0.00, real=0.01 secs] 
2021-01-22T21:00:44.766-0800: 93.334: [GC (Allocation Failure) 2021-01-22T21:00:44.766-0800: 93.334: [DefNew: 314559K->314559K(314560K), 0.0000203 secs]2021-01-22T21:00:44.766-0800: 93.334: [Tenured: 624901K->413481K(699072K), 0.0486191 secs] 939461K->413481K(1013632K), [Metaspace: 2698K->2698K(1056768K)], 0.0487449 secs] [Times: user=0.05 sys=0.01, real=0.05 secs] 
2021-01-22T21:00:44.845-0800: 93.413: [GC (Allocation Failure) 2021-01-22T21:00:44.845-0800: 93.413: [DefNew: 279544K->34943K(314560K), 0.0104981 secs] 693025K->498005K(1013632K), 0.0105842 secs] [Times: user=0.01 sys=0.00, real=0.01 secs] 
2021-01-22T21:00:44.885-0800: 93.453: [GC (Allocation Failure) 2021-01-22T21:00:44.885-0800: 93.453: [DefNew: 314559K->34943K(314560K), 0.0140371 secs] 777621K->577187K(1013632K), 0.0141307 secs] [Times: user=0.01 sys=0.00, real=0.02 secs] 
2021-01-22T21:00:44.928-0800: 93.496: [GC (Allocation Failure) 2021-01-22T21:00:44.928-0800: 93.496: [DefNew: 314559K->34943K(314560K), 0.0140786 secs] 856803K->654068K(1013632K), 0.0141989 secs] [Times: user=0.01 sys=0.00, real=0.02 secs] 
2021-01-22T21:00:44.972-0800: 93.540: [GC (Allocation Failure) 2021-01-22T21:00:44.972-0800: 93.540: [DefNew: 314559K->314559K(314560K), 0.0000198 secs]2021-01-22T21:00:44.972-0800: 93.540: [Tenured: 619124K->379817K(699072K), 0.0489237 secs] 933684K->379817K(1013632K), [Metaspace: 2698K->2698K(1056768K)], 0.0490492 secs] [Times: user=0.05 sys=0.00, real=0.05 secs] 
2021-01-22T21:00:45.052-0800: 93.619: [GC (Allocation Failure) 2021-01-22T21:00:45.052-0800: 93.619: [DefNew: 279616K->34943K(314560K), 0.0116062 secs] 659433K->473459K(1013632K), 0.0116949 secs] [Times: user=0.01 sys=0.00, real=0.01 secs] 
2021-01-22T21:00:45.100-0800: 93.668: [GC (Allocation Failure) 2021-01-22T21:00:45.100-0800: 93.668: [DefNew: 314559K->34943K(314560K), 0.0151648 secs] 753075K->556127K(1013632K), 0.0152549 secs] [Times: user=0.01 sys=0.00, real=0.01 secs] 
2021-01-22T21:00:45.153-0800: 93.721: [GC (Allocation Failure) 2021-01-22T21:00:45.153-0800: 93.721: [DefNew: 314559K->34943K(314560K), 0.0137048 secs] 835743K->629855K(1013632K), 0.0137931 secs] [Times: user=0.02 sys=0.00, real=0.01 secs] 
2021-01-22T21:00:45.199-0800: 93.767: [GC (Allocation Failure) 2021-01-22T21:00:45.199-0800: 93.767: [DefNew: 314559K->314559K(314560K), 0.0000195 secs]2021-01-22T21:00:45.199-0800: 93.767: [Tenured: 594911K->411882K(699072K), 0.0464661 secs] 909471K->411882K(1013632K), [Metaspace: 2698K->2698K(1056768K)], 0.0465905 secs] [Times: user=0.04 sys=0.00, real=0.05 secs] 
2021-01-22T21:00:45.277-0800: 93.845: [GC (Allocation Failure) 2021-01-22T21:00:45.277-0800: 93.845: [DefNew: 279616K->34943K(314560K), 0.0108230 secs] 691498K->495367K(1013632K), 0.0109237 secs] [Times: user=0.01 sys=0.00, real=0.01 secs] 
2021-01-22T21:00:45.320-0800: 93.888: [GC (Allocation Failure) 2021-01-22T21:00:45.320-0800: 93.888: [DefNew: 314559K->34943K(314560K), 0.0136970 secs] 774983K->568401K(1013632K), 0.0137861 secs] [Times: user=0.01 sys=0.00, real=0.01 secs] 
2021-01-22T21:00:45.365-0800: 93.933: [GC (Allocation Failure) 2021-01-22T21:00:45.365-0800: 93.933: [DefNew: 314559K->34941K(314560K), 0.0134417 secs] 848017K->642392K(1013632K), 0.0135340 secs] [Times: user=0.01 sys=0.00, real=0.01 secs] 
2021-01-22T21:00:45.409-0800: 93.976: [GC (Allocation Failure) 2021-01-22T21:00:45.409-0800: 93.976: [DefNew: 314557K->314557K(314560K), 0.0000201 secs]2021-01-22T21:00:45.409-0800: 93.976: [Tenured: 607451K->396134K(699072K), 0.0451799 secs] 922008K->396134K(1013632K), [Metaspace: 2698K->2698K(1056768K)], 0.0453000 secs] [Times: user=0.05 sys=0.00, real=0.05 secs] 
2021-01-22T21:00:45.485-0800: 94.052: [GC (Allocation Failure) 2021-01-22T21:00:45.485-0800: 94.052: [DefNew: 279294K->34943K(314560K), 0.0106037 secs] 675428K->478714K(1013632K), 0.0106988 secs] [Times: user=0.01 sys=0.00, real=0.01 secs] 
2021-01-22T21:00:45.524-0800: 94.092: [GC (Allocation Failure) 2021-01-22T21:00:45.524-0800: 94.092: [DefNew: 314559K->34942K(314560K), 0.0138955 secs] 758330K->557062K(1013632K), 0.0139865 secs] [Times: user=0.01 sys=0.00, real=0.01 secs] 
2021-01-22T21:00:45.572-0800: 94.140: [GC (Allocation Failure) 2021-01-22T21:00:45.572-0800: 94.140: [DefNew: 314558K->34943K(314560K), 0.0135668 secs] 836678K->629697K(1013632K), 0.0136923 secs] [Times: user=0.02 sys=0.00, real=0.01 secs] 
2021-01-22T21:00:45.621-0800: 94.189: [GC (Allocation Failure) 2021-01-22T21:00:45.621-0800: 94.189: [DefNew: 314559K->314559K(314560K), 0.0000202 secs]2021-01-22T21:00:45.621-0800: 94.189: [Tenured: 594753K->391297K(699072K), 0.0793504 secs] 909313K->391297K(1013632K), [Metaspace: 2698K->2698K(1056768K)], 0.0794859 secs] [Times: user=0.08 sys=0.00, real=0.08 secs] 
2021-01-22T21:00:45.774-0800: 94.342: [GC (Allocation Failure) 2021-01-22T21:00:45.774-0800: 94.342: [DefNew: 279616K->34943K(314560K), 0.0334213 secs] 670913K->474073K(1013632K), 0.0337100 secs] [Times: user=0.03 sys=0.00, real=0.03 secs] 
2021-01-22T21:00:45.903-0800: 94.470: [GC (Allocation Failure) 2021-01-22T21:00:45.903-0800: 94.470: [DefNew: 314559K->34944K(314560K), 0.0401330 secs] 753689K->554606K(1013632K), 0.0402365 secs] [Times: user=0.04 sys=0.00, real=0.04 secs] 
2021-01-22T21:00:46.001-0800: 94.568: [GC (Allocation Failure) 2021-01-22T21:00:46.001-0800: 94.569: [DefNew: 314560K->34943K(314560K), 0.0386822 secs] 834222K->638593K(1013632K), 0.0395775 secs] [Times: user=0.04 sys=0.00, real=0.04 secs] 
2021-01-22T21:00:46.124-0800: 94.692: [GC (Allocation Failure) 2021-01-22T21:00:46.125-0800: 94.692: [DefNew: 314559K->314559K(314560K), 0.0000937 secs]2021-01-22T21:00:46.125-0800: 94.692: [Tenured: 603649K->368445K(699072K), 0.1357165 secs] 918209K->368445K(1013632K), [Metaspace: 2698K->2698K(1056768K)], 0.1360388 secs] [Times: user=0.12 sys=0.00, real=0.14 secs] 
2021-01-22T21:00:46.307-0800: 94.875: [GC (Allocation Failure) 2021-01-22T21:00:46.307-0800: 94.875: [DefNew: 279616K->34942K(314560K), 0.0160398 secs] 648061K->458862K(1013632K), 0.0162936 secs] [Times: user=0.02 sys=0.00, real=0.02 secs] 
2021-01-22T21:00:46.353-0800: 94.921: [GC (Allocation Failure) 2021-01-22T21:00:46.354-0800: 94.921: [DefNew: 313894K->34943K(314560K), 0.0146858 secs] 737813K->541108K(1013632K), 0.0147948 secs] [Times: user=0.01 sys=0.00, real=0.01 secs] 
2021-01-22T21:00:46.401-0800: 94.969: [GC (Allocation Failure) 2021-01-22T21:00:46.401-0800: 94.969: [DefNew: 314559K->34943K(314560K), 0.0144536 secs] 820724K->620658K(1013632K), 0.0145454 secs] [Times: user=0.02 sys=0.00, real=0.01 secs] 
2021-01-22T21:00:46.448-0800: 95.015: [GC (Allocation Failure) 2021-01-22T21:00:46.448-0800: 95.015: [DefNew: 314559K->34943K(314560K), 0.0141069 secs] 900274K->697368K(1013632K), 0.0142032 secs] [Times: user=0.01 sys=0.00, real=0.02 secs] 
2021-01-22T21:00:46.492-0800: 95.059: [GC (Allocation Failure) 2021-01-22T21:00:46.492-0800: 95.059: [DefNew: 314490K->314490K(314560K), 0.0000218 secs]2021-01-22T21:00:46.492-0800: 95.059: [Tenured: 662424K->417833K(699072K), 0.0479325 secs] 976914K->417833K(1013632K), [Metaspace: 2698K->2698K(1056768K)], 0.0480597 secs] [Times: user=0.05 sys=0.00, real=0.05 secs] 
2021-01-22T21:00:46.577-0800: 95.145: [GC (Allocation Failure) 2021-01-22T21:00:46.577-0800: 95.145: [DefNew: 279616K->34944K(314560K), 0.0109456 secs] 697449K->506198K(1013632K), 0.0110323 secs] [Times: user=0.01 sys=0.00, real=0.01 secs] 
2021-01-22T21:00:46.624-0800: 95.192: [GC (Allocation Failure) 2021-01-22T21:00:46.625-0800: 95.192: [DefNew: 314501K->34942K(314560K), 0.0142669 secs] 785755K->582241K(1013632K), 0.0143656 secs] [Times: user=0.02 sys=0.00, real=0.01 secs] 
2021-01-22T21:00:46.671-0800: 95.239: [GC (Allocation Failure) 2021-01-22T21:00:46.671-0800: 95.239: [DefNew: 314558K->34942K(314560K), 0.0144872 secs] 861857K->661891K(1013632K), 0.0145807 secs] [Times: user=0.01 sys=0.00, real=0.01 secs] 
2021-01-22T21:00:46.718-0800: 95.286: [GC (Allocation Failure) 2021-01-22T21:00:46.718-0800: 95.286: [DefNew: 314558K->314558K(314560K), 0.0000217 secs]2021-01-22T21:00:46.718-0800: 95.286: [Tenured: 626948K->402769K(699072K), 0.0454119 secs] 941507K->402769K(1013632K), [Metaspace: 2698K->2698K(1056768K)], 0.0455427 secs] [Times: user=0.05 sys=0.00, real=0.05 secs] 
2021-01-22T21:00:46.793-0800: 95.361: [GC (Allocation Failure) 2021-01-22T21:00:46.793-0800: 95.361: [DefNew: 279616K->34944K(314560K), 0.0115617 secs] 682385K->493142K(1013632K), 0.0116605 secs] [Times: user=0.01 sys=0.00, real=0.01 secs] 
2021-01-22T21:00:46.834-0800: 95.402: [GC (Allocation Failure) 2021-01-22T21:00:46.834-0800: 95.402: [DefNew: 314560K->34944K(314560K), 0.0138275 secs] 772758K->570664K(1013632K), 0.0139284 secs] [Times: user=0.01 sys=0.00, real=0.01 secs] 
2021-01-22T21:00:46.877-0800: 95.444: [GC (Allocation Failure) 2021-01-22T21:00:46.877-0800: 95.444: [DefNew: 314560K->34943K(314560K), 0.0135136 secs] 850280K->646069K(1013632K), 0.0136064 secs] [Times: user=0.02 sys=0.00, real=0.02 secs] 
2021-01-22T21:00:46.920-0800: 95.488: [GC (Allocation Failure) 2021-01-22T21:00:46.921-0800: 95.488: [DefNew: 314559K->314559K(314560K), 0.0000318 secs]2021-01-22T21:00:46.921-0800: 95.488: [Tenured: 611125K->399422K(699072K), 0.0452004 secs] 925685K->399422K(1013632K), [Metaspace: 2698K->2698K(1056768K)], 0.0453722 secs] [Times: user=0.04 sys=0.00, real=0.04 secs] 
2021-01-22T21:00:46.996-0800: 95.564: [GC (Allocation Failure) 2021-01-22T21:00:46.996-0800: 95.564: [DefNew: 279616K->34943K(314560K), 0.0106013 secs] 679038K->483962K(1013632K), 0.0106998 secs] [Times: user=0.01 sys=0.00, real=0.01 secs] 
2021-01-22T21:00:47.036-0800: 95.604: [GC (Allocation Failure) 2021-01-22T21:00:47.036-0800: 95.604: [DefNew: 314559K->34941K(314560K), 0.0141860 secs] 763578K->564852K(1013632K), 0.0142819 secs] [Times: user=0.01 sys=0.00, real=0.02 secs] 
2021-01-22T21:00:47.081-0800: 95.648: [GC (Allocation Failure) 2021-01-22T21:00:47.081-0800: 95.649: [DefNew: 314557K->34943K(314560K), 0.0188777 secs] 844468K->645181K(1013632K), 0.0189719 secs] [Times: user=0.02 sys=0.00, real=0.02 secs] 
2021-01-22T21:00:47.130-0800: 95.698: [GC (Allocation Failure) 2021-01-22T21:00:47.130-0800: 95.698: [DefNew: 314559K->314559K(314560K), 0.0000220 secs]2021-01-22T21:00:47.131-0800: 95.698: [Tenured: 610237K->368280K(699072K), 0.0533899 secs] 924797K->368280K(1013632K), [Metaspace: 2698K->2698K(1056768K)], 0.0535238 secs] [Times: user=0.06 sys=0.00, real=0.05 secs] 
2021-01-22T21:00:47.215-0800: 95.782: [GC (Allocation Failure) 2021-01-22T21:00:47.215-0800: 95.782: [DefNew: 279616K->34944K(314560K), 0.0114595 secs] 647896K->458722K(1013632K), 0.0115609 secs] [Times: user=0.01 sys=0.00, real=0.01 secs] 
2021-01-22T21:00:47.255-0800: 95.823: [GC (Allocation Failure) 2021-01-22T21:00:47.255-0800: 95.823: [DefNew: 314560K->34941K(314560K), 0.0144716 secs] 738338K->537217K(1013632K), 0.0146099 secs] [Times: user=0.01 sys=0.00, real=0.02 secs] 
2021-01-22T21:00:47.300-0800: 95.867: [GC (Allocation Failure) 2021-01-22T21:00:47.300-0800: 95.867: [DefNew: 314557K->34943K(314560K), 0.0153675 secs] 816833K->611372K(1013632K), 0.0154642 secs] [Times: user=0.02 sys=0.01, real=0.01 secs] 
2021-01-22T21:00:47.347-0800: 95.915: [GC (Allocation Failure) 2021-01-22T21:00:47.347-0800: 95.915: [DefNew: 314559K->34943K(314560K), 0.0135357 secs] 890988K->681151K(1013632K), 0.0136440 secs] [Times: user=0.01 sys=0.00, real=0.02 secs] 
2021-01-22T21:00:47.393-0800: 95.961: [GC (Allocation Failure) 2021-01-22T21:00:47.393-0800: 95.961: [DefNew: 314559K->314559K(314560K), 0.0000222 secs]2021-01-22T21:00:47.393-0800: 95.961: [Tenured: 646207K->399260K(699072K), 0.0455945 secs] 960767K->399260K(1013632K), [Metaspace: 2698K->2698K(1056768K)], 0.0457301 secs] [Times: user=0.05 sys=0.00, real=0.04 secs] 
2021-01-22T21:00:47.469-0800: 96.037: [GC (Allocation Failure) 2021-01-22T21:00:47.470-0800: 96.037: [DefNew: 279616K->34942K(314560K), 0.0114450 secs] 678876K->489557K(1013632K), 0.0115344 secs] [Times: user=0.01 sys=0.00, real=0.02 secs] 
2021-01-22T21:00:47.511-0800: 96.079: [GC (Allocation Failure) 2021-01-22T21:00:47.511-0800: 96.079: [DefNew: 314558K->34944K(314560K), 0.0145720 secs] 769173K->573195K(1013632K), 0.0146645 secs] [Times: user=0.01 sys=0.00, real=0.01 secs] 
2021-01-22T21:00:47.563-0800: 96.131: [GC (Allocation Failure) 2021-01-22T21:00:47.563-0800: 96.131: [DefNew: 314560K->34943K(314560K), 0.0174992 secs] 852811K->652511K(1013632K), 0.0175878 secs] [Times: user=0.01 sys=0.00, real=0.02 secs] 
2021-01-22T21:00:47.615-0800: 96.183: [GC (Allocation Failure) 2021-01-22T21:00:47.615-0800: 96.183: [DefNew: 314559K->314559K(314560K), 0.0000220 secs]2021-01-22T21:00:47.615-0800: 96.183: [Tenured: 617567K->413923K(699072K), 0.0546114 secs] 932127K->413923K(1013632K), [Metaspace: 2698K->2698K(1056768K)], 0.0547444 secs] [Times: user=0.05 sys=0.00, real=0.06 secs] 
2021-01-22T21:00:47.701-0800: 96.269: [GC (Allocation Failure) 2021-01-22T21:00:47.701-0800: 96.269: [DefNew: 279616K->34943K(314560K), 0.0114282 secs] 693539K->504571K(1013632K), 0.0115378 secs] [Times: user=0.01 sys=0.00, real=0.01 secs] 
2021-01-22T21:00:47.745-0800: 96.312: [GC (Allocation Failure) 2021-01-22T21:00:47.745-0800: 96.312: [DefNew: 314229K->34942K(314560K), 0.0146743 secs] 783857K->584830K(1013632K), 0.0147719 secs] [Times: user=0.01 sys=0.00, real=0.01 secs] 
2021-01-22T21:00:47.791-0800: 96.358: [GC (Allocation Failure) 2021-01-22T21:00:47.791-0800: 96.358: [DefNew: 314418K->34944K(314560K), 0.0142995 secs] 864306K->662314K(1013632K), 0.0144118 secs] [Times: user=0.02 sys=0.00, real=0.01 secs] 
2021-01-22T21:00:47.839-0800: 96.407: [GC (Allocation Failure) 2021-01-22T21:00:47.839-0800: 96.407: [DefNew: 314560K->314560K(314560K), 0.0000212 secs]2021-01-22T21:00:47.839-0800: 96.407: [Tenured: 627370K->390740K(699072K), 0.0500831 secs] 941930K->390740K(1013632K), [Metaspace: 2698K->2698K(1056768K)], 0.0712298 secs] [Times: user=0.05 sys=0.00, real=0.08 secs] 
2021-01-22T21:00:47.953-0800: 96.520: [GC (Allocation Failure) 2021-01-22T21:00:47.953-0800: 96.520: [DefNew: 279616K->34943K(314560K), 0.0106062 secs] 670356K->467339K(1013632K), 0.0107024 secs] [Times: user=0.01 sys=0.00, real=0.01 secs] 
2021-01-22T21:00:47.996-0800: 96.563: [GC (Allocation Failure) 2021-01-22T21:00:47.996-0800: 96.564: [DefNew: 314559K->34944K(314560K), 0.0141541 secs] 746955K->545825K(1013632K), 0.0149125 secs] [Times: user=0.02 sys=0.00, real=0.02 secs] 
2021-01-22T21:00:48.040-0800: 96.608: [GC (Allocation Failure) 2021-01-22T21:00:48.040-0800: 96.608: [DefNew: 314560K->34943K(314560K), 0.0145069 secs] 825441K->624035K(1013632K), 0.0146045 secs] [Times: user=0.02 sys=0.00, real=0.01 secs] 
2021-01-22T21:00:48.090-0800: 96.657: [GC (Allocation Failure) 2021-01-22T21:00:48.090-0800: 96.658: [DefNew: 314559K->34943K(314560K), 0.0190052 secs] 903651K->703749K(1013632K), 0.0191337 secs] [Times: user=0.02 sys=0.00, real=0.01 secs] 
2021-01-22T21:00:48.139-0800: 96.707: [GC (Allocation Failure) 2021-01-22T21:00:48.140-0800: 96.707: [DefNew: 314559K->314559K(314560K), 0.0000225 secs]2021-01-22T21:00:48.140-0800: 96.707: [Tenured: 668805K->369461K(699072K), 0.0535726 secs] 983365K->369461K(1013632K), [Metaspace: 2698K->2698K(1056768K)], 0.0537112 secs] [Times: user=0.06 sys=0.00, real=0.06 secs] 
2021-01-22T21:00:48.224-0800: 96.792: [GC (Allocation Failure) 2021-01-22T21:00:48.224-0800: 96.792: [DefNew: 279616K->34943K(314560K), 0.0114505 secs] 649077K->460023K(1013632K), 0.0115423 secs] [Times: user=0.01 sys=0.00, real=0.01 secs] 
2021-01-22T21:00:48.266-0800: 96.834: [GC (Allocation Failure) 2021-01-22T21:00:48.266-0800: 96.834: [DefNew: 314559K->34942K(314560K), 0.0141818 secs] 739639K->538906K(1013632K), 0.0142811 secs] [Times: user=0.01 sys=0.00, real=0.02 secs] 
2021-01-22T21:00:48.312-0800: 96.880: [GC (Allocation Failure) 2021-01-22T21:00:48.312-0800: 96.880: [DefNew: 314558K->34941K(314560K), 0.0137820 secs] 818522K->615733K(1013632K), 0.0138797 secs] [Times: user=0.02 sys=0.00, real=0.01 secs] 
2021-01-22T21:00:48.355-0800: 96.922: [GC (Allocation Failure) 2021-01-22T21:00:48.355-0800: 96.922: [DefNew: 314557K->34944K(314560K), 0.0156762 secs] 895349K->698037K(1013632K), 0.0157732 secs] [Times: user=0.01 sys=0.00, real=0.02 secs] 
2021-01-22T21:00:48.406-0800: 96.973: [GC (Allocation Failure) 2021-01-22T21:00:48.406-0800: 96.973: [DefNew: 314560K->314560K(314560K), 0.0000213 secs]2021-01-22T21:00:48.406-0800: 96.973: [Tenured: 663093K->394303K(699072K), 0.0485915 secs] 977653K->394303K(1013632K), [Metaspace: 2698K->2698K(1056768K)], 0.0487212 secs] [Times: user=0.05 sys=0.00, real=0.05 secs] 
2021-01-22T21:00:48.486-0800: 97.054: [GC (Allocation Failure) 2021-01-22T21:00:48.486-0800: 97.054: [DefNew: 279616K->34943K(314560K), 0.0111171 secs] 673919K->478109K(1013632K), 0.0112109 secs] [Times: user=0.01 sys=0.00, real=0.01 secs] 
2021-01-22T21:00:48.528-0800: 97.096: [GC (Allocation Failure) 2021-01-22T21:00:48.528-0800: 97.096: [DefNew: 314559K->34944K(314560K), 0.0136252 secs] 757725K->549619K(1013632K), 0.0137164 secs] [Times: user=0.02 sys=0.00, real=0.02 secs] 
2021-01-22T21:00:48.571-0800: 97.139: [GC (Allocation Failure) 2021-01-22T21:00:48.571-0800: 97.139: [DefNew: 314552K->34944K(314560K), 0.0184845 secs] 829227K->636782K(1013632K), 0.0186030 secs] [Times: user=0.01 sys=0.00, real=0.02 secs] 
2021-01-22T21:00:48.625-0800: 97.192: [GC (Allocation Failure) 2021-01-22T21:00:48.625-0800: 97.192: [DefNew: 314560K->314560K(314560K), 0.0000214 secs]2021-01-22T21:00:48.625-0800: 97.193: [Tenured: 601838K->406305K(699072K), 0.0555980 secs] 916398K->406305K(1013632K), [Metaspace: 2698K->2698K(1056768K)], 0.0557288 secs] [Times: user=0.05 sys=0.00, real=0.06 secs] 
2021-01-22T21:00:48.713-0800: 97.281: [GC (Allocation Failure) 2021-01-22T21:00:48.713-0800: 97.281: [DefNew: 279616K->34943K(314560K), 0.0109668 secs] 685921K->491736K(1013632K), 0.0110638 secs] [Times: user=0.02 sys=0.00, real=0.01 secs] 
2021-01-22T21:00:48.753-0800: 97.320: [GC (Allocation Failure) 2021-01-22T21:00:48.753-0800: 97.320: [DefNew: 314559K->34943K(314560K), 0.0140645 secs] 771352K->571946K(1013632K), 0.0141585 secs] [Times: user=0.02 sys=0.00, real=0.01 secs] 
2021-01-22T21:00:48.796-0800: 97.364: [GC (Allocation Failure) 2021-01-22T21:00:48.796-0800: 97.364: [DefNew: 314559K->34942K(314560K), 0.0135307 secs] 851562K->647129K(1013632K), 0.0136290 secs] [Times: user=0.01 sys=0.00, real=0.02 secs] 
2021-01-22T21:00:48.840-0800: 97.408: [GC (Allocation Failure) 2021-01-22T21:00:48.840-0800: 97.408: [DefNew: 314558K->314558K(314560K), 0.0000236 secs]2021-01-22T21:00:48.840-0800: 97.408: [Tenured: 612186K->403575K(699072K), 0.0564432 secs] 926745K->403575K(1013632K), [Metaspace: 2698K->2698K(1056768K)], 0.0565839 secs] [Times: user=0.05 sys=0.00, real=0.05 secs] 
2021-01-22T21:00:48.944-0800: 97.512: [GC (Allocation Failure) 2021-01-22T21:00:48.944-0800: 97.512: [DefNew: 279051K->34943K(314560K), 0.0223668 secs] 682626K->496623K(1013632K), 0.0224869 secs] [Times: user=0.02 sys=0.00, real=0.02 secs] 
2021-01-22T21:00:49.012-0800: 97.580: [GC (Allocation Failure) 2021-01-22T21:00:49.012-0800: 97.580: [DefNew: 314559K->34944K(314560K), 0.0162980 secs] 776239K->577944K(1013632K), 0.0164554 secs] [Times: user=0.02 sys=0.00, real=0.01 secs] 
2021-01-22T21:00:49.064-0800: 97.632: [GC (Allocation Failure) 2021-01-22T21:00:49.065-0800: 97.632: [DefNew: 314560K->34942K(314560K), 0.0162296 secs] 857560K->653628K(1013632K), 0.0163240 secs] [Times: user=0.02 sys=0.00, real=0.02 secs] 
2021-01-22T21:00:49.118-0800: 97.685: [GC (Allocation Failure) 2021-01-22T21:00:49.118-0800: 97.685: [DefNew: 314242K->314242K(314560K), 0.0000223 secs]2021-01-22T21:00:49.118-0800: 97.686: [Tenured: 618685K->380534K(699072K), 0.0585009 secs] 932927K->380534K(1013632K), [Metaspace: 2698K->2698K(1056768K)], 0.0586522 secs] [Times: user=0.06 sys=0.01, real=0.06 secs] 
2021-01-22T21:00:49.212-0800: 97.780: [GC (Allocation Failure) 2021-01-22T21:00:49.212-0800: 97.780: [DefNew: 279616K->34943K(314560K), 0.0119180 secs] 660150K->460676K(1013632K), 0.0120305 secs] [Times: user=0.01 sys=0.00, real=0.01 secs] 
2021-01-22T21:00:49.275-0800: 97.843: [GC (Allocation Failure) 2021-01-22T21:00:49.275-0800: 97.843: [DefNew: 314559K->34942K(314560K), 0.0147387 secs] 740292K->534968K(1013632K), 0.0148298 secs] [Times: user=0.01 sys=0.00, real=0.02 secs] 
2021-01-22T21:00:49.322-0800: 97.889: [GC (Allocation Failure) 2021-01-22T21:00:49.322-0800: 97.889: [DefNew: 314558K->34942K(314560K), 0.0155320 secs] 814584K->619727K(1013632K), 0.0156397 secs] [Times: user=0.01 sys=0.00, real=0.01 secs] 
2021-01-22T21:00:49.369-0800: 97.937: [GC (Allocation Failure) 2021-01-22T21:00:49.369-0800: 97.937: [DefNew: 314558K->34943K(314560K), 0.0158883 secs] 899343K->697515K(1013632K), 0.0159882 secs] [Times: user=0.02 sys=0.00, real=0.02 secs] 
2021-01-22T21:00:49.423-0800: 97.991: [GC (Allocation Failure) 2021-01-22T21:00:49.423-0800: 97.991: [DefNew: 314559K->314559K(314560K), 0.0000320 secs]2021-01-22T21:00:49.423-0800: 97.991: [Tenured: 662572K->403934K(699072K), 0.0482835 secs] 977131K->403934K(1013632K), [Metaspace: 2698K->2698K(1056768K)], 0.0484544 secs] [Times: user=0.05 sys=0.00, real=0.05 secs] 
2021-01-22T21:00:49.513-0800: 98.080: [GC (Allocation Failure) 2021-01-22T21:00:49.513-0800: 98.080: [DefNew: 279616K->34944K(314560K), 0.0144448 secs] 683550K->487706K(1013632K), 0.0146003 secs] [Times: user=0.01 sys=0.00, real=0.01 secs] 
2021-01-22T21:00:49.569-0800: 98.137: [GC (Allocation Failure) 2021-01-22T21:00:49.569-0800: 98.137: [DefNew: 314560K->34943K(314560K), 0.0239885 secs] 767322K->577215K(1013632K), 0.0241002 secs] [Times: user=0.01 sys=0.00, real=0.03 secs] 
2021-01-22T21:00:49.635-0800: 98.202: [GC (Allocation Failure) 2021-01-22T21:00:49.635-0800: 98.202: [DefNew: 314559K->34943K(314560K), 0.0211152 secs] 856831K->654853K(1013632K), 0.0212590 secs] [Times: user=0.02 sys=0.00, real=0.02 secs] 
2021-01-22T21:00:49.703-0800: 98.271: [GC (Allocation Failure) 2021-01-22T21:00:49.703-0800: 98.271: [DefNew: 314559K->314559K(314560K), 0.0000213 secs]2021-01-22T21:00:49.703-0800: 98.271: [Tenured: 619909K->412096K(699072K), 0.0639501 secs] 934469K->412096K(1013632K), [Metaspace: 2698K->2698K(1056768K)], 0.0640810 secs] [Times: user=0.06 sys=0.00, real=0.06 secs] 
2021-01-22T21:00:49.811-0800: 98.378: [GC (Allocation Failure) 2021-01-22T21:00:49.811-0800: 98.378: [DefNew: 279616K->34942K(314560K), 0.0132412 secs] 691712K->498965K(1013632K), 0.0133438 secs] [Times: user=0.02 sys=0.00, real=0.01 secs] 
2021-01-22T21:00:49.861-0800: 98.428: [GC (Allocation Failure) 2021-01-22T21:00:49.861-0800: 98.428: [DefNew: 314558K->34941K(314560K), 0.0171077 secs] 778581K->587360K(1013632K), 0.0171966 secs] [Times: user=0.02 sys=0.00, real=0.01 secs] 
2021-01-22T21:00:49.919-0800: 98.487: [GC (Allocation Failure) 2021-01-22T21:00:49.919-0800: 98.487: [DefNew: 314557K->34943K(314560K), 0.0174024 secs] 866976K->655812K(1013632K), 0.0175099 secs] [Times: user=0.02 sys=0.00, real=0.02 secs] 
2021-01-22T21:00:49.980-0800: 98.548: [GC (Allocation Failure) 2021-01-22T21:00:49.980-0800: 98.548: [DefNew: 314517K->314517K(314560K), 0.0000320 secs]2021-01-22T21:00:49.980-0800: 98.548: [Tenured: 620869K->374766K(699072K), 0.0623640 secs] 935386K->374766K(1013632K), [Metaspace: 2698K->2698K(1056768K)], 0.0626426 secs] [Times: user=0.05 sys=0.00, real=0.06 secs] 
2021-01-22T21:00:50.075-0800: 98.643: [GC (Allocation Failure) 2021-01-22T21:00:50.075-0800: 98.643: [DefNew: 279616K->34943K(314560K), 0.0107987 secs] 654382K->460945K(1013632K), 0.0108915 secs] [Times: user=0.01 sys=0.00, real=0.01 secs] 
2021-01-22T21:00:50.118-0800: 98.686: [GC (Allocation Failure) 2021-01-22T21:00:50.118-0800: 98.686: [DefNew: 314500K->34943K(314560K), 0.0155597 secs] 740502K->540765K(1013632K), 0.0156884 secs] [Times: user=0.02 sys=0.00, real=0.02 secs] 
2021-01-22T21:00:50.166-0800: 98.734: [GC (Allocation Failure) 2021-01-22T21:00:50.166-0800: 98.734: [DefNew: 314559K->34943K(314560K), 0.0152757 secs] 820381K->619524K(1013632K), 0.0153655 secs] [Times: user=0.01 sys=0.00, real=0.02 secs] 
2021-01-22T21:00:50.215-0800: 98.783: [GC (Allocation Failure) 2021-01-22T21:00:50.216-0800: 98.783: [DefNew: 314559K->34943K(314560K), 0.0397310 secs] 899140K->698259K(1013632K), 0.0398302 secs] [Times: user=0.01 sys=0.00, real=0.04 secs] 
2021-01-22T21:00:50.354-0800: 98.922: [GC (Allocation Failure) 2021-01-22T21:00:50.355-0800: 98.922: [DefNew: 314559K->314559K(314560K), 0.0000293 secs]2021-01-22T21:00:50.355-0800: 98.922: [Tenured: 663315K->370242K(699072K), 0.0702331 secs] 977875K->370242K(1013632K), [Metaspace: 2698K->2698K(1056768K)], 0.0703922 secs] [Times: user=0.06 sys=0.00, real=0.07 secs] 
2021-01-22T21:00:50.474-0800: 99.042: [GC (Allocation Failure) 2021-01-22T21:00:50.474-0800: 99.042: [DefNew: 279616K->34943K(314560K), 0.0371069 secs] 649858K->458792K(1013632K), 0.0372259 secs] [Times: user=0.02 sys=0.00, real=0.04 secs] 
2021-01-22T21:00:50.558-0800: 99.126: [GC (Allocation Failure) 2021-01-22T21:00:50.558-0800: 99.126: [DefNew: 314559K->34943K(314560K), 0.0187569 secs] 738408K->543279K(1013632K), 0.0188757 secs] [Times: user=0.01 sys=0.00, real=0.02 secs] 
2021-01-22T21:00:50.646-0800: 99.213: [GC (Allocation Failure) 2021-01-22T21:00:50.646-0800: 99.213: [DefNew: 314345K->34943K(314560K), 0.0169726 secs] 822681K->616665K(1013632K), 0.0170580 secs] [Times: user=0.01 sys=0.00, real=0.02 secs] 
2021-01-22T21:00:50.766-0800: 99.334: [GC (Allocation Failure) 2021-01-22T21:00:50.766-0800: 99.334: [DefNew: 314072K->34944K(314560K), 0.0165146 secs] 895794K->694315K(1013632K), 0.0166048 secs] [Times: user=0.02 sys=0.00, real=0.02 secs] 
2021-01-22T21:00:50.849-0800: 99.417: [GC (Allocation Failure) 2021-01-22T21:00:50.849-0800: 99.417: [DefNew: 314275K->314275K(314560K), 0.0000329 secs]2021-01-22T21:00:50.849-0800: 99.417: [Tenured: 659371K->401809K(699072K), 0.0556125 secs] 973646K->401809K(1013632K), [Metaspace: 2698K->2698K(1056768K)], 0.0557702 secs] [Times: user=0.05 sys=0.00, real=0.06 secs] 
2021-01-22T21:00:50.943-0800: 99.510: [GC (Allocation Failure) 2021-01-22T21:00:50.943-0800: 99.511: [DefNew: 279616K->34943K(314560K), 0.0186017 secs] 681425K->483129K(1013632K), 0.0187089 secs] [Times: user=0.01 sys=0.00, real=0.02 secs] 
2021-01-22T21:00:51.010-0800: 99.578: [GC (Allocation Failure) 2021-01-22T21:00:51.010-0800: 99.578: [DefNew: 314559K->34943K(314560K), 0.0167267 secs] 762745K->559788K(1013632K), 0.0168503 secs] [Times: user=0.02 sys=0.00, real=0.01 secs] 
2021-01-22T21:00:51.073-0800: 99.640: [GC (Allocation Failure) 2021-01-22T21:00:51.073-0800: 99.640: [DefNew: 314559K->34943K(314560K), 0.0210793 secs] 839404K->644786K(1013632K), 0.0211803 secs] [Times: user=0.01 sys=0.00, real=0.02 secs] 
2021-01-22T21:00:51.140-0800: 99.708: [GC (Allocation Failure) 2021-01-22T21:00:51.140-0800: 99.708: [DefNew: 314559K->314559K(314560K), 0.0000300 secs]2021-01-22T21:00:51.140-0800: 99.708: [Tenured: 609843K->411605K(699072K), 0.0943942 secs] 924402K->411605K(1013632K), [Metaspace: 2698K->2698K(1056768K)], 0.0953270 secs] [Times: user=0.06 sys=0.00, real=0.09 secs] 
2021-01-22T21:00:51.334-0800: 99.902: [GC (Allocation Failure) 2021-01-22T21:00:51.335-0800: 99.902: [DefNew: 279616K->34943K(314560K), 0.0147541 secs] 691221K->504741K(1013632K), 0.0148737 secs] [Times: user=0.02 sys=0.00, real=0.01 secs] 
2021-01-22T21:00:51.396-0800: 99.964: [GC (Allocation Failure) 2021-01-22T21:00:51.396-0800: 99.964: [DefNew: 314559K->34943K(314560K), 0.0222997 secs] 784357K->579470K(1013632K), 0.0228869 secs] [Times: user=0.02 sys=0.00, real=0.02 secs] 
2021-01-22T21:00:51.497-0800: 100.065: [GC (Allocation Failure) 2021-01-22T21:00:51.497-0800: 100.065: [DefNew: 314559K->34942K(314560K), 0.0254808 secs] 859086K->663115K(1013632K), 0.0255842 secs] [Times: user=0.02 sys=0.00, real=0.03 secs] 
2021-01-22T21:00:51.559-0800: 100.127: [GC (Allocation Failure) 2021-01-22T21:00:51.559-0800: 100.127: [DefNew: 314409K->314409K(314560K), 0.0000217 secs]2021-01-22T21:00:51.559-0800: 100.127: [Tenured: 628173K->414379K(699072K), 0.0590934 secs] 942582K->414379K(1013632K), [Metaspace: 2698K->2698K(1056768K)], 0.0592288 secs] [Times: user=0.05 sys=0.00, real=0.06 secs] 
2021-01-22T21:00:51.649-0800: 100.217: [GC (Allocation Failure) 2021-01-22T21:00:51.649-0800: 100.217: [DefNew: 279616K->34943K(314560K), 0.0121163 secs] 693995K->500014K(1013632K), 0.0122133 secs] [Times: user=0.01 sys=0.00, real=0.02 secs] 
2021-01-22T21:00:51.694-0800: 100.262: [GC (Allocation Failure) 2021-01-22T21:00:51.694-0800: 100.262: [DefNew: 314559K->34944K(314560K), 0.0150446 secs] 779630K->575214K(1013632K), 0.0151450 secs] [Times: user=0.01 sys=0.00, real=0.02 secs] 
2021-01-22T21:00:51.742-0800: 100.310: [GC (Allocation Failure) 2021-01-22T21:00:51.742-0800: 100.310: [DefNew: 313822K->34943K(314560K), 0.0158531 secs] 854092K->658797K(1013632K), 0.0159458 secs] [Times: user=0.02 sys=0.00, real=0.01 secs] 
2021-01-22T21:00:51.789-0800: 100.356: [GC (Allocation Failure) 2021-01-22T21:00:51.789-0800: 100.357: [DefNew: 314559K->314559K(314560K), 0.0000212 secs]2021-01-22T21:00:51.789-0800: 100.357: [Tenured: 623853K->387695K(699072K), 0.0531437 secs] 938413K->387695K(1013632K), [Metaspace: 2698K->2698K(1056768K)], 0.0532776 secs] [Times: user=0.05 sys=0.00, real=0.06 secs] 
2021-01-22T21:00:51.875-0800: 100.443: [GC (Allocation Failure) 2021-01-22T21:00:51.875-0800: 100.443: [DefNew: 279616K->34942K(314560K), 0.0112273 secs] 667311K->471881K(1013632K), 0.0113191 secs] [Times: user=0.01 sys=0.00, real=0.01 secs] 
2021-01-22T21:00:51.916-0800: 100.484: [GC (Allocation Failure) 2021-01-22T21:00:51.916-0800: 100.484: [DefNew: 314558K->34943K(314560K), 0.0159204 secs] 751497K->549621K(1013632K), 0.0160149 secs] [Times: user=0.02 sys=0.00, real=0.02 secs] 
2021-01-22T21:00:51.964-0800: 100.531: [GC (Allocation Failure) 2021-01-22T21:00:51.964-0800: 100.531: [DefNew: 314559K->34943K(314560K), 0.0154108 secs] 829237K->637452K(1013632K), 0.0155011 secs] [Times: user=0.01 sys=0.00, real=0.01 secs] 
2021-01-22T21:00:52.010-0800: 100.577: [GC (Allocation Failure) 2021-01-22T21:00:52.010-0800: 100.577: [DefNew: 314559K->314559K(314560K), 0.0000219 secs]2021-01-22T21:00:52.010-0800: 100.577: [Tenured: 602508K->417555K(699072K), 0.0478429 secs] 917068K->417555K(1013632K), [Metaspace: 2698K->2698K(1056768K)], 0.0479783 secs] [Times: user=0.05 sys=0.00, real=0.04 secs] 
2021-01-22T21:00:52.090-0800: 100.658: [GC (Allocation Failure) 2021-01-22T21:00:52.091-0800: 100.658: [DefNew: 279616K->34943K(314560K), 0.0113614 secs] 697171K->502479K(1013632K), 0.0114601 secs] [Times: user=0.01 sys=0.00, real=0.01 secs] 
2021-01-22T21:00:52.133-0800: 100.700: [GC (Allocation Failure) 2021-01-22T21:00:52.133-0800: 100.700: [DefNew: 314559K->34943K(314560K), 0.0172850 secs] 782095K->584947K(1013632K), 0.0173810 secs] [Times: user=0.02 sys=0.00, real=0.02 secs] 
2021-01-22T21:00:52.181-0800: 100.749: [GC (Allocation Failure) 2021-01-22T21:00:52.181-0800: 100.749: [DefNew: 314559K->34943K(314560K), 0.0171816 secs] 864563K->672622K(1013632K), 0.0172722 secs] [Times: user=0.02 sys=0.00, real=0.01 secs] 
2021-01-22T21:00:52.229-0800: 100.797: [GC (Allocation Failure) 2021-01-22T21:00:52.229-0800: 100.797: [DefNew: 314559K->314559K(314560K), 0.0000219 secs]2021-01-22T21:00:52.229-0800: 100.797: [Tenured: 637678K->420172K(699072K), 0.0526137 secs] 952238K->420172K(1013632K), [Metaspace: 2698K->2698K(1056768K)], 0.0527422 secs] [Times: user=0.05 sys=0.00, real=0.06 secs] 
2021-01-22T21:00:52.316-0800: 100.884: [GC (Allocation Failure) 2021-01-22T21:00:52.316-0800: 100.884: [DefNew: 279616K->34943K(314560K), 0.0124708 secs] 699788K->512571K(1013632K), 0.0125736 secs] [Times: user=0.01 sys=0.00, real=0.01 secs] 
2021-01-22T21:00:52.359-0800: 100.927: [GC (Allocation Failure) 2021-01-22T21:00:52.359-0800: 100.927: [DefNew: 314559K->34944K(314560K), 0.0155587 secs] 792187K->594232K(1013632K), 0.0156629 secs] [Times: user=0.02 sys=0.00, real=0.02 secs] 
2021-01-22T21:00:52.406-0800: 100.974: [GC (Allocation Failure) 2021-01-22T21:00:52.406-0800: 100.974: [DefNew: 314560K->34943K(314560K), 0.0141111 secs] 873848K->670810K(1013632K), 0.0142114 secs] [Times: user=0.01 sys=0.00, real=0.02 secs] 
2021-01-22T21:00:52.453-0800: 101.020: [GC (Allocation Failure) 2021-01-22T21:00:52.453-0800: 101.020: [DefNew: 314559K->314559K(314560K), 0.0000216 secs]2021-01-22T21:00:52.453-0800: 101.020: [Tenured: 635866K->418831K(699072K), 0.0514588 secs] 950426K->418831K(1013632K), [Metaspace: 2698K->2698K(1056768K)], 0.0515900 secs] [Times: user=0.05 sys=0.00, real=0.05 secs] 
2021-01-22T21:00:52.537-0800: 101.105: [GC (Allocation Failure) 2021-01-22T21:00:52.537-0800: 101.105: [DefNew: 279616K->34943K(314560K), 0.0117038 secs] 698447K->505611K(1013632K), 0.0117971 secs] [Times: user=0.01 sys=0.00, real=0.01 secs] 
2021-01-22T21:00:52.580-0800: 101.148: [GC (Allocation Failure) 2021-01-22T21:00:52.580-0800: 101.148: [DefNew: 314559K->34943K(314560K), 0.0151719 secs] 785227K->589008K(1013632K), 0.0152930 secs] [Times: user=0.02 sys=0.00, real=0.01 secs] 
2021-01-22T21:00:52.627-0800: 101.195: [GC (Allocation Failure) 2021-01-22T21:00:52.627-0800: 101.195: [DefNew: 314559K->34943K(314560K), 0.0136797 secs] 868624K->661686K(1013632K), 0.0137832 secs] [Times: user=0.01 sys=0.00, real=0.02 secs] 
2021-01-22T21:00:52.674-0800: 101.242: [GC (Allocation Failure) 2021-01-22T21:00:52.674-0800: 101.242: [DefNew: 314559K->314559K(314560K), 0.0000217 secs]2021-01-22T21:00:52.674-0800: 101.242: [Tenured: 626743K->373623K(699072K), 0.0527492 secs] 941302K->373623K(1013632K), [Metaspace: 2698K->2698K(1056768K)], 0.0528800 secs] [Times: user=0.06 sys=0.00, real=0.05 secs] 
2021-01-22T21:00:52.761-0800: 101.329: [GC (Allocation Failure) 2021-01-22T21:00:52.761-0800: 101.329: [DefNew: 279616K->34944K(314560K), 0.0112022 secs] 653239K->458235K(1013632K), 0.0113894 secs] [Times: user=0.01 sys=0.00, real=0.01 secs] 
2021-01-22T21:00:52.804-0800: 101.372: [GC (Allocation Failure) 2021-01-22T21:00:52.804-0800: 101.372: [DefNew: 314560K->34943K(314560K), 0.0149247 secs] 737851K->542692K(1013632K), 0.0150411 secs] [Times: user=0.02 sys=0.00, real=0.01 secs] 
2021-01-22T21:00:52.851-0800: 101.419: [GC (Allocation Failure) 2021-01-22T21:00:52.851-0800: 101.419: [DefNew: 314559K->34943K(314560K), 0.0141788 secs] 822308K->615443K(1013632K), 0.0142757 secs] [Times: user=0.01 sys=0.00, real=0.01 secs] 
2021-01-22T21:00:52.897-0800: 101.465: [GC (Allocation Failure) 2021-01-22T21:00:52.897-0800: 101.465: [DefNew: 314559K->34943K(314560K), 0.0165354 secs] 895059K->696078K(1013632K), 0.0166302 secs] [Times: user=0.02 sys=0.00, real=0.02 secs] 
2021-01-22T21:00:52.945-0800: 101.513: [GC (Allocation Failure) 2021-01-22T21:00:52.945-0800: 101.513: [DefNew: 314559K->314559K(314560K), 0.0000218 secs]2021-01-22T21:00:52.945-0800: 101.513: [Tenured: 661135K->403820K(699072K), 0.0464073 secs] 975694K->403820K(1013632K), [Metaspace: 2698K->2698K(1056768K)], 0.0465411 secs] [Times: user=0.05 sys=0.00, real=0.05 secs] 
2021-01-22T21:00:53.024-0800: 101.591: [GC (Allocation Failure) 2021-01-22T21:00:53.024-0800: 101.591: [DefNew: 279616K->34941K(314560K), 0.0118464 secs] 683436K->498679K(1013632K), 0.0119359 secs] [Times: user=0.01 sys=0.00, real=0.01 secs] 
2021-01-22T21:00:53.068-0800: 101.635: [GC (Allocation Failure) 2021-01-22T21:00:53.068-0800: 101.635: [DefNew: 314557K->34942K(314560K), 0.0145302 secs] 778295K->578235K(1013632K), 0.0146242 secs] [Times: user=0.01 sys=0.00, real=0.02 secs] 
2021-01-22T21:00:53.114-0800: 101.682: [GC (Allocation Failure) 2021-01-22T21:00:53.114-0800: 101.682: [DefNew: 314558K->34943K(314560K), 0.0156294 secs] 857851K->657437K(1013632K), 0.0157271 secs] [Times: user=0.01 sys=0.00, real=0.02 secs] 
2021-01-22T21:00:53.162-0800: 101.730: [GC (Allocation Failure) 2021-01-22T21:00:53.162-0800: 101.730: [DefNew: 314491K->314491K(314560K), 0.0000212 secs]2021-01-22T21:00:53.162-0800: 101.730: [Tenured: 622493K->417406K(699072K), 0.0513905 secs] 936985K->417406K(1013632K), [Metaspace: 2698K->2698K(1056768K)], 0.0515178 secs] [Times: user=0.05 sys=0.00, real=0.05 secs] 
2021-01-22T21:00:53.246-0800: 101.814: [GC (Allocation Failure) 2021-01-22T21:00:53.246-0800: 101.814: [DefNew: 279616K->34943K(314560K), 0.0111042 secs] 697022K->503169K(1013632K), 0.0111977 secs] [Times: user=0.02 sys=0.00, real=0.01 secs] 
2021-01-22T21:00:53.290-0800: 101.857: [GC (Allocation Failure) 2021-01-22T21:00:53.290-0800: 101.857: [DefNew: 314559K->34943K(314560K), 0.0141078 secs] 782785K->578327K(1013632K), 0.0142182 secs] [Times: user=0.01 sys=0.00, real=0.01 secs] 
2021-01-22T21:00:53.335-0800: 101.903: [GC (Allocation Failure) 2021-01-22T21:00:53.335-0800: 101.903: [DefNew: 314559K->34943K(314560K), 0.0164998 secs] 857943K->661353K(1013632K), 0.0165842 secs] [Times: user=0.02 sys=0.00, real=0.02 secs] 
2021-01-22T21:00:53.382-0800: 101.950: [GC (Allocation Failure) 2021-01-22T21:00:53.382-0800: 101.950: [DefNew: 314534K->314534K(314560K), 0.0000221 secs]2021-01-22T21:00:53.382-0800: 101.950: [Tenured: 626409K->410737K(699072K), 0.0510029 secs] 940943K->410737K(1013632K), [Metaspace: 2698K->2698K(1056768K)], 0.0511385 secs] [Times: user=0.05 sys=0.00, real=0.05 secs] 
2021-01-22T21:00:53.466-0800: 102.034: [GC (Allocation Failure) 2021-01-22T21:00:53.467-0800: 102.034: [DefNew: 279616K->34943K(314560K), 0.0116037 secs] 690353K->493411K(1013632K), 0.0116946 secs] [Times: user=0.01 sys=0.00, real=0.01 secs] 
2021-01-22T21:00:53.511-0800: 102.079: [GC (Allocation Failure) 2021-01-22T21:00:53.511-0800: 102.079: [DefNew: 314559K->34943K(314560K), 0.0149382 secs] 773027K->570140K(1013632K), 0.0150363 secs] [Times: user=0.02 sys=0.00, real=0.01 secs] 
2021-01-22T21:00:53.558-0800: 102.126: [GC (Allocation Failure) 2021-01-22T21:00:53.558-0800: 102.126: [DefNew: 314535K->34943K(314560K), 0.0152870 secs] 849732K->652837K(1013632K), 0.0153818 secs] [Times: user=0.02 sys=0.00, real=0.02 secs] 
2021-01-22T21:00:53.605-0800: 102.173: [GC (Allocation Failure) 2021-01-22T21:00:53.605-0800: 102.173: [DefNew: 314559K->314559K(314560K), 0.0000322 secs]2021-01-22T21:00:53.605-0800: 102.173: [Tenured: 617893K->374009K(699072K), 0.0533243 secs] 932453K->374009K(1013632K), [Metaspace: 2698K->2698K(1056768K)], 0.0534878 secs] [Times: user=0.05 sys=0.00, real=0.05 secs] 
2021-01-22T21:00:53.690-0800: 102.258: [GC (Allocation Failure) 2021-01-22T21:00:53.690-0800: 102.258: [DefNew: 279616K->34943K(314560K), 0.0124017 secs] 653625K->464318K(1013632K), 0.0125250 secs] [Times: user=0.01 sys=0.00, real=0.01 secs] 
2021-01-22T21:00:53.737-0800: 102.305: [GC (Allocation Failure) 2021-01-22T21:00:53.737-0800: 102.305: [DefNew: 314559K->34943K(314560K), 0.0156347 secs] 743934K->542734K(1013632K), 0.0157169 secs] [Times: user=0.01 sys=0.00, real=0.02 secs] 
2021-01-22T21:00:53.803-0800: 102.371: [GC (Allocation Failure) 2021-01-22T21:00:53.803-0800: 102.371: [DefNew: 314559K->34943K(314560K), 0.0181992 secs] 822350K->619251K(1013632K), 0.0183051 secs] [Times: user=0.01 sys=0.00, real=0.02 secs] 
2021-01-22T21:00:53.862-0800: 102.430: [GC (Allocation Failure) 2021-01-22T21:00:53.863-0800: 102.430: [DefNew: 314559K->34943K(314560K), 0.0164788 secs] 898867K->698473K(1013632K), 0.0168067 secs] [Times: user=0.02 sys=0.00, real=0.01 secs] 
2021-01-22T21:00:53.915-0800: 102.482: [GC (Allocation Failure) 2021-01-22T21:00:53.915-0800: 102.482: [DefNew: 314559K->314559K(314560K), 0.0000225 secs]2021-01-22T21:00:53.915-0800: 102.482: [Tenured: 663529K->399228K(699072K), 0.0496247 secs] 978089K->399228K(1013632K), [Metaspace: 2698K->2698K(1056768K)], 0.0497613 secs] [Times: user=0.05 sys=0.00, real=0.05 secs] 
2021-01-22T21:00:53.998-0800: 102.565: [GC (Allocation Failure) 2021-01-22T21:00:53.998-0800: 102.565: [DefNew: 279616K->34943K(314560K), 0.0109652 secs] 678844K->479754K(1013632K), 0.0110485 secs] [Times: user=0.01 sys=0.00, real=0.01 secs] 
2021-01-22T21:00:54.038-0800: 102.606: [GC (Allocation Failure) 2021-01-22T21:00:54.038-0800: 102.606: [DefNew: 314559K->34943K(314560K), 0.0154353 secs] 759370K->556213K(1013632K), 0.0155335 secs] [Times: user=0.02 sys=0.00, real=0.02 secs] 
2021-01-22T21:00:54.088-0800: 102.656: [GC (Allocation Failure) 2021-01-22T21:00:54.088-0800: 102.656: [DefNew: 314502K->34943K(314560K), 0.0175677 secs] 835771K->638266K(1013632K), 0.0176687 secs] [Times: user=0.02 sys=0.00, real=0.02 secs] 
2021-01-22T21:00:54.138-0800: 102.706: [GC (Allocation Failure) 2021-01-22T21:00:54.138-0800: 102.706: [DefNew: 314559K->314559K(314560K), 0.0000248 secs]2021-01-22T21:00:54.138-0800: 102.706: [Tenured: 603322K->403948K(699072K), 0.0485209 secs] 917882K->403948K(1013632K), [Metaspace: 2698K->2698K(1056768K)], 0.0486797 secs] [Times: user=0.05 sys=0.00, real=0.05 secs] 
2021-01-22T21:00:54.220-0800: 102.788: [GC (Allocation Failure) 2021-01-22T21:00:54.220-0800: 102.788: [DefNew: 279616K->34943K(314560K), 0.0112575 secs] 683564K->484923K(1013632K), 0.0113576 secs] [Times: user=0.01 sys=0.00, real=0.01 secs] 
2021-01-22T21:00:54.263-0800: 102.830: [GC (Allocation Failure) 2021-01-22T21:00:54.263-0800: 102.830: [DefNew: 314559K->34943K(314560K), 0.0145852 secs] 764539K->564799K(1013632K), 0.0147476 secs] [Times: user=0.02 sys=0.00, real=0.01 secs] 
2021-01-22T21:00:54.310-0800: 102.878: [GC (Allocation Failure) 2021-01-22T21:00:54.310-0800: 102.878: [DefNew: 314559K->34942K(314560K), 0.0166890 secs] 844415K->653667K(1013632K), 0.0167886 secs] [Times: user=0.01 sys=0.00, real=0.01 secs] 
2021-01-22T21:00:54.358-0800: 102.926: [GC (Allocation Failure) 2021-01-22T21:00:54.358-0800: 102.926: [DefNew: 314558K->314558K(314560K), 0.0000216 secs]2021-01-22T21:00:54.358-0800: 102.926: [Tenured: 618724K->411057K(699072K), 0.0506285 secs] 933283K->411057K(1013632K), [Metaspace: 2698K->2698K(1056768K)], 0.0507605 secs] [Times: user=0.04 sys=0.00, real=0.05 secs] 
2021-01-22T21:00:54.441-0800: 103.009: [GC (Allocation Failure) 2021-01-22T21:00:54.441-0800: 103.009: [DefNew: 279616K->34943K(314560K), 0.0118234 secs] 690673K->500341K(1013632K), 0.0119201 secs] [Times: user=0.01 sys=0.00, real=0.01 secs] 
2021-01-22T21:00:54.484-0800: 103.052: [GC (Allocation Failure) 2021-01-22T21:00:54.484-0800: 103.052: [DefNew: 314514K->34943K(314560K), 0.0143383 secs] 779912K->577639K(1013632K), 0.0144363 secs] [Times: user=0.01 sys=0.00, real=0.01 secs] 
2021-01-22T21:00:54.530-0800: 103.098: [GC (Allocation Failure) 2021-01-22T21:00:54.530-0800: 103.098: [DefNew: 314559K->34943K(314560K), 0.0150944 secs] 857255K->653368K(1013632K), 0.0151865 secs] [Times: user=0.02 sys=0.01, real=0.01 secs] 
2021-01-22T21:00:54.577-0800: 103.145: [GC (Allocation Failure) 2021-01-22T21:00:54.577-0800: 103.145: [DefNew: 314559K->314559K(314560K), 0.0000218 secs]2021-01-22T21:00:54.577-0800: 103.145: [Tenured: 618425K->375008K(699072K), 0.0509001 secs] 932984K->375008K(1013632K), [Metaspace: 2698K->2698K(1056768K)], 0.0510267 secs] [Times: user=0.05 sys=0.00, real=0.05 secs] 
2021-01-22T21:00:54.660-0800: 103.228: [GC (Allocation Failure) 2021-01-22T21:00:54.660-0800: 103.228: [DefNew: 279616K->34943K(314560K), 0.0115381 secs] 654624K->466244K(1013632K), 0.0116502 secs] [Times: user=0.01 sys=0.00, real=0.01 secs] 
2021-01-22T21:00:54.704-0800: 103.271: [GC (Allocation Failure) 2021-01-22T21:00:54.704-0800: 103.271: [DefNew: 314559K->34943K(314560K), 0.0140994 secs] 745860K->541207K(1013632K), 0.0142157 secs] [Times: user=0.01 sys=0.00, real=0.01 secs] 
2021-01-22T21:00:54.750-0800: 103.318: [GC (Allocation Failure) 2021-01-22T21:00:54.750-0800: 103.318: [DefNew: 314559K->34943K(314560K), 0.0147818 secs] 820823K->623682K(1013632K), 0.0148802 secs] [Times: user=0.02 sys=0.00, real=0.01 secs] 
2021-01-22T21:00:54.797-0800: 103.365: [GC (Allocation Failure) 2021-01-22T21:00:54.797-0800: 103.365: [DefNew: 314559K->314559K(314560K), 0.0000218 secs]2021-01-22T21:00:54.797-0800: 103.365: [Tenured: 588738K->418054K(699072K), 0.0494878 secs] 903298K->418054K(1013632K), [Metaspace: 2698K->2698K(1056768K)], 0.0496247 secs] [Times: user=0.05 sys=0.00, real=0.05 secs] 
2021-01-22T21:00:54.880-0800: 103.447: [GC (Allocation Failure) 2021-01-22T21:00:54.880-0800: 103.447: [DefNew: 279616K->34943K(314560K), 0.0107654 secs] 697670K->503717K(1013632K), 0.0108668 secs] [Times: user=0.01 sys=0.00, real=0.01 secs] 
2021-01-22T21:00:54.922-0800: 103.489: [GC (Allocation Failure) 2021-01-22T21:00:54.922-0800: 103.489: [DefNew: 314559K->34943K(314560K), 0.0149953 secs] 783333K->588717K(1013632K), 0.0151246 secs] [Times: user=0.02 sys=0.00, real=0.01 secs] 
2021-01-22T21:00:54.968-0800: 103.536: [GC (Allocation Failure) 2021-01-22T21:00:54.969-0800: 103.536: [DefNew: 314559K->34942K(314560K), 0.0141771 secs] 868333K->666735K(1013632K), 0.0142801 secs] [Times: user=0.01 sys=0.00, real=0.02 secs] 
2021-01-22T21:00:55.031-0800: 103.599: [GC (Allocation Failure) 2021-01-22T21:00:55.031-0800: 103.599: [DefNew: 314558K->314558K(314560K), 0.0000414 secs]2021-01-22T21:00:55.032-0800: 103.599: [Tenured: 631792K->411374K(699072K), 0.0719969 secs] 946351K->411374K(1013632K), [Metaspace: 2698K->2698K(1056768K)], 0.0721675 secs] [Times: user=0.05 sys=0.00, real=0.07 secs] 
2021-01-22T21:00:55.145-0800: 103.713: [GC (Allocation Failure) 2021-01-22T21:00:55.145-0800: 103.713: [DefNew: 279616K->34942K(314560K), 0.0128680 secs] 690990K->496123K(1013632K), 0.0130144 secs] [Times: user=0.01 sys=0.00, real=0.01 secs] 
2021-01-22T21:00:55.200-0800: 103.768: [GC (Allocation Failure) 2021-01-22T21:00:55.200-0800: 103.768: [DefNew: 314558K->34944K(314560K), 0.0173697 secs] 775739K->576779K(1013632K), 0.0174662 secs] [Times: user=0.01 sys=0.00, real=0.01 secs] 
2021-01-22T21:00:55.263-0800: 103.831: [GC (Allocation Failure) 2021-01-22T21:00:55.263-0800: 103.831: [DefNew: 314560K->34941K(314560K), 0.0163850 secs] 856395K->656026K(1013632K), 0.0164727 secs] [Times: user=0.01 sys=0.00, real=0.02 secs] 
2021-01-22T21:00:55.312-0800: 103.880: [GC (Allocation Failure) 2021-01-22T21:00:55.312-0800: 103.880: [DefNew: 314557K->314557K(314560K), 0.0000190 secs]2021-01-22T21:00:55.312-0800: 103.880: [Tenured: 621085K->420196K(699072K), 0.0525685 secs] 935642K->420196K(1013632K), [Metaspace: 2698K->2698K(1056768K)], 0.0526854 secs] [Times: user=0.05 sys=0.00, real=0.05 secs] 
2021-01-22T21:00:55.399-0800: 103.967: [GC (Allocation Failure) 2021-01-22T21:00:55.399-0800: 103.967: [DefNew: 279616K->34943K(314560K), 0.0100652 secs] 699812K->497388K(1013632K), 0.0101507 secs] [Times: user=0.01 sys=0.00, real=0.01 secs] 
2021-01-22T21:00:55.442-0800: 104.010: [GC (Allocation Failure) 2021-01-22T21:00:55.442-0800: 104.010: [DefNew: 314559K->34943K(314560K), 0.0148701 secs] 777004K->577228K(1013632K), 0.0149572 secs] [Times: user=0.02 sys=0.00, real=0.01 secs] 
2021-01-22T21:00:55.488-0800: 104.056: [GC (Allocation Failure) 2021-01-22T21:00:55.488-0800: 104.056: [DefNew: 314559K->34943K(314560K), 0.0151746 secs] 856844K->659169K(1013632K), 0.0152641 secs] [Times: user=0.01 sys=0.00, real=0.02 secs] 
2021-01-22T21:00:55.536-0800: 104.103: [GC (Allocation Failure) 2021-01-22T21:00:55.536-0800: 104.103: [DefNew: 314559K->314559K(314560K), 0.0000205 secs]2021-01-22T21:00:55.536-0800: 104.103: [Tenured: 624225K->380339K(699072K), 0.0520407 secs] 938785K->380339K(1013632K), [Metaspace: 2698K->2698K(1056768K)], 0.0521671 secs] [Times: user=0.05 sys=0.01, real=0.05 secs] 
2021-01-22T21:00:55.623-0800: 104.190: [GC (Allocation Failure) 2021-01-22T21:00:55.623-0800: 104.190: [DefNew: 279616K->34943K(314560K), 0.0117242 secs] 659955K->472333K(1013632K), 0.0118264 secs] [Times: user=0.01 sys=0.00, real=0.01 secs] 
2021-01-22T21:00:55.666-0800: 104.234: [GC (Allocation Failure) 2021-01-22T21:00:55.667-0800: 104.234: [DefNew: 314559K->34943K(314560K), 0.0159406 secs] 751949K->550978K(1013632K), 0.0160331 secs] [Times: user=0.01 sys=0.00, real=0.02 secs] 
2021-01-22T21:00:55.714-0800: 104.282: [GC (Allocation Failure) 2021-01-22T21:00:55.714-0800: 104.282: [DefNew: 314559K->34944K(314560K), 0.0154209 secs] 830594K->636164K(1013632K), 0.0155199 secs] [Times: user=0.01 sys=0.00, real=0.01 secs] 
2021-01-22T21:00:55.761-0800: 104.329: [GC (Allocation Failure) 2021-01-22T21:00:55.761-0800: 104.329: [DefNew: 314558K->314558K(314560K), 0.0000228 secs]2021-01-22T21:00:55.761-0800: 104.329: [Tenured: 601220K->413189K(699072K), 0.0477228 secs] 915779K->413189K(1013632K), [Metaspace: 2698K->2698K(1056768K)], 0.0478725 secs] [Times: user=0.05 sys=0.00, real=0.04 secs] 
2021-01-22T21:00:55.844-0800: 104.412: [GC (Allocation Failure) 2021-01-22T21:00:55.844-0800: 104.412: [DefNew: 279616K->34943K(314560K), 0.0111692 secs] 692805K->494574K(1013632K), 0.0112616 secs] [Times: user=0.01 sys=0.00, real=0.01 secs] 
2021-01-22T21:00:55.886-0800: 104.454: [GC (Allocation Failure) 2021-01-22T21:00:55.886-0800: 104.454: [DefNew: 314559K->34942K(314560K), 0.0148932 secs] 774190K->572482K(1013632K), 0.0149879 secs] [Times: user=0.01 sys=0.00, real=0.02 secs] 
2021-01-22T21:00:55.933-0800: 104.501: [GC (Allocation Failure) 2021-01-22T21:00:55.933-0800: 104.501: [DefNew: 314558K->34943K(314560K), 0.0153433 secs] 852098K->658031K(1013632K), 0.0154371 secs] [Times: user=0.02 sys=0.00, real=0.01 secs] 
2021-01-22T21:00:55.980-0800: 104.548: [GC (Allocation Failure) 2021-01-22T21:00:55.980-0800: 104.548: [DefNew: 314559K->314559K(314560K), 0.0000192 secs]2021-01-22T21:00:55.980-0800: 104.548: [Tenured: 623087K->419948K(699072K), 0.0514199 secs] 937647K->419948K(1013632K), [Metaspace: 2698K->2698K(1056768K)], 0.0515438 secs] [Times: user=0.05 sys=0.00, real=0.05 secs] 
2021-01-22T21:00:56.063-0800: 104.631: [GC (Allocation Failure) 2021-01-22T21:00:56.063-0800: 104.631: [DefNew: 279616K->34941K(314560K), 0.0121331 secs] 699564K->507771K(1013632K), 0.0122231 secs] [Times: user=0.01 sys=0.00, real=0.01 secs] 
2021-01-22T21:00:56.106-0800: 104.674: [GC (Allocation Failure) 2021-01-22T21:00:56.106-0800: 104.674: [DefNew: 314557K->34943K(314560K), 0.0162937 secs] 787387K->595814K(1013632K), 0.0164180 secs] [Times: user=0.02 sys=0.00, real=0.02 secs] 
2021-01-22T21:00:56.152-0800: 104.720: [GC (Allocation Failure) 2021-01-22T21:00:56.152-0800: 104.720: [DefNew: 314559K->34943K(314560K), 0.0165988 secs] 875430K->675351K(1013632K), 0.0166934 secs] [Times: user=0.01 sys=0.00, real=0.01 secs] 
2021-01-22T21:00:56.201-0800: 104.768: [GC (Allocation Failure) 2021-01-22T21:00:56.201-0800: 104.768: [DefNew: 314473K->314473K(314560K), 0.0000212 secs]2021-01-22T21:00:56.201-0800: 104.768: [Tenured: 640407K->405314K(699072K), 0.0517772 secs] 954880K->405314K(1013632K), [Metaspace: 2698K->2698K(1056768K)], 0.0519207 secs] [Times: user=0.06 sys=0.00, real=0.05 secs] 
2021-01-22T21:00:56.284-0800: 104.852: [GC (Allocation Failure) 2021-01-22T21:00:56.284-0800: 104.852: [DefNew: 279616K->34944K(314560K), 0.0122793 secs] 684930K->496835K(1013632K), 0.0123747 secs] [Times: user=0.01 sys=0.00, real=0.01 secs] 
2021-01-22T21:00:56.330-0800: 104.898: [GC (Allocation Failure) 2021-01-22T21:00:56.330-0800: 104.898: [DefNew: 314560K->34943K(314560K), 0.0137229 secs] 776451K->569480K(1013632K), 0.0139239 secs] [Times: user=0.02 sys=0.00, real=0.01 secs] 
2021-01-22T21:00:56.376-0800: 104.944: [GC (Allocation Failure) 2021-01-22T21:00:56.376-0800: 104.944: [DefNew: 314559K->34943K(314560K), 0.0150715 secs] 849096K->647523K(1013632K), 0.0151738 secs] [Times: user=0.01 sys=0.00, real=0.02 secs] 
2021-01-22T21:00:56.424-0800: 104.992: [GC (Allocation Failure) 2021-01-22T21:00:56.424-0800: 104.992: [DefNew: 314559K->314559K(314560K), 0.0000195 secs]2021-01-22T21:00:56.424-0800: 104.992: [Tenured: 612580K->373628K(699072K), 0.0525007 secs] 927139K->373628K(1013632K), [Metaspace: 2698K->2698K(1056768K)], 0.0526252 secs] [Times: user=0.06 sys=0.00, real=0.05 secs] 
2021-01-22T21:00:56.510-0800: 105.077: [GC (Allocation Failure) 2021-01-22T21:00:56.510-0800: 105.077: [DefNew: 279130K->34943K(314560K), 0.0113522 secs] 652758K->456892K(1013632K), 0.0114438 secs] [Times: user=0.01 sys=0.00, real=0.01 secs] 
2021-01-22T21:00:56.553-0800: 105.120: [GC (Allocation Failure) 2021-01-22T21:00:56.553-0800: 105.120: [DefNew: 314559K->34943K(314560K), 0.0144819 secs] 736508K->535824K(1013632K), 0.0145772 secs] [Times: user=0.02 sys=0.00, real=0.01 secs] 
2021-01-22T21:00:56.600-0800: 105.168: [GC (Allocation Failure) 2021-01-22T21:00:56.600-0800: 105.168: [DefNew: 314559K->34943K(314560K), 0.0142150 secs] 815440K->613429K(1013632K), 0.0143096 secs] [Times: user=0.01 sys=0.00, real=0.01 secs] 
2021-01-22T21:00:56.646-0800: 105.214: [GC (Allocation Failure) 2021-01-22T21:00:56.646-0800: 105.214: [DefNew: 314559K->34944K(314560K), 0.0153850 secs] 893045K->692784K(1013632K), 0.0154740 secs] [Times: user=0.02 sys=0.00, real=0.02 secs] 
2021-01-22T21:00:56.693-0800: 105.261: [GC (Allocation Failure) 2021-01-22T21:00:56.693-0800: 105.261: [DefNew: 314560K->314560K(314560K), 0.0000197 secs]2021-01-22T21:00:56.693-0800: 105.261: [Tenured: 657840K->407468K(699072K), 0.0482306 secs] 972400K->407468K(1013632K), [Metaspace: 2698K->2698K(1056768K)], 0.0483568 secs] [Times: user=0.05 sys=0.00, real=0.05 secs] 
2021-01-22T21:00:56.778-0800: 105.345: [GC (Allocation Failure) 2021-01-22T21:00:56.778-0800: 105.345: [DefNew: 279616K->34943K(314560K), 0.0113681 secs] 687084K->495772K(1013632K), 0.0114661 secs] [Times: user=0.01 sys=0.00, real=0.01 secs] 
2021-01-22T21:00:56.822-0800: 105.389: [GC (Allocation Failure) 2021-01-22T21:00:56.822-0800: 105.389: [DefNew: 314559K->34943K(314560K), 0.0140309 secs] 775388K->571001K(1013632K), 0.0141313 secs] [Times: user=0.02 sys=0.00, real=0.01 secs] 
2021-01-22T21:00:56.867-0800: 105.435: [GC (Allocation Failure) 2021-01-22T21:00:56.867-0800: 105.435: [DefNew: 314559K->34943K(314560K), 0.0170815 secs] 850617K->653824K(1013632K), 0.0171764 secs] [Times: user=0.02 sys=0.00, real=0.02 secs] 
2021-01-22T21:00:56.923-0800: 105.490: [GC (Allocation Failure) 2021-01-22T21:00:56.923-0800: 105.490: [DefNew: 314559K->314559K(314560K), 0.0000292 secs]2021-01-22T21:00:56.923-0800: 105.490: [Tenured: 618880K->411507K(699072K), 0.0613065 secs] 933440K->411507K(1013632K), [Metaspace: 2698K->2698K(1056768K)], 0.0614517 secs] [Times: user=0.06 sys=0.00, real=0.06 secs] 
2021-01-22T21:00:57.019-0800: 105.586: [GC (Allocation Failure) 2021-01-22T21:00:57.019-0800: 105.586: [DefNew: 279265K->34943K(314560K), 0.0103962 secs] 690772K->490760K(1013632K), 0.0104927 secs] [Times: user=0.01 sys=0.00, real=0.01 secs] 
2021-01-22T21:00:57.061-0800: 105.629: [GC (Allocation Failure) 2021-01-22T21:00:57.061-0800: 105.629: [DefNew: 314559K->34943K(314560K), 0.0169442 secs] 770376K->583262K(1013632K), 0.0170663 secs] [Times: user=0.02 sys=0.00, real=0.01 secs] 
2021-01-22T21:00:57.109-0800: 105.677: [GC (Allocation Failure) 2021-01-22T21:00:57.109-0800: 105.677: [DefNew: 314559K->34943K(314560K), 0.0153310 secs] 862878K->664687K(1013632K), 0.0154234 secs] [Times: user=0.02 sys=0.00, real=0.02 secs] 
2021-01-22T21:00:57.154-0800: 105.721: [GC (Allocation Failure) 2021-01-22T21:00:57.154-0800: 105.721: [DefNew: 314559K->314559K(314560K), 0.0000201 secs]2021-01-22T21:00:57.154-0800: 105.721: [Tenured: 629743K->418592K(699072K), 0.0510877 secs] 944303K->418592K(1013632K), [Metaspace: 2698K->2698K(1056768K)], 0.0512203 secs] [Times: user=0.05 sys=0.00, real=0.05 secs] 
2021-01-22T21:00:57.237-0800: 105.805: [GC (Allocation Failure) 2021-01-22T21:00:57.237-0800: 105.805: [DefNew: 279616K->34941K(314560K), 0.0120158 secs] 698208K->507440K(1013632K), 0.0121078 secs] [Times: user=0.01 sys=0.00, real=0.01 secs] 
2021-01-22T21:00:57.281-0800: 105.848: [GC (Allocation Failure) 2021-01-22T21:00:57.281-0800: 105.848: [DefNew: 314557K->34943K(314560K), 0.0139632 secs] 787056K->584074K(1013632K), 0.0141888 secs] [Times: user=0.01 sys=0.00, real=0.01 secs] 
2021-01-22T21:00:57.325-0800: 105.892: [GC (Allocation Failure) 2021-01-22T21:00:57.325-0800: 105.892: [DefNew: 314559K->34944K(314560K), 0.0153004 secs] 863690K->666430K(1013632K), 0.0153962 secs] [Times: user=0.02 sys=0.00, real=0.02 secs] 
2021-01-22T21:00:57.370-0800: 105.938: [GC (Allocation Failure) 2021-01-22T21:00:57.370-0800: 105.938: [DefNew: 314560K->314560K(314560K), 0.0000203 secs]2021-01-22T21:00:57.370-0800: 105.938: [Tenured: 631486K->384876K(699072K), 0.0507103 secs] 946046K->384876K(1013632K), [Metaspace: 2698K->2698K(1056768K)], 0.0508357 secs] [Times: user=0.05 sys=0.00, real=0.05 secs] 
2021-01-22T21:00:57.452-0800: 106.020: [GC (Allocation Failure) 2021-01-22T21:00:57.452-0800: 106.020: [DefNew: 279431K->34943K(314560K), 0.0113983 secs] 664308K->468693K(1013632K), 0.0114896 secs] [Times: user=0.01 sys=0.00, real=0.01 secs] 
2021-01-22T21:00:57.494-0800: 106.061: [GC (Allocation Failure) 2021-01-22T21:00:57.494-0800: 106.061: [DefNew: 314559K->34943K(314560K), 0.0149417 secs] 748309K->549112K(1013632K), 0.0150393 secs] [Times: user=0.01 sys=0.00, real=0.01 secs] 
2021-01-22T21:00:57.539-0800: 106.107: [GC (Allocation Failure) 2021-01-22T21:00:57.539-0800: 106.107: [DefNew: 314559K->34941K(314560K), 0.0145114 secs] 828728K->628758K(1013632K), 0.0146077 secs] [Times: user=0.02 sys=0.00, real=0.02 secs] 
2021-01-22T21:00:57.585-0800: 106.153: [GC (Allocation Failure) 2021-01-22T21:00:57.585-0800: 106.153: [DefNew: 314557K->314557K(314560K), 0.0000205 secs]2021-01-22T21:00:57.585-0800: 106.153: [Tenured: 593816K->400460K(699072K), 0.0446191 secs] 908374K->400460K(1013632K), [Metaspace: 2698K->2698K(1056768K)], 0.0447500 secs] [Times: user=0.04 sys=0.00, real=0.05 secs] 
2021-01-22T21:00:57.661-0800: 106.229: [GC (Allocation Failure) 2021-01-22T21:00:57.661-0800: 106.229: [DefNew: 279616K->34943K(314560K), 0.0117919 secs] 680076K->490293K(1013632K), 0.0118816 secs] [Times: user=0.01 sys=0.00, real=0.01 secs] 
2021-01-22T21:00:57.704-0800: 106.272: [GC (Allocation Failure) 2021-01-22T21:00:57.704-0800: 106.272: [DefNew: 314559K->34943K(314560K), 0.0147616 secs] 769909K->572750K(1013632K), 0.0148625 secs] [Times: user=0.01 sys=0.00, real=0.01 secs] 
2021-01-22T21:00:57.751-0800: 106.318: [GC (Allocation Failure) 2021-01-22T21:00:57.751-0800: 106.318: [DefNew: 314559K->34944K(314560K), 0.0145223 secs] 852366K->647185K(1013632K), 0.0146111 secs] [Times: user=0.02 sys=0.00, real=0.01 secs] 
2021-01-22T21:00:57.796-0800: 106.364: [GC (Allocation Failure) 2021-01-22T21:00:57.796-0800: 106.364: [DefNew: 314560K->314560K(314560K), 0.0000217 secs]2021-01-22T21:00:57.796-0800: 106.364: [Tenured: 612241K->413291K(699072K), 0.0490624 secs] 926801K->413291K(1013632K), [Metaspace: 2698K->2698K(1056768K)], 0.0492039 secs] [Times: user=0.05 sys=0.01, real=0.05 secs] 
2021-01-22T21:00:57.878-0800: 106.445: [GC (Allocation Failure) 2021-01-22T21:00:57.878-0800: 106.445: [DefNew: 279616K->34941K(314560K), 0.0107608 secs] 692907K->496188K(1013632K), 0.0108505 secs] [Times: user=0.01 sys=0.00, real=0.01 secs] 
2021-01-22T21:00:57.919-0800: 106.487: [GC (Allocation Failure) 2021-01-22T21:00:57.920-0800: 106.487: [DefNew: 314557K->34943K(314560K), 0.0140830 secs] 775804K->568299K(1013632K), 0.0141733 secs] [Times: user=0.01 sys=0.00, real=0.02 secs] 
2021-01-22T21:00:57.965-0800: 106.533: [GC (Allocation Failure) 2021-01-22T21:00:57.965-0800: 106.533: [DefNew: 314559K->34943K(314560K), 0.0150815 secs] 847915K->648963K(1013632K), 0.0151810 secs] [Times: user=0.02 sys=0.00, real=0.02 secs] 
2021-01-22T21:00:58.010-0800: 106.578: [GC (Allocation Failure) 2021-01-22T21:00:58.011-0800: 106.578: [DefNew: 314559K->314559K(314560K), 0.0000201 secs]2021-01-22T21:00:58.011-0800: 106.578: [Tenured: 614019K->400702K(699072K), 0.0470634 secs] 928579K->400702K(1013632K), [Metaspace: 2698K->2698K(1056768K)], 0.0471880 secs] [Times: user=0.05 sys=0.00, real=0.04 secs] 
2021-01-22T21:00:58.089-0800: 106.657: [GC (Allocation Failure) 2021-01-22T21:00:58.089-0800: 106.657: [DefNew: 279616K->34944K(314560K), 0.0110400 secs] 680318K->482605K(1013632K), 0.0111378 secs] [Times: user=0.01 sys=0.00, real=0.02 secs] 
2021-01-22T21:00:58.131-0800: 106.699: [GC (Allocation Failure) 2021-01-22T21:00:58.131-0800: 106.699: [DefNew: 314560K->34943K(314560K), 0.0144633 secs] 762221K->562611K(1013632K), 0.0145530 secs] [Times: user=0.01 sys=0.00, real=0.01 secs] 
2021-01-22T21:00:58.178-0800: 106.745: [GC (Allocation Failure) 2021-01-22T21:00:58.178-0800: 106.745: [DefNew: 314559K->34942K(314560K), 0.0152989 secs] 842227K->639538K(1013632K), 0.0153901 secs] [Times: user=0.02 sys=0.00, real=0.02 secs] 
2021-01-22T21:00:58.223-0800: 106.791: [GC (Allocation Failure) 2021-01-22T21:00:58.223-0800: 106.791: [DefNew: 314558K->314558K(314560K), 0.0000221 secs]2021-01-22T21:00:58.223-0800: 106.791: [Tenured: 604596K->364333K(699072K), 0.0497244 secs] 919154K->364333K(1013632K), [Metaspace: 2698K->2698K(1056768K)], 0.0498557 secs] [Times: user=0.04 sys=0.00, real=0.05 secs] 
2021-01-22T21:00:58.304-0800: 106.872: [GC (Allocation Failure) 2021-01-22T21:00:58.304-0800: 106.872: [DefNew: 279616K->34943K(314560K), 0.0124172 secs] 643949K->453358K(1013632K), 0.0125335 secs] [Times: user=0.01 sys=0.00, real=0.01 secs] 
2021-01-22T21:00:58.348-0800: 106.916: [GC (Allocation Failure) 2021-01-22T21:00:58.348-0800: 106.916: [DefNew: 314559K->34944K(314560K), 0.0137363 secs] 732974K->527411K(1013632K), 0.0138284 secs] [Times: user=0.01 sys=0.00, real=0.02 secs] 
2021-01-22T21:00:58.394-0800: 106.962: [GC (Allocation Failure) 2021-01-22T21:00:58.394-0800: 106.962: [DefNew: 314560K->34942K(314560K), 0.0149264 secs] 807027K->601740K(1013632K), 0.0150371 secs] [Times: user=0.02 sys=0.00, real=0.01 secs] 
2021-01-22T21:00:58.441-0800: 107.008: [GC (Allocation Failure) 2021-01-22T21:00:58.441-0800: 107.008: [DefNew: 314549K->34944K(314560K), 0.0138944 secs] 881346K->677597K(1013632K), 0.0139824 secs] [Times: user=0.01 sys=0.00, real=0.01 secs] 
2021-01-22T21:00:58.486-0800: 107.054: [GC (Allocation Failure) 2021-01-22T21:00:58.486-0800: 107.054: [DefNew: 314560K->314560K(314560K), 0.0000204 secs]2021-01-22T21:00:58.486-0800: 107.054: [Tenured: 642653K->393979K(699072K), 0.0457839 secs] 957213K->393979K(1013632K), [Metaspace: 2698K->2698K(1056768K)], 0.0459068 secs] [Times: user=0.05 sys=0.00, real=0.05 secs] 
2021-01-22T21:00:58.564-0800: 107.131: [GC (Allocation Failure) 2021-01-22T21:00:58.564-0800: 107.131: [DefNew: 279616K->34943K(314560K), 0.0119974 secs] 673595K->487607K(1013632K), 0.0120903 secs] [Times: user=0.01 sys=0.00, real=0.01 secs] 
2021-01-22T21:00:58.608-0800: 107.176: [GC (Allocation Failure) 2021-01-22T21:00:58.608-0800: 107.176: [DefNew: 314559K->34941K(314560K), 0.0144797 secs] 767223K->567408K(1013632K), 0.0145946 secs] [Times: user=0.02 sys=0.00, real=0.02 secs] 
2021-01-22T21:00:58.654-0800: 107.222: [GC (Allocation Failure) 2021-01-22T21:00:58.654-0800: 107.222: [DefNew: 314557K->34942K(314560K), 0.0146104 secs] 847024K->647531K(1013632K), 0.0147512 secs] [Times: user=0.01 sys=0.00, real=0.01 secs] 
2021-01-22T21:00:58.700-0800: 107.267: [GC (Allocation Failure) 2021-01-22T21:00:58.700-0800: 107.267: [DefNew: 314558K->314558K(314560K), 0.0000193 secs]2021-01-22T21:00:58.700-0800: 107.267: [Tenured: 612588K->401135K(699072K), 0.0475783 secs] 927147K->401135K(1013632K), [Metaspace: 2698K->2698K(1056768K)], 0.0476990 secs] [Times: user=0.05 sys=0.00, real=0.04 secs] 
2021-01-22T21:00:58.780-0800: 107.348: [GC (Allocation Failure) 2021-01-22T21:00:58.780-0800: 107.348: [DefNew: 279401K->34943K(314560K), 0.0112588 secs] 680537K->484699K(1013632K), 0.0113489 secs] [Times: user=0.01 sys=0.00, real=0.01 secs] 
2021-01-22T21:00:58.827-0800: 107.395: [GC (Allocation Failure) 2021-01-22T21:00:58.827-0800: 107.395: [DefNew: 314559K->34943K(314560K), 0.0144002 secs] 764315K->559630K(1013632K), 0.0144916 secs] [Times: user=0.02 sys=0.00, real=0.02 secs] 
2021-01-22T21:00:58.873-0800: 107.440: [GC (Allocation Failure) 2021-01-22T21:00:58.873-0800: 107.440: [DefNew: 314559K->34943K(314560K), 0.0135075 secs] 839246K->632647K(1013632K), 0.0135997 secs] [Times: user=0.01 sys=0.00, real=0.01 secs] 
2021-01-22T21:00:58.917-0800: 107.485: [GC (Allocation Failure) 2021-01-22T21:00:58.917-0800: 107.485: [DefNew: 314559K->314559K(314560K), 0.0000211 secs]2021-01-22T21:00:58.917-0800: 107.485: [Tenured: 597704K->384076K(699072K), 0.0487311 secs] 912263K->384076K(1013632K), [Metaspace: 2698K->2698K(1056768K)], 0.0488564 secs] [Times: user=0.05 sys=0.01, real=0.05 secs] 
2021-01-22T21:00:58.997-0800: 107.565: [GC (Allocation Failure) 2021-01-22T21:00:58.997-0800: 107.565: [DefNew: 279616K->34943K(314560K), 0.0115424 secs] 663692K->474886K(1013632K), 0.0116397 secs] [Times: user=0.01 sys=0.00, real=0.01 secs] 
2021-01-22T21:00:59.039-0800: 107.607: [GC (Allocation Failure) 2021-01-22T21:00:59.040-0800: 107.607: [DefNew: 314559K->34944K(314560K), 0.0152314 secs] 754502K->555750K(1013632K), 0.0153401 secs] [Times: user=0.02 sys=0.00, real=0.02 secs] 
2021-01-22T21:00:59.089-0800: 107.656: [GC (Allocation Failure) 2021-01-22T21:00:59.089-0800: 107.656: [DefNew: 314560K->34944K(314560K), 0.0142173 secs] 835366K->628513K(1013632K), 0.0143124 secs] [Times: user=0.01 sys=0.00, real=0.02 secs] 
2021-01-22T21:00:59.132-0800: 107.700: [GC (Allocation Failure) 2021-01-22T21:00:59.132-0800: 107.700: [DefNew: 314560K->314560K(314560K), 0.0000192 secs]2021-01-22T21:00:59.132-0800: 107.700: [Tenured: 593569K->370731K(699072K), 0.0483072 secs] 908129K->370731K(1013632K), [Metaspace: 2698K->2698K(1056768K)], 0.0484314 secs] [Times: user=0.05 sys=0.00, real=0.05 secs] 
2021-01-22T21:00:59.212-0800: 107.779: [GC (Allocation Failure) 2021-01-22T21:00:59.212-0800: 107.779: [DefNew: 279616K->34943K(314560K), 0.0115979 secs] 650347K->457118K(1013632K), 0.0117140 secs] [Times: user=0.01 sys=0.00, real=0.01 secs] 
2021-01-22T21:00:59.255-0800: 107.823: [GC (Allocation Failure) 2021-01-22T21:00:59.255-0800: 107.823: [DefNew: 314559K->34943K(314560K), 0.0163249 secs] 736734K->536563K(1013632K), 0.0164161 secs] [Times: user=0.02 sys=0.00, real=0.02 secs] 
2021-01-22T21:00:59.302-0800: 107.870: [GC (Allocation Failure) 2021-01-22T21:00:59.302-0800: 107.870: [DefNew: 314559K->34943K(314560K), 0.0153480 secs] 816179K->623966K(1013632K), 0.0154410 secs] [Times: user=0.02 sys=0.00, real=0.01 secs] 
2021-01-22T21:00:59.348-0800: 107.915: [GC (Allocation Failure) 2021-01-22T21:00:59.348-0800: 107.915: [DefNew: 314559K->314559K(314560K), 0.0000201 secs]2021-01-22T21:00:59.348-0800: 107.915: [Tenured: 589022K->414858K(699072K), 0.0471724 secs] 903582K->414858K(1013632K), [Metaspace: 2698K->2698K(1056768K)], 0.0473002 secs] [Times: user=0.04 sys=0.00, real=0.05 secs] 
2021-01-22T21:00:59.426-0800: 107.994: [GC (Allocation Failure) 2021-01-22T21:00:59.426-0800: 107.994: [DefNew: 279616K->34943K(314560K), 0.0107970 secs] 694474K->498476K(1013632K), 0.0108905 secs] [Times: user=0.01 sys=0.00, real=0.01 secs] 
2021-01-22T21:00:59.468-0800: 108.036: [GC (Allocation Failure) 2021-01-22T21:00:59.468-0800: 108.036: [DefNew: 314559K->34943K(314560K), 0.0156706 secs] 778092K->581435K(1013632K), 0.0157631 secs] [Times: user=0.02 sys=0.00, real=0.02 secs] 
2021-01-22T21:00:59.517-0800: 108.085: [GC (Allocation Failure) 2021-01-22T21:00:59.517-0800: 108.085: [DefNew: 314559K->34944K(314560K), 0.0171886 secs] 861051K->666131K(1013632K), 0.0172816 secs] [Times: user=0.02 sys=0.00, real=0.02 secs] 
2021-01-22T21:00:59.564-0800: 108.132: [GC (Allocation Failure) 2021-01-22T21:00:59.564-0800: 108.132: [DefNew: 314560K->314560K(314560K), 0.0000195 secs]2021-01-22T21:00:59.564-0800: 108.132: [Tenured: 631187K->421883K(699072K), 0.0504013 secs] 945747K->421883K(1013632K), [Metaspace: 2698K->2698K(1056768K)], 0.0505226 secs] [Times: user=0.05 sys=0.00, real=0.05 secs] 
2021-01-22T21:00:59.645-0800: 108.213: [GC (Allocation Failure) 2021-01-22T21:00:59.645-0800: 108.213: [DefNew: 279616K->34942K(314560K), 0.0100664 secs] 701499K->502603K(1013632K), 0.0101620 secs] [Times: user=0.01 sys=0.00, real=0.01 secs] 
2021-01-22T21:00:59.687-0800: 108.254: [GC (Allocation Failure) 2021-01-22T21:00:59.687-0800: 108.254: [DefNew: 314558K->34943K(314560K), 0.0145687 secs] 782219K->580600K(1013632K), 0.0146619 secs] [Times: user=0.01 sys=0.00, real=0.02 secs] 
2021-01-22T21:00:59.731-0800: 108.299: [GC (Allocation Failure) 2021-01-22T21:00:59.731-0800: 108.299: [DefNew: 314559K->34943K(314560K), 0.0137034 secs] 860216K->656037K(1013632K), 0.0137970 secs] [Times: user=0.02 sys=0.00, real=0.01 secs] 
2021-01-22T21:00:59.775-0800: 108.342: [GC (Allocation Failure) 2021-01-22T21:00:59.775-0800: 108.342: [DefNew: 314559K->314559K(314560K), 0.0000205 secs]2021-01-22T21:00:59.775-0800: 108.342: [Tenured: 621094K->411051K(699072K), 0.0493800 secs] 935653K->411051K(1013632K), [Metaspace: 2698K->2698K(1056768K)], 0.0495126 secs] [Times: user=0.05 sys=0.00, real=0.05 secs] 
2021-01-22T21:00:59.857-0800: 108.424: [GC (Allocation Failure) 2021-01-22T21:00:59.857-0800: 108.424: [DefNew: 279446K->34943K(314560K), 0.0104059 secs] 690497K->492234K(1013632K), 0.0105012 secs] [Times: user=0.01 sys=0.00, real=0.01 secs] 
2021-01-22T21:00:59.901-0800: 108.469: [GC (Allocation Failure) 2021-01-22T21:00:59.901-0800: 108.469: [DefNew: 314559K->34943K(314560K), 0.0143829 secs] 771850K->565479K(1013632K), 0.0144734 secs] [Times: user=0.02 sys=0.00, real=0.01 secs] 
2021-01-22T21:00:59.946-0800: 108.513: [GC (Allocation Failure) 2021-01-22T21:00:59.946-0800: 108.513: [DefNew: 314559K->34943K(314560K), 0.0153901 secs] 845095K->650989K(1013632K), 0.0154847 secs] [Times: user=0.02 sys=0.00, real=0.02 secs] 
2021-01-22T21:00:59.993-0800: 108.561: [GC (Allocation Failure) 2021-01-22T21:00:59.993-0800: 108.561: [DefNew: 314559K->314559K(314560K), 0.0000211 secs]2021-01-22T21:00:59.993-0800: 108.561: [Tenured: 616045K->371640K(699072K), 0.0507063 secs] 930605K->371640K(1013632K), [Metaspace: 2698K->2698K(1056768K)], 0.0508419 secs] [Times: user=0.05 sys=0.00, real=0.05 secs] 
2021-01-22T21:01:00.076-0800: 108.644: [GC (Allocation Failure) 2021-01-22T21:01:00.076-0800: 108.644: [DefNew: 279616K->34944K(314560K), 0.0117599 secs] 651256K->459043K(1013632K), 0.0118578 secs] [Times: user=0.01 sys=0.00, real=0.01 secs] 
2021-01-22T21:01:00.120-0800: 108.688: [GC (Allocation Failure) 2021-01-22T21:01:00.120-0800: 108.688: [DefNew: 314560K->34944K(314560K), 0.0140354 secs] 738659K->534505K(1013632K), 0.0141289 secs] [Times: user=0.01 sys=0.00, real=0.01 secs] 
2021-01-22T21:01:00.168-0800: 108.736: [GC (Allocation Failure) 2021-01-22T21:01:00.168-0800: 108.736: [DefNew: 314560K->34943K(314560K), 0.0143564 secs] 814121K->609393K(1013632K), 0.0144469 secs] [Times: user=0.02 sys=0.01, real=0.02 secs] 
2021-01-22T21:01:00.211-0800: 108.779: [GC (Allocation Failure) 2021-01-22T21:01:00.211-0800: 108.779: [DefNew: 314559K->34943K(314560K), 0.0166532 secs] 889009K->695302K(1013632K), 0.0673152 secs] [Times: user=0.01 sys=0.00, real=0.06 secs] 
2021-01-22T21:01:00.311-0800: 108.879: [GC (Allocation Failure) 2021-01-22T21:01:00.311-0800: 108.879: [DefNew: 314559K->314559K(314560K), 0.0000193 secs]2021-01-22T21:01:00.311-0800: 108.879: [Tenured: 660358K->423700K(699072K), 0.0496339 secs] 974918K->423700K(1013632K), [Metaspace: 2698K->2698K(1056768K)], 0.0497547 secs] [Times: user=0.05 sys=0.00, real=0.05 secs] 
2021-01-22T21:01:00.395-0800: 108.962: [GC (Allocation Failure) 2021-01-22T21:01:00.395-0800: 108.962: [DefNew: 279616K->34943K(314560K), 0.0132342 secs] 703316K->513071K(1013632K), 0.0133152 secs] [Times: user=0.01 sys=0.00, real=0.01 secs] 
2021-01-22T21:01:00.444-0800: 109.011: [GC (Allocation Failure) 2021-01-22T21:01:00.444-0800: 109.011: [DefNew: 314559K->34942K(314560K), 0.0163609 secs] 792687K->592389K(1013632K), 0.0164575 secs] [Times: user=0.02 sys=0.00, real=0.02 secs] 
2021-01-22T21:01:00.497-0800: 109.065: [GC (Allocation Failure) 2021-01-22T21:01:00.497-0800: 109.065: [DefNew: 314558K->34943K(314560K), 0.0167948 secs] 872005K->670072K(1013632K), 0.0170472 secs] [Times: user=0.02 sys=0.00, real=0.02 secs] 
2021-01-22T21:01:00.552-0800: 109.120: [GC (Allocation Failure) 2021-01-22T21:01:00.552-0800: 109.120: [DefNew: 314559K->314559K(314560K), 0.0000208 secs]2021-01-22T21:01:00.552-0800: 109.120: [Tenured: 635128K->417112K(699072K), 0.0516751 secs] 949688K->417112K(1013632K), [Metaspace: 2698K->2698K(1056768K)], 0.0518173 secs] [Times: user=0.06 sys=0.00, real=0.05 secs] 
2021-01-22T21:01:00.636-0800: 109.204: [GC (Allocation Failure) 2021-01-22T21:01:00.636-0800: 109.204: [DefNew: 279616K->34943K(314560K), 0.0116778 secs] 696728K->504462K(1013632K), 0.0117686 secs] [Times: user=0.01 sys=0.00, real=0.01 secs] 
2021-01-22T21:01:00.679-0800: 109.246: [GC (Allocation Failure) 2021-01-22T21:01:00.679-0800: 109.246: [DefNew: 314559K->34944K(314560K), 0.0151673 secs] 784078K->586151K(1013632K), 0.0152630 secs] [Times: user=0.01 sys=0.00, real=0.02 secs] 
2021-01-22T21:01:00.726-0800: 109.293: [GC (Allocation Failure) 2021-01-22T21:01:00.726-0800: 109.293: [DefNew: 314560K->34941K(314560K), 0.0151874 secs] 865767K->666862K(1013632K), 0.0152803 secs] [Times: user=0.02 sys=0.00, real=0.02 secs] 
2021-01-22T21:01:00.770-0800: 109.338: [GC (Allocation Failure) 2021-01-22T21:01:00.770-0800: 109.338: [DefNew: 314099K->314099K(314560K), 0.0000205 secs]2021-01-22T21:01:00.770-0800: 109.338: [Tenured: 631921K->427289K(699072K), 0.0507674 secs] 946021K->427289K(1013632K), [Metaspace: 2698K->2698K(1056768K)], 0.0508952 secs] [Times: user=0.05 sys=0.00, real=0.05 secs] 
2021-01-22T21:01:00.851-0800: 109.419: [GC (Allocation Failure) 2021-01-22T21:01:00.851-0800: 109.419: [DefNew: 279616K->34943K(314560K), 0.0128298 secs] 706905K->527061K(1013632K), 0.0129189 secs] [Times: user=0.01 sys=0.00, real=0.01 secs] 
2021-01-22T21:01:00.895-0800: 109.463: [GC (Allocation Failure) 2021-01-22T21:01:00.895-0800: 109.463: [DefNew: 314559K->34943K(314560K), 0.0140060 secs] 806677K->602453K(1013632K), 0.0141067 secs] [Times: user=0.02 sys=0.00, real=0.01 secs] 
2021-01-22T21:01:00.941-0800: 109.509: [GC (Allocation Failure) 2021-01-22T21:01:00.941-0800: 109.509: [DefNew: 314559K->34943K(314560K), 0.0153436 secs] 882069K->685230K(1013632K), 0.0154430 secs] [Times: user=0.01 sys=0.00, real=0.01 secs] 
2021-01-22T21:01:00.988-0800: 109.556: [GC (Allocation Failure) 2021-01-22T21:01:00.988-0800: 109.556: [DefNew: 314559K->314559K(314560K), 0.0000211 secs]2021-01-22T21:01:00.988-0800: 109.556: [Tenured: 650287K->382572K(699072K), 0.0498618 secs] 964846K->382572K(1013632K), [Metaspace: 2698K->2698K(1056768K)], 0.0500048 secs] [Times: user=0.05 sys=0.00, real=0.05 secs] 
2021-01-22T21:01:01.070-0800: 109.638: [GC (Allocation Failure) 2021-01-22T21:01:01.070-0800: 109.638: [DefNew: 279616K->34943K(314560K), 0.0120915 secs] 662188K->472986K(1013632K), 0.0121843 secs] [Times: user=0.02 sys=0.00, real=0.01 secs] 
2021-01-22T21:01:01.113-0800: 109.680: [GC (Allocation Failure) 2021-01-22T21:01:01.113-0800: 109.680: [DefNew: 314559K->34944K(314560K), 0.0142103 secs] 752602K->547094K(1013632K), 0.0143015 secs] [Times: user=0.01 sys=0.00, real=0.01 secs] 
2021-01-22T21:01:01.159-0800: 109.726: [GC (Allocation Failure) 2021-01-22T21:01:01.159-0800: 109.726: [DefNew: 314560K->34944K(314560K), 0.0145134 secs] 826710K->625328K(1013632K), 0.0146084 secs] [Times: user=0.02 sys=0.00, real=0.02 secs] 
2021-01-22T21:01:01.205-0800: 109.773: [GC (Allocation Failure) 2021-01-22T21:01:01.205-0800: 109.773: [DefNew: 314560K->314560K(314560K), 0.0000203 secs]2021-01-22T21:01:01.205-0800: 109.773: [Tenured: 590384K->400471K(699072K), 0.0466959 secs] 904944K->400471K(1013632K), [Metaspace: 2698K->2698K(1056768K)], 0.0468188 secs] [Times: user=0.04 sys=0.00, real=0.05 secs] 
2021-01-22T21:01:01.286-0800: 109.854: [GC (Allocation Failure) 2021-01-22T21:01:01.286-0800: 109.854: [DefNew: 279616K->34943K(314560K), 0.0109632 secs] 680087K->484431K(1013632K), 0.0110748 secs] [Times: user=0.01 sys=0.00, real=0.01 secs] 
2021-01-22T21:01:01.326-0800: 109.894: [GC (Allocation Failure) 2021-01-22T21:01:01.326-0800: 109.894: [DefNew: 314559K->34944K(314560K), 0.0156988 secs] 764047K->571130K(1013632K), 0.0157936 secs] [Times: user=0.01 sys=0.00, real=0.02 secs] 
2021-01-22T21:01:01.372-0800: 109.940: [GC (Allocation Failure) 2021-01-22T21:01:01.372-0800: 109.940: [DefNew: 314174K->34942K(314560K), 0.0146736 secs] 850361K->650286K(1013632K), 0.0147737 secs] [Times: user=0.02 sys=0.00, real=0.01 secs] 
2021-01-22T21:01:01.417-0800: 109.985: [GC (Allocation Failure) 2021-01-22T21:01:01.417-0800: 109.985: [DefNew: 314558K->314558K(314560K), 0.0000200 secs]2021-01-22T21:01:01.417-0800: 109.985: [Tenured: 615344K->412875K(699072K), 0.0500976 secs] 929902K->412875K(1013632K), [Metaspace: 2698K->2698K(1056768K)], 0.0502256 secs] [Times: user=0.05 sys=0.00, real=0.05 secs] 
2021-01-22T21:01:01.500-0800: 110.068: [GC (Allocation Failure) 2021-01-22T21:01:01.500-0800: 110.068: [DefNew: 279616K->34943K(314560K), 0.0113306 secs] 692491K->498731K(1013632K), 0.0114125 secs] [Times: user=0.01 sys=0.00, real=0.01 secs] 
2021-01-22T21:01:01.543-0800: 110.111: [GC (Allocation Failure) 2021-01-22T21:01:01.543-0800: 110.111: [DefNew: 314559K->34944K(314560K), 0.0150838 secs] 778347K->572610K(1013632K), 0.0151881 secs] [Times: user=0.01 sys=0.00, real=0.01 secs] 
2021-01-22T21:01:01.593-0800: 110.160: [GC (Allocation Failure) 2021-01-22T21:01:01.593-0800: 110.161: [DefNew: 314560K->34943K(314560K), 0.0146581 secs] 852226K->648934K(1013632K), 0.0147565 secs] [Times: user=0.01 sys=0.00, real=0.01 secs] 
2021-01-22T21:01:01.638-0800: 110.206: [GC (Allocation Failure) 2021-01-22T21:01:01.638-0800: 110.206: [DefNew: 314559K->314559K(314560K), 0.0000201 secs]2021-01-22T21:01:01.638-0800: 110.206: [Tenured: 613990K->389480K(699072K), 0.0476255 secs] 928550K->389480K(1013632K), [Metaspace: 2698K->2698K(1056768K)], 0.0477503 secs] [Times: user=0.05 sys=0.00, real=0.05 secs] 
2021-01-22T21:01:01.718-0800: 110.285: [GC (Allocation Failure) 2021-01-22T21:01:01.718-0800: 110.285: [DefNew: 279616K->34942K(314560K), 0.0118994 secs] 669096K->481405K(1013632K), 0.0119933 secs] [Times: user=0.01 sys=0.00, real=0.02 secs] 
2021-01-22T21:01:01.760-0800: 110.328: [GC (Allocation Failure) 2021-01-22T21:01:01.760-0800: 110.328: [DefNew: 314558K->34943K(314560K), 0.0147358 secs] 761021K->556663K(1013632K), 0.0148275 secs] [Times: user=0.02 sys=0.00, real=0.01 secs] 
2021-01-22T21:01:01.805-0800: 110.373: [GC (Allocation Failure) 2021-01-22T21:01:01.805-0800: 110.373: [DefNew: 314559K->34943K(314560K), 0.0148124 secs] 836279K->635766K(1013632K), 0.0149046 secs] [Times: user=0.01 sys=0.00, real=0.02 secs] 
2021-01-22T21:01:01.851-0800: 110.419: [GC (Allocation Failure) 2021-01-22T21:01:01.851-0800: 110.419: [DefNew: 314559K->314559K(314560K), 0.0000202 secs]2021-01-22T21:01:01.851-0800: 110.419: [Tenured: 600822K->376375K(699072K), 0.0493106 secs] 915382K->376375K(1013632K), [Metaspace: 2698K->2698K(1056768K)], 0.0494359 secs] [Times: user=0.05 sys=0.00, real=0.05 secs] 
2021-01-22T21:01:01.934-0800: 110.501: [GC (Allocation Failure) 2021-01-22T21:01:01.934-0800: 110.501: [DefNew: 279616K->34944K(314560K), 0.0100110 secs] 655991K->455687K(1013632K), 0.0100953 secs] [Times: user=0.01 sys=0.00, real=0.01 secs] 
2021-01-22T21:01:01.975-0800: 110.543: [GC (Allocation Failure) 2021-01-22T21:01:01.975-0800: 110.543: [DefNew: 314560K->34944K(314560K), 0.0149352 secs] 735303K->535744K(1013632K), 0.0150424 secs] [Times: user=0.02 sys=0.00, real=0.02 secs] 
2021-01-22T21:01:02.021-0800: 110.589: [GC (Allocation Failure) 2021-01-22T21:01:02.021-0800: 110.589: [DefNew: 314560K->34942K(314560K), 0.0141074 secs] 815360K->610812K(1013632K), 0.0141984 secs] [Times: user=0.01 sys=0.00, real=0.01 secs] 
2021-01-22T21:01:02.067-0800: 110.634: [GC (Allocation Failure) 2021-01-22T21:01:02.067-0800: 110.634: [DefNew: 314558K->34943K(314560K), 0.0154325 secs] 890428K->695560K(1013632K), 0.0155289 secs] [Times: user=0.02 sys=0.00, real=0.02 secs] 
2021-01-22T21:01:02.113-0800: 110.680: [GC (Allocation Failure) 2021-01-22T21:01:02.113-0800: 110.680: [DefNew: 314559K->314559K(314560K), 0.0000207 secs]2021-01-22T21:01:02.113-0800: 110.681: [Tenured: 660616K->412017K(699072K), 0.0477472 secs] 975176K->412017K(1013632K), [Metaspace: 2698K->2698K(1056768K)], 0.0478794 secs] [Times: user=0.05 sys=0.00, real=0.05 secs] 
2021-01-22T21:01:02.193-0800: 110.761: [GC (Allocation Failure) 2021-01-22T21:01:02.193-0800: 110.761: [DefNew: 279616K->34943K(314560K), 0.0099529 secs] 691633K->484529K(1013632K), 0.0100498 secs] [Times: user=0.01 sys=0.00, real=0.01 secs] 
2021-01-22T21:01:02.234-0800: 110.802: [GC (Allocation Failure) 2021-01-22T21:01:02.234-0800: 110.802: [DefNew: 314559K->34944K(314560K), 0.0150873 secs] 764145K->568171K(1013632K), 0.0151784 secs] [Times: user=0.01 sys=0.00, real=0.01 secs] 
2021-01-22T21:01:02.279-0800: 110.847: [GC (Allocation Failure) 2021-01-22T21:01:02.280-0800: 110.847: [DefNew: 314560K->34944K(314560K), 0.0161502 secs] 847787K->653422K(1013632K), 0.0162699 secs] [Times: user=0.02 sys=0.00, real=0.02 secs] 
2021-01-22T21:01:02.327-0800: 110.895: [GC (Allocation Failure) 2021-01-22T21:01:02.327-0800: 110.895: [DefNew: 314560K->314560K(314560K), 0.0000203 secs]2021-01-22T21:01:02.327-0800: 110.895: [Tenured: 618478K->408029K(699072K), 0.0479270 secs] 933038K->408029K(1013632K), [Metaspace: 2698K->2698K(1056768K)], 0.0480518 secs] [Times: user=0.05 sys=0.00, real=0.05 secs] 
2021-01-22T21:01:02.408-0800: 110.976: [GC (Allocation Failure) 2021-01-22T21:01:02.408-0800: 110.976: [DefNew: 279616K->34943K(314560K), 0.0121883 secs] 687645K->492985K(1013632K), 0.0122817 secs] [Times: user=0.01 sys=0.00, real=0.02 secs] 
2021-01-22T21:01:02.455-0800: 111.023: [GC (Allocation Failure) 2021-01-22T21:01:02.455-0800: 111.023: [DefNew: 314559K->34943K(314560K), 0.0147401 secs] 772601K->567046K(1013632K), 0.0148316 secs] [Times: user=0.02 sys=0.00, real=0.02 secs] 
2021-01-22T21:01:02.502-0800: 111.070: [GC (Allocation Failure) 2021-01-22T21:01:02.502-0800: 111.070: [DefNew: 314559K->34943K(314560K), 0.0153877 secs] 846662K->641902K(1013632K), 0.0155554 secs] [Times: user=0.01 sys=0.00, real=0.01 secs] 
2021-01-22T21:01:02.553-0800: 111.121: [GC (Allocation Failure) 2021-01-22T21:01:02.553-0800: 111.121: [DefNew: 314559K->314559K(314560K), 0.0000199 secs]2021-01-22T21:01:02.553-0800: 111.121: [Tenured: 606958K->399667K(699072K), 0.0553892 secs] 921518K->399667K(1013632K), [Metaspace: 2698K->2698K(1056768K)], 0.0555510 secs] [Times: user=0.05 sys=0.00, real=0.05 secs] 
2021-01-22T21:01:02.650-0800: 111.218: [GC (Allocation Failure) 2021-01-22T21:01:02.650-0800: 111.218: [DefNew: 279616K->34944K(314560K), 0.0144497 secs] 679283K->487551K(1013632K), 0.0145652 secs] [Times: user=0.01 sys=0.00, real=0.01 secs] 
2021-01-22T21:01:02.705-0800: 111.273: [GC (Allocation Failure) 2021-01-22T21:01:02.705-0800: 111.273: [DefNew: 314560K->34943K(314560K), 0.0183144 secs] 767167K->566998K(1013632K), 0.0184090 secs] [Times: user=0.02 sys=0.00, real=0.02 secs] 
2021-01-22T21:01:02.762-0800: 111.329: [GC (Allocation Failure) 2021-01-22T21:01:02.762-0800: 111.329: [DefNew: 314559K->34943K(314560K), 0.0185140 secs] 846614K->649184K(1013632K), 0.0186333 secs] [Times: user=0.02 sys=0.00, real=0.02 secs] 
2021-01-22T21:01:02.819-0800: 111.386: [GC (Allocation Failure) 2021-01-22T21:01:02.819-0800: 111.387: [DefNew: 314559K->314559K(314560K), 0.0000632 secs]2021-01-22T21:01:02.819-0800: 111.387: [Tenured: 614240K->368726K(699072K), 0.0493951 secs] 928800K->368726K(1013632K), [Metaspace: 2698K->2698K(1056768K)], 0.0496724 secs] [Times: user=0.05 sys=0.00, real=0.05 secs] 
2021-01-22T21:01:02.901-0800: 111.469: [GC (Allocation Failure) 2021-01-22T21:01:02.901-0800: 111.469: [DefNew: 279543K->34943K(314560K), 0.0118521 secs] 648269K->454171K(1013632K), 0.0119443 secs] [Times: user=0.01 sys=0.00, real=0.01 secs] 
2021-01-22T21:01:02.942-0800: 111.510: [GC (Allocation Failure) 2021-01-22T21:01:02.942-0800: 111.510: [DefNew: 314559K->34943K(314560K), 0.0145878 secs] 733787K->529869K(1013632K), 0.0146807 secs] [Times: user=0.01 sys=0.00, real=0.01 secs] 
2021-01-22T21:01:03.018-0800: 111.586: [GC (Allocation Failure) 2021-01-22T21:01:03.018-0800: 111.586: [DefNew: 314559K->34944K(314560K), 0.0193047 secs] 809485K->608973K(1013632K), 0.0194134 secs] [Times: user=0.02 sys=0.00, real=0.02 secs] 
2021-01-22T21:01:03.086-0800: 111.654: [GC (Allocation Failure) 2021-01-22T21:01:03.086-0800: 111.654: [DefNew: 314560K->34943K(314560K), 0.0197841 secs] 888589K->682258K(1013632K), 0.0198992 secs] [Times: user=0.01 sys=0.00, real=0.02 secs] 
2021-01-22T21:01:03.144-0800: 111.711: [GC (Allocation Failure) 2021-01-22T21:01:03.144-0800: 111.711: [DefNew: 314559K->314559K(314560K), 0.0000265 secs]2021-01-22T21:01:03.144-0800: 111.711: [Tenured: 647314K->412661K(699072K), 0.0556564 secs] 961874K->412661K(1013632K), [Metaspace: 2698K->2698K(1056768K)], 0.0557976 secs] [Times: user=0.05 sys=0.00, real=0.06 secs] 
2021-01-22T21:01:03.230-0800: 111.797: [GC (Allocation Failure) 2021-01-22T21:01:03.230-0800: 111.797: [DefNew: 279616K->34944K(314560K), 0.0119475 secs] 692277K->503035K(1013632K), 0.0120443 secs] [Times: user=0.01 sys=0.00, real=0.01 secs] 
2021-01-22T21:01:03.275-0800: 111.843: [GC (Allocation Failure) 2021-01-22T21:01:03.275-0800: 111.843: [DefNew: 314560K->34943K(314560K), 0.0153549 secs] 782651K->587794K(1013632K), 0.0154467 secs] [Times: user=0.02 sys=0.00, real=0.02 secs] 
2021-01-22T21:01:03.322-0800: 111.890: [GC (Allocation Failure) 2021-01-22T21:01:03.323-0800: 111.890: [DefNew: 314031K->34944K(314560K), 0.0148383 secs] 866882K->663533K(1013632K), 0.0149343 secs] [Times: user=0.01 sys=0.00, real=0.01 secs] 
2021-01-22T21:01:03.376-0800: 111.944: [GC (Allocation Failure) 2021-01-22T21:01:03.376-0800: 111.944: [DefNew: 313990K->313990K(314560K), 0.0000197 secs]2021-01-22T21:01:03.376-0800: 111.944: [Tenured: 628589K->407535K(699072K), 0.0633134 secs] 942579K->407535K(1013632K), [Metaspace: 2698K->2698K(1056768K)], 0.0634630 secs] [Times: user=0.05 sys=0.00, real=0.06 secs] 
2021-01-22T21:01:03.490-0800: 112.058: [GC (Allocation Failure) 2021-01-22T21:01:03.490-0800: 112.058: [DefNew: 279616K->34943K(314560K), 0.0171984 secs] 687151K->498930K(1013632K), 0.0173089 secs] [Times: user=0.01 sys=0.00, real=0.01 secs] 
2021-01-22T21:01:03.555-0800: 112.123: [GC (Allocation Failure) 2021-01-22T21:01:03.555-0800: 112.123: [DefNew: 314559K->34942K(314560K), 0.0184103 secs] 778546K->577261K(1013632K), 0.0185169 secs] [Times: user=0.01 sys=0.00, real=0.02 secs] 
2021-01-22T21:01:03.610-0800: 112.178: [GC (Allocation Failure) 2021-01-22T21:01:03.610-0800: 112.178: [DefNew: 314558K->34944K(314560K), 0.0178291 secs] 856877K->659412K(1013632K), 0.0179465 secs] [Times: user=0.02 sys=0.00, real=0.01 secs] 
2021-01-22T21:01:03.659-0800: 112.227: [GC (Allocation Failure) 2021-01-22T21:01:03.659-0800: 112.227: [DefNew: 314138K->314138K(314560K), 0.0000203 secs]2021-01-22T21:01:03.659-0800: 112.227: [Tenured: 624468K->413416K(699072K), 0.0525323 secs] 938607K->413416K(1013632K), [Metaspace: 2698K->2698K(1056768K)], 0.0526569 secs] [Times: user=0.05 sys=0.00, real=0.06 secs] 
2021-01-22T21:01:03.746-0800: 112.314: [GC (Allocation Failure) 2021-01-22T21:01:03.746-0800: 112.314: [DefNew: 279616K->34943K(314560K), 0.0114709 secs] 693032K->501276K(1013632K), 0.0115647 secs] [Times: user=0.01 sys=0.00, real=0.01 secs] 
2021-01-22T21:01:03.792-0800: 112.360: [GC (Allocation Failure) 2021-01-22T21:01:03.792-0800: 112.360: [DefNew: 314559K->34943K(314560K), 0.0145476 secs] 780892K->580470K(1013632K), 0.0146395 secs] [Times: user=0.01 sys=0.00, real=0.01 secs] 
2021-01-22T21:01:03.838-0800: 112.405: [GC (Allocation Failure) 2021-01-22T21:01:03.838-0800: 112.405: [DefNew: 314559K->34943K(314560K), 0.0140097 secs] 860086K->655286K(1013632K), 0.0141019 secs] [Times: user=0.01 sys=0.00, real=0.02 secs] 
2021-01-22T21:01:03.882-0800: 112.450: [GC (Allocation Failure) 2021-01-22T21:01:03.882-0800: 112.450: [DefNew: 314559K->314559K(314560K), 0.0000194 secs]2021-01-22T21:01:03.882-0800: 112.450: [Tenured: 620343K->386719K(699072K), 0.0499633 secs] 934902K->386719K(1013632K), [Metaspace: 2698K->2698K(1056768K)], 0.0500825 secs] [Times: user=0.05 sys=0.00, real=0.05 secs] 
2021-01-22T21:01:03.962-0800: 112.530: [GC (Allocation Failure) 2021-01-22T21:01:03.962-0800: 112.530: [DefNew: 279616K->34943K(314560K), 0.0124973 secs] 666335K->479563K(1013632K), 0.0125923 secs] [Times: user=0.02 sys=0.00, real=0.01 secs] 
2021-01-22T21:01:04.007-0800: 112.575: [GC (Allocation Failure) 2021-01-22T21:01:04.007-0800: 112.575: [DefNew: 314559K->34943K(314560K), 0.0144507 secs] 759179K->558247K(1013632K), 0.0145444 secs] [Times: user=0.01 sys=0.00, real=0.02 secs] 
2021-01-22T21:01:04.050-0800: 112.618: [GC (Allocation Failure) 2021-01-22T21:01:04.050-0800: 112.618: [DefNew: 314559K->34943K(314560K), 0.0160875 secs] 837863K->642587K(1013632K), 0.0161745 secs] [Times: user=0.02 sys=0.00, real=0.01 secs] 
2021-01-22T21:01:04.100-0800: 112.667: [GC (Allocation Failure) 2021-01-22T21:01:04.100-0800: 112.668: [DefNew: 314559K->314559K(314560K), 0.0000459 secs]2021-01-22T21:01:04.100-0800: 112.668: [Tenured: 607644K->417165K(699072K), 0.0480545 secs] 922203K->417165K(1013632K), [Metaspace: 2698K->2698K(1056768K)], 0.0482258 secs] [Times: user=0.05 sys=0.00, real=0.04 secs] 
2021-01-22T21:01:04.179-0800: 112.747: [GC (Allocation Failure) 2021-01-22T21:01:04.179-0800: 112.747: [DefNew: 279616K->34942K(314560K), 0.0117916 secs] 696781K->507602K(1013632K), 0.0118847 secs] [Times: user=0.01 sys=0.00, real=0.02 secs] 
2021-01-22T21:01:04.224-0800: 112.791: [GC (Allocation Failure) 2021-01-22T21:01:04.224-0800: 112.791: [DefNew: 314558K->34942K(314560K), 0.0137791 secs] 787218K->580689K(1013632K), 0.0138716 secs] [Times: user=0.01 sys=0.00, real=0.01 secs] 
2021-01-22T21:01:04.269-0800: 112.836: [GC (Allocation Failure) 2021-01-22T21:01:04.269-0800: 112.836: [DefNew: 314558K->34943K(314560K), 0.0158439 secs] 860305K->666580K(1013632K), 0.0159361 secs] [Times: user=0.01 sys=0.00, real=0.02 secs] 
2021-01-22T21:01:04.317-0800: 112.885: [GC (Allocation Failure) 2021-01-22T21:01:04.317-0800: 112.885: [DefNew: 314559K->314559K(314560K), 0.0000237 secs]2021-01-22T21:01:04.317-0800: 112.885: [Tenured: 631637K->415682K(699072K), 0.0491882 secs] 946196K->415682K(1013632K), [Metaspace: 2698K->2698K(1056768K)], 0.0493156 secs] [Times: user=0.05 sys=0.00, real=0.05 secs] 
2021-01-22T21:01:04.398-0800: 112.966: [GC (Allocation Failure) 2021-01-22T21:01:04.398-0800: 112.966: [DefNew: 279616K->34943K(314560K), 0.0116350 secs] 695298K->504056K(1013632K), 0.0117294 secs] [Times: user=0.01 sys=0.00, real=0.02 secs] 
2021-01-22T21:01:04.441-0800: 113.009: [GC (Allocation Failure) 2021-01-22T21:01:04.441-0800: 113.009: [DefNew: 314449K->34943K(314560K), 0.0146598 secs] 783562K->584058K(1013632K), 0.0147533 secs] [Times: user=0.02 sys=0.00, real=0.01 secs] 
2021-01-22T21:01:04.487-0800: 113.055: [GC (Allocation Failure) 2021-01-22T21:01:04.487-0800: 113.055: [DefNew: 314559K->34944K(314560K), 0.0138845 secs] 863674K->653384K(1013632K), 0.0139794 secs] [Times: user=0.01 sys=0.00, real=0.02 secs] 
2021-01-22T21:01:04.530-0800: 113.098: [GC (Allocation Failure) 2021-01-22T21:01:04.530-0800: 113.098: [DefNew: 314560K->314560K(314560K), 0.0000451 secs]2021-01-22T21:01:04.530-0800: 113.098: [Tenured: 618440K->413497K(699072K), 0.0507547 secs] 933000K->413497K(1013632K), [Metaspace: 2698K->2698K(1056768K)], 0.0509502 secs] [Times: user=0.05 sys=0.00, real=0.05 secs] 
2021-01-22T21:01:04.615-0800: 113.182: [GC (Allocation Failure) 2021-01-22T21:01:04.615-0800: 113.182: [DefNew: 279616K->34943K(314560K), 0.0109397 secs] 693113K->497616K(1013632K), 0.0110304 secs] [Times: user=0.02 sys=0.00, real=0.01 secs] 
2021-01-22T21:01:04.655-0800: 113.223: [GC (Allocation Failure) 2021-01-22T21:01:04.655-0800: 113.223: [DefNew: 314559K->34944K(314560K), 0.0152744 secs] 777232K->583145K(1013632K), 0.0153677 secs] [Times: user=0.02 sys=0.00, real=0.02 secs] 
2021-01-22T21:01:04.701-0800: 113.269: [GC (Allocation Failure) 2021-01-22T21:01:04.701-0800: 113.269: [DefNew: 314560K->34943K(314560K), 0.0143545 secs] 862761K->660560K(1013632K), 0.0144452 secs] [Times: user=0.01 sys=0.00, real=0.01 secs] 
2021-01-22T21:01:04.747-0800: 113.315: [GC (Allocation Failure) 2021-01-22T21:01:04.747-0800: 113.315: [DefNew: 314559K->314559K(314560K), 0.0000200 secs]2021-01-22T21:01:04.747-0800: 113.315: [Tenured: 625616K->371293K(699072K), 0.0485031 secs] 940176K->371293K(1013632K), [Metaspace: 2698K->2698K(1056768K)], 0.0486370 secs] [Times: user=0.05 sys=0.00, real=0.05 secs] 
2021-01-22T21:01:04.827-0800: 113.394: [GC (Allocation Failure) 2021-01-22T21:01:04.827-0800: 113.394: [DefNew: 279616K->34943K(314560K), 0.0129410 secs] 650909K->470435K(1013632K), 0.0130354 secs] [Times: user=0.02 sys=0.00, real=0.02 secs] 
2021-01-22T21:01:04.871-0800: 113.438: [GC (Allocation Failure) 2021-01-22T21:01:04.871-0800: 113.438: [DefNew: 314559K->34944K(314560K), 0.0142824 secs] 750051K->547478K(1013632K), 0.0143756 secs] [Times: user=0.01 sys=0.00, real=0.01 secs] 
2021-01-22T21:01:04.917-0800: 113.484: [GC (Allocation Failure) 2021-01-22T21:01:04.917-0800: 113.484: [DefNew: 314560K->34943K(314560K), 0.0143846 secs] 827094K->618097K(1013632K), 0.0144717 secs] [Times: user=0.02 sys=0.00, real=0.02 secs] 
2021-01-22T21:01:04.960-0800: 113.528: [GC (Allocation Failure) 2021-01-22T21:01:04.961-0800: 113.528: [DefNew: 314559K->34943K(314560K), 0.0144064 secs] 897713K->696142K(1013632K), 0.0144959 secs] [Times: user=0.01 sys=0.00, real=0.01 secs] 
2021-01-22T21:01:05.005-0800: 113.573: [GC (Allocation Failure) 2021-01-22T21:01:05.005-0800: 113.573: [DefNew: 314559K->314559K(314560K), 0.0000202 secs]2021-01-22T21:01:05.005-0800: 113.573: [Tenured: 661198K->415043K(699072K), 0.0507916 secs] 975758K->415043K(1013632K), [Metaspace: 2698K->2698K(1056768K)], 0.0509144 secs] [Times: user=0.05 sys=0.00, real=0.05 secs] 
2021-01-22T21:01:05.088-0800: 113.655: [GC (Allocation Failure) 2021-01-22T21:01:05.088-0800: 113.656: [DefNew: 279616K->34944K(314560K), 0.0105659 secs] 694659K->495812K(1013632K), 0.0106563 secs] [Times: user=0.01 sys=0.00, real=0.01 secs] 
2021-01-22T21:01:05.129-0800: 113.697: [GC (Allocation Failure) 2021-01-22T21:01:05.129-0800: 113.697: [DefNew: 314560K->34943K(314560K), 0.0141398 secs] 775428K->572161K(1013632K), 0.0142365 secs] [Times: user=0.01 sys=0.00, real=0.02 secs] 
2021-01-22T21:01:05.174-0800: 113.742: [GC (Allocation Failure) 2021-01-22T21:01:05.174-0800: 113.742: [DefNew: 314559K->34943K(314560K), 0.0144268 secs] 851777K->649882K(1013632K), 0.0145304 secs] [Times: user=0.02 sys=0.00, real=0.01 secs] 
2021-01-22T21:01:05.220-0800: 113.788: [GC (Allocation Failure) 2021-01-22T21:01:05.220-0800: 113.788: [DefNew: 314559K->314559K(314560K), 0.0000205 secs]2021-01-22T21:01:05.220-0800: 113.788: [Tenured: 614938K->408479K(699072K), 0.0489245 secs] 929498K->408479K(1013632K), [Metaspace: 2698K->2698K(1056768K)], 0.0490519 secs] [Times: user=0.05 sys=0.00, real=0.04 secs] 
2021-01-22T21:01:05.301-0800: 113.869: [GC (Allocation Failure) 2021-01-22T21:01:05.301-0800: 113.869: [DefNew: 279616K->34943K(314560K), 0.0105454 secs] 688095K->492172K(1013632K), 0.0106362 secs] [Times: user=0.01 sys=0.00, real=0.01 secs] 
2021-01-22T21:01:05.343-0800: 113.911: [GC (Allocation Failure) 2021-01-22T21:01:05.343-0800: 113.911: [DefNew: 314559K->34944K(314560K), 0.0142089 secs] 771788K->566730K(1013632K), 0.0143016 secs] [Times: user=0.01 sys=0.00, real=0.01 secs] 
2021-01-22T21:01:05.388-0800: 113.956: [GC (Allocation Failure) 2021-01-22T21:01:05.388-0800: 113.956: [DefNew: 314560K->34943K(314560K), 0.0138375 secs] 846346K->638377K(1013632K), 0.0139262 secs] [Times: user=0.02 sys=0.00, real=0.02 secs] 
2021-01-22T21:01:05.431-0800: 113.999: [GC (Allocation Failure) 2021-01-22T21:01:05.431-0800: 113.999: [DefNew: 314559K->314559K(314560K), 0.0000210 secs]2021-01-22T21:01:05.431-0800: 113.999: [Tenured: 603434K->401741K(699072K), 0.0486877 secs] 917993K->401741K(1013632K), [Metaspace: 2698K->2698K(1056768K)], 0.0488081 secs] [Times: user=0.04 sys=0.01, real=0.05 secs] 
2021-01-22T21:01:05.513-0800: 114.081: [GC (Allocation Failure) 2021-01-22T21:01:05.513-0800: 114.081: [DefNew: 279616K->34943K(314560K), 0.0122153 secs] 681357K->496036K(1013632K), 0.0123075 secs] [Times: user=0.01 sys=0.00, real=0.01 secs] 
2021-01-22T21:01:05.557-0800: 114.125: [GC (Allocation Failure) 2021-01-22T21:01:05.557-0800: 114.125: [DefNew: 314559K->34943K(314560K), 0.0148352 secs] 775652K->572183K(1013632K), 0.0149295 secs] [Times: user=0.01 sys=0.00, real=0.02 secs] 
2021-01-22T21:01:05.604-0800: 114.172: [GC (Allocation Failure) 2021-01-22T21:01:05.604-0800: 114.172: [DefNew: 314559K->34943K(314560K), 0.0145403 secs] 851799K->651720K(1013632K), 0.0146389 secs] [Times: user=0.02 sys=0.00, real=0.01 secs] 
2021-01-22T21:01:05.649-0800: 114.217: [GC (Allocation Failure) 2021-01-22T21:01:05.649-0800: 114.217: [DefNew: 314559K->314559K(314560K), 0.0000195 secs]2021-01-22T21:01:05.649-0800: 114.217: [Tenured: 616776K->374880K(699072K), 0.0494234 secs] 931336K->374880K(1013632K), [Metaspace: 2698K->2698K(1056768K)], 0.0495443 secs] [Times: user=0.05 sys=0.00, real=0.05 secs] 
2021-01-22T21:01:05.729-0800: 114.296: [GC (Allocation Failure) 2021-01-22T21:01:05.729-0800: 114.296: [DefNew: 279603K->34943K(314560K), 0.0120931 secs] 654483K->465923K(1013632K), 0.0121979 secs] [Times: user=0.02 sys=0.00, real=0.02 secs] 
2021-01-22T21:01:05.770-0800: 114.338: [GC (Allocation Failure) 2021-01-22T21:01:05.770-0800: 114.338: [DefNew: 314559K->34943K(314560K), 0.0157910 secs] 745539K->549384K(1013632K), 0.0158733 secs] [Times: user=0.01 sys=0.00, real=0.01 secs] 
2021-01-22T21:01:05.818-0800: 114.385: [GC (Allocation Failure) 2021-01-22T21:01:05.818-0800: 114.385: [DefNew: 314559K->34943K(314560K), 0.0145604 secs] 829000K->627265K(1013632K), 0.0146538 secs] [Times: user=0.02 sys=0.00, real=0.02 secs] 
2021-01-22T21:01:05.863-0800: 114.430: [GC (Allocation Failure) 2021-01-22T21:01:05.863-0800: 114.430: [DefNew: 314559K->314559K(314560K), 0.0000232 secs]2021-01-22T21:01:05.863-0800: 114.430: [Tenured: 592321K->410719K(699072K), 0.0467648 secs] 906881K->410719K(1013632K), [Metaspace: 2698K->2698K(1056768K)], 0.0469171 secs] [Times: user=0.04 sys=0.00, real=0.04 secs] 
2021-01-22T21:01:05.942-0800: 114.510: [GC (Allocation Failure) 2021-01-22T21:01:05.942-0800: 114.510: [DefNew: 279616K->34943K(314560K), 0.0109159 secs] 690335K->493181K(1013632K), 0.0110093 secs] [Times: user=0.02 sys=0.00, real=0.01 secs] 
2021-01-22T21:01:05.984-0800: 114.552: [GC (Allocation Failure) 2021-01-22T21:01:05.984-0800: 114.552: [DefNew: 314559K->34943K(314560K), 0.0148139 secs] 772797K->572055K(1013632K), 0.0149024 secs] [Times: user=0.01 sys=0.00, real=0.01 secs] 
2021-01-22T21:01:06.029-0800: 114.596: [GC (Allocation Failure) 2021-01-22T21:01:06.029-0800: 114.597: [DefNew: 314559K->34943K(314560K), 0.0153395 secs] 851671K->654165K(1013632K), 0.0154415 secs] [Times: user=0.01 sys=0.00, real=0.02 secs] 
2021-01-22T21:01:06.075-0800: 114.643: [GC (Allocation Failure) 2021-01-22T21:01:06.075-0800: 114.643: [DefNew: 314223K->314223K(314560K), 0.0000198 secs]2021-01-22T21:01:06.075-0800: 114.643: [Tenured: 619221K->413237K(699072K), 0.0483852 secs] 933444K->413237K(1013632K), [Metaspace: 2698K->2698K(1056768K)], 0.0485132 secs] [Times: user=0.04 sys=0.00, real=0.05 secs] 
2021-01-22T21:01:06.155-0800: 114.722: [GC (Allocation Failure) 2021-01-22T21:01:06.155-0800: 114.722: [DefNew: 279616K->34943K(314560K), 0.0115224 secs] 692853K->501329K(1013632K), 0.0116129 secs] [Times: user=0.02 sys=0.00, real=0.01 secs] 
2021-01-22T21:01:06.196-0800: 114.764: [GC (Allocation Failure) 2021-01-22T21:01:06.196-0800: 114.764: [DefNew: 314559K->34944K(314560K), 0.0149508 secs] 780945K->578821K(1013632K), 0.0150417 secs] [Times: user=0.02 sys=0.00, real=0.02 secs] 
2021-01-22T21:01:06.242-0800: 114.810: [GC (Allocation Failure) 2021-01-22T21:01:06.242-0800: 114.810: [DefNew: 314560K->34944K(314560K), 0.0150981 secs] 858437K->660645K(1013632K), 0.0151927 secs] [Times: user=0.01 sys=0.00, real=0.01 secs] 
2021-01-22T21:01:06.290-0800: 114.857: [GC (Allocation Failure) 2021-01-22T21:01:06.290-0800: 114.857: [DefNew: 314560K->314560K(314560K), 0.0000196 secs]2021-01-22T21:01:06.290-0800: 114.857: [Tenured: 625701K->405241K(699072K), 0.0487717 secs] 940261K->405241K(1013632K), [Metaspace: 2698K->2698K(1056768K)], 0.0488959 secs] [Times: user=0.04 sys=0.00, real=0.04 secs] 
2021-01-22T21:01:06.371-0800: 114.938: [GC (Allocation Failure) 2021-01-22T21:01:06.371-0800: 114.938: [DefNew: 279616K->34943K(314560K), 0.0108569 secs] 684857K->488431K(1013632K), 0.0109441 secs] [Times: user=0.01 sys=0.00, real=0.01 secs] 
2021-01-22T21:01:06.412-0800: 114.980: [GC (Allocation Failure) 2021-01-22T21:01:06.412-0800: 114.980: [DefNew: 314559K->34943K(314560K), 0.0147356 secs] 768047K->565354K(1013632K), 0.0148463 secs] [Times: user=0.01 sys=0.00, real=0.01 secs] 
2021-01-22T21:01:06.458-0800: 115.026: [GC (Allocation Failure) 2021-01-22T21:01:06.458-0800: 115.026: [DefNew: 314559K->34943K(314560K), 0.0138975 secs] 844970K->634950K(1013632K), 0.0139849 secs] [Times: user=0.02 sys=0.00, real=0.02 secs] 
2021-01-22T21:01:06.504-0800: 115.072: [GC (Allocation Failure) 2021-01-22T21:01:06.504-0800: 115.072: [DefNew: 314559K->314559K(314560K), 0.0000199 secs]2021-01-22T21:01:06.504-0800: 115.072: [Tenured: 600006K->366595K(699072K), 0.0477174 secs] 914566K->366595K(1013632K), [Metaspace: 2698K->2698K(1056768K)], 0.0478380 secs] [Times: user=0.05 sys=0.00, real=0.05 secs] 
2021-01-22T21:01:06.588-0800: 115.155: [GC (Allocation Failure) 2021-01-22T21:01:06.588-0800: 115.155: [DefNew: 279616K->34944K(314560K), 0.0127982 secs] 646211K->454358K(1013632K), 0.0129043 secs] [Times: user=0.01 sys=0.00, real=0.02 secs] 
2021-01-22T21:01:06.639-0800: 115.206: [GC (Allocation Failure) 2021-01-22T21:01:06.639-0800: 115.206: [DefNew: 314560K->34943K(314560K), 0.0146056 secs] 733974K->529378K(1013632K), 0.0147155 secs] [Times: user=0.01 sys=0.01, real=0.02 secs] 
2021-01-22T21:01:06.690-0800: 115.257: [GC (Allocation Failure) 2021-01-22T21:01:06.690-0800: 115.257: [DefNew: 314559K->34944K(314560K), 0.0155161 secs] 808994K->613010K(1013632K), 0.0156079 secs] [Times: user=0.01 sys=0.00, real=0.01 secs] 
2021-01-22T21:01:06.736-0800: 115.304: [GC (Allocation Failure) 2021-01-22T21:01:06.736-0800: 115.304: [DefNew: 314560K->34943K(314560K), 0.0143835 secs] 892626K->689992K(1013632K), 0.0144806 secs] [Times: user=0.01 sys=0.00, real=0.02 secs] 
2021-01-22T21:01:06.781-0800: 115.349: [GC (Allocation Failure) 2021-01-22T21:01:06.781-0800: 115.349: [DefNew: 314559K->314559K(314560K), 0.0000203 secs]2021-01-22T21:01:06.781-0800: 115.349: [Tenured: 655048K->407061K(699072K), 0.0476709 secs] 969608K->407061K(1013632K), [Metaspace: 2698K->2698K(1056768K)], 0.0478028 secs] [Times: user=0.05 sys=0.00, real=0.04 secs] 
2021-01-22T21:01:06.861-0800: 115.428: [GC (Allocation Failure) 2021-01-22T21:01:06.861-0800: 115.429: [DefNew: 279545K->34943K(314560K), 0.0116469 secs] 686606K->492593K(1013632K), 0.0117372 secs] [Times: user=0.01 sys=0.00, real=0.01 secs] 
2021-01-22T21:01:06.904-0800: 115.471: [GC (Allocation Failure) 2021-01-22T21:01:06.904-0800: 115.471: [DefNew: 314559K->34943K(314560K), 0.0142150 secs] 772209K->569586K(1013632K), 0.0143104 secs] [Times: user=0.01 sys=0.00, real=0.01 secs] 
2021-01-22T21:01:06.949-0800: 115.517: [GC (Allocation Failure) 2021-01-22T21:01:06.949-0800: 115.517: [DefNew: 314385K->34943K(314560K), 0.0145304 secs] 849027K->648066K(1013632K), 0.0146175 secs] [Times: user=0.02 sys=0.00, real=0.02 secs] 
2021-01-22T21:01:06.994-0800: 115.562: [GC (Allocation Failure) 2021-01-22T21:01:06.994-0800: 115.562: [DefNew: 314559K->314559K(314560K), 0.0000195 secs]2021-01-22T21:01:06.994-0800: 115.562: [Tenured: 613122K->409036K(699072K), 0.0488804 secs] 927682K->409036K(1013632K), [Metaspace: 2698K->2698K(1056768K)], 0.0490058 secs] [Times: user=0.05 sys=0.00, real=0.05 secs] 
2021-01-22T21:01:07.076-0800: 115.643: [GC (Allocation Failure) 2021-01-22T21:01:07.076-0800: 115.643: [DefNew: 279616K->34943K(314560K), 0.0118223 secs] 688652K->500345K(1013632K), 0.0119179 secs] [Times: user=0.01 sys=0.00, real=0.01 secs] 
2021-01-22T21:01:07.120-0800: 115.688: [GC (Allocation Failure) 2021-01-22T21:01:07.120-0800: 115.688: [DefNew: 314559K->34943K(314560K), 0.0149152 secs] 779961K->580472K(1013632K), 0.0150055 secs] [Times: user=0.02 sys=0.00, real=0.01 secs] 
2021-01-22T21:01:07.165-0800: 115.733: [GC (Allocation Failure) 2021-01-22T21:01:07.165-0800: 115.733: [DefNew: 314559K->34943K(314560K), 0.0148112 secs] 860088K->661617K(1013632K), 0.0148965 secs] [Times: user=0.01 sys=0.00, real=0.02 secs] 
2021-01-22T21:01:07.211-0800: 115.779: [GC (Allocation Failure) 2021-01-22T21:01:07.211-0800: 115.779: [DefNew: 314559K->314559K(314560K), 0.0000194 secs]2021-01-22T21:01:07.211-0800: 115.779: [Tenured: 626673K->417993K(699072K), 0.0501681 secs] 941233K->417993K(1013632K), [Metaspace: 2698K->2698K(1056768K)], 0.0502955 secs] [Times: user=0.05 sys=0.00, real=0.05 secs] 
2021-01-22T21:01:07.293-0800: 115.861: [GC (Allocation Failure) 2021-01-22T21:01:07.293-0800: 115.861: [DefNew: 279616K->34943K(314560K), 0.0112849 secs] 697609K->503570K(1013632K), 0.0113777 secs] [Times: user=0.02 sys=0.00, real=0.01 secs] 
2021-01-22T21:01:07.334-0800: 115.902: [GC (Allocation Failure) 2021-01-22T21:01:07.334-0800: 115.902: [DefNew: 314559K->34944K(314560K), 0.0167890 secs] 783186K->593662K(1013632K), 0.0168831 secs] [Times: user=0.02 sys=0.00, real=0.02 secs] 
2021-01-22T21:01:07.383-0800: 115.951: [GC (Allocation Failure) 2021-01-22T21:01:07.383-0800: 115.951: [DefNew: 314560K->34943K(314560K), 0.0142316 secs] 873278K->669566K(1013632K), 0.0143233 secs] [Times: user=0.02 sys=0.00, real=0.01 secs] 
2021-01-22T21:01:07.429-0800: 115.997: [GC (Allocation Failure) 2021-01-22T21:01:07.429-0800: 115.997: [DefNew: 314559K->314559K(314560K), 0.0000289 secs]2021-01-22T21:01:07.429-0800: 115.997: [Tenured: 634622K->373386K(699072K), 0.0487268 secs] 949182K->373386K(1013632K), [Metaspace: 2698K->2698K(1056768K)], 0.0488765 secs] [Times: user=0.05 sys=0.00, real=0.05 secs] 
2021-01-22T21:01:07.511-0800: 116.078: [GC (Allocation Failure) 2021-01-22T21:01:07.511-0800: 116.079: [DefNew: 279616K->34943K(314560K), 0.0119990 secs] 653002K->465006K(1013632K), 0.0120928 secs] [Times: user=0.01 sys=0.00, real=0.01 secs] 
2021-01-22T21:01:07.556-0800: 116.123: [GC (Allocation Failure) 2021-01-22T21:01:07.556-0800: 116.123: [DefNew: 314559K->34941K(314560K), 0.0143009 secs] 744622K->539397K(1013632K), 0.0143938 secs] [Times: user=0.02 sys=0.00, real=0.02 secs] 
2021-01-22T21:01:07.601-0800: 116.169: [GC (Allocation Failure) 2021-01-22T21:01:07.601-0800: 116.169: [DefNew: 314557K->34944K(314560K), 0.0145937 secs] 819013K->621379K(1013632K), 0.0146880 secs] [Times: user=0.01 sys=0.00, real=0.01 secs] 
2021-01-22T21:01:07.646-0800: 116.214: [GC (Allocation Failure) 2021-01-22T21:01:07.646-0800: 116.214: [DefNew: 314560K->34943K(314560K), 0.0142681 secs] 900995K->696682K(1013632K), 0.0143642 secs] [Times: user=0.02 sys=0.00, real=0.02 secs] 
2021-01-22T21:01:07.692-0800: 116.260: [GC (Allocation Failure) 2021-01-22T21:01:07.692-0800: 116.260: [DefNew: 314559K->314559K(314560K), 0.0000378 secs]2021-01-22T21:01:07.692-0800: 116.260: [Tenured: 661739K->409456K(699072K), 0.0475033 secs] 976298K->409456K(1013632K), [Metaspace: 2698K->2698K(1056768K)], 0.0476932 secs] [Times: user=0.04 sys=0.00, real=0.05 secs] 
2021-01-22T21:01:07.772-0800: 116.340: [GC (Allocation Failure) 2021-01-22T21:01:07.772-0800: 116.340: [DefNew: 279616K->34943K(314560K), 0.0124075 secs] 689072K->501843K(1013632K), 0.0125025 secs] [Times: user=0.01 sys=0.00, real=0.01 secs] 
2021-01-22T21:01:07.815-0800: 116.383: [GC (Allocation Failure) 2021-01-22T21:01:07.815-0800: 116.383: [DefNew: 314559K->34944K(314560K), 0.0145027 secs] 781459K->582102K(1013632K), 0.0145925 secs] [Times: user=0.01 sys=0.00, real=0.02 secs] 
2021-01-22T21:01:07.862-0800: 116.430: [GC (Allocation Failure) 2021-01-22T21:01:07.862-0800: 116.430: [DefNew: 314560K->34943K(314560K), 0.0138639 secs] 861718K->653211K(1013632K), 0.0139824 secs] [Times: user=0.02 sys=0.00, real=0.01 secs] 
2021-01-22T21:01:07.907-0800: 116.475: [GC (Allocation Failure) 2021-01-22T21:01:07.907-0800: 116.475: [DefNew: 314559K->314559K(314560K), 0.0000196 secs]2021-01-22T21:01:07.908-0800: 116.475: [Tenured: 618267K->414209K(699072K), 0.0487835 secs] 932827K->414209K(1013632K), [Metaspace: 2698K->2698K(1056768K)], 0.0489118 secs] [Times: user=0.05 sys=0.01, real=0.05 secs] 
2021-01-22T21:01:07.989-0800: 116.557: [GC (Allocation Failure) 2021-01-22T21:01:07.989-0800: 116.557: [DefNew: 279616K->34943K(314560K), 0.0114677 secs] 693825K->498234K(1013632K), 0.0115661 secs] [Times: user=0.01 sys=0.00, real=0.02 secs] 
2021-01-22T21:01:08.031-0800: 116.599: [GC (Allocation Failure) 2021-01-22T21:01:08.031-0800: 116.599: [DefNew: 314559K->34943K(314560K), 0.0151380 secs] 777850K->584028K(1013632K), 0.0152256 secs] [Times: user=0.02 sys=0.00, real=0.01 secs] 
2021-01-22T21:01:08.077-0800: 116.644: [GC (Allocation Failure) 2021-01-22T21:01:08.077-0800: 116.644: [DefNew: 314559K->34943K(314560K), 0.0148678 secs] 863644K->663510K(1013632K), 0.0149655 secs] [Times: user=0.01 sys=0.00, real=0.02 secs] 
2021-01-22T21:01:08.122-0800: 116.690: [GC (Allocation Failure) 2021-01-22T21:01:08.122-0800: 116.690: [DefNew: 314559K->314559K(314560K), 0.0000194 secs]2021-01-22T21:01:08.122-0800: 116.690: [Tenured: 628566K->409321K(699072K), 0.0492374 secs] 943126K->409321K(1013632K), [Metaspace: 2698K->2698K(1056768K)], 0.0493639 secs] [Times: user=0.05 sys=0.00, real=0.05 secs] 
2021-01-22T21:01:08.203-0800: 116.771: [GC (Allocation Failure) 2021-01-22T21:01:08.203-0800: 116.771: [DefNew: 279461K->34943K(314560K), 0.0117614 secs] 688782K->500289K(1013632K), 0.0118515 secs] [Times: user=0.01 sys=0.00, real=0.01 secs] 
2021-01-22T21:01:08.244-0800: 116.812: [GC (Allocation Failure) 2021-01-22T21:01:08.244-0800: 116.812: [DefNew: 314559K->34944K(314560K), 0.0151624 secs] 779905K->583705K(1013632K), 0.0152544 secs] [Times: user=0.02 sys=0.00, real=0.01 secs] 
2021-01-22T21:01:08.289-0800: 116.857: [GC (Allocation Failure) 2021-01-22T21:01:08.289-0800: 116.857: [DefNew: 314560K->34943K(314560K), 0.0163230 secs] 863321K->669880K(1013632K), 0.0164166 secs] [Times: user=0.01 sys=0.00, real=0.02 secs] 
2021-01-22T21:01:08.336-0800: 116.904: [GC (Allocation Failure) 2021-01-22T21:01:08.336-0800: 116.904: [DefNew: 314559K->314559K(314560K), 0.0000202 secs]2021-01-22T21:01:08.336-0800: 116.904: [Tenured: 634936K->385314K(699072K), 0.0503672 secs] 949496K->385314K(1013632K), [Metaspace: 2698K->2698K(1056768K)], 0.0505138 secs] [Times: user=0.05 sys=0.00, real=0.05 secs] 
2021-01-22T21:01:08.419-0800: 116.987: [GC (Allocation Failure) 2021-01-22T21:01:08.419-0800: 116.987: [DefNew: 279369K->34942K(314560K), 0.0120501 secs] 664683K->477220K(1013632K), 0.0121534 secs] [Times: user=0.02 sys=0.00, real=0.02 secs] 
2021-01-22T21:01:08.462-0800: 117.030: [GC (Allocation Failure) 2021-01-22T21:01:08.462-0800: 117.030: [DefNew: 314558K->34942K(314560K), 0.0153187 secs] 756836K->562869K(1013632K), 0.0154120 secs] [Times: user=0.01 sys=0.00, real=0.01 secs] 
2021-01-22T21:01:08.509-0800: 117.077: [GC (Allocation Failure) 2021-01-22T21:01:08.509-0800: 117.077: [DefNew: 314558K->34943K(314560K), 0.0164850 secs] 842485K->650716K(1013632K), 0.0165788 secs] [Times: user=0.02 sys=0.00, real=0.02 secs] 
2021-01-22T21:01:08.557-0800: 117.125: [GC (Allocation Failure) 2021-01-22T21:01:08.557-0800: 117.125: [DefNew: 314559K->314559K(314560K), 0.0000199 secs]2021-01-22T21:01:08.557-0800: 117.125: [Tenured: 615772K->413504K(699072K), 0.0472655 secs] 930332K->413504K(1013632K), [Metaspace: 2698K->2698K(1056768K)], 0.0473965 secs] [Times: user=0.05 sys=0.00, real=0.05 secs] 
2021-01-22T21:01:08.638-0800: 117.205: [GC (Allocation Failure) 2021-01-22T21:01:08.638-0800: 117.205: [DefNew: 279616K->34940K(314560K), 0.0110883 secs] 693120K->498807K(1013632K), 0.0111875 secs] [Times: user=0.01 sys=0.00, real=0.01 secs] 
2021-01-22T21:01:08.679-0800: 117.247: [GC (Allocation Failure) 2021-01-22T21:01:08.679-0800: 117.247: [DefNew: 314474K->34943K(314560K), 0.0138401 secs] 778341K->572971K(1013632K), 0.0139334 secs] [Times: user=0.01 sys=0.00, real=0.02 secs] 
2021-01-22T21:01:08.725-0800: 117.292: [GC (Allocation Failure) 2021-01-22T21:01:08.725-0800: 117.292: [DefNew: 313975K->34943K(314560K), 0.0142343 secs] 852003K->648923K(1013632K), 0.0143250 secs] [Times: user=0.02 sys=0.00, real=0.01 secs] 
2021-01-22T21:01:08.769-0800: 117.337: [GC (Allocation Failure) 2021-01-22T21:01:08.769-0800: 117.337: [DefNew: 314559K->314559K(314560K), 0.0000198 secs]2021-01-22T21:01:08.769-0800: 117.337: [Tenured: 613979K->412222K(699072K), 0.0481157 secs] 928539K->412222K(1013632K), [Metaspace: 2698K->2698K(1056768K)], 0.0482428 secs] [Times: user=0.05 sys=0.00, real=0.05 secs] 
2021-01-22T21:01:08.849-0800: 117.417: [GC (Allocation Failure) 2021-01-22T21:01:08.849-0800: 117.417: [DefNew: 279616K->34944K(314560K), 0.0110095 secs] 691838K->500212K(1013632K), 0.0111184 secs] [Times: user=0.01 sys=0.00, real=0.02 secs] 
2021-01-22T21:01:08.892-0800: 117.460: [GC (Allocation Failure) 2021-01-22T21:01:08.892-0800: 117.460: [DefNew: 314560K->34943K(314560K), 0.0155915 secs] 779828K->586840K(1013632K), 0.0156890 secs] [Times: user=0.02 sys=0.00, real=0.01 secs] 
2021-01-22T21:01:08.938-0800: 117.506: [GC (Allocation Failure) 2021-01-22T21:01:08.938-0800: 117.506: [DefNew: 314559K->34943K(314560K), 0.0155050 secs] 866456K->671893K(1013632K), 0.0155990 secs] [Times: user=0.01 sys=0.00, real=0.02 secs] 
2021-01-22T21:01:08.986-0800: 117.554: [GC (Allocation Failure) 2021-01-22T21:01:08.986-0800: 117.554: [DefNew: 314559K->314559K(314560K), 0.0000199 secs]2021-01-22T21:01:08.986-0800: 117.554: [Tenured: 636949K->411927K(699072K), 0.0501611 secs] 951509K->411927K(1013632K), [Metaspace: 2698K->2698K(1056768K)], 0.0502945 secs] [Times: user=0.05 sys=0.00, real=0.05 secs] 
2021-01-22T21:01:09.070-0800: 117.637: [GC (Allocation Failure) 2021-01-22T21:01:09.070-0800: 117.638: [DefNew: 279616K->34943K(314560K), 0.0108712 secs] 691543K->491292K(1013632K), 0.0110014 secs] [Times: user=0.01 sys=0.00, real=0.01 secs] 
2021-01-22T21:01:09.126-0800: 117.694: [GC (Allocation Failure) 2021-01-22T21:01:09.126-0800: 117.694: [DefNew: 314559K->34943K(314560K), 0.0148780 secs] 770908K->573551K(1013632K), 0.0149784 secs] [Times: user=0.01 sys=0.00, real=0.02 secs] 
2021-01-22T21:01:09.172-0800: 117.740: [GC (Allocation Failure) 2021-01-22T21:01:09.172-0800: 117.740: [DefNew: 314559K->34943K(314560K), 0.0140662 secs] 853167K->647015K(1013632K), 0.0142185 secs] [Times: user=0.01 sys=0.00, real=0.01 secs] 
2021-01-22T21:01:09.216-0800: 117.784: [GC (Allocation Failure) 2021-01-22T21:01:09.216-0800: 117.784: [DefNew: 314559K->314559K(314560K), 0.0000213 secs]2021-01-22T21:01:09.216-0800: 117.784: [Tenured: 612072K->376763K(699072K), 0.0493767 secs] 926631K->376763K(1013632K), [Metaspace: 2698K->2698K(1056768K)], 0.0495182 secs] [Times: user=0.05 sys=0.01, real=0.05 secs] 
2021-01-22T21:01:09.300-0800: 117.867: [GC (Allocation Failure) 2021-01-22T21:01:09.300-0800: 117.867: [DefNew: 279616K->34943K(314560K), 0.0119788 secs] 656379K->471798K(1013632K), 0.0120746 secs] [Times: user=0.01 sys=0.00, real=0.01 secs] 
2021-01-22T21:01:09.344-0800: 117.912: [GC (Allocation Failure) 2021-01-22T21:01:09.344-0800: 117.912: [DefNew: 314559K->34944K(314560K), 0.0154754 secs] 751414K->553506K(1013632K), 0.0155739 secs] [Times: user=0.01 sys=0.00, real=0.02 secs] 
2021-01-22T21:01:09.390-0800: 117.958: [GC (Allocation Failure) 2021-01-22T21:01:09.390-0800: 117.958: [DefNew: 314560K->34943K(314560K), 0.0156208 secs] 833122K->635867K(1013632K), 0.0157129 secs] [Times: user=0.02 sys=0.00, real=0.01 secs] 
2021-01-22T21:01:09.437-0800: 118.004: [GC (Allocation Failure) 2021-01-22T21:01:09.437-0800: 118.005: [DefNew: 314559K->314559K(314560K), 0.0000200 secs]2021-01-22T21:01:09.437-0800: 118.005: [Tenured: 600924K->420958K(699072K), 0.0495517 secs] 915483K->420958K(1013632K), [Metaspace: 2698K->2698K(1056768K)], 0.0496802 secs] [Times: user=0.05 sys=0.00, real=0.05 secs] 
2021-01-22T21:01:09.520-0800: 118.087: [GC (Allocation Failure) 2021-01-22T21:01:09.520-0800: 118.087: [DefNew: 279616K->34943K(314560K), 0.0116183 secs] 700574K->505811K(1013632K), 0.0117057 secs] [Times: user=0.01 sys=0.00, real=0.01 secs] 
2021-01-22T21:01:09.562-0800: 118.130: [GC (Allocation Failure) 2021-01-22T21:01:09.562-0800: 118.130: [DefNew: 314559K->34943K(314560K), 0.0151853 secs] 785427K->587668K(1013632K), 0.0152877 secs] [Times: user=0.02 sys=0.00, real=0.01 secs] 
2021-01-22T21:01:09.613-0800: 118.181: [GC (Allocation Failure) 2021-01-22T21:01:09.613-0800: 118.181: [DefNew: 314559K->34943K(314560K), 0.0147012 secs] 867284K->667301K(1013632K), 0.0147934 secs] [Times: user=0.02 sys=0.00, real=0.01 secs] 
2021-01-22T21:01:09.658-0800: 118.226: [GC (Allocation Failure) 2021-01-22T21:01:09.658-0800: 118.226: [DefNew: 314559K->314559K(314560K), 0.0000204 secs]2021-01-22T21:01:09.658-0800: 118.226: [Tenured: 632357K->428595K(699072K), 0.0610196 secs] 946917K->428595K(1013632K), [Metaspace: 2698K->2698K(1056768K)], 0.0611428 secs] [Times: user=0.05 sys=0.00, real=0.06 secs] 
2021-01-22T21:01:09.752-0800: 118.319: [GC (Allocation Failure) 2021-01-22T21:01:09.752-0800: 118.319: [DefNew: 279616K->34943K(314560K), 0.0106914 secs] 708211K->514559K(1013632K), 0.0107747 secs] [Times: user=0.01 sys=0.00, real=0.01 secs] 
2021-01-22T21:01:09.793-0800: 118.361: [GC (Allocation Failure) 2021-01-22T21:01:09.793-0800: 118.361: [DefNew: 314559K->34943K(314560K), 0.0151666 secs] 794175K->591719K(1013632K), 0.0152571 secs] [Times: user=0.01 sys=0.00, real=0.01 secs] 
2021-01-22T21:01:09.838-0800: 118.406: [GC (Allocation Failure) 2021-01-22T21:01:09.838-0800: 118.406: [DefNew: 314559K->34943K(314560K), 0.0148564 secs] 871335K->668890K(1013632K), 0.0149620 secs] [Times: user=0.02 sys=0.00, real=0.02 secs] 
2021-01-22T21:01:09.884-0800: 118.452: [GC (Allocation Failure) 2021-01-22T21:01:09.884-0800: 118.452: [DefNew: 314559K->314559K(314560K), 0.0000194 secs]2021-01-22T21:01:09.884-0800: 118.452: [Tenured: 633946K->409699K(699072K), 0.0509592 secs] 948506K->409699K(1013632K), [Metaspace: 2698K->2698K(1056768K)], 0.0510817 secs] [Times: user=0.05 sys=0.00, real=0.05 secs] 
2021-01-22T21:01:09.964-0800: 118.532: [GC (Allocation Failure) 2021-01-22T21:01:09.964-0800: 118.532: [DefNew: 279616K->34944K(314560K), 0.0106177 secs] 689315K->493377K(1013632K), 0.0107223 secs] [Times: user=0.01 sys=0.00, real=0.01 secs] 
2021-01-22T21:01:10.007-0800: 118.575: [GC (Allocation Failure) 2021-01-22T21:01:10.007-0800: 118.575: [DefNew: 314560K->34943K(314560K), 0.0140543 secs] 772993K->566430K(1013632K), 0.0141652 secs] [Times: user=0.01 sys=0.00, real=0.02 secs] 
2021-01-22T21:01:10.051-0800: 118.619: [GC (Allocation Failure) 2021-01-22T21:01:10.051-0800: 118.619: [DefNew: 314559K->34943K(314560K), 0.0161022 secs] 846046K->654012K(1013632K), 0.0161933 secs] [Times: user=0.02 sys=0.00, real=0.01 secs] 
2021-01-22T21:01:10.102-0800: 118.669: [GC (Allocation Failure) 2021-01-22T21:01:10.102-0800: 118.669: [DefNew: 314539K->314539K(314560K), 0.0000209 secs]2021-01-22T21:01:10.102-0800: 118.669: [Tenured: 619068K->375410K(699072K), 0.0521217 secs] 933608K->375410K(1013632K), [Metaspace: 2698K->2698K(1056768K)], 0.0522519 secs] [Times: user=0.05 sys=0.00, real=0.05 secs] 
2021-01-22T21:01:10.186-0800: 118.754: [GC (Allocation Failure) 2021-01-22T21:01:10.186-0800: 118.754: [DefNew: 279616K->34943K(314560K), 0.0115179 secs] 655026K->462123K(1013632K), 0.0116114 secs] [Times: user=0.01 sys=0.00, real=0.01 secs] 
2021-01-22T21:01:10.228-0800: 118.795: [GC (Allocation Failure) 2021-01-22T21:01:10.228-0800: 118.795: [DefNew: 314559K->34943K(314560K), 0.0142818 secs] 741739K->534915K(1013632K), 0.0143806 secs] [Times: user=0.01 sys=0.00, real=0.02 secs] 
2021-01-22T21:01:10.276-0800: 118.843: [GC (Allocation Failure) 2021-01-22T21:01:10.276-0800: 118.843: [DefNew: 314559K->34943K(314560K), 0.0147493 secs] 814531K->614568K(1013632K), 0.0148434 secs] [Times: user=0.01 sys=0.00, real=0.02 secs] 
2021-01-22T21:01:10.323-0800: 118.890: [GC (Allocation Failure) 2021-01-22T21:01:10.323-0800: 118.890: [DefNew: 314559K->34943K(314560K), 0.0153778 secs] 894184K->698320K(1013632K), 0.0154669 secs] [Times: user=0.02 sys=0.00, real=0.01 secs] 
2021-01-22T21:01:10.369-0800: 118.937: [GC (Allocation Failure) 2021-01-22T21:01:10.369-0800: 118.937: [DefNew: 314559K->314559K(314560K), 0.0000201 secs]2021-01-22T21:01:10.369-0800: 118.937: [Tenured: 663376K->424553K(699072K), 0.0484523 secs] 977936K->424553K(1013632K), [Metaspace: 2698K->2698K(1056768K)], 0.0485757 secs] [Times: user=0.04 sys=0.00, real=0.05 secs] 
2021-01-22T21:01:10.448-0800: 119.016: [GC (Allocation Failure) 2021-01-22T21:01:10.448-0800: 119.016: [DefNew: 279616K->34943K(314560K), 0.0110930 secs] 704169K->510661K(1013632K), 0.0111885 secs] [Times: user=0.02 sys=0.00, real=0.01 secs] 
2021-01-22T21:01:10.489-0800: 119.057: [GC (Allocation Failure) 2021-01-22T21:01:10.489-0800: 119.057: [DefNew: 314559K->34943K(314560K), 0.0148617 secs] 790277K->592504K(1013632K), 0.0149616 secs] [Times: user=0.01 sys=0.00, real=0.02 secs] 
2021-01-22T21:01:10.536-0800: 119.103: [GC (Allocation Failure) 2021-01-22T21:01:10.536-0800: 119.103: [DefNew: 314559K->34944K(314560K), 0.0146630 secs] 872120K->668661K(1013632K), 0.0147622 secs] [Times: user=0.02 sys=0.00, real=0.02 secs] 
2021-01-22T21:01:10.582-0800: 119.150: [GC (Allocation Failure) 2021-01-22T21:01:10.582-0800: 119.150: [DefNew: 314560K->314560K(314560K), 0.0000197 secs]2021-01-22T21:01:10.582-0800: 119.150: [Tenured: 633717K->410981K(699072K), 0.0491238 secs] 948277K->410981K(1013632K), [Metaspace: 2698K->2698K(1056768K)], 0.0492458 secs] [Times: user=0.04 sys=0.00, real=0.05 secs] 
2021-01-22T21:01:10.661-0800: 119.229: [GC (Allocation Failure) 2021-01-22T21:01:10.662-0800: 119.229: [DefNew: 279616K->34943K(314560K), 0.0108155 secs] 690597K->493861K(1013632K), 0.0109044 secs] [Times: user=0.01 sys=0.00, real=0.01 secs] 
2021-01-22T21:01:10.702-0800: 119.269: [GC (Allocation Failure) 2021-01-22T21:01:10.702-0800: 119.269: [DefNew: 314559K->34943K(314560K), 0.0145966 secs] 773477K->574598K(1013632K), 0.0146901 secs] [Times: user=0.02 sys=0.00, real=0.01 secs] 
2021-01-22T21:01:10.747-0800: 119.315: [GC (Allocation Failure) 2021-01-22T21:01:10.747-0800: 119.315: [DefNew: 314559K->34943K(314560K), 0.0157220 secs] 854214K->660220K(1013632K), 0.0158154 secs] [Times: user=0.01 sys=0.00, real=0.02 secs] 
2021-01-22T21:01:10.794-0800: 119.362: [GC (Allocation Failure) 2021-01-22T21:01:10.794-0800: 119.362: [DefNew: 314480K->314480K(314560K), 0.0000224 secs]2021-01-22T21:01:10.794-0800: 119.362: [Tenured: 625277K->415324K(699072K), 0.0494982 secs] 939757K->415324K(1013632K), [Metaspace: 2698K->2698K(1056768K)], 0.0496467 secs] [Times: user=0.05 sys=0.00, real=0.05 secs] 
2021-01-22T21:01:10.876-0800: 119.444: [GC (Allocation Failure) 2021-01-22T21:01:10.876-0800: 119.444: [DefNew: 279616K->34943K(314560K), 0.0122398 secs] 694940K->507382K(1013632K), 0.0123383 secs] [Times: user=0.02 sys=0.00, real=0.01 secs] 
2021-01-22T21:01:10.921-0800: 119.489: [GC (Allocation Failure) 2021-01-22T21:01:10.921-0800: 119.489: [DefNew: 314559K->34943K(314560K), 0.0137095 secs] 786998K->580726K(1013632K), 0.0138024 secs] [Times: user=0.01 sys=0.00, real=0.01 secs] 
2021-01-22T21:01:10.964-0800: 119.532: [GC (Allocation Failure) 2021-01-22T21:01:10.964-0800: 119.532: [DefNew: 314559K->34943K(314560K), 0.0193718 secs] 860342K->661377K(1013632K), 0.0194608 secs] [Times: user=0.02 sys=0.00, real=0.02 secs] 
2021-01-22T21:01:11.023-0800: 119.590: [GC (Allocation Failure) 2021-01-22T21:01:11.023-0800: 119.590: [DefNew: 314559K->314559K(314560K), 0.0000197 secs]2021-01-22T21:01:11.023-0800: 119.590: [Tenured: 626434K->374094K(699072K), 0.0517504 secs] 940993K->374094K(1013632K), [Metaspace: 2698K->2698K(1056768K)], 0.0518712 secs] [Times: user=0.05 sys=0.00, real=0.05 secs] 
2021-01-22T21:01:11.108-0800: 119.676: [GC (Allocation Failure) 2021-01-22T21:01:11.108-0800: 119.676: [DefNew: 279616K->34943K(314560K), 0.0107703 secs] 653710K->454856K(1013632K), 0.0108440 secs] [Times: user=0.01 sys=0.00, real=0.01 secs] 
2021-01-22T21:01:11.154-0800: 119.722: [GC (Allocation Failure) 2021-01-22T21:01:11.154-0800: 119.722: [DefNew: 314559K->34943K(314560K), 0.0145446 secs] 734472K->531380K(1013632K), 0.0146253 secs] [Times: user=0.01 sys=0.00, real=0.01 secs] 
2021-01-22T21:01:11.200-0800: 119.768: [GC (Allocation Failure) 2021-01-22T21:01:11.200-0800: 119.768: [DefNew: 314559K->34943K(314560K), 0.0156552 secs] 810996K->616550K(1013632K), 0.0157606 secs] [Times: user=0.02 sys=0.00, real=0.01 secs] 
2021-01-22T21:01:11.246-0800: 119.814: [GC (Allocation Failure) 2021-01-22T21:01:11.246-0800: 119.814: [DefNew: 314559K->34943K(314560K), 0.0144774 secs] 896166K->694478K(1013632K), 0.0145722 secs] [Times: user=0.01 sys=0.00, real=0.02 secs] 
2021-01-22T21:01:11.292-0800: 119.859: [GC (Allocation Failure) 2021-01-22T21:01:11.292-0800: 119.859: [DefNew: 314559K->314559K(314560K), 0.0000203 secs]2021-01-22T21:01:11.292-0800: 119.859: [Tenured: 659534K->412668K(699072K), 0.0486180 secs] 974094K->412668K(1013632K), [Metaspace: 2698K->2698K(1056768K)], 0.0487425 secs] [Times: user=0.05 sys=0.00, real=0.05 secs] 
2021-01-22T21:01:11.373-0800: 119.940: [GC (Allocation Failure) 2021-01-22T21:01:11.373-0800: 119.940: [DefNew: 279616K->34943K(314560K), 0.0112755 secs] 692284K->498321K(1013632K), 0.0113683 secs] [Times: user=0.01 sys=0.00, real=0.01 secs] 
2021-01-22T21:01:11.415-0800: 119.983: [GC (Allocation Failure) 2021-01-22T21:01:11.415-0800: 119.983: [DefNew: 314559K->34943K(314560K), 0.0149732 secs] 777937K->579079K(1013632K), 0.0150623 secs] [Times: user=0.02 sys=0.00, real=0.02 secs] 
2021-01-22T21:01:11.462-0800: 120.030: [GC (Allocation Failure) 2021-01-22T21:01:11.463-0800: 120.030: [DefNew: 314559K->34943K(314560K), 0.0135486 secs] 858695K->649236K(1013632K), 0.0136480 secs] [Times: user=0.01 sys=0.00, real=0.01 secs] 
2021-01-22T21:01:11.508-0800: 120.076: [GC (Allocation Failure) 2021-01-22T21:01:11.508-0800: 120.076: [DefNew: 314559K->314559K(314560K), 0.0000196 secs]2021-01-22T21:01:11.508-0800: 120.076: [Tenured: 614293K->406723K(699072K), 0.0493583 secs] 928852K->406723K(1013632K), [Metaspace: 2698K->2698K(1056768K)], 0.0494833 secs] [Times: user=0.04 sys=0.00, real=0.05 secs] 
2021-01-22T21:01:11.590-0800: 120.157: [GC (Allocation Failure) 2021-01-22T21:01:11.590-0800: 120.157: [DefNew: 279616K->34943K(314560K), 0.0122956 secs] 686339K->501515K(1013632K), 0.0124091 secs] [Times: user=0.01 sys=0.00, real=0.01 secs] 
2021-01-22T21:01:11.634-0800: 120.202: [GC (Allocation Failure) 2021-01-22T21:01:11.634-0800: 120.202: [DefNew: 314559K->34943K(314560K), 0.0139674 secs] 781131K->573449K(1013632K), 0.0140541 secs] [Times: user=0.01 sys=0.00, real=0.01 secs] 
2021-01-22T21:01:11.680-0800: 120.248: [GC (Allocation Failure) 2021-01-22T21:01:11.680-0800: 120.248: [DefNew: 314559K->34943K(314560K), 0.0150292 secs] 853065K->656399K(1013632K), 0.0151317 secs] [Times: user=0.02 sys=0.00, real=0.01 secs] 
2021-01-22T21:01:11.726-0800: 120.294: [GC (Allocation Failure) 2021-01-22T21:01:11.726-0800: 120.294: [DefNew: 314559K->314559K(314560K), 0.0000197 secs]2021-01-22T21:01:11.726-0800: 120.294: [Tenured: 621455K->411040K(699072K), 0.0503465 secs] 936015K->411040K(1013632K), [Metaspace: 2698K->2698K(1056768K)], 0.0504750 secs] [Times: user=0.05 sys=0.00, real=0.05 secs] 
2021-01-22T21:01:11.809-0800: 120.377: [GC (Allocation Failure) 2021-01-22T21:01:11.809-0800: 120.377: [DefNew: 279616K->34943K(314560K), 0.0103744 secs] 690656K->490086K(1013632K), 0.0104671 secs] [Times: user=0.01 sys=0.00, real=0.01 secs] 
2021-01-22T21:01:11.851-0800: 120.419: [GC (Allocation Failure) 2021-01-22T21:01:11.851-0800: 120.419: [DefNew: 314559K->34943K(314560K), 0.0151366 secs] 769702K->566503K(1013632K), 0.0152275 secs] [Times: user=0.02 sys=0.00, real=0.01 secs] 
2021-01-22T21:01:11.898-0800: 120.466: [GC (Allocation Failure) 2021-01-22T21:01:11.898-0800: 120.466: [DefNew: 314559K->34943K(314560K), 0.0135439 secs] 846119K->636468K(1013632K), 0.0136456 secs] [Times: user=0.01 sys=0.00, real=0.02 secs] 
2021-01-22T21:01:11.943-0800: 120.510: [GC (Allocation Failure) 2021-01-22T21:01:11.943-0800: 120.510: [DefNew: 314559K->314559K(314560K), 0.0000205 secs]2021-01-22T21:01:11.943-0800: 120.511: [Tenured: 601524K->367637K(699072K), 0.0491927 secs] 916084K->367637K(1013632K), [Metaspace: 2698K->2698K(1056768K)], 0.0493162 secs] [Times: user=0.05 sys=0.00, real=0.05 secs] 
2021-01-22T21:01:12.026-0800: 120.594: [GC (Allocation Failure) 2021-01-22T21:01:12.026-0800: 120.594: [DefNew: 279616K->34943K(314560K), 0.0114606 secs] 647253K->452911K(1013632K), 0.0115546 secs] [Times: user=0.01 sys=0.00, real=0.01 secs] 
2021-01-22T21:01:12.070-0800: 120.638: [GC (Allocation Failure) 2021-01-22T21:01:12.070-0800: 120.638: [DefNew: 314559K->34943K(314560K), 0.0152505 secs] 732527K->532204K(1013632K), 0.0153447 secs] [Times: user=0.01 sys=0.00, real=0.01 secs] 
2021-01-22T21:01:12.117-0800: 120.684: [GC (Allocation Failure) 2021-01-22T21:01:12.117-0800: 120.684: [DefNew: 314559K->34944K(314560K), 0.0159103 secs] 811820K->610218K(1013632K), 0.0159970 secs] [Times: user=0.02 sys=0.00, real=0.02 secs] 
2021-01-22T21:01:12.163-0800: 120.731: [GC (Allocation Failure) 2021-01-22T21:01:12.164-0800: 120.731: [DefNew: 314560K->34941K(314560K), 0.0150605 secs] 889834K->692165K(1013632K), 0.0151646 secs] [Times: user=0.01 sys=0.00, real=0.01 secs] 
2021-01-22T21:01:12.208-0800: 120.776: [GC (Allocation Failure) 2021-01-22T21:01:12.208-0800: 120.776: [DefNew: 314557K->314557K(314560K), 0.0000348 secs]2021-01-22T21:01:12.208-0800: 120.776: [Tenured: 657223K->426434K(699072K), 0.0500415 secs] 971781K->426434K(1013632K), [Metaspace: 2698K->2698K(1056768K)], 0.0502201 secs] [Times: user=0.05 sys=0.00, real=0.05 secs] 
2021-01-22T21:01:12.292-0800: 120.859: [GC (Allocation Failure) 2021-01-22T21:01:12.292-0800: 120.860: [DefNew: 279616K->34943K(314560K), 0.0121533 secs] 706050K->519157K(1013632K), 0.0122458 secs] [Times: user=0.01 sys=0.00, real=0.01 secs] 
2021-01-22T21:01:12.334-0800: 120.902: [GC (Allocation Failure) 2021-01-22T21:01:12.334-0800: 120.902: [DefNew: 314559K->34943K(314560K), 0.0159786 secs] 798773K->602046K(1013632K), 0.0160752 secs] [Times: user=0.01 sys=0.00, real=0.02 secs] 
2021-01-22T21:01:12.381-0800: 120.949: [GC (Allocation Failure) 2021-01-22T21:01:12.381-0800: 120.949: [DefNew: 314559K->34943K(314560K), 0.0145823 secs] 881662K->683668K(1013632K), 0.0146877 secs] [Times: user=0.02 sys=0.00, real=0.01 secs] 
2021-01-22T21:01:12.428-0800: 120.996: [GC (Allocation Failure) 2021-01-22T21:01:12.429-0800: 120.996: [DefNew: 314559K->314559K(314560K), 0.0000284 secs]2021-01-22T21:01:12.429-0800: 120.996: [Tenured: 648725K->422724K(699072K), 0.0507374 secs] 963284K->422724K(1013632K), [Metaspace: 2698K->2698K(1056768K)], 0.0509012 secs] [Times: user=0.05 sys=0.00, real=0.05 secs] 
2021-01-22T21:01:12.512-0800: 121.080: [GC (Allocation Failure) 2021-01-22T21:01:12.512-0800: 121.080: [DefNew: 279616K->34944K(314560K), 0.0110377 secs] 702340K->507411K(1013632K), 0.0111349 secs] [Times: user=0.01 sys=0.00, real=0.01 secs] 
2021-01-22T21:01:12.554-0800: 121.122: [GC (Allocation Failure) 2021-01-22T21:01:12.554-0800: 121.122: [DefNew: 314560K->34943K(314560K), 0.0161114 secs] 787027K->589298K(1013632K), 0.0162021 secs] [Times: user=0.02 sys=0.00, real=0.02 secs] 
2021-01-22T21:01:12.604-0800: 121.171: [GC (Allocation Failure) 2021-01-22T21:01:12.604-0800: 121.172: [DefNew: 314559K->34943K(314560K), 0.0162353 secs] 868914K->664007K(1013632K), 0.0163260 secs] [Times: user=0.02 sys=0.00, real=0.02 secs] 
2021-01-22T21:01:12.650-0800: 121.217: [GC (Allocation Failure) 2021-01-22T21:01:12.650-0800: 121.217: [DefNew: 314559K->314559K(314560K), 0.0000200 secs]2021-01-22T21:01:12.650-0800: 121.217: [Tenured: 629064K->395776K(699072K), 0.0493566 secs] 943623K->395776K(1013632K), [Metaspace: 2698K->2698K(1056768K)], 0.0494843 secs] [Times: user=0.05 sys=0.00, real=0.04 secs] 
2021-01-22T21:01:12.730-0800: 121.298: [GC (Allocation Failure) 2021-01-22T21:01:12.730-0800: 121.298: [DefNew: 279616K->34943K(314560K), 0.0110894 secs] 675392K->482855K(1013632K), 0.0112348 secs] [Times: user=0.01 sys=0.00, real=0.01 secs] 
2021-01-22T21:01:12.773-0800: 121.341: [GC (Allocation Failure) 2021-01-22T21:01:12.773-0800: 121.341: [DefNew: 314559K->34943K(314560K), 0.0146751 secs] 762471K->560661K(1013632K), 0.0147684 secs] [Times: user=0.01 sys=0.00, real=0.01 secs] 
2021-01-22T21:01:12.818-0800: 121.386: [GC (Allocation Failure) 2021-01-22T21:01:12.818-0800: 121.386: [DefNew: 314559K->34943K(314560K), 0.0152423 secs] 840277K->644185K(1013632K), 0.0153291 secs] [Times: user=0.02 sys=0.00, real=0.02 secs] 
2021-01-22T21:01:12.865-0800: 121.432: [GC (Allocation Failure) 2021-01-22T21:01:12.865-0800: 121.432: [DefNew: 314559K->314559K(314560K), 0.0000196 secs]2021-01-22T21:01:12.865-0800: 121.432: [Tenured: 609241K->393390K(699072K), 0.0517193 secs] 923801K->393390K(1013632K), [Metaspace: 2698K->2698K(1056768K)], 0.0518453 secs] [Times: user=0.05 sys=0.00, real=0.05 secs] 
2021-01-22T21:01:12.950-0800: 121.517: [GC (Allocation Failure) 2021-01-22T21:01:12.950-0800: 121.517: [DefNew: 279616K->34943K(314560K), 0.0106102 secs] 673006K->478163K(1013632K), 0.0106981 secs] [Times: user=0.01 sys=0.00, real=0.02 secs] 
2021-01-22T21:01:12.991-0800: 121.558: [GC (Allocation Failure) 2021-01-22T21:01:12.991-0800: 121.558: [DefNew: 314559K->34942K(314560K), 0.0153427 secs] 757779K->561864K(1013632K), 0.0154413 secs] [Times: user=0.02 sys=0.00, real=0.01 secs] 
2021-01-22T21:01:13.037-0800: 121.605: [GC (Allocation Failure) 2021-01-22T21:01:13.037-0800: 121.605: [DefNew: 314558K->34943K(314560K), 0.0140517 secs] 841480K->637878K(1013632K), 0.0141488 secs] [Times: user=0.01 sys=0.00, real=0.02 secs] 
2021-01-22T21:01:13.081-0800: 121.649: [GC (Allocation Failure) 2021-01-22T21:01:13.081-0800: 121.649: [DefNew: 314559K->314559K(314560K), 0.0000203 secs]2021-01-22T21:01:13.081-0800: 121.649: [Tenured: 602934K->405083K(699072K), 0.0463743 secs] 917494K->405083K(1013632K), [Metaspace: 2698K->2698K(1056768K)], 0.0464982 secs] [Times: user=0.05 sys=0.00, real=0.04 secs] 
2021-01-22T21:01:13.159-0800: 121.727: [GC (Allocation Failure) 2021-01-22T21:01:13.159-0800: 121.727: [DefNew: 279616K->34943K(314560K), 0.0110856 secs] 684699K->490288K(1013632K), 0.0111781 secs] [Times: user=0.01 sys=0.00, real=0.02 secs] 
2021-01-22T21:01:13.201-0800: 121.769: [GC (Allocation Failure) 2021-01-22T21:01:13.202-0800: 121.769: [DefNew: 314559K->34942K(314560K), 0.0153013 secs] 769904K->572494K(1013632K), 0.0153957 secs] [Times: user=0.02 sys=0.00, real=0.01 secs] 
2021-01-22T21:01:13.246-0800: 121.814: [GC (Allocation Failure) 2021-01-22T21:01:13.246-0800: 121.814: [DefNew: 314558K->34943K(314560K), 0.0150984 secs] 852110K->655859K(1013632K), 0.0152882 secs] [Times: user=0.01 sys=0.00, real=0.02 secs] 
2021-01-22T21:01:13.292-0800: 121.859: [GC (Allocation Failure) 2021-01-22T21:01:13.292-0800: 121.859: [DefNew: 314559K->314559K(314560K), 0.0000197 secs]2021-01-22T21:01:13.292-0800: 121.859: [Tenured: 620915K->416197K(699072K), 0.0497168 secs] 935475K->416197K(1013632K), [Metaspace: 2698K->2698K(1056768K)], 0.0498448 secs] [Times: user=0.05 sys=0.00, real=0.05 secs] 
2021-01-22T21:01:13.374-0800: 121.942: [GC (Allocation Failure) 2021-01-22T21:01:13.374-0800: 121.942: [DefNew: 279616K->34943K(314560K), 0.0105006 secs] 695813K->495915K(1013632K), 0.0105889 secs] [Times: user=0.01 sys=0.00, real=0.01 secs] 
2021-01-22T21:01:13.414-0800: 121.982: [GC (Allocation Failure) 2021-01-22T21:01:13.414-0800: 121.982: [DefNew: 314559K->34943K(314560K), 0.0151278 secs] 775531K->574067K(1013632K), 0.0152150 secs] [Times: user=0.02 sys=0.00, real=0.02 secs] 
2021-01-22T21:01:13.459-0800: 122.027: [GC (Allocation Failure) 2021-01-22T21:01:13.459-0800: 122.027: [DefNew: 314559K->34943K(314560K), 0.0144807 secs] 853683K->652728K(1013632K), 0.0145718 secs] [Times: user=0.01 sys=0.00, real=0.02 secs] 
2021-01-22T21:01:13.505-0800: 122.073: [GC (Allocation Failure) 2021-01-22T21:01:13.505-0800: 122.073: [DefNew: 314502K->314502K(314560K), 0.0000201 secs]2021-01-22T21:01:13.505-0800: 122.073: [Tenured: 617784K->393788K(699072K), 0.0483193 secs] 932287K->393788K(1013632K), [Metaspace: 2698K->2698K(1056768K)], 0.0484404 secs] [Times: user=0.05 sys=0.00, real=0.05 secs] 
2021-01-22T21:01:13.585-0800: 122.152: [GC (Allocation Failure) 2021-01-22T21:01:13.585-0800: 122.152: [DefNew: 279616K->34944K(314560K), 0.0108294 secs] 673404K->482106K(1013632K), 0.0109158 secs] [Times: user=0.01 sys=0.00, real=0.01 secs] 
2021-01-22T21:01:13.627-0800: 122.194: [GC (Allocation Failure) 2021-01-22T21:01:13.627-0800: 122.194: [DefNew: 314560K->34943K(314560K), 0.0150405 secs] 761722K->562112K(1013632K), 0.0151352 secs] [Times: user=0.01 sys=0.00, real=0.02 secs] 
2021-01-22T21:01:13.674-0800: 122.242: [GC (Allocation Failure) 2021-01-22T21:01:13.674-0800: 122.242: [DefNew: 314559K->34943K(314560K), 0.0523653 secs] 841728K->647975K(1013632K), 0.0524615 secs] [Times: user=0.01 sys=0.00, real=0.05 secs] 
2021-01-22T21:01:13.820-0800: 122.387: [GC (Allocation Failure) 2021-01-22T21:01:13.820-0800: 122.388: [DefNew: 314559K->314559K(314560K), 0.0000360 secs]2021-01-22T21:01:13.820-0800: 122.388: [Tenured: 613032K->367857K(699072K), 0.0510477 secs] 927591K->367857K(1013632K), [Metaspace: 2698K->2698K(1056768K)], 0.0513953 secs] [Times: user=0.05 sys=0.00, real=0.05 secs] 
2021-01-22T21:01:13.904-0800: 122.472: [GC (Allocation Failure) 2021-01-22T21:01:13.904-0800: 122.472: [DefNew: 279616K->34943K(314560K), 0.0126745 secs] 647473K->457781K(1013632K), 0.0127705 secs] [Times: user=0.02 sys=0.00, real=0.01 secs] 
2021-01-22T21:01:13.949-0800: 122.517: [GC (Allocation Failure) 2021-01-22T21:01:13.949-0800: 122.517: [DefNew: 314559K->34943K(314560K), 0.0139482 secs] 737397K->531315K(1013632K), 0.0140575 secs] [Times: user=0.01 sys=0.00, real=0.02 secs] 
2021-01-22T21:01:13.992-0800: 122.560: [GC (Allocation Failure) 2021-01-22T21:01:13.992-0800: 122.560: [DefNew: 314446K->34943K(314560K), 0.0147071 secs] 810817K->609237K(1013632K), 0.0148068 secs] [Times: user=0.01 sys=0.00, real=0.01 secs] 
2021-01-22T21:01:14.037-0800: 122.604: [GC (Allocation Failure) 2021-01-22T21:01:14.037-0800: 122.604: [DefNew: 314559K->34943K(314560K), 0.0143900 secs] 888853K->685806K(1013632K), 0.0144876 secs] [Times: user=0.02 sys=0.00, real=0.02 secs] 
2021-01-22T21:01:14.082-0800: 122.650: [GC (Allocation Failure) 2021-01-22T21:01:14.082-0800: 122.650: [DefNew: 314559K->314559K(314560K), 0.0000215 secs]2021-01-22T21:01:14.082-0800: 122.650: [Tenured: 650863K->412701K(699072K), 0.0510085 secs] 965422K->412701K(1013632K), [Metaspace: 2698K->2698K(1056768K)], 0.0511490 secs] [Times: user=0.05 sys=0.00, real=0.05 secs] 
2021-01-22T21:01:14.164-0800: 122.731: [GC (Allocation Failure) 2021-01-22T21:01:14.164-0800: 122.731: [DefNew: 279616K->34943K(314560K), 0.0111986 secs] 692317K->501981K(1013632K), 0.0112988 secs] [Times: user=0.01 sys=0.00, real=0.01 secs] 
2021-01-22T21:01:14.205-0800: 122.772: [GC (Allocation Failure) 2021-01-22T21:01:14.205-0800: 122.773: [DefNew: 314559K->34943K(314560K), 0.0157072 secs] 781597K->585691K(1013632K), 0.0158055 secs] [Times: user=0.01 sys=0.00, real=0.02 secs] 
2021-01-22T21:01:14.251-0800: 122.818: [GC (Allocation Failure) 2021-01-22T21:01:14.251-0800: 122.818: [DefNew: 314559K->34943K(314560K), 0.0152990 secs] 865307K->669538K(1013632K), 0.0153965 secs] [Times: user=0.02 sys=0.00, real=0.01 secs] 
2021-01-22T21:01:14.298-0800: 122.866: [GC (Allocation Failure) 2021-01-22T21:01:14.298-0800: 122.866: [DefNew: 314480K->314480K(314560K), 0.0000218 secs]2021-01-22T21:01:14.298-0800: 122.866: [Tenured: 634595K->418865K(699072K), 0.0501726 secs] 949076K->418865K(1013632K), [Metaspace: 2698K->2698K(1056768K)], 0.0503046 secs] [Times: user=0.05 sys=0.00, real=0.05 secs] 
2021-01-22T21:01:14.380-0800: 122.948: [GC (Allocation Failure) 2021-01-22T21:01:14.380-0800: 122.948: [DefNew: 279616K->34943K(314560K), 0.0114940 secs] 698481K->510226K(1013632K), 0.0115955 secs] [Times: user=0.01 sys=0.00, real=0.01 secs] 
2021-01-22T21:01:14.426-0800: 122.993: [GC (Allocation Failure) 2021-01-22T21:01:14.426-0800: 122.993: [DefNew: 314559K->34944K(314560K), 0.0154766 secs] 789842K->585719K(1013632K), 0.0155760 secs] [Times: user=0.01 sys=0.00, real=0.02 secs] 
2021-01-22T21:01:14.474-0800: 123.041: [GC (Allocation Failure) 2021-01-22T21:01:14.474-0800: 123.041: [DefNew: 314560K->34944K(314560K), 0.0170987 secs] 865335K->670971K(1013632K), 0.0171968 secs] [Times: user=0.02 sys=0.00, real=0.02 secs] 
2021-01-22T21:01:14.530-0800: 123.097: [GC (Allocation Failure) 2021-01-22T21:01:14.530-0800: 123.098: [DefNew: 314560K->314560K(314560K), 0.0000322 secs]2021-01-22T21:01:14.530-0800: 123.098: [Tenured: 636027K->425184K(699072K), 0.0530536 secs] 950587K->425184K(1013632K), [Metaspace: 2698K->2698K(1056768K)], 0.0532151 secs] [Times: user=0.05 sys=0.00, real=0.05 secs] 
2021-01-22T21:01:14.615-0800: 123.183: [GC (Allocation Failure) 2021-01-22T21:01:14.615-0800: 123.183: [DefNew: 279616K->34943K(314560K), 0.0105382 secs] 704800K->510948K(1013632K), 0.0106347 secs] [Times: user=0.01 sys=0.00, real=0.01 secs] 
2021-01-22T21:01:14.658-0800: 123.225: [GC (Allocation Failure) 2021-01-22T21:01:14.658-0800: 123.225: [DefNew: 314559K->34943K(314560K), 0.0155143 secs] 790564K->592539K(1013632K), 0.0156038 secs] [Times: user=0.02 sys=0.00, real=0.02 secs] 
2021-01-22T21:01:14.705-0800: 123.273: [GC (Allocation Failure) 2021-01-22T21:01:14.705-0800: 123.273: [DefNew: 314559K->34943K(314560K), 0.0150875 secs] 872155K->674249K(1013632K), 0.0151889 secs] [Times: user=0.01 sys=0.00, real=0.02 secs] 
2021-01-22T21:01:14.751-0800: 123.319: [GC (Allocation Failure) 2021-01-22T21:01:14.752-0800: 123.319: [DefNew: 314559K->314559K(314560K), 0.0000266 secs]2021-01-22T21:01:14.752-0800: 123.319: [Tenured: 639306K->390574K(699072K), 0.0527701 secs] 953865K->390574K(1013632K), [Metaspace: 2698K->2698K(1056768K)], 0.0529375 secs] [Times: user=0.05 sys=0.01, real=0.05 secs] 
2021-01-22T21:01:14.836-0800: 123.404: [GC (Allocation Failure) 2021-01-22T21:01:14.836-0800: 123.404: [DefNew: 279616K->34943K(314560K), 0.0112262 secs] 670190K->474856K(1013632K), 0.0113193 secs] [Times: user=0.01 sys=0.00, real=0.01 secs] 
2021-01-22T21:01:14.877-0800: 123.445: [GC (Allocation Failure) 2021-01-22T21:01:14.877-0800: 123.445: [DefNew: 314559K->34943K(314560K), 0.0141231 secs] 754472K->550274K(1013632K), 0.0142225 secs] [Times: user=0.02 sys=0.00, real=0.02 secs] 
2021-01-22T21:01:14.924-0800: 123.492: [GC (Allocation Failure) 2021-01-22T21:01:14.924-0800: 123.492: [DefNew: 314559K->34944K(314560K), 0.0134827 secs] 829890K->618900K(1013632K), 0.0135802 secs] [Times: user=0.01 sys=0.00, real=0.01 secs] 
2021-01-22T21:01:14.968-0800: 123.536: [GC (Allocation Failure) 2021-01-22T21:01:14.968-0800: 123.536: [DefNew: 314560K->34943K(314560K), 0.0169884 secs] 898516K->706308K(1013632K), 0.0170866 secs] [Times: user=0.02 sys=0.00, real=0.02 secs] 
2021-01-22T21:01:15.016-0800: 123.584: [GC (Allocation Failure) 2021-01-22T21:01:15.016-0800: 123.584: [DefNew: 314559K->314559K(314560K), 0.0000219 secs]2021-01-22T21:01:15.016-0800: 123.584: [Tenured: 671364K->402573K(699072K), 0.0462689 secs] 985924K->402573K(1013632K), [Metaspace: 2698K->2698K(1056768K)], 0.0464037 secs] [Times: user=0.05 sys=0.00, real=0.05 secs] 
2021-01-22T21:01:15.094-0800: 123.662: [GC (Allocation Failure) 2021-01-22T21:01:15.094-0800: 123.662: [DefNew: 279616K->34943K(314560K), 0.0120365 secs] 682189K->492399K(1013632K), 0.0121345 secs] [Times: user=0.01 sys=0.00, real=0.01 secs] 
2021-01-22T21:01:15.137-0800: 123.705: [GC (Allocation Failure) 2021-01-22T21:01:15.137-0800: 123.705: [DefNew: 314559K->34943K(314560K), 0.0145849 secs] 772015K->567615K(1013632K), 0.0146806 secs] [Times: user=0.01 sys=0.00, real=0.02 secs] 
2021-01-22T21:01:15.184-0800: 123.752: [GC (Allocation Failure) 2021-01-22T21:01:15.184-0800: 123.752: [DefNew: 314559K->34943K(314560K), 0.0157159 secs] 847231K->654930K(1013632K), 0.0158121 secs] [Times: user=0.02 sys=0.00, real=0.02 secs] 
2021-01-22T21:01:15.233-0800: 123.801: [GC (Allocation Failure) 2021-01-22T21:01:15.233-0800: 123.801: [DefNew: 314559K->314559K(314560K), 0.0000220 secs]2021-01-22T21:01:15.233-0800: 123.801: [Tenured: 619986K->408826K(699072K), 0.0485934 secs] 934546K->408826K(1013632K), [Metaspace: 2698K->2698K(1056768K)], 0.0487316 secs] [Times: user=0.05 sys=0.00, real=0.05 secs] 
2021-01-22T21:01:15.315-0800: 123.883: [GC (Allocation Failure) 2021-01-22T21:01:15.315-0800: 123.883: [DefNew: 279616K->34943K(314560K), 0.0101267 secs] 688442K->484873K(1013632K), 0.0102272 secs] [Times: user=0.01 sys=0.00, real=0.01 secs] 
2021-01-22T21:01:15.356-0800: 123.924: [GC (Allocation Failure) 2021-01-22T21:01:15.356-0800: 123.924: [DefNew: 314534K->34944K(314560K), 0.0148920 secs] 764465K->566692K(1013632K), 0.0150061 secs] [Times: user=0.02 sys=0.00, real=0.02 secs] 
2021-01-22T21:01:15.402-0800: 123.969: [GC (Allocation Failure) 2021-01-22T21:01:15.402-0800: 123.969: [DefNew: 314560K->34943K(314560K), 0.0142556 secs] 846308K->640558K(1013632K), 0.0143590 secs] [Times: user=0.01 sys=0.00, real=0.01 secs] 
2021-01-22T21:01:15.446-0800: 124.014: [GC (Allocation Failure) 2021-01-22T21:01:15.446-0800: 124.014: [DefNew: 314559K->314559K(314560K), 0.0000301 secs]2021-01-22T21:01:15.446-0800: 124.014: [Tenured: 605614K->392260K(699072K), 0.0471097 secs] 920174K->392260K(1013632K), [Metaspace: 2698K->2698K(1056768K)], 0.0472742 secs] [Times: user=0.05 sys=0.00, real=0.05 secs] 
2021-01-22T21:01:15.526-0800: 124.094: [GC (Allocation Failure) 2021-01-22T21:01:15.526-0800: 124.094: [DefNew: 279616K->34943K(314560K), 0.0144502 secs] 671876K->484154K(1013632K), 0.0145558 secs] [Times: user=0.01 sys=0.00, real=0.02 secs] 
2021-01-22T21:01:15.576-0800: 124.144: [GC (Allocation Failure) 2021-01-22T21:01:15.576-0800: 124.144: [DefNew: 314559K->34942K(314560K), 0.0142601 secs] 763770K->557756K(1013632K), 0.0143620 secs] [Times: user=0.01 sys=0.00, real=0.02 secs] 
2021-01-22T21:01:15.623-0800: 124.191: [GC (Allocation Failure) 2021-01-22T21:01:15.623-0800: 124.191: [DefNew: 314558K->34943K(314560K), 0.0155268 secs] 837372K->644036K(1013632K), 0.0156255 secs] [Times: user=0.02 sys=0.00, real=0.01 secs] 
2021-01-22T21:01:15.670-0800: 124.237: [GC (Allocation Failure) 2021-01-22T21:01:15.670-0800: 124.237: [DefNew: 314559K->314559K(314560K), 0.0000210 secs]2021-01-22T21:01:15.670-0800: 124.237: [Tenured: 609093K->373451K(699072K), 0.0489142 secs] 923652K->373451K(1013632K), [Metaspace: 2698K->2698K(1056768K)], 0.0490480 secs] [Times: user=0.05 sys=0.00, real=0.04 secs] 
2021-01-22T21:01:15.751-0800: 124.319: [GC (Allocation Failure) 2021-01-22T21:01:15.751-0800: 124.319: [DefNew: 279616K->34944K(314560K), 0.0098827 secs] 653067K->453119K(1013632K), 0.0099701 secs] [Times: user=0.01 sys=0.00, real=0.01 secs] 
2021-01-22T21:01:15.793-0800: 124.360: [GC (Allocation Failure) 2021-01-22T21:01:15.793-0800: 124.360: [DefNew: 314560K->34941K(314560K), 0.0144046 secs] 732735K->530352K(1013632K), 0.0145081 secs] [Times: user=0.01 sys=0.00, real=0.01 secs] 
2021-01-22T21:01:15.839-0800: 124.406: [GC (Allocation Failure) 2021-01-22T21:01:15.839-0800: 124.406: [DefNew: 314557K->34943K(314560K), 0.0149914 secs] 809968K->610636K(1013632K), 0.0150900 secs] [Times: user=0.01 sys=0.00, real=0.02 secs] 
2021-01-22T21:01:15.885-0800: 124.452: [GC (Allocation Failure) 2021-01-22T21:01:15.885-0800: 124.452: [DefNew: 314559K->34943K(314560K), 0.0144555 secs] 890252K->687822K(1013632K), 0.0145563 secs] [Times: user=0.02 sys=0.00, real=0.01 secs] 
2021-01-22T21:01:15.930-0800: 124.498: [GC (Allocation Failure) 2021-01-22T21:01:15.930-0800: 124.498: [DefNew: 314559K->314559K(314560K), 0.0000228 secs]2021-01-22T21:01:15.930-0800: 124.498: [Tenured: 652879K->419120K(699072K), 0.0486801 secs] 967438K->419120K(1013632K), [Metaspace: 2698K->2698K(1056768K)], 0.0488188 secs] [Times: user=0.04 sys=0.00, real=0.04 secs] 
2021-01-22T21:01:16.011-0800: 124.579: [GC (Allocation Failure) 2021-01-22T21:01:16.011-0800: 124.579: [DefNew: 279566K->34943K(314560K), 0.0119659 secs] 698687K->510988K(1013632K), 0.0120791 secs] [Times: user=0.02 sys=0.00, real=0.01 secs] 
2021-01-22T21:01:16.054-0800: 124.622: [GC (Allocation Failure) 2021-01-22T21:01:16.054-0800: 124.622: [DefNew: 314559K->34943K(314560K), 0.0142430 secs] 790604K->585571K(1013632K), 0.0143432 secs] [Times: user=0.01 sys=0.00, real=0.01 secs] 
2021-01-22T21:01:16.100-0800: 124.668: [GC (Allocation Failure) 2021-01-22T21:01:16.100-0800: 124.668: [DefNew: 314559K->34943K(314560K), 0.0142639 secs] 865187K->663450K(1013632K), 0.0143605 secs] [Times: user=0.02 sys=0.00, real=0.01 secs] 
2021-01-22T21:01:16.146-0800: 124.713: [GC (Allocation Failure) 2021-01-22T21:01:16.146-0800: 124.713: [DefNew: 314559K->314559K(314560K), 0.0000217 secs]2021-01-22T21:01:16.146-0800: 124.713: [Tenured: 628506K->407584K(699072K), 0.0476164 secs] 943066K->407584K(1013632K), [Metaspace: 2698K->2698K(1056768K)], 0.0477606 secs] [Times: user=0.05 sys=0.00, real=0.05 secs] 
2021-01-22T21:01:16.226-0800: 124.793: [GC (Allocation Failure) 2021-01-22T21:01:16.226-0800: 124.793: [DefNew: 279616K->34943K(314560K), 0.0116988 secs] 687200K->496231K(1013632K), 0.0117997 secs] [Times: user=0.01 sys=0.00, real=0.01 secs] 
2021-01-22T21:01:16.270-0800: 124.837: [GC (Allocation Failure) 2021-01-22T21:01:16.270-0800: 124.837: [DefNew: 314559K->34943K(314560K), 0.0148655 secs] 775847K->575016K(1013632K), 0.0149625 secs] [Times: user=0.01 sys=0.00, real=0.01 secs] 
2021-01-22T21:01:16.316-0800: 124.884: [GC (Allocation Failure) 2021-01-22T21:01:16.316-0800: 124.884: [DefNew: 314559K->34943K(314560K), 0.0138841 secs] 854632K->650774K(1013632K), 0.0139746 secs] [Times: user=0.01 sys=0.00, real=0.02 secs] 
2021-01-22T21:01:16.361-0800: 124.928: [GC (Allocation Failure) 2021-01-22T21:01:16.361-0800: 124.928: [DefNew: 314206K->314206K(314560K), 0.0000224 secs]2021-01-22T21:01:16.361-0800: 124.928: [Tenured: 615830K->402361K(699072K), 0.0488018 secs] 930036K->402361K(1013632K), [Metaspace: 2698K->2698K(1056768K)], 0.0489395 secs] [Times: user=0.05 sys=0.00, real=0.05 secs] 
2021-01-22T21:01:16.441-0800: 125.008: [GC (Allocation Failure) 2021-01-22T21:01:16.441-0800: 125.008: [DefNew: 279066K->34943K(314560K), 0.0113827 secs] 681427K->488569K(1013632K), 0.0114848 secs] [Times: user=0.01 sys=0.00, real=0.01 secs] 
2021-01-22T21:01:16.483-0800: 125.051: [GC (Allocation Failure) 2021-01-22T21:01:16.483-0800: 125.051: [DefNew: 314559K->34943K(314560K), 0.0145585 secs] 768185K->560873K(1013632K), 0.0146692 secs] [Times: user=0.02 sys=0.00, real=0.01 secs] 
2021-01-22T21:01:16.530-0800: 125.098: [GC (Allocation Failure) 2021-01-22T21:01:16.530-0800: 125.098: [DefNew: 314559K->34941K(314560K), 0.0147768 secs] 840489K->644690K(1013632K), 0.0148830 secs] [Times: user=0.01 sys=0.00, real=0.01 secs] 
2021-01-22T21:01:16.576-0800: 125.144: [GC (Allocation Failure) 2021-01-22T21:01:16.576-0800: 125.144: [DefNew: 314557K->314557K(314560K), 0.0000228 secs]2021-01-22T21:01:16.576-0800: 125.144: [Tenured: 609748K->380015K(699072K), 0.0495975 secs] 924306K->380015K(1013632K), [Metaspace: 2698K->2698K(1056768K)], 0.0497345 secs] [Times: user=0.05 sys=0.00, real=0.05 secs] 
2021-01-22T21:01:16.659-0800: 125.227: [GC (Allocation Failure) 2021-01-22T21:01:16.659-0800: 125.227: [DefNew: 279616K->34943K(314560K), 0.0121010 secs] 659631K->471759K(1013632K), 0.0122164 secs] [Times: user=0.02 sys=0.00, real=0.02 secs] 
2021-01-22T21:01:16.704-0800: 125.271: [GC (Allocation Failure) 2021-01-22T21:01:16.704-0800: 125.271: [DefNew: 314559K->34943K(314560K), 0.0141640 secs] 751375K->548305K(1013632K), 0.0142850 secs] [Times: user=0.01 sys=0.00, real=0.01 secs] 
2021-01-22T21:01:16.748-0800: 125.316: [GC (Allocation Failure) 2021-01-22T21:01:16.748-0800: 125.316: [DefNew: 314559K->34943K(314560K), 0.0139310 secs] 827921K->625130K(1013632K), 0.0140489 secs] [Times: user=0.01 sys=0.00, real=0.02 secs] 
2021-01-22T21:01:16.794-0800: 125.362: [GC (Allocation Failure) 2021-01-22T21:01:16.794-0800: 125.362: [DefNew: 314559K->34943K(314560K), 0.0149128 secs] 904746K->705689K(1013632K), 0.0150292 secs] [Times: user=0.02 sys=0.00, real=0.01 secs] 
2021-01-22T21:01:16.839-0800: 125.407: [GC (Allocation Failure) 2021-01-22T21:01:16.839-0800: 125.407: [DefNew: 314559K->314559K(314560K), 0.0000215 secs]2021-01-22T21:01:16.839-0800: 125.407: [Tenured: 670745K->405477K(699072K), 0.0481287 secs] 985305K->405477K(1013632K), [Metaspace: 2698K->2698K(1056768K)], 0.0483027 secs] [Times: user=0.05 sys=0.00, real=0.05 secs] 
2021-01-22T21:01:16.923-0800: 125.490: [GC (Allocation Failure) 2021-01-22T21:01:16.923-0800: 125.490: [DefNew: 279616K->34943K(314560K), 0.0109274 secs] 685093K->489175K(1013632K), 0.0110241 secs] [Times: user=0.01 sys=0.00, real=0.01 secs] 
2021-01-22T21:01:16.964-0800: 125.532: [GC (Allocation Failure) 2021-01-22T21:01:16.965-0800: 125.532: [DefNew: 314559K->34944K(314560K), 0.0125807 secs] 768791K->556665K(1013632K), 0.0126732 secs] [Times: user=0.01 sys=0.00, real=0.01 secs] 
2021-01-22T21:01:17.007-0800: 125.575: [GC (Allocation Failure) 2021-01-22T21:01:17.007-0800: 125.575: [DefNew: 314560K->34943K(314560K), 0.0154540 secs] 836281K->640254K(1013632K), 0.0155527 secs] [Times: user=0.02 sys=0.00, real=0.02 secs] 
2021-01-22T21:01:17.054-0800: 125.622: [GC (Allocation Failure) 2021-01-22T21:01:17.054-0800: 125.622: [DefNew: 314159K->314159K(314560K), 0.0000216 secs]2021-01-22T21:01:17.054-0800: 125.622: [Tenured: 605310K->399755K(699072K), 0.0468354 secs] 919469K->399755K(1013632K), [Metaspace: 2698K->2698K(1056768K)], 0.0469744 secs] [Times: user=0.04 sys=0.00, real=0.05 secs] 
2021-01-22T21:01:17.134-0800: 125.702: [GC (Allocation Failure) 2021-01-22T21:01:17.134-0800: 125.702: [DefNew: 279616K->34943K(314560K), 0.0110719 secs] 679371K->488299K(1013632K), 0.0111706 secs] [Times: user=0.01 sys=0.00, real=0.01 secs] 
2021-01-22T21:01:17.176-0800: 125.744: [GC (Allocation Failure) 2021-01-22T21:01:17.176-0800: 125.744: [DefNew: 314559K->34942K(314560K), 0.0151090 secs] 767915K->568985K(1013632K), 0.0152120 secs] [Times: user=0.01 sys=0.00, real=0.02 secs] 
2021-01-22T21:01:17.224-0800: 125.791: [GC (Allocation Failure) 2021-01-22T21:01:17.224-0800: 125.791: [DefNew: 314558K->34944K(314560K), 0.0149204 secs] 848601K->646583K(1013632K), 0.0150209 secs] [Times: user=0.02 sys=0.00, real=0.01 secs] 
2021-01-22T21:01:17.273-0800: 125.841: [GC (Allocation Failure) 2021-01-22T21:01:17.273-0800: 125.841: [DefNew: 314560K->314560K(314560K), 0.0000218 secs]2021-01-22T21:01:17.273-0800: 125.841: [Tenured: 611639K->394734K(699072K), 0.0481529 secs] 926199K->394734K(1013632K), [Metaspace: 2698K->2698K(1056768K)], 0.0482855 secs] [Times: user=0.05 sys=0.00, real=0.05 secs] 
2021-01-22T21:01:17.353-0800: 125.920: [GC (Allocation Failure) 2021-01-22T21:01:17.353-0800: 125.921: [DefNew: 279616K->34942K(314560K), 0.0112036 secs] 674350K->481080K(1013632K), 0.0112970 secs] [Times: user=0.01 sys=0.00, real=0.01 secs] 
2021-01-22T21:01:17.394-0800: 125.961: [GC (Allocation Failure) 2021-01-22T21:01:17.394-0800: 125.961: [DefNew: 314558K->34942K(314560K), 0.0157404 secs] 760696K->566853K(1013632K), 0.0158553 secs] [Times: user=0.02 sys=0.00, real=0.01 secs] 
2021-01-22T21:01:17.443-0800: 126.010: [GC (Allocation Failure) 2021-01-22T21:01:17.443-0800: 126.010: [DefNew: 314558K->34943K(314560K), 0.0148024 secs] 846469K->645859K(1013632K), 0.0149052 secs] [Times: user=0.01 sys=0.00, real=0.01 secs] 
2021-01-22T21:01:17.488-0800: 126.055: [GC (Allocation Failure) 2021-01-22T21:01:17.488-0800: 126.055: [DefNew: 314559K->314559K(314560K), 0.0000221 secs]2021-01-22T21:01:17.488-0800: 126.055: [Tenured: 610915K->382348K(699072K), 0.0498588 secs] 925475K->382348K(1013632K), [Metaspace: 2698K->2698K(1056768K)], 0.0499976 secs] [Times: user=0.05 sys=0.00, real=0.05 secs] 
2021-01-22T21:01:17.569-0800: 126.136: [GC (Allocation Failure) 2021-01-22T21:01:17.569-0800: 126.136: [DefNew: 279616K->34943K(314560K), 0.0105078 secs] 661964K->465366K(1013632K), 0.0106018 secs] [Times: user=0.01 sys=0.00, real=0.01 secs] 
2021-01-22T21:01:17.610-0800: 126.178: [GC (Allocation Failure) 2021-01-22T21:01:17.610-0800: 126.178: [DefNew: 314559K->34943K(314560K), 0.0154679 secs] 744982K->552168K(1013632K), 0.0155789 secs] [Times: user=0.02 sys=0.00, real=0.01 secs] 
2021-01-22T21:01:17.656-0800: 126.224: [GC (Allocation Failure) 2021-01-22T21:01:17.656-0800: 126.224: [DefNew: 314559K->34943K(314560K), 0.0151668 secs] 831784K->633586K(1013632K), 0.0152690 secs] [Times: user=0.01 sys=0.00, real=0.02 secs] 
2021-01-22T21:01:17.702-0800: 126.270: [GC (Allocation Failure) 2021-01-22T21:01:17.702-0800: 126.270: [DefNew: 314528K->314528K(314560K), 0.0000220 secs]2021-01-22T21:01:17.702-0800: 126.270: [Tenured: 598642K->431855K(699072K), 0.0493291 secs] 913170K->431855K(1013632K), [Metaspace: 2698K->2698K(1056768K)], 0.0494627 secs] [Times: user=0.05 sys=0.00, real=0.05 secs] 
2021-01-22T21:01:17.783-0800: 126.350: [GC (Allocation Failure) 2021-01-22T21:01:17.783-0800: 126.351: [DefNew: 279616K->34943K(314560K), 0.0123304 secs] 711471K->528158K(1013632K), 0.0124342 secs] [Times: user=0.02 sys=0.00, real=0.01 secs] 
2021-01-22T21:01:17.827-0800: 126.395: [GC (Allocation Failure) 2021-01-22T21:01:17.827-0800: 126.395: [DefNew: 314559K->34943K(314560K), 0.0141941 secs] 807774K->601413K(1013632K), 0.0143008 secs] [Times: user=0.01 sys=0.00, real=0.02 secs] 
2021-01-22T21:01:17.872-0800: 126.439: [GC (Allocation Failure) 2021-01-22T21:01:17.872-0800: 126.440: [DefNew: 314559K->34943K(314560K), 0.0175822 secs] 881029K->685289K(1013632K), 0.0180811 secs] [Times: user=0.02 sys=0.00, real=0.02 secs] 
2021-01-22T21:01:17.924-0800: 126.492: [GC (Allocation Failure) 2021-01-22T21:01:17.924-0800: 126.492: [DefNew: 314319K->314319K(314560K), 0.0000223 secs]2021-01-22T21:01:17.924-0800: 126.492: [Tenured: 650345K->433490K(699072K), 0.0541158 secs] 964665K->433490K(1013632K), [Metaspace: 2698K->2698K(1056768K)], 0.0552743 secs] [Times: user=0.05 sys=0.00, real=0.06 secs] 
2021-01-22T21:01:18.012-0800: 126.579: [GC (Allocation Failure) 2021-01-22T21:01:18.012-0800: 126.579: [DefNew: 279616K->34942K(314560K), 0.0119228 secs] 713106K->526355K(1013632K), 0.0120461 secs] [Times: user=0.01 sys=0.00, real=0.01 secs] 
2021-01-22T21:01:18.056-0800: 126.623: [GC (Allocation Failure) 2021-01-22T21:01:18.056-0800: 126.623: [DefNew: 314558K->34943K(314560K), 0.0135344 secs] 805971K->596642K(1013632K), 0.0136294 secs] [Times: user=0.01 sys=0.00, real=0.01 secs] 
2021-01-22T21:01:18.101-0800: 126.668: [GC (Allocation Failure) 2021-01-22T21:01:18.101-0800: 126.669: [DefNew: 314559K->34943K(314560K), 0.0150430 secs] 876258K->679778K(1013632K), 0.0151391 secs] [Times: user=0.02 sys=0.00, real=0.01 secs] 
2021-01-22T21:01:18.146-0800: 126.713: [GC (Allocation Failure) 2021-01-22T21:01:18.146-0800: 126.713: [DefNew: 314559K->314559K(314560K), 0.0000241 secs]2021-01-22T21:01:18.146-0800: 126.714: [Tenured: 644834K->417089K(699072K), 0.0501577 secs] 959394K->417089K(1013632K), [Metaspace: 2698K->2698K(1056768K)], 0.0503108 secs] [Times: user=0.05 sys=0.00, real=0.05 secs] 
2021-01-22T21:01:18.230-0800: 126.797: [GC (Allocation Failure) 2021-01-22T21:01:18.230-0800: 126.797: [DefNew: 279616K->34942K(314560K), 0.0106995 secs] 696705K->497645K(1013632K), 0.0108006 secs] [Times: user=0.01 sys=0.00, real=0.01 secs] 
2021-01-22T21:01:18.269-0800: 126.837: [GC (Allocation Failure) 2021-01-22T21:01:18.269-0800: 126.837: [DefNew: 314558K->34944K(314560K), 0.0161227 secs] 777261K->585901K(1013632K), 0.0162331 secs] [Times: user=0.02 sys=0.00, real=0.02 secs] 
2021-01-22T21:01:18.315-0800: 126.883: [GC (Allocation Failure) 2021-01-22T21:01:18.315-0800: 126.883: [DefNew: 314330K->34943K(314560K), 0.0157021 secs] 865287K->676820K(1013632K), 0.0158099 secs] [Times: user=0.01 sys=0.00, real=0.02 secs] 
2021-01-22T21:01:18.363-0800: 126.931: [GC (Allocation Failure) 2021-01-22T21:01:18.363-0800: 126.931: [DefNew: 314559K->314559K(314560K), 0.0000248 secs]2021-01-22T21:01:18.363-0800: 126.931: [Tenured: 641876K->400063K(699072K), 0.0517507 secs] 956436K->400063K(1013632K), [Metaspace: 2698K->2698K(1056768K)], 0.0518933 secs] [Times: user=0.06 sys=0.00, real=0.05 secs] 
2021-01-22T21:01:18.448-0800: 127.016: [GC (Allocation Failure) 2021-01-22T21:01:18.448-0800: 127.016: [DefNew: 279616K->34943K(314560K), 0.0116290 secs] 679679K->488049K(1013632K), 0.0117386 secs] [Times: user=0.01 sys=0.00, real=0.02 secs] 
2021-01-22T21:01:18.490-0800: 127.057: [GC (Allocation Failure) 2021-01-22T21:01:18.490-0800: 127.057: [DefNew: 314559K->34943K(314560K), 0.0147020 secs] 767665K->568584K(1013632K), 0.0147973 secs] [Times: user=0.01 sys=0.00, real=0.01 secs] 
2021-01-22T21:01:18.537-0800: 127.104: [GC (Allocation Failure) 2021-01-22T21:01:18.537-0800: 127.104: [DefNew: 314559K->34942K(314560K), 0.0155245 secs] 848200K->643000K(1013632K), 0.0156278 secs] [Times: user=0.01 sys=0.00, real=0.02 secs] 
2021-01-22T21:01:18.587-0800: 127.155: [GC (Allocation Failure) 2021-01-22T21:01:18.587-0800: 127.155: [DefNew: 314558K->314558K(314560K), 0.0000226 secs]2021-01-22T21:01:18.587-0800: 127.155: [Tenured: 608057K->406714K(699072K), 0.0470157 secs] 922616K->406714K(1013632K), [Metaspace: 2698K->2698K(1056768K)], 0.0471522 secs] [Times: user=0.05 sys=0.00, real=0.05 secs] 
2021-01-22T21:01:18.665-0800: 127.233: [GC (Allocation Failure) 2021-01-22T21:01:18.665-0800: 127.233: [DefNew: 279616K->34943K(314560K), 0.0121767 secs] 686330K->498466K(1013632K), 0.0122857 secs] [Times: user=0.01 sys=0.00, real=0.01 secs] 
2021-01-22T21:01:18.708-0800: 127.275: [GC (Allocation Failure) 2021-01-22T21:01:18.708-0800: 127.275: [DefNew: 314559K->34943K(314560K), 0.0149669 secs] 778082K->580193K(1013632K), 0.0150654 secs] [Times: user=0.01 sys=0.00, real=0.02 secs] 
2021-01-22T21:01:18.753-0800: 127.321: [GC (Allocation Failure) 2021-01-22T21:01:18.753-0800: 127.321: [DefNew: 314559K->34943K(314560K), 0.0141702 secs] 859809K->655543K(1013632K), 0.0142657 secs] [Times: user=0.02 sys=0.00, real=0.01 secs] 
2021-01-22T21:01:18.797-0800: 127.365: [GC (Allocation Failure) 2021-01-22T21:01:18.797-0800: 127.365: [DefNew: 314559K->314559K(314560K), 0.0000215 secs]2021-01-22T21:01:18.797-0800: 127.365: [Tenured: 620600K->416047K(699072K), 0.0494840 secs] 935159K->416047K(1013632K), [Metaspace: 2698K->2698K(1056768K)], 0.0496175 secs] [Times: user=0.05 sys=0.00, real=0.05 secs] 
2021-01-22T21:01:18.879-0800: 127.447: [GC (Allocation Failure) 2021-01-22T21:01:18.879-0800: 127.447: [DefNew: 279616K->34943K(314560K), 0.0109407 secs] 695663K->499942K(1013632K), 0.0110388 secs] [Times: user=0.01 sys=0.00, real=0.02 secs] 
2021-01-22T21:01:18.920-0800: 127.488: [GC (Allocation Failure) 2021-01-22T21:01:18.920-0800: 127.488: [DefNew: 314559K->34944K(314560K), 0.0159139 secs] 779558K->583275K(1013632K), 0.0159968 secs] [Times: user=0.01 sys=0.00, real=0.01 secs] 
2021-01-22T21:01:18.966-0800: 127.534: [GC (Allocation Failure) 2021-01-22T21:01:18.967-0800: 127.534: [DefNew: 314560K->34943K(314560K), 0.0165183 secs] 862891K->663107K(1013632K), 0.0166145 secs] [Times: user=0.02 sys=0.00, real=0.02 secs] 
2021-01-22T21:01:19.015-0800: 127.583: [GC (Allocation Failure) 2021-01-22T21:01:19.016-0800: 127.583: [DefNew: 314559K->314559K(314560K), 0.0000219 secs]2021-01-22T21:01:19.016-0800: 127.583: [Tenured: 628163K->414970K(699072K), 0.0503109 secs] 942723K->414970K(1013632K), [Metaspace: 2698K->2698K(1056768K)], 0.0504433 secs] [Times: user=0.05 sys=0.00, real=0.05 secs] 
2021-01-22T21:01:19.103-0800: 127.671: [GC (Allocation Failure) 2021-01-22T21:01:19.103-0800: 127.671: [DefNew: 279616K->34943K(314560K), 0.0114013 secs] 694586K->503423K(1013632K), 0.0114956 secs] [Times: user=0.01 sys=0.00, real=0.01 secs] 
2021-01-22T21:01:19.145-0800: 127.713: [GC (Allocation Failure) 2021-01-22T21:01:19.145-0800: 127.713: [DefNew: 314559K->34943K(314560K), 0.0150991 secs] 783039K->582142K(1013632K), 0.0152137 secs] [Times: user=0.01 sys=0.00, real=0.02 secs] 
2021-01-22T21:01:19.193-0800: 127.761: [GC (Allocation Failure) 2021-01-22T21:01:19.194-0800: 127.762: [DefNew: 314559K->34943K(314560K), 0.0147873 secs] 861758K->665690K(1013632K), 0.0157967 secs] [Times: user=0.01 sys=0.00, real=0.01 secs] 
2021-01-22T21:01:19.241-0800: 127.809: [GC (Allocation Failure) 2021-01-22T21:01:19.241-0800: 127.809: [DefNew: 314491K->314491K(314560K), 0.0000297 secs]2021-01-22T21:01:19.241-0800: 127.809: [Tenured: 630747K->379341K(699072K), 0.0509923 secs] 945238K->379341K(1013632K), [Metaspace: 2698K->2698K(1056768K)], 0.0515112 secs] [Times: user=0.05 sys=0.01, real=0.05 secs] 
2021-01-22T21:01:19.326-0800: 127.893: [GC (Allocation Failure) 2021-01-22T21:01:19.326-0800: 127.893: [DefNew: 279616K->34943K(314560K), 0.0119994 secs] 658957K->468472K(1013632K), 0.0120773 secs] [Times: user=0.01 sys=0.00, real=0.01 secs] 
2021-01-22T21:01:19.368-0800: 127.936: [GC (Allocation Failure) 2021-01-22T21:01:19.368-0800: 127.936: [DefNew: 314559K->34943K(314560K), 0.0151065 secs] 748088K->541012K(1013632K), 0.0184861 secs] [Times: user=0.02 sys=0.00, real=0.02 secs] 
2021-01-22T21:01:19.418-0800: 127.986: [GC (Allocation Failure) 2021-01-22T21:01:19.421-0800: 127.989: [DefNew: 314559K->34943K(314560K), 0.0172634 secs] 820628K->622630K(1013632K), 0.0208254 secs] [Times: user=0.02 sys=0.00, real=0.02 secs] 
2021-01-22T21:01:19.469-0800: 128.036: [GC (Allocation Failure) 2021-01-22T21:01:19.469-0800: 128.036: [DefNew: 314559K->34943K(314560K), 0.0138696 secs] 902246K->695037K(1013632K), 0.0139629 secs] [Times: user=0.01 sys=0.00, real=0.02 secs] 
2021-01-22T21:01:19.516-0800: 128.083: [GC (Allocation Failure) 2021-01-22T21:01:19.516-0800: 128.083: [DefNew: 314559K->314559K(314560K), 0.0000215 secs]2021-01-22T21:01:19.516-0800: 128.083: [Tenured: 660094K->394438K(699072K), 0.0461735 secs] 974653K->394438K(1013632K), [Metaspace: 2698K->2698K(1056768K)], 0.0463026 secs] [Times: user=0.05 sys=0.00, real=0.05 secs] 
2021-01-22T21:01:19.595-0800: 128.163: [GC (Allocation Failure) 2021-01-22T21:01:19.595-0800: 128.163: [DefNew: 279616K->34943K(314560K), 0.0106837 secs] 674054K->475523K(1013632K), 0.0107781 secs] [Times: user=0.01 sys=0.00, real=0.01 secs] 
2021-01-22T21:01:19.637-0800: 128.204: [GC (Allocation Failure) 2021-01-22T21:01:19.637-0800: 128.204: [DefNew: 314559K->34943K(314560K), 0.0156243 secs] 755139K->560438K(1013632K), 0.0157180 secs] [Times: user=0.02 sys=0.00, real=0.02 secs] 
2021-01-22T21:01:19.683-0800: 128.251: [GC (Allocation Failure) 2021-01-22T21:01:19.683-0800: 128.251: [DefNew: 314559K->34942K(314560K), 0.0147049 secs] 840054K->640160K(1013632K), 0.0148030 secs] [Times: user=0.01 sys=0.00, real=0.01 secs] 
2021-01-22T21:01:19.728-0800: 128.296: [GC (Allocation Failure) 2021-01-22T21:01:19.728-0800: 128.296: [DefNew: 314558K->314558K(314560K), 0.0000270 secs]2021-01-22T21:01:19.729-0800: 128.296: [Tenured: 605217K->406898K(699072K), 0.0481343 secs] 919776K->406898K(1013632K), [Metaspace: 2698K->2698K(1056768K)], 0.0482872 secs] [Times: user=0.05 sys=0.00, real=0.05 secs] 
2021-01-22T21:01:19.808-0800: 128.375: [GC (Allocation Failure) 2021-01-22T21:01:19.808-0800: 128.375: [DefNew: 279616K->34943K(314560K), 0.0122736 secs] 686514K->502011K(1013632K), 0.0123749 secs] [Times: user=0.01 sys=0.00, real=0.02 secs] 
2021-01-22T21:01:19.851-0800: 128.419: [GC (Allocation Failure) 2021-01-22T21:01:19.851-0800: 128.419: [DefNew: 314559K->34943K(314560K), 0.0139561 secs] 781627K->575328K(1013632K), 0.0140867 secs] [Times: user=0.02 sys=0.00, real=0.01 secs] 
2021-01-22T21:01:19.895-0800: 128.463: [GC (Allocation Failure) 2021-01-22T21:01:19.895-0800: 128.463: [DefNew: 314559K->34943K(314560K), 0.0140964 secs] 854944K->653257K(1013632K), 0.0142370 secs] [Times: user=0.01 sys=0.00, real=0.01 secs] 
2021-01-22T21:01:19.941-0800: 128.508: [GC (Allocation Failure) 2021-01-22T21:01:19.941-0800: 128.508: [DefNew: 314559K->314559K(314560K), 0.0000227 secs]2021-01-22T21:01:19.941-0800: 128.508: [Tenured: 618313K->400461K(699072K), 0.0479557 secs] 932873K->400461K(1013632K), [Metaspace: 2698K->2698K(1056768K)], 0.0480914 secs] [Times: user=0.05 sys=0.00, real=0.04 secs] 
2021-01-22T21:01:20.020-0800: 128.588: [GC (Allocation Failure) 2021-01-22T21:01:20.020-0800: 128.588: [DefNew: 279616K->34943K(314560K), 0.0124860 secs] 680077K->492690K(1013632K), 0.0125863 secs] [Times: user=0.01 sys=0.00, real=0.01 secs] 
2021-01-22T21:01:20.065-0800: 128.633: [GC (Allocation Failure) 2021-01-22T21:01:20.065-0800: 128.633: [DefNew: 314559K->34943K(314560K), 0.0147844 secs] 772306K->572774K(1013632K), 0.0148796 secs] [Times: user=0.02 sys=0.00, real=0.02 secs] 
2021-01-22T21:01:20.113-0800: 128.680: [GC (Allocation Failure) 2021-01-22T21:01:20.113-0800: 128.680: [DefNew: 314559K->34942K(314560K), 0.0134935 secs] 852390K->643931K(1013632K), 0.0136088 secs] [Times: user=0.01 sys=0.00, real=0.01 secs] 
2021-01-22T21:01:20.156-0800: 128.724: [GC (Allocation Failure) 2021-01-22T21:01:20.156-0800: 128.724: [DefNew: 314558K->314558K(314560K), 0.0000220 secs]2021-01-22T21:01:20.157-0800: 128.724: [Tenured: 608988K->377004K(699072K), 0.0493641 secs] 923547K->377004K(1013632K), [Metaspace: 2698K->2698K(1056768K)], 0.0495001 secs] [Times: user=0.05 sys=0.00, real=0.05 secs] 
2021-01-22T21:01:20.237-0800: 128.805: [GC (Allocation Failure) 2021-01-22T21:01:20.237-0800: 128.805: [DefNew: 279616K->34943K(314560K), 0.0113973 secs] 656620K->464823K(1013632K), 0.0114889 secs] [Times: user=0.01 sys=0.00, real=0.01 secs] 
2021-01-22T21:01:20.279-0800: 128.846: [GC (Allocation Failure) 2021-01-22T21:01:20.279-0800: 128.846: [DefNew: 314076K->34944K(314560K), 0.0152502 secs] 743956K->550570K(1013632K), 0.0153693 secs] [Times: user=0.02 sys=0.00, real=0.02 secs] 
2021-01-22T21:01:20.324-0800: 128.892: [GC (Allocation Failure) 2021-01-22T21:01:20.324-0800: 128.892: [DefNew: 314351K->34943K(314560K), 0.0146738 secs] 829977K->627862K(1013632K), 0.0147749 secs] [Times: user=0.01 sys=0.00, real=0.01 secs] 
2021-01-22T21:01:20.369-0800: 128.937: [GC (Allocation Failure) 2021-01-22T21:01:20.369-0800: 128.937: [DefNew: 314398K->314398K(314560K), 0.0000220 secs]2021-01-22T21:01:20.369-0800: 128.937: [Tenured: 592918K->425637K(699072K), 0.0486263 secs] 907317K->425637K(1013632K), [Metaspace: 2698K->2698K(1056768K)], 0.0487618 secs] [Times: user=0.05 sys=0.00, real=0.05 secs] 
2021-01-22T21:01:20.451-0800: 129.018: [GC (Allocation Failure) 2021-01-22T21:01:20.451-0800: 129.018: [DefNew: 279616K->34943K(314560K), 0.0101070 secs] 705253K->505409K(1013632K), 0.0102004 secs] [Times: user=0.01 sys=0.00, real=0.01 secs] 
2021-01-22T21:01:20.492-0800: 129.059: [GC (Allocation Failure) 2021-01-22T21:01:20.492-0800: 129.059: [DefNew: 314559K->34943K(314560K), 0.0147116 secs] 785025K->584192K(1013632K), 0.0148291 secs] [Times: user=0.02 sys=0.00, real=0.01 secs] 
2021-01-22T21:01:20.537-0800: 129.105: [GC (Allocation Failure) 2021-01-22T21:01:20.537-0800: 129.105: [DefNew: 314559K->34944K(314560K), 0.0152247 secs] 863808K->667606K(1013632K), 0.0153258 secs] [Times: user=0.01 sys=0.00, real=0.02 secs] 
2021-01-22T21:01:20.584-0800: 129.151: [GC (Allocation Failure) 2021-01-22T21:01:20.584-0800: 129.151: [DefNew: 314560K->314560K(314560K), 0.0000266 secs]2021-01-22T21:01:20.584-0800: 129.151: [Tenured: 632662K->408174K(699072K), 0.0508597 secs] 947222K->408174K(1013632K), [Metaspace: 2698K->2698K(1056768K)], 0.0510071 secs] [Times: user=0.05 sys=0.00, real=0.05 secs] 
2021-01-22T21:01:20.667-0800: 129.234: [GC (Allocation Failure) 2021-01-22T21:01:20.667-0800: 129.234: [DefNew: 279616K->34943K(314560K), 0.0097215 secs] 687790K->486098K(1013632K), 0.0098134 secs] [Times: user=0.00 sys=0.00, real=0.01 secs] 
2021-01-22T21:01:20.706-0800: 129.274: [GC (Allocation Failure) 2021-01-22T21:01:20.706-0800: 129.274: [DefNew: 314559K->34943K(314560K), 0.0148070 secs] 765714K->563594K(1013632K), 0.0149076 secs] [Times: user=0.02 sys=0.00, real=0.02 secs] 
2021-01-22T21:01:20.752-0800: 129.319: [GC (Allocation Failure) 2021-01-22T21:01:20.752-0800: 129.319: [DefNew: 314559K->34943K(314560K), 0.0148789 secs] 843210K->642392K(1013632K), 0.0149669 secs] [Times: user=0.01 sys=0.00, real=0.01 secs] 
2021-01-22T21:01:20.799-0800: 129.366: [GC (Allocation Failure) 2021-01-22T21:01:20.799-0800: 129.366: [DefNew: 314559K->314559K(314560K), 0.0000215 secs]2021-01-22T21:01:20.799-0800: 129.366: [Tenured: 607448K->407595K(699072K), 0.0483180 secs] 922008K->407595K(1013632K), [Metaspace: 2698K->2698K(1056768K)], 0.0484597 secs] [Times: user=0.04 sys=0.00, real=0.05 secs] 
2021-01-22T21:01:20.880-0800: 129.447: [GC (Allocation Failure) 2021-01-22T21:01:20.880-0800: 129.447: [DefNew: 279616K->34943K(314560K), 0.0103358 secs] 687211K->490257K(1013632K), 0.0104254 secs] [Times: user=0.02 sys=0.00, real=0.01 secs] 
2021-01-22T21:01:20.919-0800: 129.487: [GC (Allocation Failure) 2021-01-22T21:01:20.919-0800: 129.487: [DefNew: 314559K->34943K(314560K), 0.0150853 secs] 769873K->574511K(1013632K), 0.0151801 secs] [Times: user=0.02 sys=0.00, real=0.02 secs] 
2021-01-22T21:01:20.966-0800: 129.534: [GC (Allocation Failure) 2021-01-22T21:01:20.966-0800: 129.534: [DefNew: 314559K->34944K(314560K), 0.0151093 secs] 854127K->654236K(1013632K), 0.0152055 secs] [Times: user=0.02 sys=0.00, real=0.02 secs] 
2021-01-22T21:01:21.012-0800: 129.579: [GC (Allocation Failure) 2021-01-22T21:01:21.012-0800: 129.579: [DefNew: 314560K->314560K(314560K), 0.0000219 secs]2021-01-22T21:01:21.012-0800: 129.579: [Tenured: 619292K->375807K(699072K), 0.0489485 secs] 933852K->375807K(1013632K), [Metaspace: 2698K->2698K(1056768K)], 0.0490847 secs] [Times: user=0.05 sys=0.00, real=0.05 secs] 
2021-01-22T21:01:21.093-0800: 129.660: [GC (Allocation Failure) 2021-01-22T21:01:21.093-0800: 129.660: [DefNew: 279414K->34943K(314560K), 0.0121316 secs] 655221K->466426K(1013632K), 0.0122911 secs] [Times: user=0.01 sys=0.00, real=0.01 secs] 
2021-01-22T21:01:21.136-0800: 129.704: [GC (Allocation Failure) 2021-01-22T21:01:21.136-0800: 129.704: [DefNew: 314559K->34943K(314560K), 0.0148622 secs] 746042K->545553K(1013632K), 0.0149633 secs] [Times: user=0.01 sys=0.00, real=0.02 secs] 
2021-01-22T21:01:21.181-0800: 129.748: [GC (Allocation Failure) 2021-01-22T21:01:21.181-0800: 129.748: [DefNew: 314559K->34943K(314560K), 0.0160941 secs] 825169K->632323K(1013632K), 0.0162291 secs] [Times: user=0.02 sys=0.00, real=0.01 secs] 
2021-01-22T21:01:21.229-0800: 129.797: [GC (Allocation Failure) 2021-01-22T21:01:21.229-0800: 129.797: [DefNew: 314559K->314559K(314560K), 0.0000233 secs]2021-01-22T21:01:21.229-0800: 129.797: [Tenured: 597379K->416140K(699072K), 0.0473989 secs] 911939K->416140K(1013632K), [Metaspace: 2698K->2698K(1056768K)], 0.0475368 secs] [Times: user=0.05 sys=0.00, real=0.05 secs] 
2021-01-22T21:01:21.307-0800: 129.875: [GC (Allocation Failure) 2021-01-22T21:01:21.307-0800: 129.875: [DefNew: 279616K->34943K(314560K), 0.0133848 secs] 695756K->518068K(1013632K), 0.0134873 secs] [Times: user=0.01 sys=0.00, real=0.02 secs] 
2021-01-22T21:01:21.352-0800: 129.919: [GC (Allocation Failure) 2021-01-22T21:01:21.352-0800: 129.919: [DefNew: 314559K->34943K(314560K), 0.0147752 secs] 797684K->601538K(1013632K), 0.0148723 secs] [Times: user=0.01 sys=0.00, real=0.01 secs] 
2021-01-22T21:01:21.396-0800: 129.964: [GC (Allocation Failure) 2021-01-22T21:01:21.397-0800: 129.964: [DefNew: 314559K->34943K(314560K), 0.0144790 secs] 881154K->677480K(1013632K), 0.0146018 secs] [Times: user=0.02 sys=0.00, real=0.02 secs] 
2021-01-22T21:01:21.443-0800: 130.011: [GC (Allocation Failure) 2021-01-22T21:01:21.443-0800: 130.011: [DefNew: 314559K->314559K(314560K), 0.0000203 secs]2021-01-22T21:01:21.443-0800: 130.011: [Tenured: 642536K->393683K(699072K), 0.0478125 secs] 957096K->393683K(1013632K), [Metaspace: 2698K->2698K(1056768K)], 0.0479406 secs] [Times: user=0.05 sys=0.00, real=0.05 secs] 
2021-01-22T21:01:21.522-0800: 130.090: [GC (Allocation Failure) 2021-01-22T21:01:21.522-0800: 130.090: [DefNew: 279616K->34943K(314560K), 0.0121316 secs] 673299K->484027K(1013632K), 0.0122308 secs] [Times: user=0.01 sys=0.00, real=0.01 secs] 
2021-01-22T21:01:21.565-0800: 130.132: [GC (Allocation Failure) 2021-01-22T21:01:21.565-0800: 130.132: [DefNew: 314559K->34943K(314560K), 0.0151524 secs] 763643K->562255K(1013632K), 0.0152431 secs] [Times: user=0.01 sys=0.00, real=0.02 secs] 
2021-01-22T21:01:21.610-0800: 130.178: [GC (Allocation Failure) 2021-01-22T21:01:21.610-0800: 130.178: [DefNew: 314518K->34943K(314560K), 0.0154106 secs] 841830K->643668K(1013632K), 0.0155036 secs] [Times: user=0.02 sys=0.00, real=0.01 secs] 
2021-01-22T21:01:21.656-0800: 130.224: [GC (Allocation Failure) 2021-01-22T21:01:21.656-0800: 130.224: [DefNew: 314559K->314559K(314560K), 0.0000197 secs]2021-01-22T21:01:21.656-0800: 130.224: [Tenured: 608724K->403956K(699072K), 0.0473553 secs] 923284K->403956K(1013632K), [Metaspace: 2698K->2698K(1056768K)], 0.0474806 secs] [Times: user=0.05 sys=0.00, real=0.05 secs] 
2021-01-22T21:01:21.733-0800: 130.301: [GC (Allocation Failure) 2021-01-22T21:01:21.734-0800: 130.301: [DefNew: 279015K->34943K(314560K), 0.0128098 secs] 682971K->496076K(1013632K), 0.0129021 secs] [Times: user=0.01 sys=0.00, real=0.01 secs] 
2021-01-22T21:01:21.777-0800: 130.344: [GC (Allocation Failure) 2021-01-22T21:01:21.777-0800: 130.344: [DefNew: 314559K->34943K(314560K), 0.0143325 secs] 775692K->571972K(1013632K), 0.0144447 secs] [Times: user=0.01 sys=0.00, real=0.02 secs] 
2021-01-22T21:01:21.822-0800: 130.389: [GC (Allocation Failure) 2021-01-22T21:01:21.822-0800: 130.389: [DefNew: 313914K->34944K(314560K), 0.0146613 secs] 850943K->649989K(1013632K), 0.0147542 secs] [Times: user=0.02 sys=0.00, real=0.01 secs] 
2021-01-22T21:01:21.867-0800: 130.435: [GC (Allocation Failure) 2021-01-22T21:01:21.867-0800: 130.435: [DefNew: 314560K->314560K(314560K), 0.0000204 secs]2021-01-22T21:01:21.867-0800: 130.435: [Tenured: 615045K->369449K(699072K), 0.0481877 secs] 929605K->369449K(1013632K), [Metaspace: 2698K->2698K(1056768K)], 0.0483106 secs] [Times: user=0.05 sys=0.00, real=0.05 secs] 
2021-01-22T21:01:21.949-0800: 130.516: [GC (Allocation Failure) 2021-01-22T21:01:21.949-0800: 130.516: [DefNew: 279616K->34942K(314560K), 0.0115549 secs] 649065K->456867K(1013632K), 0.0116443 secs] [Times: user=0.01 sys=0.00, real=0.02 secs] 
2021-01-22T21:01:21.992-0800: 130.559: [GC (Allocation Failure) 2021-01-22T21:01:21.992-0800: 130.559: [DefNew: 314558K->34944K(314560K), 0.0148288 secs] 736483K->533644K(1013632K), 0.0149262 secs] [Times: user=0.02 sys=0.00, real=0.01 secs] 
2021-01-22T21:01:22.037-0800: 130.605: [GC (Allocation Failure) 2021-01-22T21:01:22.037-0800: 130.605: [DefNew: 314560K->34944K(314560K), 0.0160422 secs] 813260K->619581K(1013632K), 0.0161353 secs] [Times: user=0.01 sys=0.00, real=0.02 secs] 
2021-01-22T21:01:22.085-0800: 130.653: [GC (Allocation Failure) 2021-01-22T21:01:22.085-0800: 130.653: [DefNew: 314560K->34942K(314560K), 0.0148885 secs] 899197K->695203K(1013632K), 0.0149817 secs] [Times: user=0.02 sys=0.00, real=0.02 secs] 
2021-01-22T21:01:22.130-0800: 130.698: [GC (Allocation Failure) 2021-01-22T21:01:22.130-0800: 130.698: [DefNew: 314558K->314558K(314560K), 0.0000195 secs]2021-01-22T21:01:22.130-0800: 130.698: [Tenured: 660260K->426274K(699072K), 0.0500178 secs] 974819K->426274K(1013632K), [Metaspace: 2698K->2698K(1056768K)], 0.0501375 secs] [Times: user=0.05 sys=0.00, real=0.05 secs] 
2021-01-22T21:01:22.212-0800: 130.780: [GC (Allocation Failure) 2021-01-22T21:01:22.212-0800: 130.780: [DefNew: 279616K->34943K(314560K), 0.0114877 secs] 705890K->515288K(1013632K), 0.0115975 secs] [Times: user=0.01 sys=0.00, real=0.01 secs] 
2021-01-22T21:01:22.256-0800: 130.824: [GC (Allocation Failure) 2021-01-22T21:01:22.256-0800: 130.824: [DefNew: 314559K->34943K(314560K), 0.0144874 secs] 794904K->587809K(1013632K), 0.0145800 secs] [Times: user=0.01 sys=0.00, real=0.02 secs] 
2021-01-22T21:01:22.302-0800: 130.869: [GC (Allocation Failure) 2021-01-22T21:01:22.302-0800: 130.870: [DefNew: 314559K->34943K(314560K), 0.0151868 secs] 867425K->670866K(1013632K), 0.0152788 secs] [Times: user=0.02 sys=0.00, real=0.01 secs] 
2021-01-22T21:01:22.349-0800: 130.917: [GC (Allocation Failure) 2021-01-22T21:01:22.349-0800: 130.917: [DefNew: 314559K->314559K(314560K), 0.0000211 secs]2021-01-22T21:01:22.349-0800: 130.917: [Tenured: 635922K->417555K(699072K), 0.0491814 secs] 950482K->417555K(1013632K), [Metaspace: 2698K->2698K(1056768K)], 0.0493064 secs] [Times: user=0.05 sys=0.00, real=0.05 secs] 
2021-01-22T21:01:22.431-0800: 130.999: [GC (Allocation Failure) 2021-01-22T21:01:22.431-0800: 130.999: [DefNew: 279616K->34943K(314560K), 0.0113986 secs] 697171K->505767K(1013632K), 0.0114933 secs] [Times: user=0.01 sys=0.00, real=0.01 secs] 
2021-01-22T21:01:22.475-0800: 131.043: [GC (Allocation Failure) 2021-01-22T21:01:22.476-0800: 131.043: [DefNew: 314559K->34943K(314560K), 0.0142936 secs] 785383K->581147K(1013632K), 0.0143819 secs] [Times: user=0.02 sys=0.00, real=0.02 secs] 
2021-01-22T21:01:22.520-0800: 131.088: [GC (Allocation Failure) 2021-01-22T21:01:22.520-0800: 131.088: [DefNew: 314559K->34943K(314560K), 0.0150422 secs] 860763K->663606K(1013632K), 0.0151342 secs] [Times: user=0.01 sys=0.00, real=0.01 secs] 
2021-01-22T21:01:22.566-0800: 131.134: [GC (Allocation Failure) 2021-01-22T21:01:22.566-0800: 131.134: [DefNew: 314559K->314559K(314560K), 0.0000196 secs]2021-01-22T21:01:22.566-0800: 131.134: [Tenured: 628662K->402953K(699072K), 0.0498030 secs] 943222K->402953K(1013632K), [Metaspace: 2698K->2698K(1056768K)], 0.0499245 secs] [Times: user=0.05 sys=0.00, real=0.05 secs] 
2021-01-22T21:01:22.648-0800: 131.215: [GC (Allocation Failure) 2021-01-22T21:01:22.648-0800: 131.215: [DefNew: 279616K->34944K(314560K), 0.0119253 secs] 682569K->496285K(1013632K), 0.0120107 secs] [Times: user=0.01 sys=0.00, real=0.02 secs] 
2021-01-22T21:01:22.691-0800: 131.259: [GC (Allocation Failure) 2021-01-22T21:01:22.691-0800: 131.259: [DefNew: 314560K->34943K(314560K), 0.0136326 secs] 775901K->564804K(1013632K), 0.0137433 secs] [Times: user=0.01 sys=0.00, real=0.01 secs] 
2021-01-22T21:01:22.736-0800: 131.303: [GC (Allocation Failure) 2021-01-22T21:01:22.736-0800: 131.303: [DefNew: 314559K->34942K(314560K), 0.0143118 secs] 844420K->640177K(1013632K), 0.0144056 secs] [Times: user=0.01 sys=0.00, real=0.02 secs] 
2021-01-22T21:01:22.782-0800: 131.349: [GC (Allocation Failure) 2021-01-22T21:01:22.782-0800: 131.349: [DefNew: 314558K->314558K(314560K), 0.0000203 secs]2021-01-22T21:01:22.782-0800: 131.349: [Tenured: 605235K->369589K(699072K), 0.0485704 secs] 919793K->369589K(1013632K), [Metaspace: 2698K->2698K(1056768K)], 0.0487223 secs] [Times: user=0.04 sys=0.01, real=0.05 secs] 
2021-01-22T21:01:22.862-0800: 131.429: [GC (Allocation Failure) 2021-01-22T21:01:22.862-0800: 131.429: [DefNew: 279616K->34943K(314560K), 0.0111972 secs] 649205K->454664K(1013632K), 0.0112922 secs] [Times: user=0.02 sys=0.00, real=0.01 secs] 
2021-01-22T21:01:22.903-0800: 131.470: [GC (Allocation Failure) 2021-01-22T21:01:22.903-0800: 131.470: [DefNew: 314559K->34943K(314560K), 0.0158864 secs] 734280K->539337K(1013632K), 0.0159809 secs] [Times: user=0.02 sys=0.00, real=0.01 secs] 
2021-01-22T21:01:22.949-0800: 131.517: [GC (Allocation Failure) 2021-01-22T21:01:22.949-0800: 131.517: [DefNew: 314559K->34944K(314560K), 0.0143430 secs] 818953K->618345K(1013632K), 0.0144372 secs] [Times: user=0.01 sys=0.00, real=0.02 secs] 
2021-01-22T21:01:22.995-0800: 131.563: [GC (Allocation Failure) 2021-01-22T21:01:22.995-0800: 131.563: [DefNew: 314560K->34943K(314560K), 0.0145800 secs] 897961K->698734K(1013632K), 0.0147048 secs] [Times: user=0.01 sys=0.00, real=0.02 secs] 
2021-01-22T21:01:23.040-0800: 131.607: [GC (Allocation Failure) 2021-01-22T21:01:23.040-0800: 131.607: [DefNew: 314559K->314559K(314560K), 0.0000200 secs]2021-01-22T21:01:23.040-0800: 131.607: [Tenured: 663791K->410731K(699072K), 0.0471767 secs] 978350K->410731K(1013632K), [Metaspace: 2698K->2698K(1056768K)], 0.0473053 secs] [Times: user=0.05 sys=0.00, real=0.04 secs] 
2021-01-22T21:01:23.120-0800: 131.688: [GC (Allocation Failure) 2021-01-22T21:01:23.120-0800: 131.688: [DefNew: 279616K->34943K(314560K), 0.0115339 secs] 690347K->497105K(1013632K), 0.0116258 secs] [Times: user=0.01 sys=0.00, real=0.01 secs] 
2021-01-22T21:01:23.162-0800: 131.730: [GC (Allocation Failure) 2021-01-22T21:01:23.162-0800: 131.730: [DefNew: 314559K->34943K(314560K), 0.0144413 secs] 776721K->575410K(1013632K), 0.0145365 secs] [Times: user=0.02 sys=0.00, real=0.01 secs] 
2021-01-22T21:01:23.209-0800: 131.776: [GC (Allocation Failure) 2021-01-22T21:01:23.209-0800: 131.776: [DefNew: 314525K->34942K(314560K), 0.0146966 secs] 854991K->652263K(1013632K), 0.0147869 secs] [Times: user=0.01 sys=0.00, real=0.02 secs] 
2021-01-22T21:01:23.255-0800: 131.822: [GC (Allocation Failure) 2021-01-22T21:01:23.255-0800: 131.822: [DefNew: 314558K->314558K(314560K), 0.0000202 secs]2021-01-22T21:01:23.255-0800: 131.822: [Tenured: 617321K->407374K(699072K), 0.0485713 secs] 931879K->407374K(1013632K), [Metaspace: 2698K->2698K(1056768K)], 0.0486989 secs] [Times: user=0.05 sys=0.00, real=0.05 secs] 
2021-01-22T21:01:23.334-0800: 131.901: [GC (Allocation Failure) 2021-01-22T21:01:23.334-0800: 131.901: [DefNew: 279616K->34944K(314560K), 0.0116026 secs] 686990K->495936K(1013632K), 0.0116939 secs] [Times: user=0.01 sys=0.00, real=0.01 secs] 
2021-01-22T21:01:23.376-0800: 131.944: [GC (Allocation Failure) 2021-01-22T21:01:23.376-0800: 131.944: [DefNew: 314560K->34943K(314560K), 0.0139874 secs] 775552K->571577K(1013632K), 0.0140837 secs] [Times: user=0.02 sys=0.00, real=0.02 secs] 
2021-01-22T21:01:23.423-0800: 131.990: [GC (Allocation Failure) 2021-01-22T21:01:23.423-0800: 131.990: [DefNew: 314559K->34943K(314560K), 0.0135254 secs] 851193K->641553K(1013632K), 0.0136227 secs] [Times: user=0.01 sys=0.00, real=0.01 secs] 
2021-01-22T21:01:23.467-0800: 132.035: [GC (Allocation Failure) 2021-01-22T21:01:23.467-0800: 132.035: [DefNew: 314559K->314559K(314560K), 0.0000196 secs]2021-01-22T21:01:23.467-0800: 132.035: [Tenured: 606609K->393864K(699072K), 0.0475512 secs] 921169K->393864K(1013632K), [Metaspace: 2698K->2698K(1056768K)], 0.0477003 secs] [Times: user=0.05 sys=0.00, real=0.05 secs] 
2021-01-22T21:01:23.549-0800: 132.116: [GC (Allocation Failure) 2021-01-22T21:01:23.549-0800: 132.116: [DefNew: 279616K->34942K(314560K), 0.0110790 secs] 673480K->476767K(1013632K), 0.0111721 secs] [Times: user=0.01 sys=0.00, real=0.02 secs] 
2021-01-22T21:01:23.592-0800: 132.160: [GC (Allocation Failure) 2021-01-22T21:01:23.592-0800: 132.160: [DefNew: 314558K->34943K(314560K), 0.0136881 secs] 756383K->547713K(1013632K), 0.0137951 secs] [Times: user=0.02 sys=0.00, real=0.01 secs] 
2021-01-22T21:01:23.640-0800: 132.208: [GC (Allocation Failure) 2021-01-22T21:01:23.640-0800: 132.208: [DefNew: 314559K->34943K(314560K), 0.0135962 secs] 827329K->616797K(1013632K), 0.0137136 secs] [Times: user=0.01 sys=0.00, real=0.01 secs] 
2021-01-22T21:01:23.685-0800: 132.253: [GC (Allocation Failure) 2021-01-22T21:01:23.686-0800: 132.253: [DefNew: 314559K->34943K(314560K), 0.0151188 secs] 896413K->694055K(1013632K), 0.0152110 secs] [Times: user=0.01 sys=0.00, real=0.02 secs] 
2021-01-22T21:01:23.731-0800: 132.299: [GC (Allocation Failure) 2021-01-22T21:01:23.731-0800: 132.299: [DefNew: 314559K->314559K(314560K), 0.0000203 secs]2021-01-22T21:01:23.731-0800: 132.299: [Tenured: 659111K->363770K(699072K), 0.0478494 secs] 973671K->363770K(1013632K), [Metaspace: 2698K->2698K(1056768K)], 0.0479968 secs] [Times: user=0.05 sys=0.00, real=0.04 secs] 
2021-01-22T21:01:23.813-0800: 132.381: [GC (Allocation Failure) 2021-01-22T21:01:23.813-0800: 132.381: [DefNew: 279616K->34943K(314560K), 0.0102776 secs] 643386K->446799K(1013632K), 0.0103657 secs] [Times: user=0.01 sys=0.00, real=0.01 secs] 
2021-01-22T21:01:23.853-0800: 132.421: [GC (Allocation Failure) 2021-01-22T21:01:23.853-0800: 132.421: [DefNew: 314559K->34943K(314560K), 0.0143072 secs] 726415K->519660K(1013632K), 0.0143996 secs] [Times: user=0.01 sys=0.00, real=0.01 secs] 
2021-01-22T21:01:23.898-0800: 132.466: [GC (Allocation Failure) 2021-01-22T21:01:23.898-0800: 132.466: [DefNew: 314559K->34943K(314560K), 0.0142761 secs] 799276K->594970K(1013632K), 0.0143617 secs] [Times: user=0.02 sys=0.00, real=0.02 secs] 
2021-01-22T21:01:23.944-0800: 132.511: [GC (Allocation Failure) 2021-01-22T21:01:23.944-0800: 132.511: [DefNew: 314559K->34943K(314560K), 0.0148085 secs] 874586K->671542K(1013632K), 0.0149028 secs] [Times: user=0.01 sys=0.00, real=0.01 secs] 
2021-01-22T21:01:23.988-0800: 132.555: [GC (Allocation Failure) 2021-01-22T21:01:23.988-0800: 132.555: [DefNew: 314559K->314559K(314560K), 0.0000206 secs]2021-01-22T21:01:23.988-0800: 132.555: [Tenured: 636598K->408571K(699072K), 0.0467841 secs] 951158K->408571K(1013632K), [Metaspace: 2698K->2698K(1056768K)], 0.0469099 secs] [Times: user=0.05 sys=0.00, real=0.05 secs] 
2021-01-22T21:01:24.066-0800: 132.633: [GC (Allocation Failure) 2021-01-22T21:01:24.066-0800: 132.633: [DefNew: 279616K->34942K(314560K), 0.0105163 secs] 688187K->490086K(1013632K), 0.0106135 secs] [Times: user=0.01 sys=0.00, real=0.01 secs] 
2021-01-22T21:01:24.110-0800: 132.678: [GC (Allocation Failure) 2021-01-22T21:01:24.110-0800: 132.678: [DefNew: 314558K->34943K(314560K), 0.0147634 secs] 769702K->571462K(1013632K), 0.0148590 secs] [Times: user=0.02 sys=0.00, real=0.01 secs] 
2021-01-22T21:01:24.154-0800: 132.722: [GC (Allocation Failure) 2021-01-22T21:01:24.154-0800: 132.722: [DefNew: 314559K->34943K(314560K), 0.0142761 secs] 851078K->647969K(1013632K), 0.0143708 secs] [Times: user=0.01 sys=0.00, real=0.01 secs] 
2021-01-22T21:01:24.201-0800: 132.768: [GC (Allocation Failure) 2021-01-22T21:01:24.201-0800: 132.768: [DefNew: 314559K->314559K(314560K), 0.0000313 secs]2021-01-22T21:01:24.201-0800: 132.768: [Tenured: 613026K->421710K(699072K), 0.0501731 secs] 927585K->421710K(1013632K), [Metaspace: 2698K->2698K(1056768K)], 0.0503420 secs] [Times: user=0.05 sys=0.00, real=0.05 secs] 
2021-01-22T21:01:24.282-0800: 132.850: [GC (Allocation Failure) 2021-01-22T21:01:24.282-0800: 132.850: [DefNew: 279616K->34942K(314560K), 0.0101584 secs] 701326K->501565K(1013632K), 0.0102456 secs] [Times: user=0.01 sys=0.00, real=0.01 secs] 
2021-01-22T21:01:24.324-0800: 132.892: [GC (Allocation Failure) 2021-01-22T21:01:24.324-0800: 132.892: [DefNew: 314558K->34941K(314560K), 0.0151566 secs] 781181K->582556K(1013632K), 0.0152536 secs] [Times: user=0.02 sys=0.00, real=0.01 secs] 
2021-01-22T21:01:24.370-0800: 132.938: [GC (Allocation Failure) 2021-01-22T21:01:24.370-0800: 132.938: [DefNew: 314557K->34944K(314560K), 0.0146528 secs] 862172K->662890K(1013632K), 0.0147419 secs] [Times: user=0.01 sys=0.00, real=0.01 secs] 
2021-01-22T21:01:24.414-0800: 132.982: [GC (Allocation Failure) 2021-01-22T21:01:24.414-0800: 132.982: [DefNew: 314259K->314259K(314560K), 0.0000211 secs]2021-01-22T21:01:24.414-0800: 132.982: [Tenured: 627946K->413118K(699072K), 0.0504239 secs] 942206K->413118K(1013632K), [Metaspace: 2698K->2698K(1056768K)], 0.0505503 secs] [Times: user=0.05 sys=0.00, real=0.05 secs] 
2021-01-22T21:01:24.496-0800: 133.064: [GC (Allocation Failure) 2021-01-22T21:01:24.496-0800: 133.064: [DefNew: 279616K->34943K(314560K), 0.0109212 secs] 692734K->499612K(1013632K), 0.0110308 secs] [Times: user=0.02 sys=0.00, real=0.01 secs] 
2021-01-22T21:01:24.539-0800: 133.107: [GC (Allocation Failure) 2021-01-22T21:01:24.539-0800: 133.107: [DefNew: 314559K->34943K(314560K), 0.0151630 secs] 779228K->580020K(1013632K), 0.0152659 secs] [Times: user=0.01 sys=0.00, real=0.02 secs] 
2021-01-22T21:01:24.585-0800: 133.153: [GC (Allocation Failure) 2021-01-22T21:01:24.586-0800: 133.153: [DefNew: 314559K->34944K(314560K), 0.0146877 secs] 859636K->659164K(1013632K), 0.0147978 secs] [Times: user=0.02 sys=0.00, real=0.02 secs] 
2021-01-22T21:01:24.630-0800: 133.198: [GC (Allocation Failure) 2021-01-22T21:01:24.630-0800: 133.198: [DefNew: 314560K->314560K(314560K), 0.0000277 secs]2021-01-22T21:01:24.630-0800: 133.198: [Tenured: 624220K->364844K(699072K), 0.0476653 secs] 938780K->364844K(1013632K), [Metaspace: 2698K->2698K(1056768K)], 0.0478240 secs] [Times: user=0.04 sys=0.00, real=0.04 secs] 
2021-01-22T21:01:24.710-0800: 133.278: [GC (Allocation Failure) 2021-01-22T21:01:24.710-0800: 133.278: [DefNew: 279616K->34943K(314560K), 0.0111546 secs] 644460K->450496K(1013632K), 0.0112474 secs] [Times: user=0.01 sys=0.00, real=0.01 secs] 
2021-01-22T21:01:24.752-0800: 133.320: [GC (Allocation Failure) 2021-01-22T21:01:24.752-0800: 133.320: [DefNew: 314559K->34944K(314560K), 0.0152274 secs] 730112K->530352K(1013632K), 0.0153239 secs] [Times: user=0.01 sys=0.00, real=0.01 secs] 
2021-01-22T21:01:24.799-0800: 133.366: [GC (Allocation Failure) 2021-01-22T21:01:24.799-0800: 133.366: [DefNew: 314560K->34943K(314560K), 0.0135664 secs] 809968K->603378K(1013632K), 0.0136673 secs] [Times: user=0.02 sys=0.00, real=0.02 secs] 
2021-01-22T21:01:24.844-0800: 133.412: [GC (Allocation Failure) 2021-01-22T21:01:24.844-0800: 133.412: [DefNew: 314207K->34943K(314560K), 0.0140214 secs] 882642K->676240K(1013632K), 0.0141150 secs] [Times: user=0.01 sys=0.00, real=0.01 secs] 
2021-01-22T21:01:24.888-0800: 133.456: [GC (Allocation Failure) 2021-01-22T21:01:24.889-0800: 133.456: [DefNew: 314559K->314559K(314560K), 0.0000210 secs]2021-01-22T21:01:24.889-0800: 133.456: [Tenured: 641297K->404225K(699072K), 0.0470800 secs] 955856K->404225K(1013632K), [Metaspace: 2698K->2698K(1056768K)], 0.0472066 secs] [Times: user=0.05 sys=0.00, real=0.05 secs] 
2021-01-22T21:01:24.969-0800: 133.537: [GC (Allocation Failure) 2021-01-22T21:01:24.969-0800: 133.537: [DefNew: 279616K->34943K(314560K), 0.0118429 secs] 683841K->494137K(1013632K), 0.0119337 secs] [Times: user=0.01 sys=0.00, real=0.02 secs] 
2021-01-22T21:01:25.012-0800: 133.580: [GC (Allocation Failure) 2021-01-22T21:01:25.012-0800: 133.580: [DefNew: 314559K->34943K(314560K), 0.0138766 secs] 773753K->568228K(1013632K), 0.0139981 secs] [Times: user=0.02 sys=0.00, real=0.01 secs] 
2021-01-22T21:01:25.057-0800: 133.624: [GC (Allocation Failure) 2021-01-22T21:01:25.057-0800: 133.624: [DefNew: 314559K->34943K(314560K), 0.0151089 secs] 847844K->650319K(1013632K), 0.0151982 secs] [Times: user=0.01 sys=0.00, real=0.02 secs] 
2021-01-22T21:01:25.102-0800: 133.669: [GC (Allocation Failure) 2021-01-22T21:01:25.102-0800: 133.669: [DefNew: 314559K->314559K(314560K), 0.0000199 secs]2021-01-22T21:01:25.102-0800: 133.669: [Tenured: 615375K->400179K(699072K), 0.0475376 secs] 929935K->400179K(1013632K), [Metaspace: 2698K->2698K(1056768K)], 0.0476638 secs] [Times: user=0.05 sys=0.00, real=0.04 secs] 
2021-01-22T21:01:25.182-0800: 133.749: [GC (Allocation Failure) 2021-01-22T21:01:25.182-0800: 133.749: [DefNew: 279616K->34943K(314560K), 0.0110255 secs] 679795K->482508K(1013632K), 0.0111202 secs] [Times: user=0.01 sys=0.00, real=0.01 secs] 
2021-01-22T21:01:25.223-0800: 133.790: [GC (Allocation Failure) 2021-01-22T21:01:25.223-0800: 133.790: [DefNew: 314559K->34943K(314560K), 0.0152177 secs] 762124K->566476K(1013632K), 0.0153112 secs] [Times: user=0.02 sys=0.00, real=0.01 secs] 
2021-01-22T21:01:25.270-0800: 133.838: [GC (Allocation Failure) 2021-01-22T21:01:25.270-0800: 133.838: [DefNew: 314559K->34943K(314560K), 0.0150387 secs] 846092K->647069K(1013632K), 0.0151329 secs] [Times: user=0.01 sys=0.00, real=0.01 secs] 
2021-01-22T21:01:25.316-0800: 133.884: [GC (Allocation Failure) 2021-01-22T21:01:25.316-0800: 133.884: [DefNew: 314559K->314559K(314560K), 0.0000204 secs]2021-01-22T21:01:25.316-0800: 133.884: [Tenured: 612125K->409685K(699072K), 0.0479266 secs] 926685K->409685K(1013632K), [Metaspace: 2698K->2698K(1056768K)], 0.0480532 secs] [Times: user=0.05 sys=0.01, real=0.05 secs] 
2021-01-22T21:01:25.396-0800: 133.964: [GC (Allocation Failure) 2021-01-22T21:01:25.396-0800: 133.964: [DefNew: 279616K->34943K(314560K), 0.0114255 secs] 689301K->495209K(1013632K), 0.0115405 secs] [Times: user=0.01 sys=0.00, real=0.01 secs] 
2021-01-22T21:01:25.439-0800: 134.006: [GC (Allocation Failure) 2021-01-22T21:01:25.439-0800: 134.006: [DefNew: 314559K->34943K(314560K), 0.0155769 secs] 774825K->582059K(1013632K), 0.0156721 secs] [Times: user=0.02 sys=0.00, real=0.02 secs] 
2021-01-22T21:01:25.487-0800: 134.054: [GC (Allocation Failure) 2021-01-22T21:01:25.487-0800: 134.054: [DefNew: 314559K->34943K(314560K), 0.0144292 secs] 861675K->658840K(1013632K), 0.0145231 secs] [Times: user=0.02 sys=0.00, real=0.02 secs] 
2021-01-22T21:01:25.534-0800: 134.101: [GC (Allocation Failure) 2021-01-22T21:01:25.534-0800: 134.101: [DefNew: 314559K->314559K(314560K), 0.0000198 secs]2021-01-22T21:01:25.534-0800: 134.101: [Tenured: 623896K->380178K(699072K), 0.0490286 secs] 938456K->380178K(1013632K), [Metaspace: 2698K->2698K(1056768K)], 0.0491543 secs] [Times: user=0.05 sys=0.00, real=0.05 secs] 
2021-01-22T21:01:25.618-0800: 134.186: [GC (Allocation Failure) 2021-01-22T21:01:25.618-0800: 134.186: [DefNew: 279616K->34944K(314560K), 0.0111043 secs] 659794K->466009K(1013632K), 0.0112177 secs] [Times: user=0.01 sys=0.00, real=0.02 secs] 
2021-01-22T21:01:25.661-0800: 134.229: [GC (Allocation Failure) 2021-01-22T21:01:25.661-0800: 134.229: [DefNew: 314560K->34943K(314560K), 0.0152434 secs] 745625K->549392K(1013632K), 0.0153494 secs] [Times: user=0.02 sys=0.00, real=0.01 secs] 
2021-01-22T21:01:25.708-0800: 134.275: [GC (Allocation Failure) 2021-01-22T21:01:25.708-0800: 134.275: [DefNew: 314559K->34943K(314560K), 0.0154323 secs] 829008K->632925K(1013632K), 0.0155212 secs] [Times: user=0.01 sys=0.00, real=0.02 secs] 
2021-01-22T21:01:25.757-0800: 134.324: [GC (Allocation Failure) 2021-01-22T21:01:25.757-0800: 134.324: [DefNew: 314559K->314559K(314560K), 0.0000197 secs]2021-01-22T21:01:25.757-0800: 134.324: [Tenured: 597982K->411409K(699072K), 0.0470512 secs] 912541K->411409K(1013632K), [Metaspace: 2698K->2698K(1056768K)], 0.0471796 secs] [Times: user=0.04 sys=0.00, real=0.05 secs] 
2021-01-22T21:01:25.836-0800: 134.403: [GC (Allocation Failure) 2021-01-22T21:01:25.836-0800: 134.403: [DefNew: 279616K->34943K(314560K), 0.0122634 secs] 691025K->504634K(1013632K), 0.0123542 secs] [Times: user=0.01 sys=0.00, real=0.01 secs] 
2021-01-22T21:01:25.877-0800: 134.445: [GC (Allocation Failure) 2021-01-22T21:01:25.877-0800: 134.445: [DefNew: 314559K->34944K(314560K), 0.0134241 secs] 784250K->572870K(1013632K), 0.0135176 secs] [Times: user=0.01 sys=0.00, real=0.02 secs] 
2021-01-22T21:01:25.921-0800: 134.489: [GC (Allocation Failure) 2021-01-22T21:01:25.921-0800: 134.489: [DefNew: 314560K->34943K(314560K), 0.0139937 secs] 852486K->643200K(1013632K), 0.0140812 secs] [Times: user=0.01 sys=0.00, real=0.01 secs] 
2021-01-22T21:01:25.965-0800: 134.533: [GC (Allocation Failure) 2021-01-22T21:01:25.965-0800: 134.533: [DefNew: 314559K->314559K(314560K), 0.0000193 secs]2021-01-22T21:01:25.965-0800: 134.533: [Tenured: 608256K->397249K(699072K), 0.0469224 secs] 922816K->397249K(1013632K), [Metaspace: 2698K->2698K(1056768K)], 0.0470424 secs] [Times: user=0.05 sys=0.00, real=0.05 secs] 
2021-01-22T21:01:26.043-0800: 134.610: [GC (Allocation Failure) 2021-01-22T21:01:26.043-0800: 134.610: [DefNew: 279616K->34944K(314560K), 0.0121144 secs] 676865K->489494K(1013632K), 0.0122126 secs] [Times: user=0.01 sys=0.00, real=0.01 secs] 
2021-01-22T21:01:26.086-0800: 134.654: [GC (Allocation Failure) 2021-01-22T21:01:26.086-0800: 134.654: [DefNew: 314560K->34943K(314560K), 0.0135542 secs] 769110K->561030K(1013632K), 0.0136450 secs] [Times: user=0.02 sys=0.00, real=0.02 secs] 
2021-01-22T21:01:26.130-0800: 134.697: [GC (Allocation Failure) 2021-01-22T21:01:26.130-0800: 134.697: [DefNew: 314559K->34944K(314560K), 0.0136018 secs] 840646K->635541K(1013632K), 0.0136946 secs] [Times: user=0.01 sys=0.00, real=0.01 secs] 
2021-01-22T21:01:26.173-0800: 134.741: [GC (Allocation Failure) 2021-01-22T21:01:26.173-0800: 134.741: [DefNew: 314560K->314560K(314560K), 0.0000196 secs]2021-01-22T21:01:26.174-0800: 134.741: [Tenured: 600597K->404950K(699072K), 0.0477555 secs] 915157K->404950K(1013632K), [Metaspace: 2698K->2698K(1056768K)], 0.0478847 secs] [Times: user=0.05 sys=0.00, real=0.05 secs] 
2021-01-22T21:01:26.254-0800: 134.821: [GC (Allocation Failure) 2021-01-22T21:01:26.254-0800: 134.821: [DefNew: 279616K->34943K(314560K), 0.0115049 secs] 684566K->488819K(1013632K), 0.0116018 secs] [Times: user=0.01 sys=0.00, real=0.01 secs] 
2021-01-22T21:01:26.302-0800: 134.870: [GC (Allocation Failure) 2021-01-22T21:01:26.302-0800: 134.870: [DefNew: 314559K->34942K(314560K), 0.0141003 secs] 768435K->565248K(1013632K), 0.0141938 secs] [Times: user=0.01 sys=0.00, real=0.01 secs] 
2021-01-22T21:01:26.348-0800: 134.916: [GC (Allocation Failure) 2021-01-22T21:01:26.348-0800: 134.916: [DefNew: 314340K->34943K(314560K), 0.0143105 secs] 844646K->640623K(1013632K), 0.0143992 secs] [Times: user=0.02 sys=0.00, real=0.02 secs] 
2021-01-22T21:01:26.394-0800: 134.962: [GC (Allocation Failure) 2021-01-22T21:01:26.394-0800: 134.962: [DefNew: 314559K->314559K(314560K), 0.0000199 secs]2021-01-22T21:01:26.394-0800: 134.962: [Tenured: 605679K->378261K(699072K), 0.0497086 secs] 920239K->378261K(1013632K), [Metaspace: 2698K->2698K(1056768K)], 0.0498353 secs] [Times: user=0.05 sys=0.00, real=0.05 secs] 
2021-01-22T21:01:26.474-0800: 135.042: [GC (Allocation Failure) 2021-01-22T21:01:26.474-0800: 135.042: [DefNew: 279616K->34943K(314560K), 0.0112409 secs] 657877K->464245K(1013632K), 0.0113371 secs] [Times: user=0.01 sys=0.00, real=0.01 secs] 
2021-01-22T21:01:26.516-0800: 135.084: [GC (Allocation Failure) 2021-01-22T21:01:26.517-0800: 135.084: [DefNew: 314559K->34943K(314560K), 0.0154849 secs] 743861K->547583K(1013632K), 0.0155729 secs] [Times: user=0.01 sys=0.00, real=0.02 secs] 
2021-01-22T21:01:26.564-0800: 135.131: [GC (Allocation Failure) 2021-01-22T21:01:26.564-0800: 135.131: [DefNew: 314559K->34944K(314560K), 0.0144879 secs] 827199K->625750K(1013632K), 0.0145929 secs] [Times: user=0.02 sys=0.00, real=0.01 secs] 
2021-01-22T21:01:26.608-0800: 135.176: [GC (Allocation Failure) 2021-01-22T21:01:26.608-0800: 135.176: [DefNew: 314560K->34943K(314560K), 0.0155503 secs] 905366K->707556K(1013632K), 0.0156520 secs] [Times: user=0.01 sys=0.00, real=0.02 secs] 
2021-01-22T21:01:26.655-0800: 135.223: [GC (Allocation Failure) 2021-01-22T21:01:26.655-0800: 135.223: [DefNew: 314559K->314559K(314560K), 0.0000197 secs]2021-01-22T21:01:26.655-0800: 135.223: [Tenured: 672612K->413540K(699072K), 0.0483693 secs] 987172K->413540K(1013632K), [Metaspace: 2698K->2698K(1056768K)], 0.0484975 secs] [Times: user=0.05 sys=0.00, real=0.05 secs] 
2021-01-22T21:01:26.736-0800: 135.303: [GC (Allocation Failure) 2021-01-22T21:01:26.736-0800: 135.303: [DefNew: 279616K->34944K(314560K), 0.0116081 secs] 693156K->504408K(1013632K), 0.0116981 secs] [Times: user=0.01 sys=0.00, real=0.01 secs] 
2021-01-22T21:01:26.790-0800: 135.357: [GC (Allocation Failure) 2021-01-22T21:01:26.790-0800: 135.357: [DefNew: 314560K->34943K(314560K), 0.0150691 secs] 784024K->585296K(1013632K), 0.0151708 secs] [Times: user=0.01 sys=0.00, real=0.01 secs] 
2021-01-22T21:01:26.834-0800: 135.402: [GC (Allocation Failure) 2021-01-22T21:01:26.835-0800: 135.402: [DefNew: 314559K->34943K(314560K), 0.0167220 secs] 864912K->675467K(1013632K), 0.0168174 secs] [Times: user=0.02 sys=0.00, real=0.02 secs] 
2021-01-22T21:01:26.883-0800: 135.450: [GC (Allocation Failure) 2021-01-22T21:01:26.883-0800: 135.450: [DefNew: 314559K->314559K(314560K), 0.0000208 secs]2021-01-22T21:01:26.883-0800: 135.450: [Tenured: 640523K->417413K(699072K), 0.0494601 secs] 955083K->417413K(1013632K), [Metaspace: 2698K->2698K(1056768K)], 0.0495816 secs] [Times: user=0.05 sys=0.00, real=0.05 secs] 
2021-01-22T21:01:26.964-0800: 135.532: [GC (Allocation Failure) 2021-01-22T21:01:26.964-0800: 135.532: [DefNew: 279616K->34943K(314560K), 0.0107089 secs] 697029K->500228K(1013632K), 0.0108149 secs] [Times: user=0.01 sys=0.00, real=0.01 secs] 
2021-01-22T21:01:27.005-0800: 135.573: [GC (Allocation Failure) 2021-01-22T21:01:27.005-0800: 135.573: [DefNew: 314559K->34944K(314560K), 0.0151365 secs] 779844K->583391K(1013632K), 0.0152302 secs] [Times: user=0.01 sys=0.00, real=0.02 secs] 
2021-01-22T21:01:27.052-0800: 135.619: [GC (Allocation Failure) 2021-01-22T21:01:27.052-0800: 135.619: [DefNew: 314560K->34942K(314560K), 0.0137569 secs] 863007K->651876K(1013632K), 0.0138503 secs] [Times: user=0.02 sys=0.00, real=0.01 secs] 
2021-01-22T21:01:27.097-0800: 135.665: [GC (Allocation Failure) 2021-01-22T21:01:27.097-0800: 135.665: [DefNew: 314558K->314558K(314560K), 0.0000281 secs]2021-01-22T21:01:27.098-0800: 135.665: [Tenured: 616933K->389433K(699072K), 0.0489850 secs] 931492K->389433K(1013632K), [Metaspace: 2698K->2698K(1056768K)], 0.0491349 secs] [Times: user=0.05 sys=0.00, real=0.05 secs] 
2021-01-22T21:01:27.179-0800: 135.747: [GC (Allocation Failure) 2021-01-22T21:01:27.179-0800: 135.747: [DefNew: 279616K->34943K(314560K), 0.0115089 secs] 669049K->479079K(1013632K), 0.0116056 secs] [Times: user=0.01 sys=0.00, real=0.02 secs] 
2021-01-22T21:01:27.224-0800: 135.792: [GC (Allocation Failure) 2021-01-22T21:01:27.224-0800: 135.792: [DefNew: 314559K->34943K(314560K), 0.0142886 secs] 758695K->552377K(1013632K), 0.0143813 secs] [Times: user=0.02 sys=0.00, real=0.01 secs] 
2021-01-22T21:01:27.271-0800: 135.839: [GC (Allocation Failure) 2021-01-22T21:01:27.271-0800: 135.839: [DefNew: 314559K->34943K(314560K), 0.0149056 secs] 831993K->631081K(1013632K), 0.0149992 secs] [Times: user=0.01 sys=0.00, real=0.01 secs] 
2021-01-22T21:01:27.316-0800: 135.884: [GC (Allocation Failure) 2021-01-22T21:01:27.316-0800: 135.884: [DefNew: 314004K->314004K(314560K), 0.0000197 secs]2021-01-22T21:01:27.316-0800: 135.884: [Tenured: 596137K->383089K(699072K), 0.0500140 secs] 910142K->383089K(1013632K), [Metaspace: 2698K->2698K(1056768K)], 0.0501377 secs] [Times: user=0.05 sys=0.00, real=0.05 secs] 
2021-01-22T21:01:27.398-0800: 135.965: [GC (Allocation Failure) 2021-01-22T21:01:27.398-0800: 135.965: [DefNew: 279616K->34943K(314560K), 0.0118771 secs] 662705K->471553K(1013632K), 0.0119729 secs] [Times: user=0.01 sys=0.00, real=0.02 secs] 
2021-01-22T21:01:27.441-0800: 136.009: [GC (Allocation Failure) 2021-01-22T21:01:27.441-0800: 136.009: [DefNew: 314559K->34942K(314560K), 0.0149051 secs] 751169K->552039K(1013632K), 0.0150027 secs] [Times: user=0.01 sys=0.00, real=0.01 secs] 
2021-01-22T21:01:27.487-0800: 136.055: [GC (Allocation Failure) 2021-01-22T21:01:27.487-0800: 136.055: [DefNew: 314558K->34943K(314560K), 0.0147359 secs] 831655K->629139K(1013632K), 0.0148313 secs] [Times: user=0.02 sys=0.00, real=0.02 secs] 
2021-01-22T21:01:27.531-0800: 136.099: [GC (Allocation Failure) 2021-01-22T21:01:27.531-0800: 136.099: [DefNew: 314559K->314559K(314560K), 0.0000202 secs]2021-01-22T21:01:27.531-0800: 136.099: [Tenured: 594195K->416582K(699072K), 0.0481022 secs] 908755K->416582K(1013632K), [Metaspace: 2698K->2698K(1056768K)], 0.0482271 secs] [Times: user=0.05 sys=0.00, real=0.05 secs] 
2021-01-22T21:01:27.611-0800: 136.179: [GC (Allocation Failure) 2021-01-22T21:01:27.611-0800: 136.179: [DefNew: 279616K->34943K(314560K), 0.0119071 secs] 696198K->506432K(1013632K), 0.0120244 secs] [Times: user=0.01 sys=0.00, real=0.01 secs] 
2021-01-22T21:01:27.655-0800: 136.222: [GC (Allocation Failure) 2021-01-22T21:01:27.655-0800: 136.222: [DefNew: 314559K->34943K(314560K), 0.0137906 secs] 786048K->579236K(1013632K), 0.0138844 secs] [Times: user=0.01 sys=0.00, real=0.01 secs] 
2021-01-22T21:01:27.700-0800: 136.268: [GC (Allocation Failure) 2021-01-22T21:01:27.700-0800: 136.268: [DefNew: 314559K->34943K(314560K), 0.0160651 secs] 858852K->666579K(1013632K), 0.0161621 secs] [Times: user=0.02 sys=0.00, real=0.01 secs] 
2021-01-22T21:01:27.748-0800: 136.315: [GC (Allocation Failure) 2021-01-22T21:01:27.748-0800: 136.315: [DefNew: 314457K->314457K(314560K), 0.0000195 secs]2021-01-22T21:01:27.748-0800: 136.315: [Tenured: 631635K->412164K(699072K), 0.0492086 secs] 946092K->412164K(1013632K), [Metaspace: 2698K->2698K(1056768K)], 0.0493330 secs] [Times: user=0.05 sys=0.00, real=0.05 secs] 
2021-01-22T21:01:27.827-0800: 136.394: [GC (Allocation Failure) 2021-01-22T21:01:27.827-0800: 136.394: [DefNew: 279616K->34944K(314560K), 0.0119582 secs] 691780K->504037K(1013632K), 0.0120794 secs] [Times: user=0.01 sys=0.00, real=0.01 secs] 
2021-01-22T21:01:27.870-0800: 136.437: [GC (Allocation Failure) 2021-01-22T21:01:27.870-0800: 136.437: [DefNew: 314560K->34943K(314560K), 0.0154653 secs] 783653K->590032K(1013632K), 0.0155605 secs] [Times: user=0.01 sys=0.00, real=0.01 secs] 
2021-01-22T21:01:27.916-0800: 136.484: [GC (Allocation Failure) 2021-01-22T21:01:27.916-0800: 136.484: [DefNew: 314559K->34940K(314560K), 0.0152220 secs] 869648K->667428K(1013632K), 0.0153142 secs] [Times: user=0.02 sys=0.00, real=0.02 secs] 
2021-01-22T21:01:27.961-0800: 136.529: [GC (Allocation Failure) 2021-01-22T21:01:27.961-0800: 136.529: [DefNew: 314556K->314556K(314560K), 0.0000195 secs]2021-01-22T21:01:27.961-0800: 136.529: [Tenured: 632488K->414533K(699072K), 0.0497358 secs] 947044K->414533K(1013632K), [Metaspace: 2698K->2698K(1056768K)], 0.0498652 secs] [Times: user=0.05 sys=0.00, real=0.05 secs] 
2021-01-22T21:01:28.042-0800: 136.609: [GC (Allocation Failure) 2021-01-22T21:01:28.042-0800: 136.609: [DefNew: 279616K->34943K(314560K), 0.0114878 secs] 694149K->502240K(1013632K), 0.0115832 secs] [Times: user=0.01 sys=0.00, real=0.01 secs] 
2021-01-22T21:01:28.085-0800: 136.653: [GC (Allocation Failure) 2021-01-22T21:01:28.085-0800: 136.653: [DefNew: 314559K->34944K(314560K), 0.0148678 secs] 781856K->579886K(1013632K), 0.0149627 secs] [Times: user=0.01 sys=0.00, real=0.02 secs] 
2021-01-22T21:01:28.132-0800: 136.699: [GC (Allocation Failure) 2021-01-22T21:01:28.132-0800: 136.699: [DefNew: 314560K->34944K(314560K), 0.0153095 secs] 859502K->661483K(1013632K), 0.0153978 secs] [Times: user=0.01 sys=0.00, real=0.01 secs] 
2021-01-22T21:01:28.176-0800: 136.744: [GC (Allocation Failure) 2021-01-22T21:01:28.177-0800: 136.744: [DefNew: 314560K->314560K(314560K), 0.0000220 secs]2021-01-22T21:01:28.177-0800: 136.744: [Tenured: 626539K->383811K(699072K), 0.0499937 secs] 941099K->383811K(1013632K), [Metaspace: 2698K->2698K(1056768K)], 0.0501314 secs] [Times: user=0.05 sys=0.00, real=0.05 secs] 
2021-01-22T21:01:28.259-0800: 136.827: [GC (Allocation Failure) 2021-01-22T21:01:28.259-0800: 136.827: [DefNew: 279616K->34943K(314560K), 0.0121508 secs] 663427K->475748K(1013632K), 0.0122526 secs] [Times: user=0.01 sys=0.00, real=0.02 secs] 
2021-01-22T21:01:28.302-0800: 136.870: [GC (Allocation Failure) 2021-01-22T21:01:28.302-0800: 136.870: [DefNew: 314559K->34943K(314560K), 0.0141341 secs] 755364K->553005K(1013632K), 0.0142314 secs] [Times: user=0.02 sys=0.00, real=0.01 secs] 
2021-01-22T21:01:28.347-0800: 136.915: [GC (Allocation Failure) 2021-01-22T21:01:28.347-0800: 136.915: [DefNew: 314108K->34943K(314560K), 0.0147429 secs] 832170K->631906K(1013632K), 0.0148364 secs] [Times: user=0.01 sys=0.00, real=0.02 secs] 
2021-01-22T21:01:28.392-0800: 136.960: [GC (Allocation Failure) 2021-01-22T21:01:28.392-0800: 136.960: [DefNew: 314428K->314428K(314560K), 0.0000202 secs]2021-01-22T21:01:28.392-0800: 136.960: [Tenured: 596962K->422346K(699072K), 0.0488931 secs] 911391K->422346K(1013632K), [Metaspace: 2698K->2698K(1056768K)], 0.0490228 secs] [Times: user=0.05 sys=0.00, real=0.05 secs] 
2021-01-22T21:01:28.473-0800: 137.041: [GC (Allocation Failure) 2021-01-22T21:01:28.474-0800: 137.041: [DefNew: 279616K->34940K(314560K), 0.0114368 secs] 701962K->507947K(1013632K), 0.0115459 secs] [Times: user=0.02 sys=0.00, real=0.01 secs] 
2021-01-22T21:01:28.516-0800: 137.083: [GC (Allocation Failure) 2021-01-22T21:01:28.516-0800: 137.083: [DefNew: 314556K->34943K(314560K), 0.0141852 secs] 787563K->584960K(1013632K), 0.0142788 secs] [Times: user=0.01 sys=0.00, real=0.02 secs] 
2021-01-22T21:01:28.562-0800: 137.129: [GC (Allocation Failure) 2021-01-22T21:01:28.562-0800: 137.129: [DefNew: 314559K->34943K(314560K), 0.0147272 secs] 864576K->651678K(1013632K), 0.0148182 secs] [Times: user=0.02 sys=0.00, real=0.01 secs] 
2021-01-22T21:01:28.608-0800: 137.175: [GC (Allocation Failure) 2021-01-22T21:01:28.608-0800: 137.175: [DefNew: 314559K->314559K(314560K), 0.0000203 secs]2021-01-22T21:01:28.608-0800: 137.175: [Tenured: 616734K->410500K(699072K), 0.0483067 secs] 931294K->410500K(1013632K), [Metaspace: 2698K->2698K(1056768K)], 0.0484369 secs] [Times: user=0.04 sys=0.00, real=0.05 secs] 
2021-01-22T21:01:28.688-0800: 137.255: [GC (Allocation Failure) 2021-01-22T21:01:28.688-0800: 137.255: [DefNew: 279616K->34943K(314560K), 0.0120284 secs] 690116K->499127K(1013632K), 0.0121227 secs] [Times: user=0.02 sys=0.00, real=0.02 secs] 
2021-01-22T21:01:28.730-0800: 137.297: [GC (Allocation Failure) 2021-01-22T21:01:28.730-0800: 137.297: [DefNew: 314559K->34943K(314560K), 0.0141469 secs] 778743K->575309K(1013632K), 0.0142446 secs] [Times: user=0.01 sys=0.00, real=0.01 secs] 
2021-01-22T21:01:28.775-0800: 137.342: [GC (Allocation Failure) 2021-01-22T21:01:28.775-0800: 137.342: [DefNew: 314559K->34943K(314560K), 0.0153851 secs] 854925K->658929K(1013632K), 0.0154931 secs] [Times: user=0.02 sys=0.00, real=0.02 secs] 
2021-01-22T21:01:28.821-0800: 137.389: [GC (Allocation Failure) 2021-01-22T21:01:28.821-0800: 137.389: [DefNew: 314559K->314559K(314560K), 0.0000199 secs]2021-01-22T21:01:28.821-0800: 137.389: [Tenured: 623985K->380808K(699072K), 0.0474551 secs] 938545K->380808K(1013632K), [Metaspace: 2698K->2698K(1056768K)], 0.0475780 secs] [Times: user=0.04 sys=0.00, real=0.04 secs] 
2021-01-22T21:01:28.901-0800: 137.468: [GC (Allocation Failure) 2021-01-22T21:01:28.901-0800: 137.468: [DefNew: 279616K->34943K(314560K), 0.0118866 secs] 660424K->470205K(1013632K), 0.0119825 secs] [Times: user=0.02 sys=0.00, real=0.01 secs] 
2021-01-22T21:01:28.944-0800: 137.512: [GC (Allocation Failure) 2021-01-22T21:01:28.944-0800: 137.512: [DefNew: 314559K->34943K(314560K), 0.0143661 secs] 749821K->545605K(1013632K), 0.0144622 secs] [Times: user=0.01 sys=0.00, real=0.01 secs] 
2021-01-22T21:01:28.989-0800: 137.557: [GC (Allocation Failure) 2021-01-22T21:01:28.989-0800: 137.557: [DefNew: 314559K->34943K(314560K), 0.0143557 secs] 825221K->617142K(1013632K), 0.0144564 secs] [Times: user=0.02 sys=0.00, real=0.02 secs] 
2021-01-22T21:01:29.033-0800: 137.601: [GC (Allocation Failure) 2021-01-22T21:01:29.034-0800: 137.601: [DefNew: 314559K->34943K(314560K), 0.0151794 secs] 896758K->700351K(1013632K), 0.0152730 secs] [Times: user=0.01 sys=0.00, real=0.01 secs] 
2021-01-22T21:01:29.080-0800: 137.647: [GC (Allocation Failure) 2021-01-22T21:01:29.080-0800: 137.647: [DefNew: 314559K->314559K(314560K), 0.0000215 secs]2021-01-22T21:01:29.080-0800: 137.647: [Tenured: 665407K->376389K(699072K), 0.0526194 secs] 979967K->376389K(1013632K), [Metaspace: 2698K->2698K(1056768K)], 0.0527534 secs] [Times: user=0.05 sys=0.01, real=0.05 secs] 
2021-01-22T21:01:29.163-0800: 137.730: [GC (Allocation Failure) 2021-01-22T21:01:29.163-0800: 137.730: [DefNew: 279616K->34943K(314560K), 0.0108503 secs] 656005K->460879K(1013632K), 0.0109654 secs] [Times: user=0.01 sys=0.00, real=0.01 secs] 
2021-01-22T21:01:29.205-0800: 137.773: [GC (Allocation Failure) 2021-01-22T21:01:29.205-0800: 137.773: [DefNew: 314559K->34942K(314560K), 0.0157298 secs] 740495K->543765K(1013632K), 0.0158226 secs] [Times: user=0.01 sys=0.00, real=0.02 secs] 
2021-01-22T21:01:29.252-0800: 137.820: [GC (Allocation Failure) 2021-01-22T21:01:29.252-0800: 137.820: [DefNew: 314558K->34942K(314560K), 0.0149035 secs] 823381K->624809K(1013632K), 0.0149972 secs] [Times: user=0.02 sys=0.00, real=0.01 secs] 
2021-01-22T21:01:29.299-0800: 137.866: [GC (Allocation Failure) 2021-01-22T21:01:29.299-0800: 137.866: [DefNew: 314558K->314558K(314560K), 0.0000208 secs]2021-01-22T21:01:29.299-0800: 137.866: [Tenured: 589866K->404148K(699072K), 0.0459332 secs] 904425K->404148K(1013632K), [Metaspace: 2698K->2698K(1056768K)], 0.0460620 secs] [Times: user=0.04 sys=0.00, real=0.05 secs] 
2021-01-22T21:01:29.376-0800: 137.944: [GC (Allocation Failure) 2021-01-22T21:01:29.376-0800: 137.944: [DefNew: 279129K->34943K(314560K), 0.0113096 secs] 683278K->489381K(1013632K), 0.0114128 secs] [Times: user=0.01 sys=0.00, real=0.01 secs] 
2021-01-22T21:01:29.416-0800: 137.984: [GC (Allocation Failure) 2021-01-22T21:01:29.416-0800: 137.984: [DefNew: 314559K->34942K(314560K), 0.0149733 secs] 768997K->571498K(1013632K), 0.0150684 secs] [Times: user=0.02 sys=0.00, real=0.02 secs] 
2021-01-22T21:01:29.465-0800: 138.032: [GC (Allocation Failure) 2021-01-22T21:01:29.465-0800: 138.032: [DefNew: 314558K->34943K(314560K), 0.0141430 secs] 851114K->649680K(1013632K), 0.0142422 secs] [Times: user=0.01 sys=0.00, real=0.01 secs] 
2021-01-22T21:01:29.511-0800: 138.078: [GC (Allocation Failure) 2021-01-22T21:01:29.511-0800: 138.078: [DefNew: 314559K->314559K(314560K), 0.0000263 secs]2021-01-22T21:01:29.511-0800: 138.078: [Tenured: 614736K->413738K(699072K), 0.0481961 secs] 929296K->413738K(1013632K), [Metaspace: 2698K->2698K(1056768K)], 0.0483373 secs] [Times: user=0.04 sys=0.00, real=0.04 secs] 
2021-01-22T21:01:29.590-0800: 138.158: [GC (Allocation Failure) 2021-01-22T21:01:29.590-0800: 138.158: [DefNew: 279616K->34941K(314560K), 0.0121602 secs] 693354K->507678K(1013632K), 0.0122529 secs] [Times: user=0.02 sys=0.00, real=0.01 secs] 
2021-01-22T21:01:29.634-0800: 138.202: [GC (Allocation Failure) 2021-01-22T21:01:29.634-0800: 138.202: [DefNew: 314557K->34944K(314560K), 0.0142885 secs] 787294K->582441K(1013632K), 0.0143737 secs] [Times: user=0.01 sys=0.00, real=0.01 secs] 
2021-01-22T21:01:29.679-0800: 138.247: [GC (Allocation Failure) 2021-01-22T21:01:29.679-0800: 138.247: [DefNew: 314439K->34942K(314560K), 0.0149925 secs] 861937K->661816K(1013632K), 0.0150915 secs] [Times: user=0.02 sys=0.00, real=0.02 secs] 
2021-01-22T21:01:29.725-0800: 138.292: [GC (Allocation Failure) 2021-01-22T21:01:29.725-0800: 138.292: [DefNew: 314448K->314448K(314560K), 0.0000227 secs]2021-01-22T21:01:29.725-0800: 138.292: [Tenured: 626874K->407529K(699072K), 0.0506671 secs] 941322K->407529K(1013632K), [Metaspace: 2698K->2698K(1056768K)], 0.0508116 secs] [Times: user=0.05 sys=0.00, real=0.05 secs] 
2021-01-22T21:01:29.806-0800: 138.374: [GC (Allocation Failure) 2021-01-22T21:01:29.806-0800: 138.374: [DefNew: 279616K->34943K(314560K), 0.0108158 secs] 687145K->489901K(1013632K), 0.0109092 secs] [Times: user=0.01 sys=0.00, real=0.01 secs] 
2021-01-22T21:01:29.848-0800: 138.416: [GC (Allocation Failure) 2021-01-22T21:01:29.848-0800: 138.416: [DefNew: 314559K->34944K(314560K), 0.0157349 secs] 769517K->575444K(1013632K), 0.0158233 secs] [Times: user=0.01 sys=0.00, real=0.02 secs] 
2021-01-22T21:01:29.894-0800: 138.462: [GC (Allocation Failure) 2021-01-22T21:01:29.894-0800: 138.462: [DefNew: 314560K->34943K(314560K), 0.0141948 secs] 855060K->651193K(1013632K), 0.0142865 secs] [Times: user=0.02 sys=0.00, real=0.01 secs] 
2021-01-22T21:01:29.937-0800: 138.505: [GC (Allocation Failure) 2021-01-22T21:01:29.937-0800: 138.505: [DefNew: 314559K->314559K(314560K), 0.0000210 secs]2021-01-22T21:01:29.937-0800: 138.505: [Tenured: 616249K->389865K(699072K), 0.0509771 secs] 930809K->389865K(1013632K), [Metaspace: 2698K->2698K(1056768K)], 0.0511073 secs] [Times: user=0.05 sys=0.00, real=0.05 secs] 
2021-01-22T21:01:30.019-0800: 138.587: [GC (Allocation Failure) 2021-01-22T21:01:30.020-0800: 138.587: [DefNew: 279433K->34942K(314560K), 0.0118675 secs] 669299K->479050K(1013632K), 0.0119527 secs] [Times: user=0.01 sys=0.00, real=0.02 secs] 
2021-01-22T21:01:30.061-0800: 138.629: [GC (Allocation Failure) 2021-01-22T21:01:30.061-0800: 138.629: [DefNew: 314558K->34944K(314560K), 0.0146600 secs] 758666K->557775K(1013632K), 0.0147703 secs] [Times: user=0.01 sys=0.00, real=0.01 secs] 
2021-01-22T21:01:30.106-0800: 138.673: [GC (Allocation Failure) 2021-01-22T21:01:30.106-0800: 138.673: [DefNew: 314560K->34943K(314560K), 0.0145042 secs] 837391K->636481K(1013632K), 0.0145935 secs] [Times: user=0.02 sys=0.00, real=0.02 secs] 
2021-01-22T21:01:30.149-0800: 138.717: [GC (Allocation Failure) 2021-01-22T21:01:30.149-0800: 138.717: [DefNew: 314559K->314559K(314560K), 0.0000203 secs]2021-01-22T21:01:30.149-0800: 138.717: [Tenured: 601537K->424669K(699072K), 0.0486322 secs] 916097K->424669K(1013632K), [Metaspace: 2698K->2698K(1056768K)], 0.0487574 secs] [Times: user=0.04 sys=0.00, real=0.05 secs] 
2021-01-22T21:01:30.232-0800: 138.800: [GC (Allocation Failure) 2021-01-22T21:01:30.232-0800: 138.800: [DefNew: 279616K->34943K(314560K), 0.0099726 secs] 704285K->505153K(1013632K), 0.0100596 secs] [Times: user=0.01 sys=0.00, real=0.01 secs] 
2021-01-22T21:01:30.273-0800: 138.841: [GC (Allocation Failure) 2021-01-22T21:01:30.273-0800: 138.841: [DefNew: 314559K->34943K(314560K), 0.0145984 secs] 784769K->586114K(1013632K), 0.0146992 secs] [Times: user=0.01 sys=0.00, real=0.01 secs] 
2021-01-22T21:01:30.319-0800: 138.886: [GC (Allocation Failure) 2021-01-22T21:01:30.319-0800: 138.886: [DefNew: 314559K->34944K(314560K), 0.0159786 secs] 865730K->673587K(1013632K), 0.0160790 secs] [Times: user=0.02 sys=0.00, real=0.02 secs] 
2021-01-22T21:01:30.366-0800: 138.934: [GC (Allocation Failure) 2021-01-22T21:01:30.366-0800: 138.934: [DefNew: 314560K->314560K(314560K), 0.0000199 secs]2021-01-22T21:01:30.366-0800: 138.934: [Tenured: 638643K->411445K(699072K), 0.0496688 secs] 953203K->411445K(1013632K), [Metaspace: 2698K->2698K(1056768K)], 0.0497931 secs] [Times: user=0.05 sys=0.00, real=0.05 secs] 
2021-01-22T21:01:30.447-0800: 139.014: [GC (Allocation Failure) 2021-01-22T21:01:30.447-0800: 139.014: [DefNew: 279616K->34943K(314560K), 0.0103890 secs] 691061K->492674K(1013632K), 0.0104964 secs] [Times: user=0.01 sys=0.01, real=0.01 secs] 
2021-01-22T21:01:30.489-0800: 139.057: [GC (Allocation Failure) 2021-01-22T21:01:30.489-0800: 139.057: [DefNew: 314559K->34943K(314560K), 0.0148769 secs] 772290K->573610K(1013632K), 0.0149709 secs] [Times: user=0.02 sys=0.00, real=0.02 secs] 
2021-01-22T21:01:30.536-0800: 139.104: [GC (Allocation Failure) 2021-01-22T21:01:30.536-0800: 139.104: [DefNew: 314559K->34943K(314560K), 0.0149458 secs] 853226K->656547K(1013632K), 0.0150391 secs] [Times: user=0.01 sys=0.00, real=0.02 secs] 
2021-01-22T21:01:30.582-0800: 139.149: [GC (Allocation Failure) 2021-01-22T21:01:30.582-0800: 139.149: [DefNew: 314559K->314559K(314560K), 0.0000195 secs]2021-01-22T21:01:30.582-0800: 139.149: [Tenured: 621604K->410209K(699072K), 0.0494644 secs] 936163K->410209K(1013632K), [Metaspace: 2698K->2698K(1056768K)], 0.0495851 secs] [Times: user=0.05 sys=0.00, real=0.05 secs] 
2021-01-22T21:01:30.662-0800: 139.229: [GC (Allocation Failure) 2021-01-22T21:01:30.662-0800: 139.229: [DefNew: 279616K->34943K(314560K), 0.0113685 secs] 689825K->498987K(1013632K), 0.0114618 secs] [Times: user=0.01 sys=0.00, real=0.01 secs] 
2021-01-22T21:01:30.704-0800: 139.271: [GC (Allocation Failure) 2021-01-22T21:01:30.704-0800: 139.272: [DefNew: 314559K->34944K(314560K), 0.0140170 secs] 778603K->573665K(1013632K), 0.0141087 secs] [Times: user=0.02 sys=0.00, real=0.01 secs] 
2021-01-22T21:01:30.750-0800: 139.318: [GC (Allocation Failure) 2021-01-22T21:01:30.750-0800: 139.318: [DefNew: 314394K->34943K(314560K), 0.0146772 secs] 853115K->651228K(1013632K), 0.0147854 secs] [Times: user=0.01 sys=0.00, real=0.01 secs] 
2021-01-22T21:01:30.794-0800: 139.361: [GC (Allocation Failure) 2021-01-22T21:01:30.794-0800: 139.361: [DefNew: 314559K->314559K(314560K), 0.0000208 secs]2021-01-22T21:01:30.794-0800: 139.361: [Tenured: 616284K->368481K(699072K), 0.0480434 secs] 930844K->368481K(1013632K), [Metaspace: 2698K->2698K(1056768K)], 0.0481703 secs] [Times: user=0.05 sys=0.00, real=0.05 secs] 
2021-01-22T21:01:30.874-0800: 139.442: [GC (Allocation Failure) 2021-01-22T21:01:30.874-0800: 139.442: [DefNew: 279348K->34944K(314560K), 0.0106828 secs] 647830K->450361K(1013632K), 0.0107768 secs] [Times: user=0.01 sys=0.00, real=0.01 secs] 
2021-01-22T21:01:30.916-0800: 139.483: [GC (Allocation Failure) 2021-01-22T21:01:30.916-0800: 139.484: [DefNew: 314560K->34943K(314560K), 0.0141358 secs] 729977K->526075K(1013632K), 0.0142385 secs] [Times: user=0.02 sys=0.00, real=0.02 secs] 
2021-01-22T21:01:30.959-0800: 139.527: [GC (Allocation Failure) 2021-01-22T21:01:30.959-0800: 139.527: [DefNew: 314559K->34944K(314560K), 0.0158398 secs] 805691K->613383K(1013632K), 0.0159440 secs] [Times: user=0.02 sys=0.00, real=0.02 secs] 
2021-01-22T21:01:31.006-0800: 139.574: [GC (Allocation Failure) 2021-01-22T21:01:31.006-0800: 139.574: [DefNew: 314560K->34944K(314560K), 0.0147690 secs] 892999K->693253K(1013632K), 0.0148622 secs] [Times: user=0.02 sys=0.00, real=0.02 secs] 
2021-01-22T21:01:31.053-0800: 139.620: [GC (Allocation Failure) 2021-01-22T21:01:31.053-0800: 139.620: [DefNew: 314560K->314560K(314560K), 0.0000191 secs]2021-01-22T21:01:31.053-0800: 139.620: [Tenured: 658309K->406242K(699072K), 0.0467314 secs] 972869K->406242K(1013632K), [Metaspace: 2698K->2698K(1056768K)], 0.0468530 secs] [Times: user=0.04 sys=0.00, real=0.05 secs] 
2021-01-22T21:01:31.131-0800: 139.698: [GC (Allocation Failure) 2021-01-22T21:01:31.131-0800: 139.698: [DefNew: 279616K->34943K(314560K), 0.0118478 secs] 685858K->499903K(1013632K), 0.0119360 secs] [Times: user=0.02 sys=0.00, real=0.01 secs] 
2021-01-22T21:01:31.173-0800: 139.740: [GC (Allocation Failure) 2021-01-22T21:01:31.173-0800: 139.740: [DefNew: 314559K->34943K(314560K), 0.0145195 secs] 779519K->576734K(1013632K), 0.0146199 secs] [Times: user=0.01 sys=0.00, real=0.01 secs] 
2021-01-22T21:01:31.219-0800: 139.786: [GC (Allocation Failure) 2021-01-22T21:01:31.219-0800: 139.786: [DefNew: 314559K->34944K(314560K), 0.0132961 secs] 856350K->644788K(1013632K), 0.0133892 secs] [Times: user=0.01 sys=0.00, real=0.02 secs] 
2021-01-22T21:01:31.262-0800: 139.830: [GC (Allocation Failure) 2021-01-22T21:01:31.262-0800: 139.830: [DefNew: 314560K->314560K(314560K), 0.0000302 secs]2021-01-22T21:01:31.262-0800: 139.830: [Tenured: 609844K->414157K(699072K), 0.0492571 secs] 924404K->414157K(1013632K), [Metaspace: 2698K->2698K(1056768K)], 0.0494282 secs] [Times: user=0.05 sys=0.00, real=0.05 secs] 
2021-01-22T21:01:31.343-0800: 139.911: [GC (Allocation Failure) 2021-01-22T21:01:31.343-0800: 139.911: [DefNew: 279616K->34943K(314560K), 0.0121483 secs] 693773K->507090K(1013632K), 0.0122502 secs] [Times: user=0.02 sys=0.00, real=0.01 secs] 
2021-01-22T21:01:31.387-0800: 139.954: [GC (Allocation Failure) 2021-01-22T21:01:31.387-0800: 139.954: [DefNew: 314559K->34943K(314560K), 0.0138118 secs] 786706K->579231K(1013632K), 0.0139070 secs] [Times: user=0.01 sys=0.00, real=0.02 secs] 
2021-01-22T21:01:31.433-0800: 140.001: [GC (Allocation Failure) 2021-01-22T21:01:31.433-0800: 140.001: [DefNew: 314559K->34943K(314560K), 0.0137001 secs] 858847K->650455K(1013632K), 0.0137867 secs] [Times: user=0.02 sys=0.00, real=0.01 secs] 
2021-01-22T21:01:31.478-0800: 140.046: [GC (Allocation Failure) 2021-01-22T21:01:31.478-0800: 140.046: [DefNew: 314559K->314559K(314560K), 0.0000194 secs]2021-01-22T21:01:31.478-0800: 140.046: [Tenured: 615511K->401895K(699072K), 0.0480457 secs] 930071K->401895K(1013632K), [Metaspace: 2698K->2698K(1056768K)], 0.0481714 secs] [Times: user=0.04 sys=0.00, real=0.05 secs] 
2021-01-22T21:01:31.559-0800: 140.126: [GC (Allocation Failure) 2021-01-22T21:01:31.559-0800: 140.126: [DefNew: 279616K->34944K(314560K), 0.0117429 secs] 681511K->492390K(1013632K), 0.0118341 secs] [Times: user=0.01 sys=0.00, real=0.02 secs] 
2021-01-22T21:01:31.603-0800: 140.171: [GC (Allocation Failure) 2021-01-22T21:01:31.604-0800: 140.171: [DefNew: 314560K->34944K(314560K), 0.0160361 secs] 772006K->566862K(1013632K), 0.0161505 secs] [Times: user=0.02 sys=0.00, real=0.02 secs] 
2021-01-22T21:01:31.653-0800: 140.220: [GC (Allocation Failure) 2021-01-22T21:01:31.653-0800: 140.220: [DefNew: 314560K->34943K(314560K), 0.0146380 secs] 846478K->645816K(1013632K), 0.0147326 secs] [Times: user=0.01 sys=0.01, real=0.01 secs] 
2021-01-22T21:01:31.698-0800: 140.266: [GC (Allocation Failure) 2021-01-22T21:01:31.698-0800: 140.266: [DefNew: 314559K->314559K(314560K), 0.0000206 secs]2021-01-22T21:01:31.698-0800: 140.266: [Tenured: 610872K->369099K(699072K), 0.0488809 secs] 925432K->369099K(1013632K), [Metaspace: 2698K->2698K(1056768K)], 0.0490030 secs] [Times: user=0.05 sys=0.00, real=0.05 secs] 
2021-01-22T21:01:31.779-0800: 140.346: [GC (Allocation Failure) 2021-01-22T21:01:31.779-0800: 140.346: [DefNew: 279383K->34943K(314560K), 0.0115033 secs] 648483K->459096K(1013632K), 0.0116150 secs] [Times: user=0.01 sys=0.00, real=0.02 secs] 
2021-01-22T21:01:31.825-0800: 140.393: [GC (Allocation Failure) 2021-01-22T21:01:31.825-0800: 140.393: [DefNew: 314559K->34942K(314560K), 0.0149389 secs] 738712K->538803K(1013632K), 0.0150338 secs] [Times: user=0.01 sys=0.00, real=0.02 secs] 
2021-01-22T21:01:31.869-0800: 140.437: [GC (Allocation Failure) 2021-01-22T21:01:31.870-0800: 140.437: [DefNew: 314253K->34943K(314560K), 0.0138062 secs] 818114K->613356K(1013632K), 0.0139003 secs] [Times: user=0.01 sys=0.00, real=0.02 secs] 
2021-01-22T21:01:31.914-0800: 140.481: [GC (Allocation Failure) 2021-01-22T21:01:31.914-0800: 140.481: [DefNew: 314559K->34942K(314560K), 0.0143429 secs] 892972K->692407K(1013632K), 0.0144374 secs] [Times: user=0.02 sys=0.00, real=0.01 secs] 
2021-01-22T21:01:31.958-0800: 140.525: [GC (Allocation Failure) 2021-01-22T21:01:31.958-0800: 140.525: [DefNew: 314558K->314558K(314560K), 0.0000198 secs]2021-01-22T21:01:31.958-0800: 140.525: [Tenured: 657464K->402873K(699072K), 0.0470107 secs] 972023K->402873K(1013632K), [Metaspace: 2698K->2698K(1056768K)], 0.0471381 secs] [Times: user=0.04 sys=0.00, real=0.05 secs] 
2021-01-22T21:01:32.037-0800: 140.604: [GC (Allocation Failure) 2021-01-22T21:01:32.037-0800: 140.604: [DefNew: 279616K->34944K(314560K), 0.0132221 secs] 682489K->502702K(1013632K), 0.0133173 secs] [Times: user=0.01 sys=0.00, real=0.02 secs] 
2021-01-22T21:01:32.080-0800: 140.647: [GC (Allocation Failure) 2021-01-22T21:01:32.080-0800: 140.647: [DefNew: 314560K->34942K(314560K), 0.0150468 secs] 782318K->585788K(1013632K), 0.0152398 secs] [Times: user=0.01 sys=0.00, real=0.01 secs] 
2021-01-22T21:01:32.126-0800: 140.694: [GC (Allocation Failure) 2021-01-22T21:01:32.126-0800: 140.694: [DefNew: 314558K->34943K(314560K), 0.0139148 secs] 865404K->656966K(1013632K), 0.0140087 secs] [Times: user=0.02 sys=0.00, real=0.02 secs] 
2021-01-22T21:01:32.170-0800: 140.738: [GC (Allocation Failure) 2021-01-22T21:01:32.170-0800: 140.738: [DefNew: 314559K->314559K(314560K), 0.0000205 secs]2021-01-22T21:01:32.170-0800: 140.738: [Tenured: 622022K->423419K(699072K), 0.0494003 secs] 936582K->423419K(1013632K), [Metaspace: 2698K->2698K(1056768K)], 0.0495256 secs] [Times: user=0.05 sys=0.00, real=0.05 secs] 
2021-01-22T21:01:32.251-0800: 140.818: [GC (Allocation Failure) 2021-01-22T21:01:32.251-0800: 140.818: [DefNew: 279616K->34943K(314560K), 0.0124207 secs] 703035K->514101K(1013632K), 0.0125077 secs] [Times: user=0.01 sys=0.00, real=0.01 secs] 
2021-01-22T21:01:32.293-0800: 140.861: [GC (Allocation Failure) 2021-01-22T21:01:32.293-0800: 140.861: [DefNew: 314559K->34943K(314560K), 0.0140079 secs] 793717K->589273K(1013632K), 0.0141098 secs] [Times: user=0.01 sys=0.00, real=0.01 secs] 
2021-01-22T21:01:32.337-0800: 140.905: [GC (Allocation Failure) 2021-01-22T21:01:32.337-0800: 140.905: [DefNew: 314559K->34943K(314560K), 0.0148767 secs] 868889K->666781K(1013632K), 0.0149821 secs] [Times: user=0.02 sys=0.00, real=0.02 secs] 
2021-01-22T21:01:32.383-0800: 140.951: [GC (Allocation Failure) 2021-01-22T21:01:32.383-0800: 140.951: [DefNew: 314559K->314559K(314560K), 0.0000204 secs]2021-01-22T21:01:32.383-0800: 140.951: [Tenured: 631837K->415857K(699072K), 0.0493470 secs] 946397K->415857K(1013632K), [Metaspace: 2698K->2698K(1056768K)], 0.0494780 secs] [Times: user=0.05 sys=0.00, real=0.05 secs] 
2021-01-22T21:01:32.466-0800: 141.033: [GC (Allocation Failure) 2021-01-22T21:01:32.466-0800: 141.033: [DefNew: 279616K->34943K(314560K), 0.0130025 secs] 695473K->507289K(1013632K), 0.0130904 secs] [Times: user=0.01 sys=0.00, real=0.01 secs] 
2021-01-22T21:01:32.510-0800: 141.077: [GC (Allocation Failure) 2021-01-22T21:01:32.510-0800: 141.078: [DefNew: 314559K->34943K(314560K), 0.0151329 secs] 786905K->589166K(1013632K), 0.0152305 secs] [Times: user=0.02 sys=0.00, real=0.01 secs] 
2021-01-22T21:01:32.557-0800: 141.124: [GC (Allocation Failure) 2021-01-22T21:01:32.557-0800: 141.124: [DefNew: 314559K->34943K(314560K), 0.0158700 secs] 868782K->672672K(1013632K), 0.0159668 secs] [Times: user=0.01 sys=0.00, real=0.02 secs] 
2021-01-22T21:01:32.604-0800: 141.172: [GC (Allocation Failure) 2021-01-22T21:01:32.604-0800: 141.172: [DefNew: 314559K->314559K(314560K), 0.0000197 secs]2021-01-22T21:01:32.604-0800: 141.172: [Tenured: 637728K->372515K(699072K), 0.0485138 secs] 952288K->372515K(1013632K), [Metaspace: 2698K->2698K(1056768K)], 0.0486417 secs] [Times: user=0.05 sys=0.00, real=0.05 secs] 
2021-01-22T21:01:32.684-0800: 141.252: [GC (Allocation Failure) 2021-01-22T21:01:32.684-0800: 141.252: [DefNew: 279616K->34942K(314560K), 0.0112239 secs] 652131K->457240K(1013632K), 0.0113151 secs] [Times: user=0.01 sys=0.00, real=0.01 secs] 
2021-01-22T21:01:32.727-0800: 141.294: [GC (Allocation Failure) 2021-01-22T21:01:32.727-0800: 141.294: [DefNew: 314558K->34943K(314560K), 0.0138970 secs] 736856K->531081K(1013632K), 0.0139952 secs] [Times: user=0.01 sys=0.00, real=0.02 secs] 
2021-01-22T21:01:32.771-0800: 141.339: [GC (Allocation Failure) 2021-01-22T21:01:32.771-0800: 141.339: [DefNew: 314559K->34943K(314560K), 0.0149128 secs] 810697K->611308K(1013632K), 0.0150081 secs] [Times: user=0.01 sys=0.00, real=0.01 secs] 
2021-01-22T21:01:32.819-0800: 141.387: [GC (Allocation Failure) 2021-01-22T21:01:32.819-0800: 141.387: [DefNew: 314559K->34943K(314560K), 0.0143946 secs] 890924K->688544K(1013632K), 0.0144862 secs] [Times: user=0.01 sys=0.00, real=0.02 secs] 
2021-01-22T21:01:32.864-0800: 141.432: [GC (Allocation Failure) 2021-01-22T21:01:32.864-0800: 141.432: [DefNew: 314559K->314559K(314560K), 0.0000198 secs]2021-01-22T21:01:32.864-0800: 141.432: [Tenured: 653600K->411426K(699072K), 0.0481656 secs] 968160K->411426K(1013632K), [Metaspace: 2698K->2698K(1056768K)], 0.0483033 secs] [Times: user=0.05 sys=0.00, real=0.05 secs] 
2021-01-22T21:01:32.943-0800: 141.511: [GC (Allocation Failure) 2021-01-22T21:01:32.943-0800: 141.511: [DefNew: 279616K->34944K(314560K), 0.0119196 secs] 691042K->502684K(1013632K), 0.0120123 secs] [Times: user=0.01 sys=0.00, real=0.01 secs] 
2021-01-22T21:01:32.985-0800: 141.553: [GC (Allocation Failure) 2021-01-22T21:01:32.985-0800: 141.553: [DefNew: 314560K->34944K(314560K), 0.0147756 secs] 782300K->578636K(1013632K), 0.0148699 secs] [Times: user=0.02 sys=0.00, real=0.02 secs] 
2021-01-22T21:01:33.032-0800: 141.599: [GC (Allocation Failure) 2021-01-22T21:01:33.032-0800: 141.599: [DefNew: 314560K->34942K(314560K), 0.0143820 secs] 858252K->659019K(1013632K), 0.0144690 secs] [Times: user=0.01 sys=0.00, real=0.01 secs] 
2021-01-22T21:01:33.078-0800: 141.645: [GC (Allocation Failure) 2021-01-22T21:01:33.078-0800: 141.645: [DefNew: 314558K->314558K(314560K), 0.0000205 secs]2021-01-22T21:01:33.078-0800: 141.645: [Tenured: 624077K->413860K(699072K), 0.0494443 secs] 938635K->413860K(1013632K), [Metaspace: 2698K->2698K(1056768K)], 0.0495757 secs] [Times: user=0.05 sys=0.00, real=0.05 secs] 
2021-01-22T21:01:33.157-0800: 141.725: [GC (Allocation Failure) 2021-01-22T21:01:33.157-0800: 141.725: [DefNew: 279616K->34942K(314560K), 0.0108762 secs] 693476K->496046K(1013632K), 0.0109724 secs] [Times: user=0.01 sys=0.00, real=0.01 secs] 
2021-01-22T21:01:33.200-0800: 141.767: [GC (Allocation Failure) 2021-01-22T21:01:33.200-0800: 141.767: [DefNew: 314558K->34943K(314560K), 0.0147014 secs] 775662K->570713K(1013632K), 0.0147893 secs] [Times: user=0.02 sys=0.00, real=0.01 secs] 
2021-01-22T21:01:33.246-0800: 141.813: [GC (Allocation Failure) 2021-01-22T21:01:33.246-0800: 141.813: [DefNew: 314559K->34944K(314560K), 0.0151327 secs] 850329K->654215K(1013632K), 0.0152368 secs] [Times: user=0.01 sys=0.00, real=0.02 secs] 
2021-01-22T21:01:33.293-0800: 141.861: [GC (Allocation Failure) 2021-01-22T21:01:33.293-0800: 141.861: [DefNew: 314484K->314484K(314560K), 0.0000207 secs]2021-01-22T21:01:33.293-0800: 141.861: [Tenured: 619271K->405016K(699072K), 0.0483981 secs] 933755K->405016K(1013632K), [Metaspace: 2698K->2698K(1056768K)], 0.0485257 secs] [Times: user=0.05 sys=0.00, real=0.05 secs] 
2021-01-22T21:01:33.373-0800: 141.941: [GC (Allocation Failure) 2021-01-22T21:01:33.373-0800: 141.941: [DefNew: 279616K->34943K(314560K), 0.0106800 secs] 684632K->485062K(1013632K), 0.0107898 secs] [Times: user=0.01 sys=0.00, real=0.01 secs] 
2021-01-22T21:01:33.415-0800: 141.983: [GC (Allocation Failure) 2021-01-22T21:01:33.415-0800: 141.983: [DefNew: 314559K->34944K(314560K), 0.0151949 secs] 764678K->565090K(1013632K), 0.0152821 secs] [Times: user=0.02 sys=0.00, real=0.02 secs] 
2021-01-22T21:01:33.461-0800: 142.029: [GC (Allocation Failure) 2021-01-22T21:01:33.461-0800: 142.029: [DefNew: 314560K->34943K(314560K), 0.0146334 secs] 844706K->644414K(1013632K), 0.0147418 secs] [Times: user=0.01 sys=0.00, real=0.01 secs] 
2021-01-22T21:01:33.507-0800: 142.074: [GC (Allocation Failure) 2021-01-22T21:01:33.507-0800: 142.074: [DefNew: 314559K->314559K(314560K), 0.0000196 secs]2021-01-22T21:01:33.507-0800: 142.074: [Tenured: 609471K->374113K(699072K), 0.0490582 secs] 924030K->374113K(1013632K), [Metaspace: 2698K->2698K(1056768K)], 0.0491877 secs] [Times: user=0.05 sys=0.00, real=0.05 secs] 
2021-01-22T21:01:33.586-0800: 142.154: [GC (Allocation Failure) 2021-01-22T21:01:33.587-0800: 142.154: [DefNew: 279616K->34943K(314560K), 0.0125002 secs] 653729K->466013K(1013632K), 0.0125928 secs] [Times: user=0.02 sys=0.00, real=0.01 secs] 
2021-01-22T21:01:33.629-0800: 142.196: [GC (Allocation Failure) 2021-01-22T21:01:33.629-0800: 142.196: [DefNew: 314559K->34943K(314560K), 0.0143473 secs] 745629K->539440K(1013632K), 0.0144398 secs] [Times: user=0.01 sys=0.00, real=0.02 secs] 
2021-01-22T21:01:33.675-0800: 142.243: [GC (Allocation Failure) 2021-01-22T21:01:33.675-0800: 142.243: [DefNew: 314559K->34943K(314560K), 0.0140510 secs] 819056K->611791K(1013632K), 0.0141441 secs] [Times: user=0.01 sys=0.00, real=0.01 secs] 
2021-01-22T21:01:33.719-0800: 142.287: [GC (Allocation Failure) 2021-01-22T21:01:33.719-0800: 142.287: [DefNew: 314559K->34943K(314560K), 0.0156580 secs] 891407K->697495K(1013632K), 0.0157522 secs] [Times: user=0.02 sys=0.00, real=0.02 secs] 
2021-01-22T21:01:33.766-0800: 142.333: [GC (Allocation Failure) 2021-01-22T21:01:33.766-0800: 142.333: [DefNew: 314559K->314559K(314560K), 0.0000203 secs]2021-01-22T21:01:33.766-0800: 142.333: [Tenured: 662551K->426331K(699072K), 0.0500259 secs] 977111K->426331K(1013632K), [Metaspace: 2698K->2698K(1056768K)], 0.0501491 secs] [Times: user=0.05 sys=0.00, real=0.05 secs] 
2021-01-22T21:01:33.847-0800: 142.415: [GC (Allocation Failure) 2021-01-22T21:01:33.847-0800: 142.415: [DefNew: 279616K->34944K(314560K), 0.0125472 secs] 705947K->521271K(1013632K), 0.0126412 secs] [Times: user=0.01 sys=0.00, real=0.02 secs] 
2021-01-22T21:01:33.891-0800: 142.459: [GC (Allocation Failure) 2021-01-22T21:01:33.891-0800: 142.459: [DefNew: 314560K->34943K(314560K), 0.0147938 secs] 800887K->601149K(1013632K), 0.0148877 secs] [Times: user=0.02 sys=0.00, real=0.01 secs] 
2021-01-22T21:01:33.936-0800: 142.504: [GC (Allocation Failure) 2021-01-22T21:01:33.936-0800: 142.504: [DefNew: 314559K->34943K(314560K), 0.0154368 secs] 880765K->684782K(1013632K), 0.0155338 secs] [Times: user=0.01 sys=0.00, real=0.02 secs] 
2021-01-22T21:01:33.983-0800: 142.551: [GC (Allocation Failure) 2021-01-22T21:01:33.983-0800: 142.551: [DefNew: 314559K->314559K(314560K), 0.0000206 secs]2021-01-22T21:01:33.983-0800: 142.551: [Tenured: 649838K->420596K(699072K), 0.0493788 secs] 964398K->420596K(1013632K), [Metaspace: 2698K->2698K(1056768K)], 0.0495049 secs] [Times: user=0.05 sys=0.00, real=0.05 secs] 
2021-01-22T21:01:34.066-0800: 142.633: [GC (Allocation Failure) 2021-01-22T21:01:34.066-0800: 142.633: [DefNew: 279616K->34941K(314560K), 0.0113697 secs] 700212K->507069K(1013632K), 0.0114594 secs] [Times: user=0.01 sys=0.00, real=0.01 secs] 
2021-01-22T21:01:34.109-0800: 142.677: [GC (Allocation Failure) 2021-01-22T21:01:34.109-0800: 142.677: [DefNew: 314557K->34943K(314560K), 0.0157146 secs] 786685K->589798K(1013632K), 0.0158130 secs] [Times: user=0.01 sys=0.00, real=0.02 secs] 
2021-01-22T21:01:34.155-0800: 142.723: [GC (Allocation Failure) 2021-01-22T21:01:34.155-0800: 142.723: [DefNew: 314556K->34943K(314560K), 0.0143902 secs] 869411K->665838K(1013632K), 0.0145061 secs] [Times: user=0.02 sys=0.00, real=0.02 secs] 
2021-01-22T21:01:34.202-0800: 142.770: [GC (Allocation Failure) 2021-01-22T21:01:34.202-0800: 142.770: [DefNew: 314559K->314559K(314560K), 0.0000197 secs]2021-01-22T21:01:34.202-0800: 142.770: [Tenured: 630894K->403435K(699072K), 0.0492766 secs] 945454K->403435K(1013632K), [Metaspace: 2698K->2698K(1056768K)], 0.0494002 secs] [Times: user=0.05 sys=0.01, real=0.05 secs] 
2021-01-22T21:01:34.284-0800: 142.851: [GC (Allocation Failure) 2021-01-22T21:01:34.284-0800: 142.851: [DefNew: 279616K->34943K(314560K), 0.0117109 secs] 683051K->492019K(1013632K), 0.0118300 secs] [Times: user=0.01 sys=0.00, real=0.01 secs] 
2021-01-22T21:01:34.327-0800: 142.895: [GC (Allocation Failure) 2021-01-22T21:01:34.327-0800: 142.895: [DefNew: 314559K->34943K(314560K), 0.0140722 secs] 771635K->564504K(1013632K), 0.0141683 secs] [Times: user=0.02 sys=0.00, real=0.02 secs] 
2021-01-22T21:01:34.371-0800: 142.939: [GC (Allocation Failure) 2021-01-22T21:01:34.372-0800: 142.939: [DefNew: 314559K->34944K(314560K), 0.0143587 secs] 844120K->640413K(1013632K), 0.0144560 secs] [Times: user=0.01 sys=0.00, real=0.01 secs] 
2021-01-22T21:01:34.416-0800: 142.984: [GC (Allocation Failure) 2021-01-22T21:01:34.416-0800: 142.984: [DefNew: 314560K->314560K(314560K), 0.0000203 secs]2021-01-22T21:01:34.416-0800: 142.984: [Tenured: 605469K->373706K(699072K), 0.0486158 secs] 920029K->373706K(1013632K), [Metaspace: 2698K->2698K(1056768K)], 0.0487430 secs] [Times: user=0.05 sys=0.00, real=0.05 secs] 
2021-01-22T21:01:34.497-0800: 143.065: [GC (Allocation Failure) 2021-01-22T21:01:34.497-0800: 143.065: [DefNew: 279340K->34942K(314560K), 0.0111367 secs] 653046K->459078K(1013632K), 0.0112282 secs] [Times: user=0.01 sys=0.00, real=0.01 secs] 
2021-01-22T21:01:34.538-0800: 143.106: [GC (Allocation Failure) 2021-01-22T21:01:34.538-0800: 143.106: [DefNew: 314558K->34943K(314560K), 0.0146905 secs] 738694K->538430K(1013632K), 0.0147843 secs] [Times: user=0.02 sys=0.00, real=0.02 secs] 
2021-01-22T21:01:34.585-0800: 143.152: [GC (Allocation Failure) 2021-01-22T21:01:34.585-0800: 143.152: [DefNew: 314559K->34943K(314560K), 0.0154379 secs] 818046K->619281K(1013632K), 0.0155295 secs] [Times: user=0.01 sys=0.00, real=0.02 secs] 
2021-01-22T21:01:34.634-0800: 143.202: [GC (Allocation Failure) 2021-01-22T21:01:34.634-0800: 143.202: [DefNew: 314559K->34943K(314560K), 0.0140350 secs] 898897K->693684K(1013632K), 0.0141306 secs] [Times: user=0.01 sys=0.00, real=0.01 secs] 
2021-01-22T21:01:34.679-0800: 143.247: [GC (Allocation Failure) 2021-01-22T21:01:34.680-0800: 143.247: [DefNew: 314559K->314559K(314560K), 0.0000193 secs]2021-01-22T21:01:34.680-0800: 143.247: [Tenured: 658740K->421286K(699072K), 0.0487214 secs] 973300K->421286K(1013632K), [Metaspace: 2698K->2698K(1056768K)], 0.0488497 secs] [Times: user=0.05 sys=0.00, real=0.05 secs] 
2021-01-22T21:01:34.760-0800: 143.328: [GC (Allocation Failure) 2021-01-22T21:01:34.760-0800: 143.328: [DefNew: 279616K->34944K(314560K), 0.0107326 secs] 700902K->502258K(1013632K), 0.0108254 secs] [Times: user=0.01 sys=0.00, real=0.01 secs] 
2021-01-22T21:01:34.802-0800: 143.369: [GC (Allocation Failure) 2021-01-22T21:01:34.802-0800: 143.369: [DefNew: 314560K->34944K(314560K), 0.0152985 secs] 781874K->584518K(1013632K), 0.0153881 secs] [Times: user=0.02 sys=0.00, real=0.01 secs] 
2021-01-22T21:01:34.849-0800: 143.417: [GC (Allocation Failure) 2021-01-22T21:01:34.849-0800: 143.417: [DefNew: 314560K->34943K(314560K), 0.0139650 secs] 864134K->661486K(1013632K), 0.0140566 secs] [Times: user=0.01 sys=0.00, real=0.02 secs] 
2021-01-22T21:01:34.894-0800: 143.462: [GC (Allocation Failure) 2021-01-22T21:01:34.894-0800: 143.462: [DefNew: 314559K->314559K(314560K), 0.0000198 secs]2021-01-22T21:01:34.894-0800: 143.462: [Tenured: 626542K->408741K(699072K), 0.0486089 secs] 941102K->408741K(1013632K), [Metaspace: 2698K->2698K(1056768K)], 0.0487355 secs] [Times: user=0.05 sys=0.00, real=0.05 secs] 
2021-01-22T21:01:34.975-0800: 143.542: [GC (Allocation Failure) 2021-01-22T21:01:34.975-0800: 143.542: [DefNew: 279616K->34943K(314560K), 0.0113089 secs] 688357K->492737K(1013632K), 0.0114087 secs] [Times: user=0.01 sys=0.00, real=0.01 secs] 
2021-01-22T21:01:35.016-0800: 143.584: [GC (Allocation Failure) 2021-01-22T21:01:35.016-0800: 143.584: [DefNew: 314559K->34943K(314560K), 0.0145994 secs] 772353K->564453K(1013632K), 0.0146857 secs] [Times: user=0.02 sys=0.00, real=0.02 secs] 
2021-01-22T21:01:35.062-0800: 143.629: [GC (Allocation Failure) 2021-01-22T21:01:35.062-0800: 143.629: [DefNew: 314559K->34943K(314560K), 0.0140883 secs] 844069K->638552K(1013632K), 0.0141806 secs] [Times: user=0.01 sys=0.00, real=0.01 secs] 
2021-01-22T21:01:35.106-0800: 143.674: [GC (Allocation Failure) 2021-01-22T21:01:35.106-0800: 143.674: [DefNew: 314559K->314559K(314560K), 0.0000200 secs]2021-01-22T21:01:35.106-0800: 143.674: [Tenured: 603608K->410375K(699072K), 0.0491241 secs] 918168K->410375K(1013632K), [Metaspace: 2698K->2698K(1056768K)], 0.0492655 secs] [Times: user=0.05 sys=0.00, real=0.05 secs] 
2021-01-22T21:01:35.188-0800: 143.756: [GC (Allocation Failure) 2021-01-22T21:01:35.188-0800: 143.756: [DefNew: 279616K->34942K(314560K), 0.0112551 secs] 689991K->494426K(1013632K), 0.0113471 secs] [Times: user=0.01 sys=0.00, real=0.01 secs] 
2021-01-22T21:01:35.230-0800: 143.798: [GC (Allocation Failure) 2021-01-22T21:01:35.230-0800: 143.798: [DefNew: 314558K->34944K(314560K), 0.0146458 secs] 774042K->571826K(1013632K), 0.0148118 secs] [Times: user=0.02 sys=0.00, real=0.01 secs] 
2021-01-22T21:01:35.276-0800: 143.844: [GC (Allocation Failure) 2021-01-22T21:01:35.276-0800: 143.844: [DefNew: 314467K->34943K(314560K), 0.0156270 secs] 851350K->658860K(1013632K), 0.0157197 secs] [Times: user=0.01 sys=0.00, real=0.02 secs] 
2021-01-22T21:01:35.323-0800: 143.891: [GC (Allocation Failure) 2021-01-22T21:01:35.323-0800: 143.891: [DefNew: 314559K->314559K(314560K), 0.0000253 secs]2021-01-22T21:01:35.323-0800: 143.891: [Tenured: 623916K->387664K(699072K), 0.0502677 secs] 938476K->387664K(1013632K), [Metaspace: 2698K->2698K(1056768K)], 0.0504110 secs] [Times: user=0.04 sys=0.00, real=0.05 secs] 
2021-01-22T21:01:35.406-0800: 143.973: [GC (Allocation Failure) 2021-01-22T21:01:35.406-0800: 143.973: [DefNew: 279616K->34944K(314560K), 0.0112302 secs] 667280K->474383K(1013632K), 0.0113299 secs] [Times: user=0.01 sys=0.00, real=0.01 secs] 
2021-01-22T21:01:35.451-0800: 144.019: [GC (Allocation Failure) 2021-01-22T21:01:35.451-0800: 144.019: [DefNew: 314560K->34944K(314560K), 0.0167288 secs] 753999K->553118K(1013632K), 0.0168273 secs] [Times: user=0.01 sys=0.00, real=0.01 secs] 
2021-01-22T21:01:35.504-0800: 144.072: [GC (Allocation Failure) 2021-01-22T21:01:35.505-0800: 144.072: [DefNew: 314560K->34943K(314560K), 0.0163980 secs] 832734K->627798K(1013632K), 0.0165010 secs] [Times: user=0.01 sys=0.00, real=0.02 secs] 
2021-01-22T21:01:35.557-0800: 144.124: [GC (Allocation Failure) 2021-01-22T21:01:35.557-0800: 144.125: [DefNew: 314559K->34943K(314560K), 0.0170888 secs] 907414K->710086K(1013632K), 0.0176815 secs] [Times: user=0.02 sys=0.00, real=0.02 secs] 
2021-01-22T21:01:35.609-0800: 144.177: [GC (Allocation Failure) 2021-01-22T21:01:35.609-0800: 144.177: [DefNew: 314559K->314559K(314560K), 0.0000218 secs]2021-01-22T21:01:35.609-0800: 144.177: [Tenured: 675143K->405234K(699072K), 0.0476714 secs] 989702K->405234K(1013632K), [Metaspace: 2698K->2698K(1056768K)], 0.0478080 secs] [Times: user=0.05 sys=0.00, real=0.05 secs] 
2021-01-22T21:01:35.689-0800: 144.257: [GC (Allocation Failure) 2021-01-22T21:01:35.689-0800: 144.257: [DefNew: 279616K->34943K(314560K), 0.0113497 secs] 684850K->491319K(1013632K), 0.0114571 secs] [Times: user=0.01 sys=0.00, real=0.02 secs] 
2021-01-22T21:01:35.733-0800: 144.301: [GC (Allocation Failure) 2021-01-22T21:01:35.733-0800: 144.301: [DefNew: 314559K->34943K(314560K), 0.0143738 secs] 770935K->565868K(1013632K), 0.0144633 secs] [Times: user=0.02 sys=0.00, real=0.01 secs] 
2021-01-22T21:01:35.777-0800: 144.345: [GC (Allocation Failure) 2021-01-22T21:01:35.777-0800: 144.345: [DefNew: 314559K->34943K(314560K), 0.0155906 secs] 845484K->648286K(1013632K), 0.0157266 secs] [Times: user=0.01 sys=0.00, real=0.02 secs] 
2021-01-22T21:01:35.824-0800: 144.391: [GC (Allocation Failure) 2021-01-22T21:01:35.824-0800: 144.391: [DefNew: 314559K->314559K(314560K), 0.0000243 secs]2021-01-22T21:01:35.824-0800: 144.391: [Tenured: 613342K->401053K(699072K), 0.0492651 secs] 927902K->401053K(1013632K), [Metaspace: 2698K->2698K(1056768K)], 0.0494945 secs] [Times: user=0.05 sys=0.00, real=0.05 secs] 
2021-01-22T21:01:35.907-0800: 144.475: [GC (Allocation Failure) 2021-01-22T21:01:35.907-0800: 144.475: [DefNew: 279568K->34943K(314560K), 0.0126708 secs] 680622K->481002K(1013632K), 0.0127647 secs] [Times: user=0.01 sys=0.00, real=0.02 secs] 
2021-01-22T21:01:35.952-0800: 144.519: [GC (Allocation Failure) 2021-01-22T21:01:35.952-0800: 144.520: [DefNew: 314559K->34943K(314560K), 0.0159868 secs] 760618K->565330K(1013632K), 0.0160790 secs] [Times: user=0.02 sys=0.00, real=0.01 secs] 
2021-01-22T21:01:36.000-0800: 144.567: [GC (Allocation Failure) 2021-01-22T21:01:36.000-0800: 144.567: [DefNew: 314559K->34943K(314560K), 0.0155216 secs] 844946K->638864K(1013632K), 0.0156219 secs] [Times: user=0.01 sys=0.00, real=0.01 secs] 
2021-01-22T21:01:36.050-0800: 144.617: [GC (Allocation Failure) 2021-01-22T21:01:36.050-0800: 144.617: [DefNew: 314559K->314559K(314560K), 0.0000219 secs]2021-01-22T21:01:36.050-0800: 144.618: [Tenured: 603920K->390904K(699072K), 0.0498973 secs] 918480K->390904K(1013632K), [Metaspace: 2698K->2698K(1056768K)], 0.0500259 secs] [Times: user=0.05 sys=0.00, real=0.05 secs] 
2021-01-22T21:01:36.132-0800: 144.700: [GC (Allocation Failure) 2021-01-22T21:01:36.132-0800: 144.700: [DefNew: 279616K->34944K(314560K), 0.0120203 secs] 670520K->484133K(1013632K), 0.0121111 secs] [Times: user=0.02 sys=0.00, real=0.01 secs] 
2021-01-22T21:01:36.174-0800: 144.741: [GC (Allocation Failure) 2021-01-22T21:01:36.174-0800: 144.741: [DefNew: 314560K->34943K(314560K), 0.0154076 secs] 763749K->566445K(1013632K), 0.0155072 secs] [Times: user=0.02 sys=0.00, real=0.01 secs] 
2021-01-22T21:01:36.221-0800: 144.789: [GC (Allocation Failure) 2021-01-22T21:01:36.221-0800: 144.789: [DefNew: 314559K->34943K(314560K), 0.0155548 secs] 846061K->646840K(1013632K), 0.0157095 secs] [Times: user=0.02 sys=0.00, real=0.01 secs] 
2021-01-22T21:01:36.269-0800: 144.836: [GC (Allocation Failure) 2021-01-22T21:01:36.269-0800: 144.836: [DefNew: 314559K->314559K(314560K), 0.0000224 secs]2021-01-22T21:01:36.269-0800: 144.836: [Tenured: 611896K->385448K(699072K), 0.0894253 secs] 926456K->385448K(1013632K), [Metaspace: 2698K->2698K(1056768K)], 0.0896068 secs] [Times: user=0.06 sys=0.00, real=0.09 secs] 
2021-01-22T21:01:36.412-0800: 144.979: [GC (Allocation Failure) 2021-01-22T21:01:36.412-0800: 144.979: [DefNew: 279616K->34944K(314560K), 0.0148141 secs] 665064K->473932K(1013632K), 0.0149193 secs] [Times: user=0.01 sys=0.00, real=0.01 secs] 
2021-01-22T21:01:36.488-0800: 145.055: [GC (Allocation Failure) 2021-01-22T21:01:36.488-0800: 145.055: [DefNew: 314560K->34943K(314560K), 0.0189472 secs] 753548K->556273K(1013632K), 0.0190606 secs] [Times: user=0.01 sys=0.00, real=0.02 secs] 
2021-01-22T21:01:36.540-0800: 145.108: [GC (Allocation Failure) 2021-01-22T21:01:36.540-0800: 145.108: [DefNew: 314559K->34943K(314560K), 0.0139742 secs] 835889K->624779K(1013632K), 0.0140818 secs] [Times: user=0.02 sys=0.00, real=0.01 secs] 
2021-01-22T21:01:36.591-0800: 145.159: [GC (Allocation Failure) 2021-01-22T21:01:36.591-0800: 145.159: [DefNew: 314559K->34943K(314560K), 0.0154803 secs] 904395K->697619K(1013632K), 0.0156253 secs] [Times: user=0.02 sys=0.00, real=0.01 secs] 
2021-01-22T21:01:36.644-0800: 145.212: [GC (Allocation Failure) 2021-01-22T21:01:36.644-0800: 145.212: [DefNew: 314559K->314559K(314560K), 0.0000222 secs]2021-01-22T21:01:36.644-0800: 145.212: [Tenured: 662675K->412884K(699072K), 0.0479943 secs] 977235K->412884K(1013632K), [Metaspace: 2698K->2698K(1056768K)], 0.0481302 secs] [Times: user=0.05 sys=0.00, real=0.05 secs] 
2021-01-22T21:01:36.724-0800: 145.291: [GC (Allocation Failure) 2021-01-22T21:01:36.724-0800: 145.291: [DefNew: 279616K->34943K(314560K), 0.0125144 secs] 692500K->504658K(1013632K), 0.0126132 secs] [Times: user=0.01 sys=0.00, real=0.01 secs] 
2021-01-22T21:01:36.768-0800: 145.336: [GC (Allocation Failure) 2021-01-22T21:01:36.768-0800: 145.336: [DefNew: 314412K->34943K(314560K), 0.0136948 secs] 784126K->573949K(1013632K), 0.0137860 secs] [Times: user=0.01 sys=0.00, real=0.02 secs] 
2021-01-22T21:01:36.820-0800: 145.387: [GC (Allocation Failure) 2021-01-22T21:01:36.820-0800: 145.387: [DefNew: 314559K->34943K(314560K), 0.0153453 secs] 853565K->653842K(1013632K), 0.0154385 secs] [Times: user=0.01 sys=0.00, real=0.01 secs] 
2021-01-22T21:01:36.870-0800: 145.438: [GC (Allocation Failure) 2021-01-22T21:01:36.871-0800: 145.438: [DefNew: 314559K->314559K(314560K), 0.0001629 secs]2021-01-22T21:01:36.871-0800: 145.438: [Tenured: 618898K->395192K(699072K), 0.0506680 secs] 933458K->395192K(1013632K), [Metaspace: 2698K->2698K(1056768K)], 0.0512598 secs] [Times: user=0.05 sys=0.00, real=0.05 secs] 
2021-01-22T21:01:36.954-0800: 145.521: [GC (Allocation Failure) 2021-01-22T21:01:36.954-0800: 145.521: [DefNew: 279490K->34943K(314560K), 0.0116600 secs] 674683K->483793K(1013632K), 0.0117568 secs] [Times: user=0.01 sys=0.00, real=0.01 secs] 
2021-01-22T21:01:36.996-0800: 145.564: [GC (Allocation Failure) 2021-01-22T21:01:36.997-0800: 145.564: [DefNew: 314559K->34943K(314560K), 0.0151294 secs] 763409K->565258K(1013632K), 0.0152249 secs] [Times: user=0.01 sys=0.00, real=0.02 secs] 
2021-01-22T21:01:37.043-0800: 145.610: [GC (Allocation Failure) 2021-01-22T21:01:37.043-0800: 145.610: [DefNew: 314559K->34943K(314560K), 0.0148541 secs] 844874K->643320K(1013632K), 0.0149604 secs] [Times: user=0.02 sys=0.00, real=0.01 secs] 
2021-01-22T21:01:37.089-0800: 145.656: [GC (Allocation Failure) 2021-01-22T21:01:37.089-0800: 145.656: [DefNew: 314559K->314559K(314560K), 0.0000217 secs]2021-01-22T21:01:37.089-0800: 145.656: [Tenured: 608377K->409323K(699072K), 0.0502866 secs] 922936K->409323K(1013632K), [Metaspace: 2698K->2698K(1056768K)], 0.0504215 secs] [Times: user=0.05 sys=0.00, real=0.05 secs] 
2021-01-22T21:01:37.191-0800: 145.758: [GC (Allocation Failure) 2021-01-22T21:01:37.191-0800: 145.758: [DefNew: 279616K->34944K(314560K), 0.0172961 secs] 688939K->496357K(1013632K), 0.0175247 secs] [Times: user=0.02 sys=0.00, real=0.01 secs] 
2021-01-22T21:01:37.267-0800: 145.835: [GC (Allocation Failure) 2021-01-22T21:01:37.267-0800: 145.835: [DefNew: 314560K->34943K(314560K), 0.0410746 secs] 775973K->573917K(1013632K), 0.0413873 secs] [Times: user=0.02 sys=0.00, real=0.04 secs] 
2021-01-22T21:01:37.359-0800: 145.927: [GC (Allocation Failure) 2021-01-22T21:01:37.359-0800: 145.927: [DefNew: 314559K->34943K(314560K), 0.0155994 secs] 853533K->659533K(1013632K), 0.0156975 secs] [Times: user=0.01 sys=0.00, real=0.02 secs] 
2021-01-22T21:01:37.405-0800: 145.972: [GC (Allocation Failure) 2021-01-22T21:01:37.405-0800: 145.972: [DefNew: 314559K->314559K(314560K), 0.0000212 secs]2021-01-22T21:01:37.405-0800: 145.972: [Tenured: 624589K->385735K(699072K), 0.0511114 secs] 939149K->385735K(1013632K), [Metaspace: 2698K->2698K(1056768K)], 0.0512446 secs] [Times: user=0.05 sys=0.00, real=0.05 secs] 
2021-01-22T21:01:37.488-0800: 146.055: [GC (Allocation Failure) 2021-01-22T21:01:37.488-0800: 146.055: [DefNew: 279616K->34943K(314560K), 0.0130315 secs] 665351K->483090K(1013632K), 0.0131308 secs] [Times: user=0.01 sys=0.00, real=0.02 secs] 
2021-01-22T21:01:37.530-0800: 146.098: [GC (Allocation Failure) 2021-01-22T21:01:37.530-0800: 146.098: [DefNew: 314448K->34944K(314560K), 0.0163406 secs] 762594K->563631K(1013632K), 0.0164493 secs] [Times: user=0.02 sys=0.00, real=0.01 secs] 
2021-01-22T21:01:37.578-0800: 146.145: [GC (Allocation Failure) 2021-01-22T21:01:37.578-0800: 146.145: [DefNew: 314560K->34941K(314560K), 0.0146573 secs] 843247K->638760K(1013632K), 0.0147545 secs] [Times: user=0.01 sys=0.00, real=0.02 secs] 
2021-01-22T21:01:37.626-0800: 146.194: [GC (Allocation Failure) 2021-01-22T21:01:37.626-0800: 146.194: [DefNew: 314557K->314557K(314560K), 0.0000222 secs]2021-01-22T21:01:37.626-0800: 146.194: [Tenured: 603818K->408029K(699072K), 0.0510338 secs] 918376K->408029K(1013632K), [Metaspace: 2698K->2698K(1056768K)], 0.0511712 secs] [Times: user=0.05 sys=0.00, real=0.05 secs] 
2021-01-22T21:01:37.709-0800: 146.277: [GC (Allocation Failure) 2021-01-22T21:01:37.709-0800: 146.277: [DefNew: 279616K->34943K(314560K), 0.0113863 secs] 687645K->495224K(1013632K), 0.0114818 secs] [Times: user=0.01 sys=0.00, real=0.02 secs] 
2021-01-22T21:01:37.752-0800: 146.319: [GC (Allocation Failure) 2021-01-22T21:01:37.752-0800: 146.319: [DefNew: 314559K->34943K(314560K), 0.0151330 secs] 774840K->575803K(1013632K), 0.0152390 secs] [Times: user=0.01 sys=0.00, real=0.01 secs] 
2021-01-22T21:01:37.796-0800: 146.364: [GC (Allocation Failure) 2021-01-22T21:01:37.796-0800: 146.364: [DefNew: 314559K->34943K(314560K), 0.0163650 secs] 855419K->655428K(1013632K), 0.0165107 secs] [Times: user=0.02 sys=0.00, real=0.02 secs] 
2021-01-22T21:01:37.849-0800: 146.416: [GC (Allocation Failure) 2021-01-22T21:01:37.849-0800: 146.416: [DefNew: 314559K->314559K(314560K), 0.0000219 secs]2021-01-22T21:01:37.849-0800: 146.416: [Tenured: 620485K->399475K(699072K), 0.0482872 secs] 935044K->399475K(1013632K), [Metaspace: 2698K->2698K(1056768K)], 0.0484343 secs] [Times: user=0.05 sys=0.00, real=0.05 secs] 
2021-01-22T21:01:37.929-0800: 146.496: [GC (Allocation Failure) 2021-01-22T21:01:37.929-0800: 146.496: [DefNew: 279616K->34941K(314560K), 0.0122522 secs] 679091K->494181K(1013632K), 0.0123498 secs] [Times: user=0.01 sys=0.00, real=0.02 secs] 
2021-01-22T21:01:37.969-0800: 146.537: [GC (Allocation Failure) 2021-01-22T21:01:37.969-0800: 146.537: [DefNew: 314557K->34943K(314560K), 0.0158105 secs] 773797K->582440K(1013632K), 0.0159054 secs] [Times: user=0.02 sys=0.00, real=0.02 secs] 
2021-01-22T21:01:38.016-0800: 146.584: [GC (Allocation Failure) 2021-01-22T21:01:38.016-0800: 146.584: [DefNew: 314559K->34943K(314560K), 0.0145488 secs] 862056K->661893K(1013632K), 0.0146390 secs] [Times: user=0.01 sys=0.00, real=0.02 secs] 
2021-01-22T21:01:38.062-0800: 146.630: [GC (Allocation Failure) 2021-01-22T21:01:38.062-0800: 146.630: [DefNew: 314559K->314559K(314560K), 0.0000253 secs]2021-01-22T21:01:38.062-0800: 146.630: [Tenured: 626949K->422062K(699072K), 0.0502137 secs] 941509K->422062K(1013632K), [Metaspace: 2698K->2698K(1056768K)], 0.0503740 secs] [Times: user=0.05 sys=0.00, real=0.05 secs] 
2021-01-22T21:01:38.144-0800: 146.712: [GC (Allocation Failure) 2021-01-22T21:01:38.144-0800: 146.712: [DefNew: 279616K->34943K(314560K), 0.0127536 secs] 701678K->513157K(1013632K), 0.0128487 secs] [Times: user=0.01 sys=0.00, real=0.01 secs] 
2021-01-22T21:01:38.187-0800: 146.754: [GC (Allocation Failure) 2021-01-22T21:01:38.187-0800: 146.755: [DefNew: 314559K->34943K(314560K), 0.0150212 secs] 792773K->590220K(1013632K), 0.0151310 secs] [Times: user=0.02 sys=0.00, real=0.02 secs] 
2021-01-22T21:01:38.234-0800: 146.801: [GC (Allocation Failure) 2021-01-22T21:01:38.234-0800: 146.801: [DefNew: 313894K->34943K(314560K), 0.0147194 secs] 869170K->668817K(1013632K), 0.0148128 secs] [Times: user=0.01 sys=0.00, real=0.01 secs] 
2021-01-22T21:01:38.278-0800: 146.845: [GC (Allocation Failure) 2021-01-22T21:01:38.278-0800: 146.846: [DefNew: 314559K->314559K(314560K), 0.0000250 secs]2021-01-22T21:01:38.278-0800: 146.846: [Tenured: 633873K->383638K(699072K), 0.0657423 secs] 948433K->383638K(1013632K), [Metaspace: 2698K->2698K(1056768K)], 0.0658903 secs] [Times: user=0.07 sys=0.00, real=0.07 secs] 
2021-01-22T21:01:38.393-0800: 146.961: [GC (Allocation Failure) 2021-01-22T21:01:38.393-0800: 146.961: [DefNew: 279606K->34943K(314560K), 0.0198431 secs] 663245K->476012K(1013632K), 0.0199558 secs] [Times: user=0.02 sys=0.01, real=0.02 secs] 
2021-01-22T21:01:38.459-0800: 147.027: [GC (Allocation Failure) 2021-01-22T21:01:38.459-0800: 147.027: [DefNew: 314559K->34943K(314560K), 0.0143722 secs] 755628K->552176K(1013632K), 0.0144650 secs] [Times: user=0.01 sys=0.00, real=0.02 secs] 
2021-01-22T21:01:38.503-0800: 147.071: [GC (Allocation Failure) 2021-01-22T21:01:38.503-0800: 147.071: [DefNew: 314559K->34944K(314560K), 0.0136745 secs] 831792K->622384K(1013632K), 0.0137701 secs] [Times: user=0.01 sys=0.00, real=0.01 secs] 
2021-01-22T21:01:38.548-0800: 147.115: [GC (Allocation Failure) 2021-01-22T21:01:38.548-0800: 147.115: [DefNew: 314560K->34943K(314560K), 0.0140464 secs] 902000K->700652K(1013632K), 0.0141766 secs] [Times: user=0.01 sys=0.00, real=0.02 secs] 
2021-01-22T21:01:38.595-0800: 147.162: [GC (Allocation Failure) 2021-01-22T21:01:38.595-0800: 147.162: [DefNew: 314559K->314559K(314560K), 0.0000406 secs]2021-01-22T21:01:38.595-0800: 147.162: [Tenured: 665709K->403476K(699072K), 0.0465601 secs] 980268K->403476K(1013632K), [Metaspace: 2698K->2698K(1056768K)], 0.0467296 secs] [Times: user=0.05 sys=0.00, real=0.05 secs] 
2021-01-22T21:01:38.672-0800: 147.240: [GC (Allocation Failure) 2021-01-22T21:01:38.673-0800: 147.240: [DefNew: 279616K->34943K(314560K), 0.0119381 secs] 683092K->498662K(1013632K), 0.0120423 secs] [Times: user=0.01 sys=0.00, real=0.01 secs] 
2021-01-22T21:01:38.716-0800: 147.284: [GC (Allocation Failure) 2021-01-22T21:01:38.716-0800: 147.284: [DefNew: 314559K->34943K(314560K), 0.0151884 secs] 778278K->583269K(1013632K), 0.0152811 secs] [Times: user=0.02 sys=0.00, real=0.02 secs] 
2021-01-22T21:01:38.763-0800: 147.330: [GC (Allocation Failure) 2021-01-22T21:01:38.763-0800: 147.330: [DefNew: 314424K->34943K(314560K), 0.0154730 secs] 862751K->671973K(1013632K), 0.0155865 secs] [Times: user=0.01 sys=0.00, real=0.01 secs] 
2021-01-22T21:01:38.811-0800: 147.379: [GC (Allocation Failure) 2021-01-22T21:01:38.811-0800: 147.379: [DefNew: 314518K->314518K(314560K), 0.0000230 secs]2021-01-22T21:01:38.811-0800: 147.379: [Tenured: 637029K->425046K(699072K), 0.0554652 secs] 951548K->425046K(1013632K), [Metaspace: 2698K->2698K(1056768K)], 0.0555991 secs] [Times: user=0.05 sys=0.00, real=0.05 secs] 
2021-01-22T21:01:38.899-0800: 147.467: [GC (Allocation Failure) 2021-01-22T21:01:38.899-0800: 147.467: [DefNew: 279616K->34943K(314560K), 0.0104974 secs] 704662K->504962K(1013632K), 0.0105940 secs] [Times: user=0.01 sys=0.00, real=0.02 secs] 
2021-01-22T21:01:38.940-0800: 147.508: [GC (Allocation Failure) 2021-01-22T21:01:38.940-0800: 147.508: [DefNew: 314559K->34944K(314560K), 0.0151029 secs] 784578K->586847K(1013632K), 0.0151987 secs] [Times: user=0.02 sys=0.00, real=0.01 secs] 
2021-01-22T21:01:38.990-0800: 147.558: [GC (Allocation Failure) 2021-01-22T21:01:38.990-0800: 147.558: [DefNew: 314560K->34943K(314560K), 0.0149941 secs] 866463K->663740K(1013632K), 0.0150968 secs] [Times: user=0.01 sys=0.00, real=0.01 secs] 
2021-01-22T21:01:39.036-0800: 147.604: [GC (Allocation Failure) 2021-01-22T21:01:39.036-0800: 147.604: [DefNew: 314559K->314559K(314560K), 0.0000218 secs]2021-01-22T21:01:39.036-0800: 147.604: [Tenured: 628796K->415807K(699072K), 0.0506024 secs] 943356K->415807K(1013632K), [Metaspace: 2698K->2698K(1056768K)], 0.0507317 secs] [Times: user=0.04 sys=0.00, real=0.05 secs] 
2021-01-22T21:01:39.121-0800: 147.689: [GC (Allocation Failure) 2021-01-22T21:01:39.122-0800: 147.689: [DefNew: 279616K->34943K(314560K), 0.0108207 secs] 695423K->498491K(1013632K), 0.0109169 secs] [Times: user=0.01 sys=0.00, real=0.01 secs] 
2021-01-22T21:01:39.164-0800: 147.731: [GC (Allocation Failure) 2021-01-22T21:01:39.164-0800: 147.731: [DefNew: 314559K->34944K(314560K), 0.0135256 secs] 778107K->572533K(1013632K), 0.0136350 secs] [Times: user=0.01 sys=0.00, real=0.01 secs] 
2021-01-22T21:01:39.207-0800: 147.774: [GC (Allocation Failure) 2021-01-22T21:01:39.207-0800: 147.774: [DefNew: 314560K->34943K(314560K), 0.0141404 secs] 852149K->649842K(1013632K), 0.0142359 secs] [Times: user=0.02 sys=0.00, real=0.02 secs] 
2021-01-22T21:01:39.250-0800: 147.817: [GC (Allocation Failure) 2021-01-22T21:01:39.250-0800: 147.817: [DefNew: 314559K->314559K(314560K), 0.0000214 secs]2021-01-22T21:01:39.250-0800: 147.818: [Tenured: 614898K->368456K(699072K), 0.0470654 secs] 929458K->368456K(1013632K), [Metaspace: 2698K->2698K(1056768K)], 0.0471971 secs] [Times: user=0.05 sys=0.00, real=0.04 secs] 
2021-01-22T21:01:39.334-0800: 147.902: [GC (Allocation Failure) 2021-01-22T21:01:39.334-0800: 147.902: [DefNew: 279616K->34943K(314560K), 0.0105693 secs] 648072K->451516K(1013632K), 0.0106613 secs] [Times: user=0.01 sys=0.00, real=0.01 secs] 
2021-01-22T21:01:39.378-0800: 147.946: [GC (Allocation Failure) 2021-01-22T21:01:39.378-0800: 147.946: [DefNew: 314559K->34943K(314560K), 0.0145714 secs] 731132K->530014K(1013632K), 0.0147012 secs] [Times: user=0.02 sys=0.00, real=0.02 secs] 
2021-01-22T21:01:39.423-0800: 147.991: [GC (Allocation Failure) 2021-01-22T21:01:39.423-0800: 147.991: [DefNew: 314559K->34943K(314560K), 0.0154476 secs] 809630K->611690K(1013632K), 0.0155561 secs] [Times: user=0.01 sys=0.00, real=0.01 secs] 
2021-01-22T21:01:39.471-0800: 148.039: [GC (Allocation Failure) 2021-01-22T21:01:39.471-0800: 148.039: [DefNew: 314559K->34942K(314560K), 0.0151685 secs] 891306K->689017K(1013632K), 0.0152606 secs] [Times: user=0.02 sys=0.00, real=0.01 secs] 
2021-01-22T21:01:39.517-0800: 148.084: [GC (Allocation Failure) 2021-01-22T21:01:39.517-0800: 148.084: [DefNew: 314558K->314558K(314560K), 0.0000220 secs]2021-01-22T21:01:39.517-0800: 148.084: [Tenured: 654074K->401910K(699072K), 0.0447155 secs] 968633K->401910K(1013632K), [Metaspace: 2698K->2698K(1056768K)], 0.0448510 secs] [Times: user=0.04 sys=0.00, real=0.05 secs] 
2021-01-22T21:01:39.594-0800: 148.161: [GC (Allocation Failure) 2021-01-22T21:01:39.594-0800: 148.161: [DefNew: 279616K->34943K(314560K), 0.0108961 secs] 681526K->489523K(1013632K), 0.0109943 secs] [Times: user=0.01 sys=0.00, real=0.01 secs] 
2021-01-22T21:01:39.634-0800: 148.201: [GC (Allocation Failure) 2021-01-22T21:01:39.634-0800: 148.201: [DefNew: 314559K->34943K(314560K), 0.0146035 secs] 769139K->569479K(1013632K), 0.0146999 secs] [Times: user=0.02 sys=0.00, real=0.01 secs] 
2021-01-22T21:01:39.678-0800: 148.246: [GC (Allocation Failure) 2021-01-22T21:01:39.678-0800: 148.246: [DefNew: 314559K->34943K(314560K), 0.0137009 secs] 849095K->641138K(1013632K), 0.0137986 secs] [Times: user=0.01 sys=0.00, real=0.02 secs] 
2021-01-22T21:01:39.722-0800: 148.290: [GC (Allocation Failure) 2021-01-22T21:01:39.722-0800: 148.290: [DefNew: 314559K->314559K(314560K), 0.0000224 secs]2021-01-22T21:01:39.722-0800: 148.290: [Tenured: 606194K->417514K(699072K), 0.0499777 secs] 920754K->417514K(1013632K), [Metaspace: 2698K->2698K(1056768K)], 0.0501127 secs] [Times: user=0.05 sys=0.00, real=0.05 secs] 
2021-01-22T21:01:39.807-0800: 148.374: [GC (Allocation Failure) 2021-01-22T21:01:39.807-0800: 148.374: [DefNew: 279616K->34944K(314560K), 0.0172185 secs] 697130K->506880K(1013632K), 0.0173224 secs] [Times: user=0.02 sys=0.00, real=0.02 secs] 
2021-01-22T21:01:39.855-0800: 148.423: [GC (Allocation Failure) 2021-01-22T21:01:39.856-0800: 148.423: [DefNew: 314560K->34943K(314560K), 0.0150054 secs] 786496K->584935K(1013632K), 0.0150977 secs] [Times: user=0.01 sys=0.00, real=0.02 secs] 
2021-01-22T21:01:39.903-0800: 148.470: [GC (Allocation Failure) 2021-01-22T21:01:39.903-0800: 148.470: [DefNew: 314559K->34943K(314560K), 0.0147177 secs] 864551K->665709K(1013632K), 0.0148133 secs] [Times: user=0.01 sys=0.00, real=0.01 secs] 
2021-01-22T21:01:39.949-0800: 148.516: [GC (Allocation Failure) 2021-01-22T21:01:39.949-0800: 148.516: [DefNew: 314559K->314559K(314560K), 0.0000262 secs]2021-01-22T21:01:39.949-0800: 148.516: [Tenured: 630765K->402908K(699072K), 0.0498775 secs] 945325K->402908K(1013632K), [Metaspace: 2698K->2698K(1056768K)], 0.0500046 secs] [Times: user=0.05 sys=0.00, real=0.05 secs] 
2021-01-22T21:01:40.034-0800: 148.601: [GC (Allocation Failure) 2021-01-22T21:01:40.034-0800: 148.601: [DefNew: 279616K->34943K(314560K), 0.0117148 secs] 682524K->492070K(1013632K), 0.0118083 secs] [Times: user=0.01 sys=0.00, real=0.01 secs] 
2021-01-22T21:01:40.073-0800: 148.641: [GC (Allocation Failure) 2021-01-22T21:01:40.073-0800: 148.641: [DefNew: 314559K->34943K(314560K), 0.0143220 secs] 771686K->566624K(1013632K), 0.0144495 secs] [Times: user=0.02 sys=0.00, real=0.01 secs] 
2021-01-22T21:01:40.118-0800: 148.686: [GC (Allocation Failure) 2021-01-22T21:01:40.119-0800: 148.686: [DefNew: 314559K->34943K(314560K), 0.0154476 secs] 846240K->641050K(1013632K), 0.0155469 secs] [Times: user=0.01 sys=0.00, real=0.02 secs] 
2021-01-22T21:01:40.166-0800: 148.734: [GC (Allocation Failure) 2021-01-22T21:01:40.166-0800: 148.734: [DefNew: 314559K->314559K(314560K), 0.0000219 secs]2021-01-22T21:01:40.166-0800: 148.734: [Tenured: 606107K->368174K(699072K), 0.0496459 secs] 920666K->368174K(1013632K), [Metaspace: 2698K->2698K(1056768K)], 0.0497838 secs] [Times: user=0.05 sys=0.00, real=0.05 secs] 
2021-01-22T21:01:40.248-0800: 148.815: [GC (Allocation Failure) 2021-01-22T21:01:40.248-0800: 148.815: [DefNew: 279616K->34943K(314560K), 0.0117323 secs] 647790K->450398K(1013632K), 0.0118264 secs] [Times: user=0.01 sys=0.00, real=0.01 secs] 
2021-01-22T21:01:40.291-0800: 148.858: [GC (Allocation Failure) 2021-01-22T21:01:40.291-0800: 148.858: [DefNew: 314559K->34943K(314560K), 0.0183166 secs] 730014K->525581K(1013632K), 0.0184214 secs] [Times: user=0.02 sys=0.00, real=0.01 secs] 
2021-01-22T21:01:40.350-0800: 148.917: [GC (Allocation Failure) 2021-01-22T21:01:40.350-0800: 148.917: [DefNew: 314559K->34944K(314560K), 0.0153452 secs] 805197K->605854K(1013632K), 0.0154395 secs] [Times: user=0.01 sys=0.00, real=0.01 secs] 
2021-01-22T21:01:40.400-0800: 148.967: [GC (Allocation Failure) 2021-01-22T21:01:40.400-0800: 148.967: [DefNew: 314560K->34943K(314560K), 0.0147132 secs] 885470K->686925K(1013632K), 0.0148090 secs] [Times: user=0.01 sys=0.00, real=0.01 secs] 
2021-01-22T21:01:40.443-0800: 149.010: [GC (Allocation Failure) 2021-01-22T21:01:40.443-0800: 149.011: [DefNew: 314559K->314559K(314560K), 0.0000219 secs]2021-01-22T21:01:40.443-0800: 149.011: [Tenured: 651981K->416556K(699072K), 0.0474511 secs] 966541K->416556K(1013632K), [Metaspace: 2698K->2698K(1056768K)], 0.0475856 secs] [Times: user=0.05 sys=0.01, real=0.05 secs] 
2021-01-22T21:01:40.523-0800: 149.091: [GC (Allocation Failure) 2021-01-22T21:01:40.523-0800: 149.091: [DefNew: 279616K->34943K(314560K), 0.0124762 secs] 696172K->506631K(1013632K), 0.0126066 secs] [Times: user=0.01 sys=0.00, real=0.01 secs] 
2021-01-22T21:01:40.566-0800: 149.134: [GC (Allocation Failure) 2021-01-22T21:01:40.566-0800: 149.134: [DefNew: 314559K->34943K(314560K), 0.0148657 secs] 786247K->587758K(1013632K), 0.0149810 secs] [Times: user=0.01 sys=0.00, real=0.02 secs] 
2021-01-22T21:01:40.617-0800: 149.184: [GC (Allocation Failure) 2021-01-22T21:01:40.617-0800: 149.184: [DefNew: 314559K->34943K(314560K), 0.0170511 secs] 867374K->677740K(1013632K), 0.0171428 secs] [Times: user=0.01 sys=0.00, real=0.02 secs] 
2021-01-22T21:01:40.665-0800: 149.233: [GC (Allocation Failure) 2021-01-22T21:01:40.665-0800: 149.233: [DefNew: 314559K->314559K(314560K), 0.0000230 secs]2021-01-22T21:01:40.665-0800: 149.233: [Tenured: 642796K->402710K(699072K), 0.0470720 secs] 957356K->402710K(1013632K), [Metaspace: 2698K->2698K(1056768K)], 0.0472186 secs] [Times: user=0.05 sys=0.00, real=0.05 secs] 
2021-01-22T21:01:40.745-0800: 149.313: [GC (Allocation Failure) 2021-01-22T21:01:40.745-0800: 149.313: [DefNew: 279616K->34944K(314560K), 0.0103999 secs] 682326K->486323K(1013632K), 0.0104977 secs] [Times: user=0.01 sys=0.00, real=0.01 secs] 
2021-01-22T21:01:40.785-0800: 149.353: [GC (Allocation Failure) 2021-01-22T21:01:40.785-0800: 149.353: [DefNew: 314560K->34944K(314560K), 0.0155588 secs] 765939K->573243K(1013632K), 0.0156543 secs] [Times: user=0.02 sys=0.00, real=0.02 secs] 
2021-01-22T21:01:40.840-0800: 149.407: [GC (Allocation Failure) 2021-01-22T21:01:40.840-0800: 149.407: [DefNew: 314560K->34942K(314560K), 0.0150268 secs] 852859K->652980K(1013632K), 0.0151207 secs] [Times: user=0.02 sys=0.00, real=0.01 secs] 
2021-01-22T21:01:40.886-0800: 149.454: [GC (Allocation Failure) 2021-01-22T21:01:40.886-0800: 149.454: [DefNew: 314558K->314558K(314560K), 0.0000228 secs]2021-01-22T21:01:40.886-0800: 149.454: [Tenured: 618037K->402540K(699072K), 0.0506404 secs] 932596K->402540K(1013632K), [Metaspace: 2698K->2698K(1056768K)], 0.0507817 secs] [Times: user=0.05 sys=0.00, real=0.05 secs] 
2021-01-22T21:01:40.968-0800: 149.535: [GC (Allocation Failure) 2021-01-22T21:01:40.968-0800: 149.535: [DefNew: 279276K->34944K(314560K), 0.0136888 secs] 681816K->505540K(1013632K), 0.0137958 secs] [Times: user=0.01 sys=0.00, real=0.02 secs] 
2021-01-22T21:01:41.013-0800: 149.581: [GC (Allocation Failure) 2021-01-22T21:01:41.013-0800: 149.581: [DefNew: 314560K->34943K(314560K), 0.0143363 secs] 785156K->578427K(1013632K), 0.0144323 secs] [Times: user=0.01 sys=0.00, real=0.01 secs] 
2021-01-22T21:01:41.058-0800: 149.626: [GC (Allocation Failure) 2021-01-22T21:01:41.058-0800: 149.626: [DefNew: 314559K->34944K(314560K), 0.0152924 secs] 858043K->659261K(1013632K), 0.0153897 secs] [Times: user=0.02 sys=0.00, real=0.02 secs] 
2021-01-22T21:01:41.106-0800: 149.673: [GC (Allocation Failure) 2021-01-22T21:01:41.106-0800: 149.673: [DefNew: 314560K->314560K(314560K), 0.0000219 secs]2021-01-22T21:01:41.106-0800: 149.673: [Tenured: 624317K->378495K(699072K), 0.0508009 secs] 938877K->378495K(1013632K), [Metaspace: 2698K->2698K(1056768K)], 0.0509340 secs] [Times: user=0.05 sys=0.00, real=0.05 secs] 
2021-01-22T21:01:41.194-0800: 149.761: [GC (Allocation Failure) 2021-01-22T21:01:41.194-0800: 149.762: [DefNew: 279616K->34943K(314560K), 0.0115530 secs] 658111K->464193K(1013632K), 0.0116468 secs] [Times: user=0.01 sys=0.00, real=0.01 secs] 
2021-01-22T21:01:41.236-0800: 149.804: [GC (Allocation Failure) 2021-01-22T21:01:41.236-0800: 149.804: [DefNew: 314559K->34943K(314560K), 0.0147488 secs] 743809K->542578K(1013632K), 0.0148429 secs] [Times: user=0.01 sys=0.00, real=0.02 secs] 
2021-01-22T21:01:41.282-0800: 149.849: [GC (Allocation Failure) 2021-01-22T21:01:41.282-0800: 149.849: [DefNew: 314559K->34941K(314560K), 0.0160538 secs] 822194K->624707K(1013632K), 0.0161511 secs] [Times: user=0.02 sys=0.01, real=0.01 secs] 
2021-01-22T21:01:41.335-0800: 149.902: [GC (Allocation Failure) 2021-01-22T21:01:41.335-0800: 149.902: [DefNew: 314557K->314557K(314560K), 0.0000222 secs]2021-01-22T21:01:41.335-0800: 149.902: [Tenured: 589765K->412325K(699072K), 0.0465299 secs] 904323K->412325K(1013632K), [Metaspace: 2698K->2698K(1056768K)], 0.0466646 secs] [Times: user=0.05 sys=0.00, real=0.05 secs] 
2021-01-22T21:01:41.412-0800: 149.980: [GC (Allocation Failure) 2021-01-22T21:01:41.413-0800: 149.980: [DefNew: 279616K->34943K(314560K), 0.0114620 secs] 691941K->499919K(1013632K), 0.0115573 secs] [Times: user=0.01 sys=0.00, real=0.01 secs] 
2021-01-22T21:01:41.455-0800: 150.022: [GC (Allocation Failure) 2021-01-22T21:01:41.455-0800: 150.022: [DefNew: 314559K->34943K(314560K), 0.0140140 secs] 779535K->573401K(1013632K), 0.0141131 secs] [Times: user=0.01 sys=0.00, real=0.01 secs] 
2021-01-22T21:01:41.500-0800: 150.068: [GC (Allocation Failure) 2021-01-22T21:01:41.500-0800: 150.068: [DefNew: 314559K->34943K(314560K), 0.0155853 secs] 853017K->653568K(1013632K), 0.0157027 secs] [Times: user=0.02 sys=0.00, real=0.01 secs] 
2021-01-22T21:01:41.549-0800: 150.116: [GC (Allocation Failure) 2021-01-22T21:01:41.549-0800: 150.116: [DefNew: 314559K->314559K(314560K), 0.0000223 secs]2021-01-22T21:01:41.549-0800: 150.116: [Tenured: 618624K->402939K(699072K), 0.0480136 secs] 933184K->402939K(1013632K), [Metaspace: 2698K->2698K(1056768K)], 0.0481438 secs] [Times: user=0.04 sys=0.00, real=0.05 secs] 
2021-01-22T21:01:41.628-0800: 150.196: [GC (Allocation Failure) 2021-01-22T21:01:41.628-0800: 150.196: [DefNew: 279124K->34943K(314560K), 0.0111875 secs] 682063K->489669K(1013632K), 0.0112860 secs] [Times: user=0.01 sys=0.00, real=0.02 secs] 
2021-01-22T21:01:41.669-0800: 150.237: [GC (Allocation Failure) 2021-01-22T21:01:41.669-0800: 150.237: [DefNew: 314559K->34944K(314560K), 0.0138971 secs] 769285K->569277K(1013632K), 0.0140296 secs] [Times: user=0.01 sys=0.00, real=0.02 secs] 
2021-01-22T21:01:41.713-0800: 150.281: [GC (Allocation Failure) 2021-01-22T21:01:41.713-0800: 150.281: [DefNew: 314560K->34943K(314560K), 0.0137004 secs] 848893K->642906K(1013632K), 0.0137957 secs] [Times: user=0.01 sys=0.00, real=0.01 secs] 
2021-01-22T21:01:41.756-0800: 150.324: [GC (Allocation Failure) 2021-01-22T21:01:41.756-0800: 150.324: [DefNew: 314559K->314559K(314560K), 0.0000229 secs]2021-01-22T21:01:41.756-0800: 150.324: [Tenured: 607962K->407356K(699072K), 0.0890655 secs] 922522K->407356K(1013632K), [Metaspace: 2698K->2698K(1056768K)], 0.0892050 secs] [Times: user=0.08 sys=0.00, real=0.09 secs] 
2021-01-22T21:01:41.883-0800: 150.450: [GC (Allocation Failure) 2021-01-22T21:01:41.883-0800: 150.451: [DefNew: 279616K->34944K(314560K), 0.0146084 secs] 686972K->487013K(1013632K), 0.0147049 secs] [Times: user=0.01 sys=0.00, real=0.01 secs] 
2021-01-22T21:01:41.930-0800: 150.497: [GC (Allocation Failure) 2021-01-22T21:01:41.930-0800: 150.497: [DefNew: 314560K->34943K(314560K), 0.0153489 secs] 766629K->568043K(1013632K), 0.0154437 secs] [Times: user=0.02 sys=0.00, real=0.01 secs] 
2021-01-22T21:01:41.974-0800: 150.542: [GC (Allocation Failure) 2021-01-22T21:01:41.975-0800: 150.542: [DefNew: 314559K->34943K(314560K), 0.0141893 secs] 847659K->645552K(1013632K), 0.0142912 secs] [Times: user=0.01 sys=0.00, real=0.01 secs] 
2021-01-22T21:01:42.017-0800: 150.585: [GC (Allocation Failure) 2021-01-22T21:01:42.017-0800: 150.585: [DefNew: 314559K->314559K(314560K), 0.0000219 secs]2021-01-22T21:01:42.017-0800: 150.585: [Tenured: 610608K->369345K(699072K), 0.0486755 secs] 925168K->369345K(1013632K), [Metaspace: 2698K->2698K(1056768K)], 0.0488072 secs] [Times: user=0.04 sys=0.00, real=0.05 secs] 
2021-01-22T21:01:42.097-0800: 150.665: [GC (Allocation Failure) 2021-01-22T21:01:42.098-0800: 150.665: [DefNew: 279616K->34943K(314560K), 0.0116893 secs] 648961K->457128K(1013632K), 0.0118052 secs] [Times: user=0.02 sys=0.00, real=0.01 secs] 
2021-01-22T21:01:42.146-0800: 150.714: [GC (Allocation Failure) 2021-01-22T21:01:42.146-0800: 150.714: [DefNew: 314559K->34943K(314560K), 0.0159078 secs] 736744K->542855K(1013632K), 0.0160162 secs] [Times: user=0.02 sys=0.00, real=0.02 secs] 
2021-01-22T21:01:42.193-0800: 150.761: [GC (Allocation Failure) 2021-01-22T21:01:42.194-0800: 150.761: [DefNew: 314559K->34943K(314560K), 0.0151055 secs] 822471K->619525K(1013632K), 0.0152008 secs] [Times: user=0.01 sys=0.01, real=0.01 secs] 
2021-01-22T21:01:42.241-0800: 150.808: [GC (Allocation Failure) 2021-01-22T21:01:42.241-0800: 150.808: [DefNew: 314511K->34943K(314560K), 0.0157464 secs] 899093K->700429K(1013632K), 0.0158457 secs] [Times: user=0.02 sys=0.00, real=0.01 secs] 
2021-01-22T21:01:42.288-0800: 150.855: [GC (Allocation Failure) 2021-01-22T21:01:42.288-0800: 150.855: [DefNew: 314491K->314491K(314560K), 0.0000222 secs]2021-01-22T21:01:42.288-0800: 150.855: [Tenured: 665485K->406733K(699072K), 0.0597538 secs] 979977K->406733K(1013632K), [Metaspace: 2698K->2698K(1056768K)], 0.0598869 secs] [Times: user=0.05 sys=0.00, real=0.06 secs] 
2021-01-22T21:01:42.378-0800: 150.946: [GC (Allocation Failure) 2021-01-22T21:01:42.378-0800: 150.946: [DefNew: 279616K->34943K(314560K), 0.0119861 secs] 686349K->499459K(1013632K), 0.0120847 secs] [Times: user=0.02 sys=0.00, real=0.02 secs] 
2021-01-22T21:01:42.419-0800: 150.987: [GC (Allocation Failure) 2021-01-22T21:01:42.419-0800: 150.987: [DefNew: 314559K->34943K(314560K), 0.0153362 secs] 779075K->580333K(1013632K), 0.0154279 secs] [Times: user=0.01 sys=0.00, real=0.02 secs] 
2021-01-22T21:01:42.478-0800: 151.046: [GC (Allocation Failure) 2021-01-22T21:01:42.478-0800: 151.046: [DefNew: 314559K->34943K(314560K), 0.0284112 secs] 859949K->662929K(1013632K), 0.0285193 secs] [Times: user=0.03 sys=0.00, real=0.03 secs] 
2021-01-22T21:01:42.541-0800: 151.109: [GC (Allocation Failure) 2021-01-22T21:01:42.541-0800: 151.109: [DefNew: 314559K->314559K(314560K), 0.0000255 secs]2021-01-22T21:01:42.541-0800: 151.109: [Tenured: 627985K->405999K(699072K), 0.0588248 secs] 942545K->405999K(1013632K), [Metaspace: 2698K->2698K(1056768K)], 0.0589763 secs] [Times: user=0.06 sys=0.00, real=0.06 secs] 
2021-01-22T21:01:42.632-0800: 151.200: [GC (Allocation Failure) 2021-01-22T21:01:42.632-0800: 151.200: [DefNew: 279616K->34941K(314560K), 0.0103692 secs] 685615K->491309K(1013632K), 0.0104635 secs] [Times: user=0.01 sys=0.00, real=0.01 secs] 
2021-01-22T21:01:42.673-0800: 151.241: [GC (Allocation Failure) 2021-01-22T21:01:42.673-0800: 151.241: [DefNew: 314557K->34944K(314560K), 0.0149926 secs] 770925K->576249K(1013632K), 0.0151181 secs] [Times: user=0.02 sys=0.00, real=0.01 secs] 
2021-01-22T21:01:42.719-0800: 151.286: [GC (Allocation Failure) 2021-01-22T21:01:42.719-0800: 151.286: [DefNew: 314560K->34943K(314560K), 0.0142852 secs] 855865K->656959K(1013632K), 0.0143750 secs] [Times: user=0.01 sys=0.00, real=0.02 secs] 
2021-01-22T21:01:42.763-0800: 151.331: [GC (Allocation Failure) 2021-01-22T21:01:42.763-0800: 151.331: [DefNew: 314559K->314559K(314560K), 0.0000221 secs]2021-01-22T21:01:42.763-0800: 151.331: [Tenured: 622016K->401501K(699072K), 0.0464483 secs] 936575K->401501K(1013632K), [Metaspace: 2698K->2698K(1056768K)], 0.0465929 secs] [Times: user=0.05 sys=0.00, real=0.05 secs] 
2021-01-22T21:01:42.847-0800: 151.414: [GC (Allocation Failure) 2021-01-22T21:01:42.847-0800: 151.414: [DefNew: 279411K->34943K(314560K), 0.0108827 secs] 680912K->487967K(1013632K), 0.0109782 secs] [Times: user=0.01 sys=0.00, real=0.01 secs] 
2021-01-22T21:01:42.889-0800: 151.456: [GC (Allocation Failure) 2021-01-22T21:01:42.889-0800: 151.456: [DefNew: 314559K->34943K(314560K), 0.0138830 secs] 767583K->562735K(1013632K), 0.0139930 secs] [Times: user=0.02 sys=0.00, real=0.02 secs] 
2021-01-22T21:01:42.933-0800: 151.500: [GC (Allocation Failure) 2021-01-22T21:01:42.933-0800: 151.501: [DefNew: 314559K->34942K(314560K), 0.0136691 secs] 842351K->640734K(1013632K), 0.0137617 secs] [Times: user=0.01 sys=0.00, real=0.01 secs] 
2021-01-22T21:01:42.976-0800: 151.544: [GC (Allocation Failure) 2021-01-22T21:01:42.976-0800: 151.544: [DefNew: 314558K->314558K(314560K), 0.0000223 secs]2021-01-22T21:01:42.976-0800: 151.544: [Tenured: 605792K->362400K(699072K), 0.0463458 secs] 920350K->362400K(1013632K), [Metaspace: 2698K->2698K(1056768K)], 0.0464816 secs] [Times: user=0.05 sys=0.00, real=0.05 secs] 
2021-01-22T21:01:43.055-0800: 151.623: [GC (Allocation Failure) 2021-01-22T21:01:43.055-0800: 151.623: [DefNew: 279616K->34943K(314560K), 0.0111724 secs] 642016K->452395K(1013632K), 0.0112680 secs] [Times: user=0.01 sys=0.00, real=0.01 secs] 
2021-01-22T21:01:43.098-0800: 151.666: [GC (Allocation Failure) 2021-01-22T21:01:43.098-0800: 151.666: [DefNew: 314559K->34943K(314560K), 0.0142629 secs] 732011K->530708K(1013632K), 0.0143631 secs] [Times: user=0.02 sys=0.00, real=0.02 secs] 
2021-01-22T21:01:43.143-0800: 151.710: [GC (Allocation Failure) 2021-01-22T21:01:43.143-0800: 151.710: [DefNew: 314559K->34944K(314560K), 0.0145499 secs] 810324K->611273K(1013632K), 0.0146505 secs] [Times: user=0.01 sys=0.00, real=0.01 secs] 
2021-01-22T21:01:43.187-0800: 151.755: [GC (Allocation Failure) 2021-01-22T21:01:43.187-0800: 151.755: [DefNew: 314560K->34943K(314560K), 0.0137885 secs] 890889K->683341K(1013632K), 0.0138925 secs] [Times: user=0.01 sys=0.00, real=0.02 secs] 
2021-01-22T21:01:43.231-0800: 151.799: [GC (Allocation Failure) 2021-01-22T21:01:43.231-0800: 151.799: [DefNew: 314559K->314559K(314560K), 0.0000229 secs]2021-01-22T21:01:43.231-0800: 151.799: [Tenured: 648397K->405773K(699072K), 0.0449386 secs] 962957K->405773K(1013632K), [Metaspace: 2698K->2698K(1056768K)], 0.0450763 secs] [Times: user=0.05 sys=0.00, real=0.04 secs] 
2021-01-22T21:01:43.308-0800: 151.876: [GC (Allocation Failure) 2021-01-22T21:01:43.308-0800: 151.876: [DefNew: 279580K->34944K(314560K), 0.0179911 secs] 685354K->496712K(1013632K), 0.0180883 secs] [Times: user=0.02 sys=0.00, real=0.02 secs] 
2021-01-22T21:01:43.358-0800: 151.925: [GC (Allocation Failure) 2021-01-22T21:01:43.358-0800: 151.925: [DefNew: 314560K->34943K(314560K), 0.0143820 secs] 776328K->576776K(1013632K), 0.0144840 secs] [Times: user=0.01 sys=0.00, real=0.02 secs] 
2021-01-22T21:01:43.402-0800: 151.970: [GC (Allocation Failure) 2021-01-22T21:01:43.402-0800: 151.970: [DefNew: 314559K->34943K(314560K), 0.0149944 secs] 856392K->660401K(1013632K), 0.0150921 secs] [Times: user=0.02 sys=0.01, real=0.01 secs] 
2021-01-22T21:01:43.447-0800: 152.014: [GC (Allocation Failure) 2021-01-22T21:01:43.447-0800: 152.014: [DefNew: 314559K->314559K(314560K), 0.0000226 secs]2021-01-22T21:01:43.447-0800: 152.014: [Tenured: 625458K->416150K(699072K), 0.0477776 secs] 940017K->416150K(1013632K), [Metaspace: 2698K->2698K(1056768K)], 0.0479156 secs] [Times: user=0.04 sys=0.00, real=0.05 secs] 
2021-01-22T21:01:43.527-0800: 152.095: [GC (Allocation Failure) 2021-01-22T21:01:43.527-0800: 152.095: [DefNew: 279616K->34941K(314560K), 0.0105953 secs] 695766K->499082K(1013632K), 0.0106905 secs] [Times: user=0.01 sys=0.00, real=0.01 secs] 
2021-01-22T21:01:43.567-0800: 152.134: [GC (Allocation Failure) 2021-01-22T21:01:43.567-0800: 152.134: [DefNew: 314557K->34943K(314560K), 0.0146731 secs] 778698K->577978K(1013632K), 0.0147695 secs] [Times: user=0.01 sys=0.00, real=0.02 secs] 
2021-01-22T21:01:43.616-0800: 152.184: [GC (Allocation Failure) 2021-01-22T21:01:43.616-0800: 152.184: [DefNew: 314559K->34944K(314560K), 0.0151894 secs] 857594K->655056K(1013632K), 0.0152958 secs] [Times: user=0.02 sys=0.00, real=0.02 secs] 
2021-01-22T21:01:43.662-0800: 152.230: [GC (Allocation Failure) 2021-01-22T21:01:43.662-0800: 152.230: [DefNew: 314560K->314560K(314560K), 0.0000222 secs]2021-01-22T21:01:43.662-0800: 152.230: [Tenured: 620112K->413268K(699072K), 0.0525726 secs] 934672K->413268K(1013632K), [Metaspace: 2698K->2698K(1056768K)], 0.0527271 secs] [Times: user=0.05 sys=0.00, real=0.05 secs] 
2021-01-22T21:01:43.762-0800: 152.330: [GC (Allocation Failure) 2021-01-22T21:01:43.762-0800: 152.330: [DefNew: 279616K->34943K(314560K), 0.0150193 secs] 692884K->497719K(1013632K), 0.0151376 secs] [Times: user=0.02 sys=0.00, real=0.01 secs] 
2021-01-22T21:01:43.828-0800: 152.396: [GC (Allocation Failure) 2021-01-22T21:01:43.828-0800: 152.396: [DefNew: 314559K->34943K(314560K), 0.0149513 secs] 777335K->572503K(1013632K), 0.0150467 secs] [Times: user=0.01 sys=0.00, real=0.02 secs] 
2021-01-22T21:01:43.875-0800: 152.442: [GC (Allocation Failure) 2021-01-22T21:01:43.875-0800: 152.442: [DefNew: 314559K->34943K(314560K), 0.0141874 secs] 852119K->648581K(1013632K), 0.0142872 secs] [Times: user=0.02 sys=0.00, real=0.01 secs] 
2021-01-22T21:01:43.921-0800: 152.488: [GC (Allocation Failure) 2021-01-22T21:01:43.921-0800: 152.488: [DefNew: 314559K->314559K(314560K), 0.0000218 secs]2021-01-22T21:01:43.921-0800: 152.488: [Tenured: 613637K->375694K(699072K), 0.0475321 secs] 928197K->375694K(1013632K), [Metaspace: 2698K->2698K(1056768K)], 0.0476641 secs] [Times: user=0.04 sys=0.00, real=0.04 secs] 
2021-01-22T21:01:43.998-0800: 152.566: [GC (Allocation Failure) 2021-01-22T21:01:43.999-0800: 152.566: [DefNew: 279548K->34943K(314560K), 0.0110905 secs] 655242K->466489K(1013632K), 0.0111819 secs] [Times: user=0.01 sys=0.00, real=0.02 secs] 
2021-01-22T21:01:44.040-0800: 152.607: [GC (Allocation Failure) 2021-01-22T21:01:44.040-0800: 152.607: [DefNew: 314559K->34943K(314560K), 0.0136576 secs] 746105K->542278K(1013632K), 0.0137471 secs] [Times: user=0.02 sys=0.00, real=0.01 secs] 
2021-01-22T21:01:44.083-0800: 152.651: [GC (Allocation Failure) 2021-01-22T21:01:44.083-0800: 152.651: [DefNew: 314559K->34944K(314560K), 0.0144415 secs] 821894K->622010K(1013632K), 0.0145617 secs] [Times: user=0.01 sys=0.00, real=0.01 secs] 
2021-01-22T21:01:44.126-0800: 152.694: [GC (Allocation Failure) 2021-01-22T21:01:44.126-0800: 152.694: [DefNew: 314560K->34943K(314560K), 0.0138655 secs] 901626K->696456K(1013632K), 0.0139640 secs] [Times: user=0.01 sys=0.00, real=0.02 secs] 
2021-01-22T21:01:44.170-0800: 152.737: [GC (Allocation Failure) 2021-01-22T21:01:44.170-0800: 152.737: [DefNew: 314559K->314559K(314560K), 0.0000218 secs]2021-01-22T21:01:44.170-0800: 152.737: [Tenured: 661512K->408102K(699072K), 0.0462431 secs] 976072K->408102K(1013632K), [Metaspace: 2698K->2698K(1056768K)], 0.0463756 secs] [Times: user=0.05 sys=0.00, real=0.04 secs] 
2021-01-22T21:01:44.248-0800: 152.815: [GC (Allocation Failure) 2021-01-22T21:01:44.248-0800: 152.815: [DefNew: 279616K->34943K(314560K), 0.0104852 secs] 687718K->489083K(1013632K), 0.0105793 secs] [Times: user=0.01 sys=0.00, real=0.01 secs] 
2021-01-22T21:01:44.289-0800: 152.856: [GC (Allocation Failure) 2021-01-22T21:01:44.289-0800: 152.857: [DefNew: 314559K->34943K(314560K), 0.0141625 secs] 768699K->564309K(1013632K), 0.0142559 secs] [Times: user=0.01 sys=0.00, real=0.02 secs] 
2021-01-22T21:01:44.351-0800: 152.918: [GC (Allocation Failure) 2021-01-22T21:01:44.351-0800: 152.918: [DefNew: 314559K->34943K(314560K), 0.0243657 secs] 843925K->633615K(1013632K), 0.0244554 secs] [Times: user=0.02 sys=0.00, real=0.02 secs] 
2021-01-22T21:01:44.430-0800: 152.997: [GC (Allocation Failure) 2021-01-22T21:01:44.430-0800: 152.997: [DefNew: 314559K->314559K(314560K), 0.0000210 secs]2021-01-22T21:01:44.430-0800: 152.997: [Tenured: 598671K->398735K(699072K), 0.0627977 secs] 913231K->398735K(1013632K), [Metaspace: 2698K->2698K(1056768K)], 0.0629331 secs] [Times: user=0.06 sys=0.00, real=0.06 secs] 
2021-01-22T21:01:44.524-0800: 153.092: [GC (Allocation Failure) 2021-01-22T21:01:44.524-0800: 153.092: [DefNew: 279616K->34944K(314560K), 0.0115843 secs] 678351K->489855K(1013632K), 0.0116865 secs] [Times: user=0.01 sys=0.00, real=0.01 secs] 
2021-01-22T21:01:44.567-0800: 153.135: [GC (Allocation Failure) 2021-01-22T21:01:44.567-0800: 153.135: [DefNew: 314560K->34943K(314560K), 0.0153881 secs] 769471K->578539K(1013632K), 0.0154828 secs] [Times: user=0.01 sys=0.00, real=0.02 secs] 
2021-01-22T21:01:44.615-0800: 153.182: [GC (Allocation Failure) 2021-01-22T21:01:44.615-0800: 153.182: [DefNew: 314559K->34944K(314560K), 0.0145015 secs] 858155K->659663K(1013632K), 0.0145950 secs] [Times: user=0.01 sys=0.00, real=0.01 secs] 
2021-01-22T21:01:44.660-0800: 153.228: [GC (Allocation Failure) 2021-01-22T21:01:44.660-0800: 153.228: [DefNew: 314560K->314560K(314560K), 0.0000276 secs]2021-01-22T21:01:44.660-0800: 153.228: [Tenured: 624719K->410033K(699072K), 0.0504548 secs] 939279K->410033K(1013632K), [Metaspace: 2698K->2698K(1056768K)], 0.0506154 secs] [Times: user=0.05 sys=0.00, real=0.05 secs] 
2021-01-22T21:01:44.742-0800: 153.309: [GC (Allocation Failure) 2021-01-22T21:01:44.742-0800: 153.309: [DefNew: 279616K->34944K(314560K), 0.0126311 secs] 689649K->490458K(1013632K), 0.0127291 secs] [Times: user=0.01 sys=0.00, real=0.01 secs] 
2021-01-22T21:01:44.791-0800: 153.359: [GC (Allocation Failure) 2021-01-22T21:01:44.791-0800: 153.359: [DefNew: 314560K->34943K(314560K), 0.0141684 secs] 770074K->567150K(1013632K), 0.0142601 secs] [Times: user=0.01 sys=0.00, real=0.01 secs] 
2021-01-22T21:01:44.842-0800: 153.410: [GC (Allocation Failure) 2021-01-22T21:01:44.842-0800: 153.410: [DefNew: 314559K->34943K(314560K), 0.0147344 secs] 846766K->646433K(1013632K), 0.0148469 secs] [Times: user=0.01 sys=0.00, real=0.01 secs] 
2021-01-22T21:01:44.888-0800: 153.456: [GC (Allocation Failure) 2021-01-22T21:01:44.888-0800: 153.456: [DefNew: 314559K->314559K(314560K), 0.0000215 secs]2021-01-22T21:01:44.888-0800: 153.456: [Tenured: 611489K->371910K(699072K), 0.0469838 secs] 926049K->371910K(1013632K), [Metaspace: 2698K->2698K(1056768K)], 0.0471209 secs] [Times: user=0.05 sys=0.00, real=0.05 secs] 
2021-01-22T21:01:44.967-0800: 153.534: [GC (Allocation Failure) 2021-01-22T21:01:44.967-0800: 153.534: [DefNew: 279616K->34943K(314560K), 0.0111433 secs] 651526K->459382K(1013632K), 0.0112367 secs] [Times: user=0.01 sys=0.00, real=0.01 secs] 
2021-01-22T21:01:45.009-0800: 153.577: [GC (Allocation Failure) 2021-01-22T21:01:45.009-0800: 153.577: [DefNew: 314559K->34943K(314560K), 0.0139636 secs] 738998K->536854K(1013632K), 0.0140736 secs] [Times: user=0.02 sys=0.00, real=0.02 secs] 
2021-01-22T21:01:45.054-0800: 153.621: [GC (Allocation Failure) 2021-01-22T21:01:45.054-0800: 153.621: [DefNew: 314559K->34942K(314560K), 0.0142131 secs] 816470K->609445K(1013632K), 0.0143056 secs] [Times: user=0.02 sys=0.00, real=0.01 secs] 
2021-01-22T21:01:45.097-0800: 153.665: [GC (Allocation Failure) 2021-01-22T21:01:45.098-0800: 153.665: [DefNew: 314558K->34943K(314560K), 0.0149897 secs] 889061K->691124K(1013632K), 0.0151251 secs] [Times: user=0.01 sys=0.00, real=0.02 secs] 
2021-01-22T21:01:45.144-0800: 153.712: [GC (Allocation Failure) 2021-01-22T21:01:45.144-0800: 153.712: [DefNew: 314559K->314559K(314560K), 0.0000226 secs]2021-01-22T21:01:45.144-0800: 153.712: [Tenured: 656180K->406690K(699072K), 0.0480435 secs] 970740K->406690K(1013632K), [Metaspace: 2698K->2698K(1056768K)], 0.0481831 secs] [Times: user=0.05 sys=0.00, real=0.05 secs] 
2021-01-22T21:01:45.225-0800: 153.793: [GC (Allocation Failure) 2021-01-22T21:01:45.225-0800: 153.793: [DefNew: 279616K->34944K(314560K), 0.0109619 secs] 686306K->487564K(1013632K), 0.0110546 secs] [Times: user=0.01 sys=0.00, real=0.01 secs] 
2021-01-22T21:01:45.269-0800: 153.837: [GC (Allocation Failure) 2021-01-22T21:01:45.269-0800: 153.837: [DefNew: 314560K->34943K(314560K), 0.0189285 secs] 767180K->564917K(1013632K), 0.0190394 secs] [Times: user=0.02 sys=0.00, real=0.02 secs] 
2021-01-22T21:01:45.327-0800: 153.894: [GC (Allocation Failure) 2021-01-22T21:01:45.327-0800: 153.894: [DefNew: 314559K->34943K(314560K), 0.0230760 secs] 844533K->642799K(1013632K), 0.0231656 secs] [Times: user=0.02 sys=0.00, real=0.03 secs] 
2021-01-22T21:01:45.381-0800: 153.948: [GC (Allocation Failure) 2021-01-22T21:01:45.381-0800: 153.949: [DefNew: 314559K->314559K(314560K), 0.0000225 secs]2021-01-22T21:01:45.381-0800: 153.949: [Tenured: 607856K->414588K(699072K), 0.0509818 secs] 922415K->414588K(1013632K), [Metaspace: 2698K->2698K(1056768K)], 0.0511136 secs] [Times: user=0.05 sys=0.00, real=0.05 secs] 
2021-01-22T21:01:45.465-0800: 154.033: [GC (Allocation Failure) 2021-01-22T21:01:45.465-0800: 154.033: [DefNew: 279616K->34943K(314560K), 0.0112647 secs] 694204K->502936K(1013632K), 0.0113563 secs] [Times: user=0.02 sys=0.00, real=0.01 secs] 
2021-01-22T21:01:45.509-0800: 154.076: [GC (Allocation Failure) 2021-01-22T21:01:45.509-0800: 154.076: [DefNew: 314559K->34942K(314560K), 0.0134897 secs] 782552K->573461K(1013632K), 0.0135742 secs] [Times: user=0.01 sys=0.00, real=0.02 secs] 
2021-01-22T21:01:45.551-0800: 154.119: [GC (Allocation Failure) 2021-01-22T21:01:45.551-0800: 154.119: [DefNew: 314558K->34943K(314560K), 0.0153405 secs] 853077K->659825K(1013632K), 0.0154493 secs] [Times: user=0.01 sys=0.00, real=0.01 secs] 
2021-01-22T21:01:45.598-0800: 154.165: [GC (Allocation Failure) 2021-01-22T21:01:45.598-0800: 154.165: [DefNew: 314559K->314559K(314560K), 0.0000318 secs]2021-01-22T21:01:45.598-0800: 154.165: [Tenured: 624882K->399091K(699072K), 0.0466537 secs] 939441K->399091K(1013632K), [Metaspace: 2698K->2698K(1056768K)], 0.0468346 secs] [Times: user=0.05 sys=0.00, real=0.05 secs] 
2021-01-22T21:01:45.682-0800: 154.249: [GC (Allocation Failure) 2021-01-22T21:01:45.682-0800: 154.249: [DefNew: 279616K->34943K(314560K), 0.0127496 secs] 678707K->491967K(1013632K), 0.0128417 secs] [Times: user=0.01 sys=0.00, real=0.01 secs] 
2021-01-22T21:01:45.735-0800: 154.303: [GC (Allocation Failure) 2021-01-22T21:01:45.735-0800: 154.303: [DefNew: 314363K->34943K(314560K), 0.0313471 secs] 771386K->573066K(1013632K), 0.0314527 secs] [Times: user=0.03 sys=0.00, real=0.03 secs] 
2021-01-22T21:01:45.806-0800: 154.374: [GC (Allocation Failure) 2021-01-22T21:01:45.806-0800: 154.374: [DefNew: 314559K->34943K(314560K), 0.0169142 secs] 852682K->646477K(1013632K), 0.0170081 secs] [Times: user=0.01 sys=0.00, real=0.02 secs] 
2021-01-22T21:01:45.866-0800: 154.434: [GC (Allocation Failure) 2021-01-22T21:01:45.866-0800: 154.434: [DefNew: 314559K->314559K(314560K), 0.0000219 secs]2021-01-22T21:01:45.866-0800: 154.434: [Tenured: 611533K->383027K(699072K), 0.0493141 secs] 926093K->383027K(1013632K), [Metaspace: 2698K->2698K(1056768K)], 0.0494488 secs] [Times: user=0.04 sys=0.00, real=0.05 secs] 
2021-01-22T21:01:45.946-0800: 154.514: [GC (Allocation Failure) 2021-01-22T21:01:45.946-0800: 154.514: [DefNew: 279616K->34944K(314560K), 0.0108309 secs] 662643K->467143K(1013632K), 0.0109297 secs] [Times: user=0.02 sys=0.01, real=0.01 secs] 
2021-01-22T21:01:45.988-0800: 154.555: [GC (Allocation Failure) 2021-01-22T21:01:45.988-0800: 154.555: [DefNew: 314560K->34943K(314560K), 0.0148814 secs] 746759K->548422K(1013632K), 0.0149792 secs] [Times: user=0.01 sys=0.00, real=0.02 secs] 
2021-01-22T21:01:46.032-0800: 154.600: [GC (Allocation Failure) 2021-01-22T21:01:46.032-0800: 154.600: [DefNew: 314559K->34942K(314560K), 0.0147294 secs] 828038K->630013K(1013632K), 0.0148278 secs] [Times: user=0.01 sys=0.00, real=0.01 secs] 
2021-01-22T21:01:46.076-0800: 154.643: [GC (Allocation Failure) 2021-01-22T21:01:46.076-0800: 154.643: [DefNew: 314558K->314558K(314560K), 0.0000223 secs]2021-01-22T21:01:46.076-0800: 154.643: [Tenured: 595070K->428126K(699072K), 0.0482583 secs] 909629K->428126K(1013632K), [Metaspace: 2698K->2698K(1056768K)], 0.0483939 secs] [Times: user=0.05 sys=0.00, real=0.05 secs] 
2021-01-22T21:01:46.155-0800: 154.722: [GC (Allocation Failure) 2021-01-22T21:01:46.155-0800: 154.722: [DefNew: 279616K->34943K(314560K), 0.0127092 secs] 707742K->523814K(1013632K), 0.0128028 secs] [Times: user=0.01 sys=0.00, real=0.01 secs] 
2021-01-22T21:01:46.201-0800: 154.768: [GC (Allocation Failure) 2021-01-22T21:01:46.201-0800: 154.768: [DefNew: 314156K->34943K(314560K), 0.0190657 secs] 803028K->600608K(1013632K), 0.0191596 secs] [Times: user=0.02 sys=0.00, real=0.02 secs] 
2021-01-22T21:01:46.250-0800: 154.817: [GC (Allocation Failure) 2021-01-22T21:01:46.250-0800: 154.817: [DefNew: 314559K->34943K(314560K), 0.0169544 secs] 880224K->681957K(1013632K), 0.0170600 secs] [Times: user=0.02 sys=0.00, real=0.01 secs] 
2021-01-22T21:01:46.307-0800: 154.874: [GC (Allocation Failure) 2021-01-22T21:01:46.307-0800: 154.874: [DefNew: 314559K->314559K(314560K), 0.0000217 secs]2021-01-22T21:01:46.307-0800: 154.874: [Tenured: 647013K->433187K(699072K), 0.0594698 secs] 961573K->433187K(1013632K), [Metaspace: 2698K->2698K(1056768K)], 0.0595931 secs] [Times: user=0.06 sys=0.00, real=0.06 secs] 
2021-01-22T21:01:46.417-0800: 154.985: [GC (Allocation Failure) 2021-01-22T21:01:46.417-0800: 154.985: [DefNew: 279616K->34943K(314560K), 0.0196707 secs] 712803K->519920K(1013632K), 0.0197961 secs] [Times: user=0.02 sys=0.00, real=0.02 secs] 
2021-01-22T21:01:46.490-0800: 155.058: [GC (Allocation Failure) 2021-01-22T21:01:46.490-0800: 155.058: [DefNew: 314559K->34943K(314560K), 0.0252684 secs] 799536K->595194K(1013632K), 0.0254828 secs] [Times: user=0.02 sys=0.00, real=0.02 secs] 
2021-01-22T21:01:46.567-0800: 155.134: [GC (Allocation Failure) 2021-01-22T21:01:46.567-0800: 155.134: [DefNew: 314559K->34943K(314560K), 0.0278808 secs] 874810K->676369K(1013632K), 0.0279841 secs] [Times: user=0.03 sys=0.00, real=0.03 secs] 
2021-01-22T21:01:46.647-0800: 155.214: [GC (Allocation Failure) 2021-01-22T21:01:46.647-0800: 155.214: [DefNew: 314559K->314559K(314560K), 0.0001501 secs]2021-01-22T21:01:46.647-0800: 155.215: [Tenured: 641425K->414541K(699072K), 0.0715353 secs] 955985K->414541K(1013632K), [Metaspace: 2698K->2698K(1056768K)], 0.0718154 secs] [Times: user=0.07 sys=0.00, real=0.07 secs] 
2021-01-22T21:01:46.749-0800: 155.317: [GC (Allocation Failure) 2021-01-22T21:01:46.749-0800: 155.317: [DefNew: 279616K->34941K(314560K), 0.0110078 secs] 694157K->501815K(1013632K), 0.0111077 secs] [Times: user=0.01 sys=0.00, real=0.02 secs] 
2021-01-22T21:01:46.792-0800: 155.359: [GC (Allocation Failure) 2021-01-22T21:01:46.792-0800: 155.359: [DefNew: 314557K->34943K(314560K), 0.0201496 secs] 781431K->571215K(1013632K), 0.0203103 secs] [Times: user=0.02 sys=0.00, real=0.02 secs] 
2021-01-22T21:01:46.852-0800: 155.419: [GC (Allocation Failure) 2021-01-22T21:01:46.852-0800: 155.419: [DefNew: 314559K->34943K(314560K), 0.0131513 secs] 850831K->640524K(1013632K), 0.0132463 secs] [Times: user=0.01 sys=0.00, real=0.01 secs] 
2021-01-22T21:01:46.896-0800: 155.464: [GC (Allocation Failure) 2021-01-22T21:01:46.896-0800: 155.464: [DefNew: 314559K->314559K(314560K), 0.0000220 secs]2021-01-22T21:01:46.896-0800: 155.464: [Tenured: 605581K->371524K(699072K), 0.0478416 secs] 920140K->371524K(1013632K), [Metaspace: 2698K->2698K(1056768K)], 0.0479772 secs] [Times: user=0.05 sys=0.00, real=0.05 secs] 
2021-01-22T21:01:46.975-0800: 155.542: [GC (Allocation Failure) 2021-01-22T21:01:46.975-0800: 155.542: [DefNew: 279616K->34943K(314560K), 0.0120655 secs] 651140K->467605K(1013632K), 0.0121877 secs] [Times: user=0.01 sys=0.00, real=0.01 secs] 
2021-01-22T21:01:47.016-0800: 155.584: [GC (Allocation Failure) 2021-01-22T21:01:47.016-0800: 155.584: [DefNew: 314559K->34942K(314560K), 0.0136675 secs] 747221K->541969K(1013632K), 0.0137649 secs] [Times: user=0.01 sys=0.00, real=0.02 secs] 
2021-01-22T21:01:47.060-0800: 155.628: [GC (Allocation Failure) 2021-01-22T21:01:47.060-0800: 155.628: [DefNew: 314558K->34943K(314560K), 0.0147484 secs] 821585K->623521K(1013632K), 0.0148484 secs] [Times: user=0.02 sys=0.00, real=0.01 secs] 
2021-01-22T21:01:47.105-0800: 155.673: [GC (Allocation Failure) 2021-01-22T21:01:47.105-0800: 155.673: [DefNew: 314559K->34944K(314560K), 0.0141340 secs] 903137K->702706K(1013632K), 0.0142441 secs] [Times: user=0.01 sys=0.00, real=0.02 secs] 
2021-01-22T21:01:47.150-0800: 155.717: [GC (Allocation Failure) 2021-01-22T21:01:47.150-0800: 155.717: [DefNew: 314560K->314560K(314560K), 0.0000223 secs]2021-01-22T21:01:47.150-0800: 155.717: [Tenured: 667762K->412819K(699072K), 0.0476455 secs] 982322K->412819K(1013632K), [Metaspace: 2698K->2698K(1056768K)], 0.0477783 secs] [Times: user=0.05 sys=0.00, real=0.04 secs] 
2021-01-22T21:01:47.229-0800: 155.796: [GC (Allocation Failure) 2021-01-22T21:01:47.229-0800: 155.796: [DefNew: 279616K->34943K(314560K), 0.0109117 secs] 692435K->498559K(1013632K), 0.0110135 secs] [Times: user=0.01 sys=0.00, real=0.02 secs] 
2021-01-22T21:01:47.272-0800: 155.839: [GC (Allocation Failure) 2021-01-22T21:01:47.272-0800: 155.839: [DefNew: 314559K->34943K(314560K), 0.0147439 secs] 778175K->570033K(1013632K), 0.0148382 secs] [Times: user=0.01 sys=0.00, real=0.01 secs] 
2021-01-22T21:01:47.330-0800: 155.898: [GC (Allocation Failure) 2021-01-22T21:01:47.330-0800: 155.898: [DefNew: 314559K->34943K(314560K), 0.0146376 secs] 849649K->642299K(1013632K), 0.0148695 secs] [Times: user=0.02 sys=0.00, real=0.01 secs] 
2021-01-22T21:01:47.377-0800: 155.945: [GC (Allocation Failure) 2021-01-22T21:01:47.378-0800: 155.945: [DefNew: 314559K->314559K(314560K), 0.0000394 secs]2021-01-22T21:01:47.378-0800: 155.945: [Tenured: 607355K->394826K(699072K), 0.0464088 secs] 921915K->394826K(1013632K), [Metaspace: 2698K->2698K(1056768K)], 0.0466060 secs] [Times: user=0.05 sys=0.00, real=0.05 secs] 
2021-01-22T21:01:47.456-0800: 156.024: [GC (Allocation Failure) 2021-01-22T21:01:47.456-0800: 156.024: [DefNew: 279616K->34943K(314560K), 0.0109214 secs] 674442K->479029K(1013632K), 0.0110322 secs] [Times: user=0.01 sys=0.00, real=0.01 secs] 
2021-01-22T21:01:47.502-0800: 156.069: [GC (Allocation Failure) 2021-01-22T21:01:47.502-0800: 156.069: [DefNew: 314559K->34944K(314560K), 0.0147510 secs] 758645K->560398K(1013632K), 0.0148452 secs] [Times: user=0.02 sys=0.00, real=0.01 secs] 
2021-01-22T21:01:47.549-0800: 156.116: [GC (Allocation Failure) 2021-01-22T21:01:47.549-0800: 156.117: [DefNew: 314560K->34943K(314560K), 0.0150326 secs] 840014K->645208K(1013632K), 0.0151343 secs] [Times: user=0.01 sys=0.00, real=0.02 secs] 
2021-01-22T21:01:47.593-0800: 156.161: [GC (Allocation Failure) 2021-01-22T21:01:47.594-0800: 156.161: [DefNew: 314559K->314559K(314560K), 0.0000224 secs]2021-01-22T21:01:47.594-0800: 156.161: [Tenured: 610265K->419024K(699072K), 0.0484750 secs] 924824K->419024K(1013632K), [Metaspace: 2698K->2698K(1056768K)], 0.0486279 secs] [Times: user=0.05 sys=0.00, real=0.05 secs] 
2021-01-22T21:01:47.672-0800: 156.240: [GC (Allocation Failure) 2021-01-22T21:01:47.672-0800: 156.240: [DefNew: 279616K->34943K(314560K), 0.0120932 secs] 698640K->514476K(1013632K), 0.0122192 secs] [Times: user=0.01 sys=0.00, real=0.01 secs] 
2021-01-22T21:01:47.715-0800: 156.283: [GC (Allocation Failure) 2021-01-22T21:01:47.715-0800: 156.283: [DefNew: 314559K->34943K(314560K), 0.0151924 secs] 794092K->600942K(1013632K), 0.0152887 secs] [Times: user=0.02 sys=0.00, real=0.02 secs] 
2021-01-22T21:01:47.760-0800: 156.328: [GC (Allocation Failure) 2021-01-22T21:01:47.760-0800: 156.328: [DefNew: 314559K->34943K(314560K), 0.0153671 secs] 880558K->684984K(1013632K), 0.0154664 secs] [Times: user=0.01 sys=0.00, real=0.01 secs] 
2021-01-22T21:01:47.806-0800: 156.374: [GC (Allocation Failure) 2021-01-22T21:01:47.807-0800: 156.374: [DefNew: 314559K->314559K(314560K), 0.0000470 secs]2021-01-22T21:01:47.807-0800: 156.374: [Tenured: 650041K->379255K(699072K), 0.0633770 secs] 964600K->379255K(1013632K), [Metaspace: 2698K->2698K(1056768K)], 0.0671694 secs] [Times: user=0.06 sys=0.00, real=0.07 secs] 
2021-01-22T21:01:47.911-0800: 156.478: [GC (Allocation Failure) 2021-01-22T21:01:47.911-0800: 156.478: [DefNew: 279616K->34944K(314560K), 0.0125939 secs] 658871K->460147K(1013632K), 0.0126736 secs] [Times: user=0.01 sys=0.00, real=0.01 secs] 
2021-01-22T21:01:47.955-0800: 156.522: [GC (Allocation Failure) 2021-01-22T21:01:47.956-0800: 156.523: [DefNew: 314560K->34943K(314560K), 0.0140148 secs] 739763K->532650K(1013632K), 0.0147300 secs] [Times: user=0.01 sys=0.01, real=0.02 secs] 
2021-01-22T21:01:48.001-0800: 156.568: [GC (Allocation Failure) 2021-01-22T21:01:48.001-0800: 156.568: [DefNew: 314452K->34941K(314560K), 0.0157871 secs] 812159K->621536K(1013632K), 0.0158734 secs] [Times: user=0.01 sys=0.00, real=0.01 secs] 
2021-01-22T21:01:48.048-0800: 156.615: [GC (Allocation Failure) 2021-01-22T21:01:48.048-0800: 156.616: [DefNew: 314557K->314557K(314560K), 0.0000221 secs]2021-01-22T21:01:48.048-0800: 156.616: [Tenured: 586595K->413176K(699072K), 0.0475205 secs] 901152K->413176K(1013632K), [Metaspace: 2698K->2698K(1056768K)], 0.0476769 secs] [Times: user=0.05 sys=0.00, real=0.05 secs] 
2021-01-22T21:01:48.139-0800: 156.707: [GC (Allocation Failure) 2021-01-22T21:01:48.139-0800: 156.707: [DefNew: 279616K->34943K(314560K), 0.0112800 secs] 692792K->501441K(1013632K), 0.0113740 secs] [Times: user=0.01 sys=0.00, real=0.02 secs] 
2021-01-22T21:01:48.183-0800: 156.751: [GC (Allocation Failure) 2021-01-22T21:01:48.183-0800: 156.751: [DefNew: 313894K->34944K(314560K), 0.0156791 secs] 780392K->580964K(1013632K), 0.0157889 secs] [Times: user=0.02 sys=0.00, real=0.01 secs] 
2021-01-22T21:01:48.230-0800: 156.797: [GC (Allocation Failure) 2021-01-22T21:01:48.230-0800: 156.797: [DefNew: 314560K->34944K(314560K), 0.0154593 secs] 860580K->663872K(1013632K), 0.0156637 secs] [Times: user=0.01 sys=0.00, real=0.01 secs] 
2021-01-22T21:01:48.278-0800: 156.846: [GC (Allocation Failure) 2021-01-22T21:01:48.278-0800: 156.846: [DefNew: 314431K->314431K(314560K), 0.0000221 secs]2021-01-22T21:01:48.278-0800: 156.846: [Tenured: 628928K->406060K(699072K), 0.0504855 secs] 943360K->406060K(1013632K), [Metaspace: 2698K->2698K(1056768K)], 0.0506189 secs] [Times: user=0.05 sys=0.00, real=0.05 secs] 
2021-01-22T21:01:48.369-0800: 156.937: [GC (Allocation Failure) 2021-01-22T21:01:48.369-0800: 156.937: [DefNew: 279616K->34943K(314560K), 0.0117610 secs] 685676K->489451K(1013632K), 0.0118532 secs] [Times: user=0.01 sys=0.00, real=0.02 secs] 
2021-01-22T21:01:48.414-0800: 156.981: [GC (Allocation Failure) 2021-01-22T21:01:48.414-0800: 156.981: [DefNew: 314559K->34943K(314560K), 0.0151155 secs] 769067K->570688K(1013632K), 0.0152163 secs] [Times: user=0.02 sys=0.00, real=0.01 secs] 
2021-01-22T21:01:48.461-0800: 157.029: [GC (Allocation Failure) 2021-01-22T21:01:48.461-0800: 157.029: [DefNew: 314559K->34943K(314560K), 0.0143821 secs] 850304K->646387K(1013632K), 0.0145033 secs] [Times: user=0.01 sys=0.00, real=0.01 secs] 
2021-01-22T21:01:48.508-0800: 157.076: [GC (Allocation Failure) 2021-01-22T21:01:48.509-0800: 157.076: [DefNew: 314559K->314559K(314560K), 0.0000622 secs]2021-01-22T21:01:48.509-0800: 157.076: [Tenured: 611443K->399143K(699072K), 0.0498322 secs] 926003K->399143K(1013632K), [Metaspace: 2698K->2698K(1056768K)], 0.0500098 secs] [Times: user=0.04 sys=0.00, real=0.05 secs] 
2021-01-22T21:01:48.592-0800: 157.160: [GC (Allocation Failure) 2021-01-22T21:01:48.592-0800: 157.160: [DefNew: 279444K->34943K(314560K), 0.0114047 secs] 678587K->484549K(1013632K), 0.0114974 secs] [Times: user=0.01 sys=0.00, real=0.01 secs] 
2021-01-22T21:01:48.635-0800: 157.202: [GC (Allocation Failure) 2021-01-22T21:01:48.635-0800: 157.203: [DefNew: 314559K->34940K(314560K), 0.0144651 secs] 764165K->561597K(1013632K), 0.0145641 secs] [Times: user=0.01 sys=0.00, real=0.02 secs] 
2021-01-22T21:01:48.681-0800: 157.248: [GC (Allocation Failure) 2021-01-22T21:01:48.681-0800: 157.249: [DefNew: 314556K->34943K(314560K), 0.0137161 secs] 841213K->636844K(1013632K), 0.0138097 secs] [Times: user=0.02 sys=0.00, real=0.01 secs] 
2021-01-22T21:01:48.725-0800: 157.293: [GC (Allocation Failure) 2021-01-22T21:01:48.725-0800: 157.293: [DefNew: 314559K->314559K(314560K), 0.0000219 secs]2021-01-22T21:01:48.725-0800: 157.293: [Tenured: 601901K->370682K(699072K), 0.0477534 secs] 916460K->370682K(1013632K), [Metaspace: 2698K->2698K(1056768K)], 0.0478891 secs] [Times: user=0.05 sys=0.01, real=0.05 secs] 
2021-01-22T21:01:48.804-0800: 157.372: [GC (Allocation Failure) 2021-01-22T21:01:48.804-0800: 157.372: [DefNew: 279616K->34943K(314560K), 0.0208148 secs] 650298K->456782K(1013632K), 0.0209153 secs] [Times: user=0.01 sys=0.00, real=0.02 secs] 
2021-01-22T21:01:48.891-0800: 157.459: [GC (Allocation Failure) 2021-01-22T21:01:48.891-0800: 157.459: [DefNew: 314559K->34943K(314560K), 0.0249713 secs] 736398K->543755K(1013632K), 0.0250642 secs] [Times: user=0.02 sys=0.00, real=0.02 secs] 
2021-01-22T21:01:48.948-0800: 157.516: [GC (Allocation Failure) 2021-01-22T21:01:48.949-0800: 157.516: [DefNew: 314559K->34943K(314560K), 0.0192578 secs] 823371K->629682K(1013632K), 0.0193696 secs] [Times: user=0.02 sys=0.00, real=0.02 secs] 
2021-01-22T21:01:49.001-0800: 157.568: [GC (Allocation Failure) 2021-01-22T21:01:49.001-0800: 157.568: [DefNew: 314559K->314559K(314560K), 0.0000231 secs]2021-01-22T21:01:49.001-0800: 157.568: [Tenured: 594739K->425157K(699072K), 0.0560347 secs] 909298K->425157K(1013632K), [Metaspace: 2698K->2698K(1056768K)], 0.0561579 secs] [Times: user=0.06 sys=0.00, real=0.05 secs] 
2021-01-22T21:01:49.096-0800: 157.664: [GC (Allocation Failure) 2021-01-22T21:01:49.097-0800: 157.664: [DefNew: 279616K->34942K(314560K), 0.0116616 secs] 704773K->514982K(1013632K), 0.0117470 secs] [Times: user=0.01 sys=0.00, real=0.01 secs] 
2021-01-22T21:01:49.138-0800: 157.705: [GC (Allocation Failure) 2021-01-22T21:01:49.138-0800: 157.706: [DefNew: 314558K->34943K(314560K), 0.0158603 secs] 794598K->601137K(1013632K), 0.0159595 secs] [Times: user=0.02 sys=0.00, real=0.02 secs] 
2021-01-22T21:01:49.184-0800: 157.751: [GC (Allocation Failure) 2021-01-22T21:01:49.184-0800: 157.751: [DefNew: 314484K->34943K(314560K), 0.0160474 secs] 880678K->686603K(1013632K), 0.0161493 secs] [Times: user=0.01 sys=0.00, real=0.02 secs] 
2021-01-22T21:01:49.231-0800: 157.798: [GC (Allocation Failure) 2021-01-22T21:01:49.231-0800: 157.798: [DefNew: 314559K->314559K(314560K), 0.0000212 secs]2021-01-22T21:01:49.231-0800: 157.798: [Tenured: 651659K->417648K(699072K), 0.0513973 secs] 966219K->417648K(1013632K), [Metaspace: 2698K->2698K(1056768K)], 0.0515263 secs] [Times: user=0.05 sys=0.00, real=0.05 secs] 
2021-01-22T21:01:49.313-0800: 157.881: [GC (Allocation Failure) 2021-01-22T21:01:49.314-0800: 157.881: [DefNew: 279616K->34943K(314560K), 0.0116586 secs] 697264K->505327K(1013632K), 0.0117561 secs] [Times: user=0.01 sys=0.00, real=0.01 secs] 
2021-01-22T21:01:49.359-0800: 157.926: [GC (Allocation Failure) 2021-01-22T21:01:49.359-0800: 157.926: [DefNew: 314559K->34943K(314560K), 0.0157405 secs] 784943K->581154K(1013632K), 0.0158680 secs] [Times: user=0.01 sys=0.00, real=0.02 secs] 
2021-01-22T21:01:49.413-0800: 157.981: [GC (Allocation Failure) 2021-01-22T21:01:49.413-0800: 157.981: [DefNew: 314559K->34943K(314560K), 0.0158679 secs] 860770K->662561K(1013632K), 0.0159632 secs] [Times: user=0.02 sys=0.00, real=0.01 secs] 
2021-01-22T21:01:49.463-0800: 158.031: [GC (Allocation Failure) 2021-01-22T21:01:49.463-0800: 158.031: [DefNew: 314559K->314559K(314560K), 0.0000216 secs]2021-01-22T21:01:49.463-0800: 158.031: [Tenured: 627617K->399571K(699072K), 0.0493985 secs] 942177K->399571K(1013632K), [Metaspace: 2698K->2698K(1056768K)], 0.0495358 secs] [Times: user=0.05 sys=0.00, real=0.05 secs] 
2021-01-22T21:01:49.545-0800: 158.113: [GC (Allocation Failure) 2021-01-22T21:01:49.545-0800: 158.113: [DefNew: 279616K->34942K(314560K), 0.0117303 secs] 679187K->486494K(1013632K), 0.0118236 secs] [Times: user=0.01 sys=0.00, real=0.01 secs] 
2021-01-22T21:01:49.588-0800: 158.155: [GC (Allocation Failure) 2021-01-22T21:01:49.588-0800: 158.155: [DefNew: 314558K->34943K(314560K), 0.0149283 secs] 766110K->564092K(1013632K), 0.0150571 secs] [Times: user=0.01 sys=0.00, real=0.02 secs] 
2021-01-22T21:01:49.634-0800: 158.201: [GC (Allocation Failure) 2021-01-22T21:01:49.634-0800: 158.201: [DefNew: 314559K->34944K(314560K), 0.0159126 secs] 843708K->650725K(1013632K), 0.0160036 secs] [Times: user=0.02 sys=0.00, real=0.02 secs] 
2021-01-22T21:01:49.681-0800: 158.248: [GC (Allocation Failure) 2021-01-22T21:01:49.681-0800: 158.248: [DefNew: 314560K->314560K(314560K), 0.0000238 secs]2021-01-22T21:01:49.681-0800: 158.248: [Tenured: 615781K->380070K(699072K), 0.0543855 secs] 930341K->380070K(1013632K), [Metaspace: 2698K->2698K(1056768K)], 0.0545414 secs] [Times: user=0.05 sys=0.00, real=0.05 secs] 
2021-01-22T21:01:49.777-0800: 158.345: [GC (Allocation Failure) 2021-01-22T21:01:49.777-0800: 158.345: [DefNew: 279616K->34943K(314560K), 0.0141339 secs] 659686K->470967K(1013632K), 0.0142296 secs] [Times: user=0.01 sys=0.00, real=0.02 secs] 
2021-01-22T21:01:49.827-0800: 158.395: [GC (Allocation Failure) 2021-01-22T21:01:49.827-0800: 158.395: [DefNew: 314559K->34943K(314560K), 0.0133713 secs] 750583K->537342K(1013632K), 0.0134658 secs] [Times: user=0.01 sys=0.00, real=0.02 secs] 
2021-01-22T21:01:49.872-0800: 158.440: [GC (Allocation Failure) 2021-01-22T21:01:49.872-0800: 158.440: [DefNew: 314559K->34943K(314560K), 0.0158740 secs] 816958K->629091K(1013632K), 0.0159721 secs] [Times: user=0.01 sys=0.00, real=0.01 secs] 
2021-01-22T21:01:49.920-0800: 158.488: [GC (Allocation Failure) 2021-01-22T21:01:49.920-0800: 158.488: [DefNew: 314559K->314559K(314560K), 0.0000208 secs]2021-01-22T21:01:49.920-0800: 158.488: [Tenured: 594148K->415860K(699072K), 0.0472668 secs] 908707K->415860K(1013632K), [Metaspace: 2698K->2698K(1056768K)], 0.0473857 secs] [Times: user=0.04 sys=0.00, real=0.04 secs] 
2021-01-22T21:01:50.001-0800: 158.569: [GC (Allocation Failure) 2021-01-22T21:01:50.001-0800: 158.569: [DefNew: 279616K->34943K(314560K), 0.0096724 secs] 695476K->491216K(1013632K), 0.0097734 secs] [Times: user=0.01 sys=0.00, real=0.01 secs] 
2021-01-22T21:01:50.043-0800: 158.610: [GC (Allocation Failure) 2021-01-22T21:01:50.043-0800: 158.610: [DefNew: 314559K->34943K(314560K), 0.0147671 secs] 770832K->569812K(1013632K), 0.0148659 secs] [Times: user=0.01 sys=0.00, real=0.01 secs] 
2021-01-22T21:01:50.089-0800: 158.656: [GC (Allocation Failure) 2021-01-22T21:01:50.089-0800: 158.656: [DefNew: 314559K->34943K(314560K), 0.0150999 secs] 849428K->650426K(1013632K), 0.0151870 secs] [Times: user=0.02 sys=0.00, real=0.02 secs] 
2021-01-22T21:01:50.136-0800: 158.703: [GC (Allocation Failure) 2021-01-22T21:01:50.136-0800: 158.703: [DefNew: 314559K->314559K(314560K), 0.0000316 secs]2021-01-22T21:01:50.136-0800: 158.703: [Tenured: 615482K->409933K(699072K), 0.0542363 secs] 930042K->409933K(1013632K), [Metaspace: 2698K->2698K(1056768K)], 0.0544377 secs] [Times: user=0.05 sys=0.00, real=0.06 secs] 
2021-01-22T21:01:50.225-0800: 158.793: [GC (Allocation Failure) 2021-01-22T21:01:50.225-0800: 158.793: [DefNew: 279616K->34944K(314560K), 0.0154433 secs] 689549K->498753K(1013632K), 0.0155408 secs] [Times: user=0.02 sys=0.00, real=0.02 secs] 
2021-01-22T21:01:50.286-0800: 158.853: [GC (Allocation Failure) 2021-01-22T21:01:50.286-0800: 158.853: [DefNew: 314560K->34942K(314560K), 0.0187605 secs] 778369K->579772K(1013632K), 0.0189998 secs] [Times: user=0.01 sys=0.00, real=0.02 secs] 
2021-01-22T21:01:50.345-0800: 158.913: [GC (Allocation Failure) 2021-01-22T21:01:50.345-0800: 158.913: [DefNew: 314558K->34941K(314560K), 0.0174099 secs] 859388K->657598K(1013632K), 0.0175414 secs] [Times: user=0.02 sys=0.00, real=0.02 secs] 
2021-01-22T21:01:50.401-0800: 158.969: [GC (Allocation Failure) 2021-01-22T21:01:50.401-0800: 158.969: [DefNew: 314557K->314557K(314560K), 0.0000322 secs]2021-01-22T21:01:50.401-0800: 158.969: [Tenured: 622656K->418180K(699072K), 0.0630148 secs] 937214K->418180K(1013632K), [Metaspace: 2698K->2698K(1056768K)], 0.0631746 secs] [Times: user=0.06 sys=0.00, real=0.06 secs] 
2021-01-22T21:01:50.507-0800: 159.074: [GC (Allocation Failure) 2021-01-22T21:01:50.507-0800: 159.074: [DefNew: 279616K->34943K(314560K), 0.0145594 secs] 697796K->503131K(1013632K), 0.0146843 secs] [Times: user=0.01 sys=0.00, real=0.02 secs] 
2021-01-22T21:01:50.561-0800: 159.128: [GC (Allocation Failure) 2021-01-22T21:01:50.561-0800: 159.128: [DefNew: 314559K->34943K(314560K), 0.0183179 secs] 782747K->581422K(1013632K), 0.0185059 secs] [Times: user=0.02 sys=0.00, real=0.01 secs] 
2021-01-22T21:01:50.616-0800: 159.183: [GC (Allocation Failure) 2021-01-22T21:01:50.616-0800: 159.184: [DefNew: 314559K->34942K(314560K), 0.0163760 secs] 861038K->666324K(1013632K), 0.0164736 secs] [Times: user=0.02 sys=0.00, real=0.02 secs] 
2021-01-22T21:01:50.663-0800: 159.230: [GC (Allocation Failure) 2021-01-22T21:01:50.663-0800: 159.230: [DefNew: 314558K->314558K(314560K), 0.0000222 secs]2021-01-22T21:01:50.663-0800: 159.230: [Tenured: 631381K->388405K(699072K), 0.0507619 secs] 945940K->388405K(1013632K), [Metaspace: 2698K->2698K(1056768K)], 0.0509005 secs] [Times: user=0.05 sys=0.00, real=0.05 secs] 
2021-01-22T21:01:50.745-0800: 159.312: [GC (Allocation Failure) 2021-01-22T21:01:50.745-0800: 159.313: [DefNew: 279616K->34943K(314560K), 0.0176879 secs] 668021K->472555K(1013632K), 0.0177930 secs] [Times: user=0.01 sys=0.00, real=0.02 secs] 
2021-01-22T21:01:50.810-0800: 159.378: [GC (Allocation Failure) 2021-01-22T21:01:50.810-0800: 159.378: [DefNew: 314559K->34943K(314560K), 0.0220437 secs] 752171K->553424K(1013632K), 0.0221387 secs] [Times: user=0.02 sys=0.00, real=0.02 secs] 
2021-01-22T21:01:50.877-0800: 159.445: [GC (Allocation Failure) 2021-01-22T21:01:50.877-0800: 159.445: [DefNew: 314559K->34943K(314560K), 0.0185287 secs] 833040K->640086K(1013632K), 0.0186460 secs] [Times: user=0.02 sys=0.00, real=0.02 secs] 
2021-01-22T21:01:50.933-0800: 159.501: [GC (Allocation Failure) 2021-01-22T21:01:50.934-0800: 159.501: [DefNew: 314559K->314559K(314560K), 0.0000223 secs]2021-01-22T21:01:50.934-0800: 159.501: [Tenured: 605142K->415485K(699072K), 0.0577045 secs] 919702K->415485K(1013632K), [Metaspace: 2698K->2698K(1056768K)], 0.0578380 secs] [Times: user=0.05 sys=0.00, real=0.06 secs] 
2021-01-22T21:01:51.031-0800: 159.599: [GC (Allocation Failure) 2021-01-22T21:01:51.031-0800: 159.599: [DefNew: 279616K->34944K(314560K), 0.0162616 secs] 695101K->508392K(1013632K), 0.0163674 secs] [Times: user=0.01 sys=0.00, real=0.01 secs] 
2021-01-22T21:01:51.087-0800: 159.655: [GC (Allocation Failure) 2021-01-22T21:01:51.087-0800: 159.655: [DefNew: 314362K->34943K(314560K), 0.0189296 secs] 787810K->593484K(1013632K), 0.0190247 secs] [Times: user=0.02 sys=0.00, real=0.02 secs] 
2021-01-22T21:01:51.146-0800: 159.714: [GC (Allocation Failure) 2021-01-22T21:01:51.146-0800: 159.714: [DefNew: 314559K->34943K(314560K), 0.0191025 secs] 873100K->677561K(1013632K), 0.0191964 secs] [Times: user=0.02 sys=0.00, real=0.02 secs] 
2021-01-22T21:01:51.203-0800: 159.770: [GC (Allocation Failure) 2021-01-22T21:01:51.203-0800: 159.770: [DefNew: 314559K->314559K(314560K), 0.0000321 secs]2021-01-22T21:01:51.203-0800: 159.770: [Tenured: 642617K->416923K(699072K), 0.0623459 secs] 957177K->416923K(1013632K), [Metaspace: 2698K->2698K(1056768K)], 0.0625041 secs] [Times: user=0.05 sys=0.01, real=0.06 secs] 
2021-01-22T21:01:51.359-0800: 159.926: [GC (Allocation Failure) 2021-01-22T21:01:51.359-0800: 159.926: [DefNew: 279616K->34943K(314560K), 0.0160159 secs] 696539K->502366K(1013632K), 0.0161139 secs] [Times: user=0.02 sys=0.00, real=0.02 secs] 
2021-01-22T21:01:51.429-0800: 159.996: [GC (Allocation Failure) 2021-01-22T21:01:51.429-0800: 159.996: [DefNew: 314234K->34943K(314560K), 0.0211084 secs] 781656K->574182K(1013632K), 0.0212291 secs] [Times: user=0.01 sys=0.00, real=0.03 secs] 
2021-01-22T21:01:51.495-0800: 160.063: [GC (Allocation Failure) 2021-01-22T21:01:51.495-0800: 160.063: [DefNew: 314559K->34940K(314560K), 0.0186354 secs] 853798K->655754K(1013632K), 0.0187728 secs] [Times: user=0.02 sys=0.00, real=0.02 secs] 
2021-01-22T21:01:51.555-0800: 160.122: [GC (Allocation Failure) 2021-01-22T21:01:51.555-0800: 160.122: [DefNew: 314556K->314556K(314560K), 0.0000229 secs]2021-01-22T21:01:51.555-0800: 160.122: [Tenured: 620814K->413747K(699072K), 0.0638515 secs] 935370K->413747K(1013632K), [Metaspace: 2698K->2698K(1056768K)], 0.0639858 secs] [Times: user=0.06 sys=0.00, real=0.06 secs] 
2021-01-22T21:01:51.659-0800: 160.226: [GC (Allocation Failure) 2021-01-22T21:01:51.659-0800: 160.226: [DefNew: 279616K->34943K(314560K), 0.0152166 secs] 693363K->509014K(1013632K), 0.0153259 secs] [Times: user=0.02 sys=0.00, real=0.02 secs] 
2021-01-22T21:01:51.716-0800: 160.283: [GC (Allocation Failure) 2021-01-22T21:01:51.716-0800: 160.283: [DefNew: 314559K->34943K(314560K), 0.0188503 secs] 788630K->595529K(1013632K), 0.0189572 secs] [Times: user=0.02 sys=0.00, real=0.02 secs] 
2021-01-22T21:01:51.774-0800: 160.341: [GC (Allocation Failure) 2021-01-22T21:01:51.774-0800: 160.341: [DefNew: 314559K->34944K(314560K), 0.0208091 secs] 875145K->678207K(1013632K), 0.0209328 secs] [Times: user=0.02 sys=0.00, real=0.02 secs] 
2021-01-22T21:01:51.850-0800: 160.417: [GC (Allocation Failure) 2021-01-22T21:01:51.850-0800: 160.418: [DefNew: 314560K->314560K(314560K), 0.0000936 secs]2021-01-22T21:01:51.850-0800: 160.418: [Tenured: 643263K->401022K(699072K), 0.0630018 secs] 957823K->401022K(1013632K), [Metaspace: 2698K->2698K(1056768K)], 0.0632465 secs] [Times: user=0.06 sys=0.00, real=0.06 secs] 
2021-01-22T21:01:51.951-0800: 160.519: [GC (Allocation Failure) 2021-01-22T21:01:51.951-0800: 160.519: [DefNew: 279616K->34943K(314560K), 0.0145385 secs] 680638K->489633K(1013632K), 0.0147430 secs] [Times: user=0.02 sys=0.00, real=0.01 secs] 
2021-01-22T21:01:52.005-0800: 160.573: [GC (Allocation Failure) 2021-01-22T21:01:52.005-0800: 160.573: [DefNew: 314559K->34943K(314560K), 0.0187651 secs] 769249K->571057K(1013632K), 0.0188578 secs] [Times: user=0.02 sys=0.01, real=0.02 secs] 
2021-01-22T21:01:52.064-0800: 160.632: [GC (Allocation Failure) 2021-01-22T21:01:52.064-0800: 160.632: [DefNew: 314559K->34943K(314560K), 0.0180584 secs] 850673K->648199K(1013632K), 0.0181627 secs] [Times: user=0.01 sys=0.00, real=0.02 secs] 
2021-01-22T21:01:52.121-0800: 160.689: [GC (Allocation Failure) 2021-01-22T21:01:52.121-0800: 160.689: [DefNew: 314559K->314559K(314560K), 0.0000319 secs]2021-01-22T21:01:52.121-0800: 160.689: [Tenured: 613256K->425006K(699072K), 0.0660812 secs] 927815K->425006K(1013632K), [Metaspace: 2698K->2698K(1056768K)], 0.0662412 secs] [Times: user=0.06 sys=0.00, real=0.06 secs] 
2021-01-22T21:01:52.230-0800: 160.797: [GC (Allocation Failure) 2021-01-22T21:01:52.230-0800: 160.798: [DefNew: 279616K->34943K(314560K), 0.0115837 secs] 704622K->506853K(1013632K), 0.0116787 secs] [Times: user=0.01 sys=0.00, real=0.01 secs] 
2021-01-22T21:01:52.290-0800: 160.857: [GC (Allocation Failure) 2021-01-22T21:01:52.290-0800: 160.857: [DefNew: 314559K->34943K(314560K), 0.0226243 secs] 786469K->582810K(1013632K), 0.0227327 secs] [Times: user=0.02 sys=0.00, real=0.02 secs] 
2021-01-22T21:01:52.360-0800: 160.928: [GC (Allocation Failure) 2021-01-22T21:01:52.360-0800: 160.928: [DefNew: 314559K->34943K(314560K), 0.0158522 secs] 862426K->656073K(1013632K), 0.0159547 secs] [Times: user=0.02 sys=0.00, real=0.01 secs] 
2021-01-22T21:01:52.416-0800: 160.984: [GC (Allocation Failure) 2021-01-22T21:01:52.416-0800: 160.984: [DefNew: 314559K->314559K(314560K), 0.0000225 secs]2021-01-22T21:01:52.416-0800: 160.984: [Tenured: 621129K->411443K(699072K), 0.0625409 secs] 935689K->411443K(1013632K), [Metaspace: 2698K->2698K(1056768K)], 0.0626695 secs] [Times: user=0.05 sys=0.00, real=0.06 secs] 
2021-01-22T21:01:52.516-0800: 161.084: [GC (Allocation Failure) 2021-01-22T21:01:52.516-0800: 161.084: [DefNew: 279616K->34942K(314560K), 0.0133018 secs] 691059K->494304K(1013632K), 0.0133929 secs] [Times: user=0.01 sys=0.00, real=0.02 secs] 
2021-01-22T21:01:52.569-0800: 161.137: [GC (Allocation Failure) 2021-01-22T21:01:52.569-0800: 161.137: [DefNew: 314558K->34942K(314560K), 0.0174971 secs] 773920K->571200K(1013632K), 0.0176595 secs] [Times: user=0.02 sys=0.00, real=0.02 secs] 
2021-01-22T21:01:52.622-0800: 161.190: [GC (Allocation Failure) 2021-01-22T21:01:52.622-0800: 161.190: [DefNew: 314558K->34943K(314560K), 0.0181379 secs] 850816K->653673K(1013632K), 0.0182535 secs] [Times: user=0.02 sys=0.00, real=0.02 secs] 
2021-01-22T21:01:52.679-0800: 161.247: [GC (Allocation Failure) 2021-01-22T21:01:52.679-0800: 161.247: [DefNew: 314559K->314559K(314560K), 0.0000231 secs]2021-01-22T21:01:52.679-0800: 161.247: [Tenured: 618729K->403969K(699072K), 0.0596834 secs] 933289K->403969K(1013632K), [Metaspace: 2698K->2698K(1056768K)], 0.0598149 secs] [Times: user=0.06 sys=0.00, real=0.06 secs] 
2021-01-22T21:01:52.779-0800: 161.346: [GC (Allocation Failure) 2021-01-22T21:01:52.779-0800: 161.346: [DefNew: 279616K->34944K(314560K), 0.0158084 secs] 683585K->499870K(1013632K), 0.0159116 secs] [Times: user=0.01 sys=0.00, real=0.02 secs] 
2021-01-22T21:01:52.834-0800: 161.401: [GC (Allocation Failure) 2021-01-22T21:01:52.834-0800: 161.401: [DefNew: 314560K->34943K(314560K), 0.0179795 secs] 779486K->575995K(1013632K), 0.0180804 secs] [Times: user=0.01 sys=0.00, real=0.02 secs] 
2021-01-22T21:01:52.904-0800: 161.471: [GC (Allocation Failure) 2021-01-22T21:01:52.904-0800: 161.471: [DefNew: 314559K->34943K(314560K), 0.0173216 secs] 855611K->649448K(1013632K), 0.0174110 secs] [Times: user=0.01 sys=0.00, real=0.02 secs] 
2021-01-22T21:01:52.958-0800: 161.526: [GC (Allocation Failure) 2021-01-22T21:01:52.958-0800: 161.526: [DefNew: 314559K->314559K(314560K), 0.0000263 secs]2021-01-22T21:01:52.958-0800: 161.526: [Tenured: 614504K->373562K(699072K), 0.0599839 secs] 929064K->373562K(1013632K), [Metaspace: 2698K->2698K(1056768K)], 0.0601309 secs] [Times: user=0.05 sys=0.00, real=0.06 secs] 
2021-01-22T21:01:53.057-0800: 161.624: [GC (Allocation Failure) 2021-01-22T21:01:53.057-0800: 161.624: [DefNew: 279580K->34943K(314560K), 0.0136273 secs] 653143K->457737K(1013632K), 0.0138227 secs] [Times: user=0.01 sys=0.00, real=0.02 secs] 
2021-01-22T21:01:53.121-0800: 161.689: [GC (Allocation Failure) 2021-01-22T21:01:53.121-0800: 161.689: [DefNew: 314559K->34944K(314560K), 0.0179432 secs] 737353K->537374K(1013632K), 0.0180589 secs] [Times: user=0.02 sys=0.00, real=0.01 secs] 
2021-01-22T21:01:53.178-0800: 161.746: [GC (Allocation Failure) 2021-01-22T21:01:53.178-0800: 161.746: [DefNew: 314560K->34944K(314560K), 0.0182980 secs] 816990K->618645K(1013632K), 0.0183898 secs] [Times: user=0.01 sys=0.00, real=0.02 secs] 
2021-01-22T21:01:53.235-0800: 161.802: [GC (Allocation Failure) 2021-01-22T21:01:53.235-0800: 161.802: [DefNew: 314560K->34943K(314560K), 0.0194620 secs] 898261K->692023K(1013632K), 0.0195897 secs] [Times: user=0.02 sys=0.00, real=0.02 secs] 
2021-01-22T21:01:53.292-0800: 161.860: [GC (Allocation Failure) 2021-01-22T21:01:53.292-0800: 161.860: [DefNew: 314559K->314559K(314560K), 0.0000276 secs]2021-01-22T21:01:53.292-0800: 161.860: [Tenured: 657080K->404281K(699072K), 0.0590490 secs] 971639K->404281K(1013632K), [Metaspace: 2698K->2698K(1056768K)], 0.0592017 secs] [Times: user=0.06 sys=0.00, real=0.06 secs] 
2021-01-22T21:01:53.393-0800: 161.960: [GC (Allocation Failure) 2021-01-22T21:01:53.393-0800: 161.960: [DefNew: 279616K->34943K(314560K), 0.0202901 secs] 683897K->495043K(1013632K), 0.0206013 secs] [Times: user=0.01 sys=0.00, real=0.02 secs] 
2021-01-22T21:01:53.465-0800: 162.032: [GC (Allocation Failure) 2021-01-22T21:01:53.465-0800: 162.033: [DefNew: 314559K->34943K(314560K), 0.0178752 secs] 774659K->571715K(1013632K), 0.0182655 secs] [Times: user=0.02 sys=0.00, real=0.02 secs] 
2021-01-22T21:01:53.522-0800: 162.090: [GC (Allocation Failure) 2021-01-22T21:01:53.522-0800: 162.090: [DefNew: 314559K->34943K(314560K), 0.0186017 secs] 851331K->657065K(1013632K), 0.0187067 secs] [Times: user=0.02 sys=0.00, real=0.02 secs] 
2021-01-22T21:01:53.585-0800: 162.153: [GC (Allocation Failure) 2021-01-22T21:01:53.585-0800: 162.153: [DefNew: 314559K->314559K(314560K), 0.0000857 secs]2021-01-22T21:01:53.585-0800: 162.153: [Tenured: 622121K->408328K(699072K), 0.0632961 secs] 936681K->408328K(1013632K), [Metaspace: 2698K->2698K(1056768K)], 0.0635911 secs] [Times: user=0.06 sys=0.00, real=0.06 secs] 
2021-01-22T21:01:53.692-0800: 162.259: [GC (Allocation Failure) 2021-01-22T21:01:53.692-0800: 162.259: [DefNew: 279616K->34944K(314560K), 0.0159457 secs] 687944K->495358K(1013632K), 0.0160607 secs] [Times: user=0.02 sys=0.00, real=0.01 secs] 
2021-01-22T21:01:53.748-0800: 162.315: [GC (Allocation Failure) 2021-01-22T21:01:53.748-0800: 162.315: [DefNew: 314560K->34943K(314560K), 0.0194327 secs] 774974K->582831K(1013632K), 0.0196229 secs] [Times: user=0.02 sys=0.00, real=0.02 secs] 
2021-01-22T21:01:53.804-0800: 162.372: [GC (Allocation Failure) 2021-01-22T21:01:53.804-0800: 162.372: [DefNew: 314559K->34943K(314560K), 0.0165904 secs] 862447K->663806K(1013632K), 0.0166911 secs] [Times: user=0.02 sys=0.00, real=0.02 secs] 
2021-01-22T21:01:53.858-0800: 162.425: [GC (Allocation Failure) 2021-01-22T21:01:53.858-0800: 162.425: [DefNew: 314559K->314559K(314560K), 0.0000219 secs]2021-01-22T21:01:53.858-0800: 162.425: [Tenured: 628862K->400393K(699072K), 0.0489563 secs] 943422K->400393K(1013632K), [Metaspace: 2698K->2698K(1056768K)], 0.0490874 secs] [Times: user=0.05 sys=0.00, real=0.05 secs] 
2021-01-22T21:01:53.938-0800: 162.506: [GC (Allocation Failure) 2021-01-22T21:01:53.938-0800: 162.506: [DefNew: 279616K->34943K(314560K), 0.0111633 secs] 680009K->482636K(1013632K), 0.0112607 secs] [Times: user=0.01 sys=0.00, real=0.01 secs] 
2021-01-22T21:01:53.982-0800: 162.550: [GC (Allocation Failure) 2021-01-22T21:01:53.982-0800: 162.550: [DefNew: 314559K->34943K(314560K), 0.0150023 secs] 762252K->560010K(1013632K), 0.0151160 secs] [Times: user=0.02 sys=0.00, real=0.01 secs] 
2021-01-22T21:01:54.047-0800: 162.615: [GC (Allocation Failure) 2021-01-22T21:01:54.048-0800: 162.615: [DefNew: 314559K->34943K(314560K), 0.0180794 secs] 839626K->629238K(1013632K), 0.0181685 secs] [Times: user=0.01 sys=0.00, real=0.02 secs] 
2021-01-22T21:01:54.114-0800: 162.681: [GC (Allocation Failure) 2021-01-22T21:01:54.114-0800: 162.681: [DefNew: 314559K->314559K(314560K), 0.0000542 secs]2021-01-22T21:01:54.114-0800: 162.681: [Tenured: 594294K->361526K(699072K), 0.0660317 secs] 908854K->361526K(1013632K), [Metaspace: 2698K->2698K(1056768K)], 0.0664275 secs] [Times: user=0.06 sys=0.00, real=0.07 secs] 
2021-01-22T21:01:54.228-0800: 162.795: [GC (Allocation Failure) 2021-01-22T21:01:54.228-0800: 162.795: [DefNew: 279616K->34943K(314560K), 0.0143421 secs] 641142K->451046K(1013632K), 0.0144573 secs] [Times: user=0.01 sys=0.00, real=0.02 secs] 
2021-01-22T21:01:54.295-0800: 162.862: [GC (Allocation Failure) 2021-01-22T21:01:54.295-0800: 162.862: [DefNew: 314559K->34943K(314560K), 0.0195076 secs] 730662K->533165K(1013632K), 0.0197036 secs] [Times: user=0.02 sys=0.00, real=0.02 secs] 
2021-01-22T21:01:54.358-0800: 162.925: [GC (Allocation Failure) 2021-01-22T21:01:54.358-0800: 162.925: [DefNew: 314559K->34944K(314560K), 0.0214491 secs] 812781K->618230K(1013632K), 0.0216074 secs] [Times: user=0.02 sys=0.00, real=0.03 secs] 
2021-01-22T21:01:54.423-0800: 162.990: [GC (Allocation Failure) 2021-01-22T21:01:54.423-0800: 162.990: [DefNew: 314560K->34943K(314560K), 0.0166264 secs] 897846K->689976K(1013632K), 0.0167187 secs] [Times: user=0.01 sys=0.00, real=0.02 secs] 
2021-01-22T21:01:54.474-0800: 163.041: [GC (Allocation Failure) 2021-01-22T21:01:54.474-0800: 163.042: [DefNew: 314559K->314559K(314560K), 0.0000310 secs]2021-01-22T21:01:54.474-0800: 163.042: [Tenured: 655032K->419980K(699072K), 0.0532012 secs] 969592K->419980K(1013632K), [Metaspace: 2698K->2698K(1056768K)], 0.0533496 secs] [Times: user=0.05 sys=0.00, real=0.05 secs] 
2021-01-22T21:01:54.606-0800: 163.173: [GC (Allocation Failure) 2021-01-22T21:01:54.606-0800: 163.173: [DefNew: 279616K->34942K(314560K), 0.0237024 secs] 699596K->499372K(1013632K), 0.0238082 secs] [Times: user=0.01 sys=0.00, real=0.03 secs] 
2021-01-22T21:01:54.676-0800: 163.244: [GC (Allocation Failure) 2021-01-22T21:01:54.676-0800: 163.244: [DefNew: 314558K->34943K(314560K), 0.0218808 secs] 778988K->577876K(1013632K), 0.0219920 secs] [Times: user=0.02 sys=0.00, real=0.02 secs] 
2021-01-22T21:01:54.737-0800: 163.305: [GC (Allocation Failure) 2021-01-22T21:01:54.737-0800: 163.305: [DefNew: 314559K->34943K(314560K), 0.0161953 secs] 857492K->666435K(1013632K), 0.0162891 secs] [Times: user=0.02 sys=0.00, real=0.02 secs] 
2021-01-22T21:01:54.784-0800: 163.352: [GC (Allocation Failure) 2021-01-22T21:01:54.784-0800: 163.352: [DefNew: 314559K->314559K(314560K), 0.0000329 secs]2021-01-22T21:01:54.784-0800: 163.352: [Tenured: 631492K->425893K(699072K), 0.0632160 secs] 946051K->425893K(1013632K), [Metaspace: 2698K->2698K(1056768K)], 0.0633833 secs] [Times: user=0.05 sys=0.00, real=0.06 secs] 
2021-01-22T21:01:54.887-0800: 163.454: [GC (Allocation Failure) 2021-01-22T21:01:54.887-0800: 163.455: [DefNew: 279616K->34943K(314560K), 0.0130148 secs] 705509K->515972K(1013632K), 0.0131062 secs] [Times: user=0.01 sys=0.00, real=0.02 secs] 
2021-01-22T21:01:54.948-0800: 163.516: [GC (Allocation Failure) 2021-01-22T21:01:54.948-0800: 163.516: [DefNew: 314559K->34943K(314560K), 0.0169740 secs] 795588K->591382K(1013632K), 0.0170959 secs] [Times: user=0.02 sys=0.00, real=0.02 secs] 
2021-01-22T21:01:55.012-0800: 163.580: [GC (Allocation Failure) 2021-01-22T21:01:55.012-0800: 163.580: [DefNew: 314559K->34943K(314560K), 0.0184371 secs] 870998K->668543K(1013632K), 0.0185467 secs] [Times: user=0.01 sys=0.00, real=0.02 secs] 
2021-01-22T21:01:55.081-0800: 163.648: [GC (Allocation Failure) 2021-01-22T21:01:55.081-0800: 163.648: [DefNew: 314559K->314559K(314560K), 0.0000220 secs]2021-01-22T21:01:55.081-0800: 163.648: [Tenured: 633600K->413708K(699072K), 0.0593029 secs] 948159K->413708K(1013632K), [Metaspace: 2698K->2698K(1056768K)], 0.0594387 secs] [Times: user=0.06 sys=0.00, real=0.06 secs] 
2021-01-22T21:01:55.208-0800: 163.776: [GC (Allocation Failure) 2021-01-22T21:01:55.208-0800: 163.776: [DefNew: 279616K->34944K(314560K), 0.0143570 secs] 693324K->507300K(1013632K), 0.0144695 secs] [Times: user=0.01 sys=0.00, real=0.02 secs] 
2021-01-22T21:01:55.289-0800: 163.856: [GC (Allocation Failure) 2021-01-22T21:01:55.289-0800: 163.856: [DefNew: 314560K->34942K(314560K), 0.0173387 secs] 786916K->589787K(1013632K), 0.0174519 secs] [Times: user=0.02 sys=0.00, real=0.02 secs] 
2021-01-22T21:01:55.354-0800: 163.922: [GC (Allocation Failure) 2021-01-22T21:01:55.354-0800: 163.922: [DefNew: 314558K->34943K(314560K), 0.0176672 secs] 869403K->672585K(1013632K), 0.0177846 secs] [Times: user=0.01 sys=0.00, real=0.02 secs] 
2021-01-22T21:01:55.423-0800: 163.990: [GC (Allocation Failure) 2021-01-22T21:01:55.423-0800: 163.990: [DefNew: 314559K->314559K(314560K), 0.0000337 secs]2021-01-22T21:01:55.423-0800: 163.990: [Tenured: 637642K->380876K(699072K), 0.0949165 secs] 952201K->380876K(1013632K), [Metaspace: 2698K->2698K(1056768K)], 0.0950937 secs] [Times: user=0.05 sys=0.00, real=0.09 secs] 
2021-01-22T21:01:55.584-0800: 164.152: [GC (Allocation Failure) 2021-01-22T21:01:55.584-0800: 164.152: [DefNew: 279616K->34943K(314560K), 0.0166608 secs] 660492K->474704K(1013632K), 0.0167540 secs] [Times: user=0.02 sys=0.00, real=0.02 secs] 
2021-01-22T21:01:55.635-0800: 164.203: [GC (Allocation Failure) 2021-01-22T21:01:55.635-0800: 164.203: [DefNew: 314559K->34943K(314560K), 0.0161745 secs] 754320K->563142K(1013632K), 0.0162691 secs] [Times: user=0.02 sys=0.00, real=0.02 secs] 
2021-01-22T21:01:55.691-0800: 164.259: [GC (Allocation Failure) 2021-01-22T21:01:55.691-0800: 164.259: [DefNew: 314422K->34943K(314560K), 0.0135761 secs] 842621K->635391K(1013632K), 0.0136845 secs] [Times: user=0.02 sys=0.00, real=0.01 secs] 
2021-01-22T21:01:55.734-0800: 164.302: [GC (Allocation Failure) 2021-01-22T21:01:55.734-0800: 164.302: [DefNew: 314559K->314559K(314560K), 0.0000224 secs]2021-01-22T21:01:55.734-0800: 164.302: [Tenured: 600448K->412460K(699072K), 0.0474421 secs] 915007K->412460K(1013632K), [Metaspace: 2698K->2698K(1056768K)], 0.0475777 secs] [Times: user=0.04 sys=0.00, real=0.05 secs] 
2021-01-22T21:01:55.813-0800: 164.380: [GC (Allocation Failure) 2021-01-22T21:01:55.813-0800: 164.380: [DefNew: 279616K->34943K(314560K), 0.0127626 secs] 692076K->499903K(1013632K), 0.0128583 secs] [Times: user=0.01 sys=0.00, real=0.01 secs] 
2021-01-22T21:01:55.856-0800: 164.424: [GC (Allocation Failure) 2021-01-22T21:01:55.856-0800: 164.424: [DefNew: 314559K->34943K(314560K), 0.0152693 secs] 779519K->579384K(1013632K), 0.0153688 secs] [Times: user=0.01 sys=0.00, real=0.02 secs] 
2021-01-22T21:01:55.900-0800: 164.468: [GC (Allocation Failure) 2021-01-22T21:01:55.900-0800: 164.468: [DefNew: 314559K->34943K(314560K), 0.0155108 secs] 859000K->659797K(1013632K), 0.0155957 secs] [Times: user=0.01 sys=0.00, real=0.01 secs] 
2021-01-22T21:01:55.947-0800: 164.514: [GC (Allocation Failure) 2021-01-22T21:01:55.947-0800: 164.514: [DefNew: 314559K->314559K(314560K), 0.0000218 secs]2021-01-22T21:01:55.947-0800: 164.514: [Tenured: 624853K->402017K(699072K), 0.0480991 secs] 939413K->402017K(1013632K), [Metaspace: 2698K->2698K(1056768K)], 0.0482327 secs] [Times: user=0.05 sys=0.00, real=0.05 secs] 
2021-01-22T21:01:56.033-0800: 164.600: [GC (Allocation Failure) 2021-01-22T21:01:56.033-0800: 164.600: [DefNew: 279616K->34943K(314560K), 0.0106527 secs] 681633K->484577K(1013632K), 0.0107612 secs] [Times: user=0.01 sys=0.00, real=0.01 secs] 
2021-01-22T21:01:56.075-0800: 164.643: [GC (Allocation Failure) 2021-01-22T21:01:56.075-0800: 164.643: [DefNew: 314559K->34944K(314560K), 0.0146582 secs] 764193K->559239K(1013632K), 0.0147623 secs] [Times: user=0.01 sys=0.00, real=0.02 secs] 
2021-01-22T21:01:56.122-0800: 164.690: [GC (Allocation Failure) 2021-01-22T21:01:56.122-0800: 164.690: [DefNew: 314560K->34944K(314560K), 0.0142870 secs] 838855K->636023K(1013632K), 0.0143784 secs] [Times: user=0.01 sys=0.00, real=0.01 secs] 
2021-01-22T21:01:56.169-0800: 164.736: [GC (Allocation Failure) 2021-01-22T21:01:56.169-0800: 164.736: [DefNew: 314560K->314560K(314560K), 0.0000214 secs]2021-01-22T21:01:56.169-0800: 164.736: [Tenured: 601079K->383297K(699072K), 0.0462201 secs] 915639K->383297K(1013632K), [Metaspace: 2698K->2698K(1056768K)], 0.0463507 secs] [Times: user=0.05 sys=0.00, real=0.05 secs] 
2021-01-22T21:01:56.246-0800: 164.813: [GC (Allocation Failure) 2021-01-22T21:01:56.246-0800: 164.813: [DefNew: 279616K->34943K(314560K), 0.0123952 secs] 662913K->479528K(1013632K), 0.0124886 secs] [Times: user=0.01 sys=0.00, real=0.01 secs] 
2021-01-22T21:01:56.288-0800: 164.856: [GC (Allocation Failure) 2021-01-22T21:01:56.288-0800: 164.856: [DefNew: 314559K->34944K(314560K), 0.0153496 secs] 759144K->560416K(1013632K), 0.0154426 secs] [Times: user=0.01 sys=0.00, real=0.02 secs] 
2021-01-22T21:01:56.334-0800: 164.902: [GC (Allocation Failure) 2021-01-22T21:01:56.334-0800: 164.902: [DefNew: 314560K->34943K(314560K), 0.0153638 secs] 840032K->643006K(1013632K), 0.0154873 secs] [Times: user=0.02 sys=0.00, real=0.02 secs] 
2021-01-22T21:01:56.381-0800: 164.948: [GC (Allocation Failure) 2021-01-22T21:01:56.381-0800: 164.948: [DefNew: 314559K->314559K(314560K), 0.0000219 secs]2021-01-22T21:01:56.381-0800: 164.948: [Tenured: 608062K->370969K(699072K), 0.0488682 secs] 922622K->370969K(1013632K), [Metaspace: 2698K->2698K(1056768K)], 0.0490021 secs] [Times: user=0.05 sys=0.00, real=0.05 secs] 
2021-01-22T21:01:56.461-0800: 165.028: [GC (Allocation Failure) 2021-01-22T21:01:56.461-0800: 165.028: [DefNew: 279616K->34944K(314560K), 0.0116999 secs] 650585K->461897K(1013632K), 0.0117946 secs] [Times: user=0.01 sys=0.00, real=0.01 secs] 
2021-01-22T21:01:56.502-0800: 165.070: [GC (Allocation Failure) 2021-01-22T21:01:56.502-0800: 165.070: [DefNew: 314497K->34943K(314560K), 0.0228438 secs] 741451K->541971K(1013632K), 0.0229727 secs] [Times: user=0.02 sys=0.00, real=0.02 secs] 
2021-01-22T21:01:56.570-0800: 165.137: [GC (Allocation Failure) 2021-01-22T21:01:56.570-0800: 165.138: [DefNew: 314559K->34943K(314560K), 0.0157781 secs] 821587K->625189K(1013632K), 0.0158834 secs] [Times: user=0.02 sys=0.00, real=0.01 secs] 
2021-01-22T21:01:56.618-0800: 165.185: [GC (Allocation Failure) 2021-01-22T21:01:56.618-0800: 165.185: [DefNew: 314559K->314559K(314560K), 0.0000234 secs]2021-01-22T21:01:56.618-0800: 165.185: [Tenured: 590246K->411253K(699072K), 0.0554193 secs] 904805K->411253K(1013632K), [Metaspace: 2698K->2698K(1056768K)], 0.0555709 secs] [Times: user=0.05 sys=0.00, real=0.06 secs] 
2021-01-22T21:01:56.708-0800: 165.276: [GC (Allocation Failure) 2021-01-22T21:01:56.708-0800: 165.276: [DefNew: 279616K->34943K(314560K), 0.0108971 secs] 690869K->497114K(1013632K), 0.0109890 secs] [Times: user=0.01 sys=0.00, real=0.01 secs] 
2021-01-22T21:01:56.748-0800: 165.315: [GC (Allocation Failure) 2021-01-22T21:01:56.748-0800: 165.315: [DefNew: 314559K->34943K(314560K), 0.0163593 secs] 776730K->585138K(1013632K), 0.0164580 secs] [Times: user=0.02 sys=0.00, real=0.02 secs] 
2021-01-22T21:01:56.796-0800: 165.363: [GC (Allocation Failure) 2021-01-22T21:01:56.796-0800: 165.363: [DefNew: 314490K->34943K(314560K), 0.0140125 secs] 864684K->659897K(1013632K), 0.0141140 secs] [Times: user=0.02 sys=0.00, real=0.02 secs] 
2021-01-22T21:01:56.842-0800: 165.410: [GC (Allocation Failure) 2021-01-22T21:01:56.842-0800: 165.410: [DefNew: 314559K->314559K(314560K), 0.0000230 secs]2021-01-22T21:01:56.842-0800: 165.410: [Tenured: 624953K->407067K(699072K), 0.0486892 secs] 939513K->407067K(1013632K), [Metaspace: 2698K->2698K(1056768K)], 0.0488428 secs] [Times: user=0.05 sys=0.00, real=0.05 secs] 
2021-01-22T21:01:56.923-0800: 165.491: [GC (Allocation Failure) 2021-01-22T21:01:56.923-0800: 165.491: [DefNew: 279616K->34943K(314560K), 0.0105656 secs] 686683K->490815K(1013632K), 0.0106614 secs] [Times: user=0.01 sys=0.00, real=0.01 secs] 
2021-01-22T21:01:56.964-0800: 165.532: [GC (Allocation Failure) 2021-01-22T21:01:56.964-0800: 165.532: [DefNew: 314559K->34943K(314560K), 0.0144646 secs] 770431K->568802K(1013632K), 0.0145743 secs] [Times: user=0.01 sys=0.00, real=0.01 secs] 
2021-01-22T21:01:57.010-0800: 165.578: [GC (Allocation Failure) 2021-01-22T21:01:57.010-0800: 165.578: [DefNew: 314559K->34943K(314560K), 0.0150122 secs] 848418K->653268K(1013632K), 0.0151120 secs] [Times: user=0.02 sys=0.00, real=0.01 secs] 
2021-01-22T21:01:57.055-0800: 165.623: [GC (Allocation Failure) 2021-01-22T21:01:57.055-0800: 165.623: [DefNew: 314559K->314559K(314560K), 0.0000217 secs]2021-01-22T21:01:57.055-0800: 165.623: [Tenured: 618324K->399206K(699072K), 0.0492850 secs] 932884K->399206K(1013632K), [Metaspace: 2698K->2698K(1056768K)], 0.0494192 secs] [Times: user=0.05 sys=0.00, real=0.05 secs] 
2021-01-22T21:01:57.137-0800: 165.704: [GC (Allocation Failure) 2021-01-22T21:01:57.137-0800: 165.704: [DefNew: 279616K->34944K(314560K), 0.0114119 secs] 678822K->485745K(1013632K), 0.0115091 secs] [Times: user=0.01 sys=0.00, real=0.01 secs] 
2021-01-22T21:01:57.180-0800: 165.748: [GC (Allocation Failure) 2021-01-22T21:01:57.180-0800: 165.748: [DefNew: 314560K->34943K(314560K), 0.0145492 secs] 765361K->560560K(1013632K), 0.0146469 secs] [Times: user=0.01 sys=0.00, real=0.01 secs] 
2021-01-22T21:01:57.227-0800: 165.794: [GC (Allocation Failure) 2021-01-22T21:01:57.227-0800: 165.794: [DefNew: 314346K->34943K(314560K), 0.0152417 secs] 839963K->645525K(1013632K), 0.0153397 secs] [Times: user=0.01 sys=0.00, real=0.02 secs] 
2021-01-22T21:01:57.273-0800: 165.840: [GC (Allocation Failure) 2021-01-22T21:01:57.273-0800: 165.840: [DefNew: 314559K->314559K(314560K), 0.0000220 secs]2021-01-22T21:01:57.273-0800: 165.840: [Tenured: 610581K->379577K(699072K), 0.0500877 secs] 925141K->379577K(1013632K), [Metaspace: 2698K->2698K(1056768K)], 0.0502255 secs] [Times: user=0.05 sys=0.00, real=0.05 secs] 
2021-01-22T21:01:57.354-0800: 165.921: [GC (Allocation Failure) 2021-01-22T21:01:57.354-0800: 165.921: [DefNew: 279616K->34943K(314560K), 0.0113190 secs] 659193K->466407K(1013632K), 0.0114270 secs] [Times: user=0.01 sys=0.00, real=0.01 secs] 
2021-01-22T21:01:57.396-0800: 165.964: [GC (Allocation Failure) 2021-01-22T21:01:57.396-0800: 165.964: [DefNew: 314559K->34943K(314560K), 0.0147057 secs] 746023K->542767K(1013632K), 0.0148124 secs] [Times: user=0.02 sys=0.00, real=0.02 secs] 
2021-01-22T21:01:57.440-0800: 166.007: [GC (Allocation Failure) 2021-01-22T21:01:57.440-0800: 166.007: [DefNew: 314316K->34943K(314560K), 0.0152183 secs] 822140K->627071K(1013632K), 0.0153177 secs] [Times: user=0.01 sys=0.00, real=0.01 secs] 
2021-01-22T21:01:57.487-0800: 166.054: [GC (Allocation Failure) 2021-01-22T21:01:57.487-0800: 166.054: [DefNew: 314559K->314559K(314560K), 0.0000217 secs]2021-01-22T21:01:57.487-0800: 166.054: [Tenured: 592127K->409855K(699072K), 0.0478214 secs] 906687K->409855K(1013632K), [Metaspace: 2698K->2698K(1056768K)], 0.0479555 secs] [Times: user=0.05 sys=0.00, real=0.05 secs] 
2021-01-22T21:01:57.566-0800: 166.134: [GC (Allocation Failure) 2021-01-22T21:01:57.566-0800: 166.134: [DefNew: 279616K->34942K(314560K), 0.0118537 secs] 689471K->495728K(1013632K), 0.0119550 secs] [Times: user=0.01 sys=0.00, real=0.01 secs] 
2021-01-22T21:01:57.609-0800: 166.176: [GC (Allocation Failure) 2021-01-22T21:01:57.609-0800: 166.176: [DefNew: 314558K->34943K(314560K), 0.0156256 secs] 775344K->580430K(1013632K), 0.0157191 secs] [Times: user=0.02 sys=0.00, real=0.02 secs] 
2021-01-22T21:01:57.655-0800: 166.223: [GC (Allocation Failure) 2021-01-22T21:01:57.655-0800: 166.223: [DefNew: 314396K->34943K(314560K), 0.0150204 secs] 859882K->664101K(1013632K), 0.0151255 secs] [Times: user=0.01 sys=0.00, real=0.02 secs] 
2021-01-22T21:01:57.701-0800: 166.269: [GC (Allocation Failure) 2021-01-22T21:01:57.701-0800: 166.269: [DefNew: 314559K->314559K(314560K), 0.0000227 secs]2021-01-22T21:01:57.701-0800: 166.269: [Tenured: 629157K->416599K(699072K), 0.0493910 secs] 943717K->416599K(1013632K), [Metaspace: 2698K->2698K(1056768K)], 0.0495290 secs] [Times: user=0.05 sys=0.00, real=0.05 secs] 
2021-01-22T21:01:57.783-0800: 166.351: [GC (Allocation Failure) 2021-01-22T21:01:57.783-0800: 166.351: [DefNew: 279616K->34943K(314560K), 0.0104911 secs] 696215K->498220K(1013632K), 0.0106163 secs] [Times: user=0.01 sys=0.00, real=0.01 secs] 
2021-01-22T21:01:57.826-0800: 166.394: [GC (Allocation Failure) 2021-01-22T21:01:57.826-0800: 166.394: [DefNew: 314559K->34943K(314560K), 0.0148242 secs] 777836K->573478K(1013632K), 0.0149182 secs] [Times: user=0.02 sys=0.00, real=0.02 secs] 
2021-01-22T21:01:57.873-0800: 166.440: [GC (Allocation Failure) 2021-01-22T21:01:57.873-0800: 166.440: [DefNew: 314559K->34943K(314560K), 0.0145035 secs] 853094K->653138K(1013632K), 0.0146063 secs] [Times: user=0.01 sys=0.00, real=0.01 secs] 
2021-01-22T21:01:57.919-0800: 166.486: [GC (Allocation Failure) 2021-01-22T21:01:57.919-0800: 166.486: [DefNew: 314559K->314559K(314560K), 0.0000216 secs]2021-01-22T21:01:57.919-0800: 166.486: [Tenured: 618194K->408195K(699072K), 0.0489211 secs] 932754K->408195K(1013632K), [Metaspace: 2698K->2698K(1056768K)], 0.0490491 secs] [Times: user=0.05 sys=0.00, real=0.05 secs] 
2021-01-22T21:01:57.999-0800: 166.567: [GC (Allocation Failure) 2021-01-22T21:01:57.999-0800: 166.567: [DefNew: 279457K->34943K(314560K), 0.0118067 secs] 687653K->494869K(1013632K), 0.0119068 secs] [Times: user=0.02 sys=0.00, real=0.02 secs] 
2021-01-22T21:01:58.043-0800: 166.610: [GC (Allocation Failure) 2021-01-22T21:01:58.043-0800: 166.610: [DefNew: 314559K->34943K(314560K), 0.0148448 secs] 774485K->572628K(1013632K), 0.0149581 secs] [Times: user=0.01 sys=0.00, real=0.01 secs] 
2021-01-22T21:01:58.088-0800: 166.656: [GC (Allocation Failure) 2021-01-22T21:01:58.088-0800: 166.656: [DefNew: 314559K->34943K(314560K), 0.0167650 secs] 852244K->662133K(1013632K), 0.0168644 secs] [Times: user=0.02 sys=0.00, real=0.02 secs] 
2021-01-22T21:01:58.137-0800: 166.704: [GC (Allocation Failure) 2021-01-22T21:01:58.137-0800: 166.704: [DefNew: 314559K->314559K(314560K), 0.0000234 secs]2021-01-22T21:01:58.137-0800: 166.705: [Tenured: 627189K->383519K(699072K), 0.0512774 secs] 941749K->383519K(1013632K), [Metaspace: 2698K->2698K(1056768K)], 0.0514128 secs] [Times: user=0.05 sys=0.00, real=0.05 secs] 
2021-01-22T21:01:58.221-0800: 166.788: [GC (Allocation Failure) 2021-01-22T21:01:58.221-0800: 166.789: [DefNew: 279616K->34943K(314560K), 0.0113267 secs] 663135K->472417K(1013632K), 0.0114340 secs] [Times: user=0.01 sys=0.00, real=0.01 secs] 
2021-01-22T21:01:58.266-0800: 166.834: [GC (Allocation Failure) 2021-01-22T21:01:58.266-0800: 166.834: [DefNew: 314559K->34944K(314560K), 0.0151948 secs] 752033K->552621K(1013632K), 0.0152893 secs] [Times: user=0.02 sys=0.00, real=0.02 secs] 
2021-01-22T21:01:58.313-0800: 166.880: [GC (Allocation Failure) 2021-01-22T21:01:58.313-0800: 166.881: [DefNew: 314560K->34943K(314560K), 0.0154923 secs] 832237K->636118K(1013632K), 0.0155896 secs] [Times: user=0.01 sys=0.00, real=0.01 secs] 
2021-01-22T21:01:58.360-0800: 166.927: [GC (Allocation Failure) 2021-01-22T21:01:58.360-0800: 166.927: [DefNew: 314559K->314559K(314560K), 0.0000223 secs]2021-01-22T21:01:58.360-0800: 166.927: [Tenured: 601174K->424741K(699072K), 0.0500334 secs] 915734K->424741K(1013632K), [Metaspace: 2698K->2698K(1056768K)], 0.0795256 secs] [Times: user=0.04 sys=0.00, real=0.07 secs] 
2021-01-22T21:01:58.484-0800: 167.052: [GC (Allocation Failure) 2021-01-22T21:01:58.484-0800: 167.052: [DefNew: 279616K->34940K(314560K), 0.0165566 secs] 704357K->512608K(1013632K), 0.0166396 secs] [Times: user=0.02 sys=0.00, real=0.02 secs] 
2021-01-22T21:01:58.555-0800: 167.122: [GC (Allocation Failure) 2021-01-22T21:01:58.555-0800: 167.122: [DefNew: 314518K->34942K(314560K), 0.0256529 secs] 792186K->593643K(1013632K), 0.0330355 secs] [Times: user=0.03 sys=0.00, real=0.03 secs] 
2021-01-22T21:01:58.645-0800: 167.212: [GC (Allocation Failure) 2021-01-22T21:01:58.645-0800: 167.213: [DefNew: 314558K->34943K(314560K), 0.0272776 secs] 873259K->667911K(1013632K), 0.0317162 secs] [Times: user=0.02 sys=0.00, real=0.04 secs] 
2021-01-22T21:01:58.724-0800: 167.292: [GC (Allocation Failure) 2021-01-22T21:01:58.724-0800: 167.292: [DefNew: 314559K->314559K(314560K), 0.0000461 secs]2021-01-22T21:01:58.724-0800: 167.292: [Tenured: 632967K->408375K(699072K), 0.0557644 secs] 947527K->408375K(1013632K), [Metaspace: 2698K->2698K(1056768K)], 0.0559494 secs] [Times: user=0.05 sys=0.00, real=0.06 secs] 
2021-01-22T21:01:58.813-0800: 167.381: [GC (Allocation Failure) 2021-01-22T21:01:58.813-0800: 167.381: [DefNew: 279616K->34943K(314560K), 0.0111733 secs] 687991K->491370K(1013632K), 0.0112682 secs] [Times: user=0.01 sys=0.00, real=0.01 secs] 
2021-01-22T21:01:58.857-0800: 167.425: [GC (Allocation Failure) 2021-01-22T21:01:58.857-0800: 167.425: [DefNew: 314559K->34943K(314560K), 0.0145011 secs] 770986K->566121K(1013632K), 0.0146007 secs] [Times: user=0.01 sys=0.00, real=0.02 secs] 
2021-01-22T21:01:58.904-0800: 167.471: [GC (Allocation Failure) 2021-01-22T21:01:58.904-0800: 167.471: [DefNew: 314559K->34943K(314560K), 0.0155050 secs] 845737K->649569K(1013632K), 0.0155990 secs] [Times: user=0.02 sys=0.00, real=0.01 secs] 
2021-01-22T21:01:58.951-0800: 167.518: [GC (Allocation Failure) 2021-01-22T21:01:58.951-0800: 167.518: [DefNew: 314559K->314559K(314560K), 0.0000227 secs]2021-01-22T21:01:58.951-0800: 167.518: [Tenured: 614625K->405626K(699072K), 0.0498685 secs] 929185K->405626K(1013632K), [Metaspace: 2698K->2698K(1056768K)], 0.0500443 secs] [Times: user=0.05 sys=0.00, real=0.05 secs] 
2021-01-22T21:01:59.033-0800: 167.600: [GC (Allocation Failure) 2021-01-22T21:01:59.033-0800: 167.601: [DefNew: 279616K->34943K(314560K), 0.0125145 secs] 685242K->499474K(1013632K), 0.0126185 secs] [Times: user=0.01 sys=0.00, real=0.01 secs] 
2021-01-22T21:01:59.077-0800: 167.644: [GC (Allocation Failure) 2021-01-22T21:01:59.077-0800: 167.644: [DefNew: 314559K->34944K(314560K), 0.0154366 secs] 779090K->574546K(1013632K), 0.0155287 secs] [Times: user=0.02 sys=0.00, real=0.02 secs] 
2021-01-22T21:01:59.122-0800: 167.690: [GC (Allocation Failure) 2021-01-22T21:01:59.122-0800: 167.690: [DefNew: 314560K->34944K(314560K), 0.0137572 secs] 854162K->643577K(1013632K), 0.0138536 secs] [Times: user=0.02 sys=0.01, real=0.01 secs] 
2021-01-22T21:01:59.165-0800: 167.733: [GC (Allocation Failure) 2021-01-22T21:01:59.165-0800: 167.733: [DefNew: 314560K->314560K(314560K), 0.0000217 secs]2021-01-22T21:01:59.165-0800: 167.733: [Tenured: 608633K->373360K(699072K), 0.0502627 secs] 923193K->373360K(1013632K), [Metaspace: 2698K->2698K(1056768K)], 0.0503964 secs] [Times: user=0.05 sys=0.00, real=0.05 secs] 
2021-01-22T21:01:59.246-0800: 167.814: [GC (Allocation Failure) 2021-01-22T21:01:59.247-0800: 167.814: [DefNew: 279616K->34943K(314560K), 0.0116477 secs] 652976K->457612K(1013632K), 0.0117512 secs] [Times: user=0.02 sys=0.00, real=0.01 secs] 
2021-01-22T21:01:59.290-0800: 167.858: [GC (Allocation Failure) 2021-01-22T21:01:59.290-0800: 167.858: [DefNew: 314559K->34942K(314560K), 0.0154214 secs] 737228K->538252K(1013632K), 0.0155170 secs] [Times: user=0.01 sys=0.00, real=0.01 secs] 
2021-01-22T21:01:59.337-0800: 167.905: [GC (Allocation Failure) 2021-01-22T21:01:59.337-0800: 167.905: [DefNew: 314558K->34943K(314560K), 0.0140211 secs] 817868K->609065K(1013632K), 0.0141127 secs] [Times: user=0.02 sys=0.00, real=0.02 secs] 
2021-01-22T21:01:59.383-0800: 167.950: [GC (Allocation Failure) 2021-01-22T21:01:59.383-0800: 167.950: [DefNew: 314559K->34943K(314560K), 0.0149120 secs] 888681K->685763K(1013632K), 0.0150070 secs] [Times: user=0.01 sys=0.00, real=0.01 secs] 
2021-01-22T21:01:59.430-0800: 167.997: [GC (Allocation Failure) 2021-01-22T21:01:59.430-0800: 167.997: [DefNew: 314559K->314559K(314560K), 0.0000219 secs]2021-01-22T21:01:59.430-0800: 167.997: [Tenured: 650820K->412799K(699072K), 0.0490046 secs] 965379K->412799K(1013632K), [Metaspace: 2698K->2698K(1056768K)], 0.0491351 secs] [Times: user=0.05 sys=0.00, real=0.04 secs] 
2021-01-22T21:01:59.512-0800: 168.079: [GC (Allocation Failure) 2021-01-22T21:01:59.512-0800: 168.079: [DefNew: 279616K->34943K(314560K), 0.0123954 secs] 692415K->507156K(1013632K), 0.0124878 secs] [Times: user=0.01 sys=0.00, real=0.01 secs] 
2021-01-22T21:01:59.555-0800: 168.123: [GC (Allocation Failure) 2021-01-22T21:01:59.555-0800: 168.123: [DefNew: 314559K->34944K(314560K), 0.0153866 secs] 786772K->587218K(1013632K), 0.0155001 secs] [Times: user=0.02 sys=0.00, real=0.02 secs] 
2021-01-22T21:01:59.606-0800: 168.173: [GC (Allocation Failure) 2021-01-22T21:01:59.606-0800: 168.173: [DefNew: 314036K->34944K(314560K), 0.0248162 secs] 866310K->664135K(1013632K), 0.0249426 secs] [Times: user=0.02 sys=0.00, real=0.03 secs] 
2021-01-22T21:01:59.674-0800: 168.242: [GC (Allocation Failure) 2021-01-22T21:01:59.674-0800: 168.242: [DefNew: 314560K->314560K(314560K), 0.0000340 secs]2021-01-22T21:01:59.674-0800: 168.242: [Tenured: 629191K->419744K(699072K), 0.0568746 secs] 943751K->419744K(1013632K), [Metaspace: 2698K->2698K(1056768K)], 0.0570564 secs] [Times: user=0.05 sys=0.00, real=0.06 secs] 
2021-01-22T21:01:59.765-0800: 168.332: [GC (Allocation Failure) 2021-01-22T21:01:59.765-0800: 168.332: [DefNew: 279616K->34943K(314560K), 0.0115720 secs] 699360K->505585K(1013632K), 0.0116658 secs] [Times: user=0.01 sys=0.00, real=0.01 secs] 
2021-01-22T21:01:59.809-0800: 168.376: [GC (Allocation Failure) 2021-01-22T21:01:59.809-0800: 168.376: [DefNew: 314559K->34944K(314560K), 0.0162371 secs] 785201K->588478K(1013632K), 0.0163277 secs] [Times: user=0.01 sys=0.00, real=0.02 secs] 
2021-01-22T21:01:59.853-0800: 168.421: [GC (Allocation Failure) 2021-01-22T21:01:59.853-0800: 168.421: [DefNew: 314560K->34943K(314560K), 0.0158649 secs] 868094K->672299K(1013632K), 0.0159622 secs] [Times: user=0.02 sys=0.00, real=0.01 secs] 
2021-01-22T21:01:59.903-0800: 168.471: [GC (Allocation Failure) 2021-01-22T21:01:59.903-0800: 168.471: [DefNew: 314559K->314559K(314560K), 0.0000221 secs]2021-01-22T21:01:59.903-0800: 168.471: [Tenured: 637355K->418010K(699072K), 0.0552250 secs] 951915K->418010K(1013632K), [Metaspace: 2698K->2698K(1056768K)], 0.0553562 secs] [Times: user=0.05 sys=0.00, real=0.05 secs] 
2021-01-22T21:01:59.993-0800: 168.561: [GC (Allocation Failure) 2021-01-22T21:01:59.993-0800: 168.561: [DefNew: 279616K->34941K(314560K), 0.0124129 secs] 697626K->504890K(1013632K), 0.0125046 secs] [Times: user=0.02 sys=0.00, real=0.01 secs] 
2021-01-22T21:02:00.039-0800: 168.606: [GC (Allocation Failure) 2021-01-22T21:02:00.039-0800: 168.606: [DefNew: 314543K->34943K(314560K), 0.0148138 secs] 784492K->581595K(1013632K), 0.0149155 secs] [Times: user=0.01 sys=0.00, real=0.02 secs] 
2021-01-22T21:02:00.086-0800: 168.653: [GC (Allocation Failure) 2021-01-22T21:02:00.086-0800: 168.653: [DefNew: 314559K->34942K(314560K), 0.0158469 secs] 861211K->662872K(1013632K), 0.0159555 secs] [Times: user=0.02 sys=0.00, real=0.02 secs] 
2021-01-22T21:02:00.133-0800: 168.701: [GC (Allocation Failure) 2021-01-22T21:02:00.134-0800: 168.701: [DefNew: 314558K->314558K(314560K), 0.0000223 secs]2021-01-22T21:02:00.134-0800: 168.701: [Tenured: 627930K->374979K(699072K), 0.0506363 secs] 942488K->374979K(1013632K), [Metaspace: 2698K->2698K(1056768K)], 0.0507716 secs] [Times: user=0.05 sys=0.00, real=0.05 secs] 
2021-01-22T21:02:00.216-0800: 168.783: [GC (Allocation Failure) 2021-01-22T21:02:00.216-0800: 168.783: [DefNew: 279616K->34943K(314560K), 0.0119278 secs] 654595K->462727K(1013632K), 0.0120235 secs] [Times: user=0.01 sys=0.00, real=0.01 secs] 
2021-01-22T21:02:00.261-0800: 168.828: [GC (Allocation Failure) 2021-01-22T21:02:00.261-0800: 168.828: [DefNew: 314559K->34943K(314560K), 0.0146488 secs] 742343K->536508K(1013632K), 0.0147473 secs] [Times: user=0.02 sys=0.00, real=0.01 secs] 
2021-01-22T21:02:00.307-0800: 168.874: [GC (Allocation Failure) 2021-01-22T21:02:00.307-0800: 168.874: [DefNew: 314559K->34942K(314560K), 0.0145293 secs] 816124K->614522K(1013632K), 0.0146340 secs] [Times: user=0.01 sys=0.00, real=0.02 secs] 
2021-01-22T21:02:00.352-0800: 168.920: [GC (Allocation Failure) 2021-01-22T21:02:00.352-0800: 168.920: [DefNew: 314558K->34944K(314560K), 0.0150590 secs] 894138K->688513K(1013632K), 0.0151507 secs] [Times: user=0.02 sys=0.00, real=0.01 secs] 
2021-01-22T21:02:00.400-0800: 168.967: [GC (Allocation Failure) 2021-01-22T21:02:00.400-0800: 168.967: [DefNew: 314560K->314560K(314560K), 0.0000227 secs]2021-01-22T21:02:00.400-0800: 168.967: [Tenured: 653569K->406177K(699072K), 0.0634855 secs] 968129K->406177K(1013632K), [Metaspace: 2698K->2698K(1056768K)], 0.0636287 secs] [Times: user=0.05 sys=0.00, real=0.06 secs] 
2021-01-22T21:02:00.504-0800: 169.072: [GC (Allocation Failure) 2021-01-22T21:02:00.504-0800: 169.072: [DefNew: 279616K->34943K(314560K), 0.0162613 secs] 685793K->496357K(1013632K), 0.0163556 secs] [Times: user=0.02 sys=0.00, real=0.02 secs] 
2021-01-22T21:02:00.569-0800: 169.137: [GC (Allocation Failure) 2021-01-22T21:02:00.569-0800: 169.137: [DefNew: 314305K->34942K(314560K), 0.0202088 secs] 775720K->577615K(1013632K), 0.0203113 secs] [Times: user=0.02 sys=0.00, real=0.03 secs] 
2021-01-22T21:02:00.630-0800: 169.198: [GC (Allocation Failure) 2021-01-22T21:02:00.630-0800: 169.198: [DefNew: 314426K->34943K(314560K), 0.0144605 secs] 857098K->651704K(1013632K), 0.0145483 secs] [Times: user=0.01 sys=0.00, real=0.01 secs] 
2021-01-22T21:02:00.676-0800: 169.244: [GC (Allocation Failure) 2021-01-22T21:02:00.676-0800: 169.244: [DefNew: 314559K->314559K(314560K), 0.0000211 secs]2021-01-22T21:02:00.676-0800: 169.244: [Tenured: 616760K->416787K(699072K), 0.0512271 secs] 931320K->416787K(1013632K), [Metaspace: 2698K->2698K(1056768K)], 0.0513556 secs] [Times: user=0.05 sys=0.00, real=0.05 secs] 
2021-01-22T21:02:00.762-0800: 169.329: [GC (Allocation Failure) 2021-01-22T21:02:00.762-0800: 169.329: [DefNew: 279616K->34944K(314560K), 0.0105683 secs] 696403K->499915K(1013632K), 0.0106611 secs] [Times: user=0.01 sys=0.00, real=0.01 secs] 
2021-01-22T21:02:00.803-0800: 169.370: [GC (Allocation Failure) 2021-01-22T21:02:00.803-0800: 169.370: [DefNew: 314560K->34943K(314560K), 0.0157520 secs] 779531K->582320K(1013632K), 0.0158461 secs] [Times: user=0.02 sys=0.00, real=0.01 secs] 
2021-01-22T21:02:00.850-0800: 169.418: [GC (Allocation Failure) 2021-01-22T21:02:00.850-0800: 169.418: [DefNew: 314559K->34942K(314560K), 0.0165798 secs] 861936K->671620K(1013632K), 0.0166885 secs] [Times: user=0.01 sys=0.00, real=0.01 secs] 
2021-01-22T21:02:00.900-0800: 169.468: [GC (Allocation Failure) 2021-01-22T21:02:00.901-0800: 169.468: [DefNew: 314558K->314558K(314560K), 0.0000217 secs]2021-01-22T21:02:00.901-0800: 169.468: [Tenured: 636678K->411530K(699072K), 0.0514712 secs] 951236K->411530K(1013632K), [Metaspace: 2698K->2698K(1056768K)], 0.0516084 secs] [Times: user=0.05 sys=0.00, real=0.05 secs] 
2021-01-22T21:02:00.985-0800: 169.552: [GC (Allocation Failure) 2021-01-22T21:02:00.985-0800: 169.553: [DefNew: 279616K->34943K(314560K), 0.0121181 secs] 691146K->502142K(1013632K), 0.0122223 secs] [Times: user=0.01 sys=0.00, real=0.01 secs] 
2021-01-22T21:02:01.029-0800: 169.597: [GC (Allocation Failure) 2021-01-22T21:02:01.029-0800: 169.597: [DefNew: 314559K->34943K(314560K), 0.0151931 secs] 781758K->574947K(1013632K), 0.0152823 secs] [Times: user=0.01 sys=0.00, real=0.02 secs] 
2021-01-22T21:02:01.077-0800: 169.644: [GC (Allocation Failure) 2021-01-22T21:02:01.077-0800: 169.644: [DefNew: 314559K->34942K(314560K), 0.0144228 secs] 854563K->650711K(1013632K), 0.0145126 secs] [Times: user=0.02 sys=0.00, real=0.02 secs] 
2021-01-22T21:02:01.120-0800: 169.688: [GC (Allocation Failure) 2021-01-22T21:02:01.120-0800: 169.688: [DefNew: 314558K->314558K(314560K), 0.0000225 secs]2021-01-22T21:02:01.121-0800: 169.688: [Tenured: 615769K->368941K(699072K), 0.0513827 secs] 930327K->368941K(1013632K), [Metaspace: 2698K->2698K(1056768K)], 0.0515491 secs] [Times: user=0.04 sys=0.00, real=0.05 secs] 
2021-01-22T21:02:01.204-0800: 169.771: [GC (Allocation Failure) 2021-01-22T21:02:01.204-0800: 169.771: [DefNew: 279616K->34944K(314560K), 0.0111101 secs] 648557K->451256K(1013632K), 0.0112015 secs] [Times: user=0.01 sys=0.00, real=0.01 secs] 
2021-01-22T21:02:01.246-0800: 169.813: [GC (Allocation Failure) 2021-01-22T21:02:01.246-0800: 169.813: [DefNew: 314560K->34943K(314560K), 0.0158493 secs] 730872K->533005K(1013632K), 0.0159538 secs] [Times: user=0.01 sys=0.00, real=0.02 secs] 
2021-01-22T21:02:01.294-0800: 169.861: [GC (Allocation Failure) 2021-01-22T21:02:01.294-0800: 169.861: [DefNew: 314559K->34943K(314560K), 0.0146890 secs] 812621K->608668K(1013632K), 0.0148587 secs] [Times: user=0.02 sys=0.00, real=0.01 secs] 
2021-01-22T21:02:01.340-0800: 169.907: [GC (Allocation Failure) 2021-01-22T21:02:01.340-0800: 169.908: [DefNew: 314559K->34943K(314560K), 0.0156114 secs] 888284K->696355K(1013632K), 0.0159234 secs] [Times: user=0.01 sys=0.00, real=0.01 secs] 
2021-01-22T21:02:01.388-0800: 169.955: [GC (Allocation Failure) 2021-01-22T21:02:01.388-0800: 169.956: [DefNew: 314559K->314559K(314560K), 0.0000224 secs]2021-01-22T21:02:01.388-0800: 169.956: [Tenured: 661411K->403557K(699072K), 0.0486203 secs] 975971K->403557K(1013632K), [Metaspace: 2698K->2698K(1056768K)], 0.0487524 secs] [Times: user=0.05 sys=0.00, real=0.05 secs] 
2021-01-22T21:02:01.467-0800: 170.035: [GC (Allocation Failure) 2021-01-22T21:02:01.467-0800: 170.035: [DefNew: 279616K->34943K(314560K), 0.0122357 secs] 683173K->493161K(1013632K), 0.0123336 secs] [Times: user=0.01 sys=0.00, real=0.02 secs] 
2021-01-22T21:02:01.514-0800: 170.082: [GC (Allocation Failure) 2021-01-22T21:02:01.514-0800: 170.082: [DefNew: 314559K->34943K(314560K), 0.0198921 secs] 772777K->575361K(1013632K), 0.0199962 secs] [Times: user=0.01 sys=0.00, real=0.02 secs] 
2021-01-22T21:02:01.565-0800: 170.132: [GC (Allocation Failure) 2021-01-22T21:02:01.565-0800: 170.132: [DefNew: 314559K->34944K(314560K), 0.0154963 secs] 854977K->656548K(1013632K), 0.0155798 secs] [Times: user=0.02 sys=0.00, real=0.02 secs] 
2021-01-22T21:02:01.613-0800: 170.181: [GC (Allocation Failure) 2021-01-22T21:02:01.613-0800: 170.181: [DefNew: 314329K->314329K(314560K), 0.0000302 secs]2021-01-22T21:02:01.613-0800: 170.181: [Tenured: 621604K->410646K(699072K), 0.0503660 secs] 935933K->410646K(1013632K), [Metaspace: 2698K->2698K(1056768K)], 0.0505544 secs] [Times: user=0.05 sys=0.00, real=0.05 secs] 
2021-01-22T21:02:01.695-0800: 170.262: [GC (Allocation Failure) 2021-01-22T21:02:01.695-0800: 170.262: [DefNew: 279616K->34943K(314560K), 0.0121424 secs] 690262K->500719K(1013632K), 0.0122579 secs] [Times: user=0.01 sys=0.00, real=0.01 secs] 
2021-01-22T21:02:01.741-0800: 170.308: [GC (Allocation Failure) 2021-01-22T21:02:01.741-0800: 170.308: [DefNew: 314559K->34943K(314560K), 0.0151520 secs] 780335K->583399K(1013632K), 0.0153199 secs] [Times: user=0.02 sys=0.00, real=0.01 secs] 
2021-01-22T21:02:01.788-0800: 170.355: [GC (Allocation Failure) 2021-01-22T21:02:01.788-0800: 170.355: [DefNew: 314559K->34943K(314560K), 0.0146615 secs] 863015K->660299K(1013632K), 0.0147519 secs] [Times: user=0.01 sys=0.00, real=0.02 secs] 
2021-01-22T21:02:01.835-0800: 170.402: [GC (Allocation Failure) 2021-01-22T21:02:01.835-0800: 170.402: [DefNew: 314559K->314559K(314560K), 0.0000226 secs]2021-01-22T21:02:01.835-0800: 170.402: [Tenured: 625355K->408964K(699072K), 0.0502054 secs] 939915K->408964K(1013632K), [Metaspace: 2698K->2698K(1056768K)], 0.0503557 secs] [Times: user=0.05 sys=0.00, real=0.05 secs] 
2021-01-22T21:02:01.918-0800: 170.486: [GC (Allocation Failure) 2021-01-22T21:02:01.918-0800: 170.486: [DefNew: 279616K->34943K(314560K), 0.0112222 secs] 688580K->496217K(1013632K), 0.0113226 secs] [Times: user=0.01 sys=0.00, real=0.02 secs] 
2021-01-22T21:02:01.962-0800: 170.530: [GC (Allocation Failure) 2021-01-22T21:02:01.962-0800: 170.530: [DefNew: 314559K->34942K(314560K), 0.0147910 secs] 775833K->573468K(1013632K), 0.0148939 secs] [Times: user=0.01 sys=0.00, real=0.01 secs] 
2021-01-22T21:02:02.010-0800: 170.577: [GC (Allocation Failure) 2021-01-22T21:02:02.010-0800: 170.577: [DefNew: 314558K->34944K(314560K), 0.0158934 secs] 853084K->655873K(1013632K), 0.0160430 secs] [Times: user=0.02 sys=0.00, real=0.01 secs] 
2021-01-22T21:02:02.056-0800: 170.623: [GC (Allocation Failure) 2021-01-22T21:02:02.056-0800: 170.623: [DefNew: 314560K->314560K(314560K), 0.0000363 secs]2021-01-22T21:02:02.056-0800: 170.623: [Tenured: 620929K->378307K(699072K), 0.0512876 secs] 935489K->378307K(1013632K), [Metaspace: 2698K->2698K(1056768K)], 0.0515407 secs] [Times: user=0.05 sys=0.00, real=0.05 secs] 
2021-01-22T21:02:02.142-0800: 170.710: [GC (Allocation Failure) 2021-01-22T21:02:02.143-0800: 170.710: [DefNew: 279616K->34943K(314560K), 0.0109017 secs] 657923K->462941K(1013632K), 0.0110091 secs] [Times: user=0.01 sys=0.00, real=0.01 secs] 
2021-01-22T21:02:02.185-0800: 170.752: [GC (Allocation Failure) 2021-01-22T21:02:02.185-0800: 170.752: [DefNew: 314559K->34943K(314560K), 0.0141895 secs] 742557K->532439K(1013632K), 0.0143013 secs] [Times: user=0.02 sys=0.00, real=0.01 secs] 
2021-01-22T21:02:02.229-0800: 170.796: [GC (Allocation Failure) 2021-01-22T21:02:02.229-0800: 170.796: [DefNew: 314476K->34943K(314560K), 0.0157347 secs] 811971K->616944K(1013632K), 0.0158280 secs] [Times: user=0.01 sys=0.00, real=0.02 secs] 
2021-01-22T21:02:02.275-0800: 170.843: [GC (Allocation Failure) 2021-01-22T21:02:02.276-0800: 170.843: [DefNew: 314559K->34943K(314560K), 0.0155171 secs] 896560K->697015K(1013632K), 0.0156097 secs] [Times: user=0.02 sys=0.00, real=0.02 secs] 
2021-01-22T21:02:02.321-0800: 170.889: [GC (Allocation Failure) 2021-01-22T21:02:02.321-0800: 170.889: [DefNew: 314559K->314559K(314560K), 0.0000218 secs]2021-01-22T21:02:02.321-0800: 170.889: [Tenured: 662071K->406417K(699072K), 0.0479619 secs] 976631K->406417K(1013632K), [Metaspace: 2698K->2698K(1056768K)], 0.0480916 secs] [Times: user=0.05 sys=0.00, real=0.04 secs] 
2021-01-22T21:02:02.403-0800: 170.971: [GC (Allocation Failure) 2021-01-22T21:02:02.403-0800: 170.971: [DefNew: 279616K->34943K(314560K), 0.0125984 secs] 686033K->499146K(1013632K), 0.0126885 secs] [Times: user=0.02 sys=0.00, real=0.01 secs] 
2021-01-22T21:02:02.447-0800: 171.015: [GC (Allocation Failure) 2021-01-22T21:02:02.447-0800: 171.015: [DefNew: 314559K->34943K(314560K), 0.0149366 secs] 778762K->577526K(1013632K), 0.0150302 secs] [Times: user=0.01 sys=0.00, real=0.02 secs] 
2021-01-22T21:02:02.494-0800: 171.062: [GC (Allocation Failure) 2021-01-22T21:02:02.494-0800: 171.062: [DefNew: 314559K->34943K(314560K), 0.0154751 secs] 857142K->657477K(1013632K), 0.0155786 secs] [Times: user=0.02 sys=0.00, real=0.02 secs] 
2021-01-22T21:02:02.541-0800: 171.109: [GC (Allocation Failure) 2021-01-22T21:02:02.542-0800: 171.109: [DefNew: 314559K->314559K(314560K), 0.0000226 secs]2021-01-22T21:02:02.542-0800: 171.109: [Tenured: 622533K->412640K(699072K), 0.0533418 secs] 937093K->412640K(1013632K), [Metaspace: 2698K->2698K(1056768K)], 0.0534921 secs] [Times: user=0.05 sys=0.00, real=0.05 secs] 
2021-01-22T21:02:02.629-0800: 171.196: [GC (Allocation Failure) 2021-01-22T21:02:02.629-0800: 171.196: [DefNew: 279616K->34943K(314560K), 0.0113218 secs] 692256K->498379K(1013632K), 0.0114069 secs] [Times: user=0.01 sys=0.00, real=0.02 secs] 
2021-01-22T21:02:02.673-0800: 171.240: [GC (Allocation Failure) 2021-01-22T21:02:02.673-0800: 171.240: [DefNew: 314559K->34944K(314560K), 0.0134411 secs] 777995K->565260K(1013632K), 0.0135314 secs] [Times: user=0.02 sys=0.00, real=0.01 secs] 
2021-01-22T21:02:02.720-0800: 171.287: [GC (Allocation Failure) 2021-01-22T21:02:02.720-0800: 171.287: [DefNew: 314560K->34942K(314560K), 0.0151859 secs] 844876K->642421K(1013632K), 0.0152757 secs] [Times: user=0.01 sys=0.00, real=0.01 secs] 
2021-01-22T21:02:02.766-0800: 171.333: [GC (Allocation Failure) 2021-01-22T21:02:02.766-0800: 171.333: [DefNew: 314558K->314558K(314560K), 0.0000221 secs]2021-01-22T21:02:02.766-0800: 171.333: [Tenured: 607478K->403535K(699072K), 0.0495340 secs] 922037K->403535K(1013632K), [Metaspace: 2698K->2698K(1056768K)], 0.0496687 secs] [Times: user=0.05 sys=0.00, real=0.05 secs] 
2021-01-22T21:02:02.848-0800: 171.415: [GC (Allocation Failure) 2021-01-22T21:02:02.848-0800: 171.415: [DefNew: 279616K->34942K(314560K), 0.0116319 secs] 683151K->491481K(1013632K), 0.0117186 secs] [Times: user=0.01 sys=0.00, real=0.02 secs] 
2021-01-22T21:02:02.891-0800: 171.459: [GC (Allocation Failure) 2021-01-22T21:02:02.891-0800: 171.459: [DefNew: 314558K->34943K(314560K), 0.0160219 secs] 771097K->573605K(1013632K), 0.0161520 secs] [Times: user=0.01 sys=0.00, real=0.01 secs] 
2021-01-22T21:02:02.939-0800: 171.506: [GC (Allocation Failure) 2021-01-22T21:02:02.939-0800: 171.506: [DefNew: 314559K->34943K(314560K), 0.0150908 secs] 853221K->650902K(1013632K), 0.0151867 secs] [Times: user=0.02 sys=0.00, real=0.02 secs] 
2021-01-22T21:02:02.987-0800: 171.555: [GC (Allocation Failure) 2021-01-22T21:02:02.987-0800: 171.555: [DefNew: 314559K->314559K(314560K), 0.0000222 secs]2021-01-22T21:02:02.987-0800: 171.555: [Tenured: 615959K->373201K(699072K), 0.0514468 secs] 930518K->373201K(1013632K), [Metaspace: 2698K->2698K(1056768K)], 0.0516175 secs] [Times: user=0.05 sys=0.00, real=0.05 secs] 
2021-01-22T21:02:03.071-0800: 171.638: [GC (Allocation Failure) 2021-01-22T21:02:03.071-0800: 171.638: [DefNew: 279616K->34943K(314560K), 0.0118113 secs] 652817K->460358K(1013632K), 0.0119006 secs] [Times: user=0.01 sys=0.00, real=0.01 secs] 
2021-01-22T21:02:03.113-0800: 171.681: [GC (Allocation Failure) 2021-01-22T21:02:03.113-0800: 171.681: [DefNew: 314521K->34943K(314560K), 0.0147510 secs] 739936K->536945K(1013632K), 0.0148405 secs] [Times: user=0.01 sys=0.00, real=0.01 secs] 
2021-01-22T21:02:03.159-0800: 171.726: [GC (Allocation Failure) 2021-01-22T21:02:03.159-0800: 171.726: [DefNew: 314559K->34943K(314560K), 0.0149299 secs] 816561K->613182K(1013632K), 0.0150194 secs] [Times: user=0.02 sys=0.00, real=0.02 secs] 
2021-01-22T21:02:03.205-0800: 171.772: [GC (Allocation Failure) 2021-01-22T21:02:03.205-0800: 171.772: [DefNew: 314559K->34943K(314560K), 0.0167698 secs] 892798K->704601K(1013632K), 0.0168697 secs] [Times: user=0.02 sys=0.00, real=0.02 secs] 
2021-01-22T21:02:03.254-0800: 171.822: [GC (Allocation Failure) 2021-01-22T21:02:03.254-0800: 171.822: [DefNew: 314559K->314559K(314560K), 0.0000198 secs]2021-01-22T21:02:03.254-0800: 171.822: [Tenured: 669657K->407250K(699072K), 0.0502557 secs] 984217K->407250K(1013632K), [Metaspace: 2698K->2698K(1056768K)], 0.0503746 secs] [Times: user=0.04 sys=0.00, real=0.05 secs] 
2021-01-22T21:02:03.344-0800: 171.911: [GC (Allocation Failure) 2021-01-22T21:02:03.344-0800: 171.911: [DefNew: 279616K->34944K(314560K), 0.0124948 secs] 686866K->495322K(1013632K), 0.0126156 secs] [Times: user=0.01 sys=0.00, real=0.01 secs] 
2021-01-22T21:02:03.394-0800: 171.961: [GC (Allocation Failure) 2021-01-22T21:02:03.394-0800: 171.961: [DefNew: 314560K->34944K(314560K), 0.0163024 secs] 774938K->577832K(1013632K), 0.0164423 secs] [Times: user=0.01 sys=0.00, real=0.02 secs] 
2021-01-22T21:02:03.442-0800: 172.010: [GC (Allocation Failure) 2021-01-22T21:02:03.442-0800: 172.010: [DefNew: 314560K->34943K(314560K), 0.0162958 secs] 857448K->661802K(1013632K), 0.0164026 secs] [Times: user=0.02 sys=0.00, real=0.01 secs] 
2021-01-22T21:02:03.489-0800: 172.057: [GC (Allocation Failure) 2021-01-22T21:02:03.489-0800: 172.057: [DefNew: 314559K->314559K(314560K), 0.0000360 secs]2021-01-22T21:02:03.489-0800: 172.057: [Tenured: 626858K->413084K(699072K), 0.0516349 secs] 941418K->413084K(1013632K), [Metaspace: 2698K->2698K(1056768K)], 0.0517889 secs] [Times: user=0.05 sys=0.00, real=0.06 secs] 
2021-01-22T21:02:03.575-0800: 172.143: [GC (Allocation Failure) 2021-01-22T21:02:03.576-0800: 172.143: [DefNew: 279616K->34943K(314560K), 0.0099932 secs] 692700K->488406K(1013632K), 0.0100798 secs] [Times: user=0.01 sys=0.00, real=0.01 secs] 
2021-01-22T21:02:03.617-0800: 172.185: [GC (Allocation Failure) 2021-01-22T21:02:03.617-0800: 172.185: [DefNew: 314559K->34943K(314560K), 0.0144135 secs] 768022K->564245K(1013632K), 0.0145275 secs] [Times: user=0.02 sys=0.00, real=0.02 secs] 
2021-01-22T21:02:03.664-0800: 172.231: [GC (Allocation Failure) 2021-01-22T21:02:03.664-0800: 172.231: [DefNew: 314559K->34944K(314560K), 0.0154991 secs] 843861K->646049K(1013632K), 0.0155869 secs] [Times: user=0.01 sys=0.00, real=0.01 secs] 
2021-01-22T21:02:03.711-0800: 172.279: [GC (Allocation Failure) 2021-01-22T21:02:03.712-0800: 172.279: [DefNew: 314560K->314560K(314560K), 0.0000196 secs]2021-01-22T21:02:03.712-0800: 172.279: [Tenured: 611105K->405542K(699072K), 0.0896441 secs] 925665K->405542K(1013632K), [Metaspace: 2698K->2698K(1056768K)], 0.0898195 secs] [Times: user=0.06 sys=0.00, real=0.09 secs] 
2021-01-22T21:02:03.850-0800: 172.418: [GC (Allocation Failure) 2021-01-22T21:02:03.850-0800: 172.418: [DefNew: 279616K->34943K(314560K), 0.0185805 secs] 685158K->490598K(1013632K), 0.0186720 secs] [Times: user=0.01 sys=0.00, real=0.01 secs] 
2021-01-22T21:02:03.922-0800: 172.489: [GC (Allocation Failure) 2021-01-22T21:02:03.922-0800: 172.489: [DefNew: 314559K->34942K(314560K), 0.0162036 secs] 770214K->565695K(1013632K), 0.0162990 secs] [Times: user=0.01 sys=0.00, real=0.01 secs] 
2021-01-22T21:02:03.972-0800: 172.539: [GC (Allocation Failure) 2021-01-22T21:02:03.972-0800: 172.539: [DefNew: 314558K->34943K(314560K), 0.0152032 secs] 845311K->643373K(1013632K), 0.0153479 secs] [Times: user=0.02 sys=0.00, real=0.01 secs] 
2021-01-22T21:02:04.020-0800: 172.588: [GC (Allocation Failure) 2021-01-22T21:02:04.021-0800: 172.588: [DefNew: 314559K->314559K(314560K), 0.0000338 secs]2021-01-22T21:02:04.021-0800: 172.588: [Tenured: 608429K->359717K(699072K), 0.0521285 secs] 922989K->359717K(1013632K), [Metaspace: 2698K->2698K(1056768K)], 0.0524942 secs] [Times: user=0.05 sys=0.00, real=0.05 secs] 
2021-01-22T21:02:04.106-0800: 172.673: [GC (Allocation Failure) 2021-01-22T21:02:04.106-0800: 172.673: [DefNew: 279616K->34943K(314560K), 0.0123937 secs] 639333K->448090K(1013632K), 0.0124855 secs] [Times: user=0.01 sys=0.00, real=0.01 secs] 
2021-01-22T21:02:04.150-0800: 172.717: [GC (Allocation Failure) 2021-01-22T21:02:04.150-0800: 172.717: [DefNew: 314559K->34943K(314560K), 0.0157172 secs] 727706K->528661K(1013632K), 0.0158105 secs] [Times: user=0.02 sys=0.00, real=0.01 secs] 
2021-01-22T21:02:04.198-0800: 172.766: [GC (Allocation Failure) 2021-01-22T21:02:04.198-0800: 172.766: [DefNew: 314559K->34943K(314560K), 0.0155316 secs] 808277K->601052K(1013632K), 0.0156234 secs] [Times: user=0.01 sys=0.00, real=0.02 secs] 
2021-01-22T21:02:04.245-0800: 172.812: [GC (Allocation Failure) 2021-01-22T21:02:04.245-0800: 172.812: [DefNew: 314559K->34943K(314560K), 0.0199149 secs] 880668K->678138K(1013632K), 0.0200072 secs] [Times: user=0.02 sys=0.00, real=0.02 secs] 
2021-01-22T21:02:04.304-0800: 172.871: [GC (Allocation Failure) 2021-01-22T21:02:04.304-0800: 172.871: [DefNew: 314559K->314559K(314560K), 0.0000220 secs]2021-01-22T21:02:04.304-0800: 172.871: [Tenured: 643194K->410614K(699072K), 0.0586373 secs] 957754K->410614K(1013632K), [Metaspace: 2698K->2698K(1056768K)], 0.0587670 secs] [Times: user=0.06 sys=0.00, real=0.06 secs] 
2021-01-22T21:02:04.395-0800: 172.963: [GC (Allocation Failure) 2021-01-22T21:02:04.395-0800: 172.963: [DefNew: 279616K->34944K(314560K), 0.0110164 secs] 690230K->493787K(1013632K), 0.0111304 secs] [Times: user=0.01 sys=0.00, real=0.01 secs] 
2021-01-22T21:02:04.437-0800: 173.004: [GC (Allocation Failure) 2021-01-22T21:02:04.437-0800: 173.004: [DefNew: 314560K->34943K(314560K), 0.0151799 secs] 773403K->573512K(1013632K), 0.0152740 secs] [Times: user=0.01 sys=0.00, real=0.02 secs] 
2021-01-22T21:02:04.484-0800: 173.052: [GC (Allocation Failure) 2021-01-22T21:02:04.484-0800: 173.052: [DefNew: 314559K->34943K(314560K), 0.0140723 secs] 853128K->645321K(1013632K), 0.0141686 secs] [Times: user=0.02 sys=0.00, real=0.01 secs] 
2021-01-22T21:02:04.531-0800: 173.098: [GC (Allocation Failure) 2021-01-22T21:02:04.531-0800: 173.098: [DefNew: 314428K->314428K(314560K), 0.0000222 secs]2021-01-22T21:02:04.531-0800: 173.098: [Tenured: 610377K->407733K(699072K), 0.0498417 secs] 924805K->407733K(1013632K), [Metaspace: 2698K->2698K(1056768K)], 0.0499887 secs] [Times: user=0.05 sys=0.00, real=0.05 secs] 
2021-01-22T21:02:04.614-0800: 173.181: [GC (Allocation Failure) 2021-01-22T21:02:04.614-0800: 173.181: [DefNew: 279616K->34943K(314560K), 0.0119460 secs] 687349K->494758K(1013632K), 0.0120366 secs] [Times: user=0.01 sys=0.00, real=0.01 secs] 
2021-01-22T21:02:04.658-0800: 173.225: [GC (Allocation Failure) 2021-01-22T21:02:04.658-0800: 173.225: [DefNew: 314559K->34944K(314560K), 0.0151771 secs] 774374K->572667K(1013632K), 0.0152741 secs] [Times: user=0.02 sys=0.00, real=0.02 secs] 
2021-01-22T21:02:04.704-0800: 173.272: [GC (Allocation Failure) 2021-01-22T21:02:04.704-0800: 173.272: [DefNew: 314560K->34942K(314560K), 0.0149411 secs] 852283K->650380K(1013632K), 0.0150331 secs] [Times: user=0.01 sys=0.00, real=0.01 secs] 
2021-01-22T21:02:04.750-0800: 173.318: [GC (Allocation Failure) 2021-01-22T21:02:04.750-0800: 173.318: [DefNew: 314558K->314558K(314560K), 0.0000313 secs]2021-01-22T21:02:04.750-0800: 173.318: [Tenured: 615437K->411012K(699072K), 0.0570759 secs] 929996K->411012K(1013632K), [Metaspace: 2698K->2698K(1056768K)], 0.0572609 secs] [Times: user=0.05 sys=0.00, real=0.05 secs] 
2021-01-22T21:02:04.844-0800: 173.412: [GC (Allocation Failure) 2021-01-22T21:02:04.844-0800: 173.412: [DefNew: 279616K->34944K(314560K), 0.0185445 secs] 690628K->499776K(1013632K), 0.0188063 secs] [Times: user=0.01 sys=0.00, real=0.02 secs] 
2021-01-22T21:02:04.894-0800: 173.462: [GC (Allocation Failure) 2021-01-22T21:02:04.894-0800: 173.462: [DefNew: 314493K->34943K(314560K), 0.0151712 secs] 779326K->580127K(1013632K), 0.0152648 secs] [Times: user=0.02 sys=0.00, real=0.01 secs] 
2021-01-22T21:02:04.941-0800: 173.508: [GC (Allocation Failure) 2021-01-22T21:02:04.941-0800: 173.508: [DefNew: 314559K->34943K(314560K), 0.0190874 secs] 859743K->672857K(1013632K), 0.0191848 secs] [Times: user=0.02 sys=0.00, real=0.02 secs] 
2021-01-22T21:02:04.994-0800: 173.561: [GC (Allocation Failure) 2021-01-22T21:02:04.994-0800: 173.561: [DefNew: 314559K->314559K(314560K), 0.0000214 secs]2021-01-22T21:02:04.994-0800: 173.561: [Tenured: 637913K->396905K(699072K), 0.0603039 secs] 952473K->396905K(1013632K), [Metaspace: 2698K->2698K(1056768K)], 0.0604299 secs] [Times: user=0.05 sys=0.01, real=0.06 secs] 
2021-01-22T21:02:05.087-0800: 173.654: [GC (Allocation Failure) 2021-01-22T21:02:05.087-0800: 173.654: [DefNew: 279616K->34943K(314560K), 0.0130816 secs] 676521K->489497K(1013632K), 0.0131759 secs] [Times: user=0.01 sys=0.00, real=0.02 secs] 
2021-01-22T21:02:05.134-0800: 173.702: [GC (Allocation Failure) 2021-01-22T21:02:05.135-0800: 173.702: [DefNew: 314559K->34943K(314560K), 0.0146964 secs] 769113K->559211K(1013632K), 0.0147867 secs] [Times: user=0.02 sys=0.00, real=0.01 secs] 
2021-01-22T21:02:05.180-0800: 173.748: [GC (Allocation Failure) 2021-01-22T21:02:05.180-0800: 173.748: [DefNew: 314559K->34942K(314560K), 0.0156426 secs] 838827K->634112K(1013632K), 0.0157329 secs] [Times: user=0.01 sys=0.00, real=0.01 secs] 
2021-01-22T21:02:05.231-0800: 173.799: [GC (Allocation Failure) 2021-01-22T21:02:05.232-0800: 173.799: [DefNew: 314558K->314558K(314560K), 0.0000282 secs]2021-01-22T21:02:05.232-0800: 173.799: [Tenured: 599169K->413872K(699072K), 0.0599676 secs] 913728K->413872K(1013632K), [Metaspace: 2698K->2698K(1056768K)], 0.0601133 secs] [Times: user=0.06 sys=0.00, real=0.06 secs] 
2021-01-22T21:02:05.335-0800: 173.903: [GC (Allocation Failure) 2021-01-22T21:02:05.335-0800: 173.903: [DefNew: 279616K->34941K(314560K), 0.0126145 secs] 693488K->499538K(1013632K), 0.0127053 secs] [Times: user=0.02 sys=0.00, real=0.01 secs] 
2021-01-22T21:02:05.389-0800: 173.957: [GC (Allocation Failure) 2021-01-22T21:02:05.389-0800: 173.957: [DefNew: 314557K->34944K(314560K), 0.0156015 secs] 779154K->579193K(1013632K), 0.0157186 secs] [Times: user=0.01 sys=0.00, real=0.02 secs] 
2021-01-22T21:02:05.438-0800: 174.006: [GC (Allocation Failure) 2021-01-22T21:02:05.438-0800: 174.006: [DefNew: 314560K->34942K(314560K), 0.0154484 secs] 858809K->662025K(1013632K), 0.0155345 secs] [Times: user=0.02 sys=0.00, real=0.02 secs] 
2021-01-22T21:02:05.485-0800: 174.053: [GC (Allocation Failure) 2021-01-22T21:02:05.485-0800: 174.053: [DefNew: 314558K->314558K(314560K), 0.0000227 secs]2021-01-22T21:02:05.485-0800: 174.053: [Tenured: 627082K->414382K(699072K), 0.0502488 secs] 941641K->414382K(1013632K), [Metaspace: 2698K->2698K(1056768K)], 0.0503836 secs] [Times: user=0.05 sys=0.00, real=0.05 secs] 
2021-01-22T21:02:05.567-0800: 174.134: [GC (Allocation Failure) 2021-01-22T21:02:05.567-0800: 174.134: [DefNew: 279616K->34943K(314560K), 0.0112560 secs] 693998K->500264K(1013632K), 0.0113844 secs] [Times: user=0.01 sys=0.00, real=0.01 secs] 
2021-01-22T21:02:05.620-0800: 174.188: [GC (Allocation Failure) 2021-01-22T21:02:05.620-0800: 174.188: [DefNew: 314559K->34943K(314560K), 0.0203184 secs] 779880K->583937K(1013632K), 0.0204201 secs] [Times: user=0.02 sys=0.00, real=0.02 secs] 
2021-01-22T21:02:05.677-0800: 174.245: [GC (Allocation Failure) 2021-01-22T21:02:05.677-0800: 174.245: [DefNew: 314559K->34944K(314560K), 0.0164467 secs] 863553K->667503K(1013632K), 0.0165574 secs] [Times: user=0.02 sys=0.00, real=0.02 secs] 
2021-01-22T21:02:05.737-0800: 174.305: [GC (Allocation Failure) 2021-01-22T21:02:05.737-0800: 174.305: [DefNew: 314560K->314560K(314560K), 0.0000221 secs]2021-01-22T21:02:05.737-0800: 174.305: [Tenured: 632559K->402589K(699072K), 0.0630306 secs] 947119K->402589K(1013632K), [Metaspace: 2698K->2698K(1056768K)], 0.0631570 secs] [Times: user=0.05 sys=0.00, real=0.07 secs] 
2021-01-22T21:02:05.832-0800: 174.400: [GC (Allocation Failure) 2021-01-22T21:02:05.832-0800: 174.400: [DefNew: 279616K->34943K(314560K), 0.0116458 secs] 682205K->490532K(1013632K), 0.0117343 secs] [Times: user=0.01 sys=0.00, real=0.01 secs] 
2021-01-22T21:02:05.883-0800: 174.451: [GC (Allocation Failure) 2021-01-22T21:02:05.883-0800: 174.451: [DefNew: 314559K->34944K(314560K), 0.0166537 secs] 770148K->574612K(1013632K), 0.0168533 secs] [Times: user=0.01 sys=0.00, real=0.02 secs] 
2021-01-22T21:02:05.931-0800: 174.499: [GC (Allocation Failure) 2021-01-22T21:02:05.931-0800: 174.499: [DefNew: 314560K->34943K(314560K), 0.0152742 secs] 854228K->656791K(1013632K), 0.0153677 secs] [Times: user=0.02 sys=0.00, real=0.01 secs] 
2021-01-22T21:02:05.977-0800: 174.544: [GC (Allocation Failure) 2021-01-22T21:02:05.977-0800: 174.544: [DefNew: 314559K->314559K(314560K), 0.0000216 secs]2021-01-22T21:02:05.977-0800: 174.544: [Tenured: 621847K->373061K(699072K), 0.0507802 secs] 936407K->373061K(1013632K), [Metaspace: 2698K->2698K(1056768K)], 0.0509122 secs] [Times: user=0.05 sys=0.00, real=0.05 secs] 
2021-01-22T21:02:06.059-0800: 174.626: [GC (Allocation Failure) 2021-01-22T21:02:06.059-0800: 174.626: [DefNew: 279616K->34943K(314560K), 0.0122933 secs] 652677K->463358K(1013632K), 0.0123870 secs] [Times: user=0.01 sys=0.00, real=0.02 secs] 
2021-01-22T21:02:06.102-0800: 174.670: [GC (Allocation Failure) 2021-01-22T21:02:06.102-0800: 174.670: [DefNew: 314559K->34943K(314560K), 0.0146001 secs] 742974K->537789K(1013632K), 0.0146924 secs] [Times: user=0.01 sys=0.00, real=0.01 secs] 
2021-01-22T21:02:06.148-0800: 174.715: [GC (Allocation Failure) 2021-01-22T21:02:06.148-0800: 174.715: [DefNew: 314559K->34943K(314560K), 0.0148228 secs] 817405K->618534K(1013632K), 0.0149372 secs] [Times: user=0.02 sys=0.00, real=0.02 secs] 
2021-01-22T21:02:06.192-0800: 174.759: [GC (Allocation Failure) 2021-01-22T21:02:06.192-0800: 174.759: [DefNew: 313859K->34943K(314560K), 0.0159645 secs] 897449K->704138K(1013632K), 0.0160693 secs] [Times: user=0.01 sys=0.00, real=0.01 secs] 
2021-01-22T21:02:06.238-0800: 174.805: [GC (Allocation Failure) 2021-01-22T21:02:06.238-0800: 174.805: [DefNew: 314559K->314559K(314560K), 0.0000216 secs]2021-01-22T21:02:06.238-0800: 174.805: [Tenured: 669194K->416062K(699072K), 0.0570691 secs] 983754K->416062K(1013632K), [Metaspace: 2698K->2698K(1056768K)], 0.0572117 secs] [Times: user=0.06 sys=0.00, real=0.06 secs] 
2021-01-22T21:02:06.333-0800: 174.901: [GC (Allocation Failure) 2021-01-22T21:02:06.333-0800: 174.901: [DefNew: 279616K->34943K(314560K), 0.0139722 secs] 695678K->513869K(1013632K), 0.0140651 secs] [Times: user=0.01 sys=0.00, real=0.01 secs] 
2021-01-22T21:02:06.388-0800: 174.956: [GC (Allocation Failure) 2021-01-22T21:02:06.389-0800: 174.956: [DefNew: 314124K->34943K(314560K), 0.0248195 secs] 793050K->593012K(1013632K), 0.0249141 secs] [Times: user=0.02 sys=0.01, real=0.03 secs] 
2021-01-22T21:02:06.451-0800: 175.019: [GC (Allocation Failure) 2021-01-22T21:02:06.451-0800: 175.019: [DefNew: 314559K->34943K(314560K), 0.0158089 secs] 872628K->677198K(1013632K), 0.0159012 secs] [Times: user=0.02 sys=0.00, real=0.01 secs] 
2021-01-22T21:02:06.498-0800: 175.066: [GC (Allocation Failure) 2021-01-22T21:02:06.498-0800: 175.066: [DefNew: 314559K->314559K(314560K), 0.0000220 secs]2021-01-22T21:02:06.498-0800: 175.066: [Tenured: 642254K->418583K(699072K), 0.0515391 secs] 956814K->418583K(1013632K), [Metaspace: 2698K->2698K(1056768K)], 0.0516661 secs] [Times: user=0.05 sys=0.00, real=0.06 secs] 
2021-01-22T21:02:06.582-0800: 175.149: [GC (Allocation Failure) 2021-01-22T21:02:06.582-0800: 175.149: [DefNew: 278920K->34943K(314560K), 0.0121639 secs] 697504K->509289K(1013632K), 0.0122548 secs] [Times: user=0.01 sys=0.00, real=0.01 secs] 
2021-01-22T21:02:06.628-0800: 175.195: [GC (Allocation Failure) 2021-01-22T21:02:06.628-0800: 175.195: [DefNew: 314559K->34943K(314560K), 0.0156089 secs] 788905K->586256K(1013632K), 0.0157114 secs] [Times: user=0.02 sys=0.00, real=0.02 secs] 
2021-01-22T21:02:06.675-0800: 175.243: [GC (Allocation Failure) 2021-01-22T21:02:06.676-0800: 175.243: [DefNew: 314559K->34943K(314560K), 0.0153357 secs] 865872K->668258K(1013632K), 0.0155224 secs] [Times: user=0.01 sys=0.00, real=0.02 secs] 
2021-01-22T21:02:06.723-0800: 175.290: [GC (Allocation Failure) 2021-01-22T21:02:06.723-0800: 175.290: [DefNew: 314559K->314559K(314560K), 0.0000403 secs]2021-01-22T21:02:06.723-0800: 175.290: [Tenured: 633314K->396303K(699072K), 0.0510584 secs] 947874K->396303K(1013632K), [Metaspace: 2698K->2698K(1056768K)], 0.0512335 secs] [Times: user=0.05 sys=0.00, real=0.05 secs] 
2021-01-22T21:02:06.811-0800: 175.379: [GC (Allocation Failure) 2021-01-22T21:02:06.811-0800: 175.379: [DefNew: 279616K->34943K(314560K), 0.0108873 secs] 675919K->481032K(1013632K), 0.0109773 secs] [Times: user=0.01 sys=0.00, real=0.01 secs] 
2021-01-22T21:02:06.853-0800: 175.420: [GC (Allocation Failure) 2021-01-22T21:02:06.853-0800: 175.420: [DefNew: 314559K->34942K(314560K), 0.0146019 secs] 760648K->556624K(1013632K), 0.0147023 secs] [Times: user=0.01 sys=0.00, real=0.01 secs] 
2021-01-22T21:02:06.900-0800: 175.467: [GC (Allocation Failure) 2021-01-22T21:02:06.900-0800: 175.467: [DefNew: 314487K->34943K(314560K), 0.0241244 secs] 836168K->635045K(1013632K), 0.0242276 secs] [Times: user=0.03 sys=0.00, real=0.02 secs] 
2021-01-22T21:02:06.956-0800: 175.524: [GC (Allocation Failure) 2021-01-22T21:02:06.956-0800: 175.524: [DefNew: 314559K->314559K(314560K), 0.0000240 secs]2021-01-22T21:02:06.956-0800: 175.524: [Tenured: 600101K->358577K(699072K), 0.0487842 secs] 914661K->358577K(1013632K), [Metaspace: 2698K->2698K(1056768K)], 0.0489324 secs] [Times: user=0.05 sys=0.00, real=0.05 secs] 
2021-01-22T21:02:07.037-0800: 175.604: [GC (Allocation Failure) 2021-01-22T21:02:07.037-0800: 175.604: [DefNew: 279616K->34944K(314560K), 0.0111701 secs] 638193K->445119K(1013632K), 0.0112625 secs] [Times: user=0.01 sys=0.00, real=0.01 secs] 
2021-01-22T21:02:07.077-0800: 175.645: [GC (Allocation Failure) 2021-01-22T21:02:07.077-0800: 175.645: [DefNew: 314560K->34943K(314560K), 0.0145621 secs] 724735K->525443K(1013632K), 0.0146553 secs] [Times: user=0.01 sys=0.00, real=0.02 secs] 
2021-01-22T21:02:07.123-0800: 175.690: [GC (Allocation Failure) 2021-01-22T21:02:07.123-0800: 175.690: [DefNew: 314559K->34943K(314560K), 0.0147579 secs] 805059K->605894K(1013632K), 0.0148555 secs] [Times: user=0.01 sys=0.01, real=0.01 secs] 
2021-01-22T21:02:07.169-0800: 175.737: [GC (Allocation Failure) 2021-01-22T21:02:07.169-0800: 175.737: [DefNew: 314559K->34943K(314560K), 0.0137707 secs] 885510K->678214K(1013632K), 0.0138914 secs] [Times: user=0.01 sys=0.00, real=0.02 secs] 
2021-01-22T21:02:07.213-0800: 175.780: [GC (Allocation Failure) 2021-01-22T21:02:07.213-0800: 175.780: [DefNew: 314559K->314559K(314560K), 0.0000217 secs]2021-01-22T21:02:07.213-0800: 175.780: [Tenured: 643271K->408406K(699072K), 0.0492169 secs] 957830K->408406K(1013632K), [Metaspace: 2698K->2698K(1056768K)], 0.0493478 secs] [Times: user=0.04 sys=0.00, real=0.05 secs] 
2021-01-22T21:02:07.301-0800: 175.868: [GC (Allocation Failure) 2021-01-22T21:02:07.301-0800: 175.868: [DefNew: 279616K->34943K(314560K), 0.0128958 secs] 688022K->502392K(1013632K), 0.0129891 secs] [Times: user=0.01 sys=0.00, real=0.01 secs] 
2021-01-22T21:02:07.344-0800: 175.912: [GC (Allocation Failure) 2021-01-22T21:02:07.344-0800: 175.912: [DefNew: 314559K->34944K(314560K), 0.0152320 secs] 782008K->580148K(1013632K), 0.0153216 secs] [Times: user=0.02 sys=0.00, real=0.02 secs] 
2021-01-22T21:02:07.468-0800: 176.035: [GC (Allocation Failure) 2021-01-22T21:02:07.468-0800: 176.036: [DefNew: 314560K->34943K(314560K), 0.0433172 secs] 859764K->665685K(1013632K), 0.0434349 secs] [Times: user=0.02 sys=0.00, real=0.05 secs] 
2021-01-22T21:02:07.562-0800: 176.130: [GC (Allocation Failure) 2021-01-22T21:02:07.562-0800: 176.130: [DefNew: 314075K->314075K(314560K), 0.0000221 secs]2021-01-22T21:02:07.562-0800: 176.130: [Tenured: 630741K->404709K(699072K), 0.0722245 secs] 944817K->404709K(1013632K), [Metaspace: 2698K->2698K(1056768K)], 0.0723535 secs] [Times: user=0.05 sys=0.00, real=0.07 secs] 
2021-01-22T21:02:07.690-0800: 176.258: [GC (Allocation Failure) 2021-01-22T21:02:07.690-0800: 176.258: [DefNew: 279616K->34943K(314560K), 0.0117786 secs] 684325K->483378K(1013632K), 0.0118961 secs] [Times: user=0.01 sys=0.00, real=0.01 secs] 
2021-01-22T21:02:07.735-0800: 176.302: [GC (Allocation Failure) 2021-01-22T21:02:07.735-0800: 176.302: [DefNew: 314559K->34943K(314560K), 0.0173369 secs] 762994K->574547K(1013632K), 0.0174657 secs] [Times: user=0.01 sys=0.00, real=0.02 secs] 
2021-01-22T21:02:07.786-0800: 176.354: [GC (Allocation Failure) 2021-01-22T21:02:07.786-0800: 176.354: [DefNew: 314559K->34943K(314560K), 0.0161334 secs] 854163K->657772K(1013632K), 0.0162298 secs] [Times: user=0.01 sys=0.00, real=0.02 secs] 
2021-01-22T21:02:07.834-0800: 176.402: [GC (Allocation Failure) 2021-01-22T21:02:07.834-0800: 176.402: [DefNew: 314559K->314559K(314560K), 0.0000218 secs]2021-01-22T21:02:07.834-0800: 176.402: [Tenured: 622828K->417429K(699072K), 0.0526124 secs] 937388K->417429K(1013632K), [Metaspace: 2698K->2698K(1056768K)], 0.0527379 secs] [Times: user=0.05 sys=0.00, real=0.05 secs] 
2021-01-22T21:02:07.920-0800: 176.488: [GC (Allocation Failure) 2021-01-22T21:02:07.921-0800: 176.488: [DefNew: 279616K->34943K(314560K), 0.0116593 secs] 697045K->504350K(1013632K), 0.0117521 secs] [Times: user=0.02 sys=0.00, real=0.01 secs] 
2021-01-22T21:02:07.965-0800: 176.533: [GC (Allocation Failure) 2021-01-22T21:02:07.966-0800: 176.533: [DefNew: 314559K->34944K(314560K), 0.0161959 secs] 783966K->587832K(1013632K), 0.0162891 secs] [Times: user=0.01 sys=0.00, real=0.02 secs] 
2021-01-22T21:02:08.015-0800: 176.582: [GC (Allocation Failure) 2021-01-22T21:02:08.015-0800: 176.582: [DefNew: 314560K->34944K(314560K), 0.0148266 secs] 867448K->665522K(1013632K), 0.0149484 secs] [Times: user=0.02 sys=0.00, real=0.01 secs] 
2021-01-22T21:02:08.063-0800: 176.630: [GC (Allocation Failure) 2021-01-22T21:02:08.063-0800: 176.630: [DefNew: 314002K->314002K(314560K), 0.0000215 secs]2021-01-22T21:02:08.063-0800: 176.631: [Tenured: 630578K->376549K(699072K), 0.0506964 secs] 944581K->376549K(1013632K), [Metaspace: 2698K->2698K(1056768K)], 0.0508279 secs] [Times: user=0.05 sys=0.00, real=0.05 secs] 
2021-01-22T21:02:08.146-0800: 176.713: [GC (Allocation Failure) 2021-01-22T21:02:08.146-0800: 176.713: [DefNew: 279616K->34942K(314560K), 0.0118664 secs] 656165K->463957K(1013632K), 0.0119557 secs] [Times: user=0.01 sys=0.00, real=0.01 secs] 
2021-01-22T21:02:08.191-0800: 176.758: [GC (Allocation Failure) 2021-01-22T21:02:08.191-0800: 176.758: [DefNew: 314558K->34943K(314560K), 0.0147094 secs] 743573K->537334K(1013632K), 0.0148032 secs] [Times: user=0.02 sys=0.00, real=0.01 secs] 
2021-01-22T21:02:08.237-0800: 176.804: [GC (Allocation Failure) 2021-01-22T21:02:08.237-0800: 176.804: [DefNew: 314506K->34944K(314560K), 0.0158356 secs] 816897K->617728K(1013632K), 0.0159472 secs] [Times: user=0.01 sys=0.00, real=0.02 secs] 
2021-01-22T21:02:08.287-0800: 176.854: [GC (Allocation Failure) 2021-01-22T21:02:08.287-0800: 176.854: [DefNew: 314560K->34942K(314560K), 0.0154671 secs] 897344K->696551K(1013632K), 0.0155773 secs] [Times: user=0.01 sys=0.00, real=0.02 secs] 
2021-01-22T21:02:08.335-0800: 176.903: [GC (Allocation Failure) 2021-01-22T21:02:08.336-0800: 176.903: [DefNew: 314001K->314001K(314560K), 0.0000222 secs]2021-01-22T21:02:08.336-0800: 176.903: [Tenured: 661608K->408200K(699072K), 0.0516872 secs] 975609K->408200K(1013632K), [Metaspace: 2698K->2698K(1056768K)], 0.0518240 secs] [Times: user=0.05 sys=0.00, real=0.05 secs] 
2021-01-22T21:02:08.420-0800: 176.987: [GC (Allocation Failure) 2021-01-22T21:02:08.420-0800: 176.987: [DefNew: 279616K->34943K(314560K), 0.0113729 secs] 687816K->492375K(1013632K), 0.0114647 secs] [Times: user=0.01 sys=0.00, real=0.01 secs] 
2021-01-22T21:02:08.464-0800: 177.031: [GC (Allocation Failure) 2021-01-22T21:02:08.464-0800: 177.032: [DefNew: 314559K->34942K(314560K), 0.0153628 secs] 771991K->570021K(1013632K), 0.0154545 secs] [Times: user=0.01 sys=0.00, real=0.01 secs] 
2021-01-22T21:02:08.510-0800: 177.078: [GC (Allocation Failure) 2021-01-22T21:02:08.510-0800: 177.078: [DefNew: 314558K->34942K(314560K), 0.0165531 secs] 849637K->656154K(1013632K), 0.0166525 secs] [Times: user=0.02 sys=0.00, real=0.01 secs] 
2021-01-22T21:02:08.559-0800: 177.126: [GC (Allocation Failure) 2021-01-22T21:02:08.559-0800: 177.126: [DefNew: 314558K->314558K(314560K), 0.0000247 secs]2021-01-22T21:02:08.559-0800: 177.126: [Tenured: 621211K->415030K(699072K), 0.0509076 secs] 935770K->415030K(1013632K), [Metaspace: 2698K->2698K(1056768K)], 0.0510486 secs] [Times: user=0.05 sys=0.01, real=0.06 secs] 
2021-01-22T21:02:08.642-0800: 177.209: [GC (Allocation Failure) 2021-01-22T21:02:08.642-0800: 177.209: [DefNew: 279225K->34943K(314560K), 0.0109710 secs] 694256K->499495K(1013632K), 0.0110673 secs] [Times: user=0.01 sys=0.00, real=0.01 secs] 
2021-01-22T21:02:08.686-0800: 177.253: [GC (Allocation Failure) 2021-01-22T21:02:08.686-0800: 177.253: [DefNew: 314559K->34942K(314560K), 0.0146191 secs] 779111K->575886K(1013632K), 0.0147327 secs] [Times: user=0.02 sys=0.00, real=0.02 secs] 
2021-01-22T21:02:08.733-0800: 177.300: [GC (Allocation Failure) 2021-01-22T21:02:08.733-0800: 177.300: [DefNew: 314558K->34943K(314560K), 0.0155288 secs] 855502K->656795K(1013632K), 0.0156272 secs] [Times: user=0.01 sys=0.00, real=0.01 secs] 
2021-01-22T21:02:08.780-0800: 177.347: [GC (Allocation Failure) 2021-01-22T21:02:08.780-0800: 177.347: [DefNew: 314559K->314559K(314560K), 0.0000227 secs]2021-01-22T21:02:08.780-0800: 177.348: [Tenured: 621852K->395734K(699072K), 0.0493209 secs] 936411K->395734K(1013632K), [Metaspace: 2698K->2698K(1056768K)], 0.0494598 secs] [Times: user=0.05 sys=0.00, real=0.04 secs] 
2021-01-22T21:02:08.861-0800: 177.429: [GC (Allocation Failure) 2021-01-22T21:02:08.861-0800: 177.429: [DefNew: 279575K->34943K(314560K), 0.0113608 secs] 675309K->484289K(1013632K), 0.0114567 secs] [Times: user=0.01 sys=0.00, real=0.01 secs] 
2021-01-22T21:02:08.905-0800: 177.472: [GC (Allocation Failure) 2021-01-22T21:02:08.905-0800: 177.472: [DefNew: 314559K->34942K(314560K), 0.0152041 secs] 763905K->562343K(1013632K), 0.0152990 secs] [Times: user=0.02 sys=0.00, real=0.02 secs] 
2021-01-22T21:02:08.952-0800: 177.519: [GC (Allocation Failure) 2021-01-22T21:02:08.952-0800: 177.519: [DefNew: 314558K->34943K(314560K), 0.0154784 secs] 841959K->644734K(1013632K), 0.0155772 secs] [Times: user=0.02 sys=0.00, real=0.01 secs] 
2021-01-22T21:02:08.998-0800: 177.566: [GC (Allocation Failure) 2021-01-22T21:02:08.998-0800: 177.566: [DefNew: 314559K->314559K(314560K), 0.0000225 secs]2021-01-22T21:02:08.998-0800: 177.566: [Tenured: 609790K->367740K(699072K), 0.0492789 secs] 924350K->367740K(1013632K), [Metaspace: 2698K->2698K(1056768K)], 0.0494142 secs] [Times: user=0.04 sys=0.00, real=0.05 secs] 
2021-01-22T21:02:09.079-0800: 177.646: [GC (Allocation Failure) 2021-01-22T21:02:09.079-0800: 177.646: [DefNew: 279616K->34944K(314560K), 0.0128072 secs] 647356K->463906K(1013632K), 0.0129619 secs] [Times: user=0.02 sys=0.00, real=0.02 secs] 
2021-01-22T21:02:09.123-0800: 177.690: [GC (Allocation Failure) 2021-01-22T21:02:09.123-0800: 177.690: [DefNew: 314560K->34944K(314560K), 0.0155799 secs] 743522K->547896K(1013632K), 0.0156753 secs] [Times: user=0.01 sys=0.00, real=0.01 secs] 
2021-01-22T21:02:09.169-0800: 177.737: [GC (Allocation Failure) 2021-01-22T21:02:09.169-0800: 177.737: [DefNew: 314560K->34943K(314560K), 0.0151002 secs] 827512K->627402K(1013632K), 0.0151957 secs] [Times: user=0.02 sys=0.00, real=0.02 secs] 
2021-01-22T21:02:09.216-0800: 177.783: [GC (Allocation Failure) 2021-01-22T21:02:09.216-0800: 177.783: [DefNew: 314559K->314559K(314560K), 0.0000334 secs]2021-01-22T21:02:09.216-0800: 177.784: [Tenured: 592458K->417363K(699072K), 0.0482261 secs] 907018K->417363K(1013632K), [Metaspace: 2698K->2698K(1056768K)], 0.0484355 secs] [Times: user=0.04 sys=0.00, real=0.05 secs] 
2021-01-22T21:02:09.297-0800: 177.865: [GC (Allocation Failure) 2021-01-22T21:02:09.297-0800: 177.865: [DefNew: 279616K->34942K(314560K), 0.0108470 secs] 696979K->501354K(1013632K), 0.0109430 secs] [Times: user=0.01 sys=0.00, real=0.01 secs] 
2021-01-22T21:02:09.340-0800: 177.908: [GC (Allocation Failure) 2021-01-22T21:02:09.341-0800: 177.908: [DefNew: 314558K->34943K(314560K), 0.0158510 secs] 780970K->587505K(1013632K), 0.0159749 secs] [Times: user=0.01 sys=0.00, real=0.01 secs] 
2021-01-22T21:02:09.387-0800: 177.954: [GC (Allocation Failure) 2021-01-22T21:02:09.387-0800: 177.954: [DefNew: 314559K->34943K(314560K), 0.0146579 secs] 867121K->664372K(1013632K), 0.0147530 secs] [Times: user=0.02 sys=0.00, real=0.02 secs] 
2021-01-22T21:02:09.433-0800: 178.000: [GC (Allocation Failure) 2021-01-22T21:02:09.433-0800: 178.000: [DefNew: 314559K->314559K(314560K), 0.0000217 secs]2021-01-22T21:02:09.433-0800: 178.000: [Tenured: 629428K->411451K(699072K), 0.0502468 secs] 943988K->411451K(1013632K), [Metaspace: 2698K->2698K(1056768K)], 0.0503775 secs] [Times: user=0.05 sys=0.00, real=0.05 secs] 
2021-01-22T21:02:09.518-0800: 178.085: [GC (Allocation Failure) 2021-01-22T21:02:09.518-0800: 178.085: [DefNew: 279616K->34944K(314560K), 0.0143614 secs] 691067K->506982K(1013632K), 0.0144880 secs] [Times: user=0.01 sys=0.00, real=0.02 secs] 
2021-01-22T21:02:09.563-0800: 178.130: [GC (Allocation Failure) 2021-01-22T21:02:09.563-0800: 178.130: [DefNew: 314560K->34943K(314560K), 0.0162663 secs] 786598K->595949K(1013632K), 0.0163729 secs] [Times: user=0.02 sys=0.00, real=0.01 secs] 
2021-01-22T21:02:09.614-0800: 178.181: [GC (Allocation Failure) 2021-01-22T21:02:09.614-0800: 178.181: [DefNew: 314559K->34943K(314560K), 0.0151895 secs] 875565K->675946K(1013632K), 0.0152809 secs] [Times: user=0.02 sys=0.00, real=0.01 secs] 
2021-01-22T21:02:09.660-0800: 178.227: [GC (Allocation Failure) 2021-01-22T21:02:09.660-0800: 178.227: [DefNew: 314559K->314559K(314560K), 0.0000216 secs]2021-01-22T21:02:09.660-0800: 178.227: [Tenured: 641003K->411527K(699072K), 0.0505011 secs] 955562K->411527K(1013632K), [Metaspace: 2698K->2698K(1056768K)], 0.0506363 secs] [Times: user=0.05 sys=0.00, real=0.05 secs] 
2021-01-22T21:02:09.742-0800: 178.309: [GC (Allocation Failure) 2021-01-22T21:02:09.742-0800: 178.309: [DefNew: 279616K->34944K(314560K), 0.0114562 secs] 691143K->497786K(1013632K), 0.0115669 secs] [Times: user=0.01 sys=0.00, real=0.01 secs] 
2021-01-22T21:02:09.784-0800: 178.351: [GC (Allocation Failure) 2021-01-22T21:02:09.784-0800: 178.351: [DefNew: 314560K->34943K(314560K), 0.0145031 secs] 777402K->572020K(1013632K), 0.0145958 secs] [Times: user=0.01 sys=0.00, real=0.01 secs] 
2021-01-22T21:02:09.829-0800: 178.397: [GC (Allocation Failure) 2021-01-22T21:02:09.829-0800: 178.397: [DefNew: 314559K->34944K(314560K), 0.0160299 secs] 851636K->655082K(1013632K), 0.0161219 secs] [Times: user=0.02 sys=0.00, real=0.02 secs] 
2021-01-22T21:02:09.876-0800: 178.444: [GC (Allocation Failure) 2021-01-22T21:02:09.876-0800: 178.444: [DefNew: 314560K->314560K(314560K), 0.0000214 secs]2021-01-22T21:02:09.876-0800: 178.444: [Tenured: 620138K->375382K(699072K), 0.0509818 secs] 934698K->375382K(1013632K), [Metaspace: 2698K->2698K(1056768K)], 0.0511297 secs] [Times: user=0.05 sys=0.00, real=0.05 secs] 
2021-01-22T21:02:09.961-0800: 178.529: [GC (Allocation Failure) 2021-01-22T21:02:09.961-0800: 178.529: [DefNew: 279616K->34943K(314560K), 0.0105760 secs] 654998K->455802K(1013632K), 0.0107055 secs] [Times: user=0.01 sys=0.00, real=0.01 secs] 
2021-01-22T21:02:10.004-0800: 178.571: [GC (Allocation Failure) 2021-01-22T21:02:10.004-0800: 178.571: [DefNew: 314559K->34943K(314560K), 0.0144447 secs] 735418K->528172K(1013632K), 0.0145550 secs] [Times: user=0.02 sys=0.00, real=0.01 secs] 
2021-01-22T21:02:10.050-0800: 178.617: [GC (Allocation Failure) 2021-01-22T21:02:10.050-0800: 178.617: [DefNew: 314559K->34943K(314560K), 0.0145014 secs] 807788K->606457K(1013632K), 0.0145928 secs] [Times: user=0.01 sys=0.00, real=0.01 secs] 
2021-01-22T21:02:10.095-0800: 178.662: [GC (Allocation Failure) 2021-01-22T21:02:10.095-0800: 178.662: [DefNew: 314150K->34944K(314560K), 0.0153646 secs] 885663K->685519K(1013632K), 0.0155044 secs] [Times: user=0.02 sys=0.00, real=0.02 secs] 
2021-01-22T21:02:10.142-0800: 178.709: [GC (Allocation Failure) 2021-01-22T21:02:10.142-0800: 178.709: [DefNew: 314560K->314560K(314560K), 0.0000220 secs]2021-01-22T21:02:10.142-0800: 178.709: [Tenured: 650575K->412641K(699072K), 0.0490767 secs] 965135K->412641K(1013632K), [Metaspace: 2698K->2698K(1056768K)], 0.0492237 secs] [Times: user=0.05 sys=0.00, real=0.05 secs] 
2021-01-22T21:02:10.223-0800: 178.791: [GC (Allocation Failure) 2021-01-22T21:02:10.223-0800: 178.791: [DefNew: 279616K->34941K(314560K), 0.0122578 secs] 692257K->505914K(1013632K), 0.0123515 secs] [Times: user=0.01 sys=0.00, real=0.01 secs] 
2021-01-22T21:02:10.268-0800: 178.835: [GC (Allocation Failure) 2021-01-22T21:02:10.268-0800: 178.835: [DefNew: 314557K->34943K(314560K), 0.0141903 secs] 785530K->578594K(1013632K), 0.0142833 secs] [Times: user=0.01 sys=0.00, real=0.02 secs] 
2021-01-22T21:02:10.315-0800: 178.882: [GC (Allocation Failure) 2021-01-22T21:02:10.315-0800: 178.882: [DefNew: 314559K->34944K(314560K), 0.0152043 secs] 858210K->656170K(1013632K), 0.0153114 secs] [Times: user=0.01 sys=0.00, real=0.02 secs] 
2021-01-22T21:02:10.362-0800: 178.930: [GC (Allocation Failure) 2021-01-22T21:02:10.362-0800: 178.930: [DefNew: 314560K->314560K(314560K), 0.0000218 secs]2021-01-22T21:02:10.362-0800: 178.930: [Tenured: 621226K->407633K(699072K), 0.0495203 secs] 935786K->407633K(1013632K), [Metaspace: 2698K->2698K(1056768K)], 0.0496532 secs] [Times: user=0.05 sys=0.00, real=0.05 secs] 
2021-01-22T21:02:10.446-0800: 179.014: [GC (Allocation Failure) 2021-01-22T21:02:10.446-0800: 179.014: [DefNew: 279616K->34943K(314560K), 0.0123086 secs] 687249K->501135K(1013632K), 0.0124226 secs] [Times: user=0.02 sys=0.00, real=0.01 secs] 
2021-01-22T21:02:10.490-0800: 179.058: [GC (Allocation Failure) 2021-01-22T21:02:10.490-0800: 179.058: [DefNew: 314559K->34943K(314560K), 0.0145815 secs] 780751K->577112K(1013632K), 0.0146841 secs] [Times: user=0.01 sys=0.00, real=0.01 secs] 
2021-01-22T21:02:10.534-0800: 179.102: [GC (Allocation Failure) 2021-01-22T21:02:10.534-0800: 179.102: [DefNew: 314559K->34943K(314560K), 0.0152750 secs] 856728K->657821K(1013632K), 0.0153705 secs] [Times: user=0.02 sys=0.00, real=0.02 secs] 
2021-01-22T21:02:10.581-0800: 179.148: [GC (Allocation Failure) 2021-01-22T21:02:10.581-0800: 179.148: [DefNew: 314559K->314559K(314560K), 0.0000215 secs]2021-01-22T21:02:10.581-0800: 179.148: [Tenured: 622877K->412710K(699072K), 0.0518101 secs] 937437K->412710K(1013632K), [Metaspace: 2698K->2698K(1056768K)], 0.0519375 secs] [Times: user=0.05 sys=0.00, real=0.05 secs] 
2021-01-22T21:02:10.665-0800: 179.233: [GC (Allocation Failure) 2021-01-22T21:02:10.665-0800: 179.233: [DefNew: 279616K->34943K(314560K), 0.0116141 secs] 692326K->496887K(1013632K), 0.0117083 secs] [Times: user=0.01 sys=0.00, real=0.01 secs] 
2021-01-22T21:02:10.709-0800: 179.276: [GC (Allocation Failure) 2021-01-22T21:02:10.709-0800: 179.276: [DefNew: 314559K->34943K(314560K), 0.0161232 secs] 776503K->582909K(1013632K), 0.0162406 secs] [Times: user=0.02 sys=0.00, real=0.02 secs] 
2021-01-22T21:02:10.755-0800: 179.323: [GC (Allocation Failure) 2021-01-22T21:02:10.755-0800: 179.323: [DefNew: 314408K->34943K(314560K), 0.0140432 secs] 862374K->655086K(1013632K), 0.0141367 secs] [Times: user=0.01 sys=0.00, real=0.01 secs] 
2021-01-22T21:02:10.799-0800: 179.367: [GC (Allocation Failure) 2021-01-22T21:02:10.800-0800: 179.367: [DefNew: 314559K->314559K(314560K), 0.0000226 secs]2021-01-22T21:02:10.800-0800: 179.367: [Tenured: 620143K->381894K(699072K), 0.0514900 secs] 934702K->381894K(1013632K), [Metaspace: 2698K->2698K(1056768K)], 0.0516273 secs] [Times: user=0.05 sys=0.00, real=0.06 secs] 
2021-01-22T21:02:10.884-0800: 179.451: [GC (Allocation Failure) 2021-01-22T21:02:10.884-0800: 179.451: [DefNew: 279616K->34943K(314560K), 0.0120269 secs] 661510K->471758K(1013632K), 0.0121239 secs] [Times: user=0.01 sys=0.00, real=0.01 secs] 
2021-01-22T21:02:10.928-0800: 179.495: [GC (Allocation Failure) 2021-01-22T21:02:10.928-0800: 179.495: [DefNew: 314559K->34943K(314560K), 0.0154595 secs] 751374K->548974K(1013632K), 0.0155540 secs] [Times: user=0.02 sys=0.00, real=0.02 secs] 
2021-01-22T21:02:10.974-0800: 179.541: [GC (Allocation Failure) 2021-01-22T21:02:10.974-0800: 179.541: [DefNew: 314559K->34943K(314560K), 0.0152192 secs] 828590K->630828K(1013632K), 0.0153346 secs] [Times: user=0.01 sys=0.00, real=0.01 secs] 
2021-01-22T21:02:11.019-0800: 179.587: [GC (Allocation Failure) 2021-01-22T21:02:11.020-0800: 179.587: [DefNew: 314559K->314559K(314560K), 0.0000241 secs]2021-01-22T21:02:11.020-0800: 179.587: [Tenured: 595884K->412038K(699072K), 0.0484045 secs] 910444K->412038K(1013632K), [Metaspace: 2698K->2698K(1056768K)], 0.0485537 secs] [Times: user=0.05 sys=0.00, real=0.05 secs] 
2021-01-22T21:02:11.099-0800: 179.667: [GC (Allocation Failure) 2021-01-22T21:02:11.099-0800: 179.667: [DefNew: 279596K->34943K(314560K), 0.0119979 secs] 691634K->501993K(1013632K), 0.0120912 secs] [Times: user=0.01 sys=0.00, real=0.02 secs] 
2021-01-22T21:02:11.142-0800: 179.709: [GC (Allocation Failure) 2021-01-22T21:02:11.142-0800: 179.709: [DefNew: 314559K->34943K(314560K), 0.0163635 secs] 781609K->589497K(1013632K), 0.0164554 secs] [Times: user=0.02 sys=0.00, real=0.01 secs] 
2021-01-22T21:02:11.190-0800: 179.757: [GC (Allocation Failure) 2021-01-22T21:02:11.190-0800: 179.757: [DefNew: 314559K->34942K(314560K), 0.0150400 secs] 869113K->666945K(1013632K), 0.0151384 secs] [Times: user=0.01 sys=0.00, real=0.01 secs] 
2021-01-22T21:02:11.235-0800: 179.802: [GC (Allocation Failure) 2021-01-22T21:02:11.235-0800: 179.802: [DefNew: 314558K->314558K(314560K), 0.0000264 secs]2021-01-22T21:02:11.235-0800: 179.802: [Tenured: 632002K->412450K(699072K), 0.0507176 secs] 946561K->412450K(1013632K), [Metaspace: 2698K->2698K(1056768K)], 0.0508607 secs] [Times: user=0.05 sys=0.00, real=0.05 secs] 
2021-01-22T21:02:11.318-0800: 179.885: [GC (Allocation Failure) 2021-01-22T21:02:11.318-0800: 179.885: [DefNew: 279466K->34943K(314560K), 0.0114098 secs] 691917K->498192K(1013632K), 0.0115068 secs] [Times: user=0.01 sys=0.00, real=0.01 secs] 
2021-01-22T21:02:11.359-0800: 179.926: [GC (Allocation Failure) 2021-01-22T21:02:11.359-0800: 179.926: [DefNew: 314559K->34943K(314560K), 0.0168336 secs] 777808K->591067K(1013632K), 0.0169380 secs] [Times: user=0.02 sys=0.00, real=0.02 secs] 
2021-01-22T21:02:11.407-0800: 179.974: [GC (Allocation Failure) 2021-01-22T21:02:11.407-0800: 179.974: [DefNew: 314559K->34943K(314560K), 0.0142678 secs] 870683K->665548K(1013632K), 0.0143666 secs] [Times: user=0.01 sys=0.00, real=0.02 secs] 
2021-01-22T21:02:11.455-0800: 180.023: [GC (Allocation Failure) 2021-01-22T21:02:11.455-0800: 180.023: [DefNew: 314559K->314559K(314560K), 0.0000211 secs]2021-01-22T21:02:11.455-0800: 180.023: [Tenured: 630605K->386969K(699072K), 0.0492446 secs] 945164K->386969K(1013632K), [Metaspace: 2698K->2698K(1056768K)], 0.0493821 secs] [Times: user=0.04 sys=0.00, real=0.05 secs] 
2021-01-22T21:02:11.538-0800: 180.105: [GC (Allocation Failure) 2021-01-22T21:02:11.538-0800: 180.105: [DefNew: 279616K->34943K(314560K), 0.0132141 secs] 666585K->474670K(1013632K), 0.0133782 secs] [Times: user=0.01 sys=0.00, real=0.02 secs] 
2021-01-22T21:02:11.585-0800: 180.152: [GC (Allocation Failure) 2021-01-22T21:02:11.585-0800: 180.152: [DefNew: 314559K->34944K(314560K), 0.0151120 secs] 754286K->556672K(1013632K), 0.0152067 secs] [Times: user=0.02 sys=0.00, real=0.02 secs] 
2021-01-22T21:02:11.631-0800: 180.199: [GC (Allocation Failure) 2021-01-22T21:02:11.631-0800: 180.199: [DefNew: 314560K->34943K(314560K), 0.0158006 secs] 836288K->638459K(1013632K), 0.0158994 secs] [Times: user=0.01 sys=0.00, real=0.01 secs] 
2021-01-22T21:02:11.679-0800: 180.247: [GC (Allocation Failure) 2021-01-22T21:02:11.679-0800: 180.247: [DefNew: 314559K->314559K(314560K), 0.0000228 secs]2021-01-22T21:02:11.679-0800: 180.247: [Tenured: 603515K->391241K(699072K), 0.0533027 secs] 918075K->391241K(1013632K), [Metaspace: 2698K->2698K(1056768K)], 0.0534498 secs] [Times: user=0.05 sys=0.00, real=0.06 secs] 
2021-01-22T21:02:11.764-0800: 180.332: [GC (Allocation Failure) 2021-01-22T21:02:11.764-0800: 180.332: [DefNew: 279616K->34943K(314560K), 0.0113500 secs] 670857K->478679K(1013632K), 0.0114465 secs] [Times: user=0.02 sys=0.00, real=0.01 secs] 
2021-01-22T21:02:11.809-0800: 180.376: [GC (Allocation Failure) 2021-01-22T21:02:11.809-0800: 180.376: [DefNew: 314420K->34943K(314560K), 0.0148354 secs] 758156K->551120K(1013632K), 0.0149408 secs] [Times: user=0.01 sys=0.00, real=0.02 secs] 
2021-01-22T21:02:11.853-0800: 180.420: [GC (Allocation Failure) 2021-01-22T21:02:11.853-0800: 180.420: [DefNew: 314559K->34943K(314560K), 0.0157458 secs] 830736K->631338K(1013632K), 0.0158413 secs] [Times: user=0.01 sys=0.00, real=0.01 secs] 
2021-01-22T21:02:11.900-0800: 180.467: [GC (Allocation Failure) 2021-01-22T21:02:11.900-0800: 180.467: [DefNew: 314559K->314559K(314560K), 0.0000230 secs]2021-01-22T21:02:11.900-0800: 180.467: [Tenured: 596394K->414412K(699072K), 0.0493228 secs] 910954K->414412K(1013632K), [Metaspace: 2698K->2698K(1056768K)], 0.0494571 secs] [Times: user=0.05 sys=0.00, real=0.04 secs] 
2021-01-22T21:02:11.981-0800: 180.549: [GC (Allocation Failure) 2021-01-22T21:02:11.981-0800: 180.549: [DefNew: 279616K->34943K(314560K), 0.0116427 secs] 694028K->504151K(1013632K), 0.0118705 secs] [Times: user=0.01 sys=0.00, real=0.01 secs] 
2021-01-22T21:02:12.025-0800: 180.592: [GC (Allocation Failure) 2021-01-22T21:02:12.025-0800: 180.592: [DefNew: 314559K->34943K(314560K), 0.0153899 secs] 783767K->583982K(1013632K), 0.0154846 secs] [Times: user=0.02 sys=0.00, real=0.02 secs] 
2021-01-22T21:02:12.070-0800: 180.638: [GC (Allocation Failure) 2021-01-22T21:02:12.070-0800: 180.638: [DefNew: 314559K->34943K(314560K), 0.0151655 secs] 863598K->662772K(1013632K), 0.0152668 secs] [Times: user=0.01 sys=0.00, real=0.01 secs] 
2021-01-22T21:02:12.117-0800: 180.685: [GC (Allocation Failure) 2021-01-22T21:02:12.117-0800: 180.685: [DefNew: 314559K->314559K(314560K), 0.0000227 secs]2021-01-22T21:02:12.117-0800: 180.685: [Tenured: 627828K->399451K(699072K), 0.0489861 secs] 942388K->399451K(1013632K), [Metaspace: 2698K->2698K(1056768K)], 0.0491196 secs] [Times: user=0.05 sys=0.00, real=0.05 secs] 
2021-01-22T21:02:12.198-0800: 180.765: [GC (Allocation Failure) 2021-01-22T21:02:12.198-0800: 180.765: [DefNew: 279616K->34943K(314560K), 0.0124772 secs] 679067K->494039K(1013632K), 0.0125903 secs] [Times: user=0.01 sys=0.00, real=0.02 secs] 
2021-01-22T21:02:12.241-0800: 180.808: [GC (Allocation Failure) 2021-01-22T21:02:12.241-0800: 180.808: [DefNew: 314559K->34943K(314560K), 0.0146174 secs] 773655K->568917K(1013632K), 0.0147123 secs] [Times: user=0.02 sys=0.00, real=0.01 secs] 
2021-01-22T21:02:12.288-0800: 180.855: [GC (Allocation Failure) 2021-01-22T21:02:12.288-0800: 180.855: [DefNew: 314559K->34943K(314560K), 0.0150056 secs] 848533K->648146K(1013632K), 0.0151111 secs] [Times: user=0.01 sys=0.00, real=0.02 secs] 
2021-01-22T21:02:12.333-0800: 180.900: [GC (Allocation Failure) 2021-01-22T21:02:12.333-0800: 180.900: [DefNew: 314559K->314559K(314560K), 0.0000224 secs]2021-01-22T21:02:12.333-0800: 180.900: [Tenured: 613203K->408173K(699072K), 0.0505961 secs] 927762K->408173K(1013632K), [Metaspace: 2698K->2698K(1056768K)], 0.0507298 secs] [Times: user=0.05 sys=0.00, real=0.05 secs] 
2021-01-22T21:02:12.415-0800: 180.982: [GC (Allocation Failure) 2021-01-22T21:02:12.415-0800: 180.982: [DefNew: 279616K->34943K(314560K), 0.0115165 secs] 687789K->496056K(1013632K), 0.0116110 secs] [Times: user=0.01 sys=0.00, real=0.01 secs] 
2021-01-22T21:02:12.459-0800: 181.027: [GC (Allocation Failure) 2021-01-22T21:02:12.459-0800: 181.027: [DefNew: 314381K->34943K(314560K), 0.0143809 secs] 775494K->569702K(1013632K), 0.0145044 secs] [Times: user=0.01 sys=0.00, real=0.02 secs] 
2021-01-22T21:02:12.504-0800: 181.072: [GC (Allocation Failure) 2021-01-22T21:02:12.504-0800: 181.072: [DefNew: 314559K->34939K(314560K), 0.0150212 secs] 849318K->647621K(1013632K), 0.0151155 secs] [Times: user=0.02 sys=0.00, real=0.01 secs] 
2021-01-22T21:02:12.551-0800: 181.119: [GC (Allocation Failure) 2021-01-22T21:02:12.551-0800: 181.119: [DefNew: 314555K->314555K(314560K), 0.0000327 secs]2021-01-22T21:02:12.551-0800: 181.119: [Tenured: 612682K->374742K(699072K), 0.0505528 secs] 927237K->374742K(1013632K), [Metaspace: 2698K->2698K(1056768K)], 0.0507280 secs] [Times: user=0.05 sys=0.00, real=0.05 secs] 
2021-01-22T21:02:12.642-0800: 181.210: [GC (Allocation Failure) 2021-01-22T21:02:12.643-0800: 181.210: [DefNew: 279616K->34944K(314560K), 0.0100824 secs] 654358K->450353K(1013632K), 0.0101705 secs] [Times: user=0.01 sys=0.00, real=0.01 secs] 
2021-01-22T21:02:12.684-0800: 181.251: [GC (Allocation Failure) 2021-01-22T21:02:12.684-0800: 181.251: [DefNew: 314560K->34943K(314560K), 0.0146066 secs] 729969K->526990K(1013632K), 0.0147048 secs] [Times: user=0.02 sys=0.00, real=0.01 secs] 
2021-01-22T21:02:12.729-0800: 181.297: [GC (Allocation Failure) 2021-01-22T21:02:12.729-0800: 181.297: [DefNew: 314559K->34943K(314560K), 0.0150675 secs] 806606K->604214K(1013632K), 0.0151642 secs] [Times: user=0.01 sys=0.00, real=0.02 secs] 
2021-01-22T21:02:12.776-0800: 181.344: [GC (Allocation Failure) 2021-01-22T21:02:12.776-0800: 181.344: [DefNew: 314477K->34943K(314560K), 0.0157937 secs] 883748K->690736K(1013632K), 0.0158886 secs] [Times: user=0.02 sys=0.00, real=0.02 secs] 
2021-01-22T21:02:12.824-0800: 181.391: [GC (Allocation Failure) 2021-01-22T21:02:12.824-0800: 181.391: [DefNew: 314559K->314559K(314560K), 0.0000259 secs]2021-01-22T21:02:12.824-0800: 181.391: [Tenured: 655792K->426628K(699072K), 0.0504622 secs] 970352K->426628K(1013632K), [Metaspace: 2698K->2698K(1056768K)], 0.0506208 secs] [Times: user=0.05 sys=0.00, real=0.05 secs] 
2021-01-22T21:02:12.908-0800: 181.475: [GC (Allocation Failure) 2021-01-22T21:02:12.908-0800: 181.475: [DefNew: 279616K->34943K(314560K), 0.0122149 secs] 706244K->515206K(1013632K), 0.0123186 secs] [Times: user=0.01 sys=0.00, real=0.02 secs] 
2021-01-22T21:02:12.951-0800: 181.519: [GC (Allocation Failure) 2021-01-22T21:02:12.951-0800: 181.519: [DefNew: 314559K->34943K(314560K), 0.0154317 secs] 794822K->596022K(1013632K), 0.0155271 secs] [Times: user=0.02 sys=0.00, real=0.01 secs] 
2021-01-22T21:02:12.997-0800: 181.564: [GC (Allocation Failure) 2021-01-22T21:02:12.997-0800: 181.565: [DefNew: 314177K->34943K(314560K), 0.0160420 secs] 875256K->678354K(1013632K), 0.0161548 secs] [Times: user=0.02 sys=0.00, real=0.02 secs] 
2021-01-22T21:02:13.044-0800: 181.612: [GC (Allocation Failure) 2021-01-22T21:02:13.044-0800: 181.612: [DefNew: 314559K->314559K(314560K), 0.0000325 secs]2021-01-22T21:02:13.044-0800: 181.612: [Tenured: 643410K->414304K(699072K), 0.0504490 secs] 957970K->414304K(1013632K), [Metaspace: 2698K->2698K(1056768K)], 0.0506232 secs] [Times: user=0.05 sys=0.00, real=0.05 secs] 
2021-01-22T21:02:13.127-0800: 181.695: [GC (Allocation Failure) 2021-01-22T21:02:13.127-0800: 181.695: [DefNew: 279616K->34943K(314560K), 0.0120556 secs] 693920K->506732K(1013632K), 0.0121484 secs] [Times: user=0.01 sys=0.00, real=0.01 secs] 
2021-01-22T21:02:13.170-0800: 181.737: [GC (Allocation Failure) 2021-01-22T21:02:13.170-0800: 181.737: [DefNew: 314559K->34943K(314560K), 0.0159652 secs] 786348K->586852K(1013632K), 0.0160595 secs] [Times: user=0.01 sys=0.00, real=0.01 secs] 
2021-01-22T21:02:13.217-0800: 181.785: [GC (Allocation Failure) 2021-01-22T21:02:13.217-0800: 181.785: [DefNew: 314559K->34943K(314560K), 0.0154654 secs] 866468K->666621K(1013632K), 0.0155942 secs] [Times: user=0.02 sys=0.00, real=0.02 secs] 
2021-01-22T21:02:13.266-0800: 181.833: [GC (Allocation Failure) 2021-01-22T21:02:13.266-0800: 181.833: [DefNew: 314559K->314559K(314560K), 0.0000209 secs]2021-01-22T21:02:13.266-0800: 181.833: [Tenured: 631678K->410243K(699072K), 0.0500104 secs] 946237K->410243K(1013632K), [Metaspace: 2698K->2698K(1056768K)], 0.0501429 secs] [Times: user=0.05 sys=0.00, real=0.05 secs] 
2021-01-22T21:02:13.348-0800: 181.915: [GC (Allocation Failure) 2021-01-22T21:02:13.348-0800: 181.915: [DefNew: 279616K->34943K(314560K), 0.0109597 secs] 689859K->493344K(1013632K), 0.0110690 secs] [Times: user=0.01 sys=0.00, real=0.01 secs] 
2021-01-22T21:02:13.390-0800: 181.958: [GC (Allocation Failure) 2021-01-22T21:02:13.390-0800: 181.958: [DefNew: 314559K->34944K(314560K), 0.0140701 secs] 772960K->565642K(1013632K), 0.0141917 secs] [Times: user=0.02 sys=0.00, real=0.01 secs] 
2021-01-22T21:02:13.438-0800: 182.005: [GC (Allocation Failure) 2021-01-22T21:02:13.438-0800: 182.005: [DefNew: 314560K->34943K(314560K), 0.0143842 secs] 845258K->639398K(1013632K), 0.0144800 secs] [Times: user=0.01 sys=0.00, real=0.02 secs] 
2021-01-22T21:02:13.483-0800: 182.051: [GC (Allocation Failure) 2021-01-22T21:02:13.483-0800: 182.051: [DefNew: 314559K->314559K(314560K), 0.0000234 secs]2021-01-22T21:02:13.483-0800: 182.051: [Tenured: 604455K->369139K(699072K), 0.0498517 secs] 919014K->369139K(1013632K), [Metaspace: 2698K->2698K(1056768K)], 0.0499968 secs] [Times: user=0.05 sys=0.00, real=0.05 secs] 
2021-01-22T21:02:13.566-0800: 182.133: [GC (Allocation Failure) 2021-01-22T21:02:13.566-0800: 182.134: [DefNew: 279616K->34943K(314560K), 0.0118358 secs] 648755K->459858K(1013632K), 0.0119946 secs] [Times: user=0.02 sys=0.00, real=0.01 secs] 
2021-01-22T21:02:13.610-0800: 182.177: [GC (Allocation Failure) 2021-01-22T21:02:13.610-0800: 182.177: [DefNew: 314373K->34943K(314560K), 0.0150647 secs] 739288K->538039K(1013632K), 0.0151572 secs] [Times: user=0.01 sys=0.00, real=0.01 secs] 
2021-01-22T21:02:13.655-0800: 182.223: [GC (Allocation Failure) 2021-01-22T21:02:13.655-0800: 182.223: [DefNew: 314559K->34943K(314560K), 0.0154924 secs] 817655K->619934K(1013632K), 0.0155854 secs] [Times: user=0.02 sys=0.00, real=0.02 secs] 
2021-01-22T21:02:13.701-0800: 182.268: [GC (Allocation Failure) 2021-01-22T21:02:13.701-0800: 182.268: [DefNew: 314559K->34942K(314560K), 0.0152403 secs] 899550K->696028K(1013632K), 0.0153385 secs] [Times: user=0.02 sys=0.00, real=0.01 secs] 
2021-01-22T21:02:13.747-0800: 182.314: [GC (Allocation Failure) 2021-01-22T21:02:13.747-0800: 182.314: [DefNew: 313861K->313861K(314560K), 0.0000218 secs]2021-01-22T21:02:13.747-0800: 182.314: [Tenured: 661086K->408540K(699072K), 0.0485816 secs] 974947K->408540K(1013632K), [Metaspace: 2698K->2698K(1056768K)], 0.0487115 secs] [Times: user=0.05 sys=0.00, real=0.05 secs] 
2021-01-22T21:02:13.827-0800: 182.394: [GC (Allocation Failure) 2021-01-22T21:02:13.827-0800: 182.395: [DefNew: 279616K->34943K(314560K), 0.0122225 secs] 688156K->499558K(1013632K), 0.0123150 secs] [Times: user=0.01 sys=0.00, real=0.01 secs] 
2021-01-22T21:02:13.870-0800: 182.438: [GC (Allocation Failure) 2021-01-22T21:02:13.870-0800: 182.438: [DefNew: 314559K->34943K(314560K), 0.0150858 secs] 779174K->578319K(1013632K), 0.0151933 secs] [Times: user=0.01 sys=0.00, real=0.01 secs] 
2021-01-22T21:02:13.919-0800: 182.486: [GC (Allocation Failure) 2021-01-22T21:02:13.919-0800: 182.486: [DefNew: 314559K->34943K(314560K), 0.0141528 secs] 857935K->648285K(1013632K), 0.0142465 secs] [Times: user=0.01 sys=0.00, real=0.02 secs] 
2021-01-22T21:02:13.963-0800: 182.530: [GC (Allocation Failure) 2021-01-22T21:02:13.963-0800: 182.530: [DefNew: 314559K->314559K(314560K), 0.0000212 secs]2021-01-22T21:02:13.963-0800: 182.530: [Tenured: 613341K->396198K(699072K), 0.0478451 secs] 927901K->396198K(1013632K), [Metaspace: 2698K->2698K(1056768K)], 0.0479747 secs] [Times: user=0.05 sys=0.00, real=0.05 secs] 
2021-01-22T21:02:14.043-0800: 182.611: [GC (Allocation Failure) 2021-01-22T21:02:14.043-0800: 182.611: [DefNew: 279616K->34943K(314560K), 0.0109380 secs] 675814K->479771K(1013632K), 0.0110344 secs] [Times: user=0.01 sys=0.00, real=0.01 secs] 
2021-01-22T21:02:14.085-0800: 182.653: [GC (Allocation Failure) 2021-01-22T21:02:14.085-0800: 182.653: [DefNew: 314559K->34943K(314560K), 0.0150588 secs] 759387K->559872K(1013632K), 0.0151549 secs] [Times: user=0.01 sys=0.00, real=0.02 secs] 
2021-01-22T21:02:14.133-0800: 182.701: [GC (Allocation Failure) 2021-01-22T21:02:14.134-0800: 182.701: [DefNew: 314559K->34943K(314560K), 0.0143919 secs] 839488K->631106K(1013632K), 0.0145068 secs] [Times: user=0.01 sys=0.00, real=0.01 secs] 
2021-01-22T21:02:14.180-0800: 182.747: [GC (Allocation Failure) 2021-01-22T21:02:14.180-0800: 182.747: [DefNew: 314559K->314559K(314560K), 0.0000215 secs]2021-01-22T21:02:14.180-0800: 182.747: [Tenured: 596162K->400135K(699072K), 0.0488892 secs] 910722K->400135K(1013632K), [Metaspace: 2698K->2698K(1056768K)], 0.0490222 secs] [Times: user=0.05 sys=0.01, real=0.04 secs] 
2021-01-22T21:02:14.262-0800: 182.830: [GC (Allocation Failure) 2021-01-22T21:02:14.262-0800: 182.830: [DefNew: 279616K->34943K(314560K), 0.0112744 secs] 679751K->486469K(1013632K), 0.0113718 secs] [Times: user=0.01 sys=0.00, real=0.01 secs] 
2021-01-22T21:02:14.305-0800: 182.872: [GC (Allocation Failure) 2021-01-22T21:02:14.305-0800: 182.872: [DefNew: 314351K->34943K(314560K), 0.0159788 secs] 765877K->574068K(1013632K), 0.0160961 secs] [Times: user=0.02 sys=0.00, real=0.02 secs] 
2021-01-22T21:02:14.353-0800: 182.921: [GC (Allocation Failure) 2021-01-22T21:02:14.353-0800: 182.921: [DefNew: 314559K->34943K(314560K), 0.0155962 secs] 853684K->656381K(1013632K), 0.0156899 secs] [Times: user=0.02 sys=0.00, real=0.01 secs] 
2021-01-22T21:02:14.401-0800: 182.968: [GC (Allocation Failure) 2021-01-22T21:02:14.401-0800: 182.968: [DefNew: 314559K->314559K(314560K), 0.0000216 secs]2021-01-22T21:02:14.401-0800: 182.968: [Tenured: 621437K->375699K(699072K), 0.0500516 secs] 935997K->375699K(1013632K), [Metaspace: 2698K->2698K(1056768K)], 0.0501823 secs] [Times: user=0.05 sys=0.00, real=0.05 secs] 
2021-01-22T21:02:14.482-0800: 183.050: [GC (Allocation Failure) 2021-01-22T21:02:14.482-0800: 183.050: [DefNew: 279616K->34944K(314560K), 0.0120869 secs] 655315K->465569K(1013632K), 0.0121838 secs] [Times: user=0.01 sys=0.00, real=0.01 secs] 
2021-01-22T21:02:14.527-0800: 183.094: [GC (Allocation Failure) 2021-01-22T21:02:14.527-0800: 183.094: [DefNew: 314560K->34943K(314560K), 0.0152509 secs] 745185K->544071K(1013632K), 0.0153555 secs] [Times: user=0.02 sys=0.00, real=0.02 secs] 
2021-01-22T21:02:14.577-0800: 183.144: [GC (Allocation Failure) 2021-01-22T21:02:14.577-0800: 183.144: [DefNew: 314559K->34943K(314560K), 0.0173600 secs] 823687K->622139K(1013632K), 0.0174678 secs] [Times: user=0.01 sys=0.00, real=0.02 secs] 
2021-01-22T21:02:14.627-0800: 183.194: [GC (Allocation Failure) 2021-01-22T21:02:14.627-0800: 183.194: [DefNew: 314559K->34943K(314560K), 0.0152555 secs] 901755K->704067K(1013632K), 0.0153642 secs] [Times: user=0.01 sys=0.00, real=0.02 secs] 
2021-01-22T21:02:14.673-0800: 183.240: [GC (Allocation Failure) 2021-01-22T21:02:14.673-0800: 183.240: [DefNew: 314559K->314559K(314560K), 0.0000225 secs]2021-01-22T21:02:14.673-0800: 183.240: [Tenured: 669124K->416424K(699072K), 0.0492025 secs] 983683K->416424K(1013632K), [Metaspace: 2698K->2698K(1056768K)], 0.0493345 secs] [Times: user=0.05 sys=0.00, real=0.05 secs] 
2021-01-22T21:02:14.753-0800: 183.321: [GC (Allocation Failure) 2021-01-22T21:02:14.753-0800: 183.321: [DefNew: 279616K->34943K(314560K), 0.0115721 secs] 696040K->501347K(1013632K), 0.0116666 secs] [Times: user=0.01 sys=0.00, real=0.01 secs] 
2021-01-22T21:02:14.796-0800: 183.363: [GC (Allocation Failure) 2021-01-22T21:02:14.796-0800: 183.363: [DefNew: 314559K->34943K(314560K), 0.0146173 secs] 780963K->576059K(1013632K), 0.0147094 secs] [Times: user=0.02 sys=0.00, real=0.02 secs] 
2021-01-22T21:02:14.840-0800: 183.407: [GC (Allocation Failure) 2021-01-22T21:02:14.840-0800: 183.407: [DefNew: 314559K->34943K(314560K), 0.0152749 secs] 855675K->656970K(1013632K), 0.0153716 secs] [Times: user=0.02 sys=0.00, real=0.01 secs] 
2021-01-22T21:02:14.888-0800: 183.455: [GC (Allocation Failure) 2021-01-22T21:02:14.888-0800: 183.455: [DefNew: 314559K->314559K(314560K), 0.0000214 secs]2021-01-22T21:02:14.888-0800: 183.455: [Tenured: 622027K->407638K(699072K), 0.0495007 secs] 936586K->407638K(1013632K), [Metaspace: 2698K->2698K(1056768K)], 0.0496401 secs] [Times: user=0.05 sys=0.00, real=0.05 secs] 
2021-01-22T21:02:14.971-0800: 183.539: [GC (Allocation Failure) 2021-01-22T21:02:14.971-0800: 183.539: [DefNew: 279616K->34943K(314560K), 0.0106387 secs] 687254K->488062K(1013632K), 0.0107336 secs] [Times: user=0.01 sys=0.00, real=0.01 secs] 
2021-01-22T21:02:15.014-0800: 183.581: [GC (Allocation Failure) 2021-01-22T21:02:15.014-0800: 183.581: [DefNew: 314559K->34944K(314560K), 0.0149104 secs] 767678K->560728K(1013632K), 0.0149992 secs] [Times: user=0.02 sys=0.00, real=0.01 secs] 
2021-01-22T21:02:15.059-0800: 183.627: [GC (Allocation Failure) 2021-01-22T21:02:15.059-0800: 183.627: [DefNew: 314560K->34943K(314560K), 0.0152813 secs] 840344K->642573K(1013632K), 0.0153768 secs] [Times: user=0.01 sys=0.00, real=0.02 secs] 
2021-01-22T21:02:15.107-0800: 183.674: [GC (Allocation Failure) 2021-01-22T21:02:15.107-0800: 183.674: [DefNew: 314559K->314559K(314560K), 0.0000216 secs]2021-01-22T21:02:15.107-0800: 183.674: [Tenured: 607629K->397200K(699072K), 0.0486324 secs] 922189K->397200K(1013632K), [Metaspace: 2698K->2698K(1056768K)], 0.0487834 secs] [Times: user=0.05 sys=0.00, real=0.05 secs] 
2021-01-22T21:02:15.186-0800: 183.753: [GC (Allocation Failure) 2021-01-22T21:02:15.186-0800: 183.753: [DefNew: 279616K->34943K(314560K), 0.0132559 secs] 676816K->491442K(1013632K), 0.0133504 secs] [Times: user=0.01 sys=0.00, real=0.01 secs] 
2021-01-22T21:02:15.231-0800: 183.799: [GC (Allocation Failure) 2021-01-22T21:02:15.231-0800: 183.799: [DefNew: 314559K->34943K(314560K), 0.0155564 secs] 771058K->569171K(1013632K), 0.0156488 secs] [Times: user=0.01 sys=0.00, real=0.01 secs] 
2021-01-22T21:02:15.279-0800: 183.846: [GC (Allocation Failure) 2021-01-22T21:02:15.279-0800: 183.846: [DefNew: 314559K->34943K(314560K), 0.0146709 secs] 848787K->648270K(1013632K), 0.0147655 secs] [Times: user=0.02 sys=0.00, real=0.02 secs] 
2021-01-22T21:02:15.325-0800: 183.893: [GC (Allocation Failure) 2021-01-22T21:02:15.325-0800: 183.893: [DefNew: 314559K->314559K(314560K), 0.0000222 secs]2021-01-22T21:02:15.325-0800: 183.893: [Tenured: 613326K->370636K(699072K), 0.0498204 secs] 927886K->370636K(1013632K), [Metaspace: 2698K->2698K(1056768K)], 0.0499607 secs] [Times: user=0.05 sys=0.00, real=0.05 secs] 
2021-01-22T21:02:15.408-0800: 183.975: [GC (Allocation Failure) 2021-01-22T21:02:15.408-0800: 183.975: [DefNew: 279616K->34943K(314560K), 0.0109855 secs] 650252K->453777K(1013632K), 0.0110808 secs] [Times: user=0.01 sys=0.00, real=0.01 secs] 
2021-01-22T21:02:15.449-0800: 184.017: [GC (Allocation Failure) 2021-01-22T21:02:15.450-0800: 184.017: [DefNew: 314559K->34943K(314560K), 0.0146319 secs] 733393K->527940K(1013632K), 0.0147275 secs] [Times: user=0.01 sys=0.00, real=0.02 secs] 
2021-01-22T21:02:15.494-0800: 184.061: [GC (Allocation Failure) 2021-01-22T21:02:15.494-0800: 184.061: [DefNew: 314559K->34943K(314560K), 0.0142896 secs] 807556K->600441K(1013632K), 0.0143882 secs] [Times: user=0.01 sys=0.00, real=0.01 secs] 
2021-01-22T21:02:15.539-0800: 184.107: [GC (Allocation Failure) 2021-01-22T21:02:15.539-0800: 184.107: [DefNew: 314559K->34943K(314560K), 0.0157547 secs] 880057K->683559K(1013632K), 0.0158860 secs] [Times: user=0.01 sys=0.00, real=0.02 secs] 
2021-01-22T21:02:15.587-0800: 184.154: [GC (Allocation Failure) 2021-01-22T21:02:15.587-0800: 184.154: [DefNew: 314559K->314559K(314560K), 0.0000219 secs]2021-01-22T21:02:15.587-0800: 184.154: [Tenured: 648615K->410015K(699072K), 0.0499323 secs] 963175K->410015K(1013632K), [Metaspace: 2698K->2698K(1056768K)], 0.0500633 secs] [Times: user=0.05 sys=0.00, real=0.05 secs] 
2021-01-22T21:02:15.671-0800: 184.239: [GC (Allocation Failure) 2021-01-22T21:02:15.671-0800: 184.239: [DefNew: 279616K->34943K(314560K), 0.0116390 secs] 689631K->493752K(1013632K), 0.0117325 secs] [Times: user=0.01 sys=0.00, real=0.01 secs] 
2021-01-22T21:02:15.713-0800: 184.280: [GC (Allocation Failure) 2021-01-22T21:02:15.713-0800: 184.281: [DefNew: 314559K->34943K(314560K), 0.0154461 secs] 773368K->576516K(1013632K), 0.0155392 secs] [Times: user=0.02 sys=0.00, real=0.01 secs] 
2021-01-22T21:02:15.760-0800: 184.327: [GC (Allocation Failure) 2021-01-22T21:02:15.760-0800: 184.327: [DefNew: 314476K->34942K(314560K), 0.0146834 secs] 856049K->654559K(1013632K), 0.0147761 secs] [Times: user=0.01 sys=0.00, real=0.01 secs] 
2021-01-22T21:02:15.805-0800: 184.372: [GC (Allocation Failure) 2021-01-22T21:02:15.805-0800: 184.372: [DefNew: 314526K->314526K(314560K), 0.0000229 secs]2021-01-22T21:02:15.805-0800: 184.372: [Tenured: 619616K->414590K(699072K), 0.0522870 secs] 934143K->414590K(1013632K), [Metaspace: 2698K->2698K(1056768K)], 0.0524209 secs] [Times: user=0.05 sys=0.01, real=0.05 secs] 
2021-01-22T21:02:15.889-0800: 184.456: [GC (Allocation Failure) 2021-01-22T21:02:15.889-0800: 184.456: [DefNew: 279616K->34943K(314560K), 0.0121584 secs] 694206K->505741K(1013632K), 0.0122692 secs] [Times: user=0.02 sys=0.00, real=0.02 secs] 
2021-01-22T21:02:15.931-0800: 184.499: [GC (Allocation Failure) 2021-01-22T21:02:15.932-0800: 184.499: [DefNew: 314559K->34944K(314560K), 0.0148268 secs] 785357K->580284K(1013632K), 0.0149211 secs] [Times: user=0.01 sys=0.00, real=0.01 secs] 
2021-01-22T21:02:15.977-0800: 184.545: [GC (Allocation Failure) 2021-01-22T21:02:15.977-0800: 184.545: [DefNew: 314560K->34943K(314560K), 0.0149606 secs] 859900K->658920K(1013632K), 0.0150554 secs] [Times: user=0.02 sys=0.00, real=0.02 secs] 
2021-01-22T21:02:16.023-0800: 184.591: [GC (Allocation Failure) 2021-01-22T21:02:16.023-0800: 184.591: [DefNew: 314559K->314559K(314560K), 0.0000218 secs]2021-01-22T21:02:16.023-0800: 184.591: [Tenured: 623976K->403110K(699072K), 0.0491471 secs] 938536K->403110K(1013632K), [Metaspace: 2698K->2698K(1056768K)], 0.0492998 secs] [Times: user=0.04 sys=0.00, real=0.05 secs] 
2021-01-22T21:02:16.104-0800: 184.671: [GC (Allocation Failure) 2021-01-22T21:02:16.104-0800: 184.671: [DefNew: 279616K->34942K(314560K), 0.0116786 secs] 682726K->491682K(1013632K), 0.0117744 secs] [Times: user=0.02 sys=0.00, real=0.01 secs] 
2021-01-22T21:02:16.148-0800: 184.716: [GC (Allocation Failure) 2021-01-22T21:02:16.148-0800: 184.716: [DefNew: 314558K->34943K(314560K), 0.0148891 secs] 771298K->566877K(1013632K), 0.0149950 secs] [Times: user=0.01 sys=0.00, real=0.02 secs] 
2021-01-22T21:02:16.195-0800: 184.763: [GC (Allocation Failure) 2021-01-22T21:02:16.195-0800: 184.763: [DefNew: 314559K->34943K(314560K), 0.0154787 secs] 846493K->649883K(1013632K), 0.0156343 secs] [Times: user=0.02 sys=0.00, real=0.02 secs] 
2021-01-22T21:02:16.239-0800: 184.807: [GC (Allocation Failure) 2021-01-22T21:02:16.239-0800: 184.807: [DefNew: 314559K->314559K(314560K), 0.0000197 secs]2021-01-22T21:02:16.239-0800: 184.807: [Tenured: 614939K->375989K(699072K), 0.0507163 secs] 929499K->375989K(1013632K), [Metaspace: 2698K->2698K(1056768K)], 0.0508462 secs] [Times: user=0.05 sys=0.00, real=0.06 secs] 
2021-01-22T21:02:16.323-0800: 184.891: [GC (Allocation Failure) 2021-01-22T21:02:16.323-0800: 184.891: [DefNew: 279616K->34944K(314560K), 0.0119881 secs] 655605K->466680K(1013632K), 0.0121122 secs] [Times: user=0.01 sys=0.00, real=0.01 secs] 
2021-01-22T21:02:16.367-0800: 184.935: [GC (Allocation Failure) 2021-01-22T21:02:16.367-0800: 184.935: [DefNew: 314505K->34943K(314560K), 0.0141199 secs] 746241K->539911K(1013632K), 0.0142109 secs] [Times: user=0.02 sys=0.00, real=0.02 secs] 
2021-01-22T21:02:16.413-0800: 184.980: [GC (Allocation Failure) 2021-01-22T21:02:16.413-0800: 184.980: [DefNew: 314559K->34942K(314560K), 0.0147994 secs] 819527K->618089K(1013632K), 0.0148882 secs] [Times: user=0.01 sys=0.00, real=0.01 secs] 
2021-01-22T21:02:16.458-0800: 185.025: [GC (Allocation Failure) 2021-01-22T21:02:16.458-0800: 185.025: [DefNew: 314558K->34942K(314560K), 0.0157747 secs] 897705K->702775K(1013632K), 0.0158717 secs] [Times: user=0.02 sys=0.00, real=0.02 secs] 
2021-01-22T21:02:16.505-0800: 185.072: [GC (Allocation Failure) 2021-01-22T21:02:16.505-0800: 185.072: [DefNew: 314558K->314558K(314560K), 0.0000199 secs]2021-01-22T21:02:16.505-0800: 185.072: [Tenured: 667832K->418900K(699072K), 0.0521259 secs] 982391K->418900K(1013632K), [Metaspace: 2698K->2698K(1056768K)], 0.0522432 secs] [Times: user=0.05 sys=0.00, real=0.05 secs] 
2021-01-22T21:02:16.591-0800: 185.158: [GC (Allocation Failure) 2021-01-22T21:02:16.591-0800: 185.158: [DefNew: 279616K->34943K(314560K), 0.0124608 secs] 698516K->504628K(1013632K), 0.0125699 secs] [Times: user=0.01 sys=0.00, real=0.01 secs] 
2021-01-22T21:02:16.636-0800: 185.204: [GC (Allocation Failure) 2021-01-22T21:02:16.636-0800: 185.204: [DefNew: 314373K->34943K(314560K), 0.0152284 secs] 784058K->582159K(1013632K), 0.0153182 secs] [Times: user=0.02 sys=0.00, real=0.02 secs] 
2021-01-22T21:02:16.682-0800: 185.250: [GC (Allocation Failure) 2021-01-22T21:02:16.682-0800: 185.250: [DefNew: 314559K->34943K(314560K), 0.0145097 secs] 861775K->657970K(1013632K), 0.0146196 secs] [Times: user=0.01 sys=0.00, real=0.01 secs] 
2021-01-22T21:02:16.729-0800: 185.297: [GC (Allocation Failure) 2021-01-22T21:02:16.729-0800: 185.297: [DefNew: 314559K->314559K(314560K), 0.0000196 secs]2021-01-22T21:02:16.729-0800: 185.297: [Tenured: 623026K->403546K(699072K), 0.0493420 secs] 937586K->403546K(1013632K), [Metaspace: 2698K->2698K(1056768K)], 0.0494606 secs] [Times: user=0.05 sys=0.00, real=0.05 secs] 
2021-01-22T21:02:16.810-0800: 185.377: [GC (Allocation Failure) 2021-01-22T21:02:16.810-0800: 185.377: [DefNew: 279551K->34943K(314560K), 0.0112598 secs] 683098K->483865K(1013632K), 0.0113612 secs] [Times: user=0.01 sys=0.00, real=0.01 secs] 
2021-01-22T21:02:16.856-0800: 185.423: [GC (Allocation Failure) 2021-01-22T21:02:16.856-0800: 185.423: [DefNew: 314559K->34943K(314560K), 0.0164561 secs] 763481K->567860K(1013632K), 0.0165465 secs] [Times: user=0.01 sys=0.00, real=0.02 secs] 
2021-01-22T21:02:16.912-0800: 185.479: [GC (Allocation Failure) 2021-01-22T21:02:16.912-0800: 185.480: [DefNew: 314559K->34943K(314560K), 0.0242251 secs] 847476K->650653K(1013632K), 0.0243146 secs] [Times: user=0.02 sys=0.00, real=0.02 secs] 
2021-01-22T21:02:16.978-0800: 185.545: [GC (Allocation Failure) 2021-01-22T21:02:16.978-0800: 185.545: [DefNew: 314396K->314396K(314560K), 0.0000288 secs]2021-01-22T21:02:16.978-0800: 185.545: [Tenured: 615710K->404672K(699072K), 0.0693116 secs] 930106K->404672K(1013632K), [Metaspace: 2698K->2698K(1056768K)], 0.0694752 secs] [Times: user=0.06 sys=0.00, real=0.07 secs] 
2021-01-22T21:02:17.092-0800: 185.659: [GC (Allocation Failure) 2021-01-22T21:02:17.092-0800: 185.659: [DefNew: 279616K->34943K(314560K), 0.0116433 secs] 684288K->491189K(1013632K), 0.0117355 secs] [Times: user=0.01 sys=0.00, real=0.01 secs] 
2021-01-22T21:02:17.138-0800: 185.706: [GC (Allocation Failure) 2021-01-22T21:02:17.138-0800: 185.706: [DefNew: 314559K->34944K(314560K), 0.0182212 secs] 770805K->583781K(1013632K), 0.0183107 secs] [Times: user=0.01 sys=0.00, real=0.02 secs] 
2021-01-22T21:02:17.188-0800: 185.756: [GC (Allocation Failure) 2021-01-22T21:02:17.189-0800: 185.756: [DefNew: 314560K->34943K(314560K), 0.0160346 secs] 863397K->658836K(1013632K), 0.0161259 secs] [Times: user=0.02 sys=0.00, real=0.02 secs] 
2021-01-22T21:02:17.236-0800: 185.803: [GC (Allocation Failure) 2021-01-22T21:02:17.236-0800: 185.803: [DefNew: 314559K->314559K(314560K), 0.0000204 secs]2021-01-22T21:02:17.236-0800: 185.803: [Tenured: 623892K->384587K(699072K), 0.0527387 secs] 938452K->384587K(1013632K), [Metaspace: 2698K->2698K(1056768K)], 0.0528623 secs] [Times: user=0.05 sys=0.01, real=0.05 secs] 
2021-01-22T21:02:17.321-0800: 185.889: [GC (Allocation Failure) 2021-01-22T21:02:17.321-0800: 185.889: [DefNew: 279616K->34942K(314560K), 0.0124203 secs] 664203K->476307K(1013632K), 0.0125161 secs] [Times: user=0.01 sys=0.00, real=0.01 secs] 
2021-01-22T21:02:17.365-0800: 185.933: [GC (Allocation Failure) 2021-01-22T21:02:17.365-0800: 185.933: [DefNew: 314558K->34943K(314560K), 0.0161861 secs] 755923K->557817K(1013632K), 0.0162711 secs] [Times: user=0.02 sys=0.00, real=0.02 secs] 
2021-01-22T21:02:17.425-0800: 185.992: [GC (Allocation Failure) 2021-01-22T21:02:17.425-0800: 185.992: [DefNew: 314559K->34943K(314560K), 0.0201831 secs] 837433K->631291K(1013632K), 0.0202789 secs] [Times: user=0.02 sys=0.00, real=0.02 secs] 
2021-01-22T21:02:17.488-0800: 186.056: [GC (Allocation Failure) 2021-01-22T21:02:17.488-0800: 186.056: [DefNew: 314559K->314559K(314560K), 0.0000201 secs]2021-01-22T21:02:17.488-0800: 186.056: [Tenured: 596347K->397192K(699072K), 0.0654997 secs] 910907K->397192K(1013632K), [Metaspace: 2698K->2698K(1056768K)], 0.0656190 secs] [Times: user=0.06 sys=0.00, real=0.07 secs] 
2021-01-22T21:02:17.595-0800: 186.163: [GC (Allocation Failure) 2021-01-22T21:02:17.595-0800: 186.163: [DefNew: 279616K->34943K(314560K), 0.0109667 secs] 676808K->482120K(1013632K), 0.0110622 secs] [Times: user=0.01 sys=0.00, real=0.01 secs] 
2021-01-22T21:02:17.642-0800: 186.209: [GC (Allocation Failure) 2021-01-22T21:02:17.642-0800: 186.209: [DefNew: 314130K->34943K(314560K), 0.0157401 secs] 761306K->563620K(1013632K), 0.0158616 secs] [Times: user=0.02 sys=0.00, real=0.01 secs] 
2021-01-22T21:02:17.691-0800: 186.258: [GC (Allocation Failure) 2021-01-22T21:02:17.691-0800: 186.259: [DefNew: 314559K->34943K(314560K), 0.0145684 secs] 843236K->637138K(1013632K), 0.0146805 secs] [Times: user=0.01 sys=0.00, real=0.01 secs] 
2021-01-22T21:02:17.736-0800: 186.303: [GC (Allocation Failure) 2021-01-22T21:02:17.736-0800: 186.303: [DefNew: 314559K->314559K(314560K), 0.0000205 secs]2021-01-22T21:02:17.736-0800: 186.303: [Tenured: 602194K->395927K(699072K), 0.0503474 secs] 916754K->395927K(1013632K), [Metaspace: 2698K->2698K(1056768K)], 0.0504765 secs] [Times: user=0.05 sys=0.00, real=0.05 secs] 
2021-01-22T21:02:17.819-0800: 186.387: [GC (Allocation Failure) 2021-01-22T21:02:17.819-0800: 186.387: [DefNew: 279616K->34943K(314560K), 0.0113579 secs] 675543K->479741K(1013632K), 0.0114443 secs] [Times: user=0.01 sys=0.00, real=0.02 secs] 
2021-01-22T21:02:17.862-0800: 186.430: [GC (Allocation Failure) 2021-01-22T21:02:17.862-0800: 186.430: [DefNew: 314559K->34942K(314560K), 0.0145355 secs] 759357K->555085K(1013632K), 0.0270446 secs] [Times: user=0.01 sys=0.00, real=0.02 secs] 
2021-01-22T21:02:17.930-0800: 186.498: [GC (Allocation Failure) 2021-01-22T21:02:17.930-0800: 186.498: [DefNew: 314558K->34943K(314560K), 0.0164586 secs] 834701K->636607K(1013632K), 0.0165607 secs] [Times: user=0.02 sys=0.00, real=0.01 secs] 
2021-01-22T21:02:17.982-0800: 186.550: [GC (Allocation Failure) 2021-01-22T21:02:17.983-0800: 186.550: [DefNew: 314559K->314559K(314560K), 0.0000284 secs]2021-01-22T21:02:17.983-0800: 186.550: [Tenured: 601663K->399386K(699072K), 0.0615073 secs] 916223K->399386K(1013632K), [Metaspace: 2698K->2698K(1056768K)], 0.0620266 secs] [Times: user=0.06 sys=0.00, real=0.06 secs] 
2021-01-22T21:02:18.088-0800: 186.656: [GC (Allocation Failure) 2021-01-22T21:02:18.088-0800: 186.656: [DefNew: 279616K->34944K(314560K), 0.0186569 secs] 679002K->493969K(1013632K), 0.0187613 secs] [Times: user=0.01 sys=0.00, real=0.02 secs] 
2021-01-22T21:02:18.153-0800: 186.720: [GC (Allocation Failure) 2021-01-22T21:02:18.153-0800: 186.720: [DefNew: 314560K->34943K(314560K), 0.0231022 secs] 773585K->579648K(1013632K), 0.0232018 secs] [Times: user=0.02 sys=0.00, real=0.02 secs] 
2021-01-22T21:02:18.226-0800: 186.793: [GC (Allocation Failure) 2021-01-22T21:02:18.226-0800: 186.793: [DefNew: 314559K->34944K(314560K), 0.0170544 secs] 859264K->662980K(1013632K), 0.0171477 secs] [Times: user=0.02 sys=0.00, real=0.02 secs] 
2021-01-22T21:02:18.278-0800: 186.846: [GC (Allocation Failure) 2021-01-22T21:02:18.278-0800: 186.846: [DefNew: 314560K->314560K(314560K), 0.0000218 secs]2021-01-22T21:02:18.278-0800: 186.846: [Tenured: 628036K->373753K(699072K), 0.0554673 secs] 942596K->373753K(1013632K), [Metaspace: 2698K->2698K(1056768K)], 0.0555983 secs] [Times: user=0.06 sys=0.00, real=0.06 secs] 
2021-01-22T21:02:18.366-0800: 186.933: [GC (Allocation Failure) 2021-01-22T21:02:18.366-0800: 186.933: [DefNew: 279616K->34943K(314560K), 0.0129455 secs] 653369K->464805K(1013632K), 0.0130467 secs] [Times: user=0.01 sys=0.00, real=0.01 secs] 
2021-01-22T21:02:18.409-0800: 186.977: [GC (Allocation Failure) 2021-01-22T21:02:18.409-0800: 186.977: [DefNew: 314559K->34943K(314560K), 0.0147416 secs] 744421K->542336K(1013632K), 0.0148331 secs] [Times: user=0.01 sys=0.00, real=0.02 secs] 
2021-01-22T21:02:18.457-0800: 187.024: [GC (Allocation Failure) 2021-01-22T21:02:18.457-0800: 187.024: [DefNew: 314559K->34944K(314560K), 0.0147731 secs] 821952K->618207K(1013632K), 0.0148669 secs] [Times: user=0.02 sys=0.00, real=0.02 secs] 
2021-01-22T21:02:18.504-0800: 187.071: [GC (Allocation Failure) 2021-01-22T21:02:18.504-0800: 187.072: [DefNew: 314560K->34943K(314560K), 0.0150206 secs] 897823K->698179K(1013632K), 0.0151274 secs] [Times: user=0.01 sys=0.00, real=0.01 secs] 
2021-01-22T21:02:18.550-0800: 187.117: [GC (Allocation Failure) 2021-01-22T21:02:18.550-0800: 187.117: [DefNew: 314559K->314559K(314560K), 0.0000332 secs]2021-01-22T21:02:18.550-0800: 187.117: [Tenured: 663236K->407464K(699072K), 0.0504357 secs] 977795K->407464K(1013632K), [Metaspace: 2698K->2698K(1056768K)], 0.0505766 secs] [Times: user=0.05 sys=0.00, real=0.05 secs] 
2021-01-22T21:02:18.635-0800: 187.202: [GC (Allocation Failure) 2021-01-22T21:02:18.635-0800: 187.203: [DefNew: 279616K->34944K(314560K), 0.0123968 secs] 687080K->494577K(1013632K), 0.0125175 secs] [Times: user=0.02 sys=0.00, real=0.01 secs] 
2021-01-22T21:02:18.692-0800: 187.260: [GC (Allocation Failure) 2021-01-22T21:02:18.692-0800: 187.260: [DefNew: 314560K->34944K(314560K), 0.0195155 secs] 774193K->571528K(1013632K), 0.0196210 secs] [Times: user=0.02 sys=0.00, real=0.02 secs] 
2021-01-22T21:02:18.756-0800: 187.323: [GC (Allocation Failure) 2021-01-22T21:02:18.756-0800: 187.323: [DefNew: 314560K->34944K(314560K), 0.0193940 secs] 851144K->650010K(1013632K), 0.0195053 secs] [Times: user=0.02 sys=0.00, real=0.02 secs] 
2021-01-22T21:02:18.819-0800: 187.387: [GC (Allocation Failure) 2021-01-22T21:02:18.820-0800: 187.387: [DefNew: 314560K->314560K(314560K), 0.0000221 secs]2021-01-22T21:02:18.820-0800: 187.387: [Tenured: 615066K->396737K(699072K), 0.0538041 secs] 929626K->396737K(1013632K), [Metaspace: 2698K->2698K(1056768K)], 0.0539435 secs] [Times: user=0.06 sys=0.00, real=0.06 secs] 
2021-01-22T21:02:18.907-0800: 187.475: [GC (Allocation Failure) 2021-01-22T21:02:18.907-0800: 187.475: [DefNew: 279616K->34943K(314560K), 0.0169617 secs] 676353K->481037K(1013632K), 0.0170775 secs] [Times: user=0.01 sys=0.00, real=0.02 secs] 
2021-01-22T21:02:18.956-0800: 187.523: [GC (Allocation Failure) 2021-01-22T21:02:18.956-0800: 187.523: [DefNew: 314559K->34943K(314560K), 0.0146918 secs] 760653K->556842K(1013632K), 0.0147848 secs] [Times: user=0.02 sys=0.01, real=0.02 secs] 
2021-01-22T21:02:19.003-0800: 187.571: [GC (Allocation Failure) 2021-01-22T21:02:19.003-0800: 187.571: [DefNew: 314559K->34942K(314560K), 0.0142718 secs] 836458K->628383K(1013632K), 0.0143783 secs] [Times: user=0.01 sys=0.00, real=0.01 secs] 
2021-01-22T21:02:19.050-0800: 187.617: [GC (Allocation Failure) 2021-01-22T21:02:19.050-0800: 187.617: [DefNew: 314426K->34944K(314560K), 0.0228503 secs] 907867K->717519K(1013632K), 0.0229565 secs] [Times: user=0.01 sys=0.00, real=0.02 secs] 
2021-01-22T21:02:19.104-0800: 187.671: [GC (Allocation Failure) 2021-01-22T21:02:19.104-0800: 187.671: [DefNew: 314560K->314560K(314560K), 0.0000456 secs]2021-01-22T21:02:19.104-0800: 187.671: [Tenured: 682575K->409401K(699072K), 0.0505089 secs] 997135K->409401K(1013632K), [Metaspace: 2698K->2698K(1056768K)], 0.0506912 secs] [Times: user=0.05 sys=0.00, real=0.05 secs] 
2021-01-22T21:02:19.186-0800: 187.754: [GC (Allocation Failure) 2021-01-22T21:02:19.186-0800: 187.754: [DefNew: 279616K->34943K(314560K), 0.0118527 secs] 689017K->497515K(1013632K), 0.0119431 secs] [Times: user=0.02 sys=0.00, real=0.01 secs] 
2021-01-22T21:02:19.231-0800: 187.798: [GC (Allocation Failure) 2021-01-22T21:02:19.231-0800: 187.798: [DefNew: 314559K->34943K(314560K), 0.0141332 secs] 777131K->568333K(1013632K), 0.0142528 secs] [Times: user=0.01 sys=0.00, real=0.01 secs] 
2021-01-22T21:02:19.278-0800: 187.845: [GC (Allocation Failure) 2021-01-22T21:02:19.278-0800: 187.845: [DefNew: 314559K->34943K(314560K), 0.0140010 secs] 847949K->636685K(1013632K), 0.0141268 secs] [Times: user=0.02 sys=0.00, real=0.02 secs] 
2021-01-22T21:02:19.325-0800: 187.893: [GC (Allocation Failure) 2021-01-22T21:02:19.325-0800: 187.893: [DefNew: 314559K->314559K(314560K), 0.0000228 secs]2021-01-22T21:02:19.325-0800: 187.893: [Tenured: 601742K->361282K(699072K), 0.0482183 secs] 916301K->361282K(1013632K), [Metaspace: 2698K->2698K(1056768K)], 0.0483664 secs] [Times: user=0.05 sys=0.00, real=0.05 secs] 
2021-01-22T21:02:19.406-0800: 187.973: [GC (Allocation Failure) 2021-01-22T21:02:19.406-0800: 187.973: [DefNew: 279616K->34943K(314560K), 0.0125162 secs] 640898K->454760K(1013632K), 0.0126115 secs] [Times: user=0.01 sys=0.00, real=0.01 secs] 
2021-01-22T21:02:19.449-0800: 188.016: [GC (Allocation Failure) 2021-01-22T21:02:19.449-0800: 188.017: [DefNew: 314559K->34943K(314560K), 0.0142662 secs] 734376K->528637K(1013632K), 0.0143570 secs] [Times: user=0.01 sys=0.00, real=0.02 secs] 
2021-01-22T21:02:19.495-0800: 188.062: [GC (Allocation Failure) 2021-01-22T21:02:19.495-0800: 188.062: [DefNew: 314559K->34943K(314560K), 0.0150005 secs] 808253K->607449K(1013632K), 0.0151037 secs] [Times: user=0.02 sys=0.00, real=0.02 secs] 
2021-01-22T21:02:19.544-0800: 188.111: [GC (Allocation Failure) 2021-01-22T21:02:19.544-0800: 188.111: [DefNew: 314559K->34943K(314560K), 0.0168846 secs] 887065K->688155K(1013632K), 0.0182982 secs] [Times: user=0.02 sys=0.00, real=0.02 secs] 
2021-01-22T21:02:19.597-0800: 188.164: [GC (Allocation Failure) 2021-01-22T21:02:19.597-0800: 188.164: [DefNew: 314559K->314559K(314560K), 0.0000217 secs]2021-01-22T21:02:19.597-0800: 188.164: [Tenured: 653211K->414851K(699072K), 0.0505287 secs] 967771K->414851K(1013632K), [Metaspace: 2698K->2698K(1056768K)], 0.0506545 secs] [Times: user=0.05 sys=0.00, real=0.05 secs] 
2021-01-22T21:02:19.679-0800: 188.247: [GC (Allocation Failure) 2021-01-22T21:02:19.679-0800: 188.247: [DefNew: 279616K->34943K(314560K), 0.0109578 secs] 694467K->498624K(1013632K), 0.0110607 secs] [Times: user=0.01 sys=0.00, real=0.02 secs] 
2021-01-22T21:02:19.723-0800: 188.291: [GC (Allocation Failure) 2021-01-22T21:02:19.723-0800: 188.291: [DefNew: 314559K->34942K(314560K), 0.0148565 secs] 778240K->576306K(1013632K), 0.0149488 secs] [Times: user=0.01 sys=0.00, real=0.01 secs] 
2021-01-22T21:02:19.771-0800: 188.338: [GC (Allocation Failure) 2021-01-22T21:02:19.771-0800: 188.338: [DefNew: 314558K->34943K(314560K), 0.0155630 secs] 855922K->657640K(1013632K), 0.0156573 secs] [Times: user=0.01 sys=0.00, real=0.01 secs] 
2021-01-22T21:02:19.816-0800: 188.384: [GC (Allocation Failure) 2021-01-22T21:02:19.816-0800: 188.384: [DefNew: 314559K->314559K(314560K), 0.0000215 secs]2021-01-22T21:02:19.816-0800: 188.384: [Tenured: 622696K->410209K(699072K), 0.0499906 secs] 937256K->410209K(1013632K), [Metaspace: 2698K->2698K(1056768K)], 0.0501209 secs] [Times: user=0.05 sys=0.00, real=0.05 secs] 
2021-01-22T21:02:19.898-0800: 188.466: [GC (Allocation Failure) 2021-01-22T21:02:19.898-0800: 188.466: [DefNew: 279616K->34944K(314560K), 0.0114512 secs] 689825K->497733K(1013632K), 0.0115574 secs] [Times: user=0.01 sys=0.00, real=0.02 secs] 
2021-01-22T21:02:19.942-0800: 188.509: [GC (Allocation Failure) 2021-01-22T21:02:19.942-0800: 188.509: [DefNew: 314560K->34943K(314560K), 0.0154227 secs] 777349K->579168K(1013632K), 0.0155173 secs] [Times: user=0.02 sys=0.00, real=0.01 secs] 
2021-01-22T21:02:19.987-0800: 188.555: [GC (Allocation Failure) 2021-01-22T21:02:19.987-0800: 188.555: [DefNew: 314559K->34943K(314560K), 0.0164501 secs] 858784K->664757K(1013632K), 0.0165603 secs] [Times: user=0.01 sys=0.00, real=0.02 secs] 
2021-01-22T21:02:20.040-0800: 188.608: [GC (Allocation Failure) 2021-01-22T21:02:20.040-0800: 188.608: [DefNew: 314559K->314559K(314560K), 0.0000225 secs]2021-01-22T21:02:20.040-0800: 188.608: [Tenured: 629813K->405157K(699072K), 0.0685373 secs] 944373K->405157K(1013632K), [Metaspace: 2698K->2698K(1056768K)], 0.0686701 secs] [Times: user=0.06 sys=0.00, real=0.06 secs] 
2021-01-22T21:02:20.156-0800: 188.724: [GC (Allocation Failure) 2021-01-22T21:02:20.156-0800: 188.724: [DefNew: 279616K->34943K(314560K), 0.0160122 secs] 684773K->492254K(1013632K), 0.0161004 secs] [Times: user=0.02 sys=0.00, real=0.02 secs] 
2021-01-22T21:02:20.218-0800: 188.786: [GC (Allocation Failure) 2021-01-22T21:02:20.218-0800: 188.786: [DefNew: 314559K->34943K(314560K), 0.0165012 secs] 771870K->569446K(1013632K), 0.0167139 secs] [Times: user=0.02 sys=0.00, real=0.02 secs] 
2021-01-22T21:02:20.268-0800: 188.836: [GC (Allocation Failure) 2021-01-22T21:02:20.268-0800: 188.836: [DefNew: 314559K->34942K(314560K), 0.0155396 secs] 849062K->652014K(1013632K), 0.0156310 secs] [Times: user=0.01 sys=0.00, real=0.02 secs] 
2021-01-22T21:02:20.315-0800: 188.882: [GC (Allocation Failure) 2021-01-22T21:02:20.315-0800: 188.882: [DefNew: 314558K->314558K(314560K), 0.0000219 secs]2021-01-22T21:02:20.315-0800: 188.882: [Tenured: 617072K->378544K(699072K), 0.0517913 secs] 931630K->378544K(1013632K), [Metaspace: 2698K->2698K(1056768K)], 0.0519204 secs] [Times: user=0.05 sys=0.00, real=0.05 secs] 
2021-01-22T21:02:20.398-0800: 188.966: [GC (Allocation Failure) 2021-01-22T21:02:20.398-0800: 188.966: [DefNew: 279616K->34943K(314560K), 0.0107150 secs] 658160K->457349K(1013632K), 0.0108055 secs] [Times: user=0.01 sys=0.00, real=0.01 secs] 
2021-01-22T21:02:20.441-0800: 189.009: [GC (Allocation Failure) 2021-01-22T21:02:20.442-0800: 189.009: [DefNew: 314559K->34943K(314560K), 0.0144804 secs] 736965K->532131K(1013632K), 0.0145760 secs] [Times: user=0.01 sys=0.00, real=0.01 secs] 
2021-01-22T21:02:20.486-0800: 189.054: [GC (Allocation Failure) 2021-01-22T21:02:20.487-0800: 189.054: [DefNew: 314559K->34943K(314560K), 0.0163014 secs] 811747K->622213K(1013632K), 0.0163967 secs] [Times: user=0.02 sys=0.00, real=0.02 secs] 
2021-01-22T21:02:20.534-0800: 189.102: [GC (Allocation Failure) 2021-01-22T21:02:20.535-0800: 189.102: [DefNew: 314513K->314513K(314560K), 0.0000244 secs]2021-01-22T21:02:20.535-0800: 189.102: [Tenured: 587269K->415883K(699072K), 0.0488019 secs] 901782K->415883K(1013632K), [Metaspace: 2698K->2698K(1056768K)], 0.0489515 secs] [Times: user=0.04 sys=0.00, real=0.05 secs] 
2021-01-22T21:02:20.617-0800: 189.184: [GC (Allocation Failure) 2021-01-22T21:02:20.617-0800: 189.184: [DefNew: 279616K->34942K(314560K), 0.0119303 secs] 695499K->503360K(1013632K), 0.0120231 secs] [Times: user=0.01 sys=0.00, real=0.01 secs] 
2021-01-22T21:02:20.662-0800: 189.229: [GC (Allocation Failure) 2021-01-22T21:02:20.662-0800: 189.229: [DefNew: 314558K->34943K(314560K), 0.0150426 secs] 782976K->584550K(1013632K), 0.0151520 secs] [Times: user=0.01 sys=0.00, real=0.01 secs] 
2021-01-22T21:02:20.708-0800: 189.276: [GC (Allocation Failure) 2021-01-22T21:02:20.708-0800: 189.276: [DefNew: 314559K->34943K(314560K), 0.0146213 secs] 864166K->658718K(1013632K), 0.0147163 secs] [Times: user=0.01 sys=0.00, real=0.02 secs] 
2021-01-22T21:02:20.753-0800: 189.320: [GC (Allocation Failure) 2021-01-22T21:02:20.753-0800: 189.320: [DefNew: 314559K->314559K(314560K), 0.0000217 secs]2021-01-22T21:02:20.753-0800: 189.320: [Tenured: 623775K->424108K(699072K), 0.0517446 secs] 938334K->424108K(1013632K), [Metaspace: 2698K->2698K(1056768K)], 0.0518789 secs] [Times: user=0.05 sys=0.00, real=0.05 secs] 
2021-01-22T21:02:20.839-0800: 189.407: [GC (Allocation Failure) 2021-01-22T21:02:20.839-0800: 189.407: [DefNew: 279616K->34943K(314560K), 0.0112265 secs] 703724K->506932K(1013632K), 0.0113175 secs] [Times: user=0.01 sys=0.00, real=0.02 secs] 
2021-01-22T21:02:20.881-0800: 189.449: [GC (Allocation Failure) 2021-01-22T21:02:20.881-0800: 189.449: [DefNew: 314559K->34943K(314560K), 0.0145979 secs] 786548K->584803K(1013632K), 0.0147178 secs] [Times: user=0.02 sys=0.00, real=0.01 secs] 
2021-01-22T21:02:20.928-0800: 189.496: [GC (Allocation Failure) 2021-01-22T21:02:20.928-0800: 189.496: [DefNew: 314559K->34943K(314560K), 0.0152037 secs] 864419K->667999K(1013632K), 0.0152935 secs] [Times: user=0.01 sys=0.00, real=0.02 secs] 
2021-01-22T21:02:20.975-0800: 189.542: [GC (Allocation Failure) 2021-01-22T21:02:20.975-0800: 189.542: [DefNew: 314559K->314559K(314560K), 0.0000358 secs]2021-01-22T21:02:20.975-0800: 189.543: [Tenured: 633056K->406000K(699072K), 0.0502090 secs] 947615K->406000K(1013632K), [Metaspace: 2698K->2698K(1056768K)], 0.0504330 secs] [Times: user=0.05 sys=0.00, real=0.05 secs] 
2021-01-22T21:02:21.058-0800: 189.625: [GC (Allocation Failure) 2021-01-22T21:02:21.058-0800: 189.625: [DefNew: 279616K->34943K(314560K), 0.0106684 secs] 685616K->485595K(1013632K), 0.0107622 secs] [Times: user=0.01 sys=0.00, real=0.01 secs] 
2021-01-22T21:02:21.101-0800: 189.668: [GC (Allocation Failure) 2021-01-22T21:02:21.101-0800: 189.668: [DefNew: 314559K->34943K(314560K), 0.0141620 secs] 765211K->559640K(1013632K), 0.0142613 secs] [Times: user=0.01 sys=0.00, real=0.01 secs] 
2021-01-22T21:02:21.146-0800: 189.714: [GC (Allocation Failure) 2021-01-22T21:02:21.146-0800: 189.714: [DefNew: 314559K->34944K(314560K), 0.0154765 secs] 839256K->644867K(1013632K), 0.0155826 secs] [Times: user=0.02 sys=0.00, real=0.02 secs] 
2021-01-22T21:02:21.193-0800: 189.760: [GC (Allocation Failure) 2021-01-22T21:02:21.193-0800: 189.760: [DefNew: 314560K->314560K(314560K), 0.0000223 secs]2021-01-22T21:02:21.193-0800: 189.760: [Tenured: 609923K->376112K(699072K), 0.0503952 secs] 924483K->376112K(1013632K), [Metaspace: 2698K->2698K(1056768K)], 0.0505279 secs] [Times: user=0.05 sys=0.00, real=0.05 secs] 
2021-01-22T21:02:21.277-0800: 189.845: [GC (Allocation Failure) 2021-01-22T21:02:21.277-0800: 189.845: [DefNew: 279616K->34944K(314560K), 0.0102643 secs] 655728K->453522K(1013632K), 0.0103616 secs] [Times: user=0.01 sys=0.00, real=0.01 secs] 
2021-01-22T21:02:21.318-0800: 189.885: [GC (Allocation Failure) 2021-01-22T21:02:21.318-0800: 189.885: [DefNew: 314560K->34943K(314560K), 0.0162923 secs] 733138K->541115K(1013632K), 0.0163878 secs] [Times: user=0.01 sys=0.00, real=0.02 secs] 
2021-01-22T21:02:21.365-0800: 189.932: [GC (Allocation Failure) 2021-01-22T21:02:21.365-0800: 189.932: [DefNew: 314559K->34942K(314560K), 0.0148663 secs] 820731K->620673K(1013632K), 0.0149711 secs] [Times: user=0.02 sys=0.00, real=0.02 secs] 
2021-01-22T21:02:21.411-0800: 189.978: [GC (Allocation Failure) 2021-01-22T21:02:21.411-0800: 189.978: [DefNew: 314558K->314558K(314560K), 0.0000223 secs]2021-01-22T21:02:21.411-0800: 189.978: [Tenured: 585731K->408379K(699072K), 0.0489152 secs] 900289K->408379K(1013632K), [Metaspace: 2698K->2698K(1056768K)], 0.0490516 secs] [Times: user=0.05 sys=0.00, real=0.05 secs] 
2021-01-22T21:02:21.492-0800: 190.060: [GC (Allocation Failure) 2021-01-22T21:02:21.492-0800: 190.060: [DefNew: 279616K->34943K(314560K), 0.0115011 secs] 687995K->495583K(1013632K), 0.0116075 secs] [Times: user=0.01 sys=0.00, real=0.01 secs] 
2021-01-22T21:02:21.538-0800: 190.105: [GC (Allocation Failure) 2021-01-22T21:02:21.538-0800: 190.106: [DefNew: 314559K->34943K(314560K), 0.0151758 secs] 775199K->573089K(1013632K), 0.0152874 secs] [Times: user=0.02 sys=0.00, real=0.02 secs] 
2021-01-22T21:02:21.584-0800: 190.151: [GC (Allocation Failure) 2021-01-22T21:02:21.584-0800: 190.151: [DefNew: 314559K->34943K(314560K), 0.0157695 secs] 852705K->658765K(1013632K), 0.0158639 secs] [Times: user=0.01 sys=0.00, real=0.02 secs] 
2021-01-22T21:02:21.632-0800: 190.199: [GC (Allocation Failure) 2021-01-22T21:02:21.632-0800: 190.199: [DefNew: 314559K->314559K(314560K), 0.0000329 secs]2021-01-22T21:02:21.632-0800: 190.199: [Tenured: 623821K->416290K(699072K), 0.0530103 secs] 938381K->416290K(1013632K), [Metaspace: 2698K->2698K(1056768K)], 0.0531681 secs] [Times: user=0.06 sys=0.00, real=0.05 secs] 
2021-01-22T21:02:21.716-0800: 190.283: [GC (Allocation Failure) 2021-01-22T21:02:21.716-0800: 190.284: [DefNew: 279528K->34944K(314560K), 0.0127578 secs] 695819K->502206K(1013632K), 0.0128617 secs] [Times: user=0.01 sys=0.00, real=0.01 secs] 
2021-01-22T21:02:21.760-0800: 190.328: [GC (Allocation Failure) 2021-01-22T21:02:21.760-0800: 190.328: [DefNew: 314560K->34942K(314560K), 0.0145209 secs] 781822K->576597K(1013632K), 0.0146175 secs] [Times: user=0.01 sys=0.00, real=0.01 secs] 
2021-01-22T21:02:21.807-0800: 190.375: [GC (Allocation Failure) 2021-01-22T21:02:21.807-0800: 190.375: [DefNew: 314558K->34944K(314560K), 0.0160819 secs] 856213K->660514K(1013632K), 0.0161805 secs] [Times: user=0.02 sys=0.00, real=0.02 secs] 
2021-01-22T21:02:21.854-0800: 190.421: [GC (Allocation Failure) 2021-01-22T21:02:21.854-0800: 190.421: [DefNew: 313932K->313932K(314560K), 0.0000228 secs]2021-01-22T21:02:21.854-0800: 190.421: [Tenured: 625570K->398887K(699072K), 0.0494379 secs] 939503K->398887K(1013632K), [Metaspace: 2698K->2698K(1056768K)], 0.0495863 secs] [Times: user=0.05 sys=0.00, real=0.05 secs] 
2021-01-22T21:02:21.937-0800: 190.504: [GC (Allocation Failure) 2021-01-22T21:02:21.937-0800: 190.504: [DefNew: 279616K->34943K(314560K), 0.0115391 secs] 678503K->479989K(1013632K), 0.0116321 secs] [Times: user=0.01 sys=0.00, real=0.01 secs] 
2021-01-22T21:02:21.978-0800: 190.546: [GC (Allocation Failure) 2021-01-22T21:02:21.978-0800: 190.546: [DefNew: 314559K->34942K(314560K), 0.0155182 secs] 759605K->562833K(1013632K), 0.0156468 secs] [Times: user=0.02 sys=0.00, real=0.02 secs] 
2021-01-22T21:02:22.025-0800: 190.592: [GC (Allocation Failure) 2021-01-22T21:02:22.025-0800: 190.592: [DefNew: 314558K->34943K(314560K), 0.0164467 secs] 842449K->649827K(1013632K), 0.0165433 secs] [Times: user=0.01 sys=0.00, real=0.02 secs] 
2021-01-22T21:02:22.073-0800: 190.640: [GC (Allocation Failure) 2021-01-22T21:02:22.073-0800: 190.640: [DefNew: 314559K->314559K(314560K), 0.0000224 secs]2021-01-22T21:02:22.073-0800: 190.640: [Tenured: 614883K->377648K(699072K), 0.0504385 secs] 929443K->377648K(1013632K), [Metaspace: 2698K->2698K(1056768K)], 0.0505717 secs] [Times: user=0.05 sys=0.00, real=0.05 secs] 
2021-01-22T21:02:22.155-0800: 190.722: [GC (Allocation Failure) 2021-01-22T21:02:22.155-0800: 190.722: [DefNew: 279616K->34943K(314560K), 0.0123756 secs] 657264K->469601K(1013632K), 0.0124709 secs] [Times: user=0.02 sys=0.00, real=0.01 secs] 
2021-01-22T21:02:22.199-0800: 190.766: [GC (Allocation Failure) 2021-01-22T21:02:22.199-0800: 190.766: [DefNew: 314559K->34944K(314560K), 0.0158316 secs] 749217K->555542K(1013632K), 0.0159304 secs] [Times: user=0.01 sys=0.00, real=0.02 secs] 
2021-01-22T21:02:22.247-0800: 190.814: [GC (Allocation Failure) 2021-01-22T21:02:22.247-0800: 190.814: [DefNew: 314560K->34943K(314560K), 0.0154950 secs] 835158K->636525K(1013632K), 0.0155827 secs] [Times: user=0.02 sys=0.00, real=0.02 secs] 
2021-01-22T21:02:22.295-0800: 190.862: [GC (Allocation Failure) 2021-01-22T21:02:22.295-0800: 190.862: [DefNew: 314559K->314559K(314560K), 0.0000217 secs]2021-01-22T21:02:22.295-0800: 190.862: [Tenured: 601581K->419278K(699072K), 0.0486158 secs] 916141K->419278K(1013632K), [Metaspace: 2698K->2698K(1056768K)], 0.0487450 secs] [Times: user=0.05 sys=0.01, real=0.05 secs] 
2021-01-22T21:02:22.376-0800: 190.944: [GC (Allocation Failure) 2021-01-22T21:02:22.376-0800: 190.944: [DefNew: 279616K->34944K(314560K), 0.0125241 secs] 698894K->512989K(1013632K), 0.0126169 secs] [Times: user=0.01 sys=0.00, real=0.01 secs] 
2021-01-22T21:02:22.421-0800: 190.989: [GC (Allocation Failure) 2021-01-22T21:02:22.421-0800: 190.989: [DefNew: 314560K->34943K(314560K), 0.0161617 secs] 792605K->595905K(1013632K), 0.0162565 secs] [Times: user=0.02 sys=0.00, real=0.01 secs] 
2021-01-22T21:02:22.468-0800: 191.035: [GC (Allocation Failure) 2021-01-22T21:02:22.468-0800: 191.036: [DefNew: 314559K->34943K(314560K), 0.0145070 secs] 875521K->671884K(1013632K), 0.0145983 secs] [Times: user=0.01 sys=0.00, real=0.02 secs] 
2021-01-22T21:02:22.515-0800: 191.082: [GC (Allocation Failure) 2021-01-22T21:02:22.515-0800: 191.082: [DefNew: 314559K->314559K(314560K), 0.0000218 secs]2021-01-22T21:02:22.515-0800: 191.082: [Tenured: 636940K->414458K(699072K), 0.0516258 secs] 951500K->414458K(1013632K), [Metaspace: 2698K->2698K(1056768K)], 0.0517599 secs] [Times: user=0.05 sys=0.00, real=0.05 secs] 
2021-01-22T21:02:22.598-0800: 191.165: [GC (Allocation Failure) 2021-01-22T21:02:22.598-0800: 191.165: [DefNew: 279616K->34942K(314560K), 0.0117831 secs] 694074K->499506K(1013632K), 0.0118907 secs] [Times: user=0.02 sys=0.00, real=0.02 secs] 
2021-01-22T21:02:22.640-0800: 191.207: [GC (Allocation Failure) 2021-01-22T21:02:22.640-0800: 191.207: [DefNew: 314558K->34944K(314560K), 0.0154013 secs] 779122K->581746K(1013632K), 0.0155527 secs] [Times: user=0.01 sys=0.00, real=0.01 secs] 
2021-01-22T21:02:22.687-0800: 191.254: [GC (Allocation Failure) 2021-01-22T21:02:22.687-0800: 191.254: [DefNew: 314560K->34943K(314560K), 0.0154283 secs] 861362K->663604K(1013632K), 0.0155270 secs] [Times: user=0.02 sys=0.00, real=0.02 secs] 
2021-01-22T21:02:22.733-0800: 191.301: [GC (Allocation Failure) 2021-01-22T21:02:22.733-0800: 191.301: [DefNew: 314559K->314559K(314560K), 0.0000213 secs]2021-01-22T21:02:22.733-0800: 191.301: [Tenured: 628660K->416341K(699072K), 0.0523294 secs] 943220K->416341K(1013632K), [Metaspace: 2698K->2698K(1056768K)], 0.0524618 secs] [Times: user=0.05 sys=0.00, real=0.05 secs] 
2021-01-22T21:02:22.817-0800: 191.384: [GC (Allocation Failure) 2021-01-22T21:02:22.817-0800: 191.384: [DefNew: 279169K->34943K(314560K), 0.0111252 secs] 695510K->496790K(1013632K), 0.0112487 secs] [Times: user=0.01 sys=0.00, real=0.01 secs] 
2021-01-22T21:02:22.859-0800: 191.427: [GC (Allocation Failure) 2021-01-22T21:02:22.859-0800: 191.427: [DefNew: 314559K->34943K(314560K), 0.0153288 secs] 776406K->577302K(1013632K), 0.0154320 secs] [Times: user=0.01 sys=0.00, real=0.02 secs] 
2021-01-22T21:02:22.907-0800: 191.475: [GC (Allocation Failure) 2021-01-22T21:02:22.907-0800: 191.475: [DefNew: 314559K->34944K(314560K), 0.0160664 secs] 856918K->661423K(1013632K), 0.0162026 secs] [Times: user=0.01 sys=0.00, real=0.02 secs] 
2021-01-22T21:02:22.956-0800: 191.524: [GC (Allocation Failure) 2021-01-22T21:02:22.957-0800: 191.524: [DefNew: 314560K->314560K(314560K), 0.0000295 secs]2021-01-22T21:02:22.957-0800: 191.524: [Tenured: 626479K->392991K(699072K), 0.0668316 secs] 941039K->392991K(1013632K), [Metaspace: 2698K->2698K(1056768K)], 0.0669752 secs] [Times: user=0.06 sys=0.00, real=0.07 secs] 
2021-01-22T21:02:23.067-0800: 191.635: [GC (Allocation Failure) 2021-01-22T21:02:23.067-0800: 191.635: [DefNew: 279616K->34943K(314560K), 0.0149795 secs] 672607K->480999K(1013632K), 0.0153391 secs] [Times: user=0.01 sys=0.01, real=0.02 secs] 
2021-01-22T21:02:23.127-0800: 191.694: [GC (Allocation Failure) 2021-01-22T21:02:23.127-0800: 191.694: [DefNew: 314559K->34943K(314560K), 0.0208697 secs] 760615K->564206K(1013632K), 0.0210422 secs] [Times: user=0.02 sys=0.00, real=0.02 secs] 
2021-01-22T21:02:23.187-0800: 191.755: [GC (Allocation Failure) 2021-01-22T21:02:23.187-0800: 191.755: [DefNew: 314472K->34943K(314560K), 0.0189904 secs] 843734K->644077K(1013632K), 0.0191242 secs] [Times: user=0.02 sys=0.00, real=0.02 secs] 
2021-01-22T21:02:23.240-0800: 191.808: [GC (Allocation Failure) 2021-01-22T21:02:23.240-0800: 191.808: [DefNew: 314559K->314559K(314560K), 0.0000213 secs]2021-01-22T21:02:23.240-0800: 191.808: [Tenured: 609133K->419509K(699072K), 0.0529615 secs] 923693K->419509K(1013632K), [Metaspace: 2698K->2698K(1056768K)], 0.0531154 secs] [Times: user=0.05 sys=0.00, real=0.05 secs] 
2021-01-22T21:02:23.325-0800: 191.893: [GC (Allocation Failure) 2021-01-22T21:02:23.325-0800: 191.893: [DefNew: 279616K->34943K(314560K), 0.0118690 secs] 699125K->506530K(1013632K), 0.0119876 secs] [Times: user=0.01 sys=0.00, real=0.01 secs] 
2021-01-22T21:02:23.369-0800: 191.937: [GC (Allocation Failure) 2021-01-22T21:02:23.370-0800: 191.937: [DefNew: 314498K->34943K(314560K), 0.0157344 secs] 786085K->584334K(1013632K), 0.0158390 secs] [Times: user=0.01 sys=0.00, real=0.02 secs] 
2021-01-22T21:02:23.416-0800: 191.983: [GC (Allocation Failure) 2021-01-22T21:02:23.416-0800: 191.983: [DefNew: 314238K->34943K(314560K), 0.0143980 secs] 863629K->657467K(1013632K), 0.0144940 secs] [Times: user=0.01 sys=0.00, real=0.02 secs] 
2021-01-22T21:02:23.463-0800: 192.031: [GC (Allocation Failure) 2021-01-22T21:02:23.463-0800: 192.031: [DefNew: 314559K->314559K(314560K), 0.0000217 secs]2021-01-22T21:02:23.463-0800: 192.031: [Tenured: 622523K->414924K(699072K), 0.0518204 secs] 937083K->414924K(1013632K), [Metaspace: 2698K->2698K(1056768K)], 0.0519495 secs] [Times: user=0.04 sys=0.00, real=0.05 secs] 
2021-01-22T21:02:23.550-0800: 192.117: [GC (Allocation Failure) 2021-01-22T21:02:23.550-0800: 192.117: [DefNew: 279616K->34944K(314560K), 0.0125390 secs] 694540K->502759K(1013632K), 0.0126321 secs] [Times: user=0.01 sys=0.00, real=0.01 secs] 
2021-01-22T21:02:23.594-0800: 192.161: [GC (Allocation Failure) 2021-01-22T21:02:23.594-0800: 192.161: [DefNew: 314560K->34942K(314560K), 0.0175836 secs] 782375K->592664K(1013632K), 0.0177047 secs] [Times: user=0.01 sys=0.00, real=0.02 secs] 
2021-01-22T21:02:23.641-0800: 192.208: [GC (Allocation Failure) 2021-01-22T21:02:23.641-0800: 192.208: [DefNew: 314558K->34943K(314560K), 0.0162387 secs] 872280K->671283K(1013632K), 0.0163336 secs] [Times: user=0.02 sys=0.00, real=0.01 secs] 
2021-01-22T21:02:23.697-0800: 192.264: [GC (Allocation Failure) 2021-01-22T21:02:23.697-0800: 192.264: [DefNew: 314559K->314559K(314560K), 0.0000780 secs]2021-01-22T21:02:23.697-0800: 192.264: [Tenured: 636339K->415522K(699072K), 0.0750437 secs] 950899K->415522K(1013632K), [Metaspace: 2698K->2698K(1056768K)], 0.0753553 secs] [Times: user=0.06 sys=0.00, real=0.08 secs] 
2021-01-22T21:02:23.820-0800: 192.388: [GC (Allocation Failure) 2021-01-22T21:02:23.820-0800: 192.388: [DefNew: 279616K->34943K(314560K), 0.0174548 secs] 695138K->502045K(1013632K), 0.0175976 secs] [Times: user=0.01 sys=0.00, real=0.01 secs] 
2021-01-22T21:02:23.873-0800: 192.440: [GC (Allocation Failure) 2021-01-22T21:02:23.873-0800: 192.440: [DefNew: 314559K->34943K(314560K), 0.0173542 secs] 781661K->581466K(1013632K), 0.0174555 secs] [Times: user=0.01 sys=0.00, real=0.02 secs] 
2021-01-22T21:02:23.921-0800: 192.488: [GC (Allocation Failure) 2021-01-22T21:02:23.921-0800: 192.488: [DefNew: 314559K->34943K(314560K), 0.0153982 secs] 861082K->661603K(1013632K), 0.0154881 secs] [Times: user=0.02 sys=0.00, real=0.01 secs] 
2021-01-22T21:02:23.968-0800: 192.535: [GC (Allocation Failure) 2021-01-22T21:02:23.968-0800: 192.535: [DefNew: 314559K->314559K(314560K), 0.0000220 secs]2021-01-22T21:02:23.968-0800: 192.535: [Tenured: 626659K->379575K(699072K), 0.0518686 secs] 941219K->379575K(1013632K), [Metaspace: 2698K->2698K(1056768K)], 0.0520040 secs] [Times: user=0.05 sys=0.00, real=0.06 secs] 
2021-01-22T21:02:24.053-0800: 192.621: [GC (Allocation Failure) 2021-01-22T21:02:24.053-0800: 192.621: [DefNew: 279616K->34943K(314560K), 0.0123690 secs] 659191K->472330K(1013632K), 0.0124619 secs] [Times: user=0.01 sys=0.00, real=0.01 secs] 
2021-01-22T21:02:24.096-0800: 192.663: [GC (Allocation Failure) 2021-01-22T21:02:24.096-0800: 192.663: [DefNew: 314559K->34943K(314560K), 0.0159710 secs] 751946K->555302K(1013632K), 0.0160771 secs] [Times: user=0.02 sys=0.00, real=0.02 secs] 
2021-01-22T21:02:24.144-0800: 192.711: [GC (Allocation Failure) 2021-01-22T21:02:24.144-0800: 192.711: [DefNew: 314559K->34943K(314560K), 0.0158208 secs] 834918K->637741K(1013632K), 0.0159310 secs] [Times: user=0.01 sys=0.00, real=0.02 secs] 
2021-01-22T21:02:24.190-0800: 192.757: [GC (Allocation Failure) 2021-01-22T21:02:24.190-0800: 192.758: [DefNew: 314559K->314559K(314560K), 0.0000227 secs]2021-01-22T21:02:24.190-0800: 192.758: [Tenured: 602797K->419611K(699072K), 0.0507560 secs] 917357K->419611K(1013632K), [Metaspace: 2698K->2698K(1056768K)], 0.0508924 secs] [Times: user=0.05 sys=0.00, real=0.05 secs] 
2021-01-22T21:02:24.275-0800: 192.843: [GC (Allocation Failure) 2021-01-22T21:02:24.275-0800: 192.843: [DefNew: 279616K->34943K(314560K), 0.0119633 secs] 699227K->508807K(1013632K), 0.0120557 secs] [Times: user=0.01 sys=0.00, real=0.01 secs] 
2021-01-22T21:02:24.319-0800: 192.887: [GC (Allocation Failure) 2021-01-22T21:02:24.319-0800: 192.887: [DefNew: 314559K->34943K(314560K), 0.0144464 secs] 788423K->584190K(1013632K), 0.0145407 secs] [Times: user=0.01 sys=0.01, real=0.02 secs] 
2021-01-22T21:02:24.366-0800: 192.934: [GC (Allocation Failure) 2021-01-22T21:02:24.366-0800: 192.934: [DefNew: 314559K->34943K(314560K), 0.0148371 secs] 863806K->660854K(1013632K), 0.0149315 secs] [Times: user=0.02 sys=0.00, real=0.02 secs] 
2021-01-22T21:02:24.412-0800: 192.979: [GC (Allocation Failure) 2021-01-22T21:02:24.412-0800: 192.979: [DefNew: 314559K->314559K(314560K), 0.0000305 secs]2021-01-22T21:02:24.412-0800: 192.979: [Tenured: 625911K->409997K(699072K), 0.0494664 secs] 940470K->409997K(1013632K), [Metaspace: 2698K->2698K(1056768K)], 0.0496360 secs] [Times: user=0.05 sys=0.00, real=0.05 secs] 
2021-01-22T21:02:24.495-0800: 193.063: [GC (Allocation Failure) 2021-01-22T21:02:24.495-0800: 193.063: [DefNew: 279616K->34943K(314560K), 0.0120598 secs] 689613K->501080K(1013632K), 0.0121627 secs] [Times: user=0.01 sys=0.00, real=0.01 secs] 
2021-01-22T21:02:24.537-0800: 193.105: [GC (Allocation Failure) 2021-01-22T21:02:24.537-0800: 193.105: [DefNew: 314559K->34943K(314560K), 0.0162729 secs] 780696K->586685K(1013632K), 0.0163723 secs] [Times: user=0.01 sys=0.00, real=0.02 secs] 
2021-01-22T21:02:24.587-0800: 193.154: [GC (Allocation Failure) 2021-01-22T21:02:24.587-0800: 193.155: [DefNew: 314559K->34943K(314560K), 0.0148907 secs] 866301K->661929K(1013632K), 0.0149864 secs] [Times: user=0.01 sys=0.00, real=0.02 secs] 
2021-01-22T21:02:24.633-0800: 193.201: [GC (Allocation Failure) 2021-01-22T21:02:24.633-0800: 193.201: [DefNew: 314559K->314559K(314560K), 0.0000212 secs]2021-01-22T21:02:24.633-0800: 193.201: [Tenured: 626985K->392450K(699072K), 0.0491873 secs] 941545K->392450K(1013632K), [Metaspace: 2698K->2698K(1056768K)], 0.0493141 secs] [Times: user=0.05 sys=0.00, real=0.05 secs] 
2021-01-22T21:02:24.714-0800: 193.281: [GC (Allocation Failure) 2021-01-22T21:02:24.714-0800: 193.281: [DefNew: 279616K->34943K(314560K), 0.0111630 secs] 672066K->480067K(1013632K), 0.0112527 secs] [Times: user=0.01 sys=0.00, real=0.01 secs] 
2021-01-22T21:02:24.756-0800: 193.323: [GC (Allocation Failure) 2021-01-22T21:02:24.756-0800: 193.323: [DefNew: 314559K->34943K(314560K), 0.0141720 secs] 759683K->554470K(1013632K), 0.0142808 secs] [Times: user=0.01 sys=0.00, real=0.02 secs] 
2021-01-22T21:02:24.800-0800: 193.368: [GC (Allocation Failure) 2021-01-22T21:02:24.800-0800: 193.368: [DefNew: 314559K->34943K(314560K), 0.0151241 secs] 834086K->633431K(1013632K), 0.0152283 secs] [Times: user=0.02 sys=0.00, real=0.01 secs] 
2021-01-22T21:02:24.847-0800: 193.415: [GC (Allocation Failure) 2021-01-22T21:02:24.847-0800: 193.415: [DefNew: 314559K->314559K(314560K), 0.0000216 secs]2021-01-22T21:02:24.847-0800: 193.415: [Tenured: 598488K->375088K(699072K), 0.0499593 secs] 913047K->375088K(1013632K), [Metaspace: 2698K->2698K(1056768K)], 0.0500889 secs] [Times: user=0.05 sys=0.00, real=0.05 secs] 
2021-01-22T21:02:24.927-0800: 193.495: [GC (Allocation Failure) 2021-01-22T21:02:24.927-0800: 193.495: [DefNew: 279616K->34943K(314560K), 0.0116352 secs] 654704K->461592K(1013632K), 0.0117320 secs] [Times: user=0.01 sys=0.00, real=0.01 secs] 
2021-01-22T21:02:24.972-0800: 193.540: [GC (Allocation Failure) 2021-01-22T21:02:24.972-0800: 193.540: [DefNew: 314559K->34944K(314560K), 0.0150358 secs] 741208K->539438K(1013632K), 0.0151288 secs] [Times: user=0.02 sys=0.00, real=0.01 secs] 
2021-01-22T21:02:25.017-0800: 193.585: [GC (Allocation Failure) 2021-01-22T21:02:25.017-0800: 193.585: [DefNew: 314432K->34942K(314560K), 0.0151201 secs] 818927K->620534K(1013632K), 0.0152113 secs] [Times: user=0.01 sys=0.00, real=0.02 secs] 
2021-01-22T21:02:25.062-0800: 193.629: [GC (Allocation Failure) 2021-01-22T21:02:25.062-0800: 193.629: [DefNew: 314558K->34943K(314560K), 0.0156257 secs] 900150K->700448K(1013632K), 0.0157196 secs] [Times: user=0.01 sys=0.00, real=0.01 secs] 
2021-01-22T21:02:25.109-0800: 193.676: [GC (Allocation Failure) 2021-01-22T21:02:25.109-0800: 193.676: [DefNew: 314559K->314559K(314560K), 0.0000237 secs]2021-01-22T21:02:25.109-0800: 193.677: [Tenured: 665504K->400287K(699072K), 0.0480782 secs] 980064K->400287K(1013632K), [Metaspace: 2698K->2698K(1056768K)], 0.0482252 secs] [Times: user=0.04 sys=0.00, real=0.05 secs] 
2021-01-22T21:02:25.189-0800: 193.756: [GC (Allocation Failure) 2021-01-22T21:02:25.189-0800: 193.756: [DefNew: 279616K->34943K(314560K), 0.0134514 secs] 679903K->491266K(1013632K), 0.0135575 secs] [Times: user=0.02 sys=0.00, real=0.02 secs] 
2021-01-22T21:02:25.236-0800: 193.803: [GC (Allocation Failure) 2021-01-22T21:02:25.236-0800: 193.803: [DefNew: 314559K->34944K(314560K), 0.0149374 secs] 770882K->568601K(1013632K), 0.0150274 secs] [Times: user=0.01 sys=0.00, real=0.02 secs] 
2021-01-22T21:02:25.281-0800: 193.849: [GC (Allocation Failure) 2021-01-22T21:02:25.281-0800: 193.849: [DefNew: 314560K->34944K(314560K), 0.0157484 secs] 848217K->648301K(1013632K), 0.0158397 secs] [Times: user=0.02 sys=0.00, real=0.01 secs] 
2021-01-22T21:02:25.328-0800: 193.896: [GC (Allocation Failure) 2021-01-22T21:02:25.329-0800: 193.896: [DefNew: 314560K->314560K(314560K), 0.0000234 secs]2021-01-22T21:02:25.329-0800: 193.896: [Tenured: 613357K->404198K(699072K), 0.0485222 secs] 927917K->404198K(1013632K), [Metaspace: 2698K->2698K(1056768K)], 0.0486923 secs] [Times: user=0.05 sys=0.00, real=0.05 secs] 
2021-01-22T21:02:25.410-0800: 193.978: [GC (Allocation Failure) 2021-01-22T21:02:25.410-0800: 193.978: [DefNew: 279616K->34943K(314560K), 0.0118559 secs] 683814K->492668K(1013632K), 0.0119761 secs] [Times: user=0.01 sys=0.00, real=0.01 secs] 
2021-01-22T21:02:25.454-0800: 194.021: [GC (Allocation Failure) 2021-01-22T21:02:25.454-0800: 194.021: [DefNew: 314559K->34944K(314560K), 0.0146906 secs] 772284K->569742K(1013632K), 0.0147852 secs] [Times: user=0.02 sys=0.00, real=0.01 secs] 
2021-01-22T21:02:25.501-0800: 194.068: [GC (Allocation Failure) 2021-01-22T21:02:25.501-0800: 194.068: [DefNew: 314560K->34944K(314560K), 0.0154418 secs] 849358K->648286K(1013632K), 0.0155363 secs] [Times: user=0.01 sys=0.00, real=0.01 secs] 
2021-01-22T21:02:25.547-0800: 194.115: [GC (Allocation Failure) 2021-01-22T21:02:25.547-0800: 194.115: [DefNew: 314560K->314560K(314560K), 0.0000213 secs]2021-01-22T21:02:25.547-0800: 194.115: [Tenured: 613342K->423743K(699072K), 0.0532350 secs] 927902K->423743K(1013632K), [Metaspace: 2698K->2698K(1056768K)], 0.0534209 secs] [Times: user=0.05 sys=0.00, real=0.06 secs] 
2021-01-22T21:02:25.633-0800: 194.201: [GC (Allocation Failure) 2021-01-22T21:02:25.633-0800: 194.201: [DefNew: 279616K->34943K(314560K), 0.0118356 secs] 703359K->509963K(1013632K), 0.0119286 secs] [Times: user=0.02 sys=0.00, real=0.01 secs] 
2021-01-22T21:02:25.679-0800: 194.247: [GC (Allocation Failure) 2021-01-22T21:02:25.679-0800: 194.247: [DefNew: 314559K->34944K(314560K), 0.0146809 secs] 789579K->585791K(1013632K), 0.0147716 secs] [Times: user=0.01 sys=0.00, real=0.02 secs] 
2021-01-22T21:02:25.730-0800: 194.298: [GC (Allocation Failure) 2021-01-22T21:02:25.730-0800: 194.298: [DefNew: 314264K->34943K(314560K), 0.0162812 secs] 865111K->661064K(1013632K), 0.0163970 secs] [Times: user=0.01 sys=0.00, real=0.01 secs] 
2021-01-22T21:02:25.782-0800: 194.350: [GC (Allocation Failure) 2021-01-22T21:02:25.782-0800: 194.350: [DefNew: 314559K->314559K(314560K), 0.0000214 secs]2021-01-22T21:02:25.782-0800: 194.350: [Tenured: 626120K->383525K(699072K), 0.0554744 secs] 940680K->383525K(1013632K), [Metaspace: 2698K->2698K(1056768K)], 0.0556023 secs] [Times: user=0.06 sys=0.00, real=0.05 secs] 
2021-01-22T21:02:25.871-0800: 194.438: [GC (Allocation Failure) 2021-01-22T21:02:25.871-0800: 194.438: [DefNew: 279616K->34944K(314560K), 0.0135867 secs] 663141K->475563K(1013632K), 0.0136977 secs] [Times: user=0.01 sys=0.00, real=0.01 secs] 
2021-01-22T21:02:25.919-0800: 194.486: [GC (Allocation Failure) 2021-01-22T21:02:25.919-0800: 194.486: [DefNew: 314560K->34944K(314560K), 0.0169134 secs] 755179K->557123K(1013632K), 0.0170402 secs] [Times: user=0.02 sys=0.00, real=0.02 secs] 
2021-01-22T21:02:25.971-0800: 194.538: [GC (Allocation Failure) 2021-01-22T21:02:25.971-0800: 194.538: [DefNew: 314560K->34943K(314560K), 0.0164616 secs] 836739K->636915K(1013632K), 0.0165656 secs] [Times: user=0.02 sys=0.00, real=0.01 secs] 
2021-01-22T21:02:26.023-0800: 194.590: [GC (Allocation Failure) 2021-01-22T21:02:26.023-0800: 194.590: [DefNew: 314559K->314559K(314560K), 0.0000214 secs]2021-01-22T21:02:26.023-0800: 194.590: [Tenured: 601971K->400509K(699072K), 0.0518600 secs] 916531K->400509K(1013632K), [Metaspace: 2698K->2698K(1056768K)], 0.0519921 secs] [Times: user=0.05 sys=0.00, real=0.05 secs] 
2021-01-22T21:02:26.110-0800: 194.678: [GC (Allocation Failure) 2021-01-22T21:02:26.110-0800: 194.678: [DefNew: 279616K->34941K(314560K), 0.0126152 secs] 680125K->485262K(1013632K), 0.0127077 secs] [Times: user=0.01 sys=0.00, real=0.01 secs] 
2021-01-22T21:02:26.158-0800: 194.725: [GC (Allocation Failure) 2021-01-22T21:02:26.158-0800: 194.725: [DefNew: 314465K->34943K(314560K), 0.0154407 secs] 764786K->554771K(1013632K), 0.0155295 secs] [Times: user=0.01 sys=0.00, real=0.02 secs] 
2021-01-22T21:02:26.208-0800: 194.775: [GC (Allocation Failure) 2021-01-22T21:02:26.208-0800: 194.775: [DefNew: 314559K->34943K(314560K), 0.0165168 secs] 834387K->632651K(1013632K), 0.0166153 secs] [Times: user=0.02 sys=0.00, real=0.02 secs] 
2021-01-22T21:02:26.260-0800: 194.827: [GC (Allocation Failure) 2021-01-22T21:02:26.260-0800: 194.827: [DefNew: 314559K->314559K(314560K), 0.0000256 secs]2021-01-22T21:02:26.260-0800: 194.827: [Tenured: 597707K->402715K(699072K), 0.0528803 secs] 912267K->402715K(1013632K), [Metaspace: 2698K->2698K(1056768K)], 0.0530419 secs] [Times: user=0.05 sys=0.00, real=0.05 secs] 
2021-01-22T21:02:26.346-0800: 194.913: [GC (Allocation Failure) 2021-01-22T21:02:26.346-0800: 194.914: [DefNew: 279616K->34943K(314560K), 0.0121660 secs] 682331K->489304K(1013632K), 0.0123230 secs] [Times: user=0.02 sys=0.00, real=0.01 secs] 
2021-01-22T21:02:26.392-0800: 194.959: [GC (Allocation Failure) 2021-01-22T21:02:26.392-0800: 194.959: [DefNew: 314559K->34943K(314560K), 0.0162999 secs] 768920K->569839K(1013632K), 0.0163991 secs] [Times: user=0.01 sys=0.00, real=0.01 secs] 
2021-01-22T21:02:26.441-0800: 195.009: [GC (Allocation Failure) 2021-01-22T21:02:26.441-0800: 195.009: [DefNew: 314559K->34943K(314560K), 0.0152657 secs] 849455K->642368K(1013632K), 0.0153791 secs] [Times: user=0.01 sys=0.01, real=0.01 secs] 
2021-01-22T21:02:26.490-0800: 195.057: [GC (Allocation Failure) 2021-01-22T21:02:26.490-0800: 195.057: [DefNew: 314559K->314559K(314560K), 0.0000310 secs]2021-01-22T21:02:26.490-0800: 195.057: [Tenured: 607424K->402910K(699072K), 0.0525810 secs] 921984K->402910K(1013632K), [Metaspace: 2698K->2698K(1056768K)], 0.0527477 secs] [Times: user=0.05 sys=0.00, real=0.05 secs] 
2021-01-22T21:02:26.581-0800: 195.148: [GC (Allocation Failure) 2021-01-22T21:02:26.581-0800: 195.148: [DefNew: 279616K->34943K(314560K), 0.0102121 secs] 682526K->482352K(1013632K), 0.0103050 secs] [Times: user=0.01 sys=0.00, real=0.01 secs] 
2021-01-22T21:02:26.625-0800: 195.192: [GC (Allocation Failure) 2021-01-22T21:02:26.625-0800: 195.192: [DefNew: 314559K->34942K(314560K), 0.0160546 secs] 761968K->559534K(1013632K), 0.0161616 secs] [Times: user=0.02 sys=0.00, real=0.02 secs] 
2021-01-22T21:02:26.675-0800: 195.242: [GC (Allocation Failure) 2021-01-22T21:02:26.675-0800: 195.243: [DefNew: 314256K->34943K(314560K), 0.0160823 secs] 838847K->639653K(1013632K), 0.0161762 secs] [Times: user=0.01 sys=0.00, real=0.02 secs] 
2021-01-22T21:02:26.724-0800: 195.292: [GC (Allocation Failure) 2021-01-22T21:02:26.724-0800: 195.292: [DefNew: 314559K->314559K(314560K), 0.0000235 secs]2021-01-22T21:02:26.724-0800: 195.292: [Tenured: 604710K->373629K(699072K), 0.0525288 secs] 919269K->373629K(1013632K), [Metaspace: 2698K->2698K(1056768K)], 0.0526934 secs] [Times: user=0.05 sys=0.00, real=0.05 secs] 
2021-01-22T21:02:26.809-0800: 195.376: [GC (Allocation Failure) 2021-01-22T21:02:26.809-0800: 195.376: [DefNew: 279616K->34943K(314560K), 0.0114097 secs] 653245K->459040K(1013632K), 0.0115035 secs] [Times: user=0.01 sys=0.00, real=0.02 secs] 
2021-01-22T21:02:26.852-0800: 195.419: [GC (Allocation Failure) 2021-01-22T21:02:26.852-0800: 195.420: [DefNew: 314559K->34942K(314560K), 0.0144001 secs] 738656K->537659K(1013632K), 0.0144904 secs] [Times: user=0.01 sys=0.00, real=0.01 secs] 
2021-01-22T21:02:26.898-0800: 195.466: [GC (Allocation Failure) 2021-01-22T21:02:26.898-0800: 195.466: [DefNew: 314558K->34943K(314560K), 0.0151374 secs] 817275K->616502K(1013632K), 0.0152423 secs] [Times: user=0.01 sys=0.00, real=0.02 secs] 
2021-01-22T21:02:26.944-0800: 195.512: [GC (Allocation Failure) 2021-01-22T21:02:26.944-0800: 195.512: [DefNew: 314559K->34943K(314560K), 0.0135879 secs] 896118K->686321K(1013632K), 0.0136858 secs] [Times: user=0.01 sys=0.00, real=0.01 secs] 
2021-01-22T21:02:26.988-0800: 195.556: [GC (Allocation Failure) 2021-01-22T21:02:26.988-0800: 195.556: [DefNew: 314559K->314559K(314560K), 0.0000212 secs]2021-01-22T21:02:26.988-0800: 195.556: [Tenured: 651377K->403273K(699072K), 0.0478111 secs] 965937K->403273K(1013632K), [Metaspace: 2698K->2698K(1056768K)], 0.0479429 secs] [Times: user=0.05 sys=0.00, real=0.05 secs] 
2021-01-22T21:02:27.068-0800: 195.636: [GC (Allocation Failure) 2021-01-22T21:02:27.068-0800: 195.636: [DefNew: 279592K->34943K(314560K), 0.0123793 secs] 682866K->497695K(1013632K), 0.0125207 secs] [Times: user=0.01 sys=0.00, real=0.02 secs] 
2021-01-22T21:02:27.110-0800: 195.677: [GC (Allocation Failure) 2021-01-22T21:02:27.110-0800: 195.677: [DefNew: 314559K->34942K(314560K), 0.0154858 secs] 777311K->577863K(1013632K), 0.0155851 secs] [Times: user=0.02 sys=0.00, real=0.01 secs] 
2021-01-22T21:02:27.157-0800: 195.725: [GC (Allocation Failure) 2021-01-22T21:02:27.158-0800: 195.725: [DefNew: 314558K->34943K(314560K), 0.0140957 secs] 857479K->650289K(1013632K), 0.0142169 secs] [Times: user=0.01 sys=0.00, real=0.02 secs] 
2021-01-22T21:02:27.202-0800: 195.769: [GC (Allocation Failure) 2021-01-22T21:02:27.202-0800: 195.769: [DefNew: 314559K->314559K(314560K), 0.0000222 secs]2021-01-22T21:02:27.202-0800: 195.769: [Tenured: 615346K->394833K(699072K), 0.0481008 secs] 929905K->394833K(1013632K), [Metaspace: 2698K->2698K(1056768K)], 0.0482340 secs] [Times: user=0.05 sys=0.01, real=0.05 secs] 
2021-01-22T21:02:27.284-0800: 195.851: [GC (Allocation Failure) 2021-01-22T21:02:27.284-0800: 195.851: [DefNew: 279616K->34944K(314560K), 0.0107585 secs] 674449K->474706K(1013632K), 0.0108794 secs] [Times: user=0.01 sys=0.00, real=0.01 secs] 
2021-01-22T21:02:27.327-0800: 195.895: [GC (Allocation Failure) 2021-01-22T21:02:27.328-0800: 195.895: [DefNew: 314560K->34944K(314560K), 0.0140784 secs] 754322K->546806K(1013632K), 0.0141740 secs] [Times: user=0.02 sys=0.00, real=0.02 secs] 
2021-01-22T21:02:27.372-0800: 195.939: [GC (Allocation Failure) 2021-01-22T21:02:27.372-0800: 195.939: [DefNew: 314560K->34943K(314560K), 0.0162237 secs] 826422K->637961K(1013632K), 0.0163208 secs] [Times: user=0.01 sys=0.00, real=0.01 secs] 
2021-01-22T21:02:27.420-0800: 195.988: [GC (Allocation Failure) 2021-01-22T21:02:27.420-0800: 195.988: [DefNew: 314559K->314559K(314560K), 0.0000298 secs]2021-01-22T21:02:27.420-0800: 195.988: [Tenured: 603018K->404472K(699072K), 0.0523644 secs] 917577K->404472K(1013632K), [Metaspace: 2698K->2698K(1056768K)], 0.0525180 secs] [Times: user=0.05 sys=0.00, real=0.05 secs] 
2021-01-22T21:02:27.506-0800: 196.073: [GC (Allocation Failure) 2021-01-22T21:02:27.506-0800: 196.073: [DefNew: 279616K->34943K(314560K), 0.0110937 secs] 684088K->486367K(1013632K), 0.0112642 secs] [Times: user=0.01 sys=0.00, real=0.01 secs] 
2021-01-22T21:02:27.548-0800: 196.115: [GC (Allocation Failure) 2021-01-22T21:02:27.548-0800: 196.115: [DefNew: 314559K->34943K(314560K), 0.0147041 secs] 765983K->563402K(1013632K), 0.0147945 secs] [Times: user=0.01 sys=0.00, real=0.02 secs] 
2021-01-22T21:02:27.593-0800: 196.161: [GC (Allocation Failure) 2021-01-22T21:02:27.593-0800: 196.161: [DefNew: 314559K->34944K(314560K), 0.0148063 secs] 843018K->642096K(1013632K), 0.0149307 secs] [Times: user=0.02 sys=0.00, real=0.01 secs] 
2021-01-22T21:02:27.640-0800: 196.208: [GC (Allocation Failure) 2021-01-22T21:02:27.640-0800: 196.208: [DefNew: 314152K->314152K(314560K), 0.0000216 secs]2021-01-22T21:02:27.640-0800: 196.208: [Tenured: 607152K->356871K(699072K), 0.0482431 secs] 921305K->356871K(1013632K), [Metaspace: 2698K->2698K(1056768K)], 0.0483772 secs] [Times: user=0.04 sys=0.00, real=0.04 secs] 
2021-01-22T21:02:27.719-0800: 196.287: [GC (Allocation Failure) 2021-01-22T21:02:27.719-0800: 196.287: [DefNew: 279616K->34944K(314560K), 0.0129212 secs] 636487K->451425K(1013632K), 0.0130192 secs] [Times: user=0.02 sys=0.00, real=0.02 secs] 
2021-01-22T21:02:27.762-0800: 196.330: [GC (Allocation Failure) 2021-01-22T21:02:27.762-0800: 196.330: [DefNew: 314560K->34940K(314560K), 0.0170863 secs] 731041K->533403K(1013632K), 0.0172170 secs] [Times: user=0.01 sys=0.00, real=0.01 secs] 
2021-01-22T21:02:27.810-0800: 196.377: [GC (Allocation Failure) 2021-01-22T21:02:27.810-0800: 196.378: [DefNew: 314556K->34943K(314560K), 0.0147420 secs] 813019K->610275K(1013632K), 0.0148574 secs] [Times: user=0.02 sys=0.00, real=0.01 secs] 
2021-01-22T21:02:27.855-0800: 196.423: [GC (Allocation Failure) 2021-01-22T21:02:27.855-0800: 196.423: [DefNew: 314559K->34943K(314560K), 0.0158893 secs] 889891K->694965K(1013632K), 0.0159844 secs] [Times: user=0.01 sys=0.00, real=0.02 secs] 
2021-01-22T21:02:27.901-0800: 196.468: [GC (Allocation Failure) 2021-01-22T21:02:27.901-0800: 196.468: [DefNew: 314559K->314559K(314560K), 0.0000220 secs]2021-01-22T21:02:27.901-0800: 196.468: [Tenured: 660021K->410438K(699072K), 0.0489251 secs] 974581K->410438K(1013632K), [Metaspace: 2698K->2698K(1056768K)], 0.0490547 secs] [Times: user=0.05 sys=0.00, real=0.05 secs] 
2021-01-22T21:02:27.982-0800: 196.550: [GC (Allocation Failure) 2021-01-22T21:02:27.982-0800: 196.550: [DefNew: 279061K->34943K(314560K), 0.0124287 secs] 689499K->501275K(1013632K), 0.0125325 secs] [Times: user=0.01 sys=0.00, real=0.01 secs] 
2021-01-22T21:02:28.026-0800: 196.594: [GC (Allocation Failure) 2021-01-22T21:02:28.026-0800: 196.594: [DefNew: 314559K->34943K(314560K), 0.0142547 secs] 780891K->575101K(1013632K), 0.0143781 secs] [Times: user=0.02 sys=0.00, real=0.02 secs] 
2021-01-22T21:02:28.072-0800: 196.639: [GC (Allocation Failure) 2021-01-22T21:02:28.072-0800: 196.639: [DefNew: 314559K->34943K(314560K), 0.0157265 secs] 854717K->657132K(1013632K), 0.0158889 secs] [Times: user=0.01 sys=0.00, real=0.01 secs] 
2021-01-22T21:02:28.118-0800: 196.685: [GC (Allocation Failure) 2021-01-22T21:02:28.118-0800: 196.686: [DefNew: 314559K->314559K(314560K), 0.0000217 secs]2021-01-22T21:02:28.118-0800: 196.686: [Tenured: 622188K->413785K(699072K), 0.0517749 secs] 936748K->413785K(1013632K), [Metaspace: 2698K->2698K(1056768K)], 0.0519058 secs] [Times: user=0.05 sys=0.00, real=0.06 secs] 
2021-01-22T21:02:28.202-0800: 196.769: [GC (Allocation Failure) 2021-01-22T21:02:28.202-0800: 196.769: [DefNew: 279616K->34943K(314560K), 0.0125900 secs] 693401K->504960K(1013632K), 0.0126837 secs] [Times: user=0.02 sys=0.00, real=0.01 secs] 
2021-01-22T21:02:28.246-0800: 196.814: [GC (Allocation Failure) 2021-01-22T21:02:28.246-0800: 196.814: [DefNew: 314559K->34943K(314560K), 0.0148065 secs] 784576K->581826K(1013632K), 0.0149132 secs] [Times: user=0.01 sys=0.00, real=0.02 secs] 
2021-01-22T21:02:28.293-0800: 196.860: [GC (Allocation Failure) 2021-01-22T21:02:28.293-0800: 196.860: [DefNew: 314559K->34943K(314560K), 0.0152458 secs] 861442K->658657K(1013632K), 0.0153409 secs] [Times: user=0.02 sys=0.00, real=0.01 secs] 
2021-01-22T21:02:28.341-0800: 196.908: [GC (Allocation Failure) 2021-01-22T21:02:28.341-0800: 196.908: [DefNew: 314451K->314451K(314560K), 0.0000223 secs]2021-01-22T21:02:28.341-0800: 196.908: [Tenured: 623713K->412799K(699072K), 0.0514500 secs] 938164K->412799K(1013632K), [Metaspace: 2698K->2698K(1056768K)], 0.0515818 secs] [Times: user=0.05 sys=0.00, real=0.05 secs] 
2021-01-22T21:02:28.424-0800: 196.991: [GC (Allocation Failure) 2021-01-22T21:02:28.424-0800: 196.991: [DefNew: 279616K->34942K(314560K), 0.0114832 secs] 692415K->499961K(1013632K), 0.0115769 secs] [Times: user=0.01 sys=0.00, real=0.01 secs] 
2021-01-22T21:02:28.466-0800: 197.034: [GC (Allocation Failure) 2021-01-22T21:02:28.466-0800: 197.034: [DefNew: 314558K->34943K(314560K), 0.0149487 secs] 779577K->578199K(1013632K), 0.0150457 secs] [Times: user=0.02 sys=0.00, real=0.02 secs] 
2021-01-22T21:02:28.513-0800: 197.081: [GC (Allocation Failure) 2021-01-22T21:02:28.513-0800: 197.081: [DefNew: 314559K->34943K(314560K), 0.0143173 secs] 857815K->652969K(1013632K), 0.0144246 secs] [Times: user=0.01 sys=0.00, real=0.01 secs] 
2021-01-22T21:02:28.559-0800: 197.127: [GC (Allocation Failure) 2021-01-22T21:02:28.559-0800: 197.127: [DefNew: 314559K->314559K(314560K), 0.0000235 secs]2021-01-22T21:02:28.559-0800: 197.127: [Tenured: 618026K->368170K(699072K), 0.0511406 secs] 932585K->368170K(1013632K), [Metaspace: 2698K->2698K(1056768K)], 0.0512932 secs] [Times: user=0.05 sys=0.00, real=0.06 secs] 
2021-01-22T21:02:28.642-0800: 197.209: [GC (Allocation Failure) 2021-01-22T21:02:28.642-0800: 197.209: [DefNew: 279616K->34944K(314560K), 0.0121310 secs] 647786K->460329K(1013632K), 0.0122467 secs] [Times: user=0.01 sys=0.00, real=0.01 secs] 
2021-01-22T21:02:28.684-0800: 197.252: [GC (Allocation Failure) 2021-01-22T21:02:28.684-0800: 197.252: [DefNew: 314560K->34943K(314560K), 0.0153359 secs] 739945K->540425K(1013632K), 0.0154286 secs] [Times: user=0.02 sys=0.00, real=0.02 secs] 
2021-01-22T21:02:28.730-0800: 197.298: [GC (Allocation Failure) 2021-01-22T21:02:28.730-0800: 197.298: [DefNew: 314559K->34943K(314560K), 0.0150607 secs] 820041K->619600K(1013632K), 0.0151727 secs] [Times: user=0.01 sys=0.00, real=0.01 secs] 
2021-01-22T21:02:28.776-0800: 197.343: [GC (Allocation Failure) 2021-01-22T21:02:28.776-0800: 197.343: [DefNew: 314559K->34943K(314560K), 0.0154944 secs] 899216K->700101K(1013632K), 0.0155974 secs] [Times: user=0.02 sys=0.00, real=0.02 secs] 
2021-01-22T21:02:28.823-0800: 197.390: [GC (Allocation Failure) 2021-01-22T21:02:28.823-0800: 197.390: [DefNew: 314559K->314559K(314560K), 0.0000328 secs]2021-01-22T21:02:28.823-0800: 197.390: [Tenured: 665158K->419158K(699072K), 0.0494526 secs] 979717K->419158K(1013632K), [Metaspace: 2698K->2698K(1056768K)], 0.0496541 secs] [Times: user=0.05 sys=0.01, real=0.05 secs] 
2021-01-22T21:02:28.905-0800: 197.473: [GC (Allocation Failure) 2021-01-22T21:02:28.906-0800: 197.473: [DefNew: 279616K->34943K(314560K), 0.0105629 secs] 698774K->495323K(1013632K), 0.0107106 secs] [Times: user=0.01 sys=0.00, real=0.01 secs] 
2021-01-22T21:02:28.948-0800: 197.515: [GC (Allocation Failure) 2021-01-22T21:02:28.948-0800: 197.515: [DefNew: 314559K->34943K(314560K), 0.0148354 secs] 774939K->576679K(1013632K), 0.0149454 secs] [Times: user=0.01 sys=0.00, real=0.02 secs] 
2021-01-22T21:02:28.995-0800: 197.562: [GC (Allocation Failure) 2021-01-22T21:02:28.995-0800: 197.563: [DefNew: 314559K->34943K(314560K), 0.0143674 secs] 856295K->653013K(1013632K), 0.0144600 secs] [Times: user=0.01 sys=0.00, real=0.02 secs] 
2021-01-22T21:02:29.042-0800: 197.609: [GC (Allocation Failure) 2021-01-22T21:02:29.042-0800: 197.609: [DefNew: 314559K->314559K(314560K), 0.0000214 secs]2021-01-22T21:02:29.042-0800: 197.609: [Tenured: 618069K->402683K(699072K), 0.0492141 secs] 932629K->402683K(1013632K), [Metaspace: 2698K->2698K(1056768K)], 0.0493456 secs] [Times: user=0.05 sys=0.00, real=0.05 secs] 
2021-01-22T21:02:29.125-0800: 197.692: [GC (Allocation Failure) 2021-01-22T21:02:29.125-0800: 197.692: [DefNew: 279616K->34942K(314560K), 0.0110153 secs] 682299K->485699K(1013632K), 0.0111109 secs] [Times: user=0.01 sys=0.00, real=0.01 secs] 
2021-01-22T21:02:29.167-0800: 197.734: [GC (Allocation Failure) 2021-01-22T21:02:29.167-0800: 197.734: [DefNew: 314558K->34943K(314560K), 0.0148517 secs] 765315K->564453K(1013632K), 0.0149596 secs] [Times: user=0.02 sys=0.00, real=0.02 secs] 
2021-01-22T21:02:29.212-0800: 197.779: [GC (Allocation Failure) 2021-01-22T21:02:29.212-0800: 197.779: [DefNew: 314559K->34943K(314560K), 0.0161211 secs] 844069K->651831K(1013632K), 0.0162316 secs] [Times: user=0.01 sys=0.00, real=0.01 secs] 
2021-01-22T21:02:29.258-0800: 197.825: [GC (Allocation Failure) 2021-01-22T21:02:29.258-0800: 197.826: [DefNew: 314559K->314559K(314560K), 0.0000217 secs]2021-01-22T21:02:29.258-0800: 197.826: [Tenured: 616888K->396157K(699072K), 0.0508094 secs] 931447K->396157K(1013632K), [Metaspace: 2698K->2698K(1056768K)], 0.0509426 secs] [Times: user=0.05 sys=0.00, real=0.05 secs] 
2021-01-22T21:02:29.340-0800: 197.907: [GC (Allocation Failure) 2021-01-22T21:02:29.340-0800: 197.907: [DefNew: 279616K->34943K(314560K), 0.0121169 secs] 675773K->486811K(1013632K), 0.0122131 secs] [Times: user=0.01 sys=0.00, real=0.01 secs] 
2021-01-22T21:02:29.382-0800: 197.950: [GC (Allocation Failure) 2021-01-22T21:02:29.382-0800: 197.950: [DefNew: 314400K->34943K(314560K), 0.0165161 secs] 766267K->574862K(1013632K), 0.0166090 secs] [Times: user=0.02 sys=0.00, real=0.01 secs] 
2021-01-22T21:02:29.431-0800: 197.998: [GC (Allocation Failure) 2021-01-22T21:02:29.431-0800: 197.998: [DefNew: 314559K->34942K(314560K), 0.0142646 secs] 854478K->648011K(1013632K), 0.0143685 secs] [Times: user=0.01 sys=0.00, real=0.01 secs] 
2021-01-22T21:02:29.476-0800: 198.044: [GC (Allocation Failure) 2021-01-22T21:02:29.476-0800: 198.044: [DefNew: 314558K->314558K(314560K), 0.0000219 secs]2021-01-22T21:02:29.476-0800: 198.044: [Tenured: 613068K->364459K(699072K), 0.0526155 secs] 927627K->364459K(1013632K), [Metaspace: 2698K->2698K(1056768K)], 0.0527943 secs] [Times: user=0.05 sys=0.00, real=0.05 secs] 
2021-01-22T21:02:29.560-0800: 198.127: [GC (Allocation Failure) 2021-01-22T21:02:29.560-0800: 198.127: [DefNew: 279616K->34943K(314560K), 0.0115286 secs] 644075K->450437K(1013632K), 0.0116473 secs] [Times: user=0.02 sys=0.00, real=0.01 secs] 
2021-01-22T21:02:29.603-0800: 198.170: [GC (Allocation Failure) 2021-01-22T21:02:29.603-0800: 198.170: [DefNew: 314559K->34944K(314560K), 0.0162798 secs] 730053K->534951K(1013632K), 0.0163761 secs] [Times: user=0.01 sys=0.01, real=0.01 secs] 
2021-01-22T21:02:29.649-0800: 198.216: [GC (Allocation Failure) 2021-01-22T21:02:29.649-0800: 198.216: [DefNew: 314560K->34943K(314560K), 0.0164453 secs] 814567K->625537K(1013632K), 0.0165586 secs] [Times: user=0.02 sys=0.00, real=0.02 secs] 
2021-01-22T21:02:29.699-0800: 198.266: [GC (Allocation Failure) 2021-01-22T21:02:29.699-0800: 198.266: [DefNew: 314559K->314559K(314560K), 0.0000250 secs]2021-01-22T21:02:29.699-0800: 198.266: [Tenured: 590594K->401057K(699072K), 0.0471678 secs] 905153K->401057K(1013632K), [Metaspace: 2698K->2698K(1056768K)], 0.0473473 secs] [Times: user=0.05 sys=0.00, real=0.05 secs] 
2021-01-22T21:02:29.779-0800: 198.347: [GC (Allocation Failure) 2021-01-22T21:02:29.779-0800: 198.347: [DefNew: 279616K->34944K(314560K), 0.0118779 secs] 680673K->489421K(1013632K), 0.0119659 secs] [Times: user=0.01 sys=0.00, real=0.02 secs] 
2021-01-22T21:02:29.820-0800: 198.388: [GC (Allocation Failure) 2021-01-22T21:02:29.820-0800: 198.388: [DefNew: 314560K->34943K(314560K), 0.0150794 secs] 769037K->567638K(1013632K), 0.0151892 secs] [Times: user=0.01 sys=0.00, real=0.01 secs] 
2021-01-22T21:02:29.865-0800: 198.432: [GC (Allocation Failure) 2021-01-22T21:02:29.865-0800: 198.432: [DefNew: 314559K->34943K(314560K), 0.0152291 secs] 847254K->647496K(1013632K), 0.0153469 secs] [Times: user=0.02 sys=0.00, real=0.02 secs] 
2021-01-22T21:02:29.909-0800: 198.476: [GC (Allocation Failure) 2021-01-22T21:02:29.909-0800: 198.476: [DefNew: 314559K->314559K(314560K), 0.0000278 secs]2021-01-22T21:02:29.909-0800: 198.476: [Tenured: 612552K->425132K(699072K), 0.0517540 secs] 927112K->425132K(1013632K), [Metaspace: 2698K->2698K(1056768K)], 0.0519141 secs] [Times: user=0.05 sys=0.00, real=0.06 secs] 
2021-01-22T21:02:29.993-0800: 198.560: [GC (Allocation Failure) 2021-01-22T21:02:29.993-0800: 198.560: [DefNew: 279616K->34944K(314560K), 0.0130645 secs] 704748K->523805K(1013632K), 0.0131571 secs] [Times: user=0.01 sys=0.00, real=0.01 secs] 
2021-01-22T21:02:30.037-0800: 198.604: [GC (Allocation Failure) 2021-01-22T21:02:30.037-0800: 198.604: [DefNew: 314256K->34943K(314560K), 0.0147889 secs] 803117K->599941K(1013632K), 0.0148801 secs] [Times: user=0.01 sys=0.00, real=0.02 secs] 
2021-01-22T21:02:30.083-0800: 198.651: [GC (Allocation Failure) 2021-01-22T21:02:30.083-0800: 198.651: [DefNew: 314559K->34943K(314560K), 0.0147740 secs] 879557K->677355K(1013632K), 0.0148650 secs] [Times: user=0.02 sys=0.00, real=0.01 secs] 
2021-01-22T21:02:30.129-0800: 198.696: [GC (Allocation Failure) 2021-01-22T21:02:30.129-0800: 198.696: [DefNew: 314559K->314559K(314560K), 0.0000196 secs]2021-01-22T21:02:30.129-0800: 198.696: [Tenured: 642411K->414601K(699072K), 0.0507143 secs] 956971K->414601K(1013632K), [Metaspace: 2698K->2698K(1056768K)], 0.0508354 secs] [Times: user=0.05 sys=0.00, real=0.05 secs] 
2021-01-22T21:02:30.212-0800: 198.780: [GC (Allocation Failure) 2021-01-22T21:02:30.212-0800: 198.780: [DefNew: 279616K->34942K(314560K), 0.0113268 secs] 694217K->497499K(1013632K), 0.0114277 secs] [Times: user=0.01 sys=0.00, real=0.01 secs] 
2021-01-22T21:02:30.256-0800: 198.823: [GC (Allocation Failure) 2021-01-22T21:02:30.256-0800: 198.823: [DefNew: 314558K->34943K(314560K), 0.0155325 secs] 777115K->580308K(1013632K), 0.0156250 secs] [Times: user=0.02 sys=0.00, real=0.02 secs] 
2021-01-22T21:02:30.301-0800: 198.869: [GC (Allocation Failure) 2021-01-22T21:02:30.301-0800: 198.869: [DefNew: 314559K->34943K(314560K), 0.0152231 secs] 859924K->658600K(1013632K), 0.0153118 secs] [Times: user=0.01 sys=0.00, real=0.01 secs] 
2021-01-22T21:02:30.347-0800: 198.915: [GC (Allocation Failure) 2021-01-22T21:02:30.347-0800: 198.915: [DefNew: 314559K->314559K(314560K), 0.0000192 secs]2021-01-22T21:02:30.347-0800: 198.915: [Tenured: 623656K->377590K(699072K), 0.0508348 secs] 938216K->377590K(1013632K), [Metaspace: 2698K->2698K(1056768K)], 0.0509545 secs] [Times: user=0.05 sys=0.00, real=0.05 secs] 
2021-01-22T21:02:30.431-0800: 198.998: [GC (Allocation Failure) 2021-01-22T21:02:30.431-0800: 198.998: [DefNew: 279616K->34943K(314560K), 0.0101748 secs] 657206K->457743K(1013632K), 0.0102728 secs] [Times: user=0.01 sys=0.00, real=0.01 secs] 
2021-01-22T21:02:30.472-0800: 199.040: [GC (Allocation Failure) 2021-01-22T21:02:30.472-0800: 199.040: [DefNew: 314559K->34944K(314560K), 0.0151179 secs] 737359K->535617K(1013632K), 0.0152221 secs] [Times: user=0.02 sys=0.01, real=0.01 secs] 
2021-01-22T21:02:30.518-0800: 199.086: [GC (Allocation Failure) 2021-01-22T21:02:30.518-0800: 199.086: [DefNew: 314560K->34942K(314560K), 0.0150311 secs] 815233K->612730K(1013632K), 0.0151294 secs] [Times: user=0.01 sys=0.00, real=0.02 secs] 
2021-01-22T21:02:30.564-0800: 199.132: [GC (Allocation Failure) 2021-01-22T21:02:30.564-0800: 199.132: [DefNew: 314558K->34943K(314560K), 0.0152781 secs] 892346K->691247K(1013632K), 0.0153855 secs] [Times: user=0.02 sys=0.00, real=0.02 secs] 
2021-01-22T21:02:30.611-0800: 199.178: [GC (Allocation Failure) 2021-01-22T21:02:30.611-0800: 199.178: [DefNew: 314259K->314259K(314560K), 0.0000313 secs]2021-01-22T21:02:30.611-0800: 199.178: [Tenured: 656304K->405224K(699072K), 0.0482151 secs] 970563K->405224K(1013632K), [Metaspace: 2698K->2698K(1056768K)], 0.0483757 secs] [Times: user=0.05 sys=0.00, real=0.04 secs] 
2021-01-22T21:02:30.691-0800: 199.258: [GC (Allocation Failure) 2021-01-22T21:02:30.691-0800: 199.258: [DefNew: 279616K->34943K(314560K), 0.0115612 secs] 684840K->492887K(1013632K), 0.0116515 secs] [Times: user=0.01 sys=0.00, real=0.01 secs] 
2021-01-22T21:02:30.737-0800: 199.304: [GC (Allocation Failure) 2021-01-22T21:02:30.737-0800: 199.304: [DefNew: 314524K->34942K(314560K), 0.0148048 secs] 772468K->571580K(1013632K), 0.0149130 secs] [Times: user=0.02 sys=0.00, real=0.02 secs] 
2021-01-22T21:02:30.783-0800: 199.350: [GC (Allocation Failure) 2021-01-22T21:02:30.783-0800: 199.350: [DefNew: 314558K->34943K(314560K), 0.0151858 secs] 851196K->651133K(1013632K), 0.0152870 secs] [Times: user=0.01 sys=0.00, real=0.01 secs] 
2021-01-22T21:02:30.830-0800: 199.397: [GC (Allocation Failure) 2021-01-22T21:02:30.830-0800: 199.397: [DefNew: 314559K->314559K(314560K), 0.0000216 secs]2021-01-22T21:02:30.830-0800: 199.397: [Tenured: 616189K->418076K(699072K), 0.0511168 secs] 930749K->418076K(1013632K), [Metaspace: 2698K->2698K(1056768K)], 0.0512441 secs] [Times: user=0.05 sys=0.00, real=0.05 secs] 
2021-01-22T21:02:30.912-0800: 199.479: [GC (Allocation Failure) 2021-01-22T21:02:30.912-0800: 199.479: [DefNew: 279616K->34943K(314560K), 0.0124508 secs] 697692K->512129K(1013632K), 0.0125406 secs] [Times: user=0.01 sys=0.00, real=0.01 secs] 
2021-01-22T21:02:30.955-0800: 199.522: [GC (Allocation Failure) 2021-01-22T21:02:30.955-0800: 199.522: [DefNew: 314314K->34944K(314560K), 0.0149410 secs] 791500K->591937K(1013632K), 0.0150456 secs] [Times: user=0.02 sys=0.00, real=0.02 secs] 
2021-01-22T21:02:31.000-0800: 199.567: [GC (Allocation Failure) 2021-01-22T21:02:31.000-0800: 199.567: [DefNew: 314560K->34943K(314560K), 0.0166651 secs] 871553K->680969K(1013632K), 0.0167555 secs] [Times: user=0.01 sys=0.00, real=0.01 secs] 
2021-01-22T21:02:31.048-0800: 199.615: [GC (Allocation Failure) 2021-01-22T21:02:31.048-0800: 199.615: [DefNew: 314559K->314559K(314560K), 0.0000202 secs]2021-01-22T21:02:31.048-0800: 199.615: [Tenured: 646025K->418603K(699072K), 0.0511200 secs] 960585K->418603K(1013632K), [Metaspace: 2698K->2698K(1056768K)], 0.0512463 secs] [Times: user=0.05 sys=0.00, real=0.05 secs] 
2021-01-22T21:02:31.131-0800: 199.699: [GC (Allocation Failure) 2021-01-22T21:02:31.131-0800: 199.699: [DefNew: 279616K->34943K(314560K), 0.0110319 secs] 698219K->501422K(1013632K), 0.0111371 secs] [Times: user=0.02 sys=0.00, real=0.01 secs] 
2021-01-22T21:02:31.173-0800: 199.740: [GC (Allocation Failure) 2021-01-22T21:02:31.173-0800: 199.740: [DefNew: 314559K->34943K(314560K), 0.0149949 secs] 781038K->578491K(1013632K), 0.0150860 secs] [Times: user=0.01 sys=0.00, real=0.01 secs] 
2021-01-22T21:02:31.219-0800: 199.786: [GC (Allocation Failure) 2021-01-22T21:02:31.219-0800: 199.786: [DefNew: 314559K->34943K(314560K), 0.0160119 secs] 858107K->664818K(1013632K), 0.0161070 secs] [Times: user=0.02 sys=0.00, real=0.02 secs] 
2021-01-22T21:02:31.267-0800: 199.834: [GC (Allocation Failure) 2021-01-22T21:02:31.267-0800: 199.834: [DefNew: 314559K->314559K(314560K), 0.0000197 secs]2021-01-22T21:02:31.267-0800: 199.834: [Tenured: 629874K->377911K(699072K), 0.0502280 secs] 944434K->377911K(1013632K), [Metaspace: 2698K->2698K(1056768K)], 0.0503501 secs] [Times: user=0.05 sys=0.00, real=0.05 secs] 
2021-01-22T21:02:31.349-0800: 199.916: [GC (Allocation Failure) 2021-01-22T21:02:31.349-0800: 199.916: [DefNew: 279616K->34944K(314560K), 0.0104975 secs] 657527K->460772K(1013632K), 0.0105815 secs] [Times: user=0.01 sys=0.00, real=0.02 secs] 
2021-01-22T21:02:31.390-0800: 199.957: [GC (Allocation Failure) 2021-01-22T21:02:31.390-0800: 199.957: [DefNew: 314542K->34943K(314560K), 0.0150842 secs] 740370K->539878K(1013632K), 0.0151864 secs] [Times: user=0.01 sys=0.00, real=0.01 secs] 
2021-01-22T21:02:31.437-0800: 200.004: [GC (Allocation Failure) 2021-01-22T21:02:31.437-0800: 200.004: [DefNew: 314559K->34943K(314560K), 0.0165206 secs] 819494K->630761K(1013632K), 0.0166237 secs] [Times: user=0.02 sys=0.00, real=0.02 secs] 
2021-01-22T21:02:31.486-0800: 200.054: [GC (Allocation Failure) 2021-01-22T21:02:31.486-0800: 200.054: [DefNew: 314559K->314559K(314560K), 0.0000202 secs]2021-01-22T21:02:31.486-0800: 200.054: [Tenured: 595817K->420310K(699072K), 0.0485556 secs] 910377K->420310K(1013632K), [Metaspace: 2698K->2698K(1056768K)], 0.0486946 secs] [Times: user=0.05 sys=0.00, real=0.05 secs] 
2021-01-22T21:02:31.565-0800: 200.132: [GC (Allocation Failure) 2021-01-22T21:02:31.565-0800: 200.132: [DefNew: 279616K->34943K(314560K), 0.0120574 secs] 699926K->513605K(1013632K), 0.0121652 secs] [Times: user=0.01 sys=0.00, real=0.01 secs] 
2021-01-22T21:02:31.608-0800: 200.175: [GC (Allocation Failure) 2021-01-22T21:02:31.608-0800: 200.175: [DefNew: 314559K->34943K(314560K), 0.0147402 secs] 793221K->591524K(1013632K), 0.0148309 secs] [Times: user=0.01 sys=0.00, real=0.02 secs] 
2021-01-22T21:02:31.655-0800: 200.222: [GC (Allocation Failure) 2021-01-22T21:02:31.655-0800: 200.222: [DefNew: 314550K->34943K(314560K), 0.0138197 secs] 871131K->661695K(1013632K), 0.0139202 secs] [Times: user=0.01 sys=0.00, real=0.01 secs] 
2021-01-22T21:02:31.698-0800: 200.266: [GC (Allocation Failure) 2021-01-22T21:02:31.698-0800: 200.266: [DefNew: 314559K->314559K(314560K), 0.0000200 secs]2021-01-22T21:02:31.698-0800: 200.266: [Tenured: 626751K->423303K(699072K), 0.0512697 secs] 941311K->423303K(1013632K), [Metaspace: 2698K->2698K(1056768K)], 0.0513883 secs] [Times: user=0.05 sys=0.00, real=0.06 secs] 
2021-01-22T21:02:31.782-0800: 200.350: [GC (Allocation Failure) 2021-01-22T21:02:31.782-0800: 200.350: [DefNew: 279616K->34943K(314560K), 0.0119737 secs] 702919K->514176K(1013632K), 0.0120819 secs] [Times: user=0.01 sys=0.00, real=0.01 secs] 
2021-01-22T21:02:31.825-0800: 200.393: [GC (Allocation Failure) 2021-01-22T21:02:31.825-0800: 200.393: [DefNew: 314559K->34943K(314560K), 0.0157073 secs] 793792K->599047K(1013632K), 0.0157993 secs] [Times: user=0.02 sys=0.00, real=0.02 secs] 
2021-01-22T21:02:31.872-0800: 200.440: [GC (Allocation Failure) 2021-01-22T21:02:31.872-0800: 200.440: [DefNew: 314559K->34943K(314560K), 0.0148004 secs] 878663K->675816K(1013632K), 0.0148910 secs] [Times: user=0.01 sys=0.00, real=0.01 secs] 
2021-01-22T21:02:31.919-0800: 200.486: [GC (Allocation Failure) 2021-01-22T21:02:31.919-0800: 200.486: [DefNew: 314559K->314559K(314560K), 0.0000201 secs]2021-01-22T21:02:31.919-0800: 200.486: [Tenured: 640872K->421881K(699072K), 0.0514534 secs] 955432K->421881K(1013632K), [Metaspace: 2698K->2698K(1056768K)], 0.0515748 secs] [Times: user=0.05 sys=0.00, real=0.06 secs] 
2021-01-22T21:02:32.002-0800: 200.570: [GC (Allocation Failure) 2021-01-22T21:02:32.002-0800: 200.570: [DefNew: 279616K->34942K(314560K), 0.0123398 secs] 701497K->514648K(1013632K), 0.0124429 secs] [Times: user=0.02 sys=0.00, real=0.01 secs] 
2021-01-22T21:02:32.047-0800: 200.614: [GC (Allocation Failure) 2021-01-22T21:02:32.047-0800: 200.614: [DefNew: 314558K->34943K(314560K), 0.0149561 secs] 794264K->593826K(1013632K), 0.0150598 secs] [Times: user=0.01 sys=0.00, real=0.02 secs] 
2021-01-22T21:02:32.093-0800: 200.660: [GC (Allocation Failure) 2021-01-22T21:02:32.093-0800: 200.660: [DefNew: 314559K->34943K(314560K), 0.0149473 secs] 873442K->670780K(1013632K), 0.0150401 secs] [Times: user=0.02 sys=0.00, real=0.01 secs] 
2021-01-22T21:02:32.140-0800: 200.707: [GC (Allocation Failure) 2021-01-22T21:02:32.140-0800: 200.707: [DefNew: 314559K->314559K(314560K), 0.0000214 secs]2021-01-22T21:02:32.140-0800: 200.708: [Tenured: 635836K->386631K(699072K), 0.0524302 secs] 950396K->386631K(1013632K), [Metaspace: 2698K->2698K(1056768K)], 0.0525548 secs] [Times: user=0.05 sys=0.01, real=0.05 secs] 
2021-01-22T21:02:32.227-0800: 200.794: [GC (Allocation Failure) 2021-01-22T21:02:32.227-0800: 200.794: [DefNew: 279616K->34943K(314560K), 0.0130684 secs] 666247K->476512K(1013632K), 0.0131729 secs] [Times: user=0.01 sys=0.00, real=0.02 secs] 
2021-01-22T21:02:32.272-0800: 200.840: [GC (Allocation Failure) 2021-01-22T21:02:32.272-0800: 200.840: [DefNew: 314559K->34943K(314560K), 0.0148819 secs] 756128K->552486K(1013632K), 0.0149880 secs] [Times: user=0.01 sys=0.00, real=0.01 secs] 
2021-01-22T21:02:32.319-0800: 200.886: [GC (Allocation Failure) 2021-01-22T21:02:32.319-0800: 200.886: [DefNew: 314559K->34943K(314560K), 0.0161050 secs] 832102K->637021K(1013632K), 0.0161957 secs] [Times: user=0.02 sys=0.00, real=0.02 secs] 
2021-01-22T21:02:32.366-0800: 200.933: [GC (Allocation Failure) 2021-01-22T21:02:32.366-0800: 200.933: [DefNew: 314559K->314559K(314560K), 0.0000200 secs]2021-01-22T21:02:32.366-0800: 200.933: [Tenured: 602078K->419185K(699072K), 0.0505373 secs] 916637K->419185K(1013632K), [Metaspace: 2698K->2698K(1056768K)], 0.0506600 secs] [Times: user=0.05 sys=0.00, real=0.05 secs] 
2021-01-22T21:02:32.450-0800: 201.017: [GC (Allocation Failure) 2021-01-22T21:02:32.450-0800: 201.017: [DefNew: 279616K->34943K(314560K), 0.0113805 secs] 698801K->506371K(1013632K), 0.0114702 secs] [Times: user=0.01 sys=0.00, real=0.01 secs] 
2021-01-22T21:02:32.493-0800: 201.061: [GC (Allocation Failure) 2021-01-22T21:02:32.493-0800: 201.061: [DefNew: 314559K->34943K(314560K), 0.0154818 secs] 785987K->584875K(1013632K), 0.0155670 secs] [Times: user=0.01 sys=0.00, real=0.01 secs] 
2021-01-22T21:02:32.541-0800: 201.109: [GC (Allocation Failure) 2021-01-22T21:02:32.542-0800: 201.109: [DefNew: 314559K->34943K(314560K), 0.0150580 secs] 864491K->665135K(1013632K), 0.0151461 secs] [Times: user=0.01 sys=0.00, real=0.01 secs] 
2021-01-22T21:02:32.594-0800: 201.161: [GC (Allocation Failure) 2021-01-22T21:02:32.594-0800: 201.161: [DefNew: 314559K->314559K(314560K), 0.0000285 secs]2021-01-22T21:02:32.594-0800: 201.162: [Tenured: 630191K->408587K(699072K), 0.0498218 secs] 944751K->408587K(1013632K), [Metaspace: 2698K->2698K(1056768K)], 0.0499628 secs] [Times: user=0.04 sys=0.00, real=0.05 secs] 
2021-01-22T21:02:32.677-0800: 201.245: [GC (Allocation Failure) 2021-01-22T21:02:32.677-0800: 201.245: [DefNew: 279616K->34944K(314560K), 0.0128982 secs] 688203K->502994K(1013632K), 0.0129805 secs] [Times: user=0.01 sys=0.00, real=0.02 secs] 
2021-01-22T21:02:32.723-0800: 201.290: [GC (Allocation Failure) 2021-01-22T21:02:32.723-0800: 201.290: [DefNew: 314560K->34943K(314560K), 0.0144252 secs] 782610K->577359K(1013632K), 0.0145040 secs] [Times: user=0.02 sys=0.00, real=0.01 secs] 
2021-01-22T21:02:32.768-0800: 201.336: [GC (Allocation Failure) 2021-01-22T21:02:32.769-0800: 201.336: [DefNew: 314559K->34943K(314560K), 0.0177068 secs] 856975K->653020K(1013632K), 0.0177799 secs] [Times: user=0.01 sys=0.00, real=0.02 secs] 
2021-01-22T21:02:32.817-0800: 201.385: [GC (Allocation Failure) 2021-01-22T21:02:32.817-0800: 201.385: [DefNew: 314559K->314559K(314560K), 0.0000195 secs]2021-01-22T21:02:32.817-0800: 201.385: [Tenured: 618076K->407790K(699072K), 0.0507131 secs] 932636K->407790K(1013632K), [Metaspace: 2698K->2698K(1056768K)], 0.0508240 secs] [Times: user=0.05 sys=0.00, real=0.05 secs] 
2021-01-22T21:02:32.901-0800: 201.468: [GC (Allocation Failure) 2021-01-22T21:02:32.901-0800: 201.468: [DefNew: 279616K->34943K(314560K), 0.0124274 secs] 687406K->496332K(1013632K), 0.0125162 secs] [Times: user=0.02 sys=0.00, real=0.01 secs] 
2021-01-22T21:02:32.944-0800: 201.511: [GC (Allocation Failure) 2021-01-22T21:02:32.944-0800: 201.511: [DefNew: 314559K->34943K(314560K), 0.0151161 secs] 775948K->576874K(1013632K), 0.0152050 secs] [Times: user=0.01 sys=0.00, real=0.01 secs] 
2021-01-22T21:02:32.990-0800: 201.558: [GC (Allocation Failure) 2021-01-22T21:02:32.990-0800: 201.558: [DefNew: 314405K->34942K(314560K), 0.0159416 secs] 856335K->657945K(1013632K), 0.0160285 secs] [Times: user=0.02 sys=0.00, real=0.01 secs] 
2021-01-22T21:02:33.041-0800: 201.608: [GC (Allocation Failure) 2021-01-22T21:02:33.041-0800: 201.608: [DefNew: 314558K->314558K(314560K), 0.0000195 secs]2021-01-22T21:02:33.041-0800: 201.608: [Tenured: 623003K->359006K(699072K), 0.0481964 secs] 937561K->359006K(1013632K), [Metaspace: 2698K->2698K(1056768K)], 0.0483329 secs] [Times: user=0.05 sys=0.00, real=0.04 secs] 
2021-01-22T21:02:33.121-0800: 201.688: [GC (Allocation Failure) 2021-01-22T21:02:33.121-0800: 201.688: [DefNew: 279616K->34943K(314560K), 0.0121860 secs] 638622K->450258K(1013632K), 0.0122723 secs] [Times: user=0.01 sys=0.00, real=0.01 secs] 
2021-01-22T21:02:33.166-0800: 201.733: [GC (Allocation Failure) 2021-01-22T21:02:33.166-0800: 201.733: [DefNew: 314559K->34943K(314560K), 0.0148619 secs] 729874K->526787K(1013632K), 0.0149503 secs] [Times: user=0.02 sys=0.00, real=0.02 secs] 
2021-01-22T21:02:33.212-0800: 201.779: [GC (Allocation Failure) 2021-01-22T21:02:33.212-0800: 201.779: [DefNew: 314559K->34943K(314560K), 0.0140621 secs] 806403K->602974K(1013632K), 0.0141484 secs] [Times: user=0.01 sys=0.00, real=0.01 secs] 
2021-01-22T21:02:33.257-0800: 201.824: [GC (Allocation Failure) 2021-01-22T21:02:33.257-0800: 201.824: [DefNew: 314559K->34943K(314560K), 0.0161697 secs] 882590K->685720K(1013632K), 0.0162777 secs] [Times: user=0.02 sys=0.00, real=0.02 secs] 
2021-01-22T21:02:33.304-0800: 201.871: [GC (Allocation Failure) 2021-01-22T21:02:33.304-0800: 201.871: [DefNew: 314559K->314559K(314560K), 0.0000194 secs]2021-01-22T21:02:33.304-0800: 201.871: [Tenured: 650777K->399874K(699072K), 0.0478783 secs] 965336K->399874K(1013632K), [Metaspace: 2698K->2698K(1056768K)], 0.0480018 secs] [Times: user=0.04 sys=0.00, real=0.05 secs] 
2021-01-22T21:02:33.383-0800: 201.951: [GC (Allocation Failure) 2021-01-22T21:02:33.383-0800: 201.951: [DefNew: 279616K->34943K(314560K), 0.0117422 secs] 679490K->487769K(1013632K), 0.0118480 secs] [Times: user=0.02 sys=0.00, real=0.01 secs] 
2021-01-22T21:02:33.428-0800: 201.995: [GC (Allocation Failure) 2021-01-22T21:02:33.428-0800: 201.995: [DefNew: 314559K->34943K(314560K), 0.0147081 secs] 767385K->564453K(1013632K), 0.0148001 secs] [Times: user=0.01 sys=0.00, real=0.02 secs] 
2021-01-22T21:02:33.475-0800: 202.042: [GC (Allocation Failure) 2021-01-22T21:02:33.475-0800: 202.043: [DefNew: 314559K->34943K(314560K), 0.0141425 secs] 844069K->637595K(1013632K), 0.0142332 secs] [Times: user=0.02 sys=0.00, real=0.01 secs] 
2021-01-22T21:02:33.522-0800: 202.089: [GC (Allocation Failure) 2021-01-22T21:02:33.522-0800: 202.089: [DefNew: 314559K->314559K(314560K), 0.0000303 secs]2021-01-22T21:02:33.522-0800: 202.089: [Tenured: 602651K->402369K(699072K), 0.0489596 secs] 917211K->402369K(1013632K), [Metaspace: 2698K->2698K(1056768K)], 0.0490955 secs] [Times: user=0.05 sys=0.00, real=0.05 secs] 
2021-01-22T21:02:33.601-0800: 202.169: [GC (Allocation Failure) 2021-01-22T21:02:33.601-0800: 202.169: [DefNew: 279616K->34943K(314560K), 0.0124878 secs] 681985K->490001K(1013632K), 0.0125757 secs] [Times: user=0.01 sys=0.00, real=0.01 secs] 
2021-01-22T21:02:33.645-0800: 202.212: [GC (Allocation Failure) 2021-01-22T21:02:33.645-0800: 202.213: [DefNew: 314559K->34943K(314560K), 0.0156156 secs] 769617K->576430K(1013632K), 0.0157144 secs] [Times: user=0.01 sys=0.00, real=0.02 secs] 
2021-01-22T21:02:33.694-0800: 202.261: [GC (Allocation Failure) 2021-01-22T21:02:33.694-0800: 202.261: [DefNew: 314559K->34943K(314560K), 0.0157560 secs] 856046K->660477K(1013632K), 0.0158433 secs] [Times: user=0.01 sys=0.00, real=0.02 secs] 
2021-01-22T21:02:33.741-0800: 202.308: [GC (Allocation Failure) 2021-01-22T21:02:33.741-0800: 202.308: [DefNew: 314559K->314559K(314560K), 0.0000198 secs]2021-01-22T21:02:33.741-0800: 202.308: [Tenured: 625533K->423774K(699072K), 0.0517103 secs] 940093K->423774K(1013632K), [Metaspace: 2698K->2698K(1056768K)], 0.0518326 secs] [Times: user=0.05 sys=0.00, real=0.05 secs] 
2021-01-22T21:02:33.825-0800: 202.392: [GC (Allocation Failure) 2021-01-22T21:02:33.825-0800: 202.392: [DefNew: 279616K->34943K(314560K), 0.0114256 secs] 703390K->508763K(1013632K), 0.0115247 secs] [Times: user=0.02 sys=0.00, real=0.01 secs] 
2021-01-22T21:02:33.868-0800: 202.435: [GC (Allocation Failure) 2021-01-22T21:02:33.868-0800: 202.435: [DefNew: 314559K->34943K(314560K), 0.0150546 secs] 788379K->587306K(1013632K), 0.0151424 secs] [Times: user=0.01 sys=0.00, real=0.02 secs] 
2021-01-22T21:02:33.914-0800: 202.481: [GC (Allocation Failure) 2021-01-22T21:02:33.914-0800: 202.481: [DefNew: 314559K->34943K(314560K), 0.0141477 secs] 866922K->661301K(1013632K), 0.0142380 secs] [Times: user=0.01 sys=0.00, real=0.01 secs] 
2021-01-22T21:02:33.958-0800: 202.526: [GC (Allocation Failure) 2021-01-22T21:02:33.958-0800: 202.526: [DefNew: 314253K->314253K(314560K), 0.0000200 secs]2021-01-22T21:02:33.958-0800: 202.526: [Tenured: 626357K->378231K(699072K), 0.0506767 secs] 940610K->378231K(1013632K), [Metaspace: 2698K->2698K(1056768K)], 0.0508036 secs] [Times: user=0.05 sys=0.00, real=0.05 secs] 
2021-01-22T21:02:34.039-0800: 202.607: [GC (Allocation Failure) 2021-01-22T21:02:34.040-0800: 202.607: [DefNew: 279616K->34944K(314560K), 0.0119987 secs] 657847K->467597K(1013632K), 0.0120894 secs] [Times: user=0.02 sys=0.00, real=0.02 secs] 
2021-01-22T21:02:34.082-0800: 202.650: [GC (Allocation Failure) 2021-01-22T21:02:34.082-0800: 202.650: [DefNew: 314560K->34943K(314560K), 0.0162919 secs] 747213K->556079K(1013632K), 0.0163819 secs] [Times: user=0.01 sys=0.00, real=0.01 secs] 
2021-01-22T21:02:34.129-0800: 202.696: [GC (Allocation Failure) 2021-01-22T21:02:34.129-0800: 202.696: [DefNew: 314334K->34943K(314560K), 0.0161410 secs] 835469K->645924K(1013632K), 0.0162310 secs] [Times: user=0.02 sys=0.00, real=0.02 secs] 
2021-01-22T21:02:34.178-0800: 202.745: [GC (Allocation Failure) 2021-01-22T21:02:34.178-0800: 202.745: [DefNew: 314559K->314559K(314560K), 0.0000210 secs]2021-01-22T21:02:34.178-0800: 202.745: [Tenured: 610980K->423482K(699072K), 0.0495749 secs] 925540K->423482K(1013632K), [Metaspace: 2698K->2698K(1056768K)], 0.0497135 secs] [Times: user=0.05 sys=0.00, real=0.05 secs] 
2021-01-22T21:02:34.259-0800: 202.826: [GC (Allocation Failure) 2021-01-22T21:02:34.259-0800: 202.826: [DefNew: 279616K->34943K(314560K), 0.0120825 secs] 703098K->514593K(1013632K), 0.0121705 secs] [Times: user=0.01 sys=0.00, real=0.02 secs] 
2021-01-22T21:02:34.304-0800: 202.872: [GC (Allocation Failure) 2021-01-22T21:02:34.304-0800: 202.872: [DefNew: 314559K->34943K(314560K), 0.0151186 secs] 794209K->592016K(1013632K), 0.0152240 secs] [Times: user=0.02 sys=0.00, real=0.02 secs] 
2021-01-22T21:02:34.351-0800: 202.918: [GC (Allocation Failure) 2021-01-22T21:02:34.351-0800: 202.918: [DefNew: 314559K->34944K(314560K), 0.0146391 secs] 871632K->668550K(1013632K), 0.0147625 secs] [Times: user=0.01 sys=0.00, real=0.01 secs] 
2021-01-22T21:02:34.398-0800: 202.965: [GC (Allocation Failure) 2021-01-22T21:02:34.398-0800: 202.965: [DefNew: 314560K->314560K(314560K), 0.0000199 secs]2021-01-22T21:02:34.398-0800: 202.965: [Tenured: 633606K->406671K(699072K), 0.0494870 secs] 948166K->406671K(1013632K), [Metaspace: 2698K->2698K(1056768K)], 0.0496038 secs] [Times: user=0.05 sys=0.00, real=0.05 secs] 
2021-01-22T21:02:34.478-0800: 203.046: [GC (Allocation Failure) 2021-01-22T21:02:34.478-0800: 203.046: [DefNew: 279616K->34943K(314560K), 0.0112738 secs] 686287K->492560K(1013632K), 0.0114249 secs] [Times: user=0.01 sys=0.00, real=0.02 secs] 
2021-01-22T21:02:34.522-0800: 203.089: [GC (Allocation Failure) 2021-01-22T21:02:34.522-0800: 203.089: [DefNew: 314273K->34943K(314560K), 0.0156475 secs] 771890K->577093K(1013632K), 0.0157363 secs] [Times: user=0.02 sys=0.00, real=0.01 secs] 
2021-01-22T21:02:34.569-0800: 203.136: [GC (Allocation Failure) 2021-01-22T21:02:34.569-0800: 203.136: [DefNew: 314559K->34941K(314560K), 0.0148582 secs] 856709K->649838K(1013632K), 0.0149550 secs] [Times: user=0.01 sys=0.00, real=0.02 secs] 
2021-01-22T21:02:34.614-0800: 203.182: [GC (Allocation Failure) 2021-01-22T21:02:34.614-0800: 203.182: [DefNew: 314220K->314220K(314560K), 0.0000386 secs]2021-01-22T21:02:34.614-0800: 203.182: [Tenured: 614896K->406399K(699072K), 0.0507170 secs] 929117K->406399K(1013632K), [Metaspace: 2698K->2698K(1056768K)], 0.0508604 secs] [Times: user=0.05 sys=0.01, real=0.05 secs] 
2021-01-22T21:02:34.696-0800: 203.263: [GC (Allocation Failure) 2021-01-22T21:02:34.696-0800: 203.263: [DefNew: 279616K->34943K(314560K), 0.0115232 secs] 686015K->494556K(1013632K), 0.0116129 secs] [Times: user=0.01 sys=0.00, real=0.01 secs] 
2021-01-22T21:02:34.739-0800: 203.306: [GC (Allocation Failure) 2021-01-22T21:02:34.739-0800: 203.306: [DefNew: 314559K->34942K(314560K), 0.0149050 secs] 774172K->573679K(1013632K), 0.0149959 secs] [Times: user=0.02 sys=0.00, real=0.02 secs] 
2021-01-22T21:02:34.785-0800: 203.353: [GC (Allocation Failure) 2021-01-22T21:02:34.785-0800: 203.353: [DefNew: 314558K->34943K(314560K), 0.0152353 secs] 853295K->650975K(1013632K), 0.0153210 secs] [Times: user=0.01 sys=0.00, real=0.02 secs] 
2021-01-22T21:02:34.831-0800: 203.398: [GC (Allocation Failure) 2021-01-22T21:02:34.831-0800: 203.399: [DefNew: 314559K->314559K(314560K), 0.0000238 secs]2021-01-22T21:02:34.831-0800: 203.399: [Tenured: 616031K->377886K(699072K), 0.0499309 secs] 930591K->377886K(1013632K), [Metaspace: 2698K->2698K(1056768K)], 0.0500793 secs] [Times: user=0.05 sys=0.00, real=0.05 secs] 
2021-01-22T21:02:34.913-0800: 203.480: [GC (Allocation Failure) 2021-01-22T21:02:34.913-0800: 203.480: [DefNew: 279616K->34943K(314560K), 0.0112324 secs] 657502K->459799K(1013632K), 0.0113218 secs] [Times: user=0.02 sys=0.00, real=0.01 secs] 
2021-01-22T21:02:34.954-0800: 203.522: [GC (Allocation Failure) 2021-01-22T21:02:34.954-0800: 203.522: [DefNew: 314559K->34943K(314560K), 0.0138359 secs] 739415K->530129K(1013632K), 0.0139229 secs] [Times: user=0.02 sys=0.00, real=0.01 secs] 
2021-01-22T21:02:35.000-0800: 203.567: [GC (Allocation Failure) 2021-01-22T21:02:35.000-0800: 203.567: [DefNew: 314559K->34941K(314560K), 0.0156897 secs] 809745K->608641K(1013632K), 0.0157770 secs] [Times: user=0.01 sys=0.00, real=0.01 secs] 
2021-01-22T21:02:35.046-0800: 203.614: [GC (Allocation Failure) 2021-01-22T21:02:35.047-0800: 203.614: [DefNew: 314490K->34943K(314560K), 0.0149495 secs] 888189K->688240K(1013632K), 0.0150518 secs] [Times: user=0.02 sys=0.00, real=0.02 secs] 
2021-01-22T21:02:35.093-0800: 203.661: [GC (Allocation Failure) 2021-01-22T21:02:35.093-0800: 203.661: [DefNew: 314559K->314559K(314560K), 0.0000194 secs]2021-01-22T21:02:35.093-0800: 203.661: [Tenured: 653297K->409729K(699072K), 0.0491260 secs] 967856K->409729K(1013632K), [Metaspace: 2698K->2698K(1056768K)], 0.0492458 secs] [Times: user=0.05 sys=0.00, real=0.05 secs] 
2021-01-22T21:02:35.174-0800: 203.742: [GC (Allocation Failure) 2021-01-22T21:02:35.174-0800: 203.742: [DefNew: 279616K->34943K(314560K), 0.0120474 secs] 689345K->499353K(1013632K), 0.0121353 secs] [Times: user=0.01 sys=0.00, real=0.01 secs] 
2021-01-22T21:02:35.219-0800: 203.786: [GC (Allocation Failure) 2021-01-22T21:02:35.219-0800: 203.786: [DefNew: 314559K->34943K(314560K), 0.0163762 secs] 778969K->575746K(1013632K), 0.0164849 secs] [Times: user=0.02 sys=0.00, real=0.02 secs] 
2021-01-22T21:02:35.267-0800: 203.835: [GC (Allocation Failure) 2021-01-22T21:02:35.267-0800: 203.835: [DefNew: 314344K->34944K(314560K), 0.0148748 secs] 855146K->652174K(1013632K), 0.0149906 secs] [Times: user=0.01 sys=0.00, real=0.02 secs] 
2021-01-22T21:02:35.314-0800: 203.881: [GC (Allocation Failure) 2021-01-22T21:02:35.314-0800: 203.881: [DefNew: 314105K->314105K(314560K), 0.0000332 secs]2021-01-22T21:02:35.314-0800: 203.881: [Tenured: 617230K->405499K(699072K), 0.0498588 secs] 931336K->405499K(1013632K), [Metaspace: 2698K->2698K(1056768K)], 0.0500413 secs] [Times: user=0.05 sys=0.00, real=0.05 secs] 
2021-01-22T21:02:35.395-0800: 203.962: [GC (Allocation Failure) 2021-01-22T21:02:35.395-0800: 203.962: [DefNew: 279616K->34943K(314560K), 0.0124639 secs] 685115K->497154K(1013632K), 0.0125533 secs] [Times: user=0.01 sys=0.00, real=0.01 secs] 
2021-01-22T21:02:35.437-0800: 204.005: [GC (Allocation Failure) 2021-01-22T21:02:35.438-0800: 204.005: [DefNew: 314559K->34943K(314560K), 0.0149306 secs] 776770K->578294K(1013632K), 0.0150285 secs] [Times: user=0.02 sys=0.00, real=0.02 secs] 
2021-01-22T21:02:35.483-0800: 204.051: [GC (Allocation Failure) 2021-01-22T21:02:35.483-0800: 204.051: [DefNew: 314559K->34943K(314560K), 0.0156778 secs] 857910K->657179K(1013632K), 0.0157796 secs] [Times: user=0.01 sys=0.00, real=0.01 secs] 
2021-01-22T21:02:35.531-0800: 204.098: [GC (Allocation Failure) 2021-01-22T21:02:35.531-0800: 204.098: [DefNew: 314559K->314559K(314560K), 0.0000281 secs]2021-01-22T21:02:35.531-0800: 204.098: [Tenured: 622236K->426603K(699072K), 0.0522678 secs] 936795K->426603K(1013632K), [Metaspace: 2698K->2698K(1056768K)], 0.0524187 secs] [Times: user=0.06 sys=0.00, real=0.05 secs] 
2021-01-22T21:02:35.616-0800: 204.184: [GC (Allocation Failure) 2021-01-22T21:02:35.616-0800: 204.184: [DefNew: 279616K->34943K(314560K), 0.0109103 secs] 706219K->510395K(1013632K), 0.0110131 secs] [Times: user=0.01 sys=0.00, real=0.01 secs] 
2021-01-22T21:02:35.659-0800: 204.226: [GC (Allocation Failure) 2021-01-22T21:02:35.659-0800: 204.226: [DefNew: 314559K->34943K(314560K), 0.0153772 secs] 790011K->590961K(1013632K), 0.0154671 secs] [Times: user=0.01 sys=0.00, real=0.02 secs] 
2021-01-22T21:02:35.706-0800: 204.274: [GC (Allocation Failure) 2021-01-22T21:02:35.706-0800: 204.274: [DefNew: 314559K->34940K(314560K), 0.0163338 secs] 870577K->675626K(1013632K), 0.0164232 secs] [Times: user=0.02 sys=0.00, real=0.02 secs] 
2021-01-22T21:02:35.754-0800: 204.321: [GC (Allocation Failure) 2021-01-22T21:02:35.754-0800: 204.322: [DefNew: 314556K->314556K(314560K), 0.0000199 secs]2021-01-22T21:02:35.754-0800: 204.322: [Tenured: 640685K->381467K(699072K), 0.0509693 secs] 955242K->381467K(1013632K), [Metaspace: 2698K->2698K(1056768K)], 0.0510924 secs] [Times: user=0.05 sys=0.00, real=0.05 secs] 
2021-01-22T21:02:35.838-0800: 204.405: [GC (Allocation Failure) 2021-01-22T21:02:35.838-0800: 204.406: [DefNew: 279616K->34941K(314560K), 0.0124960 secs] 661083K->476014K(1013632K), 0.0125863 secs] [Times: user=0.02 sys=0.00, real=0.02 secs] 
2021-01-22T21:02:35.882-0800: 204.449: [GC (Allocation Failure) 2021-01-22T21:02:35.882-0800: 204.449: [DefNew: 314557K->34944K(314560K), 0.0154736 secs] 755630K->557078K(1013632K), 0.0155624 secs] [Times: user=0.01 sys=0.00, real=0.01 secs] 
2021-01-22T21:02:35.928-0800: 204.495: [GC (Allocation Failure) 2021-01-22T21:02:35.928-0800: 204.495: [DefNew: 314560K->34943K(314560K), 0.0147955 secs] 836694K->634277K(1013632K), 0.0148910 secs] [Times: user=0.01 sys=0.00, real=0.02 secs] 
2021-01-22T21:02:35.973-0800: 204.541: [GC (Allocation Failure) 2021-01-22T21:02:35.973-0800: 204.541: [DefNew: 314559K->314559K(314560K), 0.0000197 secs]2021-01-22T21:02:35.973-0800: 204.541: [Tenured: 599333K->421677K(699072K), 0.0485486 secs] 913893K->421677K(1013632K), [Metaspace: 2698K->2698K(1056768K)], 0.0486736 secs] [Times: user=0.05 sys=0.00, real=0.05 secs] 
2021-01-22T21:02:36.055-0800: 204.623: [GC (Allocation Failure) 2021-01-22T21:02:36.055-0800: 204.623: [DefNew: 279616K->34942K(314560K), 0.0107771 secs] 701293K->501698K(1013632K), 0.0108876 secs] [Times: user=0.02 sys=0.00, real=0.01 secs] 
2021-01-22T21:02:36.098-0800: 204.665: [GC (Allocation Failure) 2021-01-22T21:02:36.098-0800: 204.665: [DefNew: 314558K->34943K(314560K), 0.0134815 secs] 781314K->569600K(1013632K), 0.0135755 secs] [Times: user=0.01 sys=0.00, real=0.02 secs] 
2021-01-22T21:02:36.142-0800: 204.710: [GC (Allocation Failure) 2021-01-22T21:02:36.143-0800: 204.710: [DefNew: 314559K->34943K(314560K), 0.0150481 secs] 849216K->646678K(1013632K), 0.0151385 secs] [Times: user=0.01 sys=0.00, real=0.01 secs] 
2021-01-22T21:02:36.189-0800: 204.756: [GC (Allocation Failure) 2021-01-22T21:02:36.189-0800: 204.756: [DefNew: 314559K->314559K(314560K), 0.0000190 secs]2021-01-22T21:02:36.189-0800: 204.756: [Tenured: 611734K->407644K(699072K), 0.0503863 secs] 926294K->407644K(1013632K), [Metaspace: 2698K->2698K(1056768K)], 0.0505175 secs] [Times: user=0.05 sys=0.00, real=0.05 secs] 
2021-01-22T21:02:36.274-0800: 204.842: [GC (Allocation Failure) 2021-01-22T21:02:36.275-0800: 204.842: [DefNew: 279616K->34943K(314560K), 0.0112350 secs] 687260K->489809K(1013632K), 0.0112973 secs] [Times: user=0.01 sys=0.00, real=0.01 secs] 
2021-01-22T21:02:36.322-0800: 204.890: [GC (Allocation Failure) 2021-01-22T21:02:36.322-0800: 204.890: [DefNew: 314559K->34943K(314560K), 0.0157389 secs] 769425K->573272K(1013632K), 0.0158298 secs] [Times: user=0.02 sys=0.00, real=0.01 secs] 
2021-01-22T21:02:36.370-0800: 204.937: [GC (Allocation Failure) 2021-01-22T21:02:36.370-0800: 204.937: [DefNew: 314158K->34943K(314560K), 0.0148937 secs] 852486K->649968K(1013632K), 0.0149861 secs] [Times: user=0.01 sys=0.00, real=0.01 secs] 
2021-01-22T21:02:36.415-0800: 204.982: [GC (Allocation Failure) 2021-01-22T21:02:36.415-0800: 204.982: [DefNew: 314559K->314559K(314560K), 0.0000197 secs]2021-01-22T21:02:36.415-0800: 204.982: [Tenured: 615025K->401996K(699072K), 0.0500921 secs] 929584K->401996K(1013632K), [Metaspace: 2698K->2698K(1056768K)], 0.0502108 secs] [Times: user=0.05 sys=0.00, real=0.05 secs] 
2021-01-22T21:02:36.497-0800: 205.065: [GC (Allocation Failure) 2021-01-22T21:02:36.497-0800: 205.065: [DefNew: 279616K->34943K(314560K), 0.0122022 secs] 681612K->493604K(1013632K), 0.0122907 secs] [Times: user=0.02 sys=0.00, real=0.02 secs] 
2021-01-22T21:02:36.540-0800: 205.108: [GC (Allocation Failure) 2021-01-22T21:02:36.540-0800: 205.108: [DefNew: 314559K->34943K(314560K), 0.0151449 secs] 773220K->573629K(1013632K), 0.0152337 secs] [Times: user=0.01 sys=0.00, real=0.01 secs] 
2021-01-22T21:02:36.588-0800: 205.155: [GC (Allocation Failure) 2021-01-22T21:02:36.588-0800: 205.155: [DefNew: 314559K->34943K(314560K), 0.0154271 secs] 853245K->652547K(1013632K), 0.0155164 secs] [Times: user=0.02 sys=0.00, real=0.02 secs] 
2021-01-22T21:02:36.636-0800: 205.204: [GC (Allocation Failure) 2021-01-22T21:02:36.636-0800: 205.204: [DefNew: 314559K->314559K(314560K), 0.0000193 secs]2021-01-22T21:02:36.636-0800: 205.204: [Tenured: 617603K->381805K(699072K), 0.0511727 secs] 932163K->381805K(1013632K), [Metaspace: 2698K->2698K(1056768K)], 0.0512927 secs] [Times: user=0.05 sys=0.00, real=0.05 secs] 
2021-01-22T21:02:36.719-0800: 205.287: [GC (Allocation Failure) 2021-01-22T21:02:36.720-0800: 205.287: [DefNew: 279616K->34943K(314560K), 0.0114116 secs] 661421K->463106K(1013632K), 0.0115007 secs] [Times: user=0.01 sys=0.00, real=0.02 secs] 
2021-01-22T21:02:36.761-0800: 205.329: [GC (Allocation Failure) 2021-01-22T21:02:36.761-0800: 205.329: [DefNew: 314559K->34943K(314560K), 0.0143440 secs] 742722K->537415K(1013632K), 0.0144744 secs] [Times: user=0.01 sys=0.00, real=0.01 secs] 
2021-01-22T21:02:36.807-0800: 205.375: [GC (Allocation Failure) 2021-01-22T21:02:36.807-0800: 205.375: [DefNew: 314559K->34943K(314560K), 0.0142672 secs] 817031K->609935K(1013632K), 0.0143603 secs] [Times: user=0.01 sys=0.00, real=0.02 secs] 
2021-01-22T21:02:36.852-0800: 205.419: [GC (Allocation Failure) 2021-01-22T21:02:36.852-0800: 205.419: [DefNew: 314559K->34944K(314560K), 0.0144205 secs] 889551K->686329K(1013632K), 0.0145170 secs] [Times: user=0.01 sys=0.00, real=0.01 secs] 
2021-01-22T21:02:36.896-0800: 205.463: [GC (Allocation Failure) 2021-01-22T21:02:36.896-0800: 205.463: [DefNew: 314560K->314560K(314560K), 0.0000205 secs]2021-01-22T21:02:36.896-0800: 205.463: [Tenured: 651385K->413178K(699072K), 0.0496288 secs] 965945K->413178K(1013632K), [Metaspace: 2698K->2698K(1056768K)], 0.0497483 secs] [Times: user=0.05 sys=0.00, real=0.05 secs] 
2021-01-22T21:02:36.978-0800: 205.545: [GC (Allocation Failure) 2021-01-22T21:02:36.978-0800: 205.545: [DefNew: 279616K->34944K(314560K), 0.0117065 secs] 692794K->503218K(1013632K), 0.0117998 secs] [Times: user=0.01 sys=0.00, real=0.02 secs] 
2021-01-22T21:02:37.021-0800: 205.588: [GC (Allocation Failure) 2021-01-22T21:02:37.021-0800: 205.588: [DefNew: 314560K->34943K(314560K), 0.0161298 secs] 782834K->589146K(1013632K), 0.0162364 secs] [Times: user=0.02 sys=0.00, real=0.01 secs] 
2021-01-22T21:02:37.067-0800: 205.635: [GC (Allocation Failure) 2021-01-22T21:02:37.067-0800: 205.635: [DefNew: 314377K->34944K(314560K), 0.0150937 secs] 868580K->665662K(1013632K), 0.0151789 secs] [Times: user=0.01 sys=0.00, real=0.02 secs] 
2021-01-22T21:02:37.115-0800: 205.683: [GC (Allocation Failure) 2021-01-22T21:02:37.115-0800: 205.683: [DefNew: 314560K->314560K(314560K), 0.0000300 secs]2021-01-22T21:02:37.115-0800: 205.683: [Tenured: 630718K->412359K(699072K), 0.0501459 secs] 945278K->412359K(1013632K), [Metaspace: 2698K->2698K(1056768K)], 0.0503294 secs] [Times: user=0.04 sys=0.00, real=0.05 secs] 
2021-01-22T21:02:37.197-0800: 205.764: [GC (Allocation Failure) 2021-01-22T21:02:37.197-0800: 205.764: [DefNew: 279616K->34943K(314560K), 0.0115179 secs] 691975K->501644K(1013632K), 0.0116079 secs] [Times: user=0.01 sys=0.00, real=0.01 secs] 
2021-01-22T21:02:37.242-0800: 205.810: [GC (Allocation Failure) 2021-01-22T21:02:37.242-0800: 205.810: [DefNew: 314559K->34942K(314560K), 0.0149481 secs] 781260K->580223K(1013632K), 0.0150405 secs] [Times: user=0.01 sys=0.00, real=0.01 secs] 
2021-01-22T21:02:37.287-0800: 205.855: [GC (Allocation Failure) 2021-01-22T21:02:37.287-0800: 205.855: [DefNew: 314558K->34943K(314560K), 0.0158391 secs] 859839K->662664K(1013632K), 0.0159330 secs] [Times: user=0.02 sys=0.00, real=0.02 secs] 
2021-01-22T21:02:37.336-0800: 205.903: [GC (Allocation Failure) 2021-01-22T21:02:37.336-0800: 205.903: [DefNew: 314559K->314559K(314560K), 0.0000217 secs]2021-01-22T21:02:37.336-0800: 205.903: [Tenured: 627720K->398296K(699072K), 0.0494483 secs] 942280K->398296K(1013632K), [Metaspace: 2698K->2698K(1056768K)], 0.0495855 secs] [Times: user=0.05 sys=0.00, real=0.05 secs] 
2021-01-22T21:02:37.417-0800: 205.984: [GC (Allocation Failure) 2021-01-22T21:02:37.417-0800: 205.984: [DefNew: 279616K->34943K(314560K), 0.0125360 secs] 677912K->489587K(1013632K), 0.0126437 secs] [Times: user=0.01 sys=0.00, real=0.02 secs] 
2021-01-22T21:02:37.461-0800: 206.028: [GC (Allocation Failure) 2021-01-22T21:02:37.461-0800: 206.028: [DefNew: 314559K->34943K(314560K), 0.0141502 secs] 769203K->563271K(1013632K), 0.0142390 secs] [Times: user=0.02 sys=0.00, real=0.01 secs] 
2021-01-22T21:02:37.505-0800: 206.073: [GC (Allocation Failure) 2021-01-22T21:02:37.505-0800: 206.073: [DefNew: 314559K->34944K(314560K), 0.0151038 secs] 842887K->643524K(1013632K), 0.0151948 secs] [Times: user=0.01 sys=0.00, real=0.02 secs] 
2021-01-22T21:02:37.552-0800: 206.119: [GC (Allocation Failure) 2021-01-22T21:02:37.552-0800: 206.120: [DefNew: 314560K->314560K(314560K), 0.0000209 secs]2021-01-22T21:02:37.552-0800: 206.120: [Tenured: 608580K->368857K(699072K), 0.0496552 secs] 923140K->368857K(1013632K), [Metaspace: 2698K->2698K(1056768K)], 0.0497794 secs] [Times: user=0.05 sys=0.00, real=0.05 secs] 
2021-01-22T21:02:37.634-0800: 206.201: [GC (Allocation Failure) 2021-01-22T21:02:37.634-0800: 206.201: [DefNew: 279616K->34942K(314560K), 0.0121104 secs] 648473K->461095K(1013632K), 0.0121962 secs] [Times: user=0.01 sys=0.00, real=0.01 secs] 
2021-01-22T21:02:37.675-0800: 206.242: [GC (Allocation Failure) 2021-01-22T21:02:37.675-0800: 206.242: [DefNew: 314558K->34943K(314560K), 0.0154179 secs] 740711K->543951K(1013632K), 0.0155055 secs] [Times: user=0.02 sys=0.00, real=0.02 secs] 
2021-01-22T21:02:37.723-0800: 206.290: [GC (Allocation Failure) 2021-01-22T21:02:37.723-0800: 206.290: [DefNew: 314559K->34943K(314560K), 0.0151378 secs] 823567K->625908K(1013632K), 0.0152388 secs] [Times: user=0.01 sys=0.00, real=0.01 secs] 
2021-01-22T21:02:37.767-0800: 206.334: [GC (Allocation Failure) 2021-01-22T21:02:37.767-0800: 206.334: [DefNew: 314559K->314559K(314560K), 0.0000197 secs]2021-01-22T21:02:37.767-0800: 206.334: [Tenured: 590965K->418439K(699072K), 0.0508653 secs] 905524K->418439K(1013632K), [Metaspace: 2698K->2698K(1056768K)], 0.0510010 secs] [Times: user=0.05 sys=0.00, real=0.05 secs] 
2021-01-22T21:02:37.849-0800: 206.417: [GC (Allocation Failure) 2021-01-22T21:02:37.849-0800: 206.417: [DefNew: 279455K->34943K(314560K), 0.0120850 secs] 697894K->511288K(1013632K), 0.0121753 secs] [Times: user=0.01 sys=0.00, real=0.02 secs] 
2021-01-22T21:02:37.893-0800: 206.460: [GC (Allocation Failure) 2021-01-22T21:02:37.893-0800: 206.460: [DefNew: 314559K->34943K(314560K), 0.0151891 secs] 790904K->592692K(1013632K), 0.0152947 secs] [Times: user=0.02 sys=0.00, real=0.01 secs] 
2021-01-22T21:02:37.941-0800: 206.509: [GC (Allocation Failure) 2021-01-22T21:02:37.941-0800: 206.509: [DefNew: 314559K->34943K(314560K), 0.0150734 secs] 872308K->671302K(1013632K), 0.0151744 secs] [Times: user=0.02 sys=0.00, real=0.01 secs] 
2021-01-22T21:02:37.988-0800: 206.555: [GC (Allocation Failure) 2021-01-22T21:02:37.988-0800: 206.555: [DefNew: 314559K->314559K(314560K), 0.0000192 secs]2021-01-22T21:02:37.988-0800: 206.555: [Tenured: 636358K->413514K(699072K), 0.0505646 secs] 950918K->413514K(1013632K), [Metaspace: 2698K->2698K(1056768K)], 0.0506866 secs] [Times: user=0.04 sys=0.01, real=0.05 secs] 
2021-01-22T21:02:38.073-0800: 206.640: [GC (Allocation Failure) 2021-01-22T21:02:38.073-0800: 206.640: [DefNew: 279616K->34943K(314560K), 0.0109011 secs] 693130K->496247K(1013632K), 0.0109882 secs] [Times: user=0.01 sys=0.00, real=0.01 secs] 
2021-01-22T21:02:38.114-0800: 206.681: [GC (Allocation Failure) 2021-01-22T21:02:38.114-0800: 206.681: [DefNew: 314559K->34942K(314560K), 0.0165553 secs] 775863K->579800K(1013632K), 0.0166666 secs] [Times: user=0.01 sys=0.00, real=0.02 secs] 
2021-01-22T21:02:38.160-0800: 206.727: [GC (Allocation Failure) 2021-01-22T21:02:38.160-0800: 206.727: [DefNew: 314558K->34943K(314560K), 0.0158121 secs] 859416K->665689K(1013632K), 0.0159038 secs] [Times: user=0.02 sys=0.00, real=0.01 secs] 
2021-01-22T21:02:38.209-0800: 206.776: [GC (Allocation Failure) 2021-01-22T21:02:38.209-0800: 206.776: [DefNew: 314559K->314559K(314560K), 0.0000190 secs]2021-01-22T21:02:38.209-0800: 206.776: [Tenured: 630745K->419833K(699072K), 0.0525973 secs] 945305K->419833K(1013632K), [Metaspace: 2698K->2698K(1056768K)], 0.0527120 secs] [Times: user=0.05 sys=0.00, real=0.06 secs] 
2021-01-22T21:02:38.331-0800: 206.898: [GC (Allocation Failure) 2021-01-22T21:02:38.331-0800: 206.898: [DefNew: 279616K->34943K(314560K), 0.0148736 secs] 699449K->520521K(1013632K), 0.0149937 secs] [Times: user=0.02 sys=0.00, real=0.01 secs] 
2021-01-22T21:02:38.398-0800: 206.965: [GC (Allocation Failure) 2021-01-22T21:02:38.398-0800: 206.966: [DefNew: 314559K->34944K(314560K), 0.0330090 secs] 800137K->605273K(1013632K), 0.0333217 secs] [Times: user=0.02 sys=0.00, real=0.04 secs] 
2021-01-22T21:02:38.476-0800: 207.043: [GC (Allocation Failure) 2021-01-22T21:02:38.476-0800: 207.043: [DefNew: 314560K->34943K(314560K), 0.0170114 secs] 884889K->688034K(1013632K), 0.0171039 secs] [Times: user=0.02 sys=0.00, real=0.02 secs] 
2021-01-22T21:02:38.526-0800: 207.093: [GC (Allocation Failure) 2021-01-22T21:02:38.526-0800: 207.093: [DefNew: 314559K->314559K(314560K), 0.0000284 secs]2021-01-22T21:02:38.526-0800: 207.093: [Tenured: 653090K->392115K(699072K), 0.0622055 secs] 967650K->392115K(1013632K), [Metaspace: 2698K->2698K(1056768K)], 0.0623536 secs] [Times: user=0.06 sys=0.00, real=0.06 secs] 
2021-01-22T21:02:38.620-0800: 207.188: [GC (Allocation Failure) 2021-01-22T21:02:38.620-0800: 207.188: [DefNew: 279616K->34944K(314560K), 0.0115472 secs] 671731K->477619K(1013632K), 0.0116362 secs] [Times: user=0.01 sys=0.00, real=0.01 secs] 
2021-01-22T21:02:38.663-0800: 207.231: [GC (Allocation Failure) 2021-01-22T21:02:38.664-0800: 207.231: [DefNew: 314560K->34942K(314560K), 0.0138334 secs] 757235K->545337K(1013632K), 0.0139266 secs] [Times: user=0.01 sys=0.00, real=0.01 secs] 
2021-01-22T21:02:38.709-0800: 207.276: [GC (Allocation Failure) 2021-01-22T21:02:38.709-0800: 207.276: [DefNew: 314558K->34943K(314560K), 0.0157842 secs] 824953K->626956K(1013632K), 0.0158748 secs] [Times: user=0.02 sys=0.00, real=0.02 secs] 
2021-01-22T21:02:38.756-0800: 207.323: [GC (Allocation Failure) 2021-01-22T21:02:38.756-0800: 207.323: [DefNew: 314559K->314559K(314560K), 0.0000218 secs]2021-01-22T21:02:38.756-0800: 207.323: [Tenured: 592013K->407710K(699072K), 0.0563190 secs] 906572K->407710K(1013632K), [Metaspace: 2698K->2698K(1056768K)], 0.0564651 secs] [Times: user=0.05 sys=0.00, real=0.06 secs] 
2021-01-22T21:02:38.848-0800: 207.415: [GC (Allocation Failure) 2021-01-22T21:02:38.848-0800: 207.415: [DefNew: 279616K->34943K(314560K), 0.0162475 secs] 687326K->499841K(1013632K), 0.0164974 secs] [Times: user=0.01 sys=0.00, real=0.02 secs] 
2021-01-22T21:02:38.901-0800: 207.469: [GC (Allocation Failure) 2021-01-22T21:02:38.901-0800: 207.469: [DefNew: 314559K->34944K(314560K), 0.0159003 secs] 779457K->583022K(1013632K), 0.0159894 secs] [Times: user=0.01 sys=0.00, real=0.01 secs] 
2021-01-22T21:02:38.949-0800: 207.517: [GC (Allocation Failure) 2021-01-22T21:02:38.949-0800: 207.517: [DefNew: 314486K->34943K(314560K), 0.0149286 secs] 862565K->658819K(1013632K), 0.0150216 secs] [Times: user=0.02 sys=0.00, real=0.02 secs] 
2021-01-22T21:02:38.996-0800: 207.563: [GC (Allocation Failure) 2021-01-22T21:02:38.996-0800: 207.563: [DefNew: 314550K->314550K(314560K), 0.0000360 secs]2021-01-22T21:02:38.996-0800: 207.563: [Tenured: 623876K->419877K(699072K), 0.0529756 secs] 938426K->419877K(1013632K), [Metaspace: 2698K->2698K(1056768K)], 0.0531475 secs] [Times: user=0.05 sys=0.00, real=0.05 secs] 
2021-01-22T21:02:39.081-0800: 207.648: [GC (Allocation Failure) 2021-01-22T21:02:39.081-0800: 207.648: [DefNew: 279616K->34943K(314560K), 0.0120951 secs] 699493K->509955K(1013632K), 0.0121862 secs] [Times: user=0.01 sys=0.00, real=0.01 secs] 
2021-01-22T21:02:39.127-0800: 207.694: [GC (Allocation Failure) 2021-01-22T21:02:39.127-0800: 207.694: [DefNew: 314559K->34943K(314560K), 0.0152815 secs] 789571K->586282K(1013632K), 0.0154097 secs] [Times: user=0.02 sys=0.00, real=0.02 secs] 
2021-01-22T21:02:39.174-0800: 207.741: [GC (Allocation Failure) 2021-01-22T21:02:39.174-0800: 207.741: [DefNew: 314559K->34943K(314560K), 0.0158547 secs] 865898K->671592K(1013632K), 0.0159611 secs] [Times: user=0.01 sys=0.00, real=0.02 secs] 
2021-01-22T21:02:39.225-0800: 207.792: [GC (Allocation Failure) 2021-01-22T21:02:39.225-0800: 207.792: [DefNew: 314423K->314423K(314560K), 0.0000220 secs]2021-01-22T21:02:39.225-0800: 207.792: [Tenured: 636648K->398168K(699072K), 0.0486476 secs] 951072K->398168K(1013632K), [Metaspace: 2698K->2698K(1056768K)], 0.0487807 secs] [Times: user=0.05 sys=0.00, real=0.05 secs] 
2021-01-22T21:02:39.311-0800: 207.879: [GC (Allocation Failure) 2021-01-22T21:02:39.311-0800: 207.879: [DefNew: 279616K->34943K(314560K), 0.0115185 secs] 677784K->487144K(1013632K), 0.0116118 secs] [Times: user=0.01 sys=0.00, real=0.01 secs] 
2021-01-22T21:02:39.353-0800: 207.920: [GC (Allocation Failure) 2021-01-22T21:02:39.353-0800: 207.920: [DefNew: 314559K->34944K(314560K), 0.0159438 secs] 766760K->568245K(1013632K), 0.0160406 secs] [Times: user=0.02 sys=0.00, real=0.01 secs] 
2021-01-22T21:02:39.407-0800: 207.974: [GC (Allocation Failure) 2021-01-22T21:02:39.407-0800: 207.974: [DefNew: 314362K->34943K(314560K), 0.0149982 secs] 847663K->649134K(1013632K), 0.0150923 secs] [Times: user=0.02 sys=0.00, real=0.02 secs] 
2021-01-22T21:02:39.453-0800: 208.020: [GC (Allocation Failure) 2021-01-22T21:02:39.453-0800: 208.020: [DefNew: 314559K->314559K(314560K), 0.0000214 secs]2021-01-22T21:02:39.453-0800: 208.020: [Tenured: 614190K->373846K(699072K), 0.0498615 secs] 928750K->373846K(1013632K), [Metaspace: 2698K->2698K(1056768K)], 0.0499942 secs] [Times: user=0.05 sys=0.00, real=0.05 secs] 
2021-01-22T21:02:39.535-0800: 208.103: [GC (Allocation Failure) 2021-01-22T21:02:39.535-0800: 208.103: [DefNew: 279616K->34943K(314560K), 0.0111115 secs] 653462K->458237K(1013632K), 0.0112030 secs] [Times: user=0.01 sys=0.00, real=0.01 secs] 
2021-01-22T21:02:39.580-0800: 208.147: [GC (Allocation Failure) 2021-01-22T21:02:39.580-0800: 208.147: [DefNew: 314559K->34943K(314560K), 0.0148926 secs] 737853K->535332K(1013632K), 0.0149855 secs] [Times: user=0.02 sys=0.00, real=0.01 secs] 
2021-01-22T21:02:39.626-0800: 208.194: [GC (Allocation Failure) 2021-01-22T21:02:39.627-0800: 208.194: [DefNew: 314559K->34943K(314560K), 0.0143085 secs] 814948K->610909K(1013632K), 0.0144002 secs] [Times: user=0.01 sys=0.00, real=0.02 secs] 
2021-01-22T21:02:39.672-0800: 208.240: [GC (Allocation Failure) 2021-01-22T21:02:39.672-0800: 208.240: [DefNew: 314559K->34944K(314560K), 0.0157160 secs] 890525K->691987K(1013632K), 0.0158270 secs] [Times: user=0.02 sys=0.00, real=0.01 secs] 
2021-01-22T21:02:39.719-0800: 208.287: [GC (Allocation Failure) 2021-01-22T21:02:39.719-0800: 208.287: [DefNew: 313899K->313899K(314560K), 0.0000212 secs]2021-01-22T21:02:39.719-0800: 208.287: [Tenured: 657043K->402751K(699072K), 0.0475276 secs] 970943K->402751K(1013632K), [Metaspace: 2698K->2698K(1056768K)], 0.0476557 secs] [Times: user=0.04 sys=0.00, real=0.05 secs] 
2021-01-22T21:02:39.805-0800: 208.372: [GC (Allocation Failure) 2021-01-22T21:02:39.805-0800: 208.372: [DefNew: 279616K->34943K(314560K), 0.0121365 secs] 682367K->495778K(1013632K), 0.0122256 secs] [Times: user=0.01 sys=0.00, real=0.01 secs] 
2021-01-22T21:02:39.848-0800: 208.415: [GC (Allocation Failure) 2021-01-22T21:02:39.848-0800: 208.415: [DefNew: 314559K->34942K(314560K), 0.0148638 secs] 775394K->568495K(1013632K), 0.0149586 secs] [Times: user=0.02 sys=0.00, real=0.02 secs] 
2021-01-22T21:02:39.901-0800: 208.469: [GC (Allocation Failure) 2021-01-22T21:02:39.902-0800: 208.469: [DefNew: 314558K->34943K(314560K), 0.0143446 secs] 848111K->644490K(1013632K), 0.0144384 secs] [Times: user=0.01 sys=0.00, real=0.01 secs] 
2021-01-22T21:02:39.948-0800: 208.515: [GC (Allocation Failure) 2021-01-22T21:02:39.948-0800: 208.515: [DefNew: 314559K->314559K(314560K), 0.0000238 secs]2021-01-22T21:02:39.948-0800: 208.515: [Tenured: 609546K->393273K(699072K), 0.0482646 secs] 924106K->393273K(1013632K), [Metaspace: 2698K->2698K(1056768K)], 0.0484476 secs] [Times: user=0.05 sys=0.00, real=0.05 secs] 
2021-01-22T21:02:40.029-0800: 208.596: [GC (Allocation Failure) 2021-01-22T21:02:40.029-0800: 208.596: [DefNew: 279605K->34944K(314560K), 0.0116262 secs] 672878K->479446K(1013632K), 0.0117178 secs] [Times: user=0.01 sys=0.01, real=0.02 secs] 
2021-01-22T21:02:40.072-0800: 208.639: [GC (Allocation Failure) 2021-01-22T21:02:40.072-0800: 208.639: [DefNew: 314560K->34943K(314560K), 0.0156578 secs] 759062K->561679K(1013632K), 0.0157528 secs] [Times: user=0.01 sys=0.00, real=0.01 secs] 
2021-01-22T21:02:40.118-0800: 208.686: [GC (Allocation Failure) 2021-01-22T21:02:40.118-0800: 208.686: [DefNew: 314559K->34943K(314560K), 0.0143329 secs] 841295K->637998K(1013632K), 0.0144547 secs] [Times: user=0.01 sys=0.00, real=0.02 secs] 
2021-01-22T21:02:40.165-0800: 208.732: [GC (Allocation Failure) 2021-01-22T21:02:40.165-0800: 208.732: [DefNew: 314559K->314559K(314560K), 0.0000230 secs]2021-01-22T21:02:40.165-0800: 208.732: [Tenured: 603054K->409039K(699072K), 0.0500674 secs] 917614K->409039K(1013632K), [Metaspace: 2698K->2698K(1056768K)], 0.0502063 secs] [Times: user=0.05 sys=0.00, real=0.05 secs] 
2021-01-22T21:02:40.247-0800: 208.815: [GC (Allocation Failure) 2021-01-22T21:02:40.247-0800: 208.815: [DefNew: 279616K->34943K(314560K), 0.0124164 secs] 688655K->500794K(1013632K), 0.0125121 secs] [Times: user=0.01 sys=0.00, real=0.02 secs] 
2021-01-22T21:02:40.290-0800: 208.857: [GC (Allocation Failure) 2021-01-22T21:02:40.290-0800: 208.857: [DefNew: 314559K->34943K(314560K), 0.0225928 secs] 780410K->582688K(1013632K), 0.0226981 secs] [Times: user=0.02 sys=0.00, real=0.02 secs] 
2021-01-22T21:02:40.344-0800: 208.911: [GC (Allocation Failure) 2021-01-22T21:02:40.344-0800: 208.911: [DefNew: 314559K->34943K(314560K), 0.0150540 secs] 862304K->659019K(1013632K), 0.0151519 secs] [Times: user=0.02 sys=0.00, real=0.01 secs] 
2021-01-22T21:02:40.400-0800: 208.968: [GC (Allocation Failure) 2021-01-22T21:02:40.400-0800: 208.968: [DefNew: 314559K->314559K(314560K), 0.0000221 secs]2021-01-22T21:02:40.400-0800: 208.968: [Tenured: 624075K->375146K(699072K), 0.0510860 secs] 938635K->375146K(1013632K), [Metaspace: 2698K->2698K(1056768K)], 0.0512180 secs] [Times: user=0.05 sys=0.00, real=0.05 secs] 
2021-01-22T21:02:40.485-0800: 209.052: [GC (Allocation Failure) 2021-01-22T21:02:40.485-0800: 209.052: [DefNew: 279616K->34942K(314560K), 0.0110658 secs] 654762K->458296K(1013632K), 0.0111740 secs] [Times: user=0.01 sys=0.00, real=0.01 secs] 
2021-01-22T21:02:40.527-0800: 209.094: [GC (Allocation Failure) 2021-01-22T21:02:40.527-0800: 209.094: [DefNew: 314558K->34943K(314560K), 0.0165019 secs] 737912K->545560K(1013632K), 0.0165926 secs] [Times: user=0.02 sys=0.00, real=0.02 secs] 
2021-01-22T21:02:40.577-0800: 209.144: [GC (Allocation Failure) 2021-01-22T21:02:40.577-0800: 209.145: [DefNew: 314559K->34943K(314560K), 0.0180603 secs] 825176K->624691K(1013632K), 0.0181725 secs] [Times: user=0.01 sys=0.00, real=0.02 secs] 
2021-01-22T21:02:40.629-0800: 209.196: [GC (Allocation Failure) 2021-01-22T21:02:40.629-0800: 209.196: [DefNew: 314559K->314559K(314560K), 0.0000607 secs]2021-01-22T21:02:40.629-0800: 209.196: [Tenured: 589747K->417480K(699072K), 0.0491509 secs] 904307K->417480K(1013632K), [Metaspace: 2698K->2698K(1056768K)], 0.0493544 secs] [Times: user=0.04 sys=0.01, real=0.05 secs] 
2021-01-22T21:02:40.710-0800: 209.278: [GC (Allocation Failure) 2021-01-22T21:02:40.711-0800: 209.278: [DefNew: 279616K->34944K(314560K), 0.0105492 secs] 697096K->497675K(1013632K), 0.0106643 secs] [Times: user=0.01 sys=0.00, real=0.01 secs] 
2021-01-22T21:02:40.753-0800: 209.321: [GC (Allocation Failure) 2021-01-22T21:02:40.753-0800: 209.321: [DefNew: 314560K->34943K(314560K), 0.0147064 secs] 777291K->573855K(1013632K), 0.0148005 secs] [Times: user=0.01 sys=0.00, real=0.01 secs] 
2021-01-22T21:02:40.801-0800: 209.369: [GC (Allocation Failure) 2021-01-22T21:02:40.801-0800: 209.369: [DefNew: 314559K->34942K(314560K), 0.0426179 secs] 853471K->655367K(1013632K), 0.0428262 secs] [Times: user=0.04 sys=0.00, real=0.04 secs] 
2021-01-22T21:02:40.915-0800: 209.482: [GC (Allocation Failure) 2021-01-22T21:02:40.915-0800: 209.482: [DefNew: 314558K->314558K(314560K), 0.0000729 secs]2021-01-22T21:02:40.915-0800: 209.482: [Tenured: 620425K->403070K(699072K), 0.0786121 secs] 934983K->403070K(1013632K), [Metaspace: 2698K->2698K(1056768K)], 0.0792860 secs] [Times: user=0.07 sys=0.00, real=0.08 secs] 
2021-01-22T21:02:41.045-0800: 209.612: [GC (Allocation Failure) 2021-01-22T21:02:41.045-0800: 209.612: [DefNew: 279616K->34943K(314560K), 0.0174153 secs] 682686K->490311K(1013632K), 0.0175124 secs] [Times: user=0.01 sys=0.00, real=0.02 secs] 
2021-01-22T21:02:41.100-0800: 209.668: [GC (Allocation Failure) 2021-01-22T21:02:41.100-0800: 209.668: [DefNew: 314559K->34942K(314560K), 0.0173211 secs] 769927K->561596K(1013632K), 0.0174801 secs] [Times: user=0.01 sys=0.00, real=0.01 secs] 
2021-01-22T21:02:41.175-0800: 209.742: [GC (Allocation Failure) 2021-01-22T21:02:41.175-0800: 209.742: [DefNew: 314558K->34943K(314560K), 0.0152915 secs] 841212K->644664K(1013632K), 0.0153828 secs] [Times: user=0.02 sys=0.00, real=0.02 secs] 
2021-01-22T21:02:41.245-0800: 209.813: [GC (Allocation Failure) 2021-01-22T21:02:41.245-0800: 209.813: [DefNew: 314559K->314559K(314560K), 0.0000230 secs]2021-01-22T21:02:41.245-0800: 209.813: [Tenured: 609720K->411730K(699072K), 0.1169766 secs] 924280K->411730K(1013632K), [Metaspace: 2698K->2698K(1056768K)], 0.1171092 secs] [Times: user=0.10 sys=0.00, real=0.12 secs] 
2021-01-22T21:02:41.424-0800: 209.991: [GC (Allocation Failure) 2021-01-22T21:02:41.424-0800: 209.991: [DefNew: 279616K->34943K(314560K), 0.0208708 secs] 691346K->496408K(1013632K), 0.0210858 secs] [Times: user=0.02 sys=0.00, real=0.02 secs] 
2021-01-22T21:02:41.517-0800: 210.084: [GC (Allocation Failure) 2021-01-22T21:02:41.517-0800: 210.084: [DefNew: 314512K->34943K(314560K), 0.0325444 secs] 775977K->581107K(1013632K), 0.0326581 secs] [Times: user=0.03 sys=0.00, real=0.04 secs] 
2021-01-22T21:02:41.593-0800: 210.160: [GC (Allocation Failure) 2021-01-22T21:02:41.593-0800: 210.160: [DefNew: 314559K->34943K(314560K), 0.0145726 secs] 860723K->655459K(1013632K), 0.0146622 secs] [Times: user=0.01 sys=0.01, real=0.01 secs] 
2021-01-22T21:02:41.639-0800: 210.206: [GC (Allocation Failure) 2021-01-22T21:02:41.639-0800: 210.206: [DefNew: 314559K->314559K(314560K), 0.0000211 secs]2021-01-22T21:02:41.639-0800: 210.206: [Tenured: 620515K->368363K(699072K), 0.0483432 secs] 935075K->368363K(1013632K), [Metaspace: 2698K->2698K(1056768K)], 0.0484739 secs] [Times: user=0.05 sys=0.00, real=0.05 secs] 
2021-01-22T21:02:41.719-0800: 210.286: [GC (Allocation Failure) 2021-01-22T21:02:41.719-0800: 210.286: [DefNew: 279616K->34943K(314560K), 0.0113100 secs] 647979K->449590K(1013632K), 0.0114007 secs] [Times: user=0.01 sys=0.00, real=0.02 secs] 
2021-01-22T21:02:41.760-0800: 210.327: [GC (Allocation Failure) 2021-01-22T21:02:41.760-0800: 210.327: [DefNew: 314559K->34943K(314560K), 0.0153966 secs] 729206K->532624K(1013632K), 0.0154880 secs] [Times: user=0.01 sys=0.00, real=0.01 secs] 
2021-01-22T21:02:41.813-0800: 210.380: [GC (Allocation Failure) 2021-01-22T21:02:41.813-0800: 210.380: [DefNew: 314559K->34944K(314560K), 0.0150710 secs] 812240K->613801K(1013632K), 0.0151872 secs] [Times: user=0.01 sys=0.00, real=0.01 secs] 
2021-01-22T21:02:41.859-0800: 210.427: [GC (Allocation Failure) 2021-01-22T21:02:41.859-0800: 210.427: [DefNew: 314560K->34943K(314560K), 0.0152285 secs] 893417K->694694K(1013632K), 0.0153327 secs] [Times: user=0.02 sys=0.00, real=0.02 secs] 
2021-01-22T21:02:41.906-0800: 210.473: [GC (Allocation Failure) 2021-01-22T21:02:41.906-0800: 210.473: [DefNew: 314559K->314559K(314560K), 0.0000330 secs]2021-01-22T21:02:41.906-0800: 210.473: [Tenured: 659750K->394536K(699072K), 0.0470968 secs] 974310K->394536K(1013632K), [Metaspace: 2698K->2698K(1056768K)], 0.0472609 secs] [Times: user=0.04 sys=0.00, real=0.05 secs] 
2021-01-22T21:02:41.984-0800: 210.551: [GC (Allocation Failure) 2021-01-22T21:02:41.984-0800: 210.551: [DefNew: 279616K->34943K(314560K), 0.0112213 secs] 674152K->482515K(1013632K), 0.0113091 secs] [Times: user=0.02 sys=0.00, real=0.01 secs] 
2021-01-22T21:02:42.026-0800: 210.593: [GC (Allocation Failure) 2021-01-22T21:02:42.026-0800: 210.593: [DefNew: 314559K->34943K(314560K), 0.0156087 secs] 762131K->567739K(1013632K), 0.0157034 secs] [Times: user=0.01 sys=0.00, real=0.02 secs] 
2021-01-22T21:02:42.073-0800: 210.640: [GC (Allocation Failure) 2021-01-22T21:02:42.073-0800: 210.640: [DefNew: 314559K->34943K(314560K), 0.0146133 secs] 847355K->647310K(1013632K), 0.0147249 secs] [Times: user=0.02 sys=0.00, real=0.01 secs] 
2021-01-22T21:02:42.118-0800: 210.686: [GC (Allocation Failure) 2021-01-22T21:02:42.118-0800: 210.686: [DefNew: 314559K->314559K(314560K), 0.0000217 secs]2021-01-22T21:02:42.118-0800: 210.686: [Tenured: 612367K->400320K(699072K), 0.0481274 secs] 926926K->400320K(1013632K), [Metaspace: 2698K->2698K(1056768K)], 0.0482528 secs] [Times: user=0.04 sys=0.00, real=0.05 secs] 
2021-01-22T21:02:42.199-0800: 210.766: [GC (Allocation Failure) 2021-01-22T21:02:42.199-0800: 210.766: [DefNew: 279616K->34943K(314560K), 0.0106163 secs] 679936K->483420K(1013632K), 0.0107160 secs] [Times: user=0.01 sys=0.00, real=0.02 secs] 
2021-01-22T21:02:42.240-0800: 210.807: [GC (Allocation Failure) 2021-01-22T21:02:42.240-0800: 210.807: [DefNew: 314559K->34943K(314560K), 0.0188089 secs] 763036K->576335K(1013632K), 0.0189020 secs] [Times: user=0.02 sys=0.00, real=0.01 secs] 
2021-01-22T21:02:42.315-0800: 210.883: [GC (Allocation Failure) 2021-01-22T21:02:42.315-0800: 210.883: [DefNew: 314559K->34943K(314560K), 0.0285137 secs] 855951K->656233K(1013632K), 0.0286043 secs] [Times: user=0.03 sys=0.00, real=0.03 secs] 
2021-01-22T21:02:42.398-0800: 210.966: [GC (Allocation Failure) 2021-01-22T21:02:42.398-0800: 210.966: [DefNew: 314529K->314529K(314560K), 0.0000314 secs]2021-01-22T21:02:42.398-0800: 210.966: [Tenured: 621289K->414404K(699072K), 0.0633298 secs] 935818K->414404K(1013632K), [Metaspace: 2698K->2698K(1056768K)], 0.0634851 secs] [Times: user=0.06 sys=0.00, real=0.07 secs] 
2021-01-22T21:02:42.492-0800: 211.060: [GC (Allocation Failure) 2021-01-22T21:02:42.492-0800: 211.060: [DefNew: 279616K->34943K(314560K), 0.0122403 secs] 694020K->509127K(1013632K), 0.0123295 secs] [Times: user=0.01 sys=0.00, real=0.01 secs] 
2021-01-22T21:02:42.536-0800: 211.104: [GC (Allocation Failure) 2021-01-22T21:02:42.536-0800: 211.104: [DefNew: 314559K->34943K(314560K), 0.0156058 secs] 788743K->593676K(1013632K), 0.0157171 secs] [Times: user=0.02 sys=0.00, real=0.02 secs] 
2021-01-22T21:02:42.619-0800: 211.186: [GC (Allocation Failure) 2021-01-22T21:02:42.621-0800: 211.188: [DefNew: 314559K->34943K(314560K), 0.0296711 secs] 873292K->670697K(1013632K), 0.0317930 secs] [Times: user=0.02 sys=0.00, real=0.04 secs] 
2021-01-22T21:02:42.718-0800: 211.286: [GC (Allocation Failure) 2021-01-22T21:02:42.718-0800: 211.286: [DefNew: 314559K->314559K(314560K), 0.0001592 secs]2021-01-22T21:02:42.719-0800: 211.286: [Tenured: 635753K->380006K(699072K), 0.1057722 secs] 950313K->380006K(1013632K), [Metaspace: 2698K->2698K(1056768K)], 0.1063228 secs] [Times: user=0.09 sys=0.01, real=0.11 secs] 
2021-01-22T21:02:42.857-0800: 211.424: [GC (Allocation Failure) 2021-01-22T21:02:42.857-0800: 211.424: [DefNew: 279616K->34943K(314560K), 0.0121098 secs] 659622K->467178K(1013632K), 0.0122129 secs] [Times: user=0.01 sys=0.00, real=0.01 secs] 
2021-01-22T21:02:42.907-0800: 211.474: [GC (Allocation Failure) 2021-01-22T21:02:42.907-0800: 211.475: [DefNew: 314559K->34943K(314560K), 0.0154327 secs] 746794K->547367K(1013632K), 0.0155196 secs] [Times: user=0.01 sys=0.00, real=0.02 secs] 
2021-01-22T21:02:42.952-0800: 211.519: [GC (Allocation Failure) 2021-01-22T21:02:42.952-0800: 211.520: [DefNew: 314559K->34944K(314560K), 0.0150894 secs] 826983K->627321K(1013632K), 0.0151874 secs] [Times: user=0.02 sys=0.00, real=0.01 secs] 
2021-01-22T21:02:42.998-0800: 211.565: [GC (Allocation Failure) 2021-01-22T21:02:42.998-0800: 211.565: [DefNew: 314291K->314291K(314560K), 0.0000237 secs]2021-01-22T21:02:42.998-0800: 211.566: [Tenured: 592377K->413854K(699072K), 0.0467642 secs] 906669K->413854K(1013632K), [Metaspace: 2698K->2698K(1056768K)], 0.0469111 secs] [Times: user=0.04 sys=0.00, real=0.05 secs] 
2021-01-22T21:02:43.077-0800: 211.644: [GC (Allocation Failure) 2021-01-22T21:02:43.077-0800: 211.644: [DefNew: 279616K->34943K(314560K), 0.0102740 secs] 693470K->491483K(1013632K), 0.0103724 secs] [Times: user=0.01 sys=0.00, real=0.01 secs] 
2021-01-22T21:02:43.118-0800: 211.686: [GC (Allocation Failure) 2021-01-22T21:02:43.118-0800: 211.686: [DefNew: 314559K->34944K(314560K), 0.0150796 secs] 771099K->572263K(1013632K), 0.0151884 secs] [Times: user=0.02 sys=0.00, real=0.02 secs] 
2021-01-22T21:02:43.177-0800: 211.744: [GC (Allocation Failure) 2021-01-22T21:02:43.177-0800: 211.745: [DefNew: 314560K->34943K(314560K), 0.0325246 secs] 851879K->653234K(1013632K), 0.0326145 secs] [Times: user=0.03 sys=0.00, real=0.04 secs] 
2021-01-22T21:02:43.275-0800: 211.843: [GC (Allocation Failure) 2021-01-22T21:02:43.276-0800: 211.843: [DefNew: 314559K->314559K(314560K), 0.0000236 secs]2021-01-22T21:02:43.276-0800: 211.843: [Tenured: 618290K->418934K(699072K), 0.0980029 secs] 932850K->418934K(1013632K), [Metaspace: 2698K->2698K(1056768K)], 0.0981381 secs] [Times: user=0.08 sys=0.01, real=0.10 secs] 
2021-01-22T21:02:43.412-0800: 211.980: [GC (Allocation Failure) 2021-01-22T21:02:43.412-0800: 211.980: [DefNew: 279616K->34943K(314560K), 0.0107497 secs] 698550K->500614K(1013632K), 0.0108426 secs] [Times: user=0.01 sys=0.00, real=0.01 secs] 
2021-01-22T21:02:43.455-0800: 212.022: [GC (Allocation Failure) 2021-01-22T21:02:43.455-0800: 212.022: [DefNew: 314559K->34943K(314560K), 0.0150117 secs] 780230K->577314K(1013632K), 0.0151026 secs] [Times: user=0.02 sys=0.00, real=0.02 secs] 
2021-01-22T21:02:43.502-0800: 212.069: [GC (Allocation Failure) 2021-01-22T21:02:43.502-0800: 212.069: [DefNew: 314559K->34941K(314560K), 0.0141705 secs] 856930K->655327K(1013632K), 0.0142600 secs] [Times: user=0.01 sys=0.00, real=0.01 secs] 
2021-01-22T21:02:43.547-0800: 212.114: [GC (Allocation Failure) 2021-01-22T21:02:43.547-0800: 212.114: [DefNew: 314557K->314557K(314560K), 0.0000211 secs]2021-01-22T21:02:43.547-0800: 212.114: [Tenured: 620385K->407852K(699072K), 0.0497026 secs] 934943K->407852K(1013632K), [Metaspace: 2698K->2698K(1056768K)], 0.0498280 secs] [Times: user=0.05 sys=0.00, real=0.05 secs] 
2021-01-22T21:02:43.628-0800: 212.195: [GC (Allocation Failure) 2021-01-22T21:02:43.628-0800: 212.195: [DefNew: 279616K->34944K(314560K), 0.0115027 secs] 687468K->500426K(1013632K), 0.0116139 secs] [Times: user=0.01 sys=0.00, real=0.02 secs] 
2021-01-22T21:02:43.671-0800: 212.238: [GC (Allocation Failure) 2021-01-22T21:02:43.671-0800: 212.238: [DefNew: 314560K->34944K(314560K), 0.0147956 secs] 780042K->579237K(1013632K), 0.0148831 secs] [Times: user=0.02 sys=0.00, real=0.01 secs] 
2021-01-22T21:02:43.716-0800: 212.283: [GC (Allocation Failure) 2021-01-22T21:02:43.716-0800: 212.283: [DefNew: 314560K->34943K(314560K), 0.0161959 secs] 858853K->668894K(1013632K), 0.0163077 secs] [Times: user=0.01 sys=0.00, real=0.02 secs] 
2021-01-22T21:02:43.764-0800: 212.331: [GC (Allocation Failure) 2021-01-22T21:02:43.764-0800: 212.331: [DefNew: 314559K->314559K(314560K), 0.0000288 secs]2021-01-22T21:02:43.764-0800: 212.332: [Tenured: 633950K->376485K(699072K), 0.0513450 secs] 948510K->376485K(1013632K), [Metaspace: 2698K->2698K(1056768K)], 0.0514996 secs] [Times: user=0.05 sys=0.00, real=0.05 secs] 
2021-01-22T21:02:43.851-0800: 212.419: [GC (Allocation Failure) 2021-01-22T21:02:43.851-0800: 212.419: [DefNew: 279616K->34942K(314560K), 0.0120592 secs] 656101K->465650K(1013632K), 0.0121560 secs] [Times: user=0.01 sys=0.00, real=0.01 secs] 
2021-01-22T21:02:43.896-0800: 212.464: [GC (Allocation Failure) 2021-01-22T21:02:43.896-0800: 212.464: [DefNew: 313989K->34943K(314560K), 0.0186425 secs] 744697K->540229K(1013632K), 0.0187452 secs] [Times: user=0.02 sys=0.00, real=0.02 secs] 
2021-01-22T21:02:43.945-0800: 212.512: [GC (Allocation Failure) 2021-01-22T21:02:43.945-0800: 212.512: [DefNew: 314559K->34944K(314560K), 0.0157231 secs] 819845K->626709K(1013632K), 0.0158093 secs] [Times: user=0.01 sys=0.00, real=0.02 secs] 
2021-01-22T21:02:43.991-0800: 212.558: [GC (Allocation Failure) 2021-01-22T21:02:43.991-0800: 212.558: [DefNew: 314560K->314560K(314560K), 0.0000197 secs]2021-01-22T21:02:43.991-0800: 212.558: [Tenured: 591765K->413028K(699072K), 0.0469530 secs] 906325K->413028K(1013632K), [Metaspace: 2698K->2698K(1056768K)], 0.0471366 secs] [Times: user=0.05 sys=0.00, real=0.04 secs] 
2021-01-22T21:02:44.089-0800: 212.656: [GC (Allocation Failure) 2021-01-22T21:02:44.089-0800: 212.656: [DefNew: 279616K->34942K(314560K), 0.0216450 secs] 692644K->509274K(1013632K), 0.0218996 secs] [Times: user=0.02 sys=0.00, real=0.03 secs] 
2021-01-22T21:02:44.165-0800: 212.733: [GC (Allocation Failure) 2021-01-22T21:02:44.166-0800: 212.733: [DefNew: 314558K->34943K(314560K), 0.0297853 secs] 788890K->585163K(1013632K), 0.0299000 secs] [Times: user=0.03 sys=0.00, real=0.03 secs] 
2021-01-22T21:02:44.250-0800: 212.817: [GC (Allocation Failure) 2021-01-22T21:02:44.250-0800: 212.817: [DefNew: 314559K->34943K(314560K), 0.0288974 secs] 864779K->659469K(1013632K), 0.0290649 secs] [Times: user=0.03 sys=0.00, real=0.02 secs] 
2021-01-22T21:02:44.334-0800: 212.902: [GC (Allocation Failure) 2021-01-22T21:02:44.335-0800: 212.902: [DefNew: 314559K->314559K(314560K), 0.0000231 secs]2021-01-22T21:02:44.335-0800: 212.902: [Tenured: 624525K->414291K(699072K), 0.0727705 secs] 939085K->414291K(1013632K), [Metaspace: 2698K->2698K(1056768K)], 0.0729161 secs] [Times: user=0.07 sys=0.01, real=0.07 secs] 
2021-01-22T21:02:44.438-0800: 213.006: [GC (Allocation Failure) 2021-01-22T21:02:44.438-0800: 213.006: [DefNew: 279616K->34943K(314560K), 0.0121728 secs] 693907K->508612K(1013632K), 0.0122605 secs] [Times: user=0.01 sys=0.00, real=0.02 secs] 
2021-01-22T21:02:44.480-0800: 213.047: [GC (Allocation Failure) 2021-01-22T21:02:44.480-0800: 213.047: [DefNew: 314559K->34944K(314560K), 0.0150989 secs] 788228K->590334K(1013632K), 0.0151888 secs] [Times: user=0.01 sys=0.00, real=0.01 secs] 
2021-01-22T21:02:44.525-0800: 213.093: [GC (Allocation Failure) 2021-01-22T21:02:44.525-0800: 213.093: [DefNew: 314560K->34944K(314560K), 0.0153903 secs] 869950K->671763K(1013632K), 0.0154754 secs] [Times: user=0.02 sys=0.00, real=0.02 secs] 
2021-01-22T21:02:44.572-0800: 213.139: [GC (Allocation Failure) 2021-01-22T21:02:44.572-0800: 213.139: [DefNew: 314560K->314560K(314560K), 0.0000202 secs]2021-01-22T21:02:44.572-0800: 213.140: [Tenured: 636819K->403447K(699072K), 0.0486209 secs] 951379K->403447K(1013632K), [Metaspace: 2698K->2698K(1056768K)], 0.0487796 secs] [Times: user=0.05 sys=0.00, real=0.05 secs] 
2021-01-22T21:02:44.652-0800: 213.219: [GC (Allocation Failure) 2021-01-22T21:02:44.652-0800: 213.220: [DefNew: 279616K->34943K(314560K), 0.0110685 secs] 683063K->486003K(1013632K), 0.0111549 secs] [Times: user=0.01 sys=0.00, real=0.01 secs] 
2021-01-22T21:02:44.693-0800: 213.260: [GC (Allocation Failure) 2021-01-22T21:02:44.693-0800: 213.260: [DefNew: 314559K->34941K(314560K), 0.0148926 secs] 765619K->567239K(1013632K), 0.0149858 secs] [Times: user=0.01 sys=0.00, real=0.01 secs] 
2021-01-22T21:02:44.738-0800: 213.305: [GC (Allocation Failure) 2021-01-22T21:02:44.738-0800: 213.305: [DefNew: 314557K->34943K(314560K), 0.0143961 secs] 846855K->642256K(1013632K), 0.0144799 secs] [Times: user=0.01 sys=0.00, real=0.02 secs] 
2021-01-22T21:02:44.783-0800: 213.350: [GC (Allocation Failure) 2021-01-22T21:02:44.783-0800: 213.350: [DefNew: 314559K->314559K(314560K), 0.0000193 secs]2021-01-22T21:02:44.783-0800: 213.350: [Tenured: 607312K->371502K(699072K), 0.0552463 secs] 921872K->371502K(1013632K), [Metaspace: 2698K->2698K(1056768K)], 0.0553662 secs] [Times: user=0.06 sys=0.00, real=0.05 secs] 
2021-01-22T21:02:44.870-0800: 213.437: [GC (Allocation Failure) 2021-01-22T21:02:44.870-0800: 213.437: [DefNew: 279616K->34943K(314560K), 0.0113018 secs] 651118K->458460K(1013632K), 0.0113907 secs] [Times: user=0.01 sys=0.00, real=0.01 secs] 
2021-01-22T21:02:44.918-0800: 213.485: [GC (Allocation Failure) 2021-01-22T21:02:44.918-0800: 213.485: [DefNew: 314559K->34943K(314560K), 0.0159173 secs] 738076K->542498K(1013632K), 0.0160195 secs] [Times: user=0.02 sys=0.00, real=0.02 secs] 
2021-01-22T21:02:44.964-0800: 213.532: [GC (Allocation Failure) 2021-01-22T21:02:44.965-0800: 213.532: [DefNew: 314559K->34943K(314560K), 0.0138297 secs] 822114K->616076K(1013632K), 0.0139239 secs] [Times: user=0.01 sys=0.00, real=0.01 secs] 
2021-01-22T21:02:45.009-0800: 213.577: [GC (Allocation Failure) 2021-01-22T21:02:45.009-0800: 213.577: [DefNew: 314559K->34944K(314560K), 0.0150092 secs] 895692K->693732K(1013632K), 0.0150989 secs] [Times: user=0.02 sys=0.00, real=0.02 secs] 
2021-01-22T21:02:45.053-0800: 213.621: [GC (Allocation Failure) 2021-01-22T21:02:45.054-0800: 213.621: [DefNew: 314560K->314560K(314560K), 0.0000199 secs]2021-01-22T21:02:45.054-0800: 213.621: [Tenured: 658788K->408022K(699072K), 0.0467855 secs] 973348K->408022K(1013632K), [Metaspace: 2698K->2698K(1056768K)], 0.0469051 secs] [Times: user=0.04 sys=0.00, real=0.05 secs] 
2021-01-22T21:02:45.133-0800: 213.700: [GC (Allocation Failure) 2021-01-22T21:02:45.133-0800: 213.700: [DefNew: 279616K->34943K(314560K), 0.0103714 secs] 687638K->485393K(1013632K), 0.0104812 secs] [Times: user=0.01 sys=0.00, real=0.01 secs] 
2021-01-22T21:02:45.177-0800: 213.744: [GC (Allocation Failure) 2021-01-22T21:02:45.177-0800: 213.744: [DefNew: 314559K->34943K(314560K), 0.0246585 secs] 765009K->563770K(1013632K), 0.0247697 secs] [Times: user=0.02 sys=0.00, real=0.03 secs] 
2021-01-22T21:02:45.270-0800: 213.838: [GC (Allocation Failure) 2021-01-22T21:02:45.271-0800: 213.838: [DefNew: 314559K->34944K(314560K), 0.0357908 secs] 843386K->645457K(1013632K), 0.0361268 secs] [Times: user=0.03 sys=0.00, real=0.03 secs] 
2021-01-22T21:02:45.373-0800: 213.940: [GC (Allocation Failure) 2021-01-22T21:02:45.373-0800: 213.940: [DefNew: 314560K->314560K(314560K), 0.0001845 secs]2021-01-22T21:02:45.373-0800: 213.941: [Tenured: 610513K->401822K(699072K), 0.0751755 secs] 925073K->401822K(1013632K), [Metaspace: 2698K->2698K(1056768K)], 0.0756978 secs] [Times: user=0.06 sys=0.00, real=0.07 secs] 
2021-01-22T21:02:45.481-0800: 214.048: [GC (Allocation Failure) 2021-01-22T21:02:45.481-0800: 214.048: [DefNew: 279616K->34943K(314560K), 0.0107177 secs] 681438K->482665K(1013632K), 0.0108057 secs] [Times: user=0.01 sys=0.00, real=0.01 secs] 
2021-01-22T21:02:45.523-0800: 214.091: [GC (Allocation Failure) 2021-01-22T21:02:45.523-0800: 214.091: [DefNew: 314559K->34943K(314560K), 0.0151927 secs] 762281K->562057K(1013632K), 0.0152831 secs] [Times: user=0.01 sys=0.00, real=0.01 secs] 
2021-01-22T21:02:45.569-0800: 214.136: [GC (Allocation Failure) 2021-01-22T21:02:45.569-0800: 214.136: [DefNew: 314559K->34942K(314560K), 0.0147429 secs] 841673K->641176K(1013632K), 0.0148456 secs] [Times: user=0.01 sys=0.01, real=0.02 secs] 
2021-01-22T21:02:45.620-0800: 214.188: [GC (Allocation Failure) 2021-01-22T21:02:45.620-0800: 214.188: [DefNew: 314558K->314558K(314560K), 0.0000196 secs]2021-01-22T21:02:45.620-0800: 214.188: [Tenured: 606233K->404056K(699072K), 0.0481750 secs] 920792K->404056K(1013632K), [Metaspace: 2698K->2698K(1056768K)], 0.0482974 secs] [Times: user=0.04 sys=0.00, real=0.04 secs] 
2021-01-22T21:02:45.699-0800: 214.267: [GC (Allocation Failure) 2021-01-22T21:02:45.699-0800: 214.267: [DefNew: 279616K->34944K(314560K), 0.0108933 secs] 683672K->491114K(1013632K), 0.0109809 secs] [Times: user=0.01 sys=0.00, real=0.02 secs] 
2021-01-22T21:02:45.742-0800: 214.309: [GC (Allocation Failure) 2021-01-22T21:02:45.742-0800: 214.309: [DefNew: 314560K->34943K(314560K), 0.0149393 secs] 770730K->569009K(1013632K), 0.0150260 secs] [Times: user=0.02 sys=0.00, real=0.01 secs] 
2021-01-22T21:02:45.788-0800: 214.355: [GC (Allocation Failure) 2021-01-22T21:02:45.788-0800: 214.355: [DefNew: 314559K->34941K(314560K), 0.0154879 secs] 848625K->649955K(1013632K), 0.0156705 secs] [Times: user=0.01 sys=0.00, real=0.02 secs] 
2021-01-22T21:02:45.840-0800: 214.407: [GC (Allocation Failure) 2021-01-22T21:02:45.840-0800: 214.407: [DefNew: 314557K->314557K(314560K), 0.0000205 secs]2021-01-22T21:02:45.840-0800: 214.407: [Tenured: 615013K->374127K(699072K), 0.0492890 secs] 929571K->374127K(1013632K), [Metaspace: 2698K->2698K(1056768K)], 0.0494147 secs] [Times: user=0.05 sys=0.00, real=0.04 secs] 
2021-01-22T21:02:45.938-0800: 214.505: [GC (Allocation Failure) 2021-01-22T21:02:45.938-0800: 214.505: [DefNew: 279563K->34943K(314560K), 0.0139824 secs] 653690K->460624K(1013632K), 0.0141007 secs] [Times: user=0.01 sys=0.00, real=0.02 secs] 
2021-01-22T21:02:45.990-0800: 214.558: [GC (Allocation Failure) 2021-01-22T21:02:45.991-0800: 214.558: [DefNew: 314559K->34944K(314560K), 0.0181254 secs] 740240K->549223K(1013632K), 0.0187550 secs] [Times: user=0.01 sys=0.00, real=0.01 secs] 
2021-01-22T21:02:46.049-0800: 214.616: [GC (Allocation Failure) 2021-01-22T21:02:46.049-0800: 214.616: [DefNew: 314560K->34942K(314560K), 0.0195906 secs] 828839K->630276K(1013632K), 0.0198050 secs] [Times: user=0.01 sys=0.00, real=0.02 secs] 
2021-01-22T21:02:46.100-0800: 214.667: [GC (Allocation Failure) 2021-01-22T21:02:46.100-0800: 214.667: [DefNew: 314558K->314558K(314560K), 0.0000217 secs]2021-01-22T21:02:46.100-0800: 214.667: [Tenured: 595334K->413695K(699072K), 0.0734226 secs] 909892K->413695K(1013632K), [Metaspace: 2698K->2698K(1056768K)], 0.0735586 secs] [Times: user=0.07 sys=0.00, real=0.07 secs] 
2021-01-22T21:02:46.229-0800: 214.797: [GC (Allocation Failure) 2021-01-22T21:02:46.229-0800: 214.797: [DefNew: 279616K->34943K(314560K), 0.0207803 secs] 693311K->500645K(1013632K), 0.0208773 secs] [Times: user=0.02 sys=0.01, real=0.03 secs] 
2021-01-22T21:02:46.313-0800: 214.880: [GC (Allocation Failure) 2021-01-22T21:02:46.313-0800: 214.880: [DefNew: 314559K->34943K(314560K), 0.0378743 secs] 780261K->590451K(1013632K), 0.0379837 secs] [Times: user=0.03 sys=0.00, real=0.04 secs] 
2021-01-22T21:02:46.405-0800: 214.973: [GC (Allocation Failure) 2021-01-22T21:02:46.405-0800: 214.973: [DefNew: 314091K->34943K(314560K), 0.0323900 secs] 869598K->670301K(1013632K), 0.0324854 secs] [Times: user=0.02 sys=0.00, real=0.03 secs] 
2021-01-22T21:02:46.476-0800: 215.044: [GC (Allocation Failure) 2021-01-22T21:02:46.477-0800: 215.044: [DefNew: 314559K->314559K(314560K), 0.0000241 secs]2021-01-22T21:02:46.477-0800: 215.044: [Tenured: 635357K->411894K(699072K), 0.0527031 secs] 949917K->411894K(1013632K), [Metaspace: 2698K->2698K(1056768K)], 0.0528536 secs] [Times: user=0.05 sys=0.00, real=0.05 secs] 
2021-01-22T21:02:46.563-0800: 215.130: [GC (Allocation Failure) 2021-01-22T21:02:46.563-0800: 215.130: [DefNew: 279616K->34943K(314560K), 0.0129182 secs] 691510K->501817K(1013632K), 0.0130095 secs] [Times: user=0.01 sys=0.00, real=0.01 secs] 
2021-01-22T21:02:46.607-0800: 215.175: [GC (Allocation Failure) 2021-01-22T21:02:46.607-0800: 215.175: [DefNew: 314559K->34943K(314560K), 0.0154448 secs] 781433K->582377K(1013632K), 0.0155364 secs] [Times: user=0.01 sys=0.00, real=0.02 secs] 
2021-01-22T21:02:46.655-0800: 215.222: [GC (Allocation Failure) 2021-01-22T21:02:46.655-0800: 215.222: [DefNew: 314559K->34943K(314560K), 0.0163348 secs] 861993K->665164K(1013632K), 0.0164272 secs] [Times: user=0.02 sys=0.00, real=0.02 secs] 
2021-01-22T21:02:46.702-0800: 215.269: [GC (Allocation Failure) 2021-01-22T21:02:46.702-0800: 215.269: [DefNew: 314367K->314367K(314560K), 0.0000212 secs]2021-01-22T21:02:46.702-0800: 215.269: [Tenured: 630220K->420403K(699072K), 0.0535331 secs] 944587K->420403K(1013632K), [Metaspace: 2698K->2698K(1056768K)], 0.0536597 secs] [Times: user=0.05 sys=0.00, real=0.05 secs] 
2021-01-22T21:02:46.789-0800: 215.356: [GC (Allocation Failure) 2021-01-22T21:02:46.789-0800: 215.356: [DefNew: 279616K->34943K(314560K), 0.0106391 secs] 700019K->500193K(1013632K), 0.0107486 secs] [Times: user=0.01 sys=0.00, real=0.01 secs] 
2021-01-22T21:02:46.838-0800: 215.405: [GC (Allocation Failure) 2021-01-22T21:02:46.838-0800: 215.405: [DefNew: 314559K->34943K(314560K), 0.0150552 secs] 779809K->571654K(1013632K), 0.0151455 secs] [Times: user=0.01 sys=0.00, real=0.02 secs] 
2021-01-22T21:02:46.884-0800: 215.451: [GC (Allocation Failure) 2021-01-22T21:02:46.884-0800: 215.451: [DefNew: 314559K->34943K(314560K), 0.0168173 secs] 851270K->648417K(1013632K), 0.0169210 secs] [Times: user=0.02 sys=0.00, real=0.02 secs] 
2021-01-22T21:02:46.939-0800: 215.506: [GC (Allocation Failure) 2021-01-22T21:02:46.939-0800: 215.506: [DefNew: 314559K->314559K(314560K), 0.0000211 secs]2021-01-22T21:02:46.939-0800: 215.506: [Tenured: 613474K->369303K(699072K), 0.0506632 secs] 928033K->369303K(1013632K), [Metaspace: 2698K->2698K(1056768K)], 0.0507916 secs] [Times: user=0.05 sys=0.00, real=0.06 secs] 
2021-01-22T21:02:47.023-0800: 215.590: [GC (Allocation Failure) 2021-01-22T21:02:47.023-0800: 215.590: [DefNew: 279616K->34943K(314560K), 0.0106348 secs] 648919K->448564K(1013632K), 0.0107270 secs] [Times: user=0.01 sys=0.00, real=0.01 secs] 
2021-01-22T21:02:47.065-0800: 215.633: [GC (Allocation Failure) 2021-01-22T21:02:47.065-0800: 215.633: [DefNew: 314559K->34943K(314560K), 0.0141617 secs] 728180K->522995K(1013632K), 0.0142508 secs] [Times: user=0.02 sys=0.00, real=0.02 secs] 
2021-01-22T21:02:47.110-0800: 215.677: [GC (Allocation Failure) 2021-01-22T21:02:47.110-0800: 215.677: [DefNew: 314559K->34943K(314560K), 0.0140934 secs] 802611K->597981K(1013632K), 0.0142080 secs] [Times: user=0.01 sys=0.00, real=0.01 secs] 
2021-01-22T21:02:47.155-0800: 215.723: [GC (Allocation Failure) 2021-01-22T21:02:47.155-0800: 215.723: [DefNew: 314559K->34943K(314560K), 0.0155837 secs] 877597K->687352K(1013632K), 0.0156753 secs] [Times: user=0.02 sys=0.00, real=0.02 secs] 
2021-01-22T21:02:47.200-0800: 215.768: [GC (Allocation Failure) 2021-01-22T21:02:47.201-0800: 215.768: [DefNew: 314559K->314559K(314560K), 0.0000236 secs]2021-01-22T21:02:47.201-0800: 215.768: [Tenured: 652409K->418799K(699072K), 0.0486542 secs] 966968K->418799K(1013632K), [Metaspace: 2698K->2698K(1056768K)], 0.0487963 secs] [Times: user=0.05 sys=0.00, real=0.04 secs] 
2021-01-22T21:02:47.281-0800: 215.848: [GC (Allocation Failure) 2021-01-22T21:02:47.281-0800: 215.848: [DefNew: 279616K->34943K(314560K), 0.0115132 secs] 698415K->509560K(1013632K), 0.0116042 secs] [Times: user=0.01 sys=0.00, real=0.01 secs] 
2021-01-22T21:02:47.330-0800: 215.897: [GC (Allocation Failure) 2021-01-22T21:02:47.330-0800: 215.897: [DefNew: 314559K->34943K(314560K), 0.0144989 secs] 789176K->586852K(1013632K), 0.0145898 secs] [Times: user=0.01 sys=0.00, real=0.01 secs] 
2021-01-22T21:02:47.376-0800: 215.943: [GC (Allocation Failure) 2021-01-22T21:02:47.376-0800: 215.943: [DefNew: 314559K->34943K(314560K), 0.0153145 secs] 866468K->670451K(1013632K), 0.0154131 secs] [Times: user=0.02 sys=0.00, real=0.02 secs] 
2021-01-22T21:02:47.429-0800: 215.996: [GC (Allocation Failure) 2021-01-22T21:02:47.429-0800: 215.996: [DefNew: 314559K->314559K(314560K), 0.0000222 secs]2021-01-22T21:02:47.429-0800: 215.997: [Tenured: 635508K->415990K(699072K), 0.0522270 secs] 950067K->415990K(1013632K), [Metaspace: 2698K->2698K(1056768K)], 0.0523530 secs] [Times: user=0.05 sys=0.01, real=0.06 secs] 
2021-01-22T21:02:47.599-0800: 216.166: [GC (Allocation Failure) 2021-01-22T21:02:47.599-0800: 216.166: [DefNew: 279616K->34943K(314560K), 0.0504260 secs] 695606K->506917K(1013632K), 0.0506433 secs] [Times: user=0.03 sys=0.00, real=0.06 secs] 
2021-01-22T21:02:47.783-0800: 216.350: [GC (Allocation Failure) 2021-01-22T21:02:47.783-0800: 216.351: [DefNew: 314559K->34943K(314560K), 0.0408269 secs] 786533K->580728K(1013632K), 0.0409616 secs] [Times: user=0.03 sys=0.00, real=0.04 secs] 
2021-01-22T21:02:47.887-0800: 216.454: [GC (Allocation Failure) 2021-01-22T21:02:47.887-0800: 216.454: [DefNew: 314559K->34943K(314560K), 0.0165793 secs] 860344K->660144K(1013632K), 0.0166783 secs] [Times: user=0.02 sys=0.00, real=0.02 secs] 
2021-01-22T21:02:47.938-0800: 216.506: [GC (Allocation Failure) 2021-01-22T21:02:47.938-0800: 216.506: [DefNew: 314559K->314559K(314560K), 0.0000225 secs]2021-01-22T21:02:47.939-0800: 216.506: [Tenured: 625201K->415165K(699072K), 0.0596449 secs] 939760K->415165K(1013632K), [Metaspace: 2698K->2698K(1056768K)], 0.0609047 secs] [Times: user=0.06 sys=0.01, real=0.06 secs] 
2021-01-22T21:02:48.052-0800: 216.619: [GC (Allocation Failure) 2021-01-22T21:02:48.052-0800: 216.619: [DefNew: 279616K->34941K(314560K), 0.0331162 secs] 694781K->508661K(1013632K), 0.0332912 secs] [Times: user=0.04 sys=0.00, real=0.03 secs] 
2021-01-22T21:02:48.204-0800: 216.771: [GC (Allocation Failure) 2021-01-22T21:02:48.204-0800: 216.772: [DefNew: 314274K->34944K(314560K), 0.0361346 secs] 787994K->582454K(1013632K), 0.0363401 secs] [Times: user=0.03 sys=0.00, real=0.04 secs] 
2021-01-22T21:02:48.322-0800: 216.889: [GC (Allocation Failure) 2021-01-22T21:02:48.322-0800: 216.889: [DefNew: 314560K->34943K(314560K), 0.0194107 secs] 862070K->660881K(1013632K), 0.0195213 secs] [Times: user=0.02 sys=0.01, real=0.02 secs] 
2021-01-22T21:02:48.373-0800: 216.941: [GC (Allocation Failure) 2021-01-22T21:02:48.373-0800: 216.941: [DefNew: 314559K->314559K(314560K), 0.0000213 secs]2021-01-22T21:02:48.373-0800: 216.941: [Tenured: 625937K->371158K(699072K), 0.0986760 secs] 940497K->371158K(1013632K), [Metaspace: 2698K->2698K(1056768K)], 0.0988343 secs] [Times: user=0.08 sys=0.00, real=0.10 secs] 
2021-01-22T21:02:48.569-0800: 217.136: [GC (Allocation Failure) 2021-01-22T21:02:48.569-0800: 217.136: [DefNew: 279616K->34943K(314560K), 0.0281771 secs] 650774K->458211K(1013632K), 0.0282692 secs] [Times: user=0.02 sys=0.00, real=0.03 secs] 
2021-01-22T21:02:48.632-0800: 217.200: [GC (Allocation Failure) 2021-01-22T21:02:48.632-0800: 217.200: [DefNew: 314559K->34943K(314560K), 0.0148292 secs] 737827K->537120K(1013632K), 0.0149269 secs] [Times: user=0.02 sys=0.00, real=0.01 secs] 
2021-01-22T21:02:48.693-0800: 217.260: [GC (Allocation Failure) 2021-01-22T21:02:48.693-0800: 217.260: [DefNew: 314559K->34943K(314560K), 0.0236373 secs] 816736K->623899K(1013632K), 0.0237851 secs] [Times: user=0.02 sys=0.00, real=0.02 secs] 
2021-01-22T21:02:48.751-0800: 217.318: [GC (Allocation Failure) 2021-01-22T21:02:48.751-0800: 217.318: [DefNew: 314436K->314436K(314560K), 0.0000221 secs]2021-01-22T21:02:48.751-0800: 217.318: [Tenured: 588955K->417862K(699072K), 0.1162568 secs] 903392K->417862K(1013632K), [Metaspace: 2698K->2698K(1056768K)], 0.1163895 secs] [Times: user=0.07 sys=0.00, real=0.11 secs] 
2021-01-22T21:02:48.901-0800: 217.468: [GC (Allocation Failure) 2021-01-22T21:02:48.901-0800: 217.468: [DefNew: 279616K->34941K(314560K), 0.0102958 secs] 697478K->495328K(1013632K), 0.0103893 secs] [Times: user=0.01 sys=0.00, real=0.01 secs] 
2021-01-22T21:02:48.944-0800: 217.511: [GC (Allocation Failure) 2021-01-22T21:02:48.944-0800: 217.511: [DefNew: 314557K->34943K(314560K), 0.0147943 secs] 774944K->574343K(1013632K), 0.0148872 secs] [Times: user=0.01 sys=0.00, real=0.01 secs] 
2021-01-22T21:02:48.990-0800: 217.557: [GC (Allocation Failure) 2021-01-22T21:02:48.990-0800: 217.557: [DefNew: 314515K->34943K(314560K), 0.0141458 secs] 853914K->649943K(1013632K), 0.0143283 secs] [Times: user=0.02 sys=0.00, real=0.01 secs] 
2021-01-22T21:02:49.034-0800: 217.601: [GC (Allocation Failure) 2021-01-22T21:02:49.034-0800: 217.601: [DefNew: 314559K->314559K(314560K), 0.0000223 secs]2021-01-22T21:02:49.034-0800: 217.601: [Tenured: 614999K->422536K(699072K), 0.0505919 secs] 929559K->422536K(1013632K), [Metaspace: 2698K->2698K(1056768K)], 0.0507347 secs] [Times: user=0.05 sys=0.00, real=0.05 secs] 
2021-01-22T21:02:49.116-0800: 217.683: [GC (Allocation Failure) 2021-01-22T21:02:49.116-0800: 217.683: [DefNew: 279616K->34943K(314560K), 0.0111721 secs] 702152K->509069K(1013632K), 0.0113172 secs] [Times: user=0.01 sys=0.00, real=0.01 secs] 
2021-01-22T21:02:49.170-0800: 217.737: [GC (Allocation Failure) 2021-01-22T21:02:49.170-0800: 217.737: [DefNew: 314559K->34942K(314560K), 0.0189323 secs] 788685K->580777K(1013632K), 0.0190368 secs] [Times: user=0.01 sys=0.00, real=0.01 secs] 
2021-01-22T21:02:49.221-0800: 217.789: [GC (Allocation Failure) 2021-01-22T21:02:49.221-0800: 217.789: [DefNew: 314558K->34942K(314560K), 0.0146248 secs] 860393K->653367K(1013632K), 0.0147176 secs] [Times: user=0.01 sys=0.00, real=0.01 secs] 
2021-01-22T21:02:49.269-0800: 217.836: [GC (Allocation Failure) 2021-01-22T21:02:49.269-0800: 217.836: [DefNew: 314558K->314558K(314560K), 0.0000221 secs]2021-01-22T21:02:49.269-0800: 217.836: [Tenured: 618424K->409857K(699072K), 0.0536425 secs] 932983K->409857K(1013632K), [Metaspace: 2698K->2698K(1056768K)], 0.0537796 secs] [Times: user=0.05 sys=0.00, real=0.06 secs] 
2021-01-22T21:02:49.358-0800: 217.925: [GC (Allocation Failure) 2021-01-22T21:02:49.358-0800: 217.926: [DefNew: 279616K->34944K(314560K), 0.0111127 secs] 689473K->493250K(1013632K), 0.0112062 secs] [Times: user=0.01 sys=0.00, real=0.01 secs] 
2021-01-22T21:02:49.401-0800: 217.968: [GC (Allocation Failure) 2021-01-22T21:02:49.401-0800: 217.968: [DefNew: 314560K->34943K(314560K), 0.0151988 secs] 772866K->576213K(1013632K), 0.0153037 secs] [Times: user=0.01 sys=0.00, real=0.01 secs] 
2021-01-22T21:02:49.462-0800: 218.029: [GC (Allocation Failure) 2021-01-22T21:02:49.462-0800: 218.030: [DefNew: 314559K->34944K(314560K), 0.0226492 secs] 855829K->651640K(1013632K), 0.0227895 secs] [Times: user=0.02 sys=0.00, real=0.02 secs] 
2021-01-22T21:02:49.516-0800: 218.083: [GC (Allocation Failure) 2021-01-22T21:02:49.516-0800: 218.084: [DefNew: 314560K->314560K(314560K), 0.0000224 secs]2021-01-22T21:02:49.516-0800: 218.084: [Tenured: 616696K->378153K(699072K), 0.0503475 secs] 931256K->378153K(1013632K), [Metaspace: 2698K->2698K(1056768K)], 0.0504781 secs] [Times: user=0.05 sys=0.01, real=0.05 secs] 
2021-01-22T21:02:49.598-0800: 218.165: [GC (Allocation Failure) 2021-01-22T21:02:49.598-0800: 218.165: [DefNew: 279264K->34943K(314560K), 0.0102451 secs] 657418K->456674K(1013632K), 0.0103783 secs] [Times: user=0.01 sys=0.00, real=0.01 secs] 
2021-01-22T21:02:49.641-0800: 218.208: [GC (Allocation Failure) 2021-01-22T21:02:49.641-0800: 218.208: [DefNew: 314559K->34943K(314560K), 0.0144288 secs] 736290K->532792K(1013632K), 0.0145211 secs] [Times: user=0.01 sys=0.00, real=0.01 secs] 
2021-01-22T21:02:49.695-0800: 218.263: [GC (Allocation Failure) 2021-01-22T21:02:49.695-0800: 218.263: [DefNew: 314559K->34944K(314560K), 0.0194827 secs] 812408K->610216K(1013632K), 0.0195696 secs] [Times: user=0.02 sys=0.00, real=0.02 secs] 
2021-01-22T21:02:49.749-0800: 218.317: [GC (Allocation Failure) 2021-01-22T21:02:49.750-0800: 218.317: [DefNew: 314560K->34943K(314560K), 0.0222970 secs] 889832K->685227K(1013632K), 0.0225618 secs] [Times: user=0.02 sys=0.00, real=0.03 secs] 
2021-01-22T21:02:49.839-0800: 218.406: [GC (Allocation Failure) 2021-01-22T21:02:49.839-0800: 218.406: [DefNew: 314311K->314311K(314560K), 0.0000357 secs]2021-01-22T21:02:49.839-0800: 218.406: [Tenured: 650284K->402996K(699072K), 0.0703433 secs] 964595K->402996K(1013632K), [Metaspace: 2698K->2698K(1056768K)], 0.0705202 secs] [Times: user=0.06 sys=0.00, real=0.07 secs] 
2021-01-22T21:02:50.038-0800: 218.605: [GC (Allocation Failure) 2021-01-22T21:02:50.038-0800: 218.606: [DefNew: 279616K->34943K(314560K), 0.0267993 secs] 682612K->489570K(1013632K), 0.0269451 secs] [Times: user=0.02 sys=0.00, real=0.03 secs] 
2021-01-22T21:02:50.149-0800: 218.716: [GC (Allocation Failure) 2021-01-22T21:02:50.149-0800: 218.716: [DefNew: 314559K->34943K(314560K), 0.0147389 secs] 769186K->566975K(1013632K), 0.0148353 secs] [Times: user=0.02 sys=0.00, real=0.02 secs] 
2021-01-22T21:02:50.196-0800: 218.764: [GC (Allocation Failure) 2021-01-22T21:02:50.196-0800: 218.764: [DefNew: 314559K->34943K(314560K), 0.0157145 secs] 846591K->644172K(1013632K), 0.0158258 secs] [Times: user=0.01 sys=0.00, real=0.02 secs] 
2021-01-22T21:02:50.244-0800: 218.811: [GC (Allocation Failure) 2021-01-22T21:02:50.244-0800: 218.811: [DefNew: 314559K->314559K(314560K), 0.0000224 secs]2021-01-22T21:02:50.244-0800: 218.811: [Tenured: 609228K->404818K(699072K), 0.0508481 secs] 923788K->404818K(1013632K), [Metaspace: 2698K->2698K(1056768K)], 0.0510010 secs] [Times: user=0.05 sys=0.00, real=0.05 secs] 
2021-01-22T21:02:50.335-0800: 218.902: [GC (Allocation Failure) 2021-01-22T21:02:50.335-0800: 218.902: [DefNew: 279616K->34943K(314560K), 0.0108846 secs] 684434K->487575K(1013632K), 0.0109804 secs] [Times: user=0.01 sys=0.00, real=0.01 secs] 
2021-01-22T21:02:50.395-0800: 218.963: [GC (Allocation Failure) 2021-01-22T21:02:50.395-0800: 218.963: [DefNew: 314559K->34943K(314560K), 0.0275684 secs] 767191K->562053K(1013632K), 0.0276959 secs] [Times: user=0.02 sys=0.00, real=0.03 secs] 
2021-01-22T21:02:50.489-0800: 219.056: [GC (Allocation Failure) 2021-01-22T21:02:50.489-0800: 219.056: [DefNew: 314559K->34944K(314560K), 0.0324188 secs] 841669K->637675K(1013632K), 0.0325103 secs] [Times: user=0.03 sys=0.00, real=0.04 secs] 
2021-01-22T21:02:50.558-0800: 219.125: [GC (Allocation Failure) 2021-01-22T21:02:50.558-0800: 219.125: [DefNew: 314560K->314560K(314560K), 0.0000218 secs]2021-01-22T21:02:50.558-0800: 219.125: [Tenured: 602731K->400781K(699072K), 0.0497941 secs] 917291K->400781K(1013632K), [Metaspace: 2698K->2698K(1056768K)], 0.0499445 secs] [Times: user=0.05 sys=0.00, real=0.05 secs] 
2021-01-22T21:02:50.647-0800: 219.214: [GC (Allocation Failure) 2021-01-22T21:02:50.647-0800: 219.214: [DefNew: 279616K->34943K(314560K), 0.0124555 secs] 680397K->496646K(1013632K), 0.0125433 secs] [Times: user=0.02 sys=0.00, real=0.02 secs] 
2021-01-22T21:02:50.689-0800: 219.256: [GC (Allocation Failure) 2021-01-22T21:02:50.689-0800: 219.256: [DefNew: 314559K->34943K(314560K), 0.0152765 secs] 776262K->578944K(1013632K), 0.0153992 secs] [Times: user=0.01 sys=0.00, real=0.02 secs] 
2021-01-22T21:02:50.736-0800: 219.303: [GC (Allocation Failure) 2021-01-22T21:02:50.736-0800: 219.303: [DefNew: 314559K->34943K(314560K), 0.0143408 secs] 858560K->653188K(1013632K), 0.0144331 secs] [Times: user=0.01 sys=0.00, real=0.02 secs] 
2021-01-22T21:02:50.782-0800: 219.349: [GC (Allocation Failure) 2021-01-22T21:02:50.782-0800: 219.349: [DefNew: 314559K->314559K(314560K), 0.0000215 secs]2021-01-22T21:02:50.782-0800: 219.349: [Tenured: 618245K->384947K(699072K), 0.0751785 secs] 932804K->384947K(1013632K), [Metaspace: 2698K->2698K(1056768K)], 0.0753359 secs] [Times: user=0.07 sys=0.00, real=0.07 secs] 
2021-01-22T21:02:50.925-0800: 219.493: [GC (Allocation Failure) 2021-01-22T21:02:50.925-0800: 219.493: [DefNew: 279616K->34943K(314560K), 0.0234468 secs] 664563K->468091K(1013632K), 0.0237139 secs] [Times: user=0.02 sys=0.00, real=0.02 secs] 
2021-01-22T21:02:50.993-0800: 219.560: [GC (Allocation Failure) 2021-01-22T21:02:50.993-0800: 219.560: [DefNew: 314559K->34943K(314560K), 0.0152161 secs] 747707K->545605K(1013632K), 0.0153072 secs] [Times: user=0.01 sys=0.00, real=0.01 secs] 
2021-01-22T21:02:51.039-0800: 219.607: [GC (Allocation Failure) 2021-01-22T21:02:51.039-0800: 219.607: [DefNew: 314559K->34944K(314560K), 0.0155785 secs] 825221K->625345K(1013632K), 0.0156707 secs] [Times: user=0.02 sys=0.00, real=0.02 secs] 
2021-01-22T21:02:51.094-0800: 219.662: [GC (Allocation Failure) 2021-01-22T21:02:51.094-0800: 219.662: [DefNew: 314560K->34943K(314560K), 0.0152074 secs] 904961K->695766K(1013632K), 0.0153320 secs] [Times: user=0.02 sys=0.00, real=0.02 secs] 
2021-01-22T21:02:51.151-0800: 219.719: [GC (Allocation Failure) 2021-01-22T21:02:51.151-0800: 219.719: [DefNew: 314559K->314559K(314560K), 0.0000238 secs]2021-01-22T21:02:51.151-0800: 219.719: [Tenured: 660822K->412169K(699072K), 0.0502477 secs] 975382K->412169K(1013632K), [Metaspace: 2698K->2698K(1056768K)], 0.0503916 secs] [Times: user=0.05 sys=0.00, real=0.05 secs] 
2021-01-22T21:02:51.233-0800: 219.800: [GC (Allocation Failure) 2021-01-22T21:02:51.233-0800: 219.800: [DefNew: 279616K->34943K(314560K), 0.0113553 secs] 691785K->497785K(1013632K), 0.0115658 secs] [Times: user=0.01 sys=0.00, real=0.01 secs] 
2021-01-22T21:02:51.277-0800: 219.844: [GC (Allocation Failure) 2021-01-22T21:02:51.277-0800: 219.844: [DefNew: 314559K->34943K(314560K), 0.0148976 secs] 777401K->577900K(1013632K), 0.0149893 secs] [Times: user=0.01 sys=0.00, real=0.02 secs] 
2021-01-22T21:02:51.332-0800: 219.899: [GC (Allocation Failure) 2021-01-22T21:02:51.332-0800: 219.900: [DefNew: 314559K->34943K(314560K), 0.0198869 secs] 857516K->651429K(1013632K), 0.0201958 secs] [Times: user=0.02 sys=0.01, real=0.02 secs] 
2021-01-22T21:02:51.384-0800: 219.951: [GC (Allocation Failure) 2021-01-22T21:02:51.384-0800: 219.951: [DefNew: 314559K->314559K(314560K), 0.0000219 secs]2021-01-22T21:02:51.384-0800: 219.951: [Tenured: 616485K->403401K(699072K), 0.0567255 secs] 931045K->403401K(1013632K), [Metaspace: 2698K->2698K(1056768K)], 0.0568698 secs] [Times: user=0.04 sys=0.00, real=0.06 secs] 
2021-01-22T21:02:51.481-0800: 220.048: [GC (Allocation Failure) 2021-01-22T21:02:51.481-0800: 220.048: [DefNew: 279616K->34943K(314560K), 0.0126020 secs] 683017K->499454K(1013632K), 0.0126976 secs] [Times: user=0.01 sys=0.00, real=0.01 secs] 
2021-01-22T21:02:51.525-0800: 220.092: [GC (Allocation Failure) 2021-01-22T21:02:51.525-0800: 220.092: [DefNew: 314559K->34943K(314560K), 0.0148904 secs] 779070K->574092K(1013632K), 0.0150063 secs] [Times: user=0.02 sys=0.00, real=0.02 secs] 
2021-01-22T21:02:51.577-0800: 220.144: [GC (Allocation Failure) 2021-01-22T21:02:51.577-0800: 220.144: [DefNew: 314559K->34943K(314560K), 0.0395709 secs] 853708K->640761K(1013632K), 0.0398648 secs] [Times: user=0.03 sys=0.00, real=0.04 secs] 
2021-01-22T21:02:51.689-0800: 220.256: [GC (Allocation Failure) 2021-01-22T21:02:51.689-0800: 220.256: [DefNew: 314559K->314559K(314560K), 0.0000307 secs]2021-01-22T21:02:51.689-0800: 220.256: [Tenured: 605818K->392888K(699072K), 0.0825580 secs] 920377K->392888K(1013632K), [Metaspace: 2698K->2698K(1056768K)], 0.0827318 secs] [Times: user=0.08 sys=0.00, real=0.09 secs] 
2021-01-22T21:02:51.841-0800: 220.409: [GC (Allocation Failure) 2021-01-22T21:02:51.841-0800: 220.409: [DefNew: 279616K->34943K(314560K), 0.0227218 secs] 672504K->474328K(1013632K), 0.0228873 secs] [Times: user=0.02 sys=0.01, real=0.02 secs] 
2021-01-22T21:02:51.903-0800: 220.470: [GC (Allocation Failure) 2021-01-22T21:02:51.903-0800: 220.470: [DefNew: 314559K->34942K(314560K), 0.0176023 secs] 753944K->553291K(1013632K), 0.0177451 secs] [Times: user=0.02 sys=0.00, real=0.02 secs] 
2021-01-22T21:02:51.987-0800: 220.554: [GC (Allocation Failure) 2021-01-22T21:02:51.987-0800: 220.554: [DefNew: 314466K->34942K(314560K), 0.0330079 secs] 832815K->632377K(1013632K), 0.0331006 secs] [Times: user=0.03 sys=0.00, real=0.04 secs] 
2021-01-22T21:02:52.082-0800: 220.649: [GC (Allocation Failure) 2021-01-22T21:02:52.082-0800: 220.649: [DefNew: 314558K->314558K(314560K), 0.0000213 secs]2021-01-22T21:02:52.082-0800: 220.649: [Tenured: 597435K->374596K(699072K), 0.0509593 secs] 911993K->374596K(1013632K), [Metaspace: 2698K->2698K(1056768K)], 0.0510877 secs] [Times: user=0.05 sys=0.00, real=0.05 secs] 
2021-01-22T21:02:52.166-0800: 220.733: [GC (Allocation Failure) 2021-01-22T21:02:52.166-0800: 220.733: [DefNew: 279616K->34942K(314560K), 0.0125204 secs] 654212K->469714K(1013632K), 0.0126127 secs] [Times: user=0.01 sys=0.00, real=0.01 secs] 
2021-01-22T21:02:52.210-0800: 220.777: [GC (Allocation Failure) 2021-01-22T21:02:52.210-0800: 220.777: [DefNew: 314404K->34944K(314560K), 0.0173373 secs] 749176K->550048K(1013632K), 0.0174293 secs] [Times: user=0.01 sys=0.00, real=0.01 secs] 
2021-01-22T21:02:52.266-0800: 220.834: [GC (Allocation Failure) 2021-01-22T21:02:52.266-0800: 220.834: [DefNew: 314560K->34943K(314560K), 0.0202419 secs] 829664K->632996K(1013632K), 0.0203306 secs] [Times: user=0.02 sys=0.00, real=0.02 secs] 
2021-01-22T21:02:52.318-0800: 220.886: [GC (Allocation Failure) 2021-01-22T21:02:52.318-0800: 220.886: [DefNew: 314559K->314559K(314560K), 0.0000219 secs]2021-01-22T21:02:52.318-0800: 220.886: [Tenured: 598052K->410615K(699072K), 0.0530144 secs] 912612K->410615K(1013632K), [Metaspace: 2698K->2698K(1056768K)], 0.0531416 secs] [Times: user=0.05 sys=0.00, real=0.06 secs] 
2021-01-22T21:02:52.404-0800: 220.971: [GC (Allocation Failure) 2021-01-22T21:02:52.404-0800: 220.971: [DefNew: 279616K->34944K(314560K), 0.0100531 secs] 690231K->489648K(1013632K), 0.0101586 secs] [Times: user=0.01 sys=0.00, real=0.01 secs] 
2021-01-22T21:02:52.452-0800: 221.019: [GC (Allocation Failure) 2021-01-22T21:02:52.452-0800: 221.019: [DefNew: 314560K->34944K(314560K), 0.0157152 secs] 769264K->575177K(1013632K), 0.0158258 secs] [Times: user=0.02 sys=0.00, real=0.01 secs] 
2021-01-22T21:02:52.500-0800: 221.067: [GC (Allocation Failure) 2021-01-22T21:02:52.500-0800: 221.067: [DefNew: 314560K->34943K(314560K), 0.0159540 secs] 854793K->657930K(1013632K), 0.0160687 secs] [Times: user=0.02 sys=0.00, real=0.01 secs] 
2021-01-22T21:02:52.564-0800: 221.132: [GC (Allocation Failure) 2021-01-22T21:02:52.564-0800: 221.132: [DefNew: 314559K->314559K(314560K), 0.0000341 secs]2021-01-22T21:02:52.564-0800: 221.132: [Tenured: 622986K->412986K(699072K), 0.0498989 secs] 937546K->412986K(1013632K), [Metaspace: 2698K->2698K(1056768K)], 0.0500629 secs] [Times: user=0.05 sys=0.00, real=0.05 secs] 
2021-01-22T21:02:52.645-0800: 221.212: [GC (Allocation Failure) 2021-01-22T21:02:52.645-0800: 221.212: [DefNew: 279616K->34943K(314560K), 0.0122535 secs] 692602K->510251K(1013632K), 0.0123476 secs] [Times: user=0.01 sys=0.00, real=0.01 secs] 
2021-01-22T21:02:52.689-0800: 221.256: [GC (Allocation Failure) 2021-01-22T21:02:52.689-0800: 221.256: [DefNew: 314559K->34943K(314560K), 0.0147607 secs] 789867K->590715K(1013632K), 0.0148501 secs] [Times: user=0.02 sys=0.00, real=0.02 secs] 
2021-01-22T21:02:52.732-0800: 221.299: [GC (Allocation Failure) 2021-01-22T21:02:52.732-0800: 221.299: [DefNew: 314559K->34943K(314560K), 0.0149193 secs] 870331K->669625K(1013632K), 0.0150144 secs] [Times: user=0.01 sys=0.00, real=0.01 secs] 
2021-01-22T21:02:52.786-0800: 221.353: [GC (Allocation Failure) 2021-01-22T21:02:52.786-0800: 221.353: [DefNew: 314559K->314559K(314560K), 0.0000346 secs]2021-01-22T21:02:52.786-0800: 221.353: [Tenured: 634681K->412283K(699072K), 0.0950056 secs] 949241K->412283K(1013632K), [Metaspace: 2698K->2698K(1056768K)], 0.0951901 secs] [Times: user=0.09 sys=0.00, real=0.10 secs] 
2021-01-22T21:02:52.935-0800: 221.502: [GC (Allocation Failure) 2021-01-22T21:02:52.935-0800: 221.502: [DefNew: 279616K->34943K(314560K), 0.0205196 secs] 691899K->499968K(1013632K), 0.0206374 secs] [Times: user=0.02 sys=0.00, real=0.02 secs] 
2021-01-22T21:02:53.008-0800: 221.576: [GC (Allocation Failure) 2021-01-22T21:02:53.008-0800: 221.576: [DefNew: 314559K->34943K(314560K), 0.0285523 secs] 779584K->577015K(1013632K), 0.0288140 secs] [Times: user=0.02 sys=0.01, real=0.03 secs] 
2021-01-22T21:02:53.090-0800: 221.658: [GC (Allocation Failure) 2021-01-22T21:02:53.090-0800: 221.658: [DefNew: 314559K->34942K(314560K), 0.0196621 secs] 856631K->656737K(1013632K), 0.0197590 secs] [Times: user=0.02 sys=0.00, real=0.02 secs] 
2021-01-22T21:02:53.141-0800: 221.709: [GC (Allocation Failure) 2021-01-22T21:02:53.141-0800: 221.709: [DefNew: 314558K->314558K(314560K), 0.0000455 secs]2021-01-22T21:02:53.141-0800: 221.709: [Tenured: 621795K->352949K(699072K), 0.0460294 secs] 936353K->352949K(1013632K), [Metaspace: 2698K->2698K(1056768K)], 0.0461844 secs] [Times: user=0.05 sys=0.00, real=0.04 secs] 
2021-01-22T21:02:53.219-0800: 221.787: [GC (Allocation Failure) 2021-01-22T21:02:53.219-0800: 221.787: [DefNew: 279616K->34943K(314560K), 0.0118825 secs] 632565K->439953K(1013632K), 0.0128340 secs] [Times: user=0.01 sys=0.00, real=0.02 secs] 
2021-01-22T21:02:53.279-0800: 221.846: [GC (Allocation Failure) 2021-01-22T21:02:53.279-0800: 221.846: [DefNew: 314559K->34942K(314560K), 0.0229861 secs] 719569K->517578K(1013632K), 0.0231030 secs] [Times: user=0.02 sys=0.00, real=0.03 secs] 
2021-01-22T21:02:53.339-0800: 221.906: [GC (Allocation Failure) 2021-01-22T21:02:53.339-0800: 221.906: [DefNew: 314558K->34943K(314560K), 0.0145352 secs] 797194K->595444K(1013632K), 0.0146350 secs] [Times: user=0.01 sys=0.00, real=0.02 secs] 
2021-01-22T21:02:53.384-0800: 221.951: [GC (Allocation Failure) 2021-01-22T21:02:53.384-0800: 221.951: [DefNew: 314559K->34943K(314560K), 0.0151136 secs] 875060K->677491K(1013632K), 0.0152080 secs] [Times: user=0.02 sys=0.00, real=0.01 secs] 
2021-01-22T21:02:53.428-0800: 221.995: [GC (Allocation Failure) 2021-01-22T21:02:53.428-0800: 221.996: [DefNew: 314559K->314559K(314560K), 0.0000218 secs]2021-01-22T21:02:53.428-0800: 221.996: [Tenured: 642547K->407028K(699072K), 0.0556070 secs] 957107K->407028K(1013632K), [Metaspace: 2698K->2698K(1056768K)], 0.0557375 secs] [Times: user=0.05 sys=0.00, real=0.06 secs] 
2021-01-22T21:02:53.514-0800: 222.082: [GC (Allocation Failure) 2021-01-22T21:02:53.514-0800: 222.082: [DefNew: 279616K->34943K(314560K), 0.0119818 secs] 686644K->497484K(1013632K), 0.0120781 secs] [Times: user=0.01 sys=0.00, real=0.01 secs] 
2021-01-22T21:02:53.563-0800: 222.130: [GC (Allocation Failure) 2021-01-22T21:02:53.563-0800: 222.130: [DefNew: 314559K->34942K(314560K), 0.0197862 secs] 777100K->578170K(1013632K), 0.0199646 secs] [Times: user=0.02 sys=0.00, real=0.02 secs] 
2021-01-22T21:02:53.613-0800: 222.180: [GC (Allocation Failure) 2021-01-22T21:02:53.613-0800: 222.180: [DefNew: 314167K->34943K(314560K), 0.0151318 secs] 857395K->657218K(1013632K), 0.0152288 secs] [Times: user=0.01 sys=0.00, real=0.01 secs] 
2021-01-22T21:02:53.659-0800: 222.226: [GC (Allocation Failure) 2021-01-22T21:02:53.659-0800: 222.226: [DefNew: 314559K->314559K(314560K), 0.0000221 secs]2021-01-22T21:02:53.659-0800: 222.226: [Tenured: 622274K->414710K(699072K), 0.0494873 secs] 936834K->414710K(1013632K), [Metaspace: 2698K->2698K(1056768K)], 0.0496129 secs] [Times: user=0.05 sys=0.00, real=0.05 secs] 
2021-01-22T21:02:53.740-0800: 222.307: [GC (Allocation Failure) 2021-01-22T21:02:53.740-0800: 222.307: [DefNew: 279285K->34944K(314560K), 0.0104034 secs] 693995K->496316K(1013632K), 0.0104950 secs] [Times: user=0.01 sys=0.01, real=0.01 secs] 
2021-01-22T21:02:53.780-0800: 222.347: [GC (Allocation Failure) 2021-01-22T21:02:53.780-0800: 222.347: [DefNew: 314560K->34943K(314560K), 0.0142491 secs] 775932K->576272K(1013632K), 0.0143393 secs] [Times: user=0.01 sys=0.00, real=0.01 secs] 
2021-01-22T21:02:53.832-0800: 222.399: [GC (Allocation Failure) 2021-01-22T21:02:53.832-0800: 222.399: [DefNew: 314559K->34943K(314560K), 0.0142226 secs] 855888K->653620K(1013632K), 0.0143095 secs] [Times: user=0.01 sys=0.00, real=0.01 secs] 
2021-01-22T21:02:53.876-0800: 222.444: [GC (Allocation Failure) 2021-01-22T21:02:53.876-0800: 222.444: [DefNew: 314559K->314559K(314560K), 0.0000219 secs]2021-01-22T21:02:53.876-0800: 222.444: [Tenured: 618676K->404969K(699072K), 0.0496997 secs] 933236K->404969K(1013632K), [Metaspace: 2698K->2698K(1056768K)], 0.0498271 secs] [Times: user=0.05 sys=0.00, real=0.05 secs] 
2021-01-22T21:02:53.958-0800: 222.525: [GC (Allocation Failure) 2021-01-22T21:02:53.958-0800: 222.525: [DefNew: 279616K->34944K(314560K), 0.0104906 secs] 684585K->487299K(1013632K), 0.0105834 secs] [Times: user=0.01 sys=0.00, real=0.01 secs] 
2021-01-22T21:02:53.999-0800: 222.566: [GC (Allocation Failure) 2021-01-22T21:02:53.999-0800: 222.566: [DefNew: 314560K->34944K(314560K), 0.0148498 secs] 766915K->568104K(1013632K), 0.0149479 secs] [Times: user=0.02 sys=0.00, real=0.02 secs] 
2021-01-22T21:02:54.043-0800: 222.611: [GC (Allocation Failure) 2021-01-22T21:02:54.043-0800: 222.611: [DefNew: 314560K->34942K(314560K), 0.0155301 secs] 847720K->650422K(1013632K), 0.0157293 secs] [Times: user=0.01 sys=0.00, real=0.01 secs] 
2021-01-22T21:02:54.094-0800: 222.662: [GC (Allocation Failure) 2021-01-22T21:02:54.095-0800: 222.662: [DefNew: 314558K->314558K(314560K), 0.0000226 secs]2021-01-22T21:02:54.095-0800: 222.662: [Tenured: 615480K->380242K(699072K), 0.0508728 secs] 930038K->380242K(1013632K), [Metaspace: 2698K->2698K(1056768K)], 0.0510051 secs] [Times: user=0.05 sys=0.00, real=0.05 secs] 
2021-01-22T21:02:54.177-0800: 222.744: [GC (Allocation Failure) 2021-01-22T21:02:54.177-0800: 222.744: [DefNew: 279616K->34943K(314560K), 0.0115337 secs] 659858K->471299K(1013632K), 0.0116456 secs] [Times: user=0.01 sys=0.00, real=0.01 secs] 
2021-01-22T21:02:54.217-0800: 222.784: [GC (Allocation Failure) 2021-01-22T21:02:54.217-0800: 222.784: [DefNew: 314559K->34944K(314560K), 0.0150708 secs] 750915K->553846K(1013632K), 0.0151688 secs] [Times: user=0.01 sys=0.00, real=0.02 secs] 
2021-01-22T21:02:54.264-0800: 222.831: [GC (Allocation Failure) 2021-01-22T21:02:54.264-0800: 222.831: [DefNew: 314560K->34943K(314560K), 0.0136570 secs] 833462K->626807K(1013632K), 0.0137598 secs] [Times: user=0.02 sys=0.00, real=0.01 secs] 
2021-01-22T21:02:54.308-0800: 222.875: [GC (Allocation Failure) 2021-01-22T21:02:54.308-0800: 222.875: [DefNew: 314559K->314559K(314560K), 0.0000218 secs]2021-01-22T21:02:54.308-0800: 222.875: [Tenured: 591864K->407542K(699072K), 0.0561129 secs] 906423K->407542K(1013632K), [Metaspace: 2698K->2698K(1056768K)], 0.0562448 secs] [Times: user=0.06 sys=0.00, real=0.06 secs] 
2021-01-22T21:02:54.403-0800: 222.970: [GC (Allocation Failure) 2021-01-22T21:02:54.403-0800: 222.970: [DefNew: 279616K->34944K(314560K), 0.0116660 secs] 687158K->491699K(1013632K), 0.0117695 secs] [Times: user=0.01 sys=0.00, real=0.01 secs] 
2021-01-22T21:02:54.444-0800: 223.012: [GC (Allocation Failure) 2021-01-22T21:02:54.444-0800: 223.012: [DefNew: 314560K->34943K(314560K), 0.0153422 secs] 771315K->575029K(1013632K), 0.0154357 secs] [Times: user=0.01 sys=0.00, real=0.02 secs] 
2021-01-22T21:02:54.491-0800: 223.059: [GC (Allocation Failure) 2021-01-22T21:02:54.491-0800: 223.059: [DefNew: 314559K->34943K(314560K), 0.0153096 secs] 854645K->650039K(1013632K), 0.0154020 secs] [Times: user=0.02 sys=0.00, real=0.01 secs] 
2021-01-22T21:02:54.536-0800: 223.103: [GC (Allocation Failure) 2021-01-22T21:02:54.536-0800: 223.103: [DefNew: 314559K->314559K(314560K), 0.0000224 secs]2021-01-22T21:02:54.536-0800: 223.104: [Tenured: 615095K->403082K(699072K), 0.0543677 secs] 929655K->403082K(1013632K), [Metaspace: 2698K->2698K(1056768K)], 0.0545127 secs] [Times: user=0.05 sys=0.01, real=0.06 secs] 
2021-01-22T21:02:54.623-0800: 223.190: [GC (Allocation Failure) 2021-01-22T21:02:54.623-0800: 223.190: [DefNew: 279616K->34943K(314560K), 0.0108492 secs] 682698K->488662K(1013632K), 0.0109560 secs] [Times: user=0.01 sys=0.00, real=0.01 secs] 
2021-01-22T21:02:54.686-0800: 223.253: [GC (Allocation Failure) 2021-01-22T21:02:54.686-0800: 223.253: [DefNew: 314556K->34943K(314560K), 0.0138875 secs] 768275K->560580K(1013632K), 0.0139791 secs] [Times: user=0.01 sys=0.00, real=0.02 secs] 
2021-01-22T21:02:54.743-0800: 223.310: [GC (Allocation Failure) 2021-01-22T21:02:54.743-0800: 223.310: [DefNew: 314559K->34943K(314560K), 0.0152212 secs] 840196K->639879K(1013632K), 0.0153155 secs] [Times: user=0.02 sys=0.00, real=0.01 secs] 
2021-01-22T21:02:54.788-0800: 223.356: [GC (Allocation Failure) 2021-01-22T21:02:54.788-0800: 223.356: [DefNew: 314388K->314388K(314560K), 0.0000399 secs]2021-01-22T21:02:54.788-0800: 223.356: [Tenured: 604935K->413658K(699072K), 0.0581481 secs] 919323K->413658K(1013632K), [Metaspace: 2698K->2698K(1056768K)], 0.0583470 secs] [Times: user=0.06 sys=0.00, real=0.06 secs] 
2021-01-22T21:02:54.879-0800: 223.446: [GC (Allocation Failure) 2021-01-22T21:02:54.879-0800: 223.446: [DefNew: 279616K->34942K(314560K), 0.0144631 secs] 693274K->499389K(1013632K), 0.0145682 secs] [Times: user=0.01 sys=0.00, real=0.02 secs] 
2021-01-22T21:02:54.936-0800: 223.504: [GC (Allocation Failure) 2021-01-22T21:02:54.936-0800: 223.504: [DefNew: 314558K->34944K(314560K), 0.0154184 secs] 779005K->582524K(1013632K), 0.0155047 secs] [Times: user=0.02 sys=0.00, real=0.02 secs] 
2021-01-22T21:02:54.989-0800: 223.557: [GC (Allocation Failure) 2021-01-22T21:02:54.989-0800: 223.557: [DefNew: 314427K->34944K(314560K), 0.0154250 secs] 862007K->659953K(1013632K), 0.0155295 secs] [Times: user=0.01 sys=0.00, real=0.02 secs] 
2021-01-22T21:02:55.036-0800: 223.603: [GC (Allocation Failure) 2021-01-22T21:02:55.036-0800: 223.603: [DefNew: 314560K->314560K(314560K), 0.0000475 secs]2021-01-22T21:02:55.036-0800: 223.603: [Tenured: 625009K->374085K(699072K), 0.0524639 secs] 939569K->374085K(1013632K), [Metaspace: 2698K->2698K(1056768K)], 0.0527502 secs] [Times: user=0.05 sys=0.00, real=0.05 secs] 
2021-01-22T21:02:55.135-0800: 223.703: [GC (Allocation Failure) 2021-01-22T21:02:55.135-0800: 223.703: [DefNew: 279616K->34943K(314560K), 0.0112902 secs] 653701K->458343K(1013632K), 0.0113886 secs] [Times: user=0.01 sys=0.00, real=0.01 secs] 
2021-01-22T21:02:55.184-0800: 223.751: [GC (Allocation Failure) 2021-01-22T21:02:55.184-0800: 223.752: [DefNew: 314559K->34943K(314560K), 0.1394398 secs] 737959K->537975K(1013632K), 0.1395599 secs] [Times: user=0.02 sys=0.00, real=0.14 secs] 
2021-01-22T21:02:55.450-0800: 224.018: [GC (Allocation Failure) 2021-01-22T21:02:55.450-0800: 224.018: [DefNew: 314559K->34943K(314560K), 0.0157981 secs] 817591K->612367K(1013632K), 0.0159039 secs] [Times: user=0.02 sys=0.00, real=0.01 secs] 
2021-01-22T21:02:55.500-0800: 224.067: [GC (Allocation Failure) 2021-01-22T21:02:55.500-0800: 224.067: [DefNew: 314559K->34943K(314560K), 0.0159806 secs] 891983K->692913K(1013632K), 0.0160762 secs] [Times: user=0.02 sys=0.00, real=0.01 secs] 
2021-01-22T21:02:55.547-0800: 224.114: [GC (Allocation Failure) 2021-01-22T21:02:55.547-0800: 224.114: [DefNew: 314559K->314559K(314560K), 0.0000220 secs]2021-01-22T21:02:55.547-0800: 224.114: [Tenured: 657970K->416807K(699072K), 0.0489464 secs] 972529K->416807K(1013632K), [Metaspace: 2698K->2698K(1056768K)], 0.0490774 secs] [Times: user=0.04 sys=0.00, real=0.05 secs] 
2021-01-22T21:02:55.627-0800: 224.195: [GC (Allocation Failure) 2021-01-22T21:02:55.627-0800: 224.195: [DefNew: 279575K->34944K(314560K), 0.0118162 secs] 696382K->506721K(1013632K), 0.0119134 secs] [Times: user=0.01 sys=0.00, real=0.01 secs] 
2021-01-22T21:02:55.671-0800: 224.238: [GC (Allocation Failure) 2021-01-22T21:02:55.671-0800: 224.238: [DefNew: 314560K->34943K(314560K), 0.0141194 secs] 786337K->582090K(1013632K), 0.0142234 secs] [Times: user=0.01 sys=0.00, real=0.01 secs] 
2021-01-22T21:02:55.713-0800: 224.280: [GC (Allocation Failure) 2021-01-22T21:02:55.713-0800: 224.280: [DefNew: 314559K->34943K(314560K), 0.0156264 secs] 861706K->668157K(1013632K), 0.0157199 secs] [Times: user=0.01 sys=0.00, real=0.01 secs] 
2021-01-22T21:02:55.761-0800: 224.328: [GC (Allocation Failure) 2021-01-22T21:02:55.761-0800: 224.328: [DefNew: 314559K->314559K(314560K), 0.0000217 secs]2021-01-22T21:02:55.761-0800: 224.328: [Tenured: 633214K->410746K(699072K), 0.0491212 secs] 947773K->410746K(1013632K), [Metaspace: 2698K->2698K(1056768K)], 0.0492488 secs] [Times: user=0.05 sys=0.00, real=0.05 secs] 
2021-01-22T21:02:55.851-0800: 224.418: [GC (Allocation Failure) 2021-01-22T21:02:55.851-0800: 224.418: [DefNew: 279616K->34942K(314560K), 0.0148114 secs] 690362K->489173K(1013632K), 0.0149024 secs] [Times: user=0.01 sys=0.00, real=0.01 secs] 
2021-01-22T21:02:55.896-0800: 224.463: [GC (Allocation Failure) 2021-01-22T21:02:55.896-0800: 224.463: [DefNew: 314558K->34943K(314560K), 0.0148472 secs] 768789K->565759K(1013632K), 0.0149531 secs] [Times: user=0.02 sys=0.00, real=0.02 secs] 
2021-01-22T21:02:55.942-0800: 224.509: [GC (Allocation Failure) 2021-01-22T21:02:55.942-0800: 224.509: [DefNew: 314559K->34943K(314560K), 0.0149234 secs] 845375K->648602K(1013632K), 0.0150233 secs] [Times: user=0.01 sys=0.00, real=0.01 secs] 
2021-01-22T21:02:55.995-0800: 224.562: [GC (Allocation Failure) 2021-01-22T21:02:55.995-0800: 224.562: [DefNew: 314559K->314559K(314560K), 0.0000218 secs]2021-01-22T21:02:55.995-0800: 224.562: [Tenured: 613658K->413620K(699072K), 0.0491590 secs] 928218K->413620K(1013632K), [Metaspace: 2698K->2698K(1056768K)], 0.0492872 secs] [Times: user=0.05 sys=0.00, real=0.05 secs] 
2021-01-22T21:02:56.075-0800: 224.642: [GC (Allocation Failure) 2021-01-22T21:02:56.075-0800: 224.642: [DefNew: 279616K->34943K(314560K), 0.0116427 secs] 693236K->505345K(1013632K), 0.0117343 secs] [Times: user=0.01 sys=0.00, real=0.01 secs] 
2021-01-22T21:02:56.118-0800: 224.685: [GC (Allocation Failure) 2021-01-22T21:02:56.118-0800: 224.685: [DefNew: 314559K->34943K(314560K), 0.0140487 secs] 784961K->582458K(1013632K), 0.0141375 secs] [Times: user=0.01 sys=0.00, real=0.02 secs] 
2021-01-22T21:02:56.163-0800: 224.730: [GC (Allocation Failure) 2021-01-22T21:02:56.163-0800: 224.730: [DefNew: 314172K->34943K(314560K), 0.0155996 secs] 861687K->662442K(1013632K), 0.0156927 secs] [Times: user=0.02 sys=0.00, real=0.01 secs] 
2021-01-22T21:02:56.209-0800: 224.776: [GC (Allocation Failure) 2021-01-22T21:02:56.209-0800: 224.776: [DefNew: 314559K->314559K(314560K), 0.0000231 secs]2021-01-22T21:02:56.209-0800: 224.776: [Tenured: 627499K->374899K(699072K), 0.0512236 secs] 942058K->374899K(1013632K), [Metaspace: 2698K->2698K(1056768K)], 0.0513696 secs] [Times: user=0.05 sys=0.00, real=0.06 secs] 
2021-01-22T21:02:56.301-0800: 224.868: [GC (Allocation Failure) 2021-01-22T21:02:56.301-0800: 224.868: [DefNew: 279616K->34944K(314560K), 0.0111752 secs] 654515K->457832K(1013632K), 0.0112779 secs] [Times: user=0.02 sys=0.00, real=0.01 secs] 
2021-01-22T21:02:56.359-0800: 224.927: [GC (Allocation Failure) 2021-01-22T21:02:56.360-0800: 224.927: [DefNew: 314560K->34943K(314560K), 0.0150251 secs] 737448K->535429K(1013632K), 0.0151173 secs] [Times: user=0.01 sys=0.00, real=0.02 secs] 
2021-01-22T21:02:56.405-0800: 224.972: [GC (Allocation Failure) 2021-01-22T21:02:56.405-0800: 224.972: [DefNew: 314559K->34943K(314560K), 0.0150912 secs] 815045K->615984K(1013632K), 0.0152092 secs] [Times: user=0.02 sys=0.00, real=0.02 secs] 
2021-01-22T21:02:56.451-0800: 225.018: [GC (Allocation Failure) 2021-01-22T21:02:56.451-0800: 225.018: [DefNew: 314559K->34943K(314560K), 0.0159039 secs] 895600K->703667K(1013632K), 0.0160135 secs] [Times: user=0.01 sys=0.00, real=0.01 secs] 
2021-01-22T21:02:56.498-0800: 225.065: [GC (Allocation Failure) 2021-01-22T21:02:56.498-0800: 225.065: [DefNew: 314559K->314559K(314560K), 0.0000217 secs]2021-01-22T21:02:56.498-0800: 225.065: [Tenured: 668723K->416486K(699072K), 0.0631956 secs] 983283K->416486K(1013632K), [Metaspace: 2698K->2698K(1056768K)], 0.0633264 secs] [Times: user=0.07 sys=0.00, real=0.07 secs] 
2021-01-22T21:02:56.597-0800: 225.165: [GC (Allocation Failure) 2021-01-22T21:02:56.598-0800: 225.165: [DefNew: 279616K->34943K(314560K), 0.0207705 secs] 696102K->503370K(1013632K), 0.0208798 secs] [Times: user=0.01 sys=0.00, real=0.02 secs] 
2021-01-22T21:02:56.738-0800: 225.306: [GC (Allocation Failure) 2021-01-22T21:02:56.738-0800: 225.306: [DefNew: 314559K->34943K(314560K), 0.0296425 secs] 782986K->576470K(1013632K), 0.0297577 secs] [Times: user=0.03 sys=0.00, real=0.03 secs] 
2021-01-22T21:02:56.825-0800: 225.392: [GC (Allocation Failure) 2021-01-22T21:02:56.825-0800: 225.392: [DefNew: 314559K->34943K(314560K), 0.0164207 secs] 856086K->654684K(1013632K), 0.0165259 secs] [Times: user=0.01 sys=0.00, real=0.02 secs] 
2021-01-22T21:02:56.877-0800: 225.445: [GC (Allocation Failure) 2021-01-22T21:02:56.878-0800: 225.445: [DefNew: 314559K->314559K(314560K), 0.0000221 secs]2021-01-22T21:02:56.878-0800: 225.445: [Tenured: 619740K->410790K(699072K), 0.0505051 secs] 934300K->410790K(1013632K), [Metaspace: 2698K->2698K(1056768K)], 0.0506388 secs] [Times: user=0.05 sys=0.00, real=0.05 secs] 
2021-01-22T21:02:56.959-0800: 225.527: [GC (Allocation Failure) 2021-01-22T21:02:56.960-0800: 225.527: [DefNew: 279165K->34944K(314560K), 0.0107743 secs] 689955K->494146K(1013632K), 0.0108654 secs] [Times: user=0.01 sys=0.00, real=0.02 secs] 
2021-01-22T21:02:57.002-0800: 225.569: [GC (Allocation Failure) 2021-01-22T21:02:57.002-0800: 225.569: [DefNew: 314560K->34943K(314560K), 0.0150623 secs] 773762K->571206K(1013632K), 0.0151683 secs] [Times: user=0.01 sys=0.00, real=0.01 secs] 
2021-01-22T21:02:57.048-0800: 225.615: [GC (Allocation Failure) 2021-01-22T21:02:57.048-0800: 225.615: [DefNew: 314470K->34943K(314560K), 0.0150676 secs] 850733K->650555K(1013632K), 0.0151637 secs] [Times: user=0.02 sys=0.00, real=0.02 secs] 
2021-01-22T21:02:57.095-0800: 225.663: [GC (Allocation Failure) 2021-01-22T21:02:57.095-0800: 225.663: [DefNew: 314158K->314158K(314560K), 0.0000342 secs]2021-01-22T21:02:57.095-0800: 225.663: [Tenured: 615612K->401334K(699072K), 0.0502888 secs] 929771K->401334K(1013632K), [Metaspace: 2698K->2698K(1056768K)], 0.0504647 secs] [Times: user=0.04 sys=0.00, real=0.05 secs] 
2021-01-22T21:02:57.178-0800: 225.745: [GC (Allocation Failure) 2021-01-22T21:02:57.178-0800: 225.745: [DefNew: 279616K->34944K(314560K), 0.0114665 secs] 680950K->485295K(1013632K), 0.0115573 secs] [Times: user=0.01 sys=0.00, real=0.01 secs] 
2021-01-22T21:02:57.219-0800: 225.786: [GC (Allocation Failure) 2021-01-22T21:02:57.219-0800: 225.786: [DefNew: 314560K->34944K(314560K), 0.0153581 secs] 764911K->571092K(1013632K), 0.0154510 secs] [Times: user=0.01 sys=0.00, real=0.02 secs] 
2021-01-22T21:02:57.268-0800: 225.835: [GC (Allocation Failure) 2021-01-22T21:02:57.268-0800: 225.835: [DefNew: 314560K->34943K(314560K), 0.0166350 secs] 850708K->648182K(1013632K), 0.0167626 secs] [Times: user=0.02 sys=0.00, real=0.02 secs] 
2021-01-22T21:02:57.320-0800: 225.887: [GC (Allocation Failure) 2021-01-22T21:02:57.320-0800: 225.888: [DefNew: 314559K->314559K(314560K), 0.0000323 secs]2021-01-22T21:02:57.320-0800: 225.888: [Tenured: 613238K->365617K(699072K), 0.0590095 secs] 927798K->365617K(1013632K), [Metaspace: 2698K->2698K(1056768K)], 0.0591570 secs] [Times: user=0.06 sys=0.00, real=0.05 secs] 
2021-01-22T21:02:57.413-0800: 225.981: [GC (Allocation Failure) 2021-01-22T21:02:57.413-0800: 225.981: [DefNew: 279616K->34943K(314560K), 0.0105821 secs] 645233K->449285K(1013632K), 0.0106857 secs] [Times: user=0.01 sys=0.00, real=0.01 secs] 
2021-01-22T21:02:57.455-0800: 226.022: [GC (Allocation Failure) 2021-01-22T21:02:57.455-0800: 226.022: [DefNew: 314559K->34943K(314560K), 0.0168910 secs] 728901K->529605K(1013632K), 0.0169834 secs] [Times: user=0.02 sys=0.00, real=0.02 secs] 
2021-01-22T21:02:57.507-0800: 226.074: [GC (Allocation Failure) 2021-01-22T21:02:57.507-0800: 226.074: [DefNew: 314559K->34943K(314560K), 0.0144427 secs] 809221K->607700K(1013632K), 0.0145357 secs] [Times: user=0.02 sys=0.00, real=0.02 secs] 
2021-01-22T21:02:57.556-0800: 226.124: [GC (Allocation Failure) 2021-01-22T21:02:57.556-0800: 226.124: [DefNew: 314559K->34943K(314560K), 0.0194962 secs] 887316K->688485K(1013632K), 0.0196974 secs] [Times: user=0.02 sys=0.00, real=0.02 secs] 
2021-01-22T21:02:57.620-0800: 226.188: [GC (Allocation Failure) 2021-01-22T21:02:57.620-0800: 226.188: [DefNew: 314559K->314559K(314560K), 0.0000414 secs]2021-01-22T21:02:57.620-0800: 226.188: [Tenured: 653541K->397053K(699072K), 0.0476751 secs] 968101K->397053K(1013632K), [Metaspace: 2698K->2698K(1056768K)], 0.0478373 secs] [Times: user=0.05 sys=0.00, real=0.04 secs] 
2021-01-22T21:02:57.699-0800: 226.267: [GC (Allocation Failure) 2021-01-22T21:02:57.699-0800: 226.267: [DefNew: 279558K->34944K(314560K), 0.0115381 secs] 676611K->485843K(1013632K), 0.0116569 secs] [Times: user=0.01 sys=0.00, real=0.02 secs] 
2021-01-22T21:02:57.750-0800: 226.317: [GC (Allocation Failure) 2021-01-22T21:02:57.750-0800: 226.317: [DefNew: 314560K->34943K(314560K), 0.0182116 secs] 765459K->579574K(1013632K), 0.0184534 secs] [Times: user=0.02 sys=0.00, real=0.01 secs] 
2021-01-22T21:02:57.801-0800: 226.369: [GC (Allocation Failure) 2021-01-22T21:02:57.801-0800: 226.369: [DefNew: 314559K->34944K(314560K), 0.0164597 secs] 859190K->671790K(1013632K), 0.0165534 secs] [Times: user=0.02 sys=0.01, real=0.01 secs] 
2021-01-22T21:02:57.860-0800: 226.427: [GC (Allocation Failure) 2021-01-22T21:02:57.860-0800: 226.427: [DefNew: 314560K->314560K(314560K), 0.0000346 secs]2021-01-22T21:02:57.860-0800: 226.427: [Tenured: 636846K->417225K(699072K), 0.0598775 secs] 951406K->417225K(1013632K), [Metaspace: 2698K->2698K(1056768K)], 0.0601207 secs] [Times: user=0.06 sys=0.00, real=0.06 secs] 
2021-01-22T21:02:57.951-0800: 226.518: [GC (Allocation Failure) 2021-01-22T21:02:57.951-0800: 226.518: [DefNew: 279592K->34943K(314560K), 0.0116588 secs] 696818K->505768K(1013632K), 0.0117519 secs] [Times: user=0.01 sys=0.00, real=0.01 secs] 
2021-01-22T21:02:57.992-0800: 226.559: [GC (Allocation Failure) 2021-01-22T21:02:57.992-0800: 226.560: [DefNew: 314559K->34943K(314560K), 0.0147714 secs] 785384K->587195K(1013632K), 0.0148674 secs] [Times: user=0.01 sys=0.00, real=0.01 secs] 
2021-01-22T21:02:58.036-0800: 226.603: [GC (Allocation Failure) 2021-01-22T21:02:58.036-0800: 226.603: [DefNew: 314555K->34943K(314560K), 0.0150672 secs] 866807K->670140K(1013632K), 0.0151620 secs] [Times: user=0.01 sys=0.00, real=0.02 secs] 
2021-01-22T21:02:58.080-0800: 226.647: [GC (Allocation Failure) 2021-01-22T21:02:58.080-0800: 226.647: [DefNew: 314559K->314559K(314560K), 0.0000217 secs]2021-01-22T21:02:58.080-0800: 226.647: [Tenured: 635196K->423659K(699072K), 0.0498383 secs] 949756K->423659K(1013632K), [Metaspace: 2698K->2698K(1056768K)], 0.0499659 secs] [Times: user=0.05 sys=0.00, real=0.05 secs] 
2021-01-22T21:02:58.162-0800: 226.729: [GC (Allocation Failure) 2021-01-22T21:02:58.162-0800: 226.729: [DefNew: 279616K->34943K(314560K), 0.0108658 secs] 703275K->508913K(1013632K), 0.0109587 secs] [Times: user=0.01 sys=0.00, real=0.01 secs] 
2021-01-22T21:02:58.204-0800: 226.771: [GC (Allocation Failure) 2021-01-22T21:02:58.204-0800: 226.771: [DefNew: 314559K->34943K(314560K), 0.0134853 secs] 788529K->581276K(1013632K), 0.0135818 secs] [Times: user=0.02 sys=0.00, real=0.01 secs] 
2021-01-22T21:02:58.248-0800: 226.815: [GC (Allocation Failure) 2021-01-22T21:02:58.248-0800: 226.815: [DefNew: 314559K->34943K(314560K), 0.0170967 secs] 860892K->672048K(1013632K), 0.0171917 secs] [Times: user=0.01 sys=0.00, real=0.02 secs] 
2021-01-22T21:02:58.297-0800: 226.864: [GC (Allocation Failure) 2021-01-22T21:02:58.297-0800: 226.864: [DefNew: 314559K->314559K(314560K), 0.0000222 secs]2021-01-22T21:02:58.297-0800: 226.864: [Tenured: 637104K->377092K(699072K), 0.0567310 secs] 951664K->377092K(1013632K), [Metaspace: 2698K->2698K(1056768K)], 0.0568583 secs] [Times: user=0.06 sys=0.00, real=0.06 secs] 
2021-01-22T21:02:58.392-0800: 226.959: [GC (Allocation Failure) 2021-01-22T21:02:58.392-0800: 226.959: [DefNew: 279616K->34943K(314560K), 0.0114502 secs] 656708K->462734K(1013632K), 0.0116216 secs] [Times: user=0.02 sys=0.00, real=0.01 secs] 
2021-01-22T21:02:58.433-0800: 227.001: [GC (Allocation Failure) 2021-01-22T21:02:58.433-0800: 227.001: [DefNew: 314559K->34943K(314560K), 0.0172096 secs] 742350K->546738K(1013632K), 0.0173631 secs] [Times: user=0.02 sys=0.00, real=0.02 secs] 
2021-01-22T21:02:58.487-0800: 227.055: [GC (Allocation Failure) 2021-01-22T21:02:58.487-0800: 227.055: [DefNew: 314559K->34943K(314560K), 0.0140404 secs] 826354K->616997K(1013632K), 0.0141980 secs] [Times: user=0.01 sys=0.00, real=0.02 secs] 
2021-01-22T21:02:58.531-0800: 227.099: [GC (Allocation Failure) 2021-01-22T21:02:58.531-0800: 227.099: [DefNew: 314559K->34943K(314560K), 0.0146231 secs] 896613K->692080K(1013632K), 0.0147167 secs] [Times: user=0.01 sys=0.00, real=0.01 secs] 
2021-01-22T21:02:58.576-0800: 227.144: [GC (Allocation Failure) 2021-01-22T21:02:58.576-0800: 227.144: [DefNew: 314559K->314559K(314560K), 0.0000218 secs]2021-01-22T21:02:58.576-0800: 227.144: [Tenured: 657137K->388941K(699072K), 0.0453694 secs] 971696K->388941K(1013632K), [Metaspace: 2698K->2698K(1056768K)], 0.0454967 secs] [Times: user=0.05 sys=0.01, real=0.05 secs] 
2021-01-22T21:02:58.655-0800: 227.223: [GC (Allocation Failure) 2021-01-22T21:02:58.655-0800: 227.223: [DefNew: 279616K->34943K(314560K), 0.0103100 secs] 668557K->469836K(1013632K), 0.0104052 secs] [Times: user=0.01 sys=0.00, real=0.01 secs] 
2021-01-22T21:02:58.696-0800: 227.263: [GC (Allocation Failure) 2021-01-22T21:02:58.696-0800: 227.263: [DefNew: 314559K->34943K(314560K), 0.0145946 secs] 749452K->549960K(1013632K), 0.0146871 secs] [Times: user=0.01 sys=0.00, real=0.02 secs] 
2021-01-22T21:02:58.741-0800: 227.309: [GC (Allocation Failure) 2021-01-22T21:02:58.741-0800: 227.309: [DefNew: 314559K->34942K(314560K), 0.0139841 secs] 829576K->624858K(1013632K), 0.0140729 secs] [Times: user=0.01 sys=0.00, real=0.01 secs] 
2021-01-22T21:02:58.786-0800: 227.353: [GC (Allocation Failure) 2021-01-22T21:02:58.786-0800: 227.353: [DefNew: 314558K->314558K(314560K), 0.0000213 secs]2021-01-22T21:02:58.786-0800: 227.353: [Tenured: 589916K->393254K(699072K), 0.0673549 secs] 904474K->393254K(1013632K), [Metaspace: 2698K->2698K(1056768K)], 0.0674809 secs] [Times: user=0.06 sys=0.00, real=0.07 secs] 
2021-01-22T21:02:58.907-0800: 227.474: [GC (Allocation Failure) 2021-01-22T21:02:58.907-0800: 227.474: [DefNew: 279616K->34943K(314560K), 0.0219511 secs] 672870K->481136K(1013632K), 0.0220806 secs] [Times: user=0.02 sys=0.00, real=0.02 secs] 
2021-01-22T21:02:58.996-0800: 227.563: [GC (Allocation Failure) 2021-01-22T21:02:58.996-0800: 227.563: [DefNew: 314559K->34943K(314560K), 0.0225356 secs] 760752K->561676K(1013632K), 0.0227701 secs] [Times: user=0.02 sys=0.00, real=0.02 secs] 
2021-01-22T21:02:59.056-0800: 227.623: [GC (Allocation Failure) 2021-01-22T21:02:59.056-0800: 227.623: [DefNew: 314559K->34943K(314560K), 0.0135117 secs] 841292K->630212K(1013632K), 0.0136367 secs] [Times: user=0.02 sys=0.00, real=0.02 secs] 
2021-01-22T21:02:59.100-0800: 227.667: [GC (Allocation Failure) 2021-01-22T21:02:59.100-0800: 227.667: [DefNew: 314559K->314559K(314560K), 0.0000221 secs]2021-01-22T21:02:59.100-0800: 227.667: [Tenured: 595268K->408328K(699072K), 0.0487481 secs] 909828K->408328K(1013632K), [Metaspace: 2698K->2698K(1056768K)], 0.0488779 secs] [Times: user=0.04 sys=0.01, real=0.04 secs] 
2021-01-22T21:02:59.181-0800: 227.748: [GC (Allocation Failure) 2021-01-22T21:02:59.181-0800: 227.748: [DefNew: 279616K->34943K(314560K), 0.0108057 secs] 687944K->492123K(1013632K), 0.0108944 secs] [Times: user=0.02 sys=0.00, real=0.01 secs] 
2021-01-22T21:02:59.223-0800: 227.790: [GC (Allocation Failure) 2021-01-22T21:02:59.223-0800: 227.790: [DefNew: 314559K->34941K(314560K), 0.0132864 secs] 771739K->558725K(1013632K), 0.0133930 secs] [Times: user=0.01 sys=0.00, real=0.01 secs] 
2021-01-22T21:02:59.268-0800: 227.835: [GC (Allocation Failure) 2021-01-22T21:02:59.268-0800: 227.835: [DefNew: 314557K->34943K(314560K), 0.0150215 secs] 838341K->642310K(1013632K), 0.0151141 secs] [Times: user=0.01 sys=0.00, real=0.02 secs] 
2021-01-22T21:02:59.315-0800: 227.882: [GC (Allocation Failure) 2021-01-22T21:02:59.315-0800: 227.882: [DefNew: 314559K->314559K(314560K), 0.0000214 secs]2021-01-22T21:02:59.315-0800: 227.882: [Tenured: 607366K->359361K(699072K), 0.0611569 secs] 921926K->359361K(1013632K), [Metaspace: 2698K->2698K(1056768K)], 0.0614262 secs] [Times: user=0.06 sys=0.00, real=0.06 secs] 
2021-01-22T21:02:59.437-0800: 228.004: [GC (Allocation Failure) 2021-01-22T21:02:59.437-0800: 228.004: [DefNew: 279616K->34943K(314560K), 0.0228095 secs] 638977K->445440K(1013632K), 0.0229411 secs] [Times: user=0.02 sys=0.00, real=0.03 secs] 
2021-01-22T21:02:59.533-0800: 228.101: [GC (Allocation Failure) 2021-01-22T21:02:59.533-0800: 228.101: [DefNew: 314559K->34943K(314560K), 0.0256034 secs] 725056K->519966K(1013632K), 0.0257176 secs] [Times: user=0.03 sys=0.00, real=0.02 secs] 
2021-01-22T21:02:59.621-0800: 228.188: [GC (Allocation Failure) 2021-01-22T21:02:59.621-0800: 228.188: [DefNew: 314559K->34944K(314560K), 0.0166003 secs] 799582K->600485K(1013632K), 0.0166923 secs] [Times: user=0.01 sys=0.00, real=0.01 secs] 
2021-01-22T21:02:59.669-0800: 228.236: [GC (Allocation Failure) 2021-01-22T21:02:59.669-0800: 228.237: [DefNew: 314560K->34943K(314560K), 0.0151309 secs] 880101K->677937K(1013632K), 0.0152293 secs] [Times: user=0.01 sys=0.00, real=0.02 secs] 
2021-01-22T21:02:59.717-0800: 228.284: [GC (Allocation Failure) 2021-01-22T21:02:59.717-0800: 228.284: [DefNew: 314382K->314382K(314560K), 0.0000204 secs]2021-01-22T21:02:59.717-0800: 228.284: [Tenured: 642993K->396276K(699072K), 0.0468227 secs] 957376K->396276K(1013632K), [Metaspace: 2698K->2698K(1056768K)], 0.0469432 secs] [Times: user=0.05 sys=0.01, real=0.05 secs] 
2021-01-22T21:02:59.794-0800: 228.362: [GC (Allocation Failure) 2021-01-22T21:02:59.794-0800: 228.362: [DefNew: 279599K->34943K(314560K), 0.0128771 secs] 675876K->491731K(1013632K), 0.0129749 secs] [Times: user=0.01 sys=0.00, real=0.01 secs] 
2021-01-22T21:02:59.841-0800: 228.408: [GC (Allocation Failure) 2021-01-22T21:02:59.841-0800: 228.408: [DefNew: 314559K->34943K(314560K), 0.0203624 secs] 771347K->568602K(1013632K), 0.0204776 secs] [Times: user=0.02 sys=0.00, real=0.02 secs] 
2021-01-22T21:02:59.893-0800: 228.460: [GC (Allocation Failure) 2021-01-22T21:02:59.893-0800: 228.460: [DefNew: 314559K->34943K(314560K), 0.0155378 secs] 848218K->649737K(1013632K), 0.0156316 secs] [Times: user=0.02 sys=0.00, real=0.01 secs] 
2021-01-22T21:02:59.938-0800: 228.505: [GC (Allocation Failure) 2021-01-22T21:02:59.938-0800: 228.505: [DefNew: 314559K->314559K(314560K), 0.0000200 secs]2021-01-22T21:02:59.938-0800: 228.505: [Tenured: 614793K->405623K(699072K), 0.0501432 secs] 929353K->405623K(1013632K), [Metaspace: 2698K->2698K(1056768K)], 0.0502638 secs] [Times: user=0.05 sys=0.00, real=0.05 secs] 
2021-01-22T21:03:00.026-0800: 228.593: [GC (Allocation Failure) 2021-01-22T21:03:00.026-0800: 228.593: [DefNew: 279616K->34943K(314560K), 0.0110108 secs] 685239K->490430K(1013632K), 0.0111150 secs] [Times: user=0.01 sys=0.00, real=0.01 secs] 
2021-01-22T21:03:00.068-0800: 228.635: [GC (Allocation Failure) 2021-01-22T21:03:00.068-0800: 228.636: [DefNew: 314559K->34943K(314560K), 0.0147586 secs] 770046K->567784K(1013632K), 0.0148490 secs] [Times: user=0.02 sys=0.00, real=0.02 secs] 
2021-01-22T21:03:00.111-0800: 228.679: [GC (Allocation Failure) 2021-01-22T21:03:00.111-0800: 228.679: [DefNew: 314559K->34943K(314560K), 0.0144609 secs] 847400K->643787K(1013632K), 0.0145473 secs] [Times: user=0.02 sys=0.00, real=0.01 secs] 
2021-01-22T21:03:00.157-0800: 228.724: [GC (Allocation Failure) 2021-01-22T21:03:00.157-0800: 228.724: [DefNew: 314559K->314559K(314560K), 0.0000197 secs]2021-01-22T21:03:00.157-0800: 228.724: [Tenured: 608843K->396667K(699072K), 0.0526193 secs] 923403K->396667K(1013632K), [Metaspace: 2698K->2698K(1056768K)], 0.0527513 secs] [Times: user=0.05 sys=0.00, real=0.05 secs] 
2021-01-22T21:03:00.275-0800: 228.842: [GC (Allocation Failure) 2021-01-22T21:03:00.275-0800: 228.842: [DefNew: 279616K->34943K(314560K), 0.0264518 secs] 676283K->492722K(1013632K), 0.0265716 secs] [Times: user=0.02 sys=0.00, real=0.03 secs] 
2021-01-22T21:03:00.364-0800: 228.931: [GC (Allocation Failure) 2021-01-22T21:03:00.364-0800: 228.931: [DefNew: 314559K->34943K(314560K), 0.0161997 secs] 772338K->576741K(1013632K), 0.0164031 secs] [Times: user=0.02 sys=0.00, real=0.02 secs] 
2021-01-22T21:03:00.411-0800: 228.978: [GC (Allocation Failure) 2021-01-22T21:03:00.411-0800: 228.978: [DefNew: 314559K->34941K(314560K), 0.0158063 secs] 856357K->658899K(1013632K), 0.0158965 secs] [Times: user=0.01 sys=0.01, real=0.01 secs] 
2021-01-22T21:03:00.457-0800: 229.024: [GC (Allocation Failure) 2021-01-22T21:03:00.457-0800: 229.024: [DefNew: 314557K->314557K(314560K), 0.0000199 secs]2021-01-22T21:03:00.457-0800: 229.024: [Tenured: 623957K->378554K(699072K), 0.0562181 secs] 938515K->378554K(1013632K), [Metaspace: 2698K->2698K(1056768K)], 0.0563446 secs] [Times: user=0.05 sys=0.00, real=0.06 secs] 
2021-01-22T21:03:00.545-0800: 229.112: [GC (Allocation Failure) 2021-01-22T21:03:00.545-0800: 229.112: [DefNew: 279616K->34943K(314560K), 0.0109546 secs] 658170K->463289K(1013632K), 0.0110790 secs] [Times: user=0.01 sys=0.00, real=0.01 secs] 
2021-01-22T21:03:00.586-0800: 229.153: [GC (Allocation Failure) 2021-01-22T21:03:00.586-0800: 229.153: [DefNew: 314559K->34943K(314560K), 0.0169637 secs] 742905K->558425K(1013632K), 0.0170546 secs] [Times: user=0.02 sys=0.00, real=0.02 secs] 
2021-01-22T21:03:00.656-0800: 229.223: [GC (Allocation Failure) 2021-01-22T21:03:00.656-0800: 229.223: [DefNew: 314263K->34942K(314560K), 0.0436317 secs] 837744K->631553K(1013632K), 0.0441062 secs] [Times: user=0.02 sys=0.00, real=0.05 secs] 
2021-01-22T21:03:00.763-0800: 229.330: [GC (Allocation Failure) 2021-01-22T21:03:00.763-0800: 229.330: [DefNew: 314558K->314558K(314560K), 0.0000205 secs]2021-01-22T21:03:00.763-0800: 229.330: [Tenured: 596610K->417596K(699072K), 0.0489774 secs] 911169K->417596K(1013632K), [Metaspace: 2698K->2698K(1056768K)], 0.0490958 secs] [Times: user=0.04 sys=0.00, real=0.05 secs] 
2021-01-22T21:03:00.850-0800: 229.418: [GC (Allocation Failure) 2021-01-22T21:03:00.850-0800: 229.418: [DefNew: 279616K->34943K(314560K), 0.0101534 secs] 697212K->498832K(1013632K), 0.0102697 secs] [Times: user=0.01 sys=0.00, real=0.01 secs] 
2021-01-22T21:03:00.893-0800: 229.460: [GC (Allocation Failure) 2021-01-22T21:03:00.893-0800: 229.460: [DefNew: 314559K->34943K(314560K), 0.0161035 secs] 778448K->577112K(1013632K), 0.0162075 secs] [Times: user=0.01 sys=0.00, real=0.01 secs] 
2021-01-22T21:03:00.939-0800: 229.506: [GC (Allocation Failure) 2021-01-22T21:03:00.939-0800: 229.506: [DefNew: 314559K->34942K(314560K), 0.0159308 secs] 856728K->661627K(1013632K), 0.0160180 secs] [Times: user=0.02 sys=0.00, real=0.02 secs] 
2021-01-22T21:03:00.988-0800: 229.555: [GC (Allocation Failure) 2021-01-22T21:03:00.988-0800: 229.555: [DefNew: 314558K->314558K(314560K), 0.0000209 secs]2021-01-22T21:03:00.988-0800: 229.555: [Tenured: 626684K->413849K(699072K), 0.0830651 secs] 941243K->413849K(1013632K), [Metaspace: 2698K->2698K(1056768K)], 0.0831917 secs] [Times: user=0.07 sys=0.01, real=0.09 secs] 
2021-01-22T21:03:01.109-0800: 229.676: [GC (Allocation Failure) 2021-01-22T21:03:01.109-0800: 229.676: [DefNew: 279616K->34944K(314560K), 0.0116594 secs] 693465K->501399K(1013632K), 0.0117456 secs] [Times: user=0.01 sys=0.00, real=0.02 secs] 
2021-01-22T21:03:01.151-0800: 229.718: [GC (Allocation Failure) 2021-01-22T21:03:01.151-0800: 229.718: [DefNew: 314560K->34944K(314560K), 0.0154206 secs] 781015K->583773K(1013632K), 0.0155288 secs] [Times: user=0.02 sys=0.00, real=0.01 secs] 
2021-01-22T21:03:01.197-0800: 229.764: [GC (Allocation Failure) 2021-01-22T21:03:01.197-0800: 229.764: [DefNew: 314560K->34943K(314560K), 0.0153439 secs] 863389K->666520K(1013632K), 0.0154305 secs] [Times: user=0.01 sys=0.00, real=0.02 secs] 
2021-01-22T21:03:01.243-0800: 229.810: [GC (Allocation Failure) 2021-01-22T21:03:01.243-0800: 229.810: [DefNew: 314559K->314559K(314560K), 0.0000190 secs]2021-01-22T21:03:01.243-0800: 229.810: [Tenured: 631576K->414799K(699072K), 0.0502273 secs] 946136K->414799K(1013632K), [Metaspace: 2698K->2698K(1056768K)], 0.0503433 secs] [Times: user=0.05 sys=0.00, real=0.05 secs] 
2021-01-22T21:03:01.326-0800: 229.893: [GC (Allocation Failure) 2021-01-22T21:03:01.326-0800: 229.893: [DefNew: 279616K->34943K(314560K), 0.0131122 secs] 694415K->497474K(1013632K), 0.0131983 secs] [Times: user=0.01 sys=0.00, real=0.01 secs] 
2021-01-22T21:03:01.383-0800: 229.950: [GC (Allocation Failure) 2021-01-22T21:03:01.383-0800: 229.950: [DefNew: 314559K->34942K(314560K), 0.0190773 secs] 777090K->572474K(1013632K), 0.0192923 secs] [Times: user=0.01 sys=0.00, real=0.02 secs] 
2021-01-22T21:03:01.469-0800: 230.036: [GC (Allocation Failure) 2021-01-22T21:03:01.469-0800: 230.036: [DefNew: 314558K->34943K(314560K), 0.0171778 secs] 852090K->656818K(1013632K), 0.0172735 secs] [Times: user=0.02 sys=0.00, real=0.02 secs] 
2021-01-22T21:03:01.521-0800: 230.089: [GC (Allocation Failure) 2021-01-22T21:03:01.521-0800: 230.089: [DefNew: 314559K->314559K(314560K), 0.0000199 secs]2021-01-22T21:03:01.521-0800: 230.089: [Tenured: 621875K->391780K(699072K), 0.0538274 secs] 936434K->391780K(1013632K), [Metaspace: 2698K->2698K(1056768K)], 0.0545378 secs] [Times: user=0.05 sys=0.00, real=0.05 secs] 
2021-01-22T21:03:01.606-0800: 230.174: [GC (Allocation Failure) 2021-01-22T21:03:01.606-0800: 230.174: [DefNew: 279616K->34944K(314560K), 0.0106865 secs] 671396K->473714K(1013632K), 0.0107878 secs] [Times: user=0.01 sys=0.01, real=0.01 secs] 
2021-01-22T21:03:01.647-0800: 230.214: [GC (Allocation Failure) 2021-01-22T21:03:01.647-0800: 230.214: [DefNew: 314560K->34941K(314560K), 0.0152345 secs] 753330K->555333K(1013632K), 0.0153635 secs] [Times: user=0.02 sys=0.00, real=0.02 secs] 
2021-01-22T21:03:01.692-0800: 230.260: [GC (Allocation Failure) 2021-01-22T21:03:01.692-0800: 230.260: [DefNew: 314557K->34943K(314560K), 0.0148079 secs] 834949K->636734K(1013632K), 0.0148968 secs] [Times: user=0.02 sys=0.00, real=0.01 secs] 
2021-01-22T21:03:01.738-0800: 230.305: [GC (Allocation Failure) 2021-01-22T21:03:01.738-0800: 230.305: [DefNew: 314108K->314108K(314560K), 0.0000194 secs]2021-01-22T21:03:01.738-0800: 230.305: [Tenured: 601790K->416654K(699072K), 0.0522621 secs] 915899K->416654K(1013632K), [Metaspace: 2698K->2698K(1056768K)], 0.0523824 secs] [Times: user=0.05 sys=0.00, real=0.06 secs] 
2021-01-22T21:03:01.856-0800: 230.424: [GC (Allocation Failure) 2021-01-22T21:03:01.856-0800: 230.424: [DefNew: 279616K->34943K(314560K), 0.0253042 secs] 696270K->504275K(1013632K), 0.0254143 secs] [Times: user=0.02 sys=0.00, real=0.03 secs] 
2021-01-22T21:03:01.952-0800: 230.520: [GC (Allocation Failure) 2021-01-22T21:03:01.953-0800: 230.520: [DefNew: 314559K->34943K(314560K), 0.0267298 secs] 783891K->578486K(1013632K), 0.0268330 secs] [Times: user=0.03 sys=0.00, real=0.02 secs] 
2021-01-22T21:03:02.042-0800: 230.610: [GC (Allocation Failure) 2021-01-22T21:03:02.042-0800: 230.610: [DefNew: 314559K->34943K(314560K), 0.0289691 secs] 858102K->658561K(1013632K), 0.0291908 secs] [Times: user=0.03 sys=0.01, real=0.03 secs] 
2021-01-22T21:03:02.127-0800: 230.695: [GC (Allocation Failure) 2021-01-22T21:03:02.128-0800: 230.695: [DefNew: 314559K->314559K(314560K), 0.0000425 secs]2021-01-22T21:03:02.128-0800: 230.695: [Tenured: 623618K->394600K(699072K), 0.0902189 secs] 938177K->394600K(1013632K), [Metaspace: 2698K->2698K(1056768K)], 0.0906086 secs] [Times: user=0.09 sys=0.00, real=0.09 secs] 
2021-01-22T21:03:02.258-0800: 230.825: [GC (Allocation Failure) 2021-01-22T21:03:02.258-0800: 230.825: [DefNew: 279616K->34943K(314560K), 0.0136634 secs] 674216K->480031K(1013632K), 0.0137800 secs] [Times: user=0.02 sys=0.00, real=0.02 secs] 
2021-01-22T21:03:02.337-0800: 230.904: [GC (Allocation Failure) 2021-01-22T21:03:02.337-0800: 230.904: [DefNew: 314559K->34943K(314560K), 0.0323057 secs] 759647K->556383K(1013632K), 0.0324900 secs] [Times: user=0.03 sys=0.00, real=0.03 secs] 
2021-01-22T21:03:02.435-0800: 231.003: [GC (Allocation Failure) 2021-01-22T21:03:02.436-0800: 231.003: [DefNew: 314559K->34942K(314560K), 0.0246188 secs] 835999K->645406K(1013632K), 0.0247964 secs] [Times: user=0.02 sys=0.00, real=0.03 secs] 
2021-01-22T21:03:02.502-0800: 231.070: [GC (Allocation Failure) 2021-01-22T21:03:02.502-0800: 231.070: [DefNew: 314558K->314558K(314560K), 0.0000198 secs]2021-01-22T21:03:02.502-0800: 231.070: [Tenured: 610463K->423646K(699072K), 0.0515972 secs] 925022K->423646K(1013632K), [Metaspace: 2698K->2698K(1056768K)], 0.0517829 secs] [Times: user=0.05 sys=0.00, real=0.05 secs] 
2021-01-22T21:03:02.585-0800: 231.153: [GC (Allocation Failure) 2021-01-22T21:03:02.585-0800: 231.153: [DefNew: 279616K->34943K(314560K), 0.0115059 secs] 703262K->509886K(1013632K), 0.0115928 secs] [Times: user=0.01 sys=0.00, real=0.01 secs] 
2021-01-22T21:03:02.627-0800: 231.194: [GC (Allocation Failure) 2021-01-22T21:03:02.627-0800: 231.195: [DefNew: 314559K->34943K(314560K), 0.0148433 secs] 789502K->589443K(1013632K), 0.0149294 secs] [Times: user=0.01 sys=0.00, real=0.02 secs] 
2021-01-22T21:03:02.673-0800: 231.240: [GC (Allocation Failure) 2021-01-22T21:03:02.673-0800: 231.240: [DefNew: 314559K->34944K(314560K), 0.0195020 secs] 869059K->663507K(1013632K), 0.0196085 secs] [Times: user=0.02 sys=0.00, real=0.02 secs] 
2021-01-22T21:03:02.759-0800: 231.326: [GC (Allocation Failure) 2021-01-22T21:03:02.759-0800: 231.326: [DefNew: 314560K->314560K(314560K), 0.0000197 secs]2021-01-22T21:03:02.759-0800: 231.327: [Tenured: 628563K->363357K(699072K), 0.0553986 secs] 943123K->363357K(1013632K), [Metaspace: 2698K->2698K(1056768K)], 0.0555226 secs] [Times: user=0.06 sys=0.00, real=0.06 secs] 
2021-01-22T21:03:02.871-0800: 231.438: [GC (Allocation Failure) 2021-01-22T21:03:02.871-0800: 231.438: [DefNew: 279616K->34944K(314560K), 0.0110229 secs] 642973K->447119K(1013632K), 0.0111077 secs] [Times: user=0.01 sys=0.00, real=0.01 secs] 
2021-01-22T21:03:02.927-0800: 231.495: [GC (Allocation Failure) 2021-01-22T21:03:02.927-0800: 231.495: [DefNew: 314560K->34943K(314560K), 0.0222134 secs] 726735K->519457K(1013632K), 0.0223001 secs] [Times: user=0.02 sys=0.00, real=0.03 secs] 
2021-01-22T21:03:02.995-0800: 231.563: [GC (Allocation Failure) 2021-01-22T21:03:02.995-0800: 231.563: [DefNew: 314559K->34943K(314560K), 0.0288533 secs] 799073K->595885K(1013632K), 0.0289323 secs] [Times: user=0.02 sys=0.01, real=0.03 secs] 
2021-01-22T21:03:03.076-0800: 231.643: [GC (Allocation Failure) 2021-01-22T21:03:03.076-0800: 231.643: [DefNew: 314559K->34942K(314560K), 0.0349798 secs] 875501K->679098K(1013632K), 0.0351909 secs] [Times: user=0.03 sys=0.00, real=0.04 secs] 
2021-01-22T21:03:03.157-0800: 231.724: [GC (Allocation Failure) 2021-01-22T21:03:03.157-0800: 231.724: [DefNew: 314558K->314558K(314560K), 0.0000197 secs]2021-01-22T21:03:03.157-0800: 231.724: [Tenured: 644156K->395430K(699072K), 0.0717957 secs] 958714K->395430K(1013632K), [Metaspace: 2698K->2698K(1056768K)], 0.0719312 secs] [Times: user=0.05 sys=0.00, real=0.07 secs] 
2021-01-22T21:03:03.290-0800: 231.857: [GC (Allocation Failure) 2021-01-22T21:03:03.290-0800: 231.857: [DefNew: 279616K->34943K(314560K), 0.0129247 secs] 675046K->481546K(1013632K), 0.0130279 secs] [Times: user=0.02 sys=0.00, real=0.01 secs] 
2021-01-22T21:03:03.340-0800: 231.908: [GC (Allocation Failure) 2021-01-22T21:03:03.340-0800: 231.908: [DefNew: 314559K->34943K(314560K), 0.0189035 secs] 761162K->555067K(1013632K), 0.0190085 secs] [Times: user=0.02 sys=0.00, real=0.01 secs] 
2021-01-22T21:03:03.396-0800: 231.963: [GC (Allocation Failure) 2021-01-22T21:03:03.396-0800: 231.963: [DefNew: 314559K->34943K(314560K), 0.0251908 secs] 834683K->635764K(1013632K), 0.0252877 secs] [Times: user=0.02 sys=0.00, real=0.03 secs] 
2021-01-22T21:03:03.466-0800: 232.033: [GC (Allocation Failure) 2021-01-22T21:03:03.466-0800: 232.033: [DefNew: 314559K->314559K(314560K), 0.0000195 secs]2021-01-22T21:03:03.466-0800: 232.033: [Tenured: 600820K->395471K(699072K), 0.0715488 secs] 915380K->395471K(1013632K), [Metaspace: 2698K->2698K(1056768K)], 0.0716669 secs] [Times: user=0.05 sys=0.00, real=0.07 secs] 
2021-01-22T21:03:03.577-0800: 232.144: [GC (Allocation Failure) 2021-01-22T21:03:03.577-0800: 232.144: [DefNew: 279616K->34944K(314560K), 0.0112995 secs] 675087K->476798K(1013632K), 0.0113884 secs] [Times: user=0.01 sys=0.00, real=0.01 secs] 
2021-01-22T21:03:03.620-0800: 232.187: [GC (Allocation Failure) 2021-01-22T21:03:03.620-0800: 232.187: [DefNew: 314560K->34943K(314560K), 0.0152253 secs] 756414K->559481K(1013632K), 0.0153130 secs] [Times: user=0.02 sys=0.00, real=0.01 secs] 
2021-01-22T21:03:03.666-0800: 232.233: [GC (Allocation Failure) 2021-01-22T21:03:03.666-0800: 232.234: [DefNew: 314559K->34943K(314560K), 0.0147566 secs] 839097K->635692K(1013632K), 0.0148435 secs] [Times: user=0.01 sys=0.01, real=0.02 secs] 
2021-01-22T21:03:03.711-0800: 232.279: [GC (Allocation Failure) 2021-01-22T21:03:03.711-0800: 232.279: [DefNew: 314559K->314559K(314560K), 0.0000205 secs]2021-01-22T21:03:03.711-0800: 232.279: [Tenured: 600749K->405300K(699072K), 0.0490968 secs] 915308K->405300K(1013632K), [Metaspace: 2698K->2698K(1056768K)], 0.0492189 secs] [Times: user=0.05 sys=0.00, real=0.05 secs] 
2021-01-22T21:03:03.794-0800: 232.361: [GC (Allocation Failure) 2021-01-22T21:03:03.794-0800: 232.361: [DefNew: 279302K->34943K(314560K), 0.0106585 secs] 684602K->484183K(1013632K), 0.0107495 secs] [Times: user=0.01 sys=0.00, real=0.01 secs] 
2021-01-22T21:03:03.836-0800: 232.404: [GC (Allocation Failure) 2021-01-22T21:03:03.836-0800: 232.404: [DefNew: 314051K->34943K(314560K), 0.0146842 secs] 763291K->564789K(1013632K), 0.0148251 secs] [Times: user=0.02 sys=0.00, real=0.02 secs] 
2021-01-22T21:03:03.882-0800: 232.450: [GC (Allocation Failure) 2021-01-22T21:03:03.882-0800: 232.450: [DefNew: 314559K->34943K(314560K), 0.0145587 secs] 844405K->639611K(1013632K), 0.0146467 secs] [Times: user=0.01 sys=0.00, real=0.01 secs] 
2021-01-22T21:03:03.927-0800: 232.494: [GC (Allocation Failure) 2021-01-22T21:03:03.927-0800: 232.495: [DefNew: 314350K->314350K(314560K), 0.0000416 secs]2021-01-22T21:03:03.927-0800: 232.495: [Tenured: 604668K->366121K(699072K), 0.0632510 secs] 919018K->366121K(1013632K), [Metaspace: 2698K->2698K(1056768K)], 0.0634151 secs] [Times: user=0.06 sys=0.00, real=0.07 secs] 
2021-01-22T21:03:04.045-0800: 232.612: [GC (Allocation Failure) 2021-01-22T21:03:04.045-0800: 232.612: [DefNew: 279616K->34943K(314560K), 0.0128929 secs] 645737K->459109K(1013632K), 0.0129798 secs] [Times: user=0.01 sys=0.00, real=0.01 secs] 
2021-01-22T21:03:04.091-0800: 232.658: [GC (Allocation Failure) 2021-01-22T21:03:04.091-0800: 232.658: [DefNew: 314559K->34943K(314560K), 0.0164390 secs] 738725K->541733K(1013632K), 0.0165394 secs] [Times: user=0.02 sys=0.00, real=0.01 secs] 
2021-01-22T21:03:04.142-0800: 232.709: [GC (Allocation Failure) 2021-01-22T21:03:04.142-0800: 232.709: [DefNew: 314559K->34941K(314560K), 0.0298732 secs] 821349K->622371K(1013632K), 0.0299850 secs] [Times: user=0.03 sys=0.00, real=0.03 secs] 
2021-01-22T21:03:04.227-0800: 232.794: [GC (Allocation Failure) 2021-01-22T21:03:04.227-0800: 232.794: [DefNew: 314377K->314377K(314560K), 0.0000648 secs]2021-01-22T21:03:04.227-0800: 232.794: [Tenured: 587430K->414376K(699072K), 0.0759057 secs] 901807K->414376K(1013632K), [Metaspace: 2698K->2698K(1056768K)], 0.0761507 secs] [Times: user=0.07 sys=0.01, real=0.08 secs] 
2021-01-22T21:03:04.335-0800: 232.902: [GC (Allocation Failure) 2021-01-22T21:03:04.335-0800: 232.902: [DefNew: 279616K->34941K(314560K), 0.0134435 secs] 693992K->500689K(1013632K), 0.0135306 secs] [Times: user=0.01 sys=0.00, real=0.01 secs] 
2021-01-22T21:03:04.379-0800: 232.947: [GC (Allocation Failure) 2021-01-22T21:03:04.380-0800: 232.947: [DefNew: 314557K->34943K(314560K), 0.0143032 secs] 780305K->574609K(1013632K), 0.0143929 secs] [Times: user=0.02 sys=0.00, real=0.02 secs] 
2021-01-22T21:03:04.425-0800: 232.993: [GC (Allocation Failure) 2021-01-22T21:03:04.425-0800: 232.993: [DefNew: 314559K->34943K(314560K), 0.0163548 secs] 854225K->659042K(1013632K), 0.0164464 secs] [Times: user=0.01 sys=0.00, real=0.02 secs] 
2021-01-22T21:03:04.481-0800: 233.049: [GC (Allocation Failure) 2021-01-22T21:03:04.481-0800: 233.049: [DefNew: 314559K->314559K(314560K), 0.0000215 secs]2021-01-22T21:03:04.481-0800: 233.049: [Tenured: 624098K->402755K(699072K), 0.0600248 secs] 938658K->402755K(1013632K), [Metaspace: 2698K->2698K(1056768K)], 0.0601717 secs] [Times: user=0.06 sys=0.00, real=0.06 secs] 
2021-01-22T21:03:04.575-0800: 233.142: [GC (Allocation Failure) 2021-01-22T21:03:04.575-0800: 233.142: [DefNew: 279616K->34942K(314560K), 0.0114066 secs] 682371K->486180K(1013632K), 0.0114745 secs] [Times: user=0.01 sys=0.00, real=0.01 secs] 
2021-01-22T21:03:04.637-0800: 233.205: [GC (Allocation Failure) 2021-01-22T21:03:04.647-0800: 233.215: [DefNew: 314558K->34943K(314560K), 0.0167652 secs] 765796K->567593K(1013632K), 0.0269504 secs] [Times: user=0.01 sys=0.00, real=0.03 secs] 
2021-01-22T21:03:04.717-0800: 233.284: [GC (Allocation Failure) 2021-01-22T21:03:04.717-0800: 233.284: [DefNew: 314559K->34943K(314560K), 0.0220481 secs] 847209K->647903K(1013632K), 0.0222463 secs] [Times: user=0.02 sys=0.00, real=0.03 secs] 
2021-01-22T21:03:04.799-0800: 233.366: [GC (Allocation Failure) 2021-01-22T21:03:04.799-0800: 233.366: [DefNew: 314559K->314559K(314560K), 0.0000284 secs]2021-01-22T21:03:04.799-0800: 233.366: [Tenured: 612959K->402763K(699072K), 0.1425635 secs] 927519K->402763K(1013632K), [Metaspace: 2698K->2698K(1056768K)], 0.1427118 secs] [Times: user=0.07 sys=0.00, real=0.15 secs] 
2021-01-22T21:03:05.039-0800: 233.607: [GC (Allocation Failure) 2021-01-22T21:03:05.040-0800: 233.607: [DefNew: 279616K->34943K(314560K), 0.0192561 secs] 682379K->486677K(1013632K), 0.0196150 secs] [Times: user=0.01 sys=0.01, real=0.02 secs] 
2021-01-22T21:03:05.188-0800: 233.756: [GC (Allocation Failure) 2021-01-22T21:03:05.188-0800: 233.756: [DefNew: 314559K->34943K(314560K), 0.0584546 secs] 766293K->571681K(1013632K), 0.0585981 secs] [Times: user=0.03 sys=0.00, real=0.06 secs] 
2021-01-22T21:03:05.323-0800: 233.890: [GC (Allocation Failure) 2021-01-22T21:03:05.323-0800: 233.890: [DefNew: 314559K->34943K(314560K), 0.0231500 secs] 851297K->658758K(1013632K), 0.0232561 secs] [Times: user=0.02 sys=0.00, real=0.02 secs] 
2021-01-22T21:03:05.402-0800: 233.969: [GC (Allocation Failure) 2021-01-22T21:03:05.402-0800: 233.969: [DefNew: 314559K->314559K(314560K), 0.0000305 secs]2021-01-22T21:03:05.402-0800: 233.969: [Tenured: 623814K->378798K(699072K), 0.0642043 secs] 938374K->378798K(1013632K), [Metaspace: 2698K->2698K(1056768K)], 0.0643538 secs] [Times: user=0.06 sys=0.00, real=0.06 secs] 
2021-01-22T21:03:05.516-0800: 234.084: [GC (Allocation Failure) 2021-01-22T21:03:05.516-0800: 234.084: [DefNew: 279616K->34944K(314560K), 0.0122116 secs] 658414K->462700K(1013632K), 0.0123123 secs] [Times: user=0.02 sys=0.00, real=0.01 secs] 
2021-01-22T21:03:05.605-0800: 234.172: [GC (Allocation Failure) 2021-01-22T21:03:05.605-0800: 234.172: [DefNew: 314560K->34943K(314560K), 0.0153243 secs] 742316K->538335K(1013632K), 0.0154358 secs] [Times: user=0.02 sys=0.00, real=0.02 secs] 
2021-01-22T21:03:05.741-0800: 234.308: [GC (Allocation Failure) 2021-01-22T21:03:05.741-0800: 234.308: [DefNew: 314559K->34943K(314560K), 0.0399553 secs] 817951K->616007K(1013632K), 0.0400570 secs] [Times: user=0.03 sys=0.00, real=0.04 secs] 
2021-01-22T21:03:05.855-0800: 234.422: [GC (Allocation Failure) 2021-01-22T21:03:05.855-0800: 234.422: [DefNew: 314192K->34944K(314560K), 0.0165759 secs] 895256K->688622K(1013632K), 0.0166672 secs] [Times: user=0.02 sys=0.00, real=0.02 secs] 
2021-01-22T21:03:05.928-0800: 234.495: [GC (Allocation Failure) 2021-01-22T21:03:05.928-0800: 234.495: [DefNew: 314560K->314560K(314560K), 0.0000327 secs]2021-01-22T21:03:05.928-0800: 234.495: [Tenured: 653678K->407032K(699072K), 0.0643830 secs] 968238K->407032K(1013632K), [Metaspace: 2698K->2698K(1056768K)], 0.0645483 secs] [Times: user=0.06 sys=0.00, real=0.07 secs] 
2021-01-22T21:03:06.059-0800: 234.626: [GC (Allocation Failure) 2021-01-22T21:03:06.059-0800: 234.626: [DefNew: 279616K->34944K(314560K), 0.0329508 secs] 686648K->504205K(1013632K), 0.0330590 secs] [Times: user=0.03 sys=0.01, real=0.04 secs] 
2021-01-22T21:03:06.166-0800: 234.734: [GC (Allocation Failure) 2021-01-22T21:03:06.166-0800: 234.734: [DefNew: 314560K->34940K(314560K), 0.0186393 secs] 783821K->578044K(1013632K), 0.0187454 secs] [Times: user=0.02 sys=0.00, real=0.02 secs] 
2021-01-22T21:03:06.240-0800: 234.807: [GC (Allocation Failure) 2021-01-22T21:03:06.240-0800: 234.808: [DefNew: 314556K->34943K(314560K), 0.0192528 secs] 857660K->652239K(1013632K), 0.0193642 secs] [Times: user=0.02 sys=0.00, real=0.02 secs] 
2021-01-22T21:03:06.321-0800: 234.889: [GC (Allocation Failure) 2021-01-22T21:03:06.321-0800: 234.889: [DefNew: 314559K->314559K(314560K), 0.0000300 secs]2021-01-22T21:03:06.321-0800: 234.889: [Tenured: 617296K->398666K(699072K), 0.0757041 secs] 931855K->398666K(1013632K), [Metaspace: 2698K->2698K(1056768K)], 0.0758620 secs] [Times: user=0.07 sys=0.00, real=0.07 secs] 
2021-01-22T21:03:06.442-0800: 235.009: [GC (Allocation Failure) 2021-01-22T21:03:06.442-0800: 235.010: [DefNew: 279616K->34942K(314560K), 0.0237026 secs] 678282K->485903K(1013632K), 0.0238013 secs] [Times: user=0.01 sys=0.00, real=0.02 secs] 
2021-01-22T21:03:06.520-0800: 235.088: [GC (Allocation Failure) 2021-01-22T21:03:06.520-0800: 235.088: [DefNew: 314558K->34944K(314560K), 0.0226842 secs] 765519K->563284K(1013632K), 0.0227978 secs] [Times: user=0.02 sys=0.00, real=0.02 secs] 
2021-01-22T21:03:06.596-0800: 235.163: [GC (Allocation Failure) 2021-01-22T21:03:06.596-0800: 235.163: [DefNew: 314560K->34943K(314560K), 0.0236271 secs] 842900K->649290K(1013632K), 0.0237302 secs] [Times: user=0.02 sys=0.00, real=0.03 secs] 
2021-01-22T21:03:06.678-0800: 235.245: [GC (Allocation Failure) 2021-01-22T21:03:06.678-0800: 235.245: [DefNew: 314148K->314148K(314560K), 0.0000274 secs]2021-01-22T21:03:06.678-0800: 235.246: [Tenured: 614346K->413286K(699072K), 0.0850190 secs] 928495K->413286K(1013632K), [Metaspace: 2698K->2698K(1056768K)], 0.0851549 secs] [Times: user=0.06 sys=0.00, real=0.09 secs] 
2021-01-22T21:03:06.820-0800: 235.388: [GC (Allocation Failure) 2021-01-22T21:03:06.820-0800: 235.388: [DefNew: 279616K->34942K(314560K), 0.0274713 secs] 692902K->499648K(1013632K), 0.0275791 secs] [Times: user=0.01 sys=0.00, real=0.02 secs] 
2021-01-22T21:03:06.925-0800: 235.493: [GC (Allocation Failure) 2021-01-22T21:03:06.926-0800: 235.493: [DefNew: 314558K->34943K(314560K), 0.0360143 secs] 779264K->576842K(1013632K), 0.0361213 secs] [Times: user=0.03 sys=0.00, real=0.04 secs] 
2021-01-22T21:03:07.051-0800: 235.619: [GC (Allocation Failure) 2021-01-22T21:03:07.051-0800: 235.619: [DefNew: 314559K->34943K(314560K), 0.0229400 secs] 856458K->650859K(1013632K), 0.0230438 secs] [Times: user=0.02 sys=0.00, real=0.02 secs] 
2021-01-22T21:03:07.166-0800: 235.733: [GC (Allocation Failure) 2021-01-22T21:03:07.166-0800: 235.733: [DefNew: 314559K->314559K(314560K), 0.0000312 secs]2021-01-22T21:03:07.166-0800: 235.733: [Tenured: 615916K->368751K(699072K), 0.0709508 secs] 930475K->368751K(1013632K), [Metaspace: 2698K->2698K(1056768K)], 0.0711034 secs] [Times: user=0.06 sys=0.00, real=0.07 secs] 
2021-01-22T21:03:07.282-0800: 235.849: [GC (Allocation Failure) 2021-01-22T21:03:07.282-0800: 235.849: [DefNew: 279616K->34943K(314560K), 0.0117780 secs] 648367K->455428K(1013632K), 0.0118896 secs] [Times: user=0.01 sys=0.00, real=0.01 secs] 
2021-01-22T21:03:07.333-0800: 235.900: [GC (Allocation Failure) 2021-01-22T21:03:07.333-0800: 235.900: [DefNew: 314559K->34943K(314560K), 0.0254888 secs] 735044K->531602K(1013632K), 0.0257510 secs] [Times: user=0.03 sys=0.00, real=0.02 secs] 
2021-01-22T21:03:07.405-0800: 235.973: [GC (Allocation Failure) 2021-01-22T21:03:07.406-0800: 235.973: [DefNew: 314559K->34944K(314560K), 0.0177367 secs] 811218K->614464K(1013632K), 0.0178487 secs] [Times: user=0.01 sys=0.00, real=0.02 secs] 
2021-01-22T21:03:07.472-0800: 236.040: [GC (Allocation Failure) 2021-01-22T21:03:07.472-0800: 236.040: [DefNew: 314560K->34943K(314560K), 0.0167976 secs] 894080K->703145K(1013632K), 0.0169101 secs] [Times: user=0.02 sys=0.00, real=0.01 secs] 
2021-01-22T21:03:07.529-0800: 236.096: [GC (Allocation Failure) 2021-01-22T21:03:07.529-0800: 236.096: [DefNew: 314559K->314559K(314560K), 0.0000210 secs]2021-01-22T21:03:07.529-0800: 236.096: [Tenured: 668201K->425269K(699072K), 0.0524478 secs] 982761K->425269K(1013632K), [Metaspace: 2698K->2698K(1056768K)], 0.0525653 secs] [Times: user=0.05 sys=0.00, real=0.06 secs] 
2021-01-22T21:03:07.625-0800: 236.192: [GC (Allocation Failure) 2021-01-22T21:03:07.625-0800: 236.192: [DefNew: 279616K->34943K(314560K), 0.0155949 secs] 704885K->513740K(1013632K), 0.0157002 secs] [Times: user=0.01 sys=0.00, real=0.02 secs] 
2021-01-22T21:03:07.701-0800: 236.268: [GC (Allocation Failure) 2021-01-22T21:03:07.701-0800: 236.268: [DefNew: 314559K->34943K(314560K), 0.0282070 secs] 793356K->602798K(1013632K), 0.0283480 secs] [Times: user=0.03 sys=0.00, real=0.02 secs] 
2021-01-22T21:03:07.780-0800: 236.347: [GC (Allocation Failure) 2021-01-22T21:03:07.780-0800: 236.347: [DefNew: 314559K->34943K(314560K), 0.0180824 secs] 882414K->678904K(1013632K), 0.0182356 secs] [Times: user=0.02 sys=0.00, real=0.01 secs] 
2021-01-22T21:03:07.891-0800: 236.459: [GC (Allocation Failure) 2021-01-22T21:03:07.891-0800: 236.459: [DefNew: 314559K->314559K(314560K), 0.0000349 secs]2021-01-22T21:03:07.892-0800: 236.459: [Tenured: 643960K->412111K(699072K), 0.0714835 secs] 958520K->412111K(1013632K), [Metaspace: 2698K->2698K(1056768K)], 0.0716650 secs] [Times: user=0.06 sys=0.00, real=0.07 secs] 
2021-01-22T21:03:08.002-0800: 236.569: [GC (Allocation Failure) 2021-01-22T21:03:08.002-0800: 236.569: [DefNew: 279616K->34943K(314560K), 0.0136051 secs] 691727K->501297K(1013632K), 0.0137016 secs] [Times: user=0.01 sys=0.00, real=0.01 secs] 
2021-01-22T21:03:08.185-0800: 236.752: [GC (Allocation Failure) 2021-01-22T21:03:08.185-0800: 236.752: [DefNew: 314501K->34943K(314560K), 0.0360030 secs] 780855K->585047K(1013632K), 0.0361082 secs] [Times: user=0.03 sys=0.00, real=0.04 secs] 
2021-01-22T21:03:08.318-0800: 236.885: [GC (Allocation Failure) 2021-01-22T21:03:08.318-0800: 236.886: [DefNew: 314559K->34944K(314560K), 0.0467009 secs] 864663K->667354K(1013632K), 0.0468821 secs] [Times: user=0.03 sys=0.00, real=0.05 secs] 
2021-01-22T21:03:08.468-0800: 237.035: [GC (Allocation Failure) 2021-01-22T21:03:08.468-0800: 237.035: [DefNew: 314560K->314560K(314560K), 0.0000305 secs]2021-01-22T21:03:08.468-0800: 237.035: [Tenured: 632410K->403440K(699072K), 0.0554134 secs] 946970K->403440K(1013632K), [Metaspace: 2698K->2698K(1056768K)], 0.0555756 secs] [Times: user=0.05 sys=0.00, real=0.06 secs] 
2021-01-22T21:03:08.571-0800: 237.139: [GC (Allocation Failure) 2021-01-22T21:03:08.571-0800: 237.139: [DefNew: 279616K->34943K(314560K), 0.0205341 secs] 683056K->487832K(1013632K), 0.0206474 secs] [Times: user=0.01 sys=0.00, real=0.02 secs] 
2021-01-22T21:03:08.660-0800: 237.227: [GC (Allocation Failure) 2021-01-22T21:03:08.660-0800: 237.227: [DefNew: 314559K->34943K(314560K), 0.0233453 secs] 767448K->561430K(1013632K), 0.0234639 secs] [Times: user=0.02 sys=0.00, real=0.02 secs] 
2021-01-22T21:03:08.748-0800: 237.315: [GC (Allocation Failure) 2021-01-22T21:03:08.748-0800: 237.315: [DefNew: 314559K->34943K(314560K), 0.0209441 secs] 841046K->639191K(1013632K), 0.0210401 secs] [Times: user=0.01 sys=0.00, real=0.02 secs] 
2021-01-22T21:03:08.827-0800: 237.394: [GC (Allocation Failure) 2021-01-22T21:03:08.827-0800: 237.394: [DefNew: 314559K->314559K(314560K), 0.0000243 secs]2021-01-22T21:03:08.827-0800: 237.394: [Tenured: 604247K->363903K(699072K), 0.0814562 secs] 918807K->363903K(1013632K), [Metaspace: 2698K->2698K(1056768K)], 0.0816301 secs] [Times: user=0.05 sys=0.00, real=0.08 secs] 
2021-01-22T21:03:08.992-0800: 237.560: [GC (Allocation Failure) 2021-01-22T21:03:08.992-0800: 237.560: [DefNew: 279616K->34944K(314560K), 0.0109198 secs] 643519K->443286K(1013632K), 0.0110223 secs] [Times: user=0.01 sys=0.00, real=0.01 secs] 
2021-01-22T21:03:09.083-0800: 237.650: [GC (Allocation Failure) 2021-01-22T21:03:09.083-0800: 237.650: [DefNew: 314560K->34943K(314560K), 0.0166941 secs] 722902K->513610K(1013632K), 0.0168017 secs] [Times: user=0.02 sys=0.00, real=0.02 secs] 
2021-01-22T21:03:09.162-0800: 237.729: [GC (Allocation Failure) 2021-01-22T21:03:09.162-0800: 237.729: [DefNew: 314559K->34943K(314560K), 0.0154757 secs] 793226K->593302K(1013632K), 0.0155841 secs] [Times: user=0.02 sys=0.00, real=0.01 secs] 
2021-01-22T21:03:09.228-0800: 237.795: [GC (Allocation Failure) 2021-01-22T21:03:09.228-0800: 237.795: [DefNew: 314492K->34943K(314560K), 0.0168889 secs] 872850K->677099K(1013632K), 0.0170375 secs] [Times: user=0.01 sys=0.00, real=0.02 secs] 
2021-01-22T21:03:09.343-0800: 237.910: [GC (Allocation Failure) 2021-01-22T21:03:09.343-0800: 237.910: [DefNew: 314559K->314559K(314560K), 0.0000309 secs]2021-01-22T21:03:09.343-0800: 237.910: [Tenured: 642155K->411398K(699072K), 0.0844083 secs] 956715K->411398K(1013632K), [Metaspace: 2698K->2698K(1056768K)], 0.0846431 secs] [Times: user=0.06 sys=0.00, real=0.08 secs] 
2021-01-22T21:03:09.477-0800: 238.044: [GC (Allocation Failure) 2021-01-22T21:03:09.477-0800: 238.044: [DefNew: 279616K->34943K(314560K), 0.0136972 secs] 691014K->496900K(1013632K), 0.0138087 secs] [Times: user=0.01 sys=0.00, real=0.02 secs] 
2021-01-22T21:03:09.537-0800: 238.104: [GC (Allocation Failure) 2021-01-22T21:03:09.537-0800: 238.104: [DefNew: 314559K->34943K(314560K), 0.0152992 secs] 776516K->575396K(1013632K), 0.0153943 secs] [Times: user=0.01 sys=0.00, real=0.02 secs] 
2021-01-22T21:03:09.589-0800: 238.156: [GC (Allocation Failure) 2021-01-22T21:03:09.589-0800: 238.156: [DefNew: 314500K->34943K(314560K), 0.0158352 secs] 854952K->652801K(1013632K), 0.0159383 secs] [Times: user=0.01 sys=0.00, real=0.02 secs] 
2021-01-22T21:03:09.637-0800: 238.204: [GC (Allocation Failure) 2021-01-22T21:03:09.637-0800: 238.204: [DefNew: 314559K->314559K(314560K), 0.0000227 secs]2021-01-22T21:03:09.637-0800: 238.204: [Tenured: 617857K->403893K(699072K), 0.0515485 secs] 932417K->403893K(1013632K), [Metaspace: 2698K->2698K(1056768K)], 0.0516797 secs] [Times: user=0.05 sys=0.00, real=0.05 secs] 
2021-01-22T21:03:09.723-0800: 238.290: [GC (Allocation Failure) 2021-01-22T21:03:09.723-0800: 238.290: [DefNew: 279616K->34944K(314560K), 0.0149290 secs] 683509K->493176K(1013632K), 0.0150228 secs] [Times: user=0.02 sys=0.00, real=0.01 secs] 
2021-01-22T21:03:09.781-0800: 238.348: [GC (Allocation Failure) 2021-01-22T21:03:09.781-0800: 238.348: [DefNew: 314560K->34943K(314560K), 0.0194875 secs] 772792K->568354K(1013632K), 0.0195921 secs] [Times: user=0.01 sys=0.00, real=0.02 secs] 
2021-01-22T21:03:09.840-0800: 238.407: [GC (Allocation Failure) 2021-01-22T21:03:09.840-0800: 238.407: [DefNew: 314559K->34944K(314560K), 0.0199352 secs] 847970K->644227K(1013632K), 0.0200442 secs] [Times: user=0.02 sys=0.00, real=0.02 secs] 
2021-01-22T21:03:09.915-0800: 238.482: [GC (Allocation Failure) 2021-01-22T21:03:09.915-0800: 238.482: [DefNew: 314560K->314560K(314560K), 0.0000219 secs]2021-01-22T21:03:09.915-0800: 238.482: [Tenured: 609283K->387294K(699072K), 0.1025332 secs] 923843K->387294K(1013632K), [Metaspace: 2698K->2698K(1056768K)], 0.1026660 secs] [Times: user=0.06 sys=0.00, real=0.10 secs] 
2021-01-22T21:03:10.151-0800: 238.718: [GC (Allocation Failure) 2021-01-22T21:03:10.152-0800: 238.719: [DefNew: 279616K->34943K(314560K), 0.0320916 secs] 666910K->474637K(1013632K), 0.0332385 secs] [Times: user=0.01 sys=0.00, real=0.03 secs] 
2021-01-22T21:03:10.325-0800: 238.892: [GC (Allocation Failure) 2021-01-22T21:03:10.325-0800: 238.892: [DefNew: 314559K->34942K(314560K), 0.0202429 secs] 754253K->556401K(1013632K), 0.0203539 secs] [Times: user=0.02 sys=0.00, real=0.02 secs] 
2021-01-22T21:03:10.454-0800: 239.022: [GC (Allocation Failure) 2021-01-22T21:03:10.455-0800: 239.022: [DefNew: 314558K->34943K(314560K), 0.0256318 secs] 836017K->629675K(1013632K), 0.0258897 secs] [Times: user=0.02 sys=0.00, real=0.03 secs] 
2021-01-22T21:03:10.560-0800: 239.128: [GC (Allocation Failure) 2021-01-22T21:03:10.560-0800: 239.128: [DefNew: 314559K->314559K(314560K), 0.0000322 secs]2021-01-22T21:03:10.560-0800: 239.128: [Tenured: 594731K->374148K(699072K), 0.0579527 secs] 909291K->374148K(1013632K), [Metaspace: 2698K->2698K(1056768K)], 0.0581165 secs] [Times: user=0.05 sys=0.00, real=0.05 secs] 
2021-01-22T21:03:10.661-0800: 239.229: [GC (Allocation Failure) 2021-01-22T21:03:10.662-0800: 239.229: [DefNew: 279616K->34943K(314560K), 0.0118707 secs] 653764K->454848K(1013632K), 0.0119762 secs] [Times: user=0.01 sys=0.00, real=0.01 secs] 
2021-01-22T21:03:10.744-0800: 239.311: [GC (Allocation Failure) 2021-01-22T21:03:10.744-0800: 239.311: [DefNew: 314559K->34943K(314560K), 0.0233781 secs] 734464K->540992K(1013632K), 0.0234803 secs] [Times: user=0.02 sys=0.00, real=0.02 secs] 
2021-01-22T21:03:10.824-0800: 239.391: [GC (Allocation Failure) 2021-01-22T21:03:10.824-0800: 239.391: [DefNew: 314552K->34943K(314560K), 0.0159635 secs] 820601K->613697K(1013632K), 0.0160676 secs] [Times: user=0.01 sys=0.01, real=0.02 secs] 
2021-01-22T21:03:10.992-0800: 239.559: [GC (Allocation Failure) 2021-01-22T21:03:10.992-0800: 239.559: [DefNew: 314559K->34943K(314560K), 0.0243817 secs] 893313K->689568K(1013632K), 0.0245116 secs] [Times: user=0.01 sys=0.00, real=0.02 secs] 
2021-01-22T21:03:11.078-0800: 239.646: [GC (Allocation Failure) 2021-01-22T21:03:11.078-0800: 239.646: [DefNew: 314559K->314559K(314560K), 0.0000337 secs]2021-01-22T21:03:11.079-0800: 239.646: [Tenured: 654624K->384324K(699072K), 0.0542839 secs] 969184K->384324K(1013632K), [Metaspace: 2698K->2698K(1056768K)], 0.0544439 secs] [Times: user=0.04 sys=0.00, real=0.06 secs] 
2021-01-22T21:03:11.191-0800: 239.758: [GC (Allocation Failure) 2021-01-22T21:03:11.193-0800: 239.760: [DefNew: 279616K->34943K(314560K), 0.0155046 secs] 663940K->469102K(1013632K), 0.0177972 secs] [Times: user=0.01 sys=0.00, real=0.01 secs] 
2021-01-22T21:03:11.291-0800: 239.859: [GC (Allocation Failure) 2021-01-22T21:03:11.291-0800: 239.859: [DefNew: 314559K->34943K(314560K), 0.0162460 secs] 748718K->545190K(1013632K), 0.0163551 secs] [Times: user=0.02 sys=0.00, real=0.01 secs] 
2021-01-22T21:03:11.399-0800: 239.966: [GC (Allocation Failure) 2021-01-22T21:03:11.399-0800: 239.966: [DefNew: 314559K->34943K(314560K), 0.0190374 secs] 824806K->619662K(1013632K), 0.0191534 secs] [Times: user=0.01 sys=0.00, real=0.02 secs] 
2021-01-22T21:03:11.487-0800: 240.054: [GC (Allocation Failure) 2021-01-22T21:03:11.487-0800: 240.054: [DefNew: 314559K->34942K(314560K), 0.0149313 secs] 899278K->696237K(1013632K), 0.0150428 secs] [Times: user=0.02 sys=0.00, real=0.02 secs] 
2021-01-22T21:03:11.555-0800: 240.122: [GC (Allocation Failure) 2021-01-22T21:03:11.555-0800: 240.122: [DefNew: 314558K->314558K(314560K), 0.0000304 secs]2021-01-22T21:03:11.555-0800: 240.122: [Tenured: 661295K->396523K(699072K), 0.0656299 secs] 975853K->396523K(1013632K), [Metaspace: 2698K->2698K(1056768K)], 0.0657771 secs] [Times: user=0.05 sys=0.00, real=0.07 secs] 
2021-01-22T21:03:11.673-0800: 240.240: [GC (Allocation Failure) 2021-01-22T21:03:11.673-0800: 240.240: [DefNew: 279616K->34944K(314560K), 0.0134636 secs] 676139K->484817K(1013632K), 0.0135483 secs] [Times: user=0.01 sys=0.00, real=0.01 secs] 
2021-01-22T21:03:11.766-0800: 240.334: [GC (Allocation Failure) 2021-01-22T21:03:11.767-0800: 240.334: [DefNew: 314560K->34943K(314560K), 0.0284966 secs] 764433K->560901K(1013632K), 0.0287108 secs] [Times: user=0.03 sys=0.00, real=0.03 secs] 
2021-01-22T21:03:11.868-0800: 240.435: [GC (Allocation Failure) 2021-01-22T21:03:11.868-0800: 240.435: [DefNew: 314559K->34942K(314560K), 0.0406415 secs] 840517K->643861K(1013632K), 0.0407568 secs] [Times: user=0.02 sys=0.00, real=0.04 secs] 
2021-01-22T21:03:12.008-0800: 240.575: [GC (Allocation Failure) 2021-01-22T21:03:12.008-0800: 240.575: [DefNew: 314558K->314558K(314560K), 0.0001283 secs]2021-01-22T21:03:12.008-0800: 240.576: [Tenured: 608919K->403005K(699072K), 0.0637151 secs] 923477K->403005K(1013632K), [Metaspace: 2698K->2698K(1056768K)], 0.0641251 secs] [Times: user=0.06 sys=0.00, real=0.07 secs] 
2021-01-22T21:03:12.119-0800: 240.686: [GC (Allocation Failure) 2021-01-22T21:03:12.119-0800: 240.686: [DefNew: 279616K->34943K(314560K), 0.0121343 secs] 682621K->491033K(1013632K), 0.0122513 secs] [Times: user=0.02 sys=0.00, real=0.02 secs] 
2021-01-22T21:03:12.188-0800: 240.755: [GC (Allocation Failure) 2021-01-22T21:03:12.188-0800: 240.755: [DefNew: 314559K->34942K(314560K), 0.0164027 secs] 770649K->570204K(1013632K), 0.0164985 secs] [Times: user=0.02 sys=0.00, real=0.02 secs] 
2021-01-22T21:03:12.262-0800: 240.830: [GC (Allocation Failure) 2021-01-22T21:03:12.262-0800: 240.830: [DefNew: 314413K->34943K(314560K), 0.0173941 secs] 849675K->648417K(1013632K), 0.0175071 secs] [Times: user=0.02 sys=0.00, real=0.02 secs] 
2021-01-22T21:03:12.341-0800: 240.908: [GC (Allocation Failure) 2021-01-22T21:03:12.341-0800: 240.908: [DefNew: 314559K->314559K(314560K), 0.0000326 secs]2021-01-22T21:03:12.341-0800: 240.908: [Tenured: 613473K->374054K(699072K), 0.0614671 secs] 928033K->374054K(1013632K), [Metaspace: 2698K->2698K(1056768K)], 0.0616293 secs] [Times: user=0.06 sys=0.00, real=0.06 secs] 
2021-01-22T21:03:12.447-0800: 241.015: [GC (Allocation Failure) 2021-01-22T21:03:12.448-0800: 241.015: [DefNew: 279616K->34943K(314560K), 0.0133882 secs] 653670K->465356K(1013632K), 0.0135043 secs] [Times: user=0.01 sys=0.00, real=0.02 secs] 
2021-01-22T21:03:12.506-0800: 241.073: [GC (Allocation Failure) 2021-01-22T21:03:12.506-0800: 241.073: [DefNew: 314559K->34943K(314560K), 0.0166402 secs] 744972K->545871K(1013632K), 0.0167526 secs] [Times: user=0.02 sys=0.00, real=0.02 secs] 
2021-01-22T21:03:12.567-0800: 241.134: [GC (Allocation Failure) 2021-01-22T21:03:12.567-0800: 241.134: [DefNew: 314559K->34943K(314560K), 0.0198305 secs] 825487K->621088K(1013632K), 0.0199441 secs] [Times: user=0.01 sys=0.00, real=0.02 secs] 
2021-01-22T21:03:12.637-0800: 241.204: [GC (Allocation Failure) 2021-01-22T21:03:12.637-0800: 241.204: [DefNew: 314559K->34943K(314560K), 0.0165414 secs] 900704K->702270K(1013632K), 0.0166458 secs] [Times: user=0.02 sys=0.00, real=0.02 secs] 
2021-01-22T21:03:12.694-0800: 241.261: [GC (Allocation Failure) 2021-01-22T21:03:12.694-0800: 241.261: [DefNew: 314559K->314559K(314560K), 0.0000224 secs]2021-01-22T21:03:12.694-0800: 241.261: [Tenured: 667326K->409261K(699072K), 0.0564434 secs] 981886K->409261K(1013632K), [Metaspace: 2698K->2698K(1056768K)], 0.0566905 secs] [Times: user=0.05 sys=0.00, real=0.06 secs] 
2021-01-22T21:03:12.783-0800: 241.350: [GC (Allocation Failure) 2021-01-22T21:03:12.783-0800: 241.350: [DefNew: 279616K->34944K(314560K), 0.0120370 secs] 688877K->498684K(1013632K), 0.0121577 secs] [Times: user=0.01 sys=0.00, real=0.01 secs] 
2021-01-22T21:03:12.828-0800: 241.395: [GC (Allocation Failure) 2021-01-22T21:03:12.828-0800: 241.395: [DefNew: 314560K->34944K(314560K), 0.0145404 secs] 778300K->574743K(1013632K), 0.0146352 secs] [Times: user=0.01 sys=0.00, real=0.02 secs] 
2021-01-22T21:03:12.881-0800: 241.448: [GC (Allocation Failure) 2021-01-22T21:03:12.881-0800: 241.448: [DefNew: 314560K->34943K(314560K), 0.0156723 secs] 854359K->660172K(1013632K), 0.0157664 secs] [Times: user=0.01 sys=0.00, real=0.01 secs] 
2021-01-22T21:03:12.929-0800: 241.497: [GC (Allocation Failure) 2021-01-22T21:03:12.929-0800: 241.497: [DefNew: 314116K->314116K(314560K), 0.0000231 secs]2021-01-22T21:03:12.929-0800: 241.497: [Tenured: 625228K->409553K(699072K), 0.0489882 secs] 939344K->409553K(1013632K), [Metaspace: 2698K->2698K(1056768K)], 0.0491365 secs] [Times: user=0.05 sys=0.01, real=0.05 secs] 
2021-01-22T21:03:13.013-0800: 241.581: [GC (Allocation Failure) 2021-01-22T21:03:13.013-0800: 241.581: [DefNew: 279616K->34943K(314560K), 0.0188985 secs] 689169K->495134K(1013632K), 0.0190487 secs] [Times: user=0.02 sys=0.00, real=0.02 secs] 
2021-01-22T21:03:13.099-0800: 241.666: [GC (Allocation Failure) 2021-01-22T21:03:13.099-0800: 241.666: [DefNew: 314559K->34943K(314560K), 0.0251086 secs] 774750K->585300K(1013632K), 0.0252103 secs] [Times: user=0.02 sys=0.00, real=0.03 secs] 
2021-01-22T21:03:13.160-0800: 241.727: [GC (Allocation Failure) 2021-01-22T21:03:13.160-0800: 241.727: [DefNew: 314559K->34943K(314560K), 0.0154172 secs] 864916K->668983K(1013632K), 0.0155129 secs] [Times: user=0.02 sys=0.00, real=0.01 secs] 
2021-01-22T21:03:13.208-0800: 241.775: [GC (Allocation Failure) 2021-01-22T21:03:13.208-0800: 241.775: [DefNew: 314559K->314559K(314560K), 0.0000341 secs]2021-01-22T21:03:13.208-0800: 241.775: [Tenured: 634039K->407957K(699072K), 0.0575744 secs] 948599K->407957K(1013632K), [Metaspace: 2698K->2698K(1056768K)], 0.0577386 secs] [Times: user=0.06 sys=0.00, real=0.06 secs] 
2021-01-22T21:03:13.297-0800: 241.865: [GC (Allocation Failure) 2021-01-22T21:03:13.297-0800: 241.865: [DefNew: 279616K->34943K(314560K), 0.0124175 secs] 687573K->500054K(1013632K), 0.0125604 secs] [Times: user=0.01 sys=0.00, real=0.02 secs] 
2021-01-22T21:03:13.341-0800: 241.908: [GC (Allocation Failure) 2021-01-22T21:03:13.341-0800: 241.908: [DefNew: 314559K->34943K(314560K), 0.0160088 secs] 779670K->582661K(1013632K), 0.0162334 secs] [Times: user=0.01 sys=0.00, real=0.01 secs] 
2021-01-22T21:03:13.395-0800: 241.963: [GC (Allocation Failure) 2021-01-22T21:03:13.395-0800: 241.963: [DefNew: 314559K->34942K(314560K), 0.0158464 secs] 862277K->665563K(1013632K), 0.0159401 secs] [Times: user=0.02 sys=0.00, real=0.02 secs] 
2021-01-22T21:03:13.444-0800: 242.011: [GC (Allocation Failure) 2021-01-22T21:03:13.444-0800: 242.012: [DefNew: 314558K->314558K(314560K), 0.0000222 secs]2021-01-22T21:03:13.444-0800: 242.012: [Tenured: 630621K->379082K(699072K), 0.0607761 secs] 945179K->379082K(1013632K), [Metaspace: 2698K->2698K(1056768K)], 0.0610248 secs] [Times: user=0.05 sys=0.00, real=0.06 secs] 
2021-01-22T21:03:13.542-0800: 242.109: [GC (Allocation Failure) 2021-01-22T21:03:13.542-0800: 242.109: [DefNew: 279616K->34943K(314560K), 0.0127468 secs] 658698K->469598K(1013632K), 0.0128703 secs] [Times: user=0.01 sys=0.00, real=0.01 secs] 
2021-01-22T21:03:13.588-0800: 242.155: [GC (Allocation Failure) 2021-01-22T21:03:13.588-0800: 242.155: [DefNew: 314559K->34942K(314560K), 0.0140854 secs] 749214K->540598K(1013632K), 0.0141783 secs] [Times: user=0.01 sys=0.00, real=0.02 secs] 
2021-01-22T21:03:13.636-0800: 242.203: [GC (Allocation Failure) 2021-01-22T21:03:13.636-0800: 242.203: [DefNew: 314558K->34941K(314560K), 0.0138246 secs] 820214K->611765K(1013632K), 0.0139589 secs] [Times: user=0.01 sys=0.00, real=0.02 secs] 
2021-01-22T21:03:13.680-0800: 242.247: [GC (Allocation Failure) 2021-01-22T21:03:13.680-0800: 242.247: [DefNew: 314557K->34944K(314560K), 0.0157913 secs] 891381K->694886K(1013632K), 0.0158820 secs] [Times: user=0.01 sys=0.00, real=0.01 secs] 
2021-01-22T21:03:13.746-0800: 242.313: [GC (Allocation Failure) 2021-01-22T21:03:13.746-0800: 242.313: [DefNew: 314560K->314560K(314560K), 0.0000576 secs]2021-01-22T21:03:13.746-0800: 242.313: [Tenured: 659942K->410840K(699072K), 0.0915207 secs] 974502K->410840K(1013632K), [Metaspace: 2698K->2698K(1056768K)], 0.0918364 secs] [Times: user=0.07 sys=0.00, real=0.09 secs] 
2021-01-22T21:03:13.902-0800: 242.469: [GC (Allocation Failure) 2021-01-22T21:03:13.902-0800: 242.469: [DefNew: 279616K->34943K(314560K), 0.0270035 secs] 690456K->501615K(1013632K), 0.0271012 secs] [Times: user=0.03 sys=0.00, real=0.02 secs] 
2021-01-22T21:03:13.986-0800: 242.553: [GC (Allocation Failure) 2021-01-22T21:03:13.986-0800: 242.553: [DefNew: 314559K->34943K(314560K), 0.0206803 secs] 781231K->589294K(1013632K), 0.0207850 secs] [Times: user=0.02 sys=0.00, real=0.02 secs] 
2021-01-22T21:03:14.037-0800: 242.605: [GC (Allocation Failure) 2021-01-22T21:03:14.037-0800: 242.605: [DefNew: 314559K->34943K(314560K), 0.0154540 secs] 868910K->673416K(1013632K), 0.0155471 secs] [Times: user=0.01 sys=0.00, real=0.02 secs] 
2021-01-22T21:03:14.085-0800: 242.652: [GC (Allocation Failure) 2021-01-22T21:03:14.085-0800: 242.652: [DefNew: 314440K->314440K(314560K), 0.0000219 secs]2021-01-22T21:03:14.085-0800: 242.652: [Tenured: 638472K->422915K(699072K), 0.0536344 secs] 952913K->422915K(1013632K), [Metaspace: 2698K->2698K(1056768K)], 0.0537621 secs] [Times: user=0.05 sys=0.00, real=0.05 secs] 
2021-01-22T21:03:14.198-0800: 242.765: [GC (Allocation Failure) 2021-01-22T21:03:14.198-0800: 242.765: [DefNew: 279616K->34943K(314560K), 0.0260559 secs] 702531K->515836K(1013632K), 0.0261412 secs] [Times: user=0.02 sys=0.00, real=0.03 secs] 
2021-01-22T21:03:14.291-0800: 242.858: [GC (Allocation Failure) 2021-01-22T21:03:14.291-0800: 242.858: [DefNew: 314559K->34943K(314560K), 0.0326334 secs] 795452K->595712K(1013632K), 0.0327200 secs] [Times: user=0.03 sys=0.00, real=0.03 secs] 
2021-01-22T21:03:14.366-0800: 242.933: [GC (Allocation Failure) 2021-01-22T21:03:14.366-0800: 242.933: [DefNew: 314559K->34944K(314560K), 0.0205695 secs] 875328K->680208K(1013632K), 0.0206847 secs] [Times: user=0.02 sys=0.00, real=0.02 secs] 
2021-01-22T21:03:14.420-0800: 242.987: [GC (Allocation Failure) 2021-01-22T21:03:14.420-0800: 242.988: [DefNew: 314560K->314560K(314560K), 0.0000389 secs]2021-01-22T21:03:14.420-0800: 242.988: [Tenured: 645264K->409409K(699072K), 0.0519223 secs] 959824K->409409K(1013632K), [Metaspace: 2698K->2698K(1056768K)], 0.0523228 secs] [Times: user=0.05 sys=0.00, real=0.05 secs] 
2021-01-22T21:03:14.506-0800: 243.073: [GC (Allocation Failure) 2021-01-22T21:03:14.506-0800: 243.073: [DefNew: 279616K->34943K(314560K), 0.0155279 secs] 689025K->487536K(1013632K), 0.0158810 secs] [Times: user=0.01 sys=0.01, real=0.02 secs] 
2021-01-22T21:03:14.592-0800: 243.159: [GC (Allocation Failure) 2021-01-22T21:03:14.592-0800: 243.159: [DefNew: 314559K->34943K(314560K), 0.0362020 secs] 767152K->566861K(1013632K), 0.0362964 secs] [Times: user=0.03 sys=0.00, real=0.03 secs] 
2021-01-22T21:03:14.698-0800: 243.265: [GC (Allocation Failure) 2021-01-22T21:03:14.698-0800: 243.265: [DefNew: 314559K->34943K(314560K), 0.0315620 secs] 846477K->648878K(1013632K), 0.0317119 secs] [Times: user=0.03 sys=0.00, real=0.04 secs] 
2021-01-22T21:03:14.787-0800: 243.354: [GC (Allocation Failure) 2021-01-22T21:03:14.787-0800: 243.354: [DefNew: 314401K->314401K(314560K), 0.0000434 secs]2021-01-22T21:03:14.787-0800: 243.354: [Tenured: 613934K->387195K(699072K), 0.0960620 secs] 928336K->387195K(1013632K), [Metaspace: 2698K->2698K(1056768K)], 0.0963863 secs] [Times: user=0.09 sys=0.00, real=0.10 secs] 
2021-01-22T21:03:14.930-0800: 243.497: [GC (Allocation Failure) 2021-01-22T21:03:14.930-0800: 243.497: [DefNew: 279616K->34943K(314560K), 0.0116129 secs] 666811K->471819K(1013632K), 0.0117811 secs] [Times: user=0.01 sys=0.01, real=0.01 secs] 
2021-01-22T21:03:14.972-0800: 243.539: [GC (Allocation Failure) 2021-01-22T21:03:14.972-0800: 243.539: [DefNew: 314559K->34943K(314560K), 0.0156554 secs] 751435K->557759K(1013632K), 0.0157523 secs] [Times: user=0.02 sys=0.00, real=0.01 secs] 
2021-01-22T21:03:15.020-0800: 243.587: [GC (Allocation Failure) 2021-01-22T21:03:15.020-0800: 243.587: [DefNew: 314559K->34943K(314560K), 0.0143125 secs] 837375K->633729K(1013632K), 0.0144061 secs] [Times: user=0.01 sys=0.00, real=0.01 secs] 
2021-01-22T21:03:15.073-0800: 243.640: [GC (Allocation Failure) 2021-01-22T21:03:15.073-0800: 243.640: [DefNew: 314559K->314559K(314560K), 0.0000247 secs]2021-01-22T21:03:15.073-0800: 243.640: [Tenured: 598785K->408466K(699072K), 0.0469601 secs] 913345K->408466K(1013632K), [Metaspace: 2698K->2698K(1056768K)], 0.0471169 secs] [Times: user=0.05 sys=0.00, real=0.05 secs] 
2021-01-22T21:03:15.152-0800: 243.719: [GC (Allocation Failure) 2021-01-22T21:03:15.152-0800: 243.719: [DefNew: 279616K->34943K(314560K), 0.0124243 secs] 688082K->502696K(1013632K), 0.0125461 secs] [Times: user=0.01 sys=0.00, real=0.01 secs] 
2021-01-22T21:03:15.198-0800: 243.765: [GC (Allocation Failure) 2021-01-22T21:03:15.198-0800: 243.765: [DefNew: 314559K->34943K(314560K), 0.0163655 secs] 782312K->585645K(1013632K), 0.0164605 secs] [Times: user=0.02 sys=0.00, real=0.02 secs] 
2021-01-22T21:03:15.255-0800: 243.822: [GC (Allocation Failure) 2021-01-22T21:03:15.255-0800: 243.822: [DefNew: 314559K->34943K(314560K), 0.0158509 secs] 865261K->665255K(1013632K), 0.0159993 secs] [Times: user=0.01 sys=0.00, real=0.02 secs] 
2021-01-22T21:03:15.303-0800: 243.871: [GC (Allocation Failure) 2021-01-22T21:03:15.303-0800: 243.871: [DefNew: 314559K->314559K(314560K), 0.0000224 secs]2021-01-22T21:03:15.303-0800: 243.871: [Tenured: 630311K->421305K(699072K), 0.0519109 secs] 944871K->421305K(1013632K), [Metaspace: 2698K->2698K(1056768K)], 0.0520461 secs] [Times: user=0.05 sys=0.00, real=0.05 secs] 
2021-01-22T21:03:15.394-0800: 243.961: [GC (Allocation Failure) 2021-01-22T21:03:15.394-0800: 243.961: [DefNew: 279616K->34944K(314560K), 0.0148088 secs] 700921K->517794K(1013632K), 0.0149044 secs] [Times: user=0.01 sys=0.00, real=0.01 secs] 
2021-01-22T21:03:15.442-0800: 244.010: [GC (Allocation Failure) 2021-01-22T21:03:15.442-0800: 244.010: [DefNew: 314560K->34943K(314560K), 0.0146805 secs] 797410K->597090K(1013632K), 0.0147734 secs] [Times: user=0.02 sys=0.00, real=0.01 secs] 
2021-01-22T21:03:15.487-0800: 244.054: [GC (Allocation Failure) 2021-01-22T21:03:15.487-0800: 244.054: [DefNew: 314382K->34943K(314560K), 0.0154042 secs] 876528K->677736K(1013632K), 0.0154973 secs] [Times: user=0.02 sys=0.00, real=0.02 secs] 
2021-01-22T21:03:15.534-0800: 244.102: [GC (Allocation Failure) 2021-01-22T21:03:15.534-0800: 244.102: [DefNew: 314559K->314559K(314560K), 0.0000220 secs]2021-01-22T21:03:15.534-0800: 244.102: [Tenured: 642792K->414801K(699072K), 0.0496632 secs] 957352K->414801K(1013632K), [Metaspace: 2698K->2698K(1056768K)], 0.0497931 secs] [Times: user=0.05 sys=0.00, real=0.05 secs] 
2021-01-22T21:03:15.615-0800: 244.182: [GC (Allocation Failure) 2021-01-22T21:03:15.615-0800: 244.182: [DefNew: 279616K->34943K(314560K), 0.0114059 secs] 694417K->501388K(1013632K), 0.0115313 secs] [Times: user=0.01 sys=0.00, real=0.01 secs] 
2021-01-22T21:03:15.657-0800: 244.224: [GC (Allocation Failure) 2021-01-22T21:03:15.657-0800: 244.224: [DefNew: 314559K->34944K(314560K), 0.0156530 secs] 781004K->577950K(1013632K), 0.0157446 secs] [Times: user=0.01 sys=0.01, real=0.02 secs] 
2021-01-22T21:03:15.729-0800: 244.296: [GC (Allocation Failure) 2021-01-22T21:03:15.729-0800: 244.296: [DefNew: 314393K->34943K(314560K), 0.0302216 secs] 857399K->661864K(1013632K), 0.0303288 secs] [Times: user=0.03 sys=0.00, real=0.03 secs] 
2021-01-22T21:03:15.821-0800: 244.388: [GC (Allocation Failure) 2021-01-22T21:03:15.821-0800: 244.388: [DefNew: 314559K->314559K(314560K), 0.0000227 secs]2021-01-22T21:03:15.821-0800: 244.388: [Tenured: 626920K->367821K(699072K), 0.1004902 secs] 941480K->367821K(1013632K), [Metaspace: 2698K->2698K(1056768K)], 0.1007671 secs] [Times: user=0.09 sys=0.00, real=0.10 secs] 
2021-01-22T21:03:15.969-0800: 244.537: [GC (Allocation Failure) 2021-01-22T21:03:15.969-0800: 244.537: [DefNew: 279616K->34943K(314560K), 0.0109492 secs] 647437K->451988K(1013632K), 0.0110440 secs] [Times: user=0.01 sys=0.00, real=0.02 secs] 
2021-01-22T21:03:16.012-0800: 244.579: [GC (Allocation Failure) 2021-01-22T21:03:16.012-0800: 244.579: [DefNew: 314559K->34943K(314560K), 0.0150010 secs] 731604K->532501K(1013632K), 0.0151319 secs] [Times: user=0.01 sys=0.00, real=0.01 secs] 
2021-01-22T21:03:16.057-0800: 244.624: [GC (Allocation Failure) 2021-01-22T21:03:16.057-0800: 244.624: [DefNew: 314162K->34943K(314560K), 0.0141192 secs] 811719K->608873K(1013632K), 0.0142090 secs] [Times: user=0.02 sys=0.00, real=0.02 secs] 
2021-01-22T21:03:16.102-0800: 244.669: [GC (Allocation Failure) 2021-01-22T21:03:16.102-0800: 244.669: [DefNew: 314126K->34943K(314560K), 0.0150100 secs] 888056K->689919K(1013632K), 0.0151085 secs] [Times: user=0.01 sys=0.00, real=0.01 secs] 
2021-01-22T21:03:16.147-0800: 244.714: [GC (Allocation Failure) 2021-01-22T21:03:16.147-0800: 244.714: [DefNew: 314459K->314459K(314560K), 0.0000216 secs]2021-01-22T21:03:16.147-0800: 244.714: [Tenured: 654975K->407684K(699072K), 0.0474258 secs] 969435K->407684K(1013632K), [Metaspace: 2698K->2698K(1056768K)], 0.0475536 secs] [Times: user=0.05 sys=0.00, real=0.05 secs] 
2021-01-22T21:03:16.226-0800: 244.793: [GC (Allocation Failure) 2021-01-22T21:03:16.226-0800: 244.793: [DefNew: 279616K->34943K(314560K), 0.0191693 secs] 687300K->499335K(1013632K), 0.0192785 secs] [Times: user=0.02 sys=0.00, real=0.02 secs] 
2021-01-22T21:03:16.300-0800: 244.867: [GC (Allocation Failure) 2021-01-22T21:03:16.300-0800: 244.867: [DefNew: 314559K->34943K(314560K), 0.0208462 secs] 778951K->572289K(1013632K), 0.0209606 secs] [Times: user=0.02 sys=0.00, real=0.02 secs] 
2021-01-22T21:03:16.383-0800: 244.950: [GC (Allocation Failure) 2021-01-22T21:03:16.383-0800: 244.950: [DefNew: 314559K->34943K(314560K), 0.0398232 secs] 851905K->653315K(1013632K), 0.0399640 secs] [Times: user=0.03 sys=0.00, real=0.04 secs] 
2021-01-22T21:03:16.490-0800: 245.057: [GC (Allocation Failure) 2021-01-22T21:03:16.490-0800: 245.057: [DefNew: 314559K->314559K(314560K), 0.0000224 secs]2021-01-22T21:03:16.490-0800: 245.057: [Tenured: 618372K->405099K(699072K), 0.1033739 secs] 932931K->405099K(1013632K), [Metaspace: 2698K->2698K(1056768K)], 0.1035257 secs] [Times: user=0.09 sys=0.01, real=0.10 secs] 
2021-01-22T21:03:16.654-0800: 245.221: [GC (Allocation Failure) 2021-01-22T21:03:16.654-0800: 245.221: [DefNew: 279616K->34943K(314560K), 0.0288052 secs] 684715K->492667K(1013632K), 0.0289746 secs] [Times: user=0.03 sys=0.00, real=0.03 secs] 
2021-01-22T21:03:16.748-0800: 245.315: [GC (Allocation Failure) 2021-01-22T21:03:16.748-0800: 245.315: [DefNew: 314559K->34943K(314560K), 0.0325040 secs] 772283K->575166K(1013632K), 0.0331652 secs] [Times: user=0.02 sys=0.00, real=0.04 secs] 
2021-01-22T21:03:16.852-0800: 245.420: [GC (Allocation Failure) 2021-01-22T21:03:16.852-0800: 245.420: [DefNew: 314559K->34943K(314560K), 0.0266830 secs] 854782K->648039K(1013632K), 0.0269115 secs] [Times: user=0.02 sys=0.00, real=0.02 secs] 
2021-01-22T21:03:16.939-0800: 245.506: [GC (Allocation Failure) 2021-01-22T21:03:16.939-0800: 245.506: [DefNew: 314559K->314559K(314560K), 0.0000221 secs]2021-01-22T21:03:16.939-0800: 245.506: [Tenured: 613095K->402255K(699072K), 0.0542582 secs] 927655K->402255K(1013632K), [Metaspace: 2698K->2698K(1056768K)], 0.0544077 secs] [Times: user=0.05 sys=0.00, real=0.06 secs] 
2021-01-22T21:03:17.026-0800: 245.594: [GC (Allocation Failure) 2021-01-22T21:03:17.026-0800: 245.594: [DefNew: 279616K->34943K(314560K), 0.0112025 secs] 681871K->487619K(1013632K), 0.0112954 secs] [Times: user=0.01 sys=0.00, real=0.01 secs] 
2021-01-22T21:03:17.069-0800: 245.636: [GC (Allocation Failure) 2021-01-22T21:03:17.069-0800: 245.636: [DefNew: 314559K->34944K(314560K), 0.0157556 secs] 767235K->571292K(1013632K), 0.0158681 secs] [Times: user=0.02 sys=0.00, real=0.02 secs] 
2021-01-22T21:03:17.118-0800: 245.686: [GC (Allocation Failure) 2021-01-22T21:03:17.118-0800: 245.686: [DefNew: 314560K->34943K(314560K), 0.0141809 secs] 850908K->645135K(1013632K), 0.0142872 secs] [Times: user=0.01 sys=0.00, real=0.02 secs] 
2021-01-22T21:03:17.167-0800: 245.734: [GC (Allocation Failure) 2021-01-22T21:03:17.167-0800: 245.734: [DefNew: 314559K->314559K(314560K), 0.0000234 secs]2021-01-22T21:03:17.167-0800: 245.734: [Tenured: 610191K->369928K(699072K), 0.0502770 secs] 924751K->369928K(1013632K), [Metaspace: 2698K->2698K(1056768K)], 0.0504275 secs] [Times: user=0.04 sys=0.00, real=0.05 secs] 
2021-01-22T21:03:17.256-0800: 245.823: [GC (Allocation Failure) 2021-01-22T21:03:17.256-0800: 245.823: [DefNew: 279616K->34942K(314560K), 0.0120613 secs] 649544K->454363K(1013632K), 0.0121732 secs] [Times: user=0.01 sys=0.00, real=0.01 secs] 
2021-01-22T21:03:17.301-0800: 245.868: [GC (Allocation Failure) 2021-01-22T21:03:17.301-0800: 245.868: [DefNew: 314558K->34943K(314560K), 0.0149728 secs] 733979K->534631K(1013632K), 0.0150677 secs] [Times: user=0.02 sys=0.00, real=0.01 secs] 
2021-01-22T21:03:17.349-0800: 245.917: [GC (Allocation Failure) 2021-01-22T21:03:17.349-0800: 245.917: [DefNew: 314559K->34943K(314560K), 0.0166565 secs] 814247K->611376K(1013632K), 0.0167702 secs] [Times: user=0.02 sys=0.00, real=0.02 secs] 
2021-01-22T21:03:17.403-0800: 245.970: [GC (Allocation Failure) 2021-01-22T21:03:17.403-0800: 245.970: [DefNew: 314559K->34943K(314560K), 0.0151116 secs] 890992K->689989K(1013632K), 0.0152057 secs] [Times: user=0.02 sys=0.00, real=0.01 secs] 
2021-01-22T21:03:17.449-0800: 246.016: [GC (Allocation Failure) 2021-01-22T21:03:17.449-0800: 246.016: [DefNew: 314559K->314559K(314560K), 0.0000231 secs]2021-01-22T21:03:17.449-0800: 246.016: [Tenured: 655045K->407180K(699072K), 0.0464960 secs] 969605K->407180K(1013632K), [Metaspace: 2698K->2698K(1056768K)], 0.0466305 secs] [Times: user=0.04 sys=0.00, real=0.05 secs] 
2021-01-22T21:03:17.530-0800: 246.098: [GC (Allocation Failure) 2021-01-22T21:03:17.530-0800: 246.098: [DefNew: 279616K->34943K(314560K), 0.0122433 secs] 686796K->498916K(1013632K), 0.0123356 secs] [Times: user=0.02 sys=0.01, real=0.01 secs] 
2021-01-22T21:03:17.578-0800: 246.145: [GC (Allocation Failure) 2021-01-22T21:03:17.578-0800: 246.145: [DefNew: 314559K->34944K(314560K), 0.0265051 secs] 778532K->578989K(1013632K), 0.0266592 secs] [Times: user=0.02 sys=0.00, real=0.03 secs] 
2021-01-22T21:03:17.661-0800: 246.228: [GC (Allocation Failure) 2021-01-22T21:03:17.661-0800: 246.228: [DefNew: 314560K->34943K(314560K), 0.0289057 secs] 858605K->667400K(1013632K), 0.0290918 secs] [Times: user=0.02 sys=0.00, real=0.03 secs] 
2021-01-22T21:03:17.742-0800: 246.310: [GC (Allocation Failure) 2021-01-22T21:03:17.742-0800: 246.310: [DefNew: 314559K->314559K(314560K), 0.0000511 secs]2021-01-22T21:03:17.743-0800: 246.310: [Tenured: 632457K->407805K(699072K), 0.0938352 secs] 947016K->407805K(1013632K), [Metaspace: 2698K->2698K(1056768K)], 0.0941251 secs] [Times: user=0.09 sys=0.00, real=0.09 secs] 
2021-01-22T21:03:17.890-0800: 246.457: [GC (Allocation Failure) 2021-01-22T21:03:17.890-0800: 246.457: [DefNew: 279616K->34943K(314560K), 0.0130074 secs] 687421K->493538K(1013632K), 0.0131125 secs] [Times: user=0.02 sys=0.00, real=0.01 secs] 
2021-01-22T21:03:17.937-0800: 246.504: [GC (Allocation Failure) 2021-01-22T21:03:17.937-0800: 246.504: [DefNew: 314559K->34943K(314560K), 0.0156792 secs] 773154K->569389K(1013632K), 0.0157609 secs] [Times: user=0.01 sys=0.00, real=0.02 secs] 
2021-01-22T21:03:17.987-0800: 246.554: [GC (Allocation Failure) 2021-01-22T21:03:17.987-0800: 246.555: [DefNew: 314559K->34942K(314560K), 0.0136203 secs] 849005K->638854K(1013632K), 0.0144046 secs] [Times: user=0.01 sys=0.00, real=0.02 secs] 
2021-01-22T21:03:18.034-0800: 246.601: [GC (Allocation Failure) 2021-01-22T21:03:18.034-0800: 246.601: [DefNew: 314558K->314558K(314560K), 0.0000216 secs]2021-01-22T21:03:18.034-0800: 246.601: [Tenured: 603911K->397114K(699072K), 0.0481779 secs] 918470K->397114K(1013632K), [Metaspace: 2698K->2698K(1056768K)], 0.0483041 secs] [Times: user=0.05 sys=0.00, real=0.05 secs] 
2021-01-22T21:03:18.113-0800: 246.681: [GC (Allocation Failure) 2021-01-22T21:03:18.113-0800: 246.681: [DefNew: 279616K->34943K(314560K), 0.0117414 secs] 676730K->488428K(1013632K), 0.0118423 secs] [Times: user=0.01 sys=0.00, real=0.01 secs] 
2021-01-22T21:03:18.172-0800: 246.740: [GC (Allocation Failure) 2021-01-22T21:03:18.172-0800: 246.740: [DefNew: 314559K->34943K(314560K), 0.0285139 secs] 768044K->561583K(1013632K), 0.0286154 secs] [Times: user=0.03 sys=0.00, real=0.03 secs] 
2021-01-22T21:03:18.274-0800: 246.841: [GC (Allocation Failure) 2021-01-22T21:03:18.274-0800: 246.841: [DefNew: 314559K->34943K(314560K), 0.0293681 secs] 841199K->639151K(1013632K), 0.0296210 secs] [Times: user=0.02 sys=0.00, real=0.03 secs] 
2021-01-22T21:03:18.373-0800: 246.940: [GC (Allocation Failure) 2021-01-22T21:03:18.373-0800: 246.941: [DefNew: 314559K->314559K(314560K), 0.0000216 secs]2021-01-22T21:03:18.373-0800: 246.941: [Tenured: 604207K->372405K(699072K), 0.0555500 secs] 918767K->372405K(1013632K), [Metaspace: 2698K->2698K(1056768K)], 0.0556756 secs] [Times: user=0.05 sys=0.01, real=0.05 secs] 
2021-01-22T21:03:18.462-0800: 247.029: [GC (Allocation Failure) 2021-01-22T21:03:18.462-0800: 247.029: [DefNew: 279616K->34944K(314560K), 0.0118037 secs] 652021K->463303K(1013632K), 0.0119036 secs] [Times: user=0.01 sys=0.00, real=0.01 secs] 
2021-01-22T21:03:18.505-0800: 247.072: [GC (Allocation Failure) 2021-01-22T21:03:18.505-0800: 247.072: [DefNew: 314560K->34943K(314560K), 0.0152406 secs] 742919K->543523K(1013632K), 0.0153372 secs] [Times: user=0.01 sys=0.00, real=0.02 secs] 
2021-01-22T21:03:18.552-0800: 247.119: [GC (Allocation Failure) 2021-01-22T21:03:18.552-0800: 247.119: [DefNew: 314559K->34942K(314560K), 0.0135819 secs] 823139K->616230K(1013632K), 0.0136739 secs] [Times: user=0.01 sys=0.00, real=0.01 secs] 
2021-01-22T21:03:18.596-0800: 247.163: [GC (Allocation Failure) 2021-01-22T21:03:18.596-0800: 247.163: [DefNew: 314558K->34943K(314560K), 0.0154103 secs] 895846K->697518K(1013632K), 0.0155046 secs] [Times: user=0.02 sys=0.00, real=0.02 secs] 
2021-01-22T21:03:18.644-0800: 247.212: [GC (Allocation Failure) 2021-01-22T21:03:18.644-0800: 247.212: [DefNew: 314559K->314559K(314560K), 0.0000218 secs]2021-01-22T21:03:18.644-0800: 247.212: [Tenured: 662574K->418492K(699072K), 0.0501853 secs] 977134K->418492K(1013632K), [Metaspace: 2698K->2698K(1056768K)], 0.0503392 secs] [Times: user=0.05 sys=0.00, real=0.05 secs] 
2021-01-22T21:03:18.730-0800: 247.297: [GC (Allocation Failure) 2021-01-22T21:03:18.730-0800: 247.297: [DefNew: 279616K->34943K(314560K), 0.0124521 secs] 698108K->501213K(1013632K), 0.0127098 secs] [Times: user=0.01 sys=0.00, real=0.01 secs] 
2021-01-22T21:03:18.780-0800: 247.347: [GC (Allocation Failure) 2021-01-22T21:03:18.780-0800: 247.347: [DefNew: 314559K->34943K(314560K), 0.0162598 secs] 780829K->581306K(1013632K), 0.0163526 secs] [Times: user=0.01 sys=0.00, real=0.01 secs] 
2021-01-22T21:03:18.829-0800: 247.396: [GC (Allocation Failure) 2021-01-22T21:03:18.829-0800: 247.396: [DefNew: 314559K->34943K(314560K), 0.0144322 secs] 860922K->658258K(1013632K), 0.0145254 secs] [Times: user=0.02 sys=0.00, real=0.02 secs] 
2021-01-22T21:03:18.877-0800: 247.444: [GC (Allocation Failure) 2021-01-22T21:03:18.877-0800: 247.444: [DefNew: 314301K->314301K(314560K), 0.0000223 secs]2021-01-22T21:03:18.877-0800: 247.445: [Tenured: 623314K->411957K(699072K), 0.0527945 secs] 937616K->411957K(1013632K), [Metaspace: 2698K->2698K(1056768K)], 0.0530126 secs] [Times: user=0.05 sys=0.00, real=0.06 secs] 
2021-01-22T21:03:18.963-0800: 247.530: [GC (Allocation Failure) 2021-01-22T21:03:18.963-0800: 247.530: [DefNew: 279616K->34943K(314560K), 0.0105323 secs] 691573K->494158K(1013632K), 0.0106368 secs] [Times: user=0.01 sys=0.00, real=0.01 secs] 
2021-01-22T21:03:19.005-0800: 247.573: [GC (Allocation Failure) 2021-01-22T21:03:19.005-0800: 247.573: [DefNew: 314559K->34942K(314560K), 0.0140630 secs] 773774K->571122K(1013632K), 0.0141557 secs] [Times: user=0.02 sys=0.00, real=0.01 secs] 
2021-01-22T21:03:19.051-0800: 247.618: [GC (Allocation Failure) 2021-01-22T21:03:19.051-0800: 247.618: [DefNew: 314558K->34943K(314560K), 0.0145683 secs] 850738K->646363K(1013632K), 0.0146652 secs] [Times: user=0.01 sys=0.00, real=0.01 secs] 
2021-01-22T21:03:19.097-0800: 247.664: [GC (Allocation Failure) 2021-01-22T21:03:19.097-0800: 247.664: [DefNew: 314559K->314559K(314560K), 0.0000230 secs]2021-01-22T21:03:19.097-0800: 247.664: [Tenured: 611419K->408901K(699072K), 0.0483783 secs] 925979K->408901K(1013632K), [Metaspace: 2698K->2698K(1056768K)], 0.0485220 secs] [Times: user=0.05 sys=0.00, real=0.05 secs] 
2021-01-22T21:03:19.175-0800: 247.742: [GC (Allocation Failure) 2021-01-22T21:03:19.175-0800: 247.742: [DefNew: 279616K->34942K(314560K), 0.0114636 secs] 688517K->496427K(1013632K), 0.0115714 secs] [Times: user=0.01 sys=0.00, real=0.01 secs] 
2021-01-22T21:03:19.217-0800: 247.785: [GC (Allocation Failure) 2021-01-22T21:03:19.217-0800: 247.785: [DefNew: 314558K->34942K(314560K), 0.0157770 secs] 776043K->581497K(1013632K), 0.0158780 secs] [Times: user=0.02 sys=0.00, real=0.02 secs] 
2021-01-22T21:03:19.273-0800: 247.840: [GC (Allocation Failure) 2021-01-22T21:03:19.273-0800: 247.840: [DefNew: 314558K->34943K(314560K), 0.0168276 secs] 861113K->660001K(1013632K), 0.0169919 secs] [Times: user=0.02 sys=0.00, real=0.02 secs] 
2021-01-22T21:03:19.334-0800: 247.901: [GC (Allocation Failure) 2021-01-22T21:03:19.334-0800: 247.901: [DefNew: 314559K->314559K(314560K), 0.0000324 secs]2021-01-22T21:03:19.334-0800: 247.901: [Tenured: 625057K->374712K(699072K), 0.0577230 secs] 939617K->374712K(1013632K), [Metaspace: 2698K->2698K(1056768K)], 0.0578816 secs] [Times: user=0.06 sys=0.00, real=0.06 secs] 
2021-01-22T21:03:19.423-0800: 247.990: [GC (Allocation Failure) 2021-01-22T21:03:19.423-0800: 247.990: [DefNew: 279616K->34943K(314560K), 0.0130551 secs] 654328K->464974K(1013632K), 0.0131667 secs] [Times: user=0.01 sys=0.00, real=0.01 secs] 
2021-01-22T21:03:19.466-0800: 248.034: [GC (Allocation Failure) 2021-01-22T21:03:19.466-0800: 248.034: [DefNew: 314559K->34943K(314560K), 0.0141444 secs] 744590K->542236K(1013632K), 0.0142374 secs] [Times: user=0.01 sys=0.00, real=0.02 secs] 
2021-01-22T21:03:19.512-0800: 248.079: [GC (Allocation Failure) 2021-01-22T21:03:19.512-0800: 248.079: [DefNew: 314559K->34943K(314560K), 0.0142714 secs] 821852K->614504K(1013632K), 0.0143622 secs] [Times: user=0.02 sys=0.00, real=0.01 secs] 
2021-01-22T21:03:19.557-0800: 248.124: [GC (Allocation Failure) 2021-01-22T21:03:19.557-0800: 248.124: [DefNew: 314559K->34943K(314560K), 0.0142552 secs] 894120K->691252K(1013632K), 0.0143458 secs] [Times: user=0.01 sys=0.00, real=0.02 secs] 
2021-01-22T21:03:19.601-0800: 248.168: [GC (Allocation Failure) 2021-01-22T21:03:19.601-0800: 248.168: [DefNew: 314559K->314559K(314560K), 0.0000221 secs]2021-01-22T21:03:19.601-0800: 248.169: [Tenured: 656308K->418083K(699072K), 0.0501198 secs] 970868K->418083K(1013632K), [Metaspace: 2698K->2698K(1056768K)], 0.0502503 secs] [Times: user=0.05 sys=0.00, real=0.05 secs] 
2021-01-22T21:03:19.687-0800: 248.254: [GC (Allocation Failure) 2021-01-22T21:03:19.687-0800: 248.254: [DefNew: 279616K->34943K(314560K), 0.0111803 secs] 697699K->500744K(1013632K), 0.0112773 secs] [Times: user=0.01 sys=0.00, real=0.01 secs] 
2021-01-22T21:03:19.728-0800: 248.295: [GC (Allocation Failure) 2021-01-22T21:03:19.728-0800: 248.295: [DefNew: 314559K->34943K(314560K), 0.0192982 secs] 780360K->586575K(1013632K), 0.0194290 secs] [Times: user=0.02 sys=0.00, real=0.02 secs] 
2021-01-22T21:03:19.783-0800: 248.350: [GC (Allocation Failure) 2021-01-22T21:03:19.783-0800: 248.350: [DefNew: 314559K->34944K(314560K), 0.0157994 secs] 866191K->670637K(1013632K), 0.0158940 secs] [Times: user=0.02 sys=0.00, real=0.01 secs] 
2021-01-22T21:03:19.830-0800: 248.397: [GC (Allocation Failure) 2021-01-22T21:03:19.830-0800: 248.397: [DefNew: 314560K->314560K(314560K), 0.0000226 secs]2021-01-22T21:03:19.830-0800: 248.397: [Tenured: 635693K->416840K(699072K), 0.0558816 secs] 950253K->416840K(1013632K), [Metaspace: 2698K->2698K(1056768K)], 0.0560094 secs] [Times: user=0.05 sys=0.00, real=0.05 secs] 
2021-01-22T21:03:19.918-0800: 248.485: [GC (Allocation Failure) 2021-01-22T21:03:19.918-0800: 248.485: [DefNew: 279616K->34944K(314560K), 0.0104370 secs] 696456K->498123K(1013632K), 0.0105318 secs] [Times: user=0.01 sys=0.00, real=0.01 secs] 
2021-01-22T21:03:19.958-0800: 248.525: [GC (Allocation Failure) 2021-01-22T21:03:19.958-0800: 248.525: [DefNew: 314560K->34943K(314560K), 0.0133954 secs] 777739K->569548K(1013632K), 0.0134877 secs] [Times: user=0.01 sys=0.00, real=0.02 secs] 
2021-01-22T21:03:20.003-0800: 248.570: [GC (Allocation Failure) 2021-01-22T21:03:20.003-0800: 248.570: [DefNew: 314559K->34943K(314560K), 0.0149869 secs] 849164K->648111K(1013632K), 0.0150909 secs] [Times: user=0.01 sys=0.00, real=0.01 secs] 
2021-01-22T21:03:20.048-0800: 248.615: [GC (Allocation Failure) 2021-01-22T21:03:20.048-0800: 248.615: [DefNew: 314559K->314559K(314560K), 0.0000217 secs]2021-01-22T21:03:20.048-0800: 248.615: [Tenured: 613167K->395207K(699072K), 0.0721289 secs] 927727K->395207K(1013632K), [Metaspace: 2698K->2698K(1056768K)], 0.0722562 secs] [Times: user=0.07 sys=0.00, real=0.08 secs] 
2021-01-22T21:03:20.175-0800: 248.743: [GC (Allocation Failure) 2021-01-22T21:03:20.176-0800: 248.743: [DefNew: 279616K->34944K(314560K), 0.0266575 secs] 674823K->485271K(1013632K), 0.0267875 secs] [Times: user=0.02 sys=0.00, real=0.03 secs] 
2021-01-22T21:03:20.260-0800: 248.827: [GC (Allocation Failure) 2021-01-22T21:03:20.260-0800: 248.827: [DefNew: 314560K->34939K(314560K), 0.0381975 secs] 764887K->571770K(1013632K), 0.0383892 secs] [Times: user=0.03 sys=0.00, real=0.03 secs] 
2021-01-22T21:03:20.348-0800: 248.916: [GC (Allocation Failure) 2021-01-22T21:03:20.348-0800: 248.916: [DefNew: 314224K->34943K(314560K), 0.0159592 secs] 851056K->653100K(1013632K), 0.0160522 secs] [Times: user=0.02 sys=0.00, real=0.02 secs] 
2021-01-22T21:03:20.401-0800: 248.969: [GC (Allocation Failure) 2021-01-22T21:03:20.401-0800: 248.969: [DefNew: 314559K->314559K(314560K), 0.0000335 secs]2021-01-22T21:03:20.402-0800: 248.969: [Tenured: 618156K->376957K(699072K), 0.0508043 secs] 932716K->376957K(1013632K), [Metaspace: 2698K->2698K(1056768K)], 0.0509639 secs] [Times: user=0.05 sys=0.00, real=0.05 secs] 
2021-01-22T21:03:20.485-0800: 249.052: [GC (Allocation Failure) 2021-01-22T21:03:20.485-0800: 249.052: [DefNew: 279616K->34944K(314560K), 0.0115719 secs] 656573K->465698K(1013632K), 0.0116619 secs] [Times: user=0.02 sys=0.00, real=0.01 secs] 
2021-01-22T21:03:20.527-0800: 249.094: [GC (Allocation Failure) 2021-01-22T21:03:20.527-0800: 249.094: [DefNew: 314560K->34943K(314560K), 0.0137148 secs] 745314K->539005K(1013632K), 0.0138086 secs] [Times: user=0.01 sys=0.00, real=0.02 secs] 
2021-01-22T21:03:20.575-0800: 249.143: [GC (Allocation Failure) 2021-01-22T21:03:20.575-0800: 249.143: [DefNew: 314559K->34944K(314560K), 0.0175289 secs] 818621K->616410K(1013632K), 0.0176338 secs] [Times: user=0.02 sys=0.00, real=0.02 secs] 
2021-01-22T21:03:20.625-0800: 249.192: [GC (Allocation Failure) 2021-01-22T21:03:20.625-0800: 249.193: [DefNew: 314560K->34944K(314560K), 0.0141224 secs] 896026K->693556K(1013632K), 0.0142183 secs] [Times: user=0.01 sys=0.00, real=0.01 secs] 
2021-01-22T21:03:20.671-0800: 249.238: [GC (Allocation Failure) 2021-01-22T21:03:20.671-0800: 249.238: [DefNew: 314560K->314560K(314560K), 0.0000232 secs]2021-01-22T21:03:20.671-0800: 249.238: [Tenured: 658612K->404975K(699072K), 0.0476070 secs] 973172K->404975K(1013632K), [Metaspace: 2698K->2698K(1056768K)], 0.0477493 secs] [Times: user=0.05 sys=0.00, real=0.04 secs] 
2021-01-22T21:03:20.749-0800: 249.316: [GC (Allocation Failure) 2021-01-22T21:03:20.749-0800: 249.316: [DefNew: 279616K->34943K(314560K), 0.0132111 secs] 684591K->495824K(1013632K), 0.0133002 secs] [Times: user=0.01 sys=0.00, real=0.02 secs] 
2021-01-22T21:03:20.797-0800: 249.365: [GC (Allocation Failure) 2021-01-22T21:03:20.797-0800: 249.365: [DefNew: 314559K->34943K(314560K), 0.0154495 secs] 775440K->577899K(1013632K), 0.0155431 secs] [Times: user=0.01 sys=0.00, real=0.02 secs] 
2021-01-22T21:03:20.848-0800: 249.416: [GC (Allocation Failure) 2021-01-22T21:03:20.849-0800: 249.416: [DefNew: 314559K->34943K(314560K), 0.0225136 secs] 857515K->652290K(1013632K), 0.0226226 secs] [Times: user=0.02 sys=0.00, real=0.03 secs] 
2021-01-22T21:03:20.927-0800: 249.495: [GC (Allocation Failure) 2021-01-22T21:03:20.927-0800: 249.495: [DefNew: 314559K->314559K(314560K), 0.0000220 secs]2021-01-22T21:03:20.927-0800: 249.495: [Tenured: 617347K->413246K(699072K), 0.0927129 secs] 931906K->413246K(1013632K), [Metaspace: 2698K->2698K(1056768K)], 0.0930185 secs] [Times: user=0.08 sys=0.00, real=0.10 secs] 
2021-01-22T21:03:21.073-0800: 249.640: [GC (Allocation Failure) 2021-01-22T21:03:21.073-0800: 249.640: [DefNew: 279616K->34942K(314560K), 0.0148010 secs] 692862K->504876K(1013632K), 0.0149976 secs] [Times: user=0.01 sys=0.00, real=0.01 secs] 
2021-01-22T21:03:21.132-0800: 249.699: [GC (Allocation Failure) 2021-01-22T21:03:21.132-0800: 249.699: [DefNew: 314558K->34944K(314560K), 0.0148028 secs] 784492K->581851K(1013632K), 0.0148968 secs] [Times: user=0.02 sys=0.00, real=0.01 secs] 
2021-01-22T21:03:21.198-0800: 249.765: [GC (Allocation Failure) 2021-01-22T21:03:21.198-0800: 249.765: [DefNew: 314205K->34944K(314560K), 0.0332656 secs] 861112K->664607K(1013632K), 0.0334422 secs] [Times: user=0.03 sys=0.00, real=0.04 secs] 
2021-01-22T21:03:21.300-0800: 249.867: [GC (Allocation Failure) 2021-01-22T21:03:21.300-0800: 249.867: [DefNew: 314560K->314560K(314560K), 0.0000859 secs]2021-01-22T21:03:21.300-0800: 249.868: [Tenured: 629663K->416783K(699072K), 0.1085867 secs] 944223K->416783K(1013632K), [Metaspace: 2698K->2698K(1056768K)], 0.1089228 secs] [Times: user=0.10 sys=0.00, real=0.10 secs] 
2021-01-22T21:03:21.439-0800: 250.006: [GC (Allocation Failure) 2021-01-22T21:03:21.439-0800: 250.006: [DefNew: 279616K->34944K(314560K), 0.0121716 secs] 696399K->508268K(1013632K), 0.0122733 secs] [Times: user=0.01 sys=0.00, real=0.02 secs] 
2021-01-22T21:03:21.483-0800: 250.050: [GC (Allocation Failure) 2021-01-22T21:03:21.483-0800: 250.050: [DefNew: 314560K->34942K(314560K), 0.0138744 secs] 787884K->583536K(1013632K), 0.0139645 secs] [Times: user=0.02 sys=0.00, real=0.01 secs] 
2021-01-22T21:03:21.528-0800: 250.095: [GC (Allocation Failure) 2021-01-22T21:03:21.528-0800: 250.095: [DefNew: 314558K->34943K(314560K), 0.0164783 secs] 863152K->671061K(1013632K), 0.0165678 secs] [Times: user=0.01 sys=0.00, real=0.02 secs] 
2021-01-22T21:03:21.577-0800: 250.144: [GC (Allocation Failure) 2021-01-22T21:03:21.577-0800: 250.144: [DefNew: 314559K->314559K(314560K), 0.0000230 secs]2021-01-22T21:03:21.577-0800: 250.144: [Tenured: 636118K->383158K(699072K), 0.0552652 secs] 950677K->383158K(1013632K), [Metaspace: 2698K->2698K(1056768K)], 0.0553907 secs] [Times: user=0.06 sys=0.00, real=0.06 secs] 
2021-01-22T21:03:21.664-0800: 250.231: [GC (Allocation Failure) 2021-01-22T21:03:21.664-0800: 250.231: [DefNew: 279616K->34944K(314560K), 0.0122260 secs] 662774K->472610K(1013632K), 0.0123158 secs] [Times: user=0.01 sys=0.00, real=0.01 secs] 
2021-01-22T21:03:21.708-0800: 250.275: [GC (Allocation Failure) 2021-01-22T21:03:21.708-0800: 250.275: [DefNew: 314220K->34944K(314560K), 0.0151860 secs] 751887K->552835K(1013632K), 0.0152820 secs] [Times: user=0.01 sys=0.00, real=0.02 secs] 
2021-01-22T21:03:21.756-0800: 250.323: [GC (Allocation Failure) 2021-01-22T21:03:21.756-0800: 250.323: [DefNew: 314560K->34943K(314560K), 0.0171723 secs] 832451K->633240K(1013632K), 0.0172803 secs] [Times: user=0.01 sys=0.00, real=0.02 secs] 
2021-01-22T21:03:21.806-0800: 250.374: [GC (Allocation Failure) 2021-01-22T21:03:21.807-0800: 250.374: [DefNew: 314559K->314559K(314560K), 0.0000227 secs]2021-01-22T21:03:21.807-0800: 250.374: [Tenured: 598296K->418912K(699072K), 0.0481863 secs] 912856K->418912K(1013632K), [Metaspace: 2698K->2698K(1056768K)], 0.0483200 secs] [Times: user=0.05 sys=0.01, real=0.05 secs] 
2021-01-22T21:03:21.891-0800: 250.459: [GC (Allocation Failure) 2021-01-22T21:03:21.891-0800: 250.459: [DefNew: 279616K->34943K(314560K), 0.0124984 secs] 698528K->512805K(1013632K), 0.0125863 secs] [Times: user=0.01 sys=0.00, real=0.01 secs] 
2021-01-22T21:03:21.933-0800: 250.500: [GC (Allocation Failure) 2021-01-22T21:03:21.933-0800: 250.500: [DefNew: 314559K->34943K(314560K), 0.0147334 secs] 792421K->588036K(1013632K), 0.0148278 secs] [Times: user=0.01 sys=0.00, real=0.01 secs] 
2021-01-22T21:03:21.980-0800: 250.547: [GC (Allocation Failure) 2021-01-22T21:03:21.980-0800: 250.547: [DefNew: 314559K->34941K(314560K), 0.0149946 secs] 867652K->663996K(1013632K), 0.0150844 secs] [Times: user=0.02 sys=0.00, real=0.01 secs] 
2021-01-22T21:03:22.026-0800: 250.593: [GC (Allocation Failure) 2021-01-22T21:03:22.026-0800: 250.593: [DefNew: 314557K->314557K(314560K), 0.0000241 secs]2021-01-22T21:03:22.026-0800: 250.593: [Tenured: 629054K->415367K(699072K), 0.0512421 secs] 943612K->415367K(1013632K), [Metaspace: 2698K->2698K(1056768K)], 0.0513921 secs] [Times: user=0.05 sys=0.00, real=0.05 secs] 
2021-01-22T21:03:22.109-0800: 250.677: [GC (Allocation Failure) 2021-01-22T21:03:22.109-0800: 250.677: [DefNew: 279616K->34943K(314560K), 0.0110147 secs] 694983K->498327K(1013632K), 0.0111118 secs] [Times: user=0.01 sys=0.00, real=0.02 secs] 
2021-01-22T21:03:22.151-0800: 250.718: [GC (Allocation Failure) 2021-01-22T21:03:22.151-0800: 250.718: [DefNew: 314559K->34943K(314560K), 0.0159894 secs] 777943K->579966K(1013632K), 0.0160860 secs] [Times: user=0.01 sys=0.00, real=0.01 secs] 
2021-01-22T21:03:22.198-0800: 250.765: [GC (Allocation Failure) 2021-01-22T21:03:22.198-0800: 250.766: [DefNew: 314486K->34943K(314560K), 0.0144505 secs] 859508K->650190K(1013632K), 0.0145651 secs] [Times: user=0.02 sys=0.00, real=0.02 secs] 
2021-01-22T21:03:22.244-0800: 250.812: [GC (Allocation Failure) 2021-01-22T21:03:22.244-0800: 250.812: [DefNew: 314559K->314559K(314560K), 0.0000321 secs]2021-01-22T21:03:22.244-0800: 250.812: [Tenured: 615246K->392405K(699072K), 0.0647328 secs] 929806K->392405K(1013632K), [Metaspace: 2698K->2698K(1056768K)], 0.0649059 secs] [Times: user=0.06 sys=0.00, real=0.06 secs] 
2021-01-22T21:03:22.342-0800: 250.909: [GC (Allocation Failure) 2021-01-22T21:03:22.342-0800: 250.909: [DefNew: 279616K->34943K(314560K), 0.0126055 secs] 672021K->486239K(1013632K), 0.0126954 secs] [Times: user=0.01 sys=0.00, real=0.01 secs] 
2021-01-22T21:03:22.394-0800: 250.961: [GC (Allocation Failure) 2021-01-22T21:03:22.394-0800: 250.961: [DefNew: 314559K->34943K(314560K), 0.0153242 secs] 765855K->566536K(1013632K), 0.0154270 secs] [Times: user=0.02 sys=0.00, real=0.01 secs] 
2021-01-22T21:03:22.441-0800: 251.008: [GC (Allocation Failure) 2021-01-22T21:03:22.441-0800: 251.008: [DefNew: 314559K->34943K(314560K), 0.0147798 secs] 846152K->644818K(1013632K), 0.0148816 secs] [Times: user=0.01 sys=0.00, real=0.01 secs] 
2021-01-22T21:03:22.485-0800: 251.053: [GC (Allocation Failure) 2021-01-22T21:03:22.485-0800: 251.053: [DefNew: 314559K->314559K(314560K), 0.0000329 secs]2021-01-22T21:03:22.485-0800: 251.053: [Tenured: 609875K->379814K(699072K), 0.0500650 secs] 924434K->379814K(1013632K), [Metaspace: 2698K->2698K(1056768K)], 0.0502622 secs] [Times: user=0.05 sys=0.01, real=0.05 secs] 
2021-01-22T21:03:22.571-0800: 251.138: [GC (Allocation Failure) 2021-01-22T21:03:22.571-0800: 251.138: [DefNew: 279616K->34943K(314560K), 0.0131018 secs] 659430K->467253K(1013632K), 0.0132305 secs] [Times: user=0.01 sys=0.00, real=0.01 secs] 
2021-01-22T21:03:22.623-0800: 251.190: [GC (Allocation Failure) 2021-01-22T21:03:22.623-0800: 251.190: [DefNew: 314559K->34943K(314560K), 0.0167947 secs] 746869K->541005K(1013632K), 0.0169067 secs] [Times: user=0.02 sys=0.00, real=0.02 secs] 
2021-01-22T21:03:22.690-0800: 251.258: [GC (Allocation Failure) 2021-01-22T21:03:22.690-0800: 251.258: [DefNew: 314559K->34943K(314560K), 0.0235925 secs] 820621K->619853K(1013632K), 0.0238082 secs] [Times: user=0.03 sys=0.00, real=0.02 secs] 
2021-01-22T21:03:22.765-0800: 251.332: [GC (Allocation Failure) 2021-01-22T21:03:22.765-0800: 251.332: [DefNew: 314215K->34943K(314560K), 0.0283887 secs] 899125K->703408K(1013632K), 0.0284862 secs] [Times: user=0.03 sys=0.00, real=0.03 secs] 
2021-01-22T21:03:22.823-0800: 251.390: [GC (Allocation Failure) 2021-01-22T21:03:22.823-0800: 251.390: [DefNew: 314559K->314559K(314560K), 0.0000220 secs]2021-01-22T21:03:22.823-0800: 251.390: [Tenured: 668464K->415455K(699072K), 0.0488568 secs] 983024K->415455K(1013632K), [Metaspace: 2698K->2698K(1056768K)], 0.0490241 secs] [Times: user=0.05 sys=0.00, real=0.05 secs] 
2021-01-22T21:03:22.910-0800: 251.478: [GC (Allocation Failure) 2021-01-22T21:03:22.910-0800: 251.478: [DefNew: 279616K->34942K(314560K), 0.0102311 secs] 695071K->495377K(1013632K), 0.0103177 secs] [Times: user=0.01 sys=0.00, real=0.01 secs] 
2021-01-22T21:03:22.952-0800: 251.519: [GC (Allocation Failure) 2021-01-22T21:03:22.952-0800: 251.519: [DefNew: 314558K->34943K(314560K), 0.0146742 secs] 774993K->576322K(1013632K), 0.0147663 secs] [Times: user=0.01 sys=0.00, real=0.01 secs] 
2021-01-22T21:03:23.007-0800: 251.574: [GC (Allocation Failure) 2021-01-22T21:03:23.007-0800: 251.574: [DefNew: 314559K->34943K(314560K), 0.0151266 secs] 855938K->656331K(1013632K), 0.0152224 secs] [Times: user=0.01 sys=0.00, real=0.02 secs] 
2021-01-22T21:03:23.052-0800: 251.619: [GC (Allocation Failure) 2021-01-22T21:03:23.052-0800: 251.619: [DefNew: 314559K->314559K(314560K), 0.0000221 secs]2021-01-22T21:03:23.052-0800: 251.619: [Tenured: 621387K->402379K(699072K), 0.0477863 secs] 935947K->402379K(1013632K), [Metaspace: 2698K->2698K(1056768K)], 0.0479189 secs] [Times: user=0.05 sys=0.00, real=0.05 secs] 
2021-01-22T21:03:23.133-0800: 251.700: [GC (Allocation Failure) 2021-01-22T21:03:23.133-0800: 251.700: [DefNew: 279616K->34944K(314560K), 0.0105651 secs] 681995K->486349K(1013632K), 0.0106582 secs] [Times: user=0.01 sys=0.00, real=0.01 secs] 
2021-01-22T21:03:23.174-0800: 251.742: [GC (Allocation Failure) 2021-01-22T21:03:23.175-0800: 251.742: [DefNew: 314560K->34943K(314560K), 0.0158354 secs] 765965K->571566K(1013632K), 0.0159301 secs] [Times: user=0.02 sys=0.00, real=0.02 secs] 
2021-01-22T21:03:23.220-0800: 251.787: [GC (Allocation Failure) 2021-01-22T21:03:23.220-0800: 251.787: [DefNew: 314559K->34943K(314560K), 0.0153586 secs] 851182K->658524K(1013632K), 0.0154527 secs] [Times: user=0.01 sys=0.00, real=0.01 secs] 
2021-01-22T21:03:23.266-0800: 251.833: [GC (Allocation Failure) 2021-01-22T21:03:23.266-0800: 251.833: [DefNew: 314559K->314559K(314560K), 0.0000353 secs]2021-01-22T21:03:23.266-0800: 251.833: [Tenured: 623580K->397270K(699072K), 0.0554604 secs] 938140K->397270K(1013632K), [Metaspace: 2698K->2698K(1056768K)], 0.0556086 secs] [Times: user=0.06 sys=0.00, real=0.06 secs] 
2021-01-22T21:03:23.352-0800: 251.919: [GC (Allocation Failure) 2021-01-22T21:03:23.352-0800: 251.920: [DefNew: 279616K->34943K(314560K), 0.0116762 secs] 676886K->490212K(1013632K), 0.0117701 secs] [Times: user=0.01 sys=0.00, real=0.01 secs] 
2021-01-22T21:03:23.400-0800: 251.968: [GC (Allocation Failure) 2021-01-22T21:03:23.400-0800: 251.968: [DefNew: 314216K->34943K(314560K), 0.0154013 secs] 769485K->574937K(1013632K), 0.0155108 secs] [Times: user=0.02 sys=0.00, real=0.01 secs] 
2021-01-22T21:03:23.446-0800: 252.013: [GC (Allocation Failure) 2021-01-22T21:03:23.446-0800: 252.013: [DefNew: 314559K->34943K(314560K), 0.0153528 secs] 854553K->658182K(1013632K), 0.0154529 secs] [Times: user=0.01 sys=0.00, real=0.02 secs] 
2021-01-22T21:03:23.492-0800: 252.059: [GC (Allocation Failure) 2021-01-22T21:03:23.492-0800: 252.060: [DefNew: 314559K->314559K(314560K), 0.0000257 secs]2021-01-22T21:03:23.492-0800: 252.060: [Tenured: 623239K->370664K(699072K), 0.0491415 secs] 937798K->370664K(1013632K), [Metaspace: 2698K->2698K(1056768K)], 0.0493223 secs] [Times: user=0.05 sys=0.00, real=0.05 secs] 
2021-01-22T21:03:23.572-0800: 252.140: [GC (Allocation Failure) 2021-01-22T21:03:23.572-0800: 252.140: [DefNew: 279616K->34944K(314560K), 0.0130185 secs] 650280K->468939K(1013632K), 0.0131124 secs] [Times: user=0.01 sys=0.00, real=0.01 secs] 
2021-01-22T21:03:23.617-0800: 252.184: [GC (Allocation Failure) 2021-01-22T21:03:23.617-0800: 252.184: [DefNew: 314560K->34943K(314560K), 0.0131326 secs] 748555K->537106K(1013632K), 0.0132263 secs] [Times: user=0.01 sys=0.00, real=0.02 secs] 
2021-01-22T21:03:23.659-0800: 252.227: [GC (Allocation Failure) 2021-01-22T21:03:23.659-0800: 252.227: [DefNew: 314559K->34943K(314560K), 0.0146487 secs] 816722K->614727K(1013632K), 0.0147418 secs] [Times: user=0.01 sys=0.00, real=0.02 secs] 
2021-01-22T21:03:23.706-0800: 252.273: [GC (Allocation Failure) 2021-01-22T21:03:23.706-0800: 252.273: [DefNew: 314559K->34943K(314560K), 0.0148189 secs] 894343K->693939K(1013632K), 0.0149133 secs] [Times: user=0.02 sys=0.00, real=0.02 secs] 
2021-01-22T21:03:23.751-0800: 252.318: [GC (Allocation Failure) 2021-01-22T21:03:23.751-0800: 252.318: [DefNew: 314559K->314559K(314560K), 0.0000223 secs]2021-01-22T21:03:23.751-0800: 252.318: [Tenured: 658995K->407791K(699072K), 0.0542406 secs] 973555K->407791K(1013632K), [Metaspace: 2698K->2698K(1056768K)], 0.0543745 secs] [Times: user=0.05 sys=0.00, real=0.05 secs] 
2021-01-22T21:03:23.837-0800: 252.404: [GC (Allocation Failure) 2021-01-22T21:03:23.837-0800: 252.404: [DefNew: 279616K->34944K(314560K), 0.0104719 secs] 687407K->486746K(1013632K), 0.0106078 secs] [Times: user=0.01 sys=0.00, real=0.01 secs] 
2021-01-22T21:03:23.876-0800: 252.443: [GC (Allocation Failure) 2021-01-22T21:03:23.876-0800: 252.443: [DefNew: 314560K->34943K(314560K), 0.0171900 secs] 766362K->568774K(1013632K), 0.0172805 secs] [Times: user=0.02 sys=0.00, real=0.02 secs] 
2021-01-22T21:03:23.929-0800: 252.496: [GC (Allocation Failure) 2021-01-22T21:03:23.929-0800: 252.496: [DefNew: 314559K->34943K(314560K), 0.0152607 secs] 848390K->648253K(1013632K), 0.0153581 secs] [Times: user=0.02 sys=0.00, real=0.02 secs] 
2021-01-22T21:03:23.974-0800: 252.541: [GC (Allocation Failure) 2021-01-22T21:03:23.974-0800: 252.542: [DefNew: 314559K->314559K(314560K), 0.0000392 secs]2021-01-22T21:03:23.974-0800: 252.542: [Tenured: 613309K->407318K(699072K), 0.0481460 secs] 927869K->407318K(1013632K), [Metaspace: 2698K->2698K(1056768K)], 0.0483406 secs] [Times: user=0.05 sys=0.00, real=0.05 secs] 
2021-01-22T21:03:24.055-0800: 252.622: [GC (Allocation Failure) 2021-01-22T21:03:24.055-0800: 252.622: [DefNew: 279616K->34942K(314560K), 0.0114462 secs] 686934K->495733K(1013632K), 0.0115407 secs] [Times: user=0.01 sys=0.00, real=0.01 secs] 
2021-01-22T21:03:24.097-0800: 252.664: [GC (Allocation Failure) 2021-01-22T21:03:24.097-0800: 252.664: [DefNew: 314558K->34943K(314560K), 0.0155934 secs] 775349K->584118K(1013632K), 0.0156872 secs] [Times: user=0.02 sys=0.01, real=0.02 secs] 
2021-01-22T21:03:24.143-0800: 252.710: [GC (Allocation Failure) 2021-01-22T21:03:24.143-0800: 252.710: [DefNew: 314559K->34943K(314560K), 0.0135588 secs] 863734K->656906K(1013632K), 0.0136528 secs] [Times: user=0.01 sys=0.00, real=0.01 secs] 
2021-01-22T21:03:24.187-0800: 252.754: [GC (Allocation Failure) 2021-01-22T21:03:24.187-0800: 252.754: [DefNew: 314559K->314559K(314560K), 0.0000213 secs]2021-01-22T21:03:24.187-0800: 252.754: [Tenured: 621962K->402681K(699072K), 0.0491458 secs] 936522K->402681K(1013632K), [Metaspace: 2698K->2698K(1056768K)], 0.0492757 secs] [Times: user=0.05 sys=0.00, real=0.05 secs] 
2021-01-22T21:03:24.266-0800: 252.834: [GC (Allocation Failure) 2021-01-22T21:03:24.266-0800: 252.834: [DefNew: 279616K->34943K(314560K), 0.0147439 secs] 682297K->495886K(1013632K), 0.0148412 secs] [Times: user=0.01 sys=0.00, real=0.02 secs] 
2021-01-22T21:03:24.316-0800: 252.884: [GC (Allocation Failure) 2021-01-22T21:03:24.316-0800: 252.884: [DefNew: 314559K->34943K(314560K), 0.0156336 secs] 775502K->579681K(1013632K), 0.0157526 secs] [Times: user=0.01 sys=0.00, real=0.02 secs] 
2021-01-22T21:03:24.363-0800: 252.930: [GC (Allocation Failure) 2021-01-22T21:03:24.363-0800: 252.930: [DefNew: 314559K->34943K(314560K), 0.0149279 secs] 859297K->658410K(1013632K), 0.0150255 secs] [Times: user=0.02 sys=0.00, real=0.01 secs] 
2021-01-22T21:03:24.415-0800: 252.983: [GC (Allocation Failure) 2021-01-22T21:03:24.415-0800: 252.983: [DefNew: 314559K->314559K(314560K), 0.0000224 secs]2021-01-22T21:03:24.415-0800: 252.983: [Tenured: 623466K->383604K(699072K), 0.0512481 secs] 938026K->383604K(1013632K), [Metaspace: 2698K->2698K(1056768K)], 0.0513797 secs] [Times: user=0.05 sys=0.00, real=0.05 secs] 
2021-01-22T21:03:24.499-0800: 253.066: [GC (Allocation Failure) 2021-01-22T21:03:24.499-0800: 253.066: [DefNew: 279546K->34943K(314560K), 0.0111803 secs] 663151K->472197K(1013632K), 0.0112725 secs] [Times: user=0.01 sys=0.00, real=0.02 secs] 
2021-01-22T21:03:24.541-0800: 253.108: [GC (Allocation Failure) 2021-01-22T21:03:24.541-0800: 253.109: [DefNew: 314559K->34943K(314560K), 0.0145683 secs] 751813K->549785K(1013632K), 0.0146615 secs] [Times: user=0.01 sys=0.00, real=0.01 secs] 
2021-01-22T21:03:24.586-0800: 253.153: [GC (Allocation Failure) 2021-01-22T21:03:24.586-0800: 253.153: [DefNew: 314559K->34943K(314560K), 0.0148674 secs] 829401K->632088K(1013632K), 0.0149718 secs] [Times: user=0.02 sys=0.00, real=0.02 secs] 
2021-01-22T21:03:24.632-0800: 253.199: [GC (Allocation Failure) 2021-01-22T21:03:24.632-0800: 253.199: [DefNew: 314559K->314559K(314560K), 0.0000211 secs]2021-01-22T21:03:24.632-0800: 253.199: [Tenured: 597144K->406863K(699072K), 0.0462706 secs] 911704K->406863K(1013632K), [Metaspace: 2698K->2698K(1056768K)], 0.0464142 secs] [Times: user=0.04 sys=0.00, real=0.04 secs] 
2021-01-22T21:03:24.710-0800: 253.277: [GC (Allocation Failure) 2021-01-22T21:03:24.710-0800: 253.277: [DefNew: 279477K->34943K(314560K), 0.0105826 secs] 686341K->491373K(1013632K), 0.0106755 secs] [Times: user=0.01 sys=0.00, real=0.01 secs] 
2021-01-22T21:03:24.750-0800: 253.317: [GC (Allocation Failure) 2021-01-22T21:03:24.750-0800: 253.318: [DefNew: 314559K->34944K(314560K), 0.0147381 secs] 770989K->571946K(1013632K), 0.0148455 secs] [Times: user=0.02 sys=0.00, real=0.01 secs] 
2021-01-22T21:03:24.803-0800: 253.370: [GC (Allocation Failure) 2021-01-22T21:03:24.803-0800: 253.370: [DefNew: 314560K->34943K(314560K), 0.0144736 secs] 851562K->648273K(1013632K), 0.0145669 secs] [Times: user=0.02 sys=0.00, real=0.01 secs] 
2021-01-22T21:03:24.850-0800: 253.417: [GC (Allocation Failure) 2021-01-22T21:03:24.850-0800: 253.417: [DefNew: 314559K->314559K(314560K), 0.0000212 secs]2021-01-22T21:03:24.850-0800: 253.417: [Tenured: 613329K->407240K(699072K), 0.0785761 secs] 927889K->407240K(1013632K), [Metaspace: 2698K->2698K(1056768K)], 0.0787061 secs] [Times: user=0.07 sys=0.01, real=0.07 secs] 
2021-01-22T21:03:24.968-0800: 253.535: [GC (Allocation Failure) 2021-01-22T21:03:24.968-0800: 253.535: [DefNew: 279616K->34943K(314560K), 0.0106455 secs] 686856K->486994K(1013632K), 0.0107677 secs] [Times: user=0.01 sys=0.00, real=0.01 secs] 
2021-01-22T21:03:25.012-0800: 253.579: [GC (Allocation Failure) 2021-01-22T21:03:25.012-0800: 253.580: [DefNew: 314559K->34943K(314560K), 0.0145191 secs] 766610K->564592K(1013632K), 0.0146104 secs] [Times: user=0.02 sys=0.00, real=0.01 secs] 
2021-01-22T21:03:25.058-0800: 253.625: [GC (Allocation Failure) 2021-01-22T21:03:25.058-0800: 253.626: [DefNew: 314559K->34943K(314560K), 0.0148383 secs] 844208K->641259K(1013632K), 0.0149280 secs] [Times: user=0.01 sys=0.00, real=0.02 secs] 
2021-01-22T21:03:25.102-0800: 253.670: [GC (Allocation Failure) 2021-01-22T21:03:25.102-0800: 253.670: [DefNew: 314286K->314286K(314560K), 0.0000225 secs]2021-01-22T21:03:25.102-0800: 253.670: [Tenured: 606315K->406881K(699072K), 0.0482629 secs] 920601K->406881K(1013632K), [Metaspace: 2698K->2698K(1056768K)], 0.0483987 secs] [Times: user=0.05 sys=0.00, real=0.05 secs] 
2021-01-22T21:03:25.182-0800: 253.750: [GC (Allocation Failure) 2021-01-22T21:03:25.183-0800: 253.750: [DefNew: 279523K->34943K(314560K), 0.0115211 secs] 686404K->496536K(1013632K), 0.0116141 secs] [Times: user=0.01 sys=0.00, real=0.01 secs] 
2021-01-22T21:03:25.227-0800: 253.794: [GC (Allocation Failure) 2021-01-22T21:03:25.227-0800: 253.794: [DefNew: 314559K->34943K(314560K), 0.0138377 secs] 776152K->571498K(1013632K), 0.0139307 secs] [Times: user=0.02 sys=0.00, real=0.02 secs] 
2021-01-22T21:03:25.275-0800: 253.842: [GC (Allocation Failure) 2021-01-22T21:03:25.275-0800: 253.842: [DefNew: 314559K->34943K(314560K), 0.0206925 secs] 851114K->656326K(1013632K), 0.0207969 secs] [Times: user=0.02 sys=0.00, real=0.02 secs] 
2021-01-22T21:03:25.330-0800: 253.897: [GC (Allocation Failure) 2021-01-22T21:03:25.330-0800: 253.897: [DefNew: 314559K->314559K(314560K), 0.0000233 secs]2021-01-22T21:03:25.330-0800: 253.897: [Tenured: 621382K->370898K(699072K), 0.0512100 secs] 935942K->370898K(1013632K), [Metaspace: 2698K->2698K(1056768K)], 0.0513544 secs] [Times: user=0.05 sys=0.00, real=0.05 secs] 
2021-01-22T21:03:25.422-0800: 253.989: [GC (Allocation Failure) 2021-01-22T21:03:25.422-0800: 253.989: [DefNew: 279616K->34943K(314560K), 0.0121701 secs] 650514K->460115K(1013632K), 0.0122763 secs] [Times: user=0.01 sys=0.00, real=0.01 secs] 
2021-01-22T21:03:25.471-0800: 254.038: [GC (Allocation Failure) 2021-01-22T21:03:25.471-0800: 254.038: [DefNew: 314559K->34943K(314560K), 0.0149552 secs] 739731K->539205K(1013632K), 0.0150553 secs] [Times: user=0.01 sys=0.00, real=0.01 secs] 
2021-01-22T21:03:25.516-0800: 254.083: [GC (Allocation Failure) 2021-01-22T21:03:25.516-0800: 254.083: [DefNew: 314559K->34943K(314560K), 0.0141337 secs] 818821K->614311K(1013632K), 0.0142268 secs] [Times: user=0.02 sys=0.00, real=0.02 secs] 
2021-01-22T21:03:25.562-0800: 254.129: [GC (Allocation Failure) 2021-01-22T21:03:25.562-0800: 254.129: [DefNew: 314559K->34944K(314560K), 0.0147600 secs] 893927K->695946K(1013632K), 0.0148793 secs] [Times: user=0.01 sys=0.00, real=0.01 secs] 
2021-01-22T21:03:25.607-0800: 254.174: [GC (Allocation Failure) 2021-01-22T21:03:25.607-0800: 254.174: [DefNew: 314560K->314560K(314560K), 0.0000334 secs]2021-01-22T21:03:25.607-0800: 254.174: [Tenured: 661002K->402843K(699072K), 0.0475562 secs] 975562K->402843K(1013632K), [Metaspace: 2698K->2698K(1056768K)], 0.0477232 secs] [Times: user=0.05 sys=0.00, real=0.05 secs] 
2021-01-22T21:03:25.686-0800: 254.254: [GC (Allocation Failure) 2021-01-22T21:03:25.686-0800: 254.254: [DefNew: 279616K->34942K(314560K), 0.0121528 secs] 682459K->494129K(1013632K), 0.0122680 secs] [Times: user=0.01 sys=0.00, real=0.01 secs] 
2021-01-22T21:03:25.730-0800: 254.298: [GC (Allocation Failure) 2021-01-22T21:03:25.730-0800: 254.298: [DefNew: 314558K->34944K(314560K), 0.0148830 secs] 773745K->567809K(1013632K), 0.0149751 secs] [Times: user=0.01 sys=0.00, real=0.01 secs] 
2021-01-22T21:03:25.779-0800: 254.346: [GC (Allocation Failure) 2021-01-22T21:03:25.779-0800: 254.346: [DefNew: 314560K->34943K(314560K), 0.0181987 secs] 847425K->634120K(1013632K), 0.0183198 secs] [Times: user=0.02 sys=0.00, real=0.02 secs] 
2021-01-22T21:03:25.829-0800: 254.396: [GC (Allocation Failure) 2021-01-22T21:03:25.829-0800: 254.396: [DefNew: 314559K->314559K(314560K), 0.0000340 secs]2021-01-22T21:03:25.829-0800: 254.396: [Tenured: 599176K->409111K(699072K), 0.0492826 secs] 913736K->409111K(1013632K), [Metaspace: 2698K->2698K(1056768K)], 0.0494463 secs] [Times: user=0.04 sys=0.00, real=0.05 secs] 
2021-01-22T21:03:25.914-0800: 254.482: [GC (Allocation Failure) 2021-01-22T21:03:25.914-0800: 254.482: [DefNew: 279616K->34942K(314560K), 0.0125860 secs] 688727K->502564K(1013632K), 0.0126782 secs] [Times: user=0.01 sys=0.00, real=0.01 secs] 
2021-01-22T21:03:25.958-0800: 254.525: [GC (Allocation Failure) 2021-01-22T21:03:25.958-0800: 254.525: [DefNew: 314558K->34942K(314560K), 0.0137615 secs] 782180K->575822K(1013632K), 0.0138586 secs] [Times: user=0.01 sys=0.00, real=0.02 secs] 
2021-01-22T21:03:26.003-0800: 254.570: [GC (Allocation Failure) 2021-01-22T21:03:26.003-0800: 254.570: [DefNew: 314558K->34943K(314560K), 0.0143579 secs] 855438K->650438K(1013632K), 0.0144684 secs] [Times: user=0.01 sys=0.00, real=0.01 secs] 
2021-01-22T21:03:26.049-0800: 254.616: [GC (Allocation Failure) 2021-01-22T21:03:26.049-0800: 254.616: [DefNew: 314386K->314386K(314560K), 0.0000227 secs]2021-01-22T21:03:26.049-0800: 254.616: [Tenured: 615494K->397128K(699072K), 0.0501963 secs] 929880K->397128K(1013632K), [Metaspace: 2698K->2698K(1056768K)], 0.0503367 secs] [Times: user=0.05 sys=0.00, real=0.05 secs] 
2021-01-22T21:03:26.133-0800: 254.700: [GC (Allocation Failure) 2021-01-22T21:03:26.133-0800: 254.700: [DefNew: 279616K->34943K(314560K), 0.0116007 secs] 676744K->486363K(1013632K), 0.0116998 secs] [Times: user=0.01 sys=0.00, real=0.01 secs] 
2021-01-22T21:03:26.176-0800: 254.743: [GC (Allocation Failure) 2021-01-22T21:03:26.176-0800: 254.743: [DefNew: 314559K->34943K(314560K), 0.0153939 secs] 765979K->567831K(1013632K), 0.0154958 secs] [Times: user=0.02 sys=0.00, real=0.02 secs] 
2021-01-22T21:03:26.223-0800: 254.790: [GC (Allocation Failure) 2021-01-22T21:03:26.223-0800: 254.790: [DefNew: 314559K->34944K(314560K), 0.0150845 secs] 847447K->647623K(1013632K), 0.0151825 secs] [Times: user=0.01 sys=0.00, real=0.01 secs] 
2021-01-22T21:03:26.274-0800: 254.841: [GC (Allocation Failure) 2021-01-22T21:03:26.274-0800: 254.841: [DefNew: 314560K->314560K(314560K), 0.0000216 secs]2021-01-22T21:03:26.274-0800: 254.841: [Tenured: 612679K->370435K(699072K), 0.0540202 secs] 927239K->370435K(1013632K), [Metaspace: 2698K->2698K(1056768K)], 0.0541519 secs] [Times: user=0.05 sys=0.01, real=0.05 secs] 
2021-01-22T21:03:26.359-0800: 254.926: [GC (Allocation Failure) 2021-01-22T21:03:26.359-0800: 254.926: [DefNew: 279616K->34942K(314560K), 0.0112995 secs] 650051K->459223K(1013632K), 0.0113958 secs] [Times: user=0.01 sys=0.00, real=0.02 secs] 
2021-01-22T21:03:26.409-0800: 254.976: [GC (Allocation Failure) 2021-01-22T21:03:26.409-0800: 254.976: [DefNew: 314558K->34943K(314560K), 0.0149012 secs] 738839K->539999K(1013632K), 0.0149898 secs] [Times: user=0.01 sys=0.00, real=0.02 secs] 
2021-01-22T21:03:26.455-0800: 255.022: [GC (Allocation Failure) 2021-01-22T21:03:26.455-0800: 255.022: [DefNew: 314559K->34941K(314560K), 0.0150749 secs] 819615K->616336K(1013632K), 0.0151656 secs] [Times: user=0.02 sys=0.00, real=0.02 secs] 
2021-01-22T21:03:26.501-0800: 255.068: [GC (Allocation Failure) 2021-01-22T21:03:26.501-0800: 255.069: [DefNew: 314557K->34943K(314560K), 0.0160425 secs] 895952K->699882K(1013632K), 0.0161371 secs] [Times: user=0.01 sys=0.00, real=0.01 secs] 
2021-01-22T21:03:26.550-0800: 255.117: [GC (Allocation Failure) 2021-01-22T21:03:26.550-0800: 255.117: [DefNew: 314559K->314559K(314560K), 0.0000218 secs]2021-01-22T21:03:26.550-0800: 255.117: [Tenured: 664938K->406042K(699072K), 0.0497040 secs] 979498K->406042K(1013632K), [Metaspace: 2698K->2698K(1056768K)], 0.0498434 secs] [Times: user=0.05 sys=0.00, real=0.05 secs] 
2021-01-22T21:03:26.632-0800: 255.199: [GC (Allocation Failure) 2021-01-22T21:03:26.632-0800: 255.199: [DefNew: 279616K->34943K(314560K), 0.0125977 secs] 685658K->496578K(1013632K), 0.0127229 secs] [Times: user=0.02 sys=0.00, real=0.01 secs] 
2021-01-22T21:03:26.679-0800: 255.246: [GC (Allocation Failure) 2021-01-22T21:03:26.679-0800: 255.246: [DefNew: 314559K->34943K(314560K), 0.0155809 secs] 776194K->569819K(1013632K), 0.0156963 secs] [Times: user=0.01 sys=0.00, real=0.02 secs] 
2021-01-22T21:03:26.727-0800: 255.294: [GC (Allocation Failure) 2021-01-22T21:03:26.727-0800: 255.294: [DefNew: 314121K->34944K(314560K), 0.0158059 secs] 848997K->654717K(1013632K), 0.0158991 secs] [Times: user=0.01 sys=0.00, real=0.02 secs] 
2021-01-22T21:03:26.776-0800: 255.343: [GC (Allocation Failure) 2021-01-22T21:03:26.776-0800: 255.343: [DefNew: 314560K->314560K(314560K), 0.0000230 secs]2021-01-22T21:03:26.776-0800: 255.343: [Tenured: 619773K->407972K(699072K), 0.0541523 secs] 934333K->407972K(1013632K), [Metaspace: 2698K->2698K(1056768K)], 0.0542866 secs] [Times: user=0.06 sys=0.00, real=0.06 secs] 
2021-01-22T21:03:26.862-0800: 255.429: [GC (Allocation Failure) 2021-01-22T21:03:26.862-0800: 255.429: [DefNew: 279616K->34943K(314560K), 0.0111714 secs] 687588K->494133K(1013632K), 0.0112640 secs] [Times: user=0.01 sys=0.00, real=0.01 secs] 
2021-01-22T21:03:26.911-0800: 255.478: [GC (Allocation Failure) 2021-01-22T21:03:26.911-0800: 255.478: [DefNew: 314559K->34942K(314560K), 0.0146159 secs] 773749K->570091K(1013632K), 0.0147318 secs] [Times: user=0.02 sys=0.00, real=0.01 secs] 
2021-01-22T21:03:26.957-0800: 255.525: [GC (Allocation Failure) 2021-01-22T21:03:26.957-0800: 255.525: [DefNew: 314558K->34943K(314560K), 0.0147557 secs] 849707K->645099K(1013632K), 0.0148435 secs] [Times: user=0.01 sys=0.00, real=0.02 secs] 
2021-01-22T21:03:27.003-0800: 255.570: [GC (Allocation Failure) 2021-01-22T21:03:27.003-0800: 255.570: [DefNew: 314559K->314559K(314560K), 0.0000215 secs]2021-01-22T21:03:27.003-0800: 255.570: [Tenured: 610155K->390085K(699072K), 0.0479536 secs] 924715K->390085K(1013632K), [Metaspace: 2698K->2698K(1056768K)], 0.0480838 secs] [Times: user=0.05 sys=0.00, real=0.05 secs] 
2021-01-22T21:03:27.083-0800: 255.651: [GC (Allocation Failure) 2021-01-22T21:03:27.083-0800: 255.651: [DefNew: 279616K->34943K(314560K), 0.0116401 secs] 669701K->476993K(1013632K), 0.0117467 secs] [Times: user=0.01 sys=0.00, real=0.01 secs] 
2021-01-22T21:03:27.134-0800: 255.701: [GC (Allocation Failure) 2021-01-22T21:03:27.134-0800: 255.701: [DefNew: 314559K->34943K(314560K), 0.0153057 secs] 756609K->547004K(1013632K), 0.0153936 secs] [Times: user=0.01 sys=0.00, real=0.01 secs] 
2021-01-22T21:03:27.193-0800: 255.761: [GC (Allocation Failure) 2021-01-22T21:03:27.193-0800: 255.761: [DefNew: 314559K->34943K(314560K), 0.0167537 secs] 826620K->621210K(1013632K), 0.0168806 secs] [Times: user=0.01 sys=0.00, real=0.02 secs] 
2021-01-22T21:03:27.255-0800: 255.823: [GC (Allocation Failure) 2021-01-22T21:03:27.255-0800: 255.823: [DefNew: 314559K->34943K(314560K), 0.0174836 secs] 900826K->698935K(1013632K), 0.0176136 secs] [Times: user=0.01 sys=0.00, real=0.02 secs] 
2021-01-22T21:03:27.336-0800: 255.904: [GC (Allocation Failure) 2021-01-22T21:03:27.337-0800: 255.904: [DefNew: 314233K->314233K(314560K), 0.0000535 secs]2021-01-22T21:03:27.337-0800: 255.904: [Tenured: 663991K->365175K(699072K), 0.0552786 secs] 978224K->365175K(1013632K), [Metaspace: 2698K->2698K(1056768K)], 0.0554760 secs] [Times: user=0.05 sys=0.00, real=0.06 secs] 
2021-01-22T21:03:27.427-0800: 255.994: [GC (Allocation Failure) 2021-01-22T21:03:27.427-0800: 255.994: [DefNew: 279527K->34944K(314560K), 0.0198722 secs] 644702K->451638K(1013632K), 0.0199905 secs] [Times: user=0.02 sys=0.00, real=0.02 secs] 
2021-01-22T21:03:27.481-0800: 256.049: [GC (Allocation Failure) 2021-01-22T21:03:27.481-0800: 256.049: [DefNew: 314560K->34943K(314560K), 0.0150514 secs] 731254K->535102K(1013632K), 0.0151507 secs] [Times: user=0.01 sys=0.00, real=0.01 secs] 
2021-01-22T21:03:27.542-0800: 256.110: [GC (Allocation Failure) 2021-01-22T21:03:27.542-0800: 256.110: [DefNew: 314167K->34943K(314560K), 0.0199218 secs] 814326K->622724K(1013632K), 0.0200157 secs] [Times: user=0.02 sys=0.00, real=0.02 secs] 
2021-01-22T21:03:27.592-0800: 256.160: [GC (Allocation Failure) 2021-01-22T21:03:27.592-0800: 256.160: [DefNew: 314559K->34943K(314560K), 0.0151765 secs] 902340K->697137K(1013632K), 0.0152818 secs] [Times: user=0.02 sys=0.00, real=0.01 secs] 
2021-01-22T21:03:27.637-0800: 256.205: [GC (Allocation Failure) 2021-01-22T21:03:27.637-0800: 256.205: [DefNew: 314559K->314559K(314560K), 0.0000233 secs]2021-01-22T21:03:27.638-0800: 256.205: [Tenured: 662193K->407884K(699072K), 0.0472708 secs] 976753K->407884K(1013632K), [Metaspace: 2698K->2698K(1056768K)], 0.0474193 secs] [Times: user=0.05 sys=0.00, real=0.05 secs] 
2021-01-22T21:03:27.716-0800: 256.283: [GC (Allocation Failure) 2021-01-22T21:03:27.716-0800: 256.283: [DefNew: 279616K->34943K(314560K), 0.0126981 secs] 687500K->504464K(1013632K), 0.0128387 secs] [Times: user=0.01 sys=0.00, real=0.01 secs] 
2021-01-22T21:03:27.761-0800: 256.328: [GC (Allocation Failure) 2021-01-22T21:03:27.761-0800: 256.328: [DefNew: 314559K->34943K(314560K), 0.0152248 secs] 784080K->584966K(1013632K), 0.0153289 secs] [Times: user=0.02 sys=0.00, real=0.01 secs] 
2021-01-22T21:03:27.808-0800: 256.375: [GC (Allocation Failure) 2021-01-22T21:03:27.808-0800: 256.375: [DefNew: 314559K->34944K(314560K), 0.0142933 secs] 864582K->661907K(1013632K), 0.0144103 secs] [Times: user=0.01 sys=0.00, real=0.02 secs] 
2021-01-22T21:03:27.853-0800: 256.420: [GC (Allocation Failure) 2021-01-22T21:03:27.853-0800: 256.420: [DefNew: 314560K->314560K(314560K), 0.0000221 secs]2021-01-22T21:03:27.853-0800: 256.420: [Tenured: 626963K->402207K(699072K), 0.0928084 secs] 941523K->402207K(1013632K), [Metaspace: 2698K->2698K(1056768K)], 0.0929497 secs] [Times: user=0.08 sys=0.00, real=0.09 secs] 
2021-01-22T21:03:28.003-0800: 256.570: [GC (Allocation Failure) 2021-01-22T21:03:28.003-0800: 256.571: [DefNew: 279616K->34943K(314560K), 0.0314430 secs] 681823K->493487K(1013632K), 0.0316704 secs] [Times: user=0.03 sys=0.00, real=0.03 secs] 
2021-01-22T21:03:28.093-0800: 256.661: [GC (Allocation Failure) 2021-01-22T21:03:28.094-0800: 256.661: [DefNew: 314559K->34943K(314560K), 0.0316949 secs] 773103K->579165K(1013632K), 0.0318156 secs] [Times: user=0.03 sys=0.00, real=0.03 secs] 
2021-01-22T21:03:28.180-0800: 256.747: [GC (Allocation Failure) 2021-01-22T21:03:28.180-0800: 256.747: [DefNew: 314559K->34940K(314560K), 0.0195246 secs] 858781K->656069K(1013632K), 0.0196195 secs] [Times: user=0.01 sys=0.00, real=0.01 secs] 
2021-01-22T21:03:28.231-0800: 256.798: [GC (Allocation Failure) 2021-01-22T21:03:28.231-0800: 256.798: [DefNew: 314556K->314556K(314560K), 0.0000220 secs]2021-01-22T21:03:28.231-0800: 256.799: [Tenured: 621128K->424598K(699072K), 0.0516501 secs] 935685K->424598K(1013632K), [Metaspace: 2698K->2698K(1056768K)], 0.0517832 secs] [Times: user=0.05 sys=0.00, real=0.05 secs] 
2021-01-22T21:03:28.316-0800: 256.883: [GC (Allocation Failure) 2021-01-22T21:03:28.316-0800: 256.883: [DefNew: 279616K->34944K(314560K), 0.0116100 secs] 704214K->514229K(1013632K), 0.0117077 secs] [Times: user=0.01 sys=0.00, real=0.01 secs] 
2021-01-22T21:03:28.358-0800: 256.925: [GC (Allocation Failure) 2021-01-22T21:03:28.358-0800: 256.925: [DefNew: 314560K->34942K(314560K), 0.0161879 secs] 793845K->603631K(1013632K), 0.0162957 secs] [Times: user=0.01 sys=0.00, real=0.02 secs] 
2021-01-22T21:03:28.411-0800: 256.979: [GC (Allocation Failure) 2021-01-22T21:03:28.411-0800: 256.979: [DefNew: 314558K->34943K(314560K), 0.0147254 secs] 883247K->681959K(1013632K), 0.0148177 secs] [Times: user=0.01 sys=0.00, real=0.01 secs] 
2021-01-22T21:03:28.458-0800: 257.025: [GC (Allocation Failure) 2021-01-22T21:03:28.458-0800: 257.025: [DefNew: 314559K->314559K(314560K), 0.0000221 secs]2021-01-22T21:03:28.458-0800: 257.025: [Tenured: 647015K->389028K(699072K), 0.0509794 secs] 961575K->389028K(1013632K), [Metaspace: 2698K->2698K(1056768K)], 0.0511133 secs] [Times: user=0.05 sys=0.00, real=0.05 secs] 
2021-01-22T21:03:28.542-0800: 257.109: [GC (Allocation Failure) 2021-01-22T21:03:28.542-0800: 257.109: [DefNew: 279616K->34941K(314560K), 0.0113748 secs] 668644K->479754K(1013632K), 0.0114793 secs] [Times: user=0.01 sys=0.00, real=0.01 secs] 
2021-01-22T21:03:28.585-0800: 257.152: [GC (Allocation Failure) 2021-01-22T21:03:28.585-0800: 257.152: [DefNew: 314536K->34943K(314560K), 0.0177013 secs] 759349K->560900K(1013632K), 0.0177987 secs] [Times: user=0.01 sys=0.00, real=0.02 secs] 
2021-01-22T21:03:28.637-0800: 257.205: [GC (Allocation Failure) 2021-01-22T21:03:28.637-0800: 257.205: [DefNew: 314559K->34944K(314560K), 0.0264561 secs] 840516K->632714K(1013632K), 0.0265612 secs] [Times: user=0.02 sys=0.01, real=0.03 secs] 
2021-01-22T21:03:28.714-0800: 257.281: [GC (Allocation Failure) 2021-01-22T21:03:28.714-0800: 257.281: [DefNew: 314560K->314560K(314560K), 0.0000222 secs]2021-01-22T21:03:28.714-0800: 257.282: [Tenured: 597770K->419089K(699072K), 0.0677078 secs] 912330K->419089K(1013632K), [Metaspace: 2698K->2698K(1056768K)], 0.0678587 secs] [Times: user=0.06 sys=0.00, real=0.07 secs] 
2021-01-22T21:03:28.813-0800: 257.381: [GC (Allocation Failure) 2021-01-22T21:03:28.814-0800: 257.381: [DefNew: 279616K->34942K(314560K), 0.0114830 secs] 698705K->507196K(1013632K), 0.0115913 secs] [Times: user=0.02 sys=0.00, real=0.01 secs] 
2021-01-22T21:03:28.855-0800: 257.422: [GC (Allocation Failure) 2021-01-22T21:03:28.855-0800: 257.422: [DefNew: 314558K->34943K(314560K), 0.0138261 secs] 786812K->581593K(1013632K), 0.0139220 secs] [Times: user=0.02 sys=0.00, real=0.01 secs] 
2021-01-22T21:03:28.906-0800: 257.473: [GC (Allocation Failure) 2021-01-22T21:03:28.906-0800: 257.474: [DefNew: 314559K->34942K(314560K), 0.0150437 secs] 861209K->661909K(1013632K), 0.0151573 secs] [Times: user=0.02 sys=0.00, real=0.02 secs] 
2021-01-22T21:03:28.952-0800: 257.519: [GC (Allocation Failure) 2021-01-22T21:03:28.952-0800: 257.519: [DefNew: 314558K->314558K(314560K), 0.0000211 secs]2021-01-22T21:03:28.952-0800: 257.519: [Tenured: 626966K->413338K(699072K), 0.0526759 secs] 941525K->413338K(1013632K), [Metaspace: 2698K->2698K(1056768K)], 0.0528031 secs] [Times: user=0.05 sys=0.00, real=0.05 secs] 
2021-01-22T21:03:29.043-0800: 257.610: [GC (Allocation Failure) 2021-01-22T21:03:29.043-0800: 257.610: [DefNew: 279616K->34944K(314560K), 0.0179709 secs] 692954K->508968K(1013632K), 0.0180643 secs] [Times: user=0.02 sys=0.00, real=0.02 secs] 
2021-01-22T21:03:29.093-0800: 257.660: [GC (Allocation Failure) 2021-01-22T21:03:29.093-0800: 257.660: [DefNew: 314560K->34943K(314560K), 0.0159850 secs] 788584K->596289K(1013632K), 0.0160763 secs] [Times: user=0.02 sys=0.00, real=0.01 secs] 
2021-01-22T21:03:29.139-0800: 257.706: [GC (Allocation Failure) 2021-01-22T21:03:29.139-0800: 257.707: [DefNew: 314559K->34943K(314560K), 0.0150545 secs] 875905K->676134K(1013632K), 0.0151535 secs] [Times: user=0.01 sys=0.00, real=0.02 secs] 
2021-01-22T21:03:29.185-0800: 257.752: [GC (Allocation Failure) 2021-01-22T21:03:29.185-0800: 257.753: [DefNew: 314559K->314559K(314560K), 0.0000225 secs]2021-01-22T21:03:29.185-0800: 257.753: [Tenured: 641190K->401288K(699072K), 0.0475891 secs] 955750K->401288K(1013632K), [Metaspace: 2698K->2698K(1056768K)], 0.0477261 secs] [Times: user=0.05 sys=0.00, real=0.05 secs] 
2021-01-22T21:03:29.265-0800: 257.832: [GC (Allocation Failure) 2021-01-22T21:03:29.265-0800: 257.832: [DefNew: 279616K->34943K(314560K), 0.0102511 secs] 680904K->479006K(1013632K), 0.0103439 secs] [Times: user=0.01 sys=0.00, real=0.01 secs] 
2021-01-22T21:03:29.307-0800: 257.874: [GC (Allocation Failure) 2021-01-22T21:03:29.307-0800: 257.874: [DefNew: 314559K->34942K(314560K), 0.0131405 secs] 758622K->546200K(1013632K), 0.0132477 secs] [Times: user=0.01 sys=0.01, real=0.02 secs] 
2021-01-22T21:03:29.352-0800: 257.919: [GC (Allocation Failure) 2021-01-22T21:03:29.352-0800: 257.919: [DefNew: 314558K->34943K(314560K), 0.0142336 secs] 825816K->617686K(1013632K), 0.0143422 secs] [Times: user=0.02 sys=0.00, real=0.01 secs] 
2021-01-22T21:03:29.427-0800: 257.994: [GC (Allocation Failure) 2021-01-22T21:03:29.427-0800: 257.994: [DefNew: 314559K->34944K(314560K), 0.0310247 secs] 897302K->688907K(1013632K), 0.0313327 secs] [Times: user=0.03 sys=0.00, real=0.03 secs] 
2021-01-22T21:03:29.515-0800: 258.083: [GC (Allocation Failure) 2021-01-22T21:03:29.516-0800: 258.083: [DefNew: 314560K->314560K(314560K), 0.0000247 secs]2021-01-22T21:03:29.516-0800: 258.083: [Tenured: 653963K->362531K(699072K), 0.0944278 secs] 968523K->362531K(1013632K), [Metaspace: 2698K->2698K(1056768K)], 0.0945858 secs] [Times: user=0.09 sys=0.00, real=0.10 secs] 
2021-01-22T21:03:29.646-0800: 258.213: [GC (Allocation Failure) 2021-01-22T21:03:29.646-0800: 258.214: [DefNew: 279616K->34942K(314560K), 0.0120666 secs] 642147K->452147K(1013632K), 0.0121698 secs] [Times: user=0.01 sys=0.00, real=0.01 secs] 
2021-01-22T21:03:29.690-0800: 258.257: [GC (Allocation Failure) 2021-01-22T21:03:29.690-0800: 258.257: [DefNew: 314558K->34943K(314560K), 0.0144943 secs] 731763K->529324K(1013632K), 0.0146017 secs] [Times: user=0.02 sys=0.00, real=0.01 secs] 
2021-01-22T21:03:29.741-0800: 258.308: [GC (Allocation Failure) 2021-01-22T21:03:29.741-0800: 258.308: [DefNew: 314559K->34943K(314560K), 0.0136825 secs] 808940K->601464K(1013632K), 0.0137969 secs] [Times: user=0.02 sys=0.00, real=0.01 secs] 
2021-01-22T21:03:29.784-0800: 258.352: [GC (Allocation Failure) 2021-01-22T21:03:29.784-0800: 258.352: [DefNew: 314559K->34943K(314560K), 0.0154078 secs] 881080K->681731K(1013632K), 0.0155128 secs] [Times: user=0.02 sys=0.00, real=0.02 secs] 
2021-01-22T21:03:29.828-0800: 258.395: [GC (Allocation Failure) 2021-01-22T21:03:29.828-0800: 258.395: [DefNew: 314559K->314559K(314560K), 0.0000236 secs]2021-01-22T21:03:29.828-0800: 258.395: [Tenured: 646787K->409176K(699072K), 0.0472268 secs] 961347K->409176K(1013632K), [Metaspace: 2698K->2698K(1056768K)], 0.0473644 secs] [Times: user=0.04 sys=0.00, real=0.05 secs] 
2021-01-22T21:03:29.913-0800: 258.480: [GC (Allocation Failure) 2021-01-22T21:03:29.913-0800: 258.480: [DefNew: 279434K->34943K(314560K), 0.0114791 secs] 688611K->495387K(1013632K), 0.0115744 secs] [Times: user=0.01 sys=0.00, real=0.01 secs] 
2021-01-22T21:03:29.954-0800: 258.521: [GC (Allocation Failure) 2021-01-22T21:03:29.954-0800: 258.522: [DefNew: 314559K->34943K(314560K), 0.0158056 secs] 775003K->583739K(1013632K), 0.0159012 secs] [Times: user=0.02 sys=0.00, real=0.02 secs] 
2021-01-22T21:03:30.001-0800: 258.569: [GC (Allocation Failure) 2021-01-22T21:03:30.001-0800: 258.569: [DefNew: 314559K->34941K(314560K), 0.0146407 secs] 863355K->658810K(1013632K), 0.0147437 secs] [Times: user=0.01 sys=0.00, real=0.01 secs] 
2021-01-22T21:03:30.045-0800: 258.612: [GC (Allocation Failure) 2021-01-22T21:03:30.045-0800: 258.612: [DefNew: 314557K->314557K(314560K), 0.0000215 secs]2021-01-22T21:03:30.045-0800: 258.612: [Tenured: 623868K->426557K(699072K), 0.0501073 secs] 938426K->426557K(1013632K), [Metaspace: 2698K->2698K(1056768K)], 0.0502527 secs] [Times: user=0.05 sys=0.00, real=0.05 secs] 
2021-01-22T21:03:30.126-0800: 258.694: [GC (Allocation Failure) 2021-01-22T21:03:30.126-0800: 258.694: [DefNew: 279616K->34943K(314560K), 0.0114033 secs] 706173K->516678K(1013632K), 0.0114951 secs] [Times: user=0.01 sys=0.00, real=0.01 secs] 
2021-01-22T21:03:30.167-0800: 258.735: [GC (Allocation Failure) 2021-01-22T21:03:30.167-0800: 258.735: [DefNew: 314559K->34943K(314560K), 0.0157066 secs] 796294K->605678K(1013632K), 0.0158007 secs] [Times: user=0.01 sys=0.00, real=0.02 secs] 
2021-01-22T21:03:30.215-0800: 258.783: [GC (Allocation Failure) 2021-01-22T21:03:30.215-0800: 258.783: [DefNew: 314559K->34943K(314560K), 0.0151386 secs] 885294K->678792K(1013632K), 0.0153337 secs] [Times: user=0.01 sys=0.00, real=0.02 secs] 
2021-01-22T21:03:30.268-0800: 258.835: [GC (Allocation Failure) 2021-01-22T21:03:30.268-0800: 258.835: [DefNew: 314559K->314559K(314560K), 0.0000221 secs]2021-01-22T21:03:30.268-0800: 258.835: [Tenured: 643849K->398234K(699072K), 0.0568989 secs] 958408K->398234K(1013632K), [Metaspace: 2698K->2698K(1056768K)], 0.0570275 secs] [Times: user=0.05 sys=0.00, real=0.06 secs] 
2021-01-22T21:03:30.378-0800: 258.945: [GC (Allocation Failure) 2021-01-22T21:03:30.378-0800: 258.945: [DefNew: 279616K->34943K(314560K), 0.0260858 secs] 677850K->489468K(1013632K), 0.0263267 secs] [Times: user=0.03 sys=0.00, real=0.03 secs] 
2021-01-22T21:03:30.465-0800: 259.032: [GC (Allocation Failure) 2021-01-22T21:03:30.466-0800: 259.033: [DefNew: 314559K->34944K(314560K), 0.0318690 secs] 769084K->570235K(1013632K), 0.0327617 secs] [Times: user=0.03 sys=0.01, real=0.03 secs] 
2021-01-22T21:03:30.569-0800: 259.137: [GC (Allocation Failure) 2021-01-22T21:03:30.570-0800: 259.137: [DefNew: 314560K->34941K(314560K), 0.0329583 secs] 849851K->649245K(1013632K), 0.0335721 secs] [Times: user=0.03 sys=0.00, real=0.04 secs] 
2021-01-22T21:03:30.662-0800: 259.229: [GC (Allocation Failure) 2021-01-22T21:03:30.662-0800: 259.229: [DefNew: 314227K->314227K(314560K), 0.0000226 secs]2021-01-22T21:03:30.662-0800: 259.229: [Tenured: 614304K->383418K(699072K), 0.0516448 secs] 928531K->383418K(1013632K), [Metaspace: 2698K->2698K(1056768K)], 0.0517820 secs] [Times: user=0.05 sys=0.00, real=0.05 secs] 
2021-01-22T21:03:30.745-0800: 259.313: [GC (Allocation Failure) 2021-01-22T21:03:30.745-0800: 259.313: [DefNew: 279616K->34943K(314560K), 0.0113964 secs] 663034K->465802K(1013632K), 0.0114889 secs] [Times: user=0.01 sys=0.00, real=0.01 secs] 
2021-01-22T21:03:30.786-0800: 259.354: [GC (Allocation Failure) 2021-01-22T21:03:30.786-0800: 259.354: [DefNew: 314559K->34943K(314560K), 0.0143571 secs] 745418K->539570K(1013632K), 0.0144516 secs] [Times: user=0.02 sys=0.00, real=0.02 secs] 
2021-01-22T21:03:30.830-0800: 259.397: [GC (Allocation Failure) 2021-01-22T21:03:30.830-0800: 259.397: [DefNew: 314559K->34943K(314560K), 0.0151226 secs] 819186K->621110K(1013632K), 0.0152353 secs] [Times: user=0.02 sys=0.00, real=0.01 secs] 
2021-01-22T21:03:30.875-0800: 259.442: [GC (Allocation Failure) 2021-01-22T21:03:30.875-0800: 259.442: [DefNew: 314559K->34944K(314560K), 0.0151204 secs] 900726K->704456K(1013632K), 0.0152164 secs] [Times: user=0.01 sys=0.00, real=0.02 secs] 
2021-01-22T21:03:30.928-0800: 259.495: [GC (Allocation Failure) 2021-01-22T21:03:30.928-0800: 259.495: [DefNew: 314560K->314560K(314560K), 0.0000221 secs]2021-01-22T21:03:30.928-0800: 259.495: [Tenured: 669512K->409256K(699072K), 0.0484079 secs] 984072K->409256K(1013632K), [Metaspace: 2698K->2698K(1056768K)], 0.0485394 secs] [Times: user=0.05 sys=0.00, real=0.05 secs] 
2021-01-22T21:03:31.008-0800: 259.575: [GC (Allocation Failure) 2021-01-22T21:03:31.008-0800: 259.575: [DefNew: 279616K->34943K(314560K), 0.0112884 secs] 688872K->498085K(1013632K), 0.0114121 secs] [Times: user=0.01 sys=0.01, real=0.01 secs] 
2021-01-22T21:03:31.051-0800: 259.618: [GC (Allocation Failure) 2021-01-22T21:03:31.051-0800: 259.618: [DefNew: 314559K->34943K(314560K), 0.0139968 secs] 777701K->575287K(1013632K), 0.0140926 secs] [Times: user=0.01 sys=0.00, real=0.01 secs] 
2021-01-22T21:03:31.095-0800: 259.662: [GC (Allocation Failure) 2021-01-22T21:03:31.095-0800: 259.662: [DefNew: 314559K->34943K(314560K), 0.0158176 secs] 854903K->662984K(1013632K), 0.0159124 secs] [Times: user=0.02 sys=0.00, real=0.02 secs] 
2021-01-22T21:03:31.141-0800: 259.709: [GC (Allocation Failure) 2021-01-22T21:03:31.141-0800: 259.709: [DefNew: 314559K->314559K(314560K), 0.0000217 secs]2021-01-22T21:03:31.141-0800: 259.709: [Tenured: 628040K->420184K(699072K), 0.0704672 secs] 942600K->420184K(1013632K), [Metaspace: 2698K->2698K(1056768K)], 0.0705971 secs] [Times: user=0.06 sys=0.00, real=0.07 secs] 
2021-01-22T21:03:31.285-0800: 259.852: [GC (Allocation Failure) 2021-01-22T21:03:31.285-0800: 259.852: [DefNew: 279616K->34943K(314560K), 0.0245270 secs] 699800K->503270K(1013632K), 0.0246514 secs] [Times: user=0.02 sys=0.00, real=0.02 secs] 
2021-01-22T21:03:31.382-0800: 259.949: [GC (Allocation Failure) 2021-01-22T21:03:31.382-0800: 259.949: [DefNew: 314559K->34944K(314560K), 0.0354870 secs] 782886K->585322K(1013632K), 0.0357282 secs] [Times: user=0.03 sys=0.00, real=0.03 secs] 
2021-01-22T21:03:31.482-0800: 260.050: [GC (Allocation Failure) 2021-01-22T21:03:31.482-0800: 260.050: [DefNew: 314560K->34943K(314560K), 0.0145812 secs] 864938K->662156K(1013632K), 0.0146700 secs] [Times: user=0.01 sys=0.01, real=0.01 secs] 
2021-01-22T21:03:31.532-0800: 260.099: [GC (Allocation Failure) 2021-01-22T21:03:31.532-0800: 260.099: [DefNew: 314558K->314558K(314560K), 0.0000219 secs]2021-01-22T21:03:31.532-0800: 260.099: [Tenured: 627212K->401573K(699072K), 0.0489151 secs] 941771K->401573K(1013632K), [Metaspace: 2698K->2698K(1056768K)], 0.0490437 secs] [Times: user=0.05 sys=0.00, real=0.05 secs] 
2021-01-22T21:03:31.612-0800: 260.180: [GC (Allocation Failure) 2021-01-22T21:03:31.612-0800: 260.180: [DefNew: 279616K->34944K(314560K), 0.0117180 secs] 681189K->490731K(1013632K), 0.0118136 secs] [Times: user=0.01 sys=0.00, real=0.01 secs] 
2021-01-22T21:03:31.654-0800: 260.221: [GC (Allocation Failure) 2021-01-22T21:03:31.654-0800: 260.221: [DefNew: 314560K->34943K(314560K), 0.0148674 secs] 770347K->572656K(1013632K), 0.0149703 secs] [Times: user=0.02 sys=0.00, real=0.01 secs] 
2021-01-22T21:03:31.700-0800: 260.267: [GC (Allocation Failure) 2021-01-22T21:03:31.700-0800: 260.267: [DefNew: 314559K->34944K(314560K), 0.0148192 secs] 852272K->652164K(1013632K), 0.0149264 secs] [Times: user=0.02 sys=0.00, real=0.01 secs] 
2021-01-22T21:03:31.745-0800: 260.312: [GC (Allocation Failure) 2021-01-22T21:03:31.745-0800: 260.312: [DefNew: 314560K->314560K(314560K), 0.0000214 secs]2021-01-22T21:03:31.745-0800: 260.312: [Tenured: 617220K->387821K(699072K), 0.0510643 secs] 931780K->387821K(1013632K), [Metaspace: 2698K->2698K(1056768K)], 0.0511949 secs] [Times: user=0.05 sys=0.00, real=0.05 secs] 
2021-01-22T21:03:31.827-0800: 260.394: [GC (Allocation Failure) 2021-01-22T21:03:31.827-0800: 260.394: [DefNew: 279616K->34941K(314560K), 0.0120077 secs] 667437K->478263K(1013632K), 0.0121025 secs] [Times: user=0.01 sys=0.00, real=0.01 secs] 
2021-01-22T21:03:31.870-0800: 260.437: [GC (Allocation Failure) 2021-01-22T21:03:31.870-0800: 260.437: [DefNew: 314557K->34942K(314560K), 0.0140645 secs] 757879K->556418K(1013632K), 0.0141781 secs] [Times: user=0.02 sys=0.00, real=0.01 secs] 
2021-01-22T21:03:31.921-0800: 260.488: [GC (Allocation Failure) 2021-01-22T21:03:31.921-0800: 260.488: [DefNew: 314558K->34942K(314560K), 0.0147741 secs] 836034K->631319K(1013632K), 0.0148664 secs] [Times: user=0.02 sys=0.00, real=0.01 secs] 
2021-01-22T21:03:31.966-0800: 260.534: [GC (Allocation Failure) 2021-01-22T21:03:31.966-0800: 260.534: [DefNew: 314558K->314558K(314560K), 0.0000236 secs]2021-01-22T21:03:31.966-0800: 260.534: [Tenured: 596376K->420929K(699072K), 0.0924577 secs] 910935K->420929K(1013632K), [Metaspace: 2698K->2698K(1056768K)], 0.0925956 secs] [Times: user=0.08 sys=0.00, real=0.09 secs] 
2021-01-22T21:03:32.130-0800: 260.697: [GC (Allocation Failure) 2021-01-22T21:03:32.130-0800: 260.697: [DefNew: 279616K->34942K(314560K), 0.0223139 secs] 700545K->504709K(1013632K), 0.0224317 secs] [Times: user=0.02 sys=0.00, real=0.02 secs] 
2021-01-22T21:03:32.199-0800: 260.766: [GC (Allocation Failure) 2021-01-22T21:03:32.199-0800: 260.767: [DefNew: 314558K->34943K(314560K), 0.0141887 secs] 784325K->579209K(1013632K), 0.0142825 secs] [Times: user=0.02 sys=0.00, real=0.02 secs] 
2021-01-22T21:03:32.245-0800: 260.812: [GC (Allocation Failure) 2021-01-22T21:03:32.245-0800: 260.812: [DefNew: 314559K->34943K(314560K), 0.0160385 secs] 858825K->662875K(1013632K), 0.0161271 secs] [Times: user=0.01 sys=0.00, real=0.02 secs] 
2021-01-22T21:03:32.292-0800: 260.859: [GC (Allocation Failure) 2021-01-22T21:03:32.292-0800: 260.859: [DefNew: 314559K->314559K(314560K), 0.0000254 secs]2021-01-22T21:03:32.292-0800: 260.859: [Tenured: 627931K->413889K(699072K), 0.0486989 secs] 942491K->413889K(1013632K), [Metaspace: 2698K->2698K(1056768K)], 0.0488531 secs] [Times: user=0.05 sys=0.00, real=0.05 secs] 
2021-01-22T21:03:32.371-0800: 260.938: [GC (Allocation Failure) 2021-01-22T21:03:32.371-0800: 260.938: [DefNew: 279616K->34943K(314560K), 0.0110949 secs] 693505K->497987K(1013632K), 0.0111919 secs] [Times: user=0.01 sys=0.00, real=0.01 secs] 
2021-01-22T21:03:32.419-0800: 260.987: [GC (Allocation Failure) 2021-01-22T21:03:32.419-0800: 260.987: [DefNew: 314559K->34943K(314560K), 0.0145314 secs] 777603K->575793K(1013632K), 0.0146263 secs] [Times: user=0.01 sys=0.00, real=0.02 secs] 
2021-01-22T21:03:32.464-0800: 261.032: [GC (Allocation Failure) 2021-01-22T21:03:32.464-0800: 261.032: [DefNew: 314559K->34944K(314560K), 0.0153759 secs] 855409K->656800K(1013632K), 0.0154849 secs] [Times: user=0.02 sys=0.00, real=0.02 secs] 
2021-01-22T21:03:32.508-0800: 261.076: [GC (Allocation Failure) 2021-01-22T21:03:32.508-0800: 261.076: [DefNew: 314560K->314560K(314560K), 0.0000225 secs]2021-01-22T21:03:32.508-0800: 261.076: [Tenured: 621856K->415407K(699072K), 0.0492650 secs] 936416K->415407K(1013632K), [Metaspace: 2698K->2698K(1056768K)], 0.0494012 secs] [Times: user=0.05 sys=0.00, real=0.05 secs] 
2021-01-22T21:03:32.595-0800: 261.162: [GC (Allocation Failure) 2021-01-22T21:03:32.595-0800: 261.162: [DefNew: 279616K->34943K(314560K), 0.0106768 secs] 695023K->497768K(1013632K), 0.0107724 secs] [Times: user=0.01 sys=0.00, real=0.01 secs] 
2021-01-22T21:03:32.635-0800: 261.202: [GC (Allocation Failure) 2021-01-22T21:03:32.635-0800: 261.203: [DefNew: 314559K->34943K(314560K), 0.0157404 secs] 777384K->584478K(1013632K), 0.0158361 secs] [Times: user=0.01 sys=0.00, real=0.02 secs] 
2021-01-22T21:03:32.684-0800: 261.252: [GC (Allocation Failure) 2021-01-22T21:03:32.685-0800: 261.252: [DefNew: 314559K->34943K(314560K), 0.0247089 secs] 864094K->649744K(1013632K), 0.0248073 secs] [Times: user=0.02 sys=0.00, real=0.02 secs] 
2021-01-22T21:03:32.775-0800: 261.342: [GC (Allocation Failure) 2021-01-22T21:03:32.775-0800: 261.342: [DefNew: 314559K->314559K(314560K), 0.0000274 secs]2021-01-22T21:03:32.775-0800: 261.342: [Tenured: 614800K->369763K(699072K), 0.0955225 secs] 929360K->369763K(1013632K), [Metaspace: 2698K->2698K(1056768K)], 0.0956985 secs] [Times: user=0.09 sys=0.00, real=0.10 secs] 
2021-01-22T21:03:32.904-0800: 261.471: [GC (Allocation Failure) 2021-01-22T21:03:32.904-0800: 261.471: [DefNew: 279616K->34943K(314560K), 0.0161775 secs] 649379K->456503K(1013632K), 0.0162728 secs] [Times: user=0.01 sys=0.00, real=0.02 secs] 
2021-01-22T21:03:32.951-0800: 261.518: [GC (Allocation Failure) 2021-01-22T21:03:32.951-0800: 261.518: [DefNew: 314559K->34943K(314560K), 0.0151023 secs] 736119K->536707K(1013632K), 0.0151967 secs] [Times: user=0.02 sys=0.00, real=0.01 secs] 
2021-01-22T21:03:32.998-0800: 261.565: [GC (Allocation Failure) 2021-01-22T21:03:32.998-0800: 261.565: [DefNew: 314559K->34944K(314560K), 0.0137975 secs] 816323K->608551K(1013632K), 0.0138911 secs] [Times: user=0.01 sys=0.00, real=0.02 secs] 
2021-01-22T21:03:33.054-0800: 261.621: [GC (Allocation Failure) 2021-01-22T21:03:33.054-0800: 261.621: [DefNew: 314560K->34943K(314560K), 0.0205326 secs] 888167K->690909K(1013632K), 0.0206967 secs] [Times: user=0.02 sys=0.00, real=0.02 secs] 
2021-01-22T21:03:33.105-0800: 261.673: [GC (Allocation Failure) 2021-01-22T21:03:33.105-0800: 261.673: [DefNew: 314559K->314559K(314560K), 0.0000234 secs]2021-01-22T21:03:33.105-0800: 261.673: [Tenured: 655965K->403730K(699072K), 0.0478293 secs] 970525K->403730K(1013632K), [Metaspace: 2698K->2698K(1056768K)], 0.0479757 secs] [Times: user=0.05 sys=0.00, real=0.05 secs] 
2021-01-22T21:03:33.185-0800: 261.752: [GC (Allocation Failure) 2021-01-22T21:03:33.185-0800: 261.752: [DefNew: 279616K->34944K(314560K), 0.0189271 secs] 683346K->501398K(1013632K), 0.0190146 secs] [Times: user=0.02 sys=0.00, real=0.02 secs] 
2021-01-22T21:03:33.239-0800: 261.806: [GC (Allocation Failure) 2021-01-22T21:03:33.239-0800: 261.806: [DefNew: 314560K->34944K(314560K), 0.0159187 secs] 781014K->589764K(1013632K), 0.0160249 secs] [Times: user=0.02 sys=0.00, real=0.02 secs] 
2021-01-22T21:03:33.285-0800: 261.852: [GC (Allocation Failure) 2021-01-22T21:03:33.285-0800: 261.852: [DefNew: 314423K->34943K(314560K), 0.0151340 secs] 869243K->669764K(1013632K), 0.0152391 secs] [Times: user=0.01 sys=0.00, real=0.02 secs] 
2021-01-22T21:03:33.330-0800: 261.898: [GC (Allocation Failure) 2021-01-22T21:03:33.331-0800: 261.898: [DefNew: 314539K->314539K(314560K), 0.0000218 secs]2021-01-22T21:03:33.331-0800: 261.898: [Tenured: 634820K->396380K(699072K), 0.0882576 secs] 949359K->396380K(1013632K), [Metaspace: 2698K->2698K(1056768K)], 0.0883861 secs] [Times: user=0.07 sys=0.00, real=0.08 secs] 
2021-01-22T21:03:33.472-0800: 262.039: [GC (Allocation Failure) 2021-01-22T21:03:33.472-0800: 262.039: [DefNew: 279616K->34943K(314560K), 0.0302977 secs] 675996K->478025K(1013632K), 0.0305054 secs] [Times: user=0.02 sys=0.00, real=0.03 secs] 
2021-01-22T21:03:33.570-0800: 262.137: [GC (Allocation Failure) 2021-01-22T21:03:33.570-0800: 262.137: [DefNew: 314559K->34942K(314560K), 0.0353968 secs] 757641K->557818K(1013632K), 0.0355049 secs] [Times: user=0.02 sys=0.00, real=0.03 secs] 
2021-01-22T21:03:33.666-0800: 262.233: [GC (Allocation Failure) 2021-01-22T21:03:33.666-0800: 262.233: [DefNew: 314558K->34943K(314560K), 0.0209365 secs] 837434K->639641K(1013632K), 0.0210820 secs] [Times: user=0.02 sys=0.00, real=0.02 secs] 
2021-01-22T21:03:33.717-0800: 262.284: [GC (Allocation Failure) 2021-01-22T21:03:33.717-0800: 262.284: [DefNew: 314559K->314559K(314560K), 0.0000215 secs]2021-01-22T21:03:33.717-0800: 262.284: [Tenured: 604697K->403718K(699072K), 0.0523547 secs] 919257K->403718K(1013632K), [Metaspace: 2698K->2698K(1056768K)], 0.0524859 secs] [Times: user=0.05 sys=0.00, real=0.05 secs] 
2021-01-22T21:03:33.829-0800: 262.397: [GC (Allocation Failure) 2021-01-22T21:03:33.830-0800: 262.397: [DefNew: 279616K->34943K(314560K), 0.0245697 secs] 683334K->495301K(1013632K), 0.0248391 secs] [Times: user=0.02 sys=0.01, real=0.03 secs] 
2021-01-22T21:03:33.913-0800: 262.480: [GC (Allocation Failure) 2021-01-22T21:03:33.913-0800: 262.480: [DefNew: 314559K->34943K(314560K), 0.0140655 secs] 774917K->569610K(1013632K), 0.0142720 secs] [Times: user=0.02 sys=0.00, real=0.01 secs] 
2021-01-22T21:03:33.956-0800: 262.523: [GC (Allocation Failure) 2021-01-22T21:03:33.956-0800: 262.523: [DefNew: 314559K->34943K(314560K), 0.0161425 secs] 849226K->655286K(1013632K), 0.0162354 secs] [Times: user=0.01 sys=0.00, real=0.02 secs] 
2021-01-22T21:03:34.003-0800: 262.570: [GC (Allocation Failure) 2021-01-22T21:03:34.003-0800: 262.570: [DefNew: 314559K->314559K(314560K), 0.0000229 secs]2021-01-22T21:03:34.003-0800: 262.570: [Tenured: 620342K->371210K(699072K), 0.0503666 secs] 934902K->371210K(1013632K), [Metaspace: 2698K->2698K(1056768K)], 0.0505233 secs] [Times: user=0.05 sys=0.00, real=0.05 secs] 
2021-01-22T21:03:34.092-0800: 262.659: [GC (Allocation Failure) 2021-01-22T21:03:34.092-0800: 262.659: [DefNew: 279616K->34943K(314560K), 0.0147769 secs] 650826K->453814K(1013632K), 0.0150665 secs] [Times: user=0.01 sys=0.00, real=0.01 secs] 
2021-01-22T21:03:34.136-0800: 262.703: [GC (Allocation Failure) 2021-01-22T21:03:34.136-0800: 262.703: [DefNew: 314559K->34943K(314560K), 0.0156407 secs] 733430K->538011K(1013632K), 0.0157331 secs] [Times: user=0.01 sys=0.00, real=0.02 secs] 
2021-01-22T21:03:34.185-0800: 262.752: [GC (Allocation Failure) 2021-01-22T21:03:34.185-0800: 262.752: [DefNew: 314559K->34943K(314560K), 0.0242875 secs] 817627K->615688K(1013632K), 0.0243964 secs] [Times: user=0.02 sys=0.00, real=0.02 secs] 
2021-01-22T21:03:34.240-0800: 262.807: [GC (Allocation Failure) 2021-01-22T21:03:34.240-0800: 262.807: [DefNew: 314559K->34944K(314560K), 0.0150031 secs] 895304K->698355K(1013632K), 0.0151014 secs] [Times: user=0.01 sys=0.00, real=0.01 secs] 
2021-01-22T21:03:34.286-0800: 262.853: [GC (Allocation Failure) 2021-01-22T21:03:34.286-0800: 262.853: [DefNew: 314560K->314560K(314560K), 0.0000240 secs]2021-01-22T21:03:34.286-0800: 262.853: [Tenured: 663411K->421536K(699072K), 0.0493484 secs] 977971K->421536K(1013632K), [Metaspace: 2698K->2698K(1056768K)], 0.0495011 secs] [Times: user=0.05 sys=0.00, real=0.05 secs] 
2021-01-22T21:03:34.409-0800: 262.976: [GC (Allocation Failure) 2021-01-22T21:03:34.409-0800: 262.976: [DefNew: 279616K->34943K(314560K), 0.0181280 secs] 701152K->511079K(1013632K), 0.0182710 secs] [Times: user=0.01 sys=0.00, real=0.02 secs] 
2021-01-22T21:03:34.471-0800: 263.038: [GC (Allocation Failure) 2021-01-22T21:03:34.471-0800: 263.039: [DefNew: 314559K->34943K(314560K), 0.0165335 secs] 790695K->591169K(1013632K), 0.0166836 secs] [Times: user=0.02 sys=0.01, real=0.01 secs] 
2021-01-22T21:03:34.525-0800: 263.092: [GC (Allocation Failure) 2021-01-22T21:03:34.525-0800: 263.092: [DefNew: 314559K->34943K(314560K), 0.0181581 secs] 870785K->673840K(1013632K), 0.0182757 secs] [Times: user=0.01 sys=0.00, real=0.02 secs] 
2021-01-22T21:03:34.623-0800: 263.190: [GC (Allocation Failure) 2021-01-22T21:03:34.623-0800: 263.190: [DefNew: 314559K->314559K(314560K), 0.0001745 secs]2021-01-22T21:03:34.623-0800: 263.191: [Tenured: 638896K->413648K(699072K), 0.1120263 secs] 953456K->413648K(1013632K), [Metaspace: 2698K->2698K(1056768K)], 0.1125429 secs] [Times: user=0.10 sys=0.00, real=0.11 secs] 
2021-01-22T21:03:34.776-0800: 263.343: [GC (Allocation Failure) 2021-01-22T21:03:34.776-0800: 263.343: [DefNew: 279616K->34943K(314560K), 0.0236349 secs] 693264K->500176K(1013632K), 0.0238457 secs] [Times: user=0.02 sys=0.00, real=0.03 secs] 
2021-01-22T21:03:34.867-0800: 263.435: [GC (Allocation Failure) 2021-01-22T21:03:34.867-0800: 263.435: [DefNew: 314559K->34943K(314560K), 0.0325112 secs] 779792K->581228K(1013632K), 0.0326006 secs] [Times: user=0.03 sys=0.00, real=0.04 secs] 
2021-01-22T21:03:34.968-0800: 263.536: [GC (Allocation Failure) 2021-01-22T21:03:34.969-0800: 263.536: [DefNew: 314289K->34943K(314560K), 0.0349265 secs] 860573K->657710K(1013632K), 0.0350581 secs] [Times: user=0.03 sys=0.00, real=0.04 secs] 
2021-01-22T21:03:35.055-0800: 263.622: [GC (Allocation Failure) 2021-01-22T21:03:35.055-0800: 263.622: [DefNew: 314559K->314559K(314560K), 0.0000221 secs]2021-01-22T21:03:35.055-0800: 263.622: [Tenured: 622766K->411136K(699072K), 0.0508700 secs] 937326K->411136K(1013632K), [Metaspace: 2698K->2698K(1056768K)], 0.0509997 secs] [Times: user=0.05 sys=0.00, real=0.05 secs] 
2021-01-22T21:03:35.140-0800: 263.707: [GC (Allocation Failure) 2021-01-22T21:03:35.140-0800: 263.707: [DefNew: 279616K->34944K(314560K), 0.0109293 secs] 690752K->495619K(1013632K), 0.0110221 secs] [Times: user=0.01 sys=0.00, real=0.01 secs] 
2021-01-22T21:03:35.182-0800: 263.749: [GC (Allocation Failure) 2021-01-22T21:03:35.182-0800: 263.749: [DefNew: 314560K->34944K(314560K), 0.0146025 secs] 775235K->571798K(1013632K), 0.0146949 secs] [Times: user=0.02 sys=0.00, real=0.01 secs] 
2021-01-22T21:03:35.231-0800: 263.798: [GC (Allocation Failure) 2021-01-22T21:03:35.231-0800: 263.798: [DefNew: 314560K->34943K(314560K), 0.0140596 secs] 851414K->647186K(1013632K), 0.0141542 secs] [Times: user=0.01 sys=0.00, real=0.01 secs] 
2021-01-22T21:03:35.276-0800: 263.843: [GC (Allocation Failure) 2021-01-22T21:03:35.276-0800: 263.843: [DefNew: 314559K->314559K(314560K), 0.0000214 secs]2021-01-22T21:03:35.276-0800: 263.843: [Tenured: 612242K->364787K(699072K), 0.0486603 secs] 926802K->364787K(1013632K), [Metaspace: 2698K->2698K(1056768K)], 0.0487940 secs] [Times: user=0.05 sys=0.00, real=0.05 secs] 
2021-01-22T21:03:35.355-0800: 263.922: [GC (Allocation Failure) 2021-01-22T21:03:35.355-0800: 263.922: [DefNew: 279616K->34943K(314560K), 0.0117566 secs] 644403K->458226K(1013632K), 0.0118689 secs] [Times: user=0.01 sys=0.00, real=0.01 secs] 
2021-01-22T21:03:35.397-0800: 263.965: [GC (Allocation Failure) 2021-01-22T21:03:35.397-0800: 263.965: [DefNew: 314559K->34943K(314560K), 0.0213649 secs] 737842K->531742K(1013632K), 0.0214906 secs] [Times: user=0.02 sys=0.00, real=0.02 secs] 
2021-01-22T21:03:35.474-0800: 264.042: [GC (Allocation Failure) 2021-01-22T21:03:35.474-0800: 264.042: [DefNew: 314559K->34943K(314560K), 0.0420134 secs] 811358K->603616K(1013632K), 0.0421148 secs] [Times: user=0.03 sys=0.00, real=0.04 secs] 
2021-01-22T21:03:35.590-0800: 264.157: [GC (Allocation Failure) 2021-01-22T21:03:35.590-0800: 264.157: [DefNew: 314559K->34943K(314560K), 0.0366043 secs] 883232K->688785K(1013632K), 0.0367108 secs] [Times: user=0.03 sys=0.00, real=0.03 secs] 
2021-01-22T21:03:35.680-0800: 264.248: [GC (Allocation Failure) 2021-01-22T21:03:35.680-0800: 264.248: [DefNew: 314559K->314559K(314560K), 0.0000306 secs]2021-01-22T21:03:35.681-0800: 264.248: [Tenured: 653841K->401688K(699072K), 0.0556681 secs] 968401K->401688K(1013632K), [Metaspace: 2698K->2698K(1056768K)], 0.0558352 secs] [Times: user=0.06 sys=0.00, real=0.05 secs] 
2021-01-22T21:03:35.769-0800: 264.336: [GC (Allocation Failure) 2021-01-22T21:03:35.769-0800: 264.336: [DefNew: 279616K->34943K(314560K), 0.0103287 secs] 681304K->482639K(1013632K), 0.0104214 secs] [Times: user=0.01 sys=0.00, real=0.01 secs] 
2021-01-22T21:03:35.810-0800: 264.377: [GC (Allocation Failure) 2021-01-22T21:03:35.810-0800: 264.377: [DefNew: 314559K->34943K(314560K), 0.0145130 secs] 762255K->558143K(1013632K), 0.0146195 secs] [Times: user=0.01 sys=0.00, real=0.01 secs] 
2021-01-22T21:03:35.854-0800: 264.421: [GC (Allocation Failure) 2021-01-22T21:03:35.854-0800: 264.421: [DefNew: 314380K->34943K(314560K), 0.0154550 secs] 837580K->641606K(1013632K), 0.0155486 secs] [Times: user=0.01 sys=0.00, real=0.01 secs] 
2021-01-22T21:03:35.901-0800: 264.468: [GC (Allocation Failure) 2021-01-22T21:03:35.901-0800: 264.468: [DefNew: 314559K->314559K(314560K), 0.0000225 secs]2021-01-22T21:03:35.901-0800: 264.468: [Tenured: 606662K->426012K(699072K), 0.0571758 secs] 921222K->426012K(1013632K), [Metaspace: 2698K->2698K(1056768K)], 0.0573070 secs] [Times: user=0.06 sys=0.00, real=0.05 secs] 
2021-01-22T21:03:35.992-0800: 264.559: [GC (Allocation Failure) 2021-01-22T21:03:35.992-0800: 264.559: [DefNew: 279616K->34943K(314560K), 0.0192619 secs] 705628K->512766K(1013632K), 0.0194960 secs] [Times: user=0.02 sys=0.00, real=0.02 secs] 
2021-01-22T21:03:36.075-0800: 264.642: [GC (Allocation Failure) 2021-01-22T21:03:36.075-0800: 264.642: [DefNew: 314559K->34943K(314560K), 0.0418326 secs] 792382K->593082K(1013632K), 0.0419318 secs] [Times: user=0.03 sys=0.00, real=0.04 secs] 
2021-01-22T21:03:36.186-0800: 264.753: [GC (Allocation Failure) 2021-01-22T21:03:36.186-0800: 264.753: [DefNew: 314559K->34942K(314560K), 0.0231082 secs] 872698K->675740K(1013632K), 0.0232013 secs] [Times: user=0.02 sys=0.00, real=0.02 secs] 
2021-01-22T21:03:36.242-0800: 264.810: [GC (Allocation Failure) 2021-01-22T21:03:36.242-0800: 264.810: [DefNew: 314558K->314558K(314560K), 0.0000211 secs]2021-01-22T21:03:36.242-0800: 264.810: [Tenured: 640797K->404373K(699072K), 0.0560810 secs] 955356K->404373K(1013632K), [Metaspace: 2698K->2698K(1056768K)], 0.0562172 secs] [Times: user=0.06 sys=0.00, real=0.05 secs] 
2021-01-22T21:03:36.330-0800: 264.898: [GC (Allocation Failure) 2021-01-22T21:03:36.330-0800: 264.898: [DefNew: 279616K->34943K(314560K), 0.0118152 secs] 683989K->493806K(1013632K), 0.0119075 secs] [Times: user=0.01 sys=0.00, real=0.01 secs] 
2021-01-22T21:03:36.374-0800: 264.941: [GC (Allocation Failure) 2021-01-22T21:03:36.374-0800: 264.941: [DefNew: 314559K->34943K(314560K), 0.0151965 secs] 773422K->576082K(1013632K), 0.0152901 secs] [Times: user=0.02 sys=0.00, real=0.01 secs] 
2021-01-22T21:03:36.422-0800: 264.989: [GC (Allocation Failure) 2021-01-22T21:03:36.422-0800: 264.989: [DefNew: 314514K->34943K(314560K), 0.0196163 secs] 855652K->651142K(1013632K), 0.0197393 secs] [Times: user=0.02 sys=0.00, real=0.02 secs] 
2021-01-22T21:03:36.472-0800: 265.039: [GC (Allocation Failure) 2021-01-22T21:03:36.472-0800: 265.039: [DefNew: 314559K->314559K(314560K), 0.0000228 secs]2021-01-22T21:03:36.472-0800: 265.039: [Tenured: 616199K->396416K(699072K), 0.0521254 secs] 930758K->396416K(1013632K), [Metaspace: 2698K->2698K(1056768K)], 0.0522807 secs] [Times: user=0.05 sys=0.00, real=0.05 secs] 
2021-01-22T21:03:36.554-0800: 265.122: [GC (Allocation Failure) 2021-01-22T21:03:36.554-0800: 265.122: [DefNew: 279616K->34943K(314560K), 0.0114965 secs] 676032K->486051K(1013632K), 0.0115898 secs] [Times: user=0.01 sys=0.00, real=0.01 secs] 
2021-01-22T21:03:36.599-0800: 265.166: [GC (Allocation Failure) 2021-01-22T21:03:36.599-0800: 265.167: [DefNew: 314559K->34943K(314560K), 0.0143444 secs] 765667K->564561K(1013632K), 0.0144499 secs] [Times: user=0.01 sys=0.00, real=0.02 secs] 
2021-01-22T21:03:36.645-0800: 265.212: [GC (Allocation Failure) 2021-01-22T21:03:36.645-0800: 265.212: [DefNew: 314559K->34944K(314560K), 0.0146048 secs] 844177K->643060K(1013632K), 0.0147016 secs] [Times: user=0.01 sys=0.00, real=0.02 secs] 
2021-01-22T21:03:36.688-0800: 265.256: [GC (Allocation Failure) 2021-01-22T21:03:36.688-0800: 265.256: [DefNew: 314560K->314560K(314560K), 0.0000221 secs]2021-01-22T21:03:36.688-0800: 265.256: [Tenured: 608116K->418050K(699072K), 0.0476940 secs] 922676K->418050K(1013632K), [Metaspace: 2698K->2698K(1056768K)], 0.0478251 secs] [Times: user=0.04 sys=0.00, real=0.05 secs] 
2021-01-22T21:03:36.770-0800: 265.337: [GC (Allocation Failure) 2021-01-22T21:03:36.770-0800: 265.337: [DefNew: 279616K->34943K(314560K), 0.0162889 secs] 697666K->505176K(1013632K), 0.0163949 secs] [Times: user=0.01 sys=0.00, real=0.01 secs] 
2021-01-22T21:03:36.850-0800: 265.418: [GC (Allocation Failure) 2021-01-22T21:03:36.851-0800: 265.418: [DefNew: 314559K->34941K(314560K), 0.0318302 secs] 784792K->591492K(1013632K), 0.0319621 secs] [Times: user=0.03 sys=0.00, real=0.03 secs] 
2021-01-22T21:03:36.951-0800: 265.518: [GC (Allocation Failure) 2021-01-22T21:03:36.951-0800: 265.518: [DefNew: 314557K->34944K(314560K), 0.0202778 secs] 871108K->676431K(1013632K), 0.0203697 secs] [Times: user=0.02 sys=0.00, real=0.02 secs] 
2021-01-22T21:03:37.001-0800: 265.568: [GC (Allocation Failure) 2021-01-22T21:03:37.001-0800: 265.568: [DefNew: 314560K->314560K(314560K), 0.0000268 secs]2021-01-22T21:03:37.001-0800: 265.568: [Tenured: 641487K->426004K(699072K), 0.0514508 secs] 956047K->426004K(1013632K), [Metaspace: 2698K->2698K(1056768K)], 0.0516147 secs] [Times: user=0.05 sys=0.00, real=0.05 secs] 
2021-01-22T21:03:37.083-0800: 265.650: [GC (Allocation Failure) 2021-01-22T21:03:37.083-0800: 265.650: [DefNew: 279616K->34944K(314560K), 0.0110095 secs] 705620K->512506K(1013632K), 0.0111322 secs] [Times: user=0.01 sys=0.00, real=0.01 secs] 
2021-01-22T21:03:37.125-0800: 265.692: [GC (Allocation Failure) 2021-01-22T21:03:37.125-0800: 265.692: [DefNew: 314560K->34942K(314560K), 0.0144719 secs] 792122K->590649K(1013632K), 0.0145801 secs] [Times: user=0.02 sys=0.00, real=0.01 secs] 
2021-01-22T21:03:37.169-0800: 265.737: [GC (Allocation Failure) 2021-01-22T21:03:37.169-0800: 265.737: [DefNew: 314558K->34943K(314560K), 0.0150767 secs] 870265K->675836K(1013632K), 0.0151695 secs] [Times: user=0.02 sys=0.00, real=0.02 secs] 
2021-01-22T21:03:37.216-0800: 265.783: [GC (Allocation Failure) 2021-01-22T21:03:37.216-0800: 265.783: [DefNew: 314559K->314559K(314560K), 0.0000233 secs]2021-01-22T21:03:37.216-0800: 265.783: [Tenured: 640892K->423183K(699072K), 0.0539704 secs] 955452K->423183K(1013632K), [Metaspace: 2698K->2698K(1056768K)], 0.0541128 secs] [Times: user=0.05 sys=0.01, real=0.06 secs] 
2021-01-22T21:03:37.308-0800: 265.875: [GC (Allocation Failure) 2021-01-22T21:03:37.308-0800: 265.875: [DefNew: 279616K->34944K(314560K), 0.0128769 secs] 702799K->515700K(1013632K), 0.0129711 secs] [Times: user=0.01 sys=0.00, real=0.02 secs] 
2021-01-22T21:03:37.353-0800: 265.921: [GC (Allocation Failure) 2021-01-22T21:03:37.353-0800: 265.921: [DefNew: 314560K->34943K(314560K), 0.0231172 secs] 795316K->593498K(1013632K), 0.0232230 secs] [Times: user=0.02 sys=0.00, real=0.02 secs] 
2021-01-22T21:03:37.451-0800: 266.018: [GC (Allocation Failure) 2021-01-22T21:03:37.451-0800: 266.018: [DefNew: 314559K->34942K(314560K), 0.0293191 secs] 873114K->665035K(1013632K), 0.0296328 secs] [Times: user=0.03 sys=0.00, real=0.03 secs] 
2021-01-22T21:03:37.551-0800: 266.118: [GC (Allocation Failure) 2021-01-22T21:03:37.551-0800: 266.118: [DefNew: 314558K->314558K(314560K), 0.0000216 secs]2021-01-22T21:03:37.551-0800: 266.118: [Tenured: 630093K->372245K(699072K), 0.0547380 secs] 944651K->372245K(1013632K), [Metaspace: 2698K->2698K(1056768K)], 0.0548822 secs] [Times: user=0.05 sys=0.00, real=0.05 secs] 
2021-01-22T21:03:37.637-0800: 266.204: [GC (Allocation Failure) 2021-01-22T21:03:37.637-0800: 266.204: [DefNew: 279616K->34943K(314560K), 0.0119327 secs] 651861K->466432K(1013632K), 0.0120248 secs] [Times: user=0.01 sys=0.00, real=0.01 secs] 
2021-01-22T21:03:37.680-0800: 266.248: [GC (Allocation Failure) 2021-01-22T21:03:37.680-0800: 266.248: [DefNew: 314559K->34943K(314560K), 0.0140944 secs] 746048K->540239K(1013632K), 0.0141907 secs] [Times: user=0.01 sys=0.00, real=0.01 secs] 
2021-01-22T21:03:37.725-0800: 266.292: [GC (Allocation Failure) 2021-01-22T21:03:37.725-0800: 266.292: [DefNew: 314559K->34943K(314560K), 0.0142140 secs] 819855K->618575K(1013632K), 0.0143075 secs] [Times: user=0.02 sys=0.00, real=0.01 secs] 
2021-01-22T21:03:37.771-0800: 266.338: [GC (Allocation Failure) 2021-01-22T21:03:37.771-0800: 266.338: [DefNew: 314559K->34943K(314560K), 0.0190031 secs] 898191K->693053K(1013632K), 0.0190980 secs] [Times: user=0.02 sys=0.00, real=0.02 secs] 
2021-01-22T21:03:37.821-0800: 266.388: [GC (Allocation Failure) 2021-01-22T21:03:37.821-0800: 266.388: [DefNew: 314559K->314559K(314560K), 0.0000219 secs]2021-01-22T21:03:37.821-0800: 266.388: [Tenured: 658109K->401325K(699072K), 0.0461529 secs] 972669K->401325K(1013632K), [Metaspace: 2698K->2698K(1056768K)], 0.0462852 secs] [Times: user=0.04 sys=0.01, real=0.04 secs] 
2021-01-22T21:03:37.899-0800: 266.467: [GC (Allocation Failure) 2021-01-22T21:03:37.899-0800: 266.467: [DefNew: 279616K->34943K(314560K), 0.0109849 secs] 680941K->488295K(1013632K), 0.0110946 secs] [Times: user=0.01 sys=0.00, real=0.02 secs] 
2021-01-22T21:03:37.941-0800: 266.508: [GC (Allocation Failure) 2021-01-22T21:03:37.941-0800: 266.508: [DefNew: 314559K->34943K(314560K), 0.0174046 secs] 767911K->571234K(1013632K), 0.0175267 secs] [Times: user=0.02 sys=0.00, real=0.01 secs] 
2021-01-22T21:03:37.992-0800: 266.560: [GC (Allocation Failure) 2021-01-22T21:03:37.992-0800: 266.560: [DefNew: 314420K->34943K(314560K), 0.0146692 secs] 850711K->649136K(1013632K), 0.0147816 secs] [Times: user=0.02 sys=0.00, real=0.01 secs] 
2021-01-22T21:03:38.037-0800: 266.604: [GC (Allocation Failure) 2021-01-22T21:03:38.037-0800: 266.604: [DefNew: 314559K->314559K(314560K), 0.0000214 secs]2021-01-22T21:03:38.037-0800: 266.604: [Tenured: 614193K->404151K(699072K), 0.0481423 secs] 928752K->404151K(1013632K), [Metaspace: 2698K->2698K(1056768K)], 0.0482706 secs] [Times: user=0.05 sys=0.00, real=0.05 secs] 
2021-01-22T21:03:38.117-0800: 266.684: [GC (Allocation Failure) 2021-01-22T21:03:38.117-0800: 266.684: [DefNew: 279616K->34941K(314560K), 0.0110225 secs] 683767K->490823K(1013632K), 0.0111375 secs] [Times: user=0.01 sys=0.00, real=0.01 secs] 
2021-01-22T21:03:38.158-0800: 266.725: [GC (Allocation Failure) 2021-01-22T21:03:38.158-0800: 266.725: [DefNew: 314557K->34943K(314560K), 0.0141113 secs] 770439K->566288K(1013632K), 0.0142025 secs] [Times: user=0.01 sys=0.00, real=0.02 secs] 
2021-01-22T21:03:38.202-0800: 266.769: [GC (Allocation Failure) 2021-01-22T21:03:38.202-0800: 266.769: [DefNew: 314559K->34943K(314560K), 0.0143218 secs] 845904K->643528K(1013632K), 0.0144230 secs] [Times: user=0.01 sys=0.00, real=0.01 secs] 
2021-01-22T21:03:38.257-0800: 266.824: [GC (Allocation Failure) 2021-01-22T21:03:38.257-0800: 266.824: [DefNew: 314559K->314559K(314560K), 0.0000223 secs]2021-01-22T21:03:38.257-0800: 266.824: [Tenured: 608584K->404852K(699072K), 0.0937910 secs] 923144K->404852K(1013632K), [Metaspace: 2698K->2698K(1056768K)], 0.0939245 secs] [Times: user=0.09 sys=0.00, real=0.10 secs] 
2021-01-22T21:03:38.406-0800: 266.973: [GC (Allocation Failure) 2021-01-22T21:03:38.406-0800: 266.973: [DefNew: 279616K->34944K(314560K), 0.0186059 secs] 684468K->492254K(1013632K), 0.0187289 secs] [Times: user=0.02 sys=0.00, real=0.02 secs] 
2021-01-22T21:03:38.484-0800: 267.051: [GC (Allocation Failure) 2021-01-22T21:03:38.484-0800: 267.051: [DefNew: 314560K->34943K(314560K), 0.0261436 secs] 771870K->577797K(1013632K), 0.0262835 secs] [Times: user=0.02 sys=0.01, real=0.03 secs] 
2021-01-22T21:03:38.557-0800: 267.124: [GC (Allocation Failure) 2021-01-22T21:03:38.557-0800: 267.124: [DefNew: 314559K->34944K(314560K), 0.0160181 secs] 857413K->663086K(1013632K), 0.0161273 secs] [Times: user=0.01 sys=0.00, real=0.02 secs] 
2021-01-22T21:03:38.608-0800: 267.175: [GC (Allocation Failure) 2021-01-22T21:03:38.608-0800: 267.175: [DefNew: 314560K->314560K(314560K), 0.0000331 secs]2021-01-22T21:03:38.608-0800: 267.175: [Tenured: 628142K->392598K(699072K), 0.0573184 secs] 942702K->392598K(1013632K), [Metaspace: 2698K->2698K(1056768K)], 0.0574726 secs] [Times: user=0.05 sys=0.00, real=0.06 secs] 
2021-01-22T21:03:38.701-0800: 267.269: [GC (Allocation Failure) 2021-01-22T21:03:38.702-0800: 267.269: [DefNew: 279275K->34943K(314560K), 0.0132270 secs] 671873K->486985K(1013632K), 0.0133290 secs] [Times: user=0.02 sys=0.00, real=0.01 secs] 
2021-01-22T21:03:38.754-0800: 267.321: [GC (Allocation Failure) 2021-01-22T21:03:38.754-0800: 267.321: [DefNew: 314559K->34943K(314560K), 0.0165495 secs] 766601K->561335K(1013632K), 0.0166595 secs] [Times: user=0.02 sys=0.00, real=0.02 secs] 
2021-01-22T21:03:38.817-0800: 267.384: [GC (Allocation Failure) 2021-01-22T21:03:38.817-0800: 267.384: [DefNew: 314559K->34943K(314560K), 0.0156789 secs] 840951K->647404K(1013632K), 0.0157755 secs] [Times: user=0.01 sys=0.00, real=0.02 secs] 
2021-01-22T21:03:38.864-0800: 267.431: [GC (Allocation Failure) 2021-01-22T21:03:38.864-0800: 267.431: [DefNew: 314559K->314559K(314560K), 0.0000226 secs]2021-01-22T21:03:38.864-0800: 267.431: [Tenured: 612460K->416890K(699072K), 0.0486060 secs] 927020K->416890K(1013632K), [Metaspace: 2698K->2698K(1056768K)], 0.0487415 secs] [Times: user=0.05 sys=0.00, real=0.05 secs] 
2021-01-22T21:03:38.947-0800: 267.514: [GC (Allocation Failure) 2021-01-22T21:03:38.947-0800: 267.514: [DefNew: 279616K->34943K(314560K), 0.0116232 secs] 696506K->504525K(1013632K), 0.0117217 secs] [Times: user=0.01 sys=0.00, real=0.01 secs] 
2021-01-22T21:03:38.994-0800: 267.561: [GC (Allocation Failure) 2021-01-22T21:03:38.994-0800: 267.561: [DefNew: 314559K->34943K(314560K), 0.0151733 secs] 784141K->585474K(1013632K), 0.0152770 secs] [Times: user=0.01 sys=0.00, real=0.01 secs] 
2021-01-22T21:03:39.040-0800: 267.607: [GC (Allocation Failure) 2021-01-22T21:03:39.040-0800: 267.607: [DefNew: 314492K->34943K(314560K), 0.0147004 secs] 865023K->665078K(1013632K), 0.0147974 secs] [Times: user=0.02 sys=0.00, real=0.01 secs] 
2021-01-22T21:03:39.086-0800: 267.653: [GC (Allocation Failure) 2021-01-22T21:03:39.086-0800: 267.653: [DefNew: 314559K->314559K(314560K), 0.0000236 secs]2021-01-22T21:03:39.086-0800: 267.653: [Tenured: 630134K->417154K(699072K), 0.0499378 secs] 944694K->417154K(1013632K), [Metaspace: 2698K->2698K(1056768K)], 0.0500710 secs] [Times: user=0.05 sys=0.00, real=0.05 secs] 
2021-01-22T21:03:39.166-0800: 267.734: [GC (Allocation Failure) 2021-01-22T21:03:39.166-0800: 267.734: [DefNew: 279616K->34944K(314560K), 0.0123145 secs] 696770K->512073K(1013632K), 0.0124094 secs] [Times: user=0.02 sys=0.00, real=0.01 secs] 
2021-01-22T21:03:39.209-0800: 267.776: [GC (Allocation Failure) 2021-01-22T21:03:39.209-0800: 267.776: [DefNew: 314560K->34943K(314560K), 0.0149526 secs] 791689K->595335K(1013632K), 0.0150469 secs] [Times: user=0.01 sys=0.00, real=0.02 secs] 
2021-01-22T21:03:39.254-0800: 267.821: [GC (Allocation Failure) 2021-01-22T21:03:39.254-0800: 267.821: [DefNew: 314559K->34943K(314560K), 0.0168987 secs] 874951K->676363K(1013632K), 0.0169917 secs] [Times: user=0.02 sys=0.00, real=0.02 secs] 
2021-01-22T21:03:39.306-0800: 267.873: [GC (Allocation Failure) 2021-01-22T21:03:39.306-0800: 267.873: [DefNew: 314559K->314559K(314560K), 0.0000238 secs]2021-01-22T21:03:39.306-0800: 267.873: [Tenured: 641419K->404314K(699072K), 0.0494315 secs] 955979K->404314K(1013632K), [Metaspace: 2698K->2698K(1056768K)], 0.0495772 secs] [Times: user=0.05 sys=0.00, real=0.05 secs] 
2021-01-22T21:03:39.387-0800: 267.954: [GC (Allocation Failure) 2021-01-22T21:03:39.387-0800: 267.954: [DefNew: 279616K->34942K(314560K), 0.0107302 secs] 683930K->488375K(1013632K), 0.0108352 secs] [Times: user=0.01 sys=0.00, real=0.01 secs] 
2021-01-22T21:03:39.427-0800: 267.995: [GC (Allocation Failure) 2021-01-22T21:03:39.427-0800: 267.995: [DefNew: 314558K->34944K(314560K), 0.0143354 secs] 767991K->562839K(1013632K), 0.0144411 secs] [Times: user=0.01 sys=0.00, real=0.02 secs] 
2021-01-22T21:03:39.481-0800: 268.048: [GC (Allocation Failure) 2021-01-22T21:03:39.481-0800: 268.048: [DefNew: 314560K->34943K(314560K), 0.0148875 secs] 842455K->639482K(1013632K), 0.0150071 secs] [Times: user=0.02 sys=0.00, real=0.01 secs] 
2021-01-22T21:03:39.527-0800: 268.094: [GC (Allocation Failure) 2021-01-22T21:03:39.527-0800: 268.094: [DefNew: 314559K->314559K(314560K), 0.0000222 secs]2021-01-22T21:03:39.527-0800: 268.094: [Tenured: 604539K->375721K(699072K), 0.0494283 secs] 919098K->375721K(1013632K), [Metaspace: 2698K->2698K(1056768K)], 0.0495579 secs] [Times: user=0.04 sys=0.00, real=0.05 secs] 
2021-01-22T21:03:39.608-0800: 268.175: [GC (Allocation Failure) 2021-01-22T21:03:39.608-0800: 268.175: [DefNew: 279616K->34944K(314560K), 0.0121164 secs] 655337K->471269K(1013632K), 0.0122106 secs] [Times: user=0.01 sys=0.00, real=0.02 secs] 
2021-01-22T21:03:39.649-0800: 268.216: [GC (Allocation Failure) 2021-01-22T21:03:39.649-0800: 268.217: [DefNew: 314560K->34942K(314560K), 0.0143484 secs] 750885K->550879K(1013632K), 0.0144457 secs] [Times: user=0.01 sys=0.00, real=0.02 secs] 
2021-01-22T21:03:39.694-0800: 268.262: [GC (Allocation Failure) 2021-01-22T21:03:39.694-0800: 268.262: [DefNew: 314558K->34943K(314560K), 0.0152150 secs] 830495K->636442K(1013632K), 0.0153079 secs] [Times: user=0.02 sys=0.00, real=0.02 secs] 
2021-01-22T21:03:39.741-0800: 268.308: [GC (Allocation Failure) 2021-01-22T21:03:39.741-0800: 268.308: [DefNew: 314559K->314559K(314560K), 0.0000218 secs]2021-01-22T21:03:39.741-0800: 268.308: [Tenured: 601499K->420025K(699072K), 0.0541132 secs] 916058K->420025K(1013632K), [Metaspace: 2698K->2698K(1056768K)], 0.0542456 secs] [Times: user=0.05 sys=0.00, real=0.05 secs] 
2021-01-22T21:03:39.828-0800: 268.395: [GC (Allocation Failure) 2021-01-22T21:03:39.828-0800: 268.395: [DefNew: 279616K->34943K(314560K), 0.0110331 secs] 699641K->506050K(1013632K), 0.0111252 secs] [Times: user=0.01 sys=0.00, real=0.01 secs] 
2021-01-22T21:03:39.868-0800: 268.435: [GC (Allocation Failure) 2021-01-22T21:03:39.868-0800: 268.436: [DefNew: 314559K->34944K(314560K), 0.0154313 secs] 785666K->590881K(1013632K), 0.0155421 secs] [Times: user=0.01 sys=0.00, real=0.02 secs] 
2021-01-22T21:03:39.914-0800: 268.482: [GC (Allocation Failure) 2021-01-22T21:03:39.914-0800: 268.482: [DefNew: 314560K->34943K(314560K), 0.0146359 secs] 870497K->672004K(1013632K), 0.0147504 secs] [Times: user=0.02 sys=0.00, real=0.01 secs] 
2021-01-22T21:03:39.969-0800: 268.536: [GC (Allocation Failure) 2021-01-22T21:03:39.969-0800: 268.536: [DefNew: 314559K->314559K(314560K), 0.0000265 secs]2021-01-22T21:03:39.969-0800: 268.536: [Tenured: 637060K->416118K(699072K), 0.0496415 secs] 951620K->416118K(1013632K), [Metaspace: 2698K->2698K(1056768K)], 0.0497763 secs] [Times: user=0.05 sys=0.00, real=0.05 secs] 
2021-01-22T21:03:40.052-0800: 268.619: [GC (Allocation Failure) 2021-01-22T21:03:40.052-0800: 268.619: [DefNew: 279616K->34943K(314560K), 0.0108651 secs] 695734K->499922K(1013632K), 0.0109605 secs] [Times: user=0.01 sys=0.00, real=0.01 secs] 
2021-01-22T21:03:40.094-0800: 268.661: [GC (Allocation Failure) 2021-01-22T21:03:40.094-0800: 268.661: [DefNew: 314559K->34943K(314560K), 0.0142563 secs] 779538K->576981K(1013632K), 0.0143496 secs] [Times: user=0.01 sys=0.00, real=0.01 secs] 
2021-01-22T21:03:40.138-0800: 268.706: [GC (Allocation Failure) 2021-01-22T21:03:40.138-0800: 268.706: [DefNew: 314559K->34943K(314560K), 0.0146532 secs] 856597K->655437K(1013632K), 0.0147665 secs] [Times: user=0.02 sys=0.00, real=0.02 secs] 
2021-01-22T21:03:40.184-0800: 268.751: [GC (Allocation Failure) 2021-01-22T21:03:40.184-0800: 268.751: [DefNew: 314559K->314559K(314560K), 0.0000250 secs]2021-01-22T21:03:40.184-0800: 268.751: [Tenured: 620493K->394364K(699072K), 0.0484940 secs] 935053K->394364K(1013632K), [Metaspace: 2698K->2698K(1056768K)], 0.0486301 secs] [Times: user=0.04 sys=0.00, real=0.05 secs] 
2021-01-22T21:03:40.267-0800: 268.834: [GC (Allocation Failure) 2021-01-22T21:03:40.267-0800: 268.834: [DefNew: 279616K->34943K(314560K), 0.0150859 secs] 673980K->474737K(1013632K), 0.0152557 secs] [Times: user=0.01 sys=0.00, real=0.02 secs] 
2021-01-22T21:03:40.314-0800: 268.881: [GC (Allocation Failure) 2021-01-22T21:03:40.314-0800: 268.881: [DefNew: 314559K->34943K(314560K), 0.0153093 secs] 754353K->558530K(1013632K), 0.0154106 secs] [Times: user=0.02 sys=0.00, real=0.01 secs] 
2021-01-22T21:03:40.359-0800: 268.926: [GC (Allocation Failure) 2021-01-22T21:03:40.359-0800: 268.926: [DefNew: 314559K->34943K(314560K), 0.0147771 secs] 838146K->636434K(1013632K), 0.0148741 secs] [Times: user=0.01 sys=0.00, real=0.02 secs] 
2021-01-22T21:03:40.404-0800: 268.971: [GC (Allocation Failure) 2021-01-22T21:03:40.404-0800: 268.971: [DefNew: 314559K->314559K(314560K), 0.0000219 secs]2021-01-22T21:03:40.404-0800: 268.971: [Tenured: 601491K->370685K(699072K), 0.0504258 secs] 916050K->370685K(1013632K), [Metaspace: 2698K->2698K(1056768K)], 0.0505617 secs] [Times: user=0.05 sys=0.00, real=0.05 secs] 
2021-01-22T21:03:40.491-0800: 269.058: [GC (Allocation Failure) 2021-01-22T21:03:40.491-0800: 269.058: [DefNew: 279616K->34943K(314560K), 0.0105973 secs] 650301K->453354K(1013632K), 0.0106985 secs] [Times: user=0.01 sys=0.00, real=0.01 secs] 
2021-01-22T21:03:40.533-0800: 269.100: [GC (Allocation Failure) 2021-01-22T21:03:40.533-0800: 269.100: [DefNew: 314559K->34944K(314560K), 0.0136033 secs] 732970K->525685K(1013632K), 0.0137087 secs] [Times: user=0.01 sys=0.00, real=0.01 secs] 
2021-01-22T21:03:40.578-0800: 269.145: [GC (Allocation Failure) 2021-01-22T21:03:40.578-0800: 269.145: [DefNew: 314560K->34943K(314560K), 0.0142728 secs] 805301K->601055K(1013632K), 0.0143633 secs] [Times: user=0.02 sys=0.00, real=0.02 secs] 
2021-01-22T21:03:40.626-0800: 269.193: [GC (Allocation Failure) 2021-01-22T21:03:40.626-0800: 269.193: [DefNew: 314559K->34943K(314560K), 0.0146975 secs] 880671K->678140K(1013632K), 0.0147927 secs] [Times: user=0.01 sys=0.00, real=0.02 secs] 
2021-01-22T21:03:40.672-0800: 269.239: [GC (Allocation Failure) 2021-01-22T21:03:40.672-0800: 269.239: [DefNew: 314559K->314559K(314560K), 0.0000236 secs]2021-01-22T21:03:40.672-0800: 269.239: [Tenured: 643197K->406707K(699072K), 0.0472097 secs] 957756K->406707K(1013632K), [Metaspace: 2698K->2698K(1056768K)], 0.0473502 secs] [Times: user=0.05 sys=0.00, real=0.04 secs] 
2021-01-22T21:03:40.750-0800: 269.317: [GC (Allocation Failure) 2021-01-22T21:03:40.750-0800: 269.317: [DefNew: 279616K->34944K(314560K), 0.0125472 secs] 686323K->493590K(1013632K), 0.0127237 secs] [Times: user=0.01 sys=0.00, real=0.01 secs] 
2021-01-22T21:03:40.797-0800: 269.365: [GC (Allocation Failure) 2021-01-22T21:03:40.797-0800: 269.365: [DefNew: 314560K->34942K(314560K), 0.0148913 secs] 773206K->574171K(1013632K), 0.0149865 secs] [Times: user=0.02 sys=0.00, real=0.02 secs] 
2021-01-22T21:03:40.843-0800: 269.411: [GC (Allocation Failure) 2021-01-22T21:03:40.843-0800: 269.411: [DefNew: 314558K->34943K(314560K), 0.0157656 secs] 853787K->662807K(1013632K), 0.0158682 secs] [Times: user=0.02 sys=0.00, real=0.01 secs] 
2021-01-22T21:03:40.888-0800: 269.455: [GC (Allocation Failure) 2021-01-22T21:03:40.888-0800: 269.455: [DefNew: 314559K->314559K(314560K), 0.0000215 secs]2021-01-22T21:03:40.888-0800: 269.455: [Tenured: 627864K->416526K(699072K), 0.0507289 secs] 942423K->416526K(1013632K), [Metaspace: 2698K->2698K(1056768K)], 0.0509595 secs] [Times: user=0.05 sys=0.00, real=0.05 secs] 
2021-01-22T21:03:40.976-0800: 269.544: [GC (Allocation Failure) 2021-01-22T21:03:40.976-0800: 269.544: [DefNew: 279616K->34943K(314560K), 0.0118207 secs] 696142K->508406K(1013632K), 0.0119146 secs] [Times: user=0.01 sys=0.00, real=0.01 secs] 
2021-01-22T21:03:41.018-0800: 269.585: [GC (Allocation Failure) 2021-01-22T21:03:41.018-0800: 269.585: [DefNew: 314559K->34943K(314560K), 0.0151893 secs] 788022K->588692K(1013632K), 0.0152813 secs] [Times: user=0.01 sys=0.00, real=0.02 secs] 
2021-01-22T21:03:41.066-0800: 269.633: [GC (Allocation Failure) 2021-01-22T21:03:41.066-0800: 269.633: [DefNew: 314559K->34943K(314560K), 0.0137389 secs] 868308K->663909K(1013632K), 0.0138329 secs] [Times: user=0.01 sys=0.00, real=0.01 secs] 
2021-01-22T21:03:41.109-0800: 269.676: [GC (Allocation Failure) 2021-01-22T21:03:41.109-0800: 269.676: [DefNew: 314559K->314559K(314560K), 0.0000243 secs]2021-01-22T21:03:41.109-0800: 269.676: [Tenured: 628966K->408042K(699072K), 0.0491022 secs] 943525K->408042K(1013632K), [Metaspace: 2698K->2698K(1056768K)], 0.0492547 secs] [Times: user=0.05 sys=0.00, real=0.05 secs] 
2021-01-22T21:03:41.190-0800: 269.757: [GC (Allocation Failure) 2021-01-22T21:03:41.190-0800: 269.757: [DefNew: 278925K->34943K(314560K), 0.0115288 secs] 686968K->496512K(1013632K), 0.0116282 secs] [Times: user=0.01 sys=0.00, real=0.01 secs] 
2021-01-22T21:03:41.231-0800: 269.798: [GC (Allocation Failure) 2021-01-22T21:03:41.231-0800: 269.798: [DefNew: 314559K->34943K(314560K), 0.0152847 secs] 776128K->579163K(1013632K), 0.0153901 secs] [Times: user=0.01 sys=0.00, real=0.01 secs] 
2021-01-22T21:03:41.285-0800: 269.852: [GC (Allocation Failure) 2021-01-22T21:03:41.285-0800: 269.852: [DefNew: 314559K->34944K(314560K), 0.0145986 secs] 858779K->657332K(1013632K), 0.0147061 secs] [Times: user=0.01 sys=0.00, real=0.02 secs] 
2021-01-22T21:03:41.330-0800: 269.897: [GC (Allocation Failure) 2021-01-22T21:03:41.330-0800: 269.897: [DefNew: 314560K->314560K(314560K), 0.0000297 secs]2021-01-22T21:03:41.330-0800: 269.898: [Tenured: 622388K->377799K(699072K), 0.0494601 secs] 936948K->377799K(1013632K), [Metaspace: 2698K->2698K(1056768K)], 0.0496204 secs] [Times: user=0.05 sys=0.00, real=0.05 secs] 
2021-01-22T21:03:41.410-0800: 269.977: [GC (Allocation Failure) 2021-01-22T21:03:41.410-0800: 269.977: [DefNew: 279616K->34943K(314560K), 0.0115593 secs] 657415K->467141K(1013632K), 0.0116527 secs] [Times: user=0.01 sys=0.00, real=0.01 secs] 
2021-01-22T21:03:41.455-0800: 270.022: [GC (Allocation Failure) 2021-01-22T21:03:41.455-0800: 270.022: [DefNew: 314559K->34943K(314560K), 0.0198380 secs] 746757K->551319K(1013632K), 0.0199354 secs] [Times: user=0.02 sys=0.00, real=0.02 secs] 
2021-01-22T21:03:41.505-0800: 270.072: [GC (Allocation Failure) 2021-01-22T21:03:41.505-0800: 270.072: [DefNew: 314559K->34942K(314560K), 0.0159633 secs] 830935K->628726K(1013632K), 0.0160682 secs] [Times: user=0.02 sys=0.00, real=0.02 secs] 
2021-01-22T21:03:41.551-0800: 270.119: [GC (Allocation Failure) 2021-01-22T21:03:41.551-0800: 270.119: [DefNew: 314558K->314558K(314560K), 0.0000212 secs]2021-01-22T21:03:41.551-0800: 270.119: [Tenured: 593783K->408339K(699072K), 0.0475198 secs] 908342K->408339K(1013632K), [Metaspace: 2698K->2698K(1056768K)], 0.0476432 secs] [Times: user=0.05 sys=0.00, real=0.04 secs] 
2021-01-22T21:03:41.630-0800: 270.197: [GC (Allocation Failure) 2021-01-22T21:03:41.630-0800: 270.197: [DefNew: 279616K->34944K(314560K), 0.0115511 secs] 687955K->496169K(1013632K), 0.0116528 secs] [Times: user=0.01 sys=0.00, real=0.01 secs] 
2021-01-22T21:03:41.671-0800: 270.238: [GC (Allocation Failure) 2021-01-22T21:03:41.671-0800: 270.238: [DefNew: 314560K->34944K(314560K), 0.0153131 secs] 775785K->582917K(1013632K), 0.0154409 secs] [Times: user=0.01 sys=0.00, real=0.01 secs] 
2021-01-22T21:03:41.717-0800: 270.284: [GC (Allocation Failure) 2021-01-22T21:03:41.717-0800: 270.284: [DefNew: 314560K->34943K(314560K), 0.0157349 secs] 862533K->668591K(1013632K), 0.0158276 secs] [Times: user=0.02 sys=0.00, real=0.02 secs] 
2021-01-22T21:03:41.762-0800: 270.329: [GC (Allocation Failure) 2021-01-22T21:03:41.762-0800: 270.329: [DefNew: 314559K->314559K(314560K), 0.0000337 secs]2021-01-22T21:03:41.762-0800: 270.330: [Tenured: 633647K->424884K(699072K), 0.0570050 secs] 948207K->424884K(1013632K), [Metaspace: 2698K->2698K(1056768K)], 0.0571777 secs] [Times: user=0.05 sys=0.00, real=0.05 secs] 
2021-01-22T21:03:41.853-0800: 270.421: [GC (Allocation Failure) 2021-01-22T21:03:41.853-0800: 270.421: [DefNew: 279616K->34943K(314560K), 0.0110855 secs] 704500K->510725K(1013632K), 0.0111782 secs] [Times: user=0.02 sys=0.00, real=0.01 secs] 
2021-01-22T21:03:41.895-0800: 270.462: [GC (Allocation Failure) 2021-01-22T21:03:41.895-0800: 270.462: [DefNew: 314559K->34943K(314560K), 0.0145943 secs] 790341K->590631K(1013632K), 0.0147098 secs] [Times: user=0.01 sys=0.00, real=0.02 secs] 
2021-01-22T21:03:41.938-0800: 270.505: [GC (Allocation Failure) 2021-01-22T21:03:41.938-0800: 270.505: [DefNew: 314559K->34944K(314560K), 0.0167269 secs] 870247K->669411K(1013632K), 0.0168233 secs] [Times: user=0.01 sys=0.01, real=0.02 secs] 
2021-01-22T21:03:41.990-0800: 270.557: [GC (Allocation Failure) 2021-01-22T21:03:41.990-0800: 270.557: [DefNew: 314560K->314560K(314560K), 0.0000227 secs]2021-01-22T21:03:41.990-0800: 270.557: [Tenured: 634467K->398278K(699072K), 0.0482680 secs] 949027K->398278K(1013632K), [Metaspace: 2698K->2698K(1056768K)], 0.0484022 secs] [Times: user=0.05 sys=0.00, real=0.04 secs] 
2021-01-22T21:03:42.070-0800: 270.637: [GC (Allocation Failure) 2021-01-22T21:03:42.070-0800: 270.637: [DefNew: 279616K->34943K(314560K), 0.0115694 secs] 677894K->490370K(1013632K), 0.0116665 secs] [Times: user=0.01 sys=0.00, real=0.01 secs] 
2021-01-22T21:03:42.112-0800: 270.679: [GC (Allocation Failure) 2021-01-22T21:03:42.112-0800: 270.679: [DefNew: 314559K->34944K(314560K), 0.0155336 secs] 769986K->575758K(1013632K), 0.0156594 secs] [Times: user=0.01 sys=0.00, real=0.01 secs] 
2021-01-22T21:03:42.158-0800: 270.725: [GC (Allocation Failure) 2021-01-22T21:03:42.158-0800: 270.725: [DefNew: 314521K->34943K(314560K), 0.0145783 secs] 855336K->655698K(1013632K), 0.0146721 secs] [Times: user=0.02 sys=0.00, real=0.02 secs] 
2021-01-22T21:03:42.203-0800: 270.770: [GC (Allocation Failure) 2021-01-22T21:03:42.203-0800: 270.770: [DefNew: 314559K->314559K(314560K), 0.0000214 secs]2021-01-22T21:03:42.203-0800: 270.770: [Tenured: 620755K->371500K(699072K), 0.0484064 secs] 935314K->371500K(1013632K), [Metaspace: 2698K->2698K(1056768K)], 0.0485395 secs] [Times: user=0.04 sys=0.00, real=0.05 secs] 
2021-01-22T21:03:42.291-0800: 270.858: [GC (Allocation Failure) 2021-01-22T21:03:42.291-0800: 270.858: [DefNew: 279616K->34942K(314560K), 0.0101711 secs] 651116K->450970K(1013632K), 0.0102630 secs] [Times: user=0.01 sys=0.00, real=0.01 secs] 
2021-01-22T21:03:42.331-0800: 270.898: [GC (Allocation Failure) 2021-01-22T21:03:42.331-0800: 270.898: [DefNew: 314558K->34944K(314560K), 0.0158144 secs] 730586K->532712K(1013632K), 0.0159027 secs] [Times: user=0.01 sys=0.00, real=0.01 secs] 
2021-01-22T21:03:42.380-0800: 270.947: [GC (Allocation Failure) 2021-01-22T21:03:42.380-0800: 270.947: [DefNew: 314560K->34944K(314560K), 0.0132445 secs] 812328K->600570K(1013632K), 0.0133367 secs] [Times: user=0.01 sys=0.00, real=0.01 secs] 
2021-01-22T21:03:42.424-0800: 270.991: [GC (Allocation Failure) 2021-01-22T21:03:42.424-0800: 270.991: [DefNew: 314560K->34943K(314560K), 0.0159955 secs] 880186K->689370K(1013632K), 0.0161054 secs] [Times: user=0.01 sys=0.00, real=0.02 secs] 
2021-01-22T21:03:42.478-0800: 271.046: [GC (Allocation Failure) 2021-01-22T21:03:42.478-0800: 271.046: [DefNew: 314559K->314559K(314560K), 0.0000228 secs]2021-01-22T21:03:42.478-0800: 271.046: [Tenured: 654426K->405318K(699072K), 0.0483787 secs] 968986K->405318K(1013632K), [Metaspace: 2698K->2698K(1056768K)], 0.0485110 secs] [Times: user=0.05 sys=0.00, real=0.05 secs] 
2021-01-22T21:03:42.561-0800: 271.128: [GC (Allocation Failure) 2021-01-22T21:03:42.561-0800: 271.128: [DefNew: 279616K->34943K(314560K), 0.0123710 secs] 684934K->502364K(1013632K), 0.0124670 secs] [Times: user=0.01 sys=0.00, real=0.01 secs] 
2021-01-22T21:03:42.603-0800: 271.171: [GC (Allocation Failure) 2021-01-22T21:03:42.603-0800: 271.171: [DefNew: 314559K->34942K(314560K), 0.0140752 secs] 781980K->575774K(1013632K), 0.0141683 secs] [Times: user=0.01 sys=0.00, real=0.01 secs] 
2021-01-22T21:03:42.647-0800: 271.214: [GC (Allocation Failure) 2021-01-22T21:03:42.647-0800: 271.214: [DefNew: 314558K->34943K(314560K), 0.0146389 secs] 855390K->655180K(1013632K), 0.0147313 secs] [Times: user=0.02 sys=0.00, real=0.02 secs] 
2021-01-22T21:03:42.693-0800: 271.260: [GC (Allocation Failure) 2021-01-22T21:03:42.693-0800: 271.260: [DefNew: 314559K->314559K(314560K), 0.0000231 secs]2021-01-22T21:03:42.693-0800: 271.260: [Tenured: 620236K->409292K(699072K), 0.0798396 secs] 934796K->409292K(1013632K), [Metaspace: 2698K->2698K(1056768K)], 0.0799816 secs] [Times: user=0.07 sys=0.01, real=0.08 secs] 
2021-01-22T21:03:42.846-0800: 271.413: [GC (Allocation Failure) 2021-01-22T21:03:42.846-0800: 271.413: [DefNew: 279616K->34943K(314560K), 0.0245802 secs] 688908K->494263K(1013632K), 0.0247837 secs] [Times: user=0.02 sys=0.00, real=0.03 secs] 
2021-01-22T21:03:42.942-0800: 271.509: [GC (Allocation Failure) 2021-01-22T21:03:42.942-0800: 271.509: [DefNew: 314559K->34942K(314560K), 0.0261841 secs] 773879K->573059K(1013632K), 0.0263204 secs] [Times: user=0.03 sys=0.00, real=0.02 secs] 
2021-01-22T21:03:43.005-0800: 271.572: [GC (Allocation Failure) 2021-01-22T21:03:43.005-0800: 271.572: [DefNew: 314558K->34943K(314560K), 0.0203112 secs] 852675K->654835K(1013632K), 0.0204046 secs] [Times: user=0.02 sys=0.00, real=0.02 secs] 
2021-01-22T21:03:43.056-0800: 271.623: [GC (Allocation Failure) 2021-01-22T21:03:43.056-0800: 271.623: [DefNew: 314559K->314559K(314560K), 0.0000225 secs]2021-01-22T21:03:43.056-0800: 271.623: [Tenured: 619891K->371973K(699072K), 0.0492062 secs] 934451K->371973K(1013632K), [Metaspace: 2698K->2698K(1056768K)], 0.0493371 secs] [Times: user=0.05 sys=0.00, real=0.05 secs] 
2021-01-22T21:03:43.137-0800: 271.705: [GC (Allocation Failure) 2021-01-22T21:03:43.137-0800: 271.705: [DefNew: 279616K->34944K(314560K), 0.0104413 secs] 651589K->450277K(1013632K), 0.0105359 secs] [Times: user=0.01 sys=0.00, real=0.01 secs] 
2021-01-22T21:03:43.177-0800: 271.745: [GC (Allocation Failure) 2021-01-22T21:03:43.177-0800: 271.745: [DefNew: 314560K->34943K(314560K), 0.0150169 secs] 729893K->533313K(1013632K), 0.0151377 secs] [Times: user=0.02 sys=0.00, real=0.02 secs] 
2021-01-22T21:03:43.221-0800: 271.788: [GC (Allocation Failure) 2021-01-22T21:03:43.221-0800: 271.788: [DefNew: 314559K->34943K(314560K), 0.0151443 secs] 812929K->616570K(1013632K), 0.0152497 secs] [Times: user=0.02 sys=0.00, real=0.01 secs] 
2021-01-22T21:03:43.267-0800: 271.834: [GC (Allocation Failure) 2021-01-22T21:03:43.267-0800: 271.834: [DefNew: 314419K->34942K(314560K), 0.0155637 secs] 896046K->687817K(1013632K), 0.0156728 secs] [Times: user=0.01 sys=0.01, real=0.02 secs] 
2021-01-22T21:03:43.317-0800: 271.884: [GC (Allocation Failure) 2021-01-22T21:03:43.317-0800: 271.884: [DefNew: 314558K->314558K(314560K), 0.0000225 secs]2021-01-22T21:03:43.317-0800: 271.884: [Tenured: 652874K->383387K(699072K), 0.0507493 secs] 967433K->383387K(1013632K), [Metaspace: 2698K->2698K(1056768K)], 0.0508841 secs] [Times: user=0.05 sys=0.00, real=0.05 secs] 
2021-01-22T21:03:43.399-0800: 271.966: [GC (Allocation Failure) 2021-01-22T21:03:43.399-0800: 271.966: [DefNew: 279616K->34943K(314560K), 0.0113623 secs] 663003K->470227K(1013632K), 0.0114581 secs] [Times: user=0.01 sys=0.00, real=0.02 secs] 
2021-01-22T21:03:43.440-0800: 272.007: [GC (Allocation Failure) 2021-01-22T21:03:43.440-0800: 272.007: [DefNew: 314559K->34943K(314560K), 0.0167390 secs] 749843K->549368K(1013632K), 0.0168336 secs] [Times: user=0.01 sys=0.00, real=0.01 secs] 
2021-01-22T21:03:43.494-0800: 272.061: [GC (Allocation Failure) 2021-01-22T21:03:43.494-0800: 272.061: [DefNew: 314559K->34943K(314560K), 0.0135816 secs] 828984K->617741K(1013632K), 0.0136867 secs] [Times: user=0.01 sys=0.00, real=0.01 secs] 
2021-01-22T21:03:43.540-0800: 272.107: [GC (Allocation Failure) 2021-01-22T21:03:43.540-0800: 272.107: [DefNew: 314559K->34943K(314560K), 0.0138105 secs] 897357K->690602K(1013632K), 0.0139040 secs] [Times: user=0.02 sys=0.00, real=0.01 secs] 
2021-01-22T21:03:43.584-0800: 272.151: [GC (Allocation Failure) 2021-01-22T21:03:43.584-0800: 272.151: [DefNew: 314559K->314559K(314560K), 0.0000216 secs]2021-01-22T21:03:43.584-0800: 272.151: [Tenured: 655659K->415314K(699072K), 0.0502947 secs] 970218K->415314K(1013632K), [Metaspace: 2698K->2698K(1056768K)], 0.0504252 secs] [Times: user=0.05 sys=0.00, real=0.05 secs] 
2021-01-22T21:03:43.665-0800: 272.232: [GC (Allocation Failure) 2021-01-22T21:03:43.665-0800: 272.232: [DefNew: 279616K->34943K(314560K), 0.0114274 secs] 694930K->504698K(1013632K), 0.0115237 secs] [Times: user=0.01 sys=0.00, real=0.01 secs] 
2021-01-22T21:03:43.709-0800: 272.276: [GC (Allocation Failure) 2021-01-22T21:03:43.709-0800: 272.276: [DefNew: 314559K->34943K(314560K), 0.0299608 secs] 784314K->584271K(1013632K), 0.0300826 secs] [Times: user=0.03 sys=0.00, real=0.03 secs] 
2021-01-22T21:03:43.792-0800: 272.360: [GC (Allocation Failure) 2021-01-22T21:03:43.792-0800: 272.360: [DefNew: 314559K->34944K(314560K), 0.0311956 secs] 863887K->670847K(1013632K), 0.0312885 secs] [Times: user=0.03 sys=0.00, real=0.03 secs] 
2021-01-22T21:03:43.877-0800: 272.444: [GC (Allocation Failure) 2021-01-22T21:03:43.877-0800: 272.444: [DefNew: 314560K->314560K(314560K), 0.0000296 secs]2021-01-22T21:03:43.877-0800: 272.444: [Tenured: 635903K->414497K(699072K), 0.0952576 secs] 950463K->414497K(1013632K), [Metaspace: 2698K->2698K(1056768K)], 0.0954348 secs] [Times: user=0.09 sys=0.01, real=0.10 secs] 
2021-01-22T21:03:44.025-0800: 272.592: [GC (Allocation Failure) 2021-01-22T21:03:44.025-0800: 272.592: [DefNew: 279616K->34943K(314560K), 0.0117398 secs] 694113K->502997K(1013632K), 0.0118280 secs] [Times: user=0.02 sys=0.00, real=0.01 secs] 
2021-01-22T21:03:44.067-0800: 272.634: [GC (Allocation Failure) 2021-01-22T21:03:44.067-0800: 272.634: [DefNew: 314555K->34943K(314560K), 0.0150064 secs] 782609K->584288K(1013632K), 0.0151117 secs] [Times: user=0.02 sys=0.00, real=0.02 secs] 
2021-01-22T21:03:44.113-0800: 272.680: [GC (Allocation Failure) 2021-01-22T21:03:44.113-0800: 272.680: [DefNew: 314559K->34943K(314560K), 0.0145244 secs] 863904K->664097K(1013632K), 0.0146166 secs] [Times: user=0.01 sys=0.00, real=0.01 secs] 
2021-01-22T21:03:44.157-0800: 272.725: [GC (Allocation Failure) 2021-01-22T21:03:44.158-0800: 272.725: [DefNew: 314559K->314559K(314560K), 0.0000220 secs]2021-01-22T21:03:44.158-0800: 272.725: [Tenured: 629154K->409348K(699072K), 0.0490436 secs] 943713K->409348K(1013632K), [Metaspace: 2698K->2698K(1056768K)], 0.0491744 secs] [Times: user=0.05 sys=0.00, real=0.05 secs] 
2021-01-22T21:03:44.238-0800: 272.805: [GC (Allocation Failure) 2021-01-22T21:03:44.238-0800: 272.805: [DefNew: 279616K->34944K(314560K), 0.0112297 secs] 688964K->495388K(1013632K), 0.0113279 secs] [Times: user=0.01 sys=0.00, real=0.02 secs] 
2021-01-22T21:03:44.284-0800: 272.851: [GC (Allocation Failure) 2021-01-22T21:03:44.284-0800: 272.851: [DefNew: 314560K->34943K(314560K), 0.0189104 secs] 775004K->570638K(1013632K), 0.0190034 secs] [Times: user=0.01 sys=0.00, real=0.02 secs] 
2021-01-22T21:03:44.333-0800: 272.900: [GC (Allocation Failure) 2021-01-22T21:03:44.333-0800: 272.900: [DefNew: 314559K->34943K(314560K), 0.0170340 secs] 850254K->662433K(1013632K), 0.0171381 secs] [Times: user=0.02 sys=0.00, real=0.02 secs] 
2021-01-22T21:03:44.381-0800: 272.948: [GC (Allocation Failure) 2021-01-22T21:03:44.381-0800: 272.948: [DefNew: 314559K->314559K(314560K), 0.0000214 secs]2021-01-22T21:03:44.381-0800: 272.948: [Tenured: 627490K->373230K(699072K), 0.0515057 secs] 942049K->373230K(1013632K), [Metaspace: 2698K->2698K(1056768K)], 0.0516329 secs] [Times: user=0.05 sys=0.00, real=0.05 secs] 
2021-01-22T21:03:44.473-0800: 273.040: [GC (Allocation Failure) 2021-01-22T21:03:44.473-0800: 273.040: [DefNew: 279616K->34942K(314560K), 0.0109828 secs] 652846K->456326K(1013632K), 0.0110954 secs] [Times: user=0.01 sys=0.00, real=0.01 secs] 
2021-01-22T21:03:44.517-0800: 273.084: [GC (Allocation Failure) 2021-01-22T21:03:44.517-0800: 273.084: [DefNew: 314558K->34943K(314560K), 0.0146034 secs] 735942K->528329K(1013632K), 0.0147157 secs] [Times: user=0.01 sys=0.00, real=0.02 secs] 
2021-01-22T21:03:44.564-0800: 273.131: [GC (Allocation Failure) 2021-01-22T21:03:44.564-0800: 273.131: [DefNew: 314559K->34943K(314560K), 0.0152869 secs] 807945K->609101K(1013632K), 0.0153862 secs] [Times: user=0.02 sys=0.00, real=0.01 secs] 
2021-01-22T21:03:44.610-0800: 273.177: [GC (Allocation Failure) 2021-01-22T21:03:44.610-0800: 273.178: [DefNew: 314559K->34943K(314560K), 0.0147569 secs] 888717K->684467K(1013632K), 0.0148509 secs] [Times: user=0.01 sys=0.00, real=0.01 secs] 
2021-01-22T21:03:44.654-0800: 273.222: [GC (Allocation Failure) 2021-01-22T21:03:44.654-0800: 273.222: [DefNew: 314559K->314559K(314560K), 0.0000219 secs]2021-01-22T21:03:44.654-0800: 273.222: [Tenured: 649524K->402341K(699072K), 0.0464273 secs] 964083K->402341K(1013632K), [Metaspace: 2698K->2698K(1056768K)], 0.0465567 secs] [Times: user=0.04 sys=0.00, real=0.05 secs] 
2021-01-22T21:03:44.733-0800: 273.300: [GC (Allocation Failure) 2021-01-22T21:03:44.733-0800: 273.300: [DefNew: 279616K->34943K(314560K), 0.0112568 secs] 681957K->489858K(1013632K), 0.0113444 secs] [Times: user=0.01 sys=0.00, real=0.01 secs] 
2021-01-22T21:03:44.777-0800: 273.344: [GC (Allocation Failure) 2021-01-22T21:03:44.777-0800: 273.344: [DefNew: 314559K->34943K(314560K), 0.0168895 secs] 769474K->565958K(1013632K), 0.0170905 secs] [Times: user=0.01 sys=0.00, real=0.02 secs] 
2021-01-22T21:03:44.830-0800: 273.397: [GC (Allocation Failure) 2021-01-22T21:03:44.830-0800: 273.397: [DefNew: 314559K->34943K(314560K), 0.0153861 secs] 845574K->644650K(1013632K), 0.0154768 secs] [Times: user=0.01 sys=0.00, real=0.01 secs] 
2021-01-22T21:03:44.877-0800: 273.444: [GC (Allocation Failure) 2021-01-22T21:03:44.877-0800: 273.444: [DefNew: 314559K->314559K(314560K), 0.0000341 secs]2021-01-22T21:03:44.877-0800: 273.444: [Tenured: 609706K->406633K(699072K), 0.0504331 secs] 924266K->406633K(1013632K), [Metaspace: 2698K->2698K(1056768K)], 0.0506253 secs] [Times: user=0.05 sys=0.00, real=0.05 secs] 
2021-01-22T21:03:44.964-0800: 273.531: [GC (Allocation Failure) 2021-01-22T21:03:44.964-0800: 273.531: [DefNew: 279616K->34943K(314560K), 0.0142375 secs] 686249K->492854K(1013632K), 0.0144868 secs] [Times: user=0.02 sys=0.00, real=0.01 secs] 
2021-01-22T21:03:45.009-0800: 273.577: [GC (Allocation Failure) 2021-01-22T21:03:45.009-0800: 273.577: [DefNew: 314559K->34943K(314560K), 0.0144073 secs] 772470K->567611K(1013632K), 0.0145066 secs] [Times: user=0.01 sys=0.00, real=0.02 secs] 
2021-01-22T21:03:45.054-0800: 273.622: [GC (Allocation Failure) 2021-01-22T21:03:45.054-0800: 273.622: [DefNew: 314559K->34943K(314560K), 0.0150320 secs] 847227K->650919K(1013632K), 0.0151267 secs] [Times: user=0.02 sys=0.00, real=0.02 secs] 
2021-01-22T21:03:45.100-0800: 273.667: [GC (Allocation Failure) 2021-01-22T21:03:45.100-0800: 273.667: [DefNew: 314559K->314559K(314560K), 0.0000227 secs]2021-01-22T21:03:45.100-0800: 273.667: [Tenured: 615975K->410511K(699072K), 0.0488373 secs] 930535K->410511K(1013632K), [Metaspace: 2698K->2698K(1056768K)], 0.0489775 secs] [Times: user=0.05 sys=0.00, real=0.04 secs] 
2021-01-22T21:03:45.180-0800: 273.748: [GC (Allocation Failure) 2021-01-22T21:03:45.180-0800: 273.748: [DefNew: 279616K->34942K(314560K), 0.0117492 secs] 690127K->500963K(1013632K), 0.0118743 secs] [Times: user=0.01 sys=0.00, real=0.01 secs] 
2021-01-22T21:03:45.227-0800: 273.794: [GC (Allocation Failure) 2021-01-22T21:03:45.227-0800: 273.794: [DefNew: 314558K->34943K(314560K), 0.0147164 secs] 780579K->576429K(1013632K), 0.0148136 secs] [Times: user=0.02 sys=0.00, real=0.02 secs] 
2021-01-22T21:03:45.272-0800: 273.839: [GC (Allocation Failure) 2021-01-22T21:03:45.272-0800: 273.839: [DefNew: 314559K->34941K(314560K), 0.0192174 secs] 856045K->667407K(1013632K), 0.0193186 secs] [Times: user=0.01 sys=0.00, real=0.02 secs] 
2021-01-22T21:03:45.330-0800: 273.897: [GC (Allocation Failure) 2021-01-22T21:03:45.330-0800: 273.897: [DefNew: 314557K->314557K(314560K), 0.0000221 secs]2021-01-22T21:03:45.330-0800: 273.897: [Tenured: 632465K->366561K(699072K), 0.0487829 secs] 947023K->366561K(1013632K), [Metaspace: 2698K->2698K(1056768K)], 0.0489143 secs] [Times: user=0.05 sys=0.00, real=0.04 secs] 
2021-01-22T21:03:45.411-0800: 273.979: [GC (Allocation Failure) 2021-01-22T21:03:45.411-0800: 273.979: [DefNew: 279616K->34944K(314560K), 0.0107469 secs] 646177K->448015K(1013632K), 0.0108597 secs] [Times: user=0.01 sys=0.00, real=0.01 secs] 
2021-01-22T21:03:45.453-0800: 274.020: [GC (Allocation Failure) 2021-01-22T21:03:45.453-0800: 274.020: [DefNew: 314560K->34944K(314560K), 0.0218193 secs] 727631K->533630K(1013632K), 0.0219160 secs] [Times: user=0.02 sys=0.00, real=0.02 secs] 
2021-01-22T21:03:45.508-0800: 274.075: [GC (Allocation Failure) 2021-01-22T21:03:45.508-0800: 274.075: [DefNew: 314560K->34943K(314560K), 0.0136801 secs] 813246K->605077K(1013632K), 0.0137789 secs] [Times: user=0.01 sys=0.00, real=0.02 secs] 
2021-01-22T21:03:45.553-0800: 274.120: [GC (Allocation Failure) 2021-01-22T21:03:45.553-0800: 274.120: [DefNew: 314559K->34943K(314560K), 0.0153731 secs] 884693K->680279K(1013632K), 0.0154639 secs] [Times: user=0.02 sys=0.00, real=0.01 secs] 
2021-01-22T21:03:45.600-0800: 274.167: [GC (Allocation Failure) 2021-01-22T21:03:45.600-0800: 274.167: [DefNew: 314559K->314559K(314560K), 0.0000236 secs]2021-01-22T21:03:45.600-0800: 274.167: [Tenured: 645335K->387341K(699072K), 0.0477522 secs] 959895K->387341K(1013632K), [Metaspace: 2698K->2698K(1056768K)], 0.0479007 secs] [Times: user=0.04 sys=0.00, real=0.04 secs] 
2021-01-22T21:03:45.679-0800: 274.247: [GC (Allocation Failure) 2021-01-22T21:03:45.679-0800: 274.247: [DefNew: 279616K->34944K(314560K), 0.0115164 secs] 666957K->470195K(1013632K), 0.0116168 secs] [Times: user=0.01 sys=0.00, real=0.02 secs] 
2021-01-22T21:03:45.722-0800: 274.289: [GC (Allocation Failure) 2021-01-22T21:03:45.722-0800: 274.289: [DefNew: 314560K->34943K(314560K), 0.0162965 secs] 749811K->553770K(1013632K), 0.0163906 secs] [Times: user=0.02 sys=0.00, real=0.01 secs] 
2021-01-22T21:03:45.770-0800: 274.338: [GC (Allocation Failure) 2021-01-22T21:03:45.771-0800: 274.338: [DefNew: 314559K->34943K(314560K), 0.0163638 secs] 833386K->625798K(1013632K), 0.0164615 secs] [Times: user=0.01 sys=0.00, real=0.01 secs] 
2021-01-22T21:03:45.824-0800: 274.391: [GC (Allocation Failure) 2021-01-22T21:03:45.824-0800: 274.391: [DefNew: 314559K->314559K(314560K), 0.0000293 secs]2021-01-22T21:03:45.824-0800: 274.391: [Tenured: 590855K->389841K(699072K), 0.0496593 secs] 905414K->389841K(1013632K), [Metaspace: 2698K->2698K(1056768K)], 0.0498089 secs] [Times: user=0.05 sys=0.00, real=0.05 secs] 
2021-01-22T21:03:45.905-0800: 274.472: [GC (Allocation Failure) 2021-01-22T21:03:45.905-0800: 274.472: [DefNew: 279616K->34943K(314560K), 0.0116306 secs] 669457K->477707K(1013632K), 0.0117239 secs] [Times: user=0.01 sys=0.01, real=0.01 secs] 
2021-01-22T21:03:45.948-0800: 274.515: [GC (Allocation Failure) 2021-01-22T21:03:45.948-0800: 274.515: [DefNew: 314433K->34943K(314560K), 0.0158804 secs] 757198K->549934K(1013632K), 0.0159864 secs] [Times: user=0.01 sys=0.00, real=0.02 secs] 
2021-01-22T21:03:46.000-0800: 274.567: [GC (Allocation Failure) 2021-01-22T21:03:46.000-0800: 274.567: [DefNew: 314559K->34943K(314560K), 0.0153222 secs] 829550K->630183K(1013632K), 0.0154166 secs] [Times: user=0.01 sys=0.00, real=0.01 secs] 
2021-01-22T21:03:46.047-0800: 274.614: [GC (Allocation Failure) 2021-01-22T21:03:46.047-0800: 274.614: [DefNew: 314559K->314559K(314560K), 0.0000214 secs]2021-01-22T21:03:46.047-0800: 274.614: [Tenured: 595239K->405329K(699072K), 0.0499119 secs] 909799K->405329K(1013632K), [Metaspace: 2698K->2698K(1056768K)], 0.0500536 secs] [Times: user=0.05 sys=0.00, real=0.05 secs] 
2021-01-22T21:03:46.131-0800: 274.698: [GC (Allocation Failure) 2021-01-22T21:03:46.131-0800: 274.698: [DefNew: 279616K->34944K(314560K), 0.0107606 secs] 684945K->486753K(1013632K), 0.0108701 secs] [Times: user=0.01 sys=0.00, real=0.01 secs] 
2021-01-22T21:03:46.172-0800: 274.740: [GC (Allocation Failure) 2021-01-22T21:03:46.173-0800: 274.740: [DefNew: 314560K->34944K(314560K), 0.0143215 secs] 766369K->563431K(1013632K), 0.0144299 secs] [Times: user=0.01 sys=0.00, real=0.01 secs] 
2021-01-22T21:03:46.216-0800: 274.783: [GC (Allocation Failure) 2021-01-22T21:03:46.216-0800: 274.783: [DefNew: 314560K->34942K(314560K), 0.0136105 secs] 843047K->635628K(1013632K), 0.0137047 secs] [Times: user=0.01 sys=0.00, real=0.02 secs] 
2021-01-22T21:03:46.260-0800: 274.827: [GC (Allocation Failure) 2021-01-22T21:03:46.260-0800: 274.827: [DefNew: 314558K->314558K(314560K), 0.0000218 secs]2021-01-22T21:03:46.260-0800: 274.827: [Tenured: 600686K->366984K(699072K), 0.0543684 secs] 915244K->366984K(1013632K), [Metaspace: 2698K->2698K(1056768K)], 0.0544984 secs] [Times: user=0.05 sys=0.00, real=0.05 secs] 
2021-01-22T21:03:46.346-0800: 274.913: [GC (Allocation Failure) 2021-01-22T21:03:46.346-0800: 274.913: [DefNew: 279359K->34943K(314560K), 0.0122271 secs] 646344K->459103K(1013632K), 0.0123697 secs] [Times: user=0.02 sys=0.00, real=0.01 secs] 
2021-01-22T21:03:46.390-0800: 274.957: [GC (Allocation Failure) 2021-01-22T21:03:46.390-0800: 274.957: [DefNew: 314559K->34944K(314560K), 0.0156019 secs] 738719K->541495K(1013632K), 0.0157081 secs] [Times: user=0.01 sys=0.00, real=0.01 secs] 
2021-01-22T21:03:46.438-0800: 275.005: [GC (Allocation Failure) 2021-01-22T21:03:46.438-0800: 275.005: [DefNew: 314560K->34943K(314560K), 0.0240822 secs] 821111K->617228K(1013632K), 0.0241882 secs] [Times: user=0.03 sys=0.00, real=0.03 secs] 
2021-01-22T21:03:46.512-0800: 275.080: [GC (Allocation Failure) 2021-01-22T21:03:46.512-0800: 275.080: [DefNew: 313954K->34943K(314560K), 0.0152846 secs] 896239K->697596K(1013632K), 0.0153894 secs] [Times: user=0.02 sys=0.01, real=0.01 secs] 
2021-01-22T21:03:46.559-0800: 275.126: [GC (Allocation Failure) 2021-01-22T21:03:46.559-0800: 275.126: [DefNew: 314559K->314559K(314560K), 0.0000228 secs]2021-01-22T21:03:46.559-0800: 275.126: [Tenured: 662652K->408065K(699072K), 0.0480086 secs] 977212K->408065K(1013632K), [Metaspace: 2698K->2698K(1056768K)], 0.0481377 secs] [Times: user=0.04 sys=0.00, real=0.05 secs] 
2021-01-22T21:03:46.639-0800: 275.207: [GC (Allocation Failure) 2021-01-22T21:03:46.639-0800: 275.207: [DefNew: 279616K->34943K(314560K), 0.0145375 secs] 687681K->502569K(1013632K), 0.0146484 secs] [Times: user=0.01 sys=0.00, real=0.02 secs] 
2021-01-22T21:03:46.685-0800: 275.252: [GC (Allocation Failure) 2021-01-22T21:03:46.685-0800: 275.252: [DefNew: 314559K->34942K(314560K), 0.0140127 secs] 782185K->578287K(1013632K), 0.0141097 secs] [Times: user=0.01 sys=0.00, real=0.01 secs] 
2021-01-22T21:03:46.731-0800: 275.298: [GC (Allocation Failure) 2021-01-22T21:03:46.731-0800: 275.298: [DefNew: 314558K->34943K(314560K), 0.0156477 secs] 857903K->665997K(1013632K), 0.0157398 secs] [Times: user=0.02 sys=0.00, real=0.01 secs] 
2021-01-22T21:03:46.778-0800: 275.345: [GC (Allocation Failure) 2021-01-22T21:03:46.778-0800: 275.345: [DefNew: 314559K->314559K(314560K), 0.0000221 secs]2021-01-22T21:03:46.778-0800: 275.345: [Tenured: 631053K->419971K(699072K), 0.0498030 secs] 945613K->419971K(1013632K), [Metaspace: 2698K->2698K(1056768K)], 0.0499375 secs] [Times: user=0.05 sys=0.00, real=0.05 secs] 
2021-01-22T21:03:46.860-0800: 275.427: [GC (Allocation Failure) 2021-01-22T21:03:46.860-0800: 275.427: [DefNew: 279616K->34944K(314560K), 0.0107724 secs] 699587K->505456K(1013632K), 0.0108700 secs] [Times: user=0.01 sys=0.00, real=0.01 secs] 
2021-01-22T21:03:46.902-0800: 275.469: [GC (Allocation Failure) 2021-01-22T21:03:46.902-0800: 275.469: [DefNew: 314560K->34943K(314560K), 0.0145353 secs] 785072K->583479K(1013632K), 0.0146474 secs] [Times: user=0.02 sys=0.00, real=0.01 secs] 
2021-01-22T21:03:46.947-0800: 275.514: [GC (Allocation Failure) 2021-01-22T21:03:46.947-0800: 275.515: [DefNew: 314559K->34943K(314560K), 0.0161364 secs] 863095K->661391K(1013632K), 0.0162331 secs] [Times: user=0.01 sys=0.00, real=0.02 secs] 
2021-01-22T21:03:46.997-0800: 275.565: [GC (Allocation Failure) 2021-01-22T21:03:46.997-0800: 275.565: [DefNew: 314559K->314559K(314560K), 0.0000224 secs]2021-01-22T21:03:46.998-0800: 275.565: [Tenured: 626447K->405924K(699072K), 0.0513689 secs] 941007K->405924K(1013632K), [Metaspace: 2698K->2698K(1056768K)], 0.0515013 secs] [Times: user=0.05 sys=0.00, real=0.05 secs] 
2021-01-22T21:03:47.081-0800: 275.648: [GC (Allocation Failure) 2021-01-22T21:03:47.081-0800: 275.649: [DefNew: 279616K->34943K(314560K), 0.0112693 secs] 685540K->491666K(1013632K), 0.0113627 secs] [Times: user=0.01 sys=0.00, real=0.01 secs] 
2021-01-22T21:03:47.124-0800: 275.691: [GC (Allocation Failure) 2021-01-22T21:03:47.124-0800: 275.691: [DefNew: 314119K->34943K(314560K), 0.0131129 secs] 770842K->561379K(1013632K), 0.0132052 secs] [Times: user=0.01 sys=0.00, real=0.01 secs] 
2021-01-22T21:03:47.166-0800: 275.733: [GC (Allocation Failure) 2021-01-22T21:03:47.166-0800: 275.734: [DefNew: 314559K->34943K(314560K), 0.0132702 secs] 840995K->632183K(1013632K), 0.0133615 secs] [Times: user=0.01 sys=0.00, real=0.02 secs] 
2021-01-22T21:03:47.209-0800: 275.777: [GC (Allocation Failure) 2021-01-22T21:03:47.209-0800: 275.777: [DefNew: 314559K->314559K(314560K), 0.0000331 secs]2021-01-22T21:03:47.209-0800: 275.777: [Tenured: 597239K->365988K(699072K), 0.0481614 secs] 911799K->365988K(1013632K), [Metaspace: 2698K->2698K(1056768K)], 0.0483158 secs] [Times: user=0.05 sys=0.00, real=0.05 secs] 
2021-01-22T21:03:47.290-0800: 275.857: [GC (Allocation Failure) 2021-01-22T21:03:47.290-0800: 275.857: [DefNew: 279616K->34943K(314560K), 0.0106739 secs] 645604K->449849K(1013632K), 0.0107737 secs] [Times: user=0.01 sys=0.00, real=0.01 secs] 
2021-01-22T21:03:47.333-0800: 275.900: [GC (Allocation Failure) 2021-01-22T21:03:47.333-0800: 275.900: [DefNew: 314559K->34943K(314560K), 0.0146205 secs] 729465K->527465K(1013632K), 0.0147153 secs] [Times: user=0.02 sys=0.00, real=0.01 secs] 
2021-01-22T21:03:47.377-0800: 275.944: [GC (Allocation Failure) 2021-01-22T21:03:47.377-0800: 275.944: [DefNew: 314559K->34943K(314560K), 0.0150707 secs] 807081K->612572K(1013632K), 0.0151642 secs] [Times: user=0.01 sys=0.00, real=0.02 secs] 
2021-01-22T21:03:47.423-0800: 275.990: [GC (Allocation Failure) 2021-01-22T21:03:47.423-0800: 275.990: [DefNew: 314559K->34943K(314560K), 0.0146515 secs] 892188K->687867K(1013632K), 0.0147680 secs] [Times: user=0.01 sys=0.00, real=0.01 secs] 
2021-01-22T21:03:47.475-0800: 276.042: [GC (Allocation Failure) 2021-01-22T21:03:47.475-0800: 276.042: [DefNew: 314192K->314192K(314560K), 0.0000284 secs]2021-01-22T21:03:47.475-0800: 276.042: [Tenured: 652924K->395900K(699072K), 0.0476255 secs] 967116K->395900K(1013632K), [Metaspace: 2698K->2698K(1056768K)], 0.0478050 secs] [Times: user=0.05 sys=0.00, real=0.05 secs] 
2021-01-22T21:03:47.555-0800: 276.122: [GC (Allocation Failure) 2021-01-22T21:03:47.555-0800: 276.122: [DefNew: 279616K->34943K(314560K), 0.0116583 secs] 675516K->486843K(1013632K), 0.0117540 secs] [Times: user=0.01 sys=0.00, real=0.01 secs] 
2021-01-22T21:03:47.597-0800: 276.164: [GC (Allocation Failure) 2021-01-22T21:03:47.597-0800: 276.164: [DefNew: 314559K->34944K(314560K), 0.0155356 secs] 766459K->572868K(1013632K), 0.0156424 secs] [Times: user=0.02 sys=0.00, real=0.02 secs] 
2021-01-22T21:03:47.641-0800: 276.208: [GC (Allocation Failure) 2021-01-22T21:03:47.641-0800: 276.208: [DefNew: 314560K->34942K(314560K), 0.0158888 secs] 852484K->663611K(1013632K), 0.0159805 secs] [Times: user=0.02 sys=0.00, real=0.01 secs] 
2021-01-22T21:03:47.688-0800: 276.255: [GC (Allocation Failure) 2021-01-22T21:03:47.688-0800: 276.255: [DefNew: 314558K->314558K(314560K), 0.0000232 secs]2021-01-22T21:03:47.688-0800: 276.255: [Tenured: 628668K->412389K(699072K), 0.0489611 secs] 943227K->412389K(1013632K), [Metaspace: 2698K->2698K(1056768K)], 0.0491074 secs] [Times: user=0.05 sys=0.00, real=0.05 secs] 
2021-01-22T21:03:47.769-0800: 276.336: [GC (Allocation Failure) 2021-01-22T21:03:47.769-0800: 276.336: [DefNew: 279616K->34942K(314560K), 0.0120968 secs] 692005K->507253K(1013632K), 0.0121912 secs] [Times: user=0.01 sys=0.00, real=0.02 secs] 
2021-01-22T21:03:47.812-0800: 276.379: [GC (Allocation Failure) 2021-01-22T21:03:47.812-0800: 276.379: [DefNew: 314558K->34943K(314560K), 0.0152666 secs] 786869K->589868K(1013632K), 0.0153874 secs] [Times: user=0.02 sys=0.00, real=0.01 secs] 
2021-01-22T21:03:47.859-0800: 276.426: [GC (Allocation Failure) 2021-01-22T21:03:47.859-0800: 276.426: [DefNew: 314559K->34944K(314560K), 0.0148380 secs] 869484K->673411K(1013632K), 0.0149320 secs] [Times: user=0.01 sys=0.00, real=0.02 secs] 
2021-01-22T21:03:47.903-0800: 276.470: [GC (Allocation Failure) 2021-01-22T21:03:47.903-0800: 276.470: [DefNew: 314338K->314338K(314560K), 0.0000213 secs]2021-01-22T21:03:47.903-0800: 276.470: [Tenured: 638467K->399851K(699072K), 0.0511593 secs] 952806K->399851K(1013632K), [Metaspace: 2698K->2698K(1056768K)], 0.0686003 secs] [Times: user=0.05 sys=0.00, real=0.07 secs] 
2021-01-22T21:03:48.009-0800: 276.576: [GC (Allocation Failure) 2021-01-22T21:03:48.009-0800: 276.576: [DefNew: 279405K->34943K(314560K), 0.0114071 secs] 679256K->483336K(1013632K), 0.0114986 secs] [Times: user=0.01 sys=0.00, real=0.02 secs] 
2021-01-22T21:03:48.052-0800: 276.619: [GC (Allocation Failure) 2021-01-22T21:03:48.053-0800: 276.620: [DefNew: 314559K->34944K(314560K), 0.0155601 secs] 762952K->566447K(1013632K), 0.0162029 secs] [Times: user=0.01 sys=0.00, real=0.01 secs] 
2021-01-22T21:03:48.099-0800: 276.666: [GC (Allocation Failure) 2021-01-22T21:03:48.099-0800: 276.666: [DefNew: 314560K->34943K(314560K), 0.0152835 secs] 846063K->652468K(1013632K), 0.0153770 secs] [Times: user=0.02 sys=0.00, real=0.02 secs] 
2021-01-22T21:03:48.146-0800: 276.713: [GC (Allocation Failure) 2021-01-22T21:03:48.146-0800: 276.713: [DefNew: 314559K->314559K(314560K), 0.0000227 secs]2021-01-22T21:03:48.146-0800: 276.713: [Tenured: 617524K->374366K(699072K), 0.0494568 secs] 932084K->374366K(1013632K), [Metaspace: 2698K->2698K(1056768K)], 0.0495910 secs] [Times: user=0.05 sys=0.00, real=0.05 secs] 
2021-01-22T21:03:48.227-0800: 276.794: [GC (Allocation Failure) 2021-01-22T21:03:48.227-0800: 276.794: [DefNew: 279616K->34944K(314560K), 0.0114616 secs] 653982K->463249K(1013632K), 0.0115546 secs] [Times: user=0.01 sys=0.00, real=0.01 secs] 
2021-01-22T21:03:48.269-0800: 276.836: [GC (Allocation Failure) 2021-01-22T21:03:48.269-0800: 276.836: [DefNew: 314560K->34943K(314560K), 0.0144756 secs] 742865K->539851K(1013632K), 0.0145714 secs] [Times: user=0.01 sys=0.00, real=0.02 secs] 
2021-01-22T21:03:48.315-0800: 276.883: [GC (Allocation Failure) 2021-01-22T21:03:48.315-0800: 276.883: [DefNew: 314559K->34941K(314560K), 0.0132016 secs] 819467K->609356K(1013632K), 0.0132924 secs] [Times: user=0.02 sys=0.00, real=0.01 secs] 
2021-01-22T21:03:48.358-0800: 276.925: [GC (Allocation Failure) 2021-01-22T21:03:48.358-0800: 276.925: [DefNew: 314557K->34943K(314560K), 0.0146590 secs] 888972K->691011K(1013632K), 0.0147549 secs] [Times: user=0.01 sys=0.00, real=0.02 secs] 
2021-01-22T21:03:48.403-0800: 276.970: [GC (Allocation Failure) 2021-01-22T21:03:48.403-0800: 276.970: [DefNew: 314559K->314559K(314560K), 0.0000252 secs]2021-01-22T21:03:48.403-0800: 276.970: [Tenured: 656067K->411778K(699072K), 0.0473772 secs] 970627K->411778K(1013632K), [Metaspace: 2698K->2698K(1056768K)], 0.0475277 secs] [Times: user=0.05 sys=0.00, real=0.05 secs] 
2021-01-22T21:03:48.489-0800: 277.057: [GC (Allocation Failure) 2021-01-22T21:03:48.489-0800: 277.057: [DefNew: 279616K->34943K(314560K), 0.0109257 secs] 691394K->494554K(1013632K), 0.0110273 secs] [Times: user=0.02 sys=0.00, real=0.02 secs] 
2021-01-22T21:03:48.532-0800: 277.099: [GC (Allocation Failure) 2021-01-22T21:03:48.532-0800: 277.099: [DefNew: 314559K->34943K(314560K), 0.0136905 secs] 774170K->566784K(1013632K), 0.0137920 secs] [Times: user=0.01 sys=0.00, real=0.01 secs] 
2021-01-22T21:03:48.575-0800: 277.142: [GC (Allocation Failure) 2021-01-22T21:03:48.575-0800: 277.142: [DefNew: 314559K->34943K(314560K), 0.0151901 secs] 846400K->650303K(1013632K), 0.0152853 secs] [Times: user=0.01 sys=0.00, real=0.02 secs] 
2021-01-22T21:03:48.622-0800: 277.189: [GC (Allocation Failure) 2021-01-22T21:03:48.622-0800: 277.189: [DefNew: 314559K->314559K(314560K), 0.0000232 secs]2021-01-22T21:03:48.622-0800: 277.189: [Tenured: 615359K->406715K(699072K), 0.0489876 secs] 929919K->406715K(1013632K), [Metaspace: 2698K->2698K(1056768K)], 0.0491719 secs] [Times: user=0.05 sys=0.00, real=0.05 secs] 
2021-01-22T21:03:48.705-0800: 277.272: [GC (Allocation Failure) 2021-01-22T21:03:48.705-0800: 277.272: [DefNew: 279409K->34943K(314560K), 0.0111986 secs] 686124K->490031K(1013632K), 0.0112921 secs] [Times: user=0.01 sys=0.00, real=0.01 secs] 
2021-01-22T21:03:48.745-0800: 277.312: [GC (Allocation Failure) 2021-01-22T21:03:48.745-0800: 277.312: [DefNew: 314466K->34943K(314560K), 0.0157288 secs] 769553K->570156K(1013632K), 0.0158790 secs] [Times: user=0.02 sys=0.00, real=0.02 secs] 
2021-01-22T21:03:48.791-0800: 277.358: [GC (Allocation Failure) 2021-01-22T21:03:48.791-0800: 277.358: [DefNew: 314559K->34943K(314560K), 0.0156404 secs] 849772K->652345K(1013632K), 0.0157360 secs] [Times: user=0.01 sys=0.00, real=0.01 secs] 
2021-01-22T21:03:48.838-0800: 277.405: [GC (Allocation Failure) 2021-01-22T21:03:48.838-0800: 277.405: [DefNew: 314559K->314559K(314560K), 0.0000216 secs]2021-01-22T21:03:48.838-0800: 277.405: [Tenured: 617401K->414881K(699072K), 0.0506861 secs] 931961K->414881K(1013632K), [Metaspace: 2698K->2698K(1056768K)], 0.0508145 secs] [Times: user=0.05 sys=0.00, real=0.05 secs] 
2021-01-22T21:03:48.920-0800: 277.487: [GC (Allocation Failure) 2021-01-22T21:03:48.920-0800: 277.487: [DefNew: 279616K->34943K(314560K), 0.0131322 secs] 694497K->515188K(1013632K), 0.0132659 secs] [Times: user=0.01 sys=0.00, real=0.01 secs] 
2021-01-22T21:03:48.968-0800: 277.535: [GC (Allocation Failure) 2021-01-22T21:03:48.968-0800: 277.535: [DefNew: 314559K->34943K(314560K), 0.0199336 secs] 794804K->595259K(1013632K), 0.0200504 secs] [Times: user=0.02 sys=0.01, real=0.02 secs] 
2021-01-22T21:03:49.021-0800: 277.588: [GC (Allocation Failure) 2021-01-22T21:03:49.021-0800: 277.588: [DefNew: 314559K->34943K(314560K), 0.0157791 secs] 874875K->679879K(1013632K), 0.0158745 secs] [Times: user=0.02 sys=0.00, real=0.01 secs] 
2021-01-22T21:03:49.068-0800: 277.635: [GC (Allocation Failure) 2021-01-22T21:03:49.068-0800: 277.635: [DefNew: 314559K->314559K(314560K), 0.0000223 secs]2021-01-22T21:03:49.068-0800: 277.635: [Tenured: 644935K->385266K(699072K), 0.0521757 secs] 959495K->385266K(1013632K), [Metaspace: 2698K->2698K(1056768K)], 0.0523104 secs] [Times: user=0.05 sys=0.00, real=0.06 secs] 
2021-01-22T21:03:49.151-0800: 277.719: [GC (Allocation Failure) 2021-01-22T21:03:49.152-0800: 277.719: [DefNew: 279616K->34943K(314560K), 0.0112359 secs] 664882K->473875K(1013632K), 0.0113311 secs] [Times: user=0.01 sys=0.00, real=0.01 secs] 
2021-01-22T21:03:49.194-0800: 277.761: [GC (Allocation Failure) 2021-01-22T21:03:49.194-0800: 277.761: [DefNew: 314559K->34943K(314560K), 0.0143739 secs] 753491K->554050K(1013632K), 0.0144982 secs] [Times: user=0.01 sys=0.00, real=0.01 secs] 
2021-01-22T21:03:49.239-0800: 277.806: [GC (Allocation Failure) 2021-01-22T21:03:49.239-0800: 277.807: [DefNew: 314559K->34943K(314560K), 0.0151979 secs] 833666K->630561K(1013632K), 0.0153099 secs] [Times: user=0.02 sys=0.00, real=0.02 secs] 
2021-01-22T21:03:49.287-0800: 277.854: [GC (Allocation Failure) 2021-01-22T21:03:49.287-0800: 277.854: [DefNew: 314559K->314559K(314560K), 0.0000215 secs]2021-01-22T21:03:49.287-0800: 277.854: [Tenured: 595618K->415078K(699072K), 0.0474230 secs] 910177K->415078K(1013632K), [Metaspace: 2698K->2698K(1056768K)], 0.0475560 secs] [Times: user=0.05 sys=0.00, real=0.05 secs] 
2021-01-22T21:03:49.367-0800: 277.934: [GC (Allocation Failure) 2021-01-22T21:03:49.367-0800: 277.934: [DefNew: 279616K->34943K(314560K), 0.0105252 secs] 694694K->498340K(1013632K), 0.0106166 secs] [Times: user=0.01 sys=0.00, real=0.01 secs] 
2021-01-22T21:03:49.407-0800: 277.974: [GC (Allocation Failure) 2021-01-22T21:03:49.407-0800: 277.974: [DefNew: 314559K->34943K(314560K), 0.0147271 secs] 777956K->578249K(1013632K), 0.0148415 secs] [Times: user=0.01 sys=0.00, real=0.02 secs] 
2021-01-22T21:03:49.452-0800: 278.019: [GC (Allocation Failure) 2021-01-22T21:03:49.452-0800: 278.019: [DefNew: 314559K->34943K(314560K), 0.0160807 secs] 857865K->653314K(1013632K), 0.0161754 secs] [Times: user=0.02 sys=0.00, real=0.01 secs] 
2021-01-22T21:03:49.502-0800: 278.069: [GC (Allocation Failure) 2021-01-22T21:03:49.502-0800: 278.070: [DefNew: 314559K->314559K(314560K), 0.0000221 secs]2021-01-22T21:03:49.502-0800: 278.070: [Tenured: 618370K->409747K(699072K), 0.0491099 secs] 932930K->409747K(1013632K), [Metaspace: 2698K->2698K(1056768K)], 0.0492610 secs] [Times: user=0.05 sys=0.00, real=0.05 secs] 
2021-01-22T21:03:49.587-0800: 278.154: [GC (Allocation Failure) 2021-01-22T21:03:49.587-0800: 278.154: [DefNew: 279616K->34940K(314560K), 0.0115549 secs] 689363K->489975K(1013632K), 0.0116716 secs] [Times: user=0.01 sys=0.00, real=0.01 secs] 
2021-01-22T21:03:49.642-0800: 278.209: [GC (Allocation Failure) 2021-01-22T21:03:49.642-0800: 278.209: [DefNew: 314483K->34943K(314560K), 0.0146162 secs] 769517K->560604K(1013632K), 0.0147223 secs] [Times: user=0.02 sys=0.00, real=0.01 secs] 
2021-01-22T21:03:49.691-0800: 278.258: [GC (Allocation Failure) 2021-01-22T21:03:49.691-0800: 278.258: [DefNew: 314559K->34943K(314560K), 0.0163145 secs] 840220K->640356K(1013632K), 0.0164316 secs] [Times: user=0.02 sys=0.00, real=0.01 secs] 
2021-01-22T21:03:49.748-0800: 278.315: [GC (Allocation Failure) 2021-01-22T21:03:49.748-0800: 278.315: [DefNew: 314559K->314559K(314560K), 0.0000355 secs]2021-01-22T21:03:49.748-0800: 278.315: [Tenured: 605412K->407123K(699072K), 0.0526533 secs] 919972K->407123K(1013632K), [Metaspace: 2698K->2698K(1056768K)], 0.0528096 secs] [Times: user=0.05 sys=0.00, real=0.06 secs] 
2021-01-22T21:03:49.839-0800: 278.406: [GC (Allocation Failure) 2021-01-22T21:03:49.839-0800: 278.406: [DefNew: 279616K->34942K(314560K), 0.0112138 secs] 686739K->492076K(1013632K), 0.0113081 secs] [Times: user=0.01 sys=0.01, real=0.02 secs] 
2021-01-22T21:03:49.879-0800: 278.446: [GC (Allocation Failure) 2021-01-22T21:03:49.879-0800: 278.446: [DefNew: 314558K->34941K(314560K), 0.0157980 secs] 771692K->578895K(1013632K), 0.0158957 secs] [Times: user=0.01 sys=0.00, real=0.02 secs] 
2021-01-22T21:03:49.925-0800: 278.492: [GC (Allocation Failure) 2021-01-22T21:03:49.925-0800: 278.492: [DefNew: 314557K->34943K(314560K), 0.0138386 secs] 858511K->650328K(1013632K), 0.0139343 secs] [Times: user=0.01 sys=0.00, real=0.01 secs] 
2021-01-22T21:03:49.971-0800: 278.538: [GC (Allocation Failure) 2021-01-22T21:03:49.971-0800: 278.538: [DefNew: 314559K->314559K(314560K), 0.0000212 secs]2021-01-22T21:03:49.971-0800: 278.538: [Tenured: 615384K->375221K(699072K), 0.0553061 secs] 929943K->375221K(1013632K), [Metaspace: 2698K->2698K(1056768K)], 0.0554347 secs] [Times: user=0.06 sys=0.00, real=0.05 secs] 
2021-01-22T21:03:50.058-0800: 278.625: [GC (Allocation Failure) 2021-01-22T21:03:50.058-0800: 278.625: [DefNew: 279616K->34943K(314560K), 0.0116067 secs] 654837K->465915K(1013632K), 0.0117149 secs] [Times: user=0.01 sys=0.00, real=0.01 secs] 
2021-01-22T21:03:50.099-0800: 278.667: [GC (Allocation Failure) 2021-01-22T21:03:50.099-0800: 278.667: [DefNew: 314559K->34943K(314560K), 0.0148404 secs] 745531K->547238K(1013632K), 0.0149345 secs] [Times: user=0.01 sys=0.00, real=0.02 secs] 
2021-01-22T21:03:50.146-0800: 278.713: [GC (Allocation Failure) 2021-01-22T21:03:50.146-0800: 278.713: [DefNew: 314559K->34943K(314560K), 0.0140053 secs] 826854K->622201K(1013632K), 0.0141012 secs] [Times: user=0.02 sys=0.00, real=0.02 secs] 
2021-01-22T21:03:50.189-0800: 278.756: [GC (Allocation Failure) 2021-01-22T21:03:50.189-0800: 278.756: [DefNew: 314559K->34943K(314560K), 0.0147678 secs] 901817K->699052K(1013632K), 0.0148727 secs] [Times: user=0.02 sys=0.00, real=0.02 secs] 
2021-01-22T21:03:50.234-0800: 278.801: [GC (Allocation Failure) 2021-01-22T21:03:50.234-0800: 278.801: [DefNew: 314559K->314559K(314560K), 0.0000223 secs]2021-01-22T21:03:50.234-0800: 278.801: [Tenured: 664108K->423768K(699072K), 0.0493435 secs] 978668K->423768K(1013632K), [Metaspace: 2698K->2698K(1056768K)], 0.0494771 secs] [Times: user=0.05 sys=0.00, real=0.05 secs] 
2021-01-22T21:03:50.314-0800: 278.881: [GC (Allocation Failure) 2021-01-22T21:03:50.314-0800: 278.881: [DefNew: 279616K->34939K(314560K), 0.0115420 secs] 703384K->512494K(1013632K), 0.0116352 secs] [Times: user=0.01 sys=0.00, real=0.01 secs] 
2021-01-22T21:03:50.356-0800: 278.923: [GC (Allocation Failure) 2021-01-22T21:03:50.356-0800: 278.923: [DefNew: 314555K->34943K(314560K), 0.0136875 secs] 792110K->584771K(1013632K), 0.0137802 secs] [Times: user=0.01 sys=0.00, real=0.02 secs] 
2021-01-22T21:03:50.402-0800: 278.969: [GC (Allocation Failure) 2021-01-22T21:03:50.402-0800: 278.969: [DefNew: 314559K->34943K(314560K), 0.0141820 secs] 864387K->662273K(1013632K), 0.0142741 secs] [Times: user=0.02 sys=0.00, real=0.01 secs] 
2021-01-22T21:03:50.447-0800: 279.015: [GC (Allocation Failure) 2021-01-22T21:03:50.447-0800: 279.015: [DefNew: 314559K->314559K(314560K), 0.0000235 secs]2021-01-22T21:03:50.447-0800: 279.015: [Tenured: 627329K->399641K(699072K), 0.0546998 secs] 941889K->399641K(1013632K), [Metaspace: 2698K->2698K(1056768K)], 0.0548330 secs] [Times: user=0.05 sys=0.00, real=0.06 secs] 
2021-01-22T21:03:50.534-0800: 279.101: [GC (Allocation Failure) 2021-01-22T21:03:50.534-0800: 279.101: [DefNew: 279616K->34943K(314560K), 0.0120474 secs] 679257K->491264K(1013632K), 0.0121485 secs] [Times: user=0.01 sys=0.00, real=0.01 secs] 
2021-01-22T21:03:50.576-0800: 279.143: [GC (Allocation Failure) 2021-01-22T21:03:50.576-0800: 279.143: [DefNew: 314559K->34943K(314560K), 0.0148396 secs] 770880K->573267K(1013632K), 0.0149567 secs] [Times: user=0.02 sys=0.00, real=0.02 secs] 
2021-01-22T21:03:50.623-0800: 279.190: [GC (Allocation Failure) 2021-01-22T21:03:50.623-0800: 279.190: [DefNew: 314559K->34943K(314560K), 0.0151134 secs] 852883K->652905K(1013632K), 0.0152120 secs] [Times: user=0.01 sys=0.00, real=0.01 secs] 
2021-01-22T21:03:50.667-0800: 279.235: [GC (Allocation Failure) 2021-01-22T21:03:50.668-0800: 279.235: [DefNew: 314559K->314559K(314560K), 0.0000218 secs]2021-01-22T21:03:50.668-0800: 279.235: [Tenured: 617961K->404648K(699072K), 0.0489926 secs] 932521K->404648K(1013632K), [Metaspace: 2698K->2698K(1056768K)], 0.0491201 secs] [Times: user=0.05 sys=0.01, real=0.05 secs] 
2021-01-22T21:03:50.748-0800: 279.315: [GC (Allocation Failure) 2021-01-22T21:03:50.748-0800: 279.315: [DefNew: 279616K->34943K(314560K), 0.0116369 secs] 684264K->493498K(1013632K), 0.0117310 secs] [Times: user=0.01 sys=0.00, real=0.01 secs] 
2021-01-22T21:03:50.791-0800: 279.358: [GC (Allocation Failure) 2021-01-22T21:03:50.791-0800: 279.358: [DefNew: 314559K->34943K(314560K), 0.0147704 secs] 773114K->572159K(1013632K), 0.0148642 secs] [Times: user=0.02 sys=0.00, real=0.01 secs] 
2021-01-22T21:03:50.836-0800: 279.403: [GC (Allocation Failure) 2021-01-22T21:03:50.836-0800: 279.403: [DefNew: 314559K->34943K(314560K), 0.0155474 secs] 851775K->657341K(1013632K), 0.0156414 secs] [Times: user=0.01 sys=0.00, real=0.02 secs] 
2021-01-22T21:03:50.882-0800: 279.449: [GC (Allocation Failure) 2021-01-22T21:03:50.882-0800: 279.449: [DefNew: 314559K->314559K(314560K), 0.0000246 secs]2021-01-22T21:03:50.882-0800: 279.449: [Tenured: 622397K->373885K(699072K), 0.0493381 secs] 936957K->373885K(1013632K), [Metaspace: 2698K->2698K(1056768K)], 0.0495001 secs] [Times: user=0.05 sys=0.00, real=0.05 secs] 
2021-01-22T21:03:50.961-0800: 279.528: [GC (Allocation Failure) 2021-01-22T21:03:50.961-0800: 279.529: [DefNew: 279616K->34944K(314560K), 0.0136146 secs] 653501K->463644K(1013632K), 0.0137103 secs] [Times: user=0.01 sys=0.00, real=0.01 secs] 
2021-01-22T21:03:51.010-0800: 279.578: [GC (Allocation Failure) 2021-01-22T21:03:51.010-0800: 279.578: [DefNew: 314560K->34943K(314560K), 0.0159917 secs] 743260K->542997K(1013632K), 0.0160991 secs] [Times: user=0.01 sys=0.00, real=0.01 secs] 
2021-01-22T21:03:51.063-0800: 279.630: [GC (Allocation Failure) 2021-01-22T21:03:51.063-0800: 279.630: [DefNew: 314559K->34943K(314560K), 0.0176032 secs] 822613K->623669K(1013632K), 0.0177097 secs] [Times: user=0.02 sys=0.00, real=0.02 secs] 
2021-01-22T21:03:51.114-0800: 279.681: [GC (Allocation Failure) 2021-01-22T21:03:51.114-0800: 279.681: [DefNew: 314559K->314559K(314560K), 0.0000216 secs]2021-01-22T21:03:51.114-0800: 279.681: [Tenured: 588726K->410538K(699072K), 0.0484123 secs] 903285K->410538K(1013632K), [Metaspace: 2698K->2698K(1056768K)], 0.0485453 secs] [Times: user=0.05 sys=0.00, real=0.05 secs] 
2021-01-22T21:03:51.193-0800: 279.761: [GC (Allocation Failure) 2021-01-22T21:03:51.193-0800: 279.761: [DefNew: 279616K->34944K(314560K), 0.0109452 secs] 690154K->491676K(1013632K), 0.0110320 secs] [Times: user=0.01 sys=0.00, real=0.01 secs] 
2021-01-22T21:03:51.236-0800: 279.803: [GC (Allocation Failure) 2021-01-22T21:03:51.236-0800: 279.803: [DefNew: 314560K->34942K(314560K), 0.0141627 secs] 771292K->569557K(1013632K), 0.0142598 secs] [Times: user=0.02 sys=0.00, real=0.02 secs] 
2021-01-22T21:03:51.281-0800: 279.848: [GC (Allocation Failure) 2021-01-22T21:03:51.281-0800: 279.848: [DefNew: 314558K->34943K(314560K), 0.0141733 secs] 849173K->646849K(1013632K), 0.0142787 secs] [Times: user=0.01 sys=0.00, real=0.01 secs] 
2021-01-22T21:03:51.328-0800: 279.895: [GC (Allocation Failure) 2021-01-22T21:03:51.328-0800: 279.895: [DefNew: 314559K->314559K(314560K), 0.0000220 secs]2021-01-22T21:03:51.328-0800: 279.895: [Tenured: 611906K->399254K(699072K), 0.0465912 secs] 926465K->399254K(1013632K), [Metaspace: 2698K->2698K(1056768K)], 0.0467218 secs] [Times: user=0.05 sys=0.00, real=0.05 secs] 
2021-01-22T21:03:51.407-0800: 279.974: [GC (Allocation Failure) 2021-01-22T21:03:51.407-0800: 279.974: [DefNew: 279131K->34944K(314560K), 0.0105137 secs] 678386K->480936K(1013632K), 0.0106074 secs] [Times: user=0.01 sys=0.00, real=0.01 secs] 
2021-01-22T21:03:51.449-0800: 280.017: [GC (Allocation Failure) 2021-01-22T21:03:51.449-0800: 280.017: [DefNew: 314560K->34943K(314560K), 0.0140074 secs] 760552K->554007K(1013632K), 0.0141211 secs] [Times: user=0.01 sys=0.00, real=0.02 secs] 
2021-01-22T21:03:51.501-0800: 280.068: [GC (Allocation Failure) 2021-01-22T21:03:51.501-0800: 280.068: [DefNew: 314559K->34943K(314560K), 0.0159401 secs] 833623K->634741K(1013632K), 0.0160478 secs] [Times: user=0.02 sys=0.00, real=0.01 secs] 
2021-01-22T21:03:51.547-0800: 280.114: [GC (Allocation Failure) 2021-01-22T21:03:51.547-0800: 280.114: [DefNew: 314559K->314559K(314560K), 0.0000246 secs]2021-01-22T21:03:51.547-0800: 280.114: [Tenured: 599797K->401544K(699072K), 0.0471805 secs] 914357K->401544K(1013632K), [Metaspace: 2698K->2698K(1056768K)], 0.0473443 secs] [Times: user=0.04 sys=0.00, real=0.05 secs] 
2021-01-22T21:03:51.626-0800: 280.193: [GC (Allocation Failure) 2021-01-22T21:03:51.626-0800: 280.193: [DefNew: 279616K->34943K(314560K), 0.0112979 secs] 681160K->487448K(1013632K), 0.0113891 secs] [Times: user=0.01 sys=0.00, real=0.01 secs] 
2021-01-22T21:03:51.668-0800: 280.235: [GC (Allocation Failure) 2021-01-22T21:03:51.668-0800: 280.235: [DefNew: 314559K->34941K(314560K), 0.0144618 secs] 767064K->566078K(1013632K), 0.0145721 secs] [Times: user=0.02 sys=0.00, real=0.02 secs] 
2021-01-22T21:03:51.714-0800: 280.281: [GC (Allocation Failure) 2021-01-22T21:03:51.714-0800: 280.281: [DefNew: 314557K->34943K(314560K), 0.0137883 secs] 845694K->635790K(1013632K), 0.0139133 secs] [Times: user=0.01 sys=0.00, real=0.01 secs] 
2021-01-22T21:03:51.757-0800: 280.324: [GC (Allocation Failure) 2021-01-22T21:03:51.757-0800: 280.324: [DefNew: 314559K->314559K(314560K), 0.0000217 secs]2021-01-22T21:03:51.757-0800: 280.324: [Tenured: 600846K->373279K(699072K), 0.0492026 secs] 915406K->373279K(1013632K), [Metaspace: 2698K->2698K(1056768K)], 0.0493356 secs] [Times: user=0.05 sys=0.00, real=0.05 secs] 
2021-01-22T21:03:51.839-0800: 280.406: [GC (Allocation Failure) 2021-01-22T21:03:51.839-0800: 280.406: [DefNew: 279616K->34943K(314560K), 0.0115237 secs] 652895K->461822K(1013632K), 0.0116177 secs] [Times: user=0.01 sys=0.00, real=0.02 secs] 
2021-01-22T21:03:51.881-0800: 280.449: [GC (Allocation Failure) 2021-01-22T21:03:51.881-0800: 280.449: [DefNew: 314559K->34944K(314560K), 0.0152972 secs] 741438K->548332K(1013632K), 0.0153938 secs] [Times: user=0.02 sys=0.00, real=0.01 secs] 
2021-01-22T21:03:51.927-0800: 280.494: [GC (Allocation Failure) 2021-01-22T21:03:51.927-0800: 280.494: [DefNew: 314560K->34942K(314560K), 0.0147817 secs] 827948K->627037K(1013632K), 0.0148796 secs] [Times: user=0.01 sys=0.00, real=0.02 secs] 
2021-01-22T21:03:51.975-0800: 280.543: [GC (Allocation Failure) 2021-01-22T21:03:51.976-0800: 280.543: [DefNew: 314558K->314558K(314560K), 0.0000237 secs]2021-01-22T21:03:51.976-0800: 280.543: [Tenured: 592095K->414399K(699072K), 0.0529847 secs] 906653K->414399K(1013632K), [Metaspace: 2698K->2698K(1056768K)], 0.0531360 secs] [Times: user=0.05 sys=0.00, real=0.05 secs] 
2021-01-22T21:03:52.059-0800: 280.626: [GC (Allocation Failure) 2021-01-22T21:03:52.059-0800: 280.626: [DefNew: 279616K->34941K(314560K), 0.0121145 secs] 694015K->508667K(1013632K), 0.0122070 secs] [Times: user=0.01 sys=0.00, real=0.02 secs] 
2021-01-22T21:03:52.102-0800: 280.669: [GC (Allocation Failure) 2021-01-22T21:03:52.102-0800: 280.669: [DefNew: 314557K->34943K(314560K), 0.0144134 secs] 788283K->585588K(1013632K), 0.0145213 secs] [Times: user=0.01 sys=0.00, real=0.01 secs] 
2021-01-22T21:03:52.148-0800: 280.715: [GC (Allocation Failure) 2021-01-22T21:03:52.148-0800: 280.715: [DefNew: 314559K->34943K(314560K), 0.0147933 secs] 865204K->664523K(1013632K), 0.0148899 secs] [Times: user=0.02 sys=0.00, real=0.02 secs] 
2021-01-22T21:03:52.193-0800: 280.760: [GC (Allocation Failure) 2021-01-22T21:03:52.193-0800: 280.760: [DefNew: 314559K->314559K(314560K), 0.0000233 secs]2021-01-22T21:03:52.193-0800: 280.760: [Tenured: 629579K->408614K(699072K), 0.0479185 secs] 944139K->408614K(1013632K), [Metaspace: 2698K->2698K(1056768K)], 0.0480647 secs] [Times: user=0.04 sys=0.00, real=0.05 secs] 
2021-01-22T21:03:52.273-0800: 280.840: [GC (Allocation Failure) 2021-01-22T21:03:52.273-0800: 280.840: [DefNew: 279616K->34943K(314560K), 0.0113154 secs] 688230K->496080K(1013632K), 0.0114293 secs] [Times: user=0.01 sys=0.00, real=0.01 secs] 
2021-01-22T21:03:52.317-0800: 280.884: [GC (Allocation Failure) 2021-01-22T21:03:52.317-0800: 280.885: [DefNew: 314559K->34942K(314560K), 0.0138227 secs] 775696K->570108K(1013632K), 0.0139148 secs] [Times: user=0.01 sys=0.00, real=0.02 secs] 
2021-01-22T21:03:52.361-0800: 280.929: [GC (Allocation Failure) 2021-01-22T21:03:52.362-0800: 280.929: [DefNew: 314558K->34943K(314560K), 0.0156295 secs] 849724K->646959K(1013632K), 0.0157355 secs] [Times: user=0.02 sys=0.00, real=0.01 secs] 
2021-01-22T21:03:52.408-0800: 280.975: [GC (Allocation Failure) 2021-01-22T21:03:52.408-0800: 280.975: [DefNew: 314559K->314559K(314560K), 0.0000220 secs]2021-01-22T21:03:52.408-0800: 280.975: [Tenured: 612016K->401066K(699072K), 0.0489390 secs] 926575K->401066K(1013632K), [Metaspace: 2698K->2698K(1056768K)], 0.0490719 secs] [Times: user=0.05 sys=0.00, real=0.05 secs] 
2021-01-22T21:03:52.495-0800: 281.062: [GC (Allocation Failure) 2021-01-22T21:03:52.495-0800: 281.063: [DefNew: 279361K->34943K(314560K), 0.0106820 secs] 680427K->485397K(1013632K), 0.0107773 secs] [Times: user=0.01 sys=0.00, real=0.01 secs] 
2021-01-22T21:03:52.538-0800: 281.105: [GC (Allocation Failure) 2021-01-22T21:03:52.538-0800: 281.105: [DefNew: 314559K->34943K(314560K), 0.0151174 secs] 765013K->564575K(1013632K), 0.0152145 secs] [Times: user=0.02 sys=0.00, real=0.02 secs] 
2021-01-22T21:03:52.584-0800: 281.152: [GC (Allocation Failure) 2021-01-22T21:03:52.584-0800: 281.152: [DefNew: 314559K->34943K(314560K), 0.0157931 secs] 844191K->645351K(1013632K), 0.0159007 secs] [Times: user=0.01 sys=0.00, real=0.02 secs] 
2021-01-22T21:03:52.632-0800: 281.199: [GC (Allocation Failure) 2021-01-22T21:03:52.632-0800: 281.199: [DefNew: 314559K->314559K(314560K), 0.0000225 secs]2021-01-22T21:03:52.632-0800: 281.199: [Tenured: 610407K->374542K(699072K), 0.0493941 secs] 924967K->374542K(1013632K), [Metaspace: 2698K->2698K(1056768K)], 0.0495299 secs] [Times: user=0.04 sys=0.00, real=0.05 secs] 
2021-01-22T21:03:52.713-0800: 281.280: [GC (Allocation Failure) 2021-01-22T21:03:52.713-0800: 281.280: [DefNew: 279616K->34943K(314560K), 0.0118331 secs] 654158K->468545K(1013632K), 0.0119387 secs] [Times: user=0.02 sys=0.00, real=0.01 secs] 
2021-01-22T21:03:52.755-0800: 281.323: [GC (Allocation Failure) 2021-01-22T21:03:52.756-0800: 281.323: [DefNew: 314559K->34943K(314560K), 0.0146423 secs] 748161K->542584K(1013632K), 0.0147460 secs] [Times: user=0.01 sys=0.00, real=0.02 secs] 
2021-01-22T21:03:52.801-0800: 281.368: [GC (Allocation Failure) 2021-01-22T21:03:52.801-0800: 281.368: [DefNew: 314559K->34943K(314560K), 0.0143921 secs] 822200K->619891K(1013632K), 0.0145097 secs] [Times: user=0.01 sys=0.00, real=0.01 secs] 
2021-01-22T21:03:52.846-0800: 281.413: [GC (Allocation Failure) 2021-01-22T21:03:52.846-0800: 281.413: [DefNew: 314559K->34943K(314560K), 0.0151282 secs] 899507K->702647K(1013632K), 0.0152230 secs] [Times: user=0.02 sys=0.00, real=0.02 secs] 
2021-01-22T21:03:52.892-0800: 281.459: [GC (Allocation Failure) 2021-01-22T21:03:52.892-0800: 281.459: [DefNew: 314559K->314559K(314560K), 0.0000215 secs]2021-01-22T21:03:52.892-0800: 281.459: [Tenured: 667703K->411006K(699072K), 0.0479586 secs] 982263K->411006K(1013632K), [Metaspace: 2698K->2698K(1056768K)], 0.0480874 secs] [Times: user=0.05 sys=0.00, real=0.05 secs] 
2021-01-22T21:03:52.969-0800: 281.536: [GC (Allocation Failure) 2021-01-22T21:03:52.969-0800: 281.536: [DefNew: 279616K->34943K(314560K), 0.0134717 secs] 690622K->501099K(1013632K), 0.0135785 secs] [Times: user=0.02 sys=0.00, real=0.02 secs] 
2021-01-22T21:03:53.017-0800: 281.584: [GC (Allocation Failure) 2021-01-22T21:03:53.017-0800: 281.584: [DefNew: 314559K->34943K(314560K), 0.0147232 secs] 780715K->578919K(1013632K), 0.0148214 secs] [Times: user=0.02 sys=0.00, real=0.02 secs] 
2021-01-22T21:03:53.062-0800: 281.629: [GC (Allocation Failure) 2021-01-22T21:03:53.062-0800: 281.629: [DefNew: 314559K->34941K(314560K), 0.0141260 secs] 858535K->652568K(1013632K), 0.0142226 secs] [Times: user=0.01 sys=0.00, real=0.01 secs] 
2021-01-22T21:03:53.107-0800: 281.674: [GC (Allocation Failure) 2021-01-22T21:03:53.107-0800: 281.674: [DefNew: 314557K->314557K(314560K), 0.0000254 secs]2021-01-22T21:03:53.107-0800: 281.674: [Tenured: 617626K->398820K(699072K), 0.0475854 secs] 932184K->398820K(1013632K), [Metaspace: 2698K->2698K(1056768K)], 0.0477426 secs] [Times: user=0.05 sys=0.00, real=0.05 secs] 
2021-01-22T21:03:53.186-0800: 281.753: [GC (Allocation Failure) 2021-01-22T21:03:53.186-0800: 281.753: [DefNew: 279616K->34943K(314560K), 0.0101378 secs] 678436K->478484K(1013632K), 0.0102311 secs] [Times: user=0.01 sys=0.00, real=0.01 secs] 
2021-01-22T21:03:53.227-0800: 281.794: [GC (Allocation Failure) 2021-01-22T21:03:53.227-0800: 281.794: [DefNew: 314559K->34943K(314560K), 0.0135825 secs] 758100K->549164K(1013632K), 0.0136766 secs] [Times: user=0.01 sys=0.00, real=0.02 secs] 
2021-01-22T21:03:53.272-0800: 281.839: [GC (Allocation Failure) 2021-01-22T21:03:53.272-0800: 281.839: [DefNew: 314559K->34943K(314560K), 0.0147438 secs] 828780K->627908K(1013632K), 0.0148356 secs] [Times: user=0.02 sys=0.00, real=0.01 secs] 
2021-01-22T21:03:53.318-0800: 281.885: [GC (Allocation Failure) 2021-01-22T21:03:53.318-0800: 281.885: [DefNew: 314559K->314559K(314560K), 0.0000297 secs]2021-01-22T21:03:53.318-0800: 281.885: [Tenured: 592965K->394116K(699072K), 0.0464449 secs] 907524K->394116K(1013632K), [Metaspace: 2698K->2698K(1056768K)], 0.0466255 secs] [Times: user=0.04 sys=0.00, real=0.05 secs] 
2021-01-22T21:03:53.397-0800: 281.964: [GC (Allocation Failure) 2021-01-22T21:03:53.397-0800: 281.964: [DefNew: 279616K->34944K(314560K), 0.0125172 secs] 673732K->488535K(1013632K), 0.0126402 secs] [Times: user=0.02 sys=0.00, real=0.02 secs] 
2021-01-22T21:03:53.439-0800: 282.006: [GC (Allocation Failure) 2021-01-22T21:03:53.439-0800: 282.006: [DefNew: 314434K->34942K(314560K), 0.0149416 secs] 768026K->572553K(1013632K), 0.0150298 secs] [Times: user=0.02 sys=0.00, real=0.02 secs] 
2021-01-22T21:03:53.488-0800: 282.055: [GC (Allocation Failure) 2021-01-22T21:03:53.488-0800: 282.055: [DefNew: 314558K->34943K(314560K), 0.0194780 secs] 852169K->654226K(1013632K), 0.0196683 secs] [Times: user=0.02 sys=0.00, real=0.02 secs] 
2021-01-22T21:03:53.539-0800: 282.107: [GC (Allocation Failure) 2021-01-22T21:03:53.539-0800: 282.107: [DefNew: 314559K->314559K(314560K), 0.0000228 secs]2021-01-22T21:03:53.540-0800: 282.107: [Tenured: 619282K->378464K(699072K), 0.0519902 secs] 933842K->378464K(1013632K), [Metaspace: 2698K->2698K(1056768K)], 0.0521236 secs] [Times: user=0.05 sys=0.00, real=0.06 secs] 
2021-01-22T21:03:53.624-0800: 282.191: [GC (Allocation Failure) 2021-01-22T21:03:53.624-0800: 282.191: [DefNew: 279616K->34943K(314560K), 0.0108816 secs] 658080K->460761K(1013632K), 0.0109884 secs] [Times: user=0.01 sys=0.00, real=0.01 secs] 
2021-01-22T21:03:53.667-0800: 282.234: [GC (Allocation Failure) 2021-01-22T21:03:53.667-0800: 282.234: [DefNew: 314559K->34942K(314560K), 0.0142789 secs] 740377K->533146K(1013632K), 0.0143815 secs] [Times: user=0.02 sys=0.00, real=0.02 secs] 
2021-01-22T21:03:53.714-0800: 282.281: [GC (Allocation Failure) 2021-01-22T21:03:53.714-0800: 282.281: [DefNew: 314558K->34941K(314560K), 0.0151257 secs] 812762K->609928K(1013632K), 0.0152207 secs] [Times: user=0.01 sys=0.00, real=0.01 secs] 
2021-01-22T21:03:53.776-0800: 282.343: [GC (Allocation Failure) 2021-01-22T21:03:53.776-0800: 282.343: [DefNew: 313977K->34943K(314560K), 0.0216083 secs] 888964K->685599K(1013632K), 0.0218265 secs] [Times: user=0.02 sys=0.00, real=0.02 secs] 
2021-01-22T21:03:53.851-0800: 282.418: [GC (Allocation Failure) 2021-01-22T21:03:53.851-0800: 282.418: [DefNew: 314559K->314559K(314560K), 0.0000308 secs]2021-01-22T21:03:53.851-0800: 282.418: [Tenured: 650655K->413442K(699072K), 0.0743578 secs] 965215K->413442K(1013632K), [Metaspace: 2698K->2698K(1056768K)], 0.0745210 secs] [Times: user=0.06 sys=0.00, real=0.07 secs] 
2021-01-22T21:03:53.959-0800: 282.526: [GC (Allocation Failure) 2021-01-22T21:03:53.959-0800: 282.526: [DefNew: 279616K->34943K(314560K), 0.0113106 secs] 693058K->496822K(1013632K), 0.0114053 secs] [Times: user=0.01 sys=0.00, real=0.02 secs] 
2021-01-22T21:03:54.009-0800: 282.576: [GC (Allocation Failure) 2021-01-22T21:03:54.009-0800: 282.576: [DefNew: 314559K->34943K(314560K), 0.0144980 secs] 776438K->575260K(1013632K), 0.0146011 secs] [Times: user=0.02 sys=0.00, real=0.02 secs] 
2021-01-22T21:03:54.054-0800: 282.621: [GC (Allocation Failure) 2021-01-22T21:03:54.054-0800: 282.621: [DefNew: 314559K->34943K(314560K), 0.0149099 secs] 854876K->655783K(1013632K), 0.0149970 secs] [Times: user=0.01 sys=0.00, real=0.01 secs] 
2021-01-22T21:03:54.099-0800: 282.666: [GC (Allocation Failure) 2021-01-22T21:03:54.099-0800: 282.666: [DefNew: 314559K->314559K(314560K), 0.0000258 secs]2021-01-22T21:03:54.099-0800: 282.666: [Tenured: 620839K->411249K(699072K), 0.0497756 secs] 935399K->411249K(1013632K), [Metaspace: 2698K->2698K(1056768K)], 0.0499074 secs] [Times: user=0.05 sys=0.00, real=0.05 secs] 
2021-01-22T21:03:54.181-0800: 282.748: [GC (Allocation Failure) 2021-01-22T21:03:54.181-0800: 282.749: [DefNew: 279616K->34943K(314560K), 0.0105926 secs] 690865K->493569K(1013632K), 0.0107288 secs] [Times: user=0.01 sys=0.00, real=0.01 secs] 
2021-01-22T21:03:54.235-0800: 282.802: [GC (Allocation Failure) 2021-01-22T21:03:54.235-0800: 282.802: [DefNew: 314559K->34943K(314560K), 0.0252516 secs] 773185K->577855K(1013632K), 0.0253540 secs] [Times: user=0.03 sys=0.00, real=0.03 secs] 
2021-01-22T21:03:54.313-0800: 282.880: [GC (Allocation Failure) 2021-01-22T21:03:54.313-0800: 282.880: [DefNew: 314559K->34943K(314560K), 0.0249012 secs] 857471K->654876K(1013632K), 0.0250093 secs] [Times: user=0.02 sys=0.00, real=0.02 secs] 
2021-01-22T21:03:54.373-0800: 282.940: [GC (Allocation Failure) 2021-01-22T21:03:54.373-0800: 282.940: [DefNew: 314559K->314559K(314560K), 0.0000210 secs]2021-01-22T21:03:54.373-0800: 282.940: [Tenured: 619933K->404155K(699072K), 0.0496906 secs] 934492K->404155K(1013632K), [Metaspace: 2698K->2698K(1056768K)], 0.0498172 secs] [Times: user=0.05 sys=0.00, real=0.05 secs] 
2021-01-22T21:03:54.457-0800: 283.024: [GC (Allocation Failure) 2021-01-22T21:03:54.457-0800: 283.024: [DefNew: 279616K->34944K(314560K), 0.0118642 secs] 683771K->490245K(1013632K), 0.0119705 secs] [Times: user=0.01 sys=0.00, real=0.01 secs] 
2021-01-22T21:03:54.506-0800: 283.074: [GC (Allocation Failure) 2021-01-22T21:03:54.507-0800: 283.074: [DefNew: 314560K->34943K(314560K), 0.0264482 secs] 769861K->572954K(1013632K), 0.0265609 secs] [Times: user=0.03 sys=0.00, real=0.03 secs] 
2021-01-22T21:03:54.579-0800: 283.146: [GC (Allocation Failure) 2021-01-22T21:03:54.579-0800: 283.146: [DefNew: 314559K->34943K(314560K), 0.0204464 secs] 852570K->652840K(1013632K), 0.0205454 secs] [Times: user=0.02 sys=0.00, real=0.02 secs] 
2021-01-22T21:03:54.649-0800: 283.216: [GC (Allocation Failure) 2021-01-22T21:03:54.649-0800: 283.216: [DefNew: 314559K->314559K(314560K), 0.0000215 secs]2021-01-22T21:03:54.649-0800: 283.216: [Tenured: 617896K->383569K(699072K), 0.0516672 secs] 932456K->383569K(1013632K), [Metaspace: 2698K->2698K(1056768K)], 0.0517984 secs] [Times: user=0.05 sys=0.00, real=0.06 secs] 
2021-01-22T21:03:54.733-0800: 283.301: [GC (Allocation Failure) 2021-01-22T21:03:54.733-0800: 283.301: [DefNew: 279616K->34943K(314560K), 0.0123850 secs] 663185K->475515K(1013632K), 0.0124895 secs] [Times: user=0.01 sys=0.00, real=0.01 secs] 
2021-01-22T21:03:54.776-0800: 283.343: [GC (Allocation Failure) 2021-01-22T21:03:54.776-0800: 283.343: [DefNew: 314559K->34943K(314560K), 0.0156601 secs] 755131K->556532K(1013632K), 0.0157706 secs] [Times: user=0.02 sys=0.00, real=0.02 secs] 
2021-01-22T21:03:54.823-0800: 283.390: [GC (Allocation Failure) 2021-01-22T21:03:54.823-0800: 283.390: [DefNew: 314559K->34943K(314560K), 0.0152761 secs] 836148K->633139K(1013632K), 0.0153686 secs] [Times: user=0.01 sys=0.00, real=0.01 secs] 
2021-01-22T21:03:54.868-0800: 283.436: [GC (Allocation Failure) 2021-01-22T21:03:54.868-0800: 283.436: [DefNew: 314559K->314559K(314560K), 0.0000218 secs]2021-01-22T21:03:54.868-0800: 283.436: [Tenured: 598195K->414838K(699072K), 0.0543421 secs] 912755K->414838K(1013632K), [Metaspace: 2698K->2698K(1056768K)], 0.0545121 secs] [Times: user=0.06 sys=0.00, real=0.06 secs] 
2021-01-22T21:03:54.955-0800: 283.522: [GC (Allocation Failure) 2021-01-22T21:03:54.955-0800: 283.522: [DefNew: 279616K->34943K(314560K), 0.0115733 secs] 694454K->497775K(1013632K), 0.0116802 secs] [Times: user=0.01 sys=0.00, real=0.01 secs] 
2021-01-22T21:03:55.004-0800: 283.572: [GC (Allocation Failure) 2021-01-22T21:03:55.005-0800: 283.572: [DefNew: 314559K->34943K(314560K), 0.0143728 secs] 777391K->569137K(1013632K), 0.0144766 secs] [Times: user=0.02 sys=0.00, real=0.01 secs] 
2021-01-22T21:03:55.050-0800: 283.618: [GC (Allocation Failure) 2021-01-22T21:03:55.051-0800: 283.618: [DefNew: 314559K->34943K(314560K), 0.0146155 secs] 848753K->649414K(1013632K), 0.0147151 secs] [Times: user=0.01 sys=0.00, real=0.01 secs] 
2021-01-22T21:03:55.097-0800: 283.664: [GC (Allocation Failure) 2021-01-22T21:03:55.097-0800: 283.664: [DefNew: 314559K->314559K(314560K), 0.0000217 secs]2021-01-22T21:03:55.097-0800: 283.664: [Tenured: 614470K->414503K(699072K), 0.0497767 secs] 929030K->414503K(1013632K), [Metaspace: 2698K->2698K(1056768K)], 0.0499048 secs] [Times: user=0.05 sys=0.00, real=0.05 secs] 
2021-01-22T21:03:55.213-0800: 283.780: [GC (Allocation Failure) 2021-01-22T21:03:55.213-0800: 283.781: [DefNew: 279616K->34940K(314560K), 0.0114274 secs] 694119K->501193K(1013632K), 0.0115301 secs] [Times: user=0.02 sys=0.00, real=0.01 secs] 
2021-01-22T21:03:55.267-0800: 283.834: [GC (Allocation Failure) 2021-01-22T21:03:55.267-0800: 283.834: [DefNew: 314556K->34943K(314560K), 0.0143529 secs] 780809K->578951K(1013632K), 0.0149222 secs] [Times: user=0.01 sys=0.00, real=0.02 secs] 
2021-01-22T21:03:55.312-0800: 283.879: [GC (Allocation Failure) 2021-01-22T21:03:55.312-0800: 283.879: [DefNew: 314559K->34944K(314560K), 0.0155826 secs] 858567K->661175K(1013632K), 0.0156760 secs] [Times: user=0.01 sys=0.00, real=0.01 secs] 
2021-01-22T21:03:55.359-0800: 283.926: [GC (Allocation Failure) 2021-01-22T21:03:55.359-0800: 283.927: [DefNew: 314560K->314560K(314560K), 0.0000221 secs]2021-01-22T21:03:55.359-0800: 283.927: [Tenured: 626231K->428000K(699072K), 0.0511777 secs] 940791K->428000K(1013632K), [Metaspace: 2698K->2698K(1056768K)], 0.0513395 secs] [Times: user=0.05 sys=0.00, real=0.06 secs] 
2021-01-22T21:03:55.442-0800: 284.009: [GC (Allocation Failure) 2021-01-22T21:03:55.442-0800: 284.009: [DefNew: 279616K->34943K(314560K), 0.0116094 secs] 707616K->514984K(1013632K), 0.0117027 secs] [Times: user=0.01 sys=0.01, real=0.01 secs] 
2021-01-22T21:03:55.486-0800: 284.053: [GC (Allocation Failure) 2021-01-22T21:03:55.486-0800: 284.053: [DefNew: 314559K->34943K(314560K), 0.0197836 secs] 794600K->593583K(1013632K), 0.0198826 secs] [Times: user=0.02 sys=0.00, real=0.02 secs] 
2021-01-22T21:03:55.536-0800: 284.103: [GC (Allocation Failure) 2021-01-22T21:03:55.536-0800: 284.103: [DefNew: 314559K->34943K(314560K), 0.0146123 secs] 873199K->670671K(1013632K), 0.0147190 secs] [Times: user=0.01 sys=0.00, real=0.02 secs] 
2021-01-22T21:03:55.590-0800: 284.157: [GC (Allocation Failure) 2021-01-22T21:03:55.590-0800: 284.157: [DefNew: 314559K->314559K(314560K), 0.0000222 secs]2021-01-22T21:03:55.590-0800: 284.157: [Tenured: 635727K->375808K(699072K), 0.0517926 secs] 950287K->375808K(1013632K), [Metaspace: 2698K->2698K(1056768K)], 0.0519222 secs] [Times: user=0.05 sys=0.00, real=0.05 secs] 
2021-01-22T21:03:55.675-0800: 284.242: [GC (Allocation Failure) 2021-01-22T21:03:55.675-0800: 284.242: [DefNew: 279616K->34943K(314560K), 0.0115996 secs] 655424K->459452K(1013632K), 0.0117106 secs] [Times: user=0.01 sys=0.00, real=0.01 secs] 
2021-01-22T21:03:55.724-0800: 284.291: [GC (Allocation Failure) 2021-01-22T21:03:55.724-0800: 284.291: [DefNew: 314559K->34943K(314560K), 0.0146283 secs] 739068K->537402K(1013632K), 0.0147209 secs] [Times: user=0.01 sys=0.00, real=0.01 secs] 
2021-01-22T21:03:55.770-0800: 284.337: [GC (Allocation Failure) 2021-01-22T21:03:55.770-0800: 284.337: [DefNew: 314559K->34943K(314560K), 0.0151509 secs] 817018K->620372K(1013632K), 0.0152442 secs] [Times: user=0.02 sys=0.00, real=0.01 secs] 
2021-01-22T21:03:55.816-0800: 284.383: [GC (Allocation Failure) 2021-01-22T21:03:55.816-0800: 284.383: [DefNew: 314559K->34943K(314560K), 0.0139900 secs] 899988K->696949K(1013632K), 0.0140862 secs] [Times: user=0.01 sys=0.00, real=0.02 secs] 
2021-01-22T21:03:55.860-0800: 284.427: [GC (Allocation Failure) 2021-01-22T21:03:55.860-0800: 284.427: [DefNew: 314559K->314559K(314560K), 0.0000216 secs]2021-01-22T21:03:55.860-0800: 284.427: [Tenured: 662005K->420574K(699072K), 0.0491605 secs] 976565K->420574K(1013632K), [Metaspace: 2698K->2698K(1056768K)], 0.0492926 secs] [Times: user=0.05 sys=0.00, real=0.04 secs] 
2021-01-22T21:03:55.941-0800: 284.508: [GC (Allocation Failure) 2021-01-22T21:03:55.941-0800: 284.508: [DefNew: 279616K->34943K(314560K), 0.0136012 secs] 700190K->506548K(1013632K), 0.0137066 secs] [Times: user=0.01 sys=0.00, real=0.01 secs] 
2021-01-22T21:03:56.015-0800: 284.582: [GC (Allocation Failure) 2021-01-22T21:03:56.015-0800: 284.582: [DefNew: 314559K->34943K(314560K), 0.0250263 secs] 786164K->587449K(1013632K), 0.0251281 secs] [Times: user=0.02 sys=0.00, real=0.03 secs] 
2021-01-22T21:03:56.073-0800: 284.640: [GC (Allocation Failure) 2021-01-22T21:03:56.073-0800: 284.640: [DefNew: 314559K->34943K(314560K), 0.0221097 secs] 867065K->660365K(1013632K), 0.0222068 secs] [Times: user=0.02 sys=0.01, real=0.02 secs] 
2021-01-22T21:03:56.127-0800: 284.694: [GC (Allocation Failure) 2021-01-22T21:03:56.127-0800: 284.694: [DefNew: 314559K->314559K(314560K), 0.0000243 secs]2021-01-22T21:03:56.127-0800: 284.694: [Tenured: 625421K->406954K(699072K), 0.0481193 secs] 939981K->406954K(1013632K), [Metaspace: 2698K->2698K(1056768K)], 0.0482646 secs] [Times: user=0.04 sys=0.00, real=0.05 secs] 
2021-01-22T21:03:56.207-0800: 284.774: [GC (Allocation Failure) 2021-01-22T21:03:56.207-0800: 284.774: [DefNew: 279616K->34944K(314560K), 0.0112001 secs] 686570K->494499K(1013632K), 0.0113239 secs] [Times: user=0.02 sys=0.00, real=0.01 secs] 
2021-01-22T21:03:56.249-0800: 284.816: [GC (Allocation Failure) 2021-01-22T21:03:56.249-0800: 284.816: [DefNew: 314560K->34943K(314560K), 0.0139468 secs] 774115K->568581K(1013632K), 0.0140971 secs] [Times: user=0.02 sys=0.00, real=0.02 secs] 
2021-01-22T21:03:56.292-0800: 284.859: [GC (Allocation Failure) 2021-01-22T21:03:56.292-0800: 284.859: [DefNew: 314559K->34943K(314560K), 0.0149725 secs] 848197K->647687K(1013632K), 0.0150777 secs] [Times: user=0.01 sys=0.00, real=0.01 secs] 
2021-01-22T21:03:56.339-0800: 284.906: [GC (Allocation Failure) 2021-01-22T21:03:56.339-0800: 284.906: [DefNew: 314559K->314559K(314560K), 0.0000237 secs]2021-01-22T21:03:56.339-0800: 284.906: [Tenured: 612743K->401739K(699072K), 0.0484066 secs] 927303K->401739K(1013632K), [Metaspace: 2698K->2698K(1056768K)], 0.0485621 secs] [Times: user=0.05 sys=0.00, real=0.05 secs] 
2021-01-22T21:03:56.419-0800: 284.986: [GC (Allocation Failure) 2021-01-22T21:03:56.419-0800: 284.986: [DefNew: 279616K->34943K(314560K), 0.0113793 secs] 681355K->489566K(1013632K), 0.0114746 secs] [Times: user=0.01 sys=0.00, real=0.02 secs] 
2021-01-22T21:03:56.471-0800: 285.038: [GC (Allocation Failure) 2021-01-22T21:03:56.471-0800: 285.039: [DefNew: 314559K->34944K(314560K), 0.0169958 secs] 769182K->569333K(1013632K), 0.0170901 secs] [Times: user=0.02 sys=0.00, real=0.01 secs] 
2021-01-22T21:03:56.525-0800: 285.092: [GC (Allocation Failure) 2021-01-22T21:03:56.525-0800: 285.092: [DefNew: 314560K->34943K(314560K), 0.0144713 secs] 848949K->642060K(1013632K), 0.0145718 secs] [Times: user=0.02 sys=0.00, real=0.02 secs] 
2021-01-22T21:03:56.573-0800: 285.140: [GC (Allocation Failure) 2021-01-22T21:03:56.573-0800: 285.140: [DefNew: 314559K->314559K(314560K), 0.0000230 secs]2021-01-22T21:03:56.573-0800: 285.140: [Tenured: 607117K->362029K(699072K), 0.0486761 secs] 921676K->362029K(1013632K), [Metaspace: 2698K->2698K(1056768K)], 0.0488107 secs] [Times: user=0.05 sys=0.00, real=0.05 secs] 
2021-01-22T21:03:56.655-0800: 285.222: [GC (Allocation Failure) 2021-01-22T21:03:56.655-0800: 285.222: [DefNew: 279616K->34943K(314560K), 0.0121994 secs] 641645K->448884K(1013632K), 0.0122917 secs] [Times: user=0.01 sys=0.00, real=0.01 secs] 
2021-01-22T21:03:56.699-0800: 285.266: [GC (Allocation Failure) 2021-01-22T21:03:56.699-0800: 285.266: [DefNew: 314393K->34943K(314560K), 0.0135934 secs] 728333K->518770K(1013632K), 0.0136875 secs] [Times: user=0.01 sys=0.00, real=0.02 secs] 
2021-01-22T21:03:56.743-0800: 285.310: [GC (Allocation Failure) 2021-01-22T21:03:56.743-0800: 285.310: [DefNew: 314559K->34944K(314560K), 0.0146241 secs] 798386K->597238K(1013632K), 0.0147175 secs] [Times: user=0.02 sys=0.00, real=0.01 secs] 
2021-01-22T21:03:56.789-0800: 285.356: [GC (Allocation Failure) 2021-01-22T21:03:56.789-0800: 285.356: [DefNew: 314560K->34943K(314560K), 0.0271173 secs] 876854K->675837K(1013632K), 0.0273224 secs] [Times: user=0.02 sys=0.00, real=0.03 secs] 
2021-01-22T21:03:56.868-0800: 285.436: [GC (Allocation Failure) 2021-01-22T21:03:56.868-0800: 285.436: [DefNew: 314559K->314559K(314560K), 0.0000218 secs]2021-01-22T21:03:56.868-0800: 285.436: [Tenured: 640894K->402586K(699072K), 0.0573541 secs] 955453K->402586K(1013632K), [Metaspace: 2698K->2698K(1056768K)], 0.0574863 secs] [Times: user=0.06 sys=0.00, real=0.06 secs] 
2021-01-22T21:03:56.957-0800: 285.524: [GC (Allocation Failure) 2021-01-22T21:03:56.957-0800: 285.524: [DefNew: 279616K->34943K(314560K), 0.0126153 secs] 682202K->497070K(1013632K), 0.0127066 secs] [Times: user=0.01 sys=0.00, real=0.02 secs] 
2021-01-22T21:03:57.007-0800: 285.574: [GC (Allocation Failure) 2021-01-22T21:03:57.007-0800: 285.575: [DefNew: 314559K->34943K(314560K), 0.0139035 secs] 776686K->569829K(1013632K), 0.0139913 secs] [Times: user=0.02 sys=0.00, real=0.02 secs] 
2021-01-22T21:03:57.053-0800: 285.621: [GC (Allocation Failure) 2021-01-22T21:03:57.054-0800: 285.621: [DefNew: 314559K->34943K(314560K), 0.0146077 secs] 849445K->641547K(1013632K), 0.0147012 secs] [Times: user=0.01 sys=0.00, real=0.01 secs] 
2021-01-22T21:03:57.100-0800: 285.667: [GC (Allocation Failure) 2021-01-22T21:03:57.100-0800: 285.667: [DefNew: 314559K->314559K(314560K), 0.0000222 secs]2021-01-22T21:03:57.100-0800: 285.667: [Tenured: 606604K->391255K(699072K), 0.0595309 secs] 921163K->391255K(1013632K), [Metaspace: 2698K->2698K(1056768K)], 0.0596643 secs] [Times: user=0.06 sys=0.00, real=0.05 secs] 
2021-01-22T21:03:57.210-0800: 285.778: [GC (Allocation Failure) 2021-01-22T21:03:57.210-0800: 285.778: [DefNew: 279616K->34943K(314560K), 0.0173446 secs] 670871K->483002K(1013632K), 0.0174339 secs] [Times: user=0.02 sys=0.00, real=0.01 secs] 
2021-01-22T21:03:57.261-0800: 285.829: [GC (Allocation Failure) 2021-01-22T21:03:57.262-0800: 285.829: [DefNew: 314559K->34943K(314560K), 0.0161676 secs] 762618K->564822K(1013632K), 0.0162839 secs] [Times: user=0.02 sys=0.00, real=0.01 secs] 
2021-01-22T21:03:57.312-0800: 285.879: [GC (Allocation Failure) 2021-01-22T21:03:57.312-0800: 285.879: [DefNew: 314559K->34941K(314560K), 0.0146043 secs] 844438K->640903K(1013632K), 0.0147128 secs] [Times: user=0.01 sys=0.00, real=0.01 secs] 
2021-01-22T21:03:57.356-0800: 285.923: [GC (Allocation Failure) 2021-01-22T21:03:57.356-0800: 285.923: [DefNew: 314557K->314557K(314560K), 0.0000333 secs]2021-01-22T21:03:57.356-0800: 285.923: [Tenured: 605961K->403785K(699072K), 0.0485844 secs] 920519K->403785K(1013632K), [Metaspace: 2698K->2698K(1056768K)], 0.0487903 secs] [Times: user=0.05 sys=0.01, real=0.05 secs] 
2021-01-22T21:03:57.441-0800: 286.008: [GC (Allocation Failure) 2021-01-22T21:03:57.441-0800: 286.008: [DefNew: 279616K->34943K(314560K), 0.0138342 secs] 683401K->491273K(1013632K), 0.0139394 secs] [Times: user=0.01 sys=0.00, real=0.01 secs] 
2021-01-22T21:03:57.488-0800: 286.055: [GC (Allocation Failure) 2021-01-22T21:03:57.488-0800: 286.055: [DefNew: 314559K->34943K(314560K), 0.0208258 secs] 770889K->564964K(1013632K), 0.0210385 secs] [Times: user=0.01 sys=0.00, real=0.02 secs] 
2021-01-22T21:03:57.566-0800: 286.133: [GC (Allocation Failure) 2021-01-22T21:03:57.566-0800: 286.133: [DefNew: 314559K->34943K(314560K), 0.0212135 secs] 844580K->644278K(1013632K), 0.0213234 secs] [Times: user=0.02 sys=0.00, real=0.02 secs] 
2021-01-22T21:03:57.631-0800: 286.198: [GC (Allocation Failure) 2021-01-22T21:03:57.631-0800: 286.198: [DefNew: 314559K->314559K(314560K), 0.0000208 secs]2021-01-22T21:03:57.631-0800: 286.198: [Tenured: 609334K->371591K(699072K), 0.0603085 secs] 923894K->371591K(1013632K), [Metaspace: 2698K->2698K(1056768K)], 0.0604392 secs] [Times: user=0.06 sys=0.00, real=0.06 secs] 
2021-01-22T21:03:57.723-0800: 286.290: [GC (Allocation Failure) 2021-01-22T21:03:57.723-0800: 286.290: [DefNew: 279616K->34943K(314560K), 0.0130784 secs] 651207K->460471K(1013632K), 0.0131711 secs] [Times: user=0.01 sys=0.00, real=0.01 secs] 
2021-01-22T21:03:57.783-0800: 286.350: [GC (Allocation Failure) 2021-01-22T21:03:57.783-0800: 286.350: [DefNew: 314559K->34943K(314560K), 0.0260578 secs] 740087K->545787K(1013632K), 0.0261559 secs] [Times: user=0.02 sys=0.00, real=0.02 secs] 
2021-01-22T21:03:57.842-0800: 286.409: [GC (Allocation Failure) 2021-01-22T21:03:57.842-0800: 286.409: [DefNew: 314559K->34943K(314560K), 0.0160414 secs] 825403K->624600K(1013632K), 0.0161356 secs] [Times: user=0.02 sys=0.00, real=0.01 secs] 
2021-01-22T21:03:57.891-0800: 286.458: [GC (Allocation Failure) 2021-01-22T21:03:57.891-0800: 286.458: [DefNew: 314559K->34943K(314560K), 0.0138895 secs] 904216K->693057K(1013632K), 0.0140295 secs] [Times: user=0.01 sys=0.01, real=0.01 secs] 
2021-01-22T21:03:57.937-0800: 286.504: [GC (Allocation Failure) 2021-01-22T21:03:57.937-0800: 286.504: [DefNew: 314559K->314559K(314560K), 0.0000225 secs]2021-01-22T21:03:57.937-0800: 286.504: [Tenured: 658113K->420131K(699072K), 0.0846242 secs] 972673K->420131K(1013632K), [Metaspace: 2698K->2698K(1056768K)], 0.0847591 secs] [Times: user=0.08 sys=0.00, real=0.09 secs] 
2021-01-22T21:03:58.081-0800: 286.648: [GC (Allocation Failure) 2021-01-22T21:03:58.081-0800: 286.648: [DefNew: 279616K->34943K(314560K), 0.0271256 secs] 699747K->507681K(1013632K), 0.0272270 secs] [Times: user=0.02 sys=0.00, real=0.02 secs] 
2021-01-22T21:03:58.160-0800: 286.727: [GC (Allocation Failure) 2021-01-22T21:03:58.160-0800: 286.727: [DefNew: 314559K->34943K(314560K), 0.0149355 secs] 787297K->585275K(1013632K), 0.0150452 secs] [Times: user=0.01 sys=0.00, real=0.01 secs] 
2021-01-22T21:03:58.206-0800: 286.773: [GC (Allocation Failure) 2021-01-22T21:03:58.206-0800: 286.773: [DefNew: 314559K->34942K(314560K), 0.0155638 secs] 864891K->663952K(1013632K), 0.0156555 secs] [Times: user=0.02 sys=0.00, real=0.02 secs] 
2021-01-22T21:03:58.256-0800: 286.823: [GC (Allocation Failure) 2021-01-22T21:03:58.256-0800: 286.823: [DefNew: 314558K->314558K(314560K), 0.0000210 secs]2021-01-22T21:03:58.256-0800: 286.823: [Tenured: 629010K->405274K(699072K), 0.0542087 secs] 943568K->405274K(1013632K), [Metaspace: 2698K->2698K(1056768K)], 0.0543355 secs] [Times: user=0.05 sys=0.00, real=0.06 secs] 
2021-01-22T21:03:58.342-0800: 286.909: [GC (Allocation Failure) 2021-01-22T21:03:58.342-0800: 286.909: [DefNew: 279616K->34943K(314560K), 0.0117378 secs] 684890K->496236K(1013632K), 0.0118302 secs] [Times: user=0.01 sys=0.00, real=0.01 secs] 
2021-01-22T21:03:58.385-0800: 286.952: [GC (Allocation Failure) 2021-01-22T21:03:58.385-0800: 286.952: [DefNew: 314559K->34944K(314560K), 0.0156663 secs] 775852K->580388K(1013632K), 0.0157721 secs] [Times: user=0.01 sys=0.00, real=0.02 secs] 
2021-01-22T21:03:58.431-0800: 286.998: [GC (Allocation Failure) 2021-01-22T21:03:58.431-0800: 286.998: [DefNew: 314560K->34943K(314560K), 0.0141039 secs] 860004K->653210K(1013632K), 0.0142003 secs] [Times: user=0.01 sys=0.00, real=0.01 secs] 
2021-01-22T21:03:58.474-0800: 287.041: [GC (Allocation Failure) 2021-01-22T21:03:58.474-0800: 287.041: [DefNew: 314372K->314372K(314560K), 0.0000216 secs]2021-01-22T21:03:58.474-0800: 287.041: [Tenured: 618267K->417170K(699072K), 0.0561295 secs] 932639K->417170K(1013632K), [Metaspace: 2698K->2698K(1056768K)], 0.0562625 secs] [Times: user=0.06 sys=0.00, real=0.06 secs] 
2021-01-22T21:03:58.563-0800: 287.130: [GC (Allocation Failure) 2021-01-22T21:03:58.563-0800: 287.130: [DefNew: 279616K->34943K(314560K), 0.0110982 secs] 696786K->504395K(1013632K), 0.0112062 secs] [Times: user=0.01 sys=0.00, real=0.01 secs] 
2021-01-22T21:03:58.605-0800: 287.172: [GC (Allocation Failure) 2021-01-22T21:03:58.605-0800: 287.172: [DefNew: 314559K->34944K(314560K), 0.0151111 secs] 784011K->586795K(1013632K), 0.0152192 secs] [Times: user=0.01 sys=0.00, real=0.02 secs] 
2021-01-22T21:03:58.653-0800: 287.220: [GC (Allocation Failure) 2021-01-22T21:03:58.653-0800: 287.220: [DefNew: 314560K->34942K(314560K), 0.0128588 secs] 866411K->653442K(1013632K), 0.0129513 secs] [Times: user=0.01 sys=0.00, real=0.01 secs] 
2021-01-22T21:03:58.697-0800: 287.264: [GC (Allocation Failure) 2021-01-22T21:03:58.697-0800: 287.264: [DefNew: 314558K->314558K(314560K), 0.0000222 secs]2021-01-22T21:03:58.697-0800: 287.264: [Tenured: 618500K->357306K(699072K), 0.0465096 secs] 933058K->357306K(1013632K), [Metaspace: 2698K->2698K(1056768K)], 0.0466425 secs] [Times: user=0.05 sys=0.00, real=0.05 secs] 
2021-01-22T21:03:58.776-0800: 287.343: [GC (Allocation Failure) 2021-01-22T21:03:58.776-0800: 287.343: [DefNew: 279616K->34943K(314560K), 0.0116068 secs] 636922K->447216K(1013632K), 0.0117009 secs] [Times: user=0.01 sys=0.00, real=0.01 secs] 
2021-01-22T21:03:58.817-0800: 287.384: [GC (Allocation Failure) 2021-01-22T21:03:58.817-0800: 287.384: [DefNew: 314559K->34943K(314560K), 0.0147056 secs] 726832K->527629K(1013632K), 0.0148013 secs] [Times: user=0.01 sys=0.00, real=0.02 secs] 
2021-01-22T21:03:58.862-0800: 287.429: [GC (Allocation Failure) 2021-01-22T21:03:58.862-0800: 287.429: [DefNew: 314365K->34943K(314560K), 0.0149434 secs] 807050K->610314K(1013632K), 0.0150454 secs] [Times: user=0.02 sys=0.00, real=0.01 secs] 
2021-01-22T21:03:58.908-0800: 287.475: [GC (Allocation Failure) 2021-01-22T21:03:58.908-0800: 287.475: [DefNew: 314559K->34943K(314560K), 0.0149550 secs] 889930K->690654K(1013632K), 0.0150644 secs] [Times: user=0.01 sys=0.00, real=0.02 secs] 
2021-01-22T21:03:58.953-0800: 287.521: [GC (Allocation Failure) 2021-01-22T21:03:58.954-0800: 287.521: [DefNew: 314559K->314559K(314560K), 0.0000210 secs]2021-01-22T21:03:58.954-0800: 287.521: [Tenured: 655710K->399799K(699072K), 0.0528787 secs] 970270K->399799K(1013632K), [Metaspace: 2698K->2698K(1056768K)], 0.0530044 secs] [Times: user=0.05 sys=0.00, real=0.05 secs] 
2021-01-22T21:03:59.038-0800: 287.605: [GC (Allocation Failure) 2021-01-22T21:03:59.038-0800: 287.605: [DefNew: 279616K->34943K(314560K), 0.0108366 secs] 679415K->483388K(1013632K), 0.0109310 secs] [Times: user=0.01 sys=0.00, real=0.01 secs] 
2021-01-22T21:03:59.080-0800: 287.647: [GC (Allocation Failure) 2021-01-22T21:03:59.080-0800: 287.647: [DefNew: 314559K->34943K(314560K), 0.0136328 secs] 763004K->555386K(1013632K), 0.0137255 secs] [Times: user=0.02 sys=0.00, real=0.01 secs] 
2021-01-22T21:03:59.124-0800: 287.692: [GC (Allocation Failure) 2021-01-22T21:03:59.124-0800: 287.692: [DefNew: 314559K->34940K(314560K), 0.0138892 secs] 835002K->627837K(1013632K), 0.0139854 secs] [Times: user=0.01 sys=0.00, real=0.01 secs] 
2021-01-22T21:03:59.169-0800: 287.736: [GC (Allocation Failure) 2021-01-22T21:03:59.169-0800: 287.736: [DefNew: 314487K->34943K(314560K), 0.0150208 secs] 907384K->710347K(1013632K), 0.0151138 secs] [Times: user=0.02 sys=0.00, real=0.02 secs] 
2021-01-22T21:03:59.215-0800: 287.782: [GC (Allocation Failure) 2021-01-22T21:03:59.215-0800: 287.782: [DefNew: 314559K->314559K(314560K), 0.0000319 secs]2021-01-22T21:03:59.215-0800: 287.782: [Tenured: 675403K->390003K(699072K), 0.0485250 secs] 989963K->390003K(1013632K), [Metaspace: 2698K->2698K(1056768K)], 0.0486869 secs] [Times: user=0.04 sys=0.00, real=0.05 secs] 
2021-01-22T21:03:59.310-0800: 287.878: [GC (Allocation Failure) 2021-01-22T21:03:59.311-0800: 287.878: [DefNew: 279616K->34943K(314560K), 0.0200472 secs] 669619K->477766K(1013632K), 0.0201854 secs] [Times: user=0.02 sys=0.00, real=0.02 secs] 
2021-01-22T21:03:59.386-0800: 287.954: [GC (Allocation Failure) 2021-01-22T21:03:59.387-0800: 287.954: [DefNew: 314559K->34944K(314560K), 0.0206868 secs] 757382K->548756K(1013632K), 0.0209002 secs] [Times: user=0.02 sys=0.00, real=0.02 secs] 
2021-01-22T21:03:59.439-0800: 288.006: [GC (Allocation Failure) 2021-01-22T21:03:59.439-0800: 288.006: [DefNew: 314560K->34943K(314560K), 0.0142430 secs] 828372K->624264K(1013632K), 0.0143340 secs] [Times: user=0.01 sys=0.00, real=0.02 secs] 
2021-01-22T21:03:59.484-0800: 288.051: [GC (Allocation Failure) 2021-01-22T21:03:59.484-0800: 288.051: [DefNew: 314559K->34942K(314560K), 0.0217213 secs] 903880K->704788K(1013632K), 0.0218590 secs] [Times: user=0.02 sys=0.00, real=0.02 secs] 
2021-01-22T21:03:59.538-0800: 288.105: [GC (Allocation Failure) 2021-01-22T21:03:59.538-0800: 288.105: [DefNew: 314558K->314558K(314560K), 0.0000225 secs]2021-01-22T21:03:59.538-0800: 288.105: [Tenured: 669846K->411952K(699072K), 0.0504791 secs] 984404K->411952K(1013632K), [Metaspace: 2698K->2698K(1056768K)], 0.0506103 secs] [Times: user=0.05 sys=0.00, real=0.05 secs] 
2021-01-22T21:03:59.619-0800: 288.186: [GC (Allocation Failure) 2021-01-22T21:03:59.619-0800: 288.186: [DefNew: 279616K->34944K(314560K), 0.0100113 secs] 691568K->490884K(1013632K), 0.0101036 secs] [Times: user=0.01 sys=0.00, real=0.01 secs] 
2021-01-22T21:03:59.660-0800: 288.227: [GC (Allocation Failure) 2021-01-22T21:03:59.660-0800: 288.227: [DefNew: 314560K->34942K(314560K), 0.0135494 secs] 770500K->561210K(1013632K), 0.0136434 secs] [Times: user=0.01 sys=0.00, real=0.01 secs] 
2021-01-22T21:03:59.705-0800: 288.272: [GC (Allocation Failure) 2021-01-22T21:03:59.705-0800: 288.272: [DefNew: 314078K->34943K(314560K), 0.0145232 secs] 840346K->636545K(1013632K), 0.0146158 secs] [Times: user=0.01 sys=0.00, real=0.01 secs] 
2021-01-22T21:03:59.749-0800: 288.316: [GC (Allocation Failure) 2021-01-22T21:03:59.749-0800: 288.316: [DefNew: 314559K->314559K(314560K), 0.0000546 secs]2021-01-22T21:03:59.749-0800: 288.316: [Tenured: 601601K->362349K(699072K), 0.0474674 secs] 916161K->362349K(1013632K), [Metaspace: 2698K->2698K(1056768K)], 0.0476872 secs] [Times: user=0.05 sys=0.00, real=0.05 secs] 
2021-01-22T21:03:59.828-0800: 288.395: [GC (Allocation Failure) 2021-01-22T21:03:59.828-0800: 288.395: [DefNew: 279616K->34943K(314560K), 0.0104812 secs] 641965K->445832K(1013632K), 0.0106219 secs] [Times: user=0.01 sys=0.00, real=0.01 secs] 
2021-01-22T21:03:59.868-0800: 288.435: [GC (Allocation Failure) 2021-01-22T21:03:59.868-0800: 288.435: [DefNew: 314559K->34943K(314560K), 0.0157306 secs] 725448K->536275K(1013632K), 0.0158253 secs] [Times: user=0.02 sys=0.00, real=0.02 secs] 
2021-01-22T21:03:59.916-0800: 288.483: [GC (Allocation Failure) 2021-01-22T21:03:59.916-0800: 288.483: [DefNew: 314295K->34942K(314560K), 0.0150045 secs] 815627K->617077K(1013632K), 0.0150948 secs] [Times: user=0.01 sys=0.00, real=0.02 secs] 
2021-01-22T21:03:59.960-0800: 288.527: [GC (Allocation Failure) 2021-01-22T21:03:59.960-0800: 288.527: [DefNew: 314558K->34942K(314560K), 0.0148047 secs] 896693K->694281K(1013632K), 0.0148993 secs] [Times: user=0.02 sys=0.00, real=0.01 secs] 
2021-01-22T21:04:00.014-0800: 288.581: [GC (Allocation Failure) 2021-01-22T21:04:00.014-0800: 288.581: [DefNew: 314558K->314558K(314560K), 0.0000816 secs]2021-01-22T21:04:00.014-0800: 288.581: [Tenured: 659338K->410114K(699072K), 0.0497439 secs] 973897K->410114K(1013632K), [Metaspace: 2698K->2698K(1056768K)], 0.0500907 secs] [Times: user=0.05 sys=0.00, real=0.05 secs] 
2021-01-22T21:04:00.096-0800: 288.664: [GC (Allocation Failure) 2021-01-22T21:04:00.097-0800: 288.664: [DefNew: 279616K->34943K(314560K), 0.0113704 secs] 689730K->496190K(1013632K), 0.0114668 secs] [Times: user=0.01 sys=0.00, real=0.01 secs] 
2021-01-22T21:04:00.138-0800: 288.705: [GC (Allocation Failure) 2021-01-22T21:04:00.138-0800: 288.705: [DefNew: 314559K->34943K(314560K), 0.0146759 secs] 775806K->578008K(1013632K), 0.0147673 secs] [Times: user=0.02 sys=0.01, real=0.02 secs] 
2021-01-22T21:04:00.183-0800: 288.750: [GC (Allocation Failure) 2021-01-22T21:04:00.183-0800: 288.750: [DefNew: 314559K->34944K(314560K), 0.0149205 secs] 857624K->659055K(1013632K), 0.0150224 secs] [Times: user=0.01 sys=0.00, real=0.01 secs] 
2021-01-22T21:04:00.230-0800: 288.797: [GC (Allocation Failure) 2021-01-22T21:04:00.230-0800: 288.797: [DefNew: 314560K->314560K(314560K), 0.0000221 secs]2021-01-22T21:04:00.230-0800: 288.797: [Tenured: 624111K->405618K(699072K), 0.0482924 secs] 938671K->405618K(1013632K), [Metaspace: 2698K->2698K(1056768K)], 0.0484242 secs] [Times: user=0.05 sys=0.00, real=0.04 secs] 
2021-01-22T21:04:00.310-0800: 288.877: [GC (Allocation Failure) 2021-01-22T21:04:00.310-0800: 288.877: [DefNew: 279616K->34944K(314560K), 0.0119038 secs] 685234K->498533K(1013632K), 0.0119980 secs] [Times: user=0.01 sys=0.00, real=0.01 secs] 
2021-01-22T21:04:00.352-0800: 288.919: [GC (Allocation Failure) 2021-01-22T21:04:00.352-0800: 288.919: [DefNew: 314560K->34943K(314560K), 0.0154082 secs] 778149K->585574K(1013632K), 0.0155035 secs] [Times: user=0.02 sys=0.00, real=0.01 secs] 
2021-01-22T21:04:00.398-0800: 288.965: [GC (Allocation Failure) 2021-01-22T21:04:00.398-0800: 288.965: [DefNew: 314559K->34943K(314560K), 0.0147233 secs] 865190K->663508K(1013632K), 0.0148155 secs] [Times: user=0.01 sys=0.00, real=0.02 secs] 
2021-01-22T21:04:00.442-0800: 289.010: [GC (Allocation Failure) 2021-01-22T21:04:00.442-0800: 289.010: [DefNew: 314559K->314559K(314560K), 0.0000222 secs]2021-01-22T21:04:00.443-0800: 289.010: [Tenured: 628564K->419016K(699072K), 0.0512212 secs] 943124K->419016K(1013632K), [Metaspace: 2698K->2698K(1056768K)], 0.0513516 secs] [Times: user=0.05 sys=0.00, real=0.05 secs] 
2021-01-22T21:04:00.532-0800: 289.099: [GC (Allocation Failure) 2021-01-22T21:04:00.532-0800: 289.099: [DefNew: 279616K->34943K(314560K), 0.0112371 secs] 698632K->506603K(1013632K), 0.0113342 secs] [Times: user=0.01 sys=0.00, real=0.01 secs] 
2021-01-22T21:04:00.574-0800: 289.142: [GC (Allocation Failure) 2021-01-22T21:04:00.575-0800: 289.142: [DefNew: 314353K->34943K(314560K), 0.0158023 secs] 786012K->593803K(1013632K), 0.0159428 secs] [Times: user=0.02 sys=0.00, real=0.02 secs] 
2021-01-22T21:04:00.619-0800: 289.186: [GC (Allocation Failure) 2021-01-22T21:04:00.619-0800: 289.187: [DefNew: 314559K->34944K(314560K), 0.0143387 secs] 873419K->669793K(1013632K), 0.0144325 secs] [Times: user=0.02 sys=0.00, real=0.02 secs] 
2021-01-22T21:04:00.664-0800: 289.231: [GC (Allocation Failure) 2021-01-22T21:04:00.664-0800: 289.231: [DefNew: 314560K->314560K(314560K), 0.0000212 secs]2021-01-22T21:04:00.664-0800: 289.231: [Tenured: 634849K->364971K(699072K), 0.0488332 secs] 949409K->364971K(1013632K), [Metaspace: 2698K->2698K(1056768K)], 0.0489617 secs] [Times: user=0.04 sys=0.00, real=0.05 secs] 
2021-01-22T21:04:00.745-0800: 289.312: [GC (Allocation Failure) 2021-01-22T21:04:00.745-0800: 289.312: [DefNew: 279616K->34943K(314560K), 0.0113308 secs] 644587K->449432K(1013632K), 0.0114393 secs] [Times: user=0.01 sys=0.00, real=0.01 secs] 
2021-01-22T21:04:00.786-0800: 289.354: [GC (Allocation Failure) 2021-01-22T21:04:00.786-0800: 289.354: [DefNew: 314559K->34943K(314560K), 0.0148075 secs] 729048K->527369K(1013632K), 0.0149137 secs] [Times: user=0.01 sys=0.00, real=0.02 secs] 
2021-01-22T21:04:00.832-0800: 289.399: [GC (Allocation Failure) 2021-01-22T21:04:00.832-0800: 289.399: [DefNew: 314559K->34942K(314560K), 0.0151728 secs] 806985K->609714K(1013632K), 0.0152768 secs] [Times: user=0.01 sys=0.00, real=0.01 secs] 
2021-01-22T21:04:00.878-0800: 289.445: [GC (Allocation Failure) 2021-01-22T21:04:00.878-0800: 289.446: [DefNew: 314558K->34944K(314560K), 0.0144808 secs] 889330K->684711K(1013632K), 0.0146015 secs] [Times: user=0.02 sys=0.00, real=0.02 secs] 
2021-01-22T21:04:00.924-0800: 289.491: [GC (Allocation Failure) 2021-01-22T21:04:00.924-0800: 289.491: [DefNew: 314560K->314560K(314560K), 0.0000227 secs]2021-01-22T21:04:00.924-0800: 289.491: [Tenured: 649767K->395842K(699072K), 0.0479977 secs] 964327K->395842K(1013632K), [Metaspace: 2698K->2698K(1056768K)], 0.0481349 secs] [Times: user=0.04 sys=0.00, real=0.05 secs] 
2021-01-22T21:04:01.009-0800: 289.577: [GC (Allocation Failure) 2021-01-22T21:04:01.010-0800: 289.577: [DefNew: 279114K->34943K(314560K), 0.0121723 secs] 674956K->486597K(1013632K), 0.0122683 secs] [Times: user=0.01 sys=0.00, real=0.02 secs] 
2021-01-22T21:04:01.054-0800: 289.621: [GC (Allocation Failure) 2021-01-22T21:04:01.054-0800: 289.621: [DefNew: 314559K->34943K(314560K), 0.0134224 secs] 766213K->556546K(1013632K), 0.0135185 secs] [Times: user=0.02 sys=0.00, real=0.01 secs] 
2021-01-22T21:04:01.098-0800: 289.665: [GC (Allocation Failure) 2021-01-22T21:04:01.098-0800: 289.665: [DefNew: 314559K->34943K(314560K), 0.0152094 secs] 836162K->640637K(1013632K), 0.0153031 secs] [Times: user=0.02 sys=0.00, real=0.02 secs] 
2021-01-22T21:04:01.145-0800: 289.712: [GC (Allocation Failure) 2021-01-22T21:04:01.145-0800: 289.712: [DefNew: 314559K->314559K(314560K), 0.0000330 secs]2021-01-22T21:04:01.145-0800: 289.712: [Tenured: 605694K->390066K(699072K), 0.0461394 secs] 920253K->390066K(1013632K), [Metaspace: 2698K->2698K(1056768K)], 0.0463269 secs] [Times: user=0.05 sys=0.00, real=0.05 secs] 
2021-01-22T21:04:01.224-0800: 289.791: [GC (Allocation Failure) 2021-01-22T21:04:01.224-0800: 289.791: [DefNew: 279616K->34943K(314560K), 0.0112180 secs] 669682K->473067K(1013632K), 0.0113103 secs] [Times: user=0.01 sys=0.00, real=0.01 secs] 
2021-01-22T21:04:01.268-0800: 289.835: [GC (Allocation Failure) 2021-01-22T21:04:01.268-0800: 289.835: [DefNew: 314559K->34943K(314560K), 0.0140577 secs] 752683K->548150K(1013632K), 0.0141495 secs] [Times: user=0.01 sys=0.00, real=0.02 secs] 
2021-01-22T21:04:01.313-0800: 289.880: [GC (Allocation Failure) 2021-01-22T21:04:01.313-0800: 289.880: [DefNew: 314544K->34943K(314560K), 0.0147484 secs] 827751K->628088K(1013632K), 0.0148461 secs] [Times: user=0.02 sys=0.00, real=0.01 secs] 
2021-01-22T21:04:01.356-0800: 289.923: [GC (Allocation Failure) 2021-01-22T21:04:01.356-0800: 289.923: [DefNew: 314559K->314559K(314560K), 0.0000217 secs]2021-01-22T21:04:01.356-0800: 289.923: [Tenured: 593144K->396914K(699072K), 0.0480593 secs] 907704K->396914K(1013632K), [Metaspace: 2698K->2698K(1056768K)], 0.0481933 secs] [Times: user=0.04 sys=0.00, real=0.05 secs] 
2021-01-22T21:04:01.436-0800: 290.003: [GC (Allocation Failure) 2021-01-22T21:04:01.436-0800: 290.003: [DefNew: 279616K->34943K(314560K), 0.0110463 secs] 676530K->480205K(1013632K), 0.0111526 secs] [Times: user=0.02 sys=0.00, real=0.01 secs] 
2021-01-22T21:04:01.480-0800: 290.047: [GC (Allocation Failure) 2021-01-22T21:04:01.480-0800: 290.047: [DefNew: 314043K->34942K(314560K), 0.0163267 secs] 759304K->559003K(1013632K), 0.0164362 secs] [Times: user=0.01 sys=0.00, real=0.01 secs] 
2021-01-22T21:04:01.532-0800: 290.099: [GC (Allocation Failure) 2021-01-22T21:04:01.532-0800: 290.099: [DefNew: 314497K->34942K(314560K), 0.0139752 secs] 838558K->633704K(1013632K), 0.0140722 secs] [Times: user=0.01 sys=0.00, real=0.01 secs] 
2021-01-22T21:04:01.576-0800: 290.143: [GC (Allocation Failure) 2021-01-22T21:04:01.576-0800: 290.143: [DefNew: 314558K->314558K(314560K), 0.0000228 secs]2021-01-22T21:04:01.576-0800: 290.143: [Tenured: 598762K->372685K(699072K), 0.0491444 secs] 913320K->372685K(1013632K), [Metaspace: 2698K->2698K(1056768K)], 0.0492782 secs] [Times: user=0.05 sys=0.00, real=0.05 secs] 
2021-01-22T21:04:01.657-0800: 290.224: [GC (Allocation Failure) 2021-01-22T21:04:01.657-0800: 290.224: [DefNew: 279616K->34943K(314560K), 0.0119749 secs] 652301K->464690K(1013632K), 0.0120663 secs] [Times: user=0.01 sys=0.00, real=0.01 secs] 
2021-01-22T21:04:01.699-0800: 290.266: [GC (Allocation Failure) 2021-01-22T21:04:01.699-0800: 290.266: [DefNew: 314322K->34943K(314560K), 0.0149082 secs] 744069K->543598K(1013632K), 0.0150085 secs] [Times: user=0.02 sys=0.00, real=0.02 secs] 
2021-01-22T21:04:01.744-0800: 290.311: [GC (Allocation Failure) 2021-01-22T21:04:01.744-0800: 290.311: [DefNew: 314364K->34943K(314560K), 0.0145231 secs] 823019K->619630K(1013632K), 0.0146187 secs] [Times: user=0.02 sys=0.00, real=0.01 secs] 
2021-01-22T21:04:01.790-0800: 290.357: [GC (Allocation Failure) 2021-01-22T21:04:01.790-0800: 290.357: [DefNew: 314559K->34943K(314560K), 0.0146361 secs] 899246K->700131K(1013632K), 0.0147301 secs] [Times: user=0.01 sys=0.00, real=0.01 secs] 
2021-01-22T21:04:01.836-0800: 290.404: [GC (Allocation Failure) 2021-01-22T21:04:01.837-0800: 290.404: [DefNew: 314559K->314559K(314560K), 0.0000494 secs]2021-01-22T21:04:01.837-0800: 290.404: [Tenured: 665188K->405707K(699072K), 0.0463761 secs] 979747K->405707K(1013632K), [Metaspace: 2698K->2698K(1056768K)], 0.0465522 secs] [Times: user=0.04 sys=0.00, real=0.05 secs] 
2021-01-22T21:04:01.914-0800: 290.482: [GC (Allocation Failure) 2021-01-22T21:04:01.914-0800: 290.482: [DefNew: 279616K->34943K(314560K), 0.0118205 secs] 685323K->498611K(1013632K), 0.0119157 secs] [Times: user=0.01 sys=0.01, real=0.01 secs] 
2021-01-22T21:04:01.954-0800: 290.522: [GC (Allocation Failure) 2021-01-22T21:04:01.954-0800: 290.522: [DefNew: 314559K->34943K(314560K), 0.0153282 secs] 778227K->581426K(1013632K), 0.0154219 secs] [Times: user=0.02 sys=0.00, real=0.02 secs] 
2021-01-22T21:04:02.001-0800: 290.568: [GC (Allocation Failure) 2021-01-22T21:04:02.001-0800: 290.568: [DefNew: 314559K->34944K(314560K), 0.0203367 secs] 861042K->668269K(1013632K), 0.0204553 secs] [Times: user=0.02 sys=0.00, real=0.02 secs] 
2021-01-22T21:04:02.052-0800: 290.619: [GC (Allocation Failure) 2021-01-22T21:04:02.052-0800: 290.619: [DefNew: 314554K->314554K(314560K), 0.0000221 secs]2021-01-22T21:04:02.052-0800: 290.619: [Tenured: 633325K->408256K(699072K), 0.0484231 secs] 947879K->408256K(1013632K), [Metaspace: 2698K->2698K(1056768K)], 0.0485568 secs] [Times: user=0.04 sys=0.00, real=0.05 secs] 
2021-01-22T21:04:02.133-0800: 290.700: [GC (Allocation Failure) 2021-01-22T21:04:02.133-0800: 290.700: [DefNew: 279616K->34943K(314560K), 0.0116347 secs] 687872K->498959K(1013632K), 0.0117517 secs] [Times: user=0.01 sys=0.00, real=0.01 secs] 
2021-01-22T21:04:02.176-0800: 290.743: [GC (Allocation Failure) 2021-01-22T21:04:02.176-0800: 290.743: [DefNew: 314559K->34944K(314560K), 0.0138846 secs] 778575K->574330K(1013632K), 0.0139761 secs] [Times: user=0.01 sys=0.00, real=0.02 secs] 
2021-01-22T21:04:02.219-0800: 290.787: [GC (Allocation Failure) 2021-01-22T21:04:02.219-0800: 290.787: [DefNew: 314560K->34944K(314560K), 0.0135505 secs] 853946K->639506K(1013632K), 0.0136522 secs] [Times: user=0.01 sys=0.00, real=0.02 secs] 
2021-01-22T21:04:02.263-0800: 290.830: [GC (Allocation Failure) 2021-01-22T21:04:02.263-0800: 290.830: [DefNew: 314560K->314560K(314560K), 0.0000230 secs]2021-01-22T21:04:02.263-0800: 290.831: [Tenured: 604562K->383490K(699072K), 0.0460060 secs] 919122K->383490K(1013632K), [Metaspace: 2698K->2698K(1056768K)], 0.0461468 secs] [Times: user=0.05 sys=0.00, real=0.04 secs] 
2021-01-22T21:04:02.340-0800: 290.908: [GC (Allocation Failure) 2021-01-22T21:04:02.340-0800: 290.908: [DefNew: 279616K->34943K(314560K), 0.0106870 secs] 663106K->465802K(1013632K), 0.0108014 secs] [Times: user=0.01 sys=0.00, real=0.01 secs] 
2021-01-22T21:04:02.380-0800: 290.947: [GC (Allocation Failure) 2021-01-22T21:04:02.380-0800: 290.947: [DefNew: 314559K->34943K(314560K), 0.0148277 secs] 745418K->547589K(1013632K), 0.0149249 secs] [Times: user=0.01 sys=0.00, real=0.01 secs] 
2021-01-22T21:04:02.427-0800: 290.994: [GC (Allocation Failure) 2021-01-22T21:04:02.427-0800: 290.995: [DefNew: 314559K->34943K(314560K), 0.0140085 secs] 827205K->621445K(1013632K), 0.0141046 secs] [Times: user=0.02 sys=0.00, real=0.02 secs] 
2021-01-22T21:04:02.472-0800: 291.039: [GC (Allocation Failure) 2021-01-22T21:04:02.472-0800: 291.039: [DefNew: 314559K->34941K(314560K), 0.0137203 secs] 901061K->692808K(1013632K), 0.0138171 secs] [Times: user=0.01 sys=0.00, real=0.01 secs] 
2021-01-22T21:04:02.523-0800: 291.090: [GC (Allocation Failure) 2021-01-22T21:04:02.523-0800: 291.090: [DefNew: 314557K->314557K(314560K), 0.0000229 secs]2021-01-22T21:04:02.523-0800: 291.090: [Tenured: 657867K->373280K(699072K), 0.0496874 secs] 972424K->373280K(1013632K), [Metaspace: 2698K->2698K(1056768K)], 0.0498275 secs] [Times: user=0.04 sys=0.00, real=0.05 secs] 
2021-01-22T21:04:02.609-0800: 291.177: [GC (Allocation Failure) 2021-01-22T21:04:02.609-0800: 291.177: [DefNew: 279174K->34944K(314560K), 0.0110289 secs] 652454K->462149K(1013632K), 0.0111219 secs] [Times: user=0.01 sys=0.00, real=0.02 secs] 
2021-01-22T21:04:02.650-0800: 291.217: [GC (Allocation Failure) 2021-01-22T21:04:02.650-0800: 291.217: [DefNew: 314560K->34944K(314560K), 0.0156814 secs] 741765K->546834K(1013632K), 0.0157759 secs] [Times: user=0.01 sys=0.00, real=0.01 secs] 
2021-01-22T21:04:02.697-0800: 291.265: [GC (Allocation Failure) 2021-01-22T21:04:02.697-0800: 291.265: [DefNew: 314560K->34943K(314560K), 0.0141032 secs] 826450K->622334K(1013632K), 0.0142092 secs] [Times: user=0.02 sys=0.00, real=0.02 secs] 
2021-01-22T21:04:02.742-0800: 291.309: [GC (Allocation Failure) 2021-01-22T21:04:02.742-0800: 291.309: [DefNew: 314559K->34943K(314560K), 0.0146672 secs] 901950K->698257K(1013632K), 0.0147803 secs] [Times: user=0.01 sys=0.00, real=0.01 secs] 
2021-01-22T21:04:02.790-0800: 291.357: [GC (Allocation Failure) 2021-01-22T21:04:02.790-0800: 291.357: [DefNew: 314559K->314559K(314560K), 0.0000220 secs]2021-01-22T21:04:02.790-0800: 291.357: [Tenured: 663313K->403902K(699072K), 0.0466362 secs] 977873K->403902K(1013632K), [Metaspace: 2698K->2698K(1056768K)], 0.0467678 secs] [Times: user=0.05 sys=0.00, real=0.04 secs] 
2021-01-22T21:04:02.867-0800: 291.434: [GC (Allocation Failure) 2021-01-22T21:04:02.867-0800: 291.434: [DefNew: 279616K->34943K(314560K), 0.0123383 secs] 683518K->495571K(1013632K), 0.0124335 secs] [Times: user=0.01 sys=0.00, real=0.02 secs] 
2021-01-22T21:04:02.911-0800: 291.478: [GC (Allocation Failure) 2021-01-22T21:04:02.911-0800: 291.478: [DefNew: 314559K->34944K(314560K), 0.0145959 secs] 775187K->576132K(1013632K), 0.0146902 secs] [Times: user=0.01 sys=0.00, real=0.01 secs] 
2021-01-22T21:04:02.957-0800: 291.524: [GC (Allocation Failure) 2021-01-22T21:04:02.957-0800: 291.524: [DefNew: 314560K->34944K(314560K), 0.0144760 secs] 855748K->652300K(1013632K), 0.0145706 secs] [Times: user=0.02 sys=0.00, real=0.02 secs] 
2021-01-22T21:04:03.008-0800: 291.575: [GC (Allocation Failure) 2021-01-22T21:04:03.008-0800: 291.575: [DefNew: 314560K->314560K(314560K), 0.0000244 secs]2021-01-22T21:04:03.008-0800: 291.575: [Tenured: 617356K->411937K(699072K), 0.0492527 secs] 931916K->411937K(1013632K), [Metaspace: 2698K->2698K(1056768K)], 0.0494071 secs] [Times: user=0.05 sys=0.00, real=0.05 secs] 
2021-01-22T21:04:03.090-0800: 291.657: [GC (Allocation Failure) 2021-01-22T21:04:03.090-0800: 291.657: [DefNew: 279517K->34943K(314560K), 0.0109914 secs] 691454K->497350K(1013632K), 0.0110854 secs] [Times: user=0.01 sys=0.00, real=0.01 secs] 
2021-01-22T21:04:03.132-0800: 291.699: [GC (Allocation Failure) 2021-01-22T21:04:03.132-0800: 291.699: [DefNew: 314559K->34943K(314560K), 0.0154058 secs] 776966K->580622K(1013632K), 0.0154978 secs] [Times: user=0.02 sys=0.00, real=0.01 secs] 
2021-01-22T21:04:03.178-0800: 291.745: [GC (Allocation Failure) 2021-01-22T21:04:03.178-0800: 291.745: [DefNew: 314559K->34943K(314560K), 0.0145454 secs] 860238K->658446K(1013632K), 0.0146575 secs] [Times: user=0.01 sys=0.00, real=0.02 secs] 
2021-01-22T21:04:03.224-0800: 291.791: [GC (Allocation Failure) 2021-01-22T21:04:03.224-0800: 291.791: [DefNew: 314559K->314559K(314560K), 0.0000236 secs]2021-01-22T21:04:03.224-0800: 291.791: [Tenured: 623503K->402500K(699072K), 0.0499058 secs] 938062K->402500K(1013632K), [Metaspace: 2698K->2698K(1056768K)], 0.0500507 secs] [Times: user=0.05 sys=0.00, real=0.05 secs] 
2021-01-22T21:04:03.306-0800: 291.873: [GC (Allocation Failure) 2021-01-22T21:04:03.306-0800: 291.873: [DefNew: 279616K->34941K(314560K), 0.0101755 secs] 682116K->481878K(1013632K), 0.0102697 secs] [Times: user=0.01 sys=0.00, real=0.01 secs] 
2021-01-22T21:04:03.347-0800: 291.914: [GC (Allocation Failure) 2021-01-22T21:04:03.347-0800: 291.914: [DefNew: 314557K->34943K(314560K), 0.0140010 secs] 761494K->557226K(1013632K), 0.0141311 secs] [Times: user=0.02 sys=0.00, real=0.02 secs] 
2021-01-22T21:04:03.391-0800: 291.959: [GC (Allocation Failure) 2021-01-22T21:04:03.391-0800: 291.959: [DefNew: 314559K->34943K(314560K), 0.0148338 secs] 836842K->641050K(1013632K), 0.0149254 secs] [Times: user=0.01 sys=0.00, real=0.01 secs] 
2021-01-22T21:04:03.437-0800: 292.004: [GC (Allocation Failure) 2021-01-22T21:04:03.437-0800: 292.004: [DefNew: 314503K->314503K(314560K), 0.0000215 secs]2021-01-22T21:04:03.437-0800: 292.004: [Tenured: 606107K->380349K(699072K), 0.0498416 secs] 920610K->380349K(1013632K), [Metaspace: 2698K->2698K(1056768K)], 0.0500172 secs] [Times: user=0.05 sys=0.00, real=0.05 secs] 
2021-01-22T21:04:03.523-0800: 292.090: [GC (Allocation Failure) 2021-01-22T21:04:03.523-0800: 292.090: [DefNew: 279616K->34943K(314560K), 0.0108734 secs] 659965K->463797K(1013632K), 0.0109792 secs] [Times: user=0.01 sys=0.00, real=0.01 secs] 
2021-01-22T21:04:03.564-0800: 292.131: [GC (Allocation Failure) 2021-01-22T21:04:03.564-0800: 292.132: [DefNew: 314559K->34943K(314560K), 0.0137678 secs] 743413K->535307K(1013632K), 0.0138629 secs] [Times: user=0.02 sys=0.00, real=0.01 secs] 
2021-01-22T21:04:03.610-0800: 292.177: [GC (Allocation Failure) 2021-01-22T21:04:03.610-0800: 292.178: [DefNew: 314559K->34943K(314560K), 0.0149444 secs] 814923K->616877K(1013632K), 0.0150516 secs] [Times: user=0.01 sys=0.00, real=0.01 secs] 
2021-01-22T21:04:03.656-0800: 292.224: [GC (Allocation Failure) 2021-01-22T21:04:03.656-0800: 292.224: [DefNew: 314559K->34943K(314560K), 0.0151797 secs] 896493K->699927K(1013632K), 0.0152758 secs] [Times: user=0.02 sys=0.00, real=0.02 secs] 
2021-01-22T21:04:03.702-0800: 292.269: [GC (Allocation Failure) 2021-01-22T21:04:03.702-0800: 292.269: [DefNew: 314559K->314559K(314560K), 0.0000221 secs]2021-01-22T21:04:03.702-0800: 292.269: [Tenured: 664983K->408860K(699072K), 0.0478036 secs] 979543K->408860K(1013632K), [Metaspace: 2698K->2698K(1056768K)], 0.0479353 secs] [Times: user=0.05 sys=0.00, real=0.05 secs] 
2021-01-22T21:04:03.782-0800: 292.349: [GC (Allocation Failure) 2021-01-22T21:04:03.782-0800: 292.349: [DefNew: 279616K->34943K(314560K), 0.0120833 secs] 688476K->504142K(1013632K), 0.0121922 secs] [Times: user=0.01 sys=0.00, real=0.01 secs] 
2021-01-22T21:04:03.822-0800: 292.389: [GC (Allocation Failure) 2021-01-22T21:04:03.822-0800: 292.389: [DefNew: 314415K->34943K(314560K), 0.0153458 secs] 783613K->588811K(1013632K), 0.0154395 secs] [Times: user=0.01 sys=0.00, real=0.01 secs] 
2021-01-22T21:04:03.868-0800: 292.435: [GC (Allocation Failure) 2021-01-22T21:04:03.868-0800: 292.435: [DefNew: 314559K->34943K(314560K), 0.0143774 secs] 868427K->663764K(1013632K), 0.0144723 secs] [Times: user=0.02 sys=0.00, real=0.02 secs] 
2021-01-22T21:04:03.912-0800: 292.479: [GC (Allocation Failure) 2021-01-22T21:04:03.912-0800: 292.479: [DefNew: 314497K->314497K(314560K), 0.0000264 secs]2021-01-22T21:04:03.912-0800: 292.479: [Tenured: 628821K->406104K(699072K), 0.0482692 secs] 943319K->406104K(1013632K), [Metaspace: 2698K->2698K(1056768K)], 0.0484197 secs] [Times: user=0.05 sys=0.00, real=0.05 secs] 
2021-01-22T21:04:03.992-0800: 292.559: [GC (Allocation Failure) 2021-01-22T21:04:03.992-0800: 292.560: [DefNew: 279616K->34943K(314560K), 0.0180277 secs] 685720K->493579K(1013632K), 0.0181491 secs] [Times: user=0.02 sys=0.00, real=0.02 secs] 
2021-01-22T21:04:04.042-0800: 292.609: [GC (Allocation Failure) 2021-01-22T21:04:04.042-0800: 292.609: [DefNew: 314559K->34944K(314560K), 0.0156876 secs] 773195K->579538K(1013632K), 0.0157855 secs] [Times: user=0.02 sys=0.00, real=0.01 secs] 
2021-01-22T21:04:04.088-0800: 292.655: [GC (Allocation Failure) 2021-01-22T21:04:04.088-0800: 292.655: [DefNew: 314560K->34943K(314560K), 0.0144724 secs] 859154K->655754K(1013632K), 0.0145672 secs] [Times: user=0.01 sys=0.00, real=0.02 secs] 
2021-01-22T21:04:04.131-0800: 292.698: [GC (Allocation Failure) 2021-01-22T21:04:04.131-0800: 292.698: [DefNew: 314559K->314559K(314560K), 0.0000369 secs]2021-01-22T21:04:04.131-0800: 292.698: [Tenured: 620810K->406227K(699072K), 0.0491464 secs] 935370K->406227K(1013632K), [Metaspace: 2698K->2698K(1056768K)], 0.0493275 secs] [Times: user=0.05 sys=0.00, real=0.05 secs] 
2021-01-22T21:04:04.213-0800: 292.780: [GC (Allocation Failure) 2021-01-22T21:04:04.213-0800: 292.780: [DefNew: 279616K->34943K(314560K), 0.0116262 secs] 685843K->496848K(1013632K), 0.0117194 secs] [Times: user=0.01 sys=0.00, real=0.01 secs] 
2021-01-22T21:04:04.254-0800: 292.821: [GC (Allocation Failure) 2021-01-22T21:04:04.254-0800: 292.821: [DefNew: 314559K->34944K(314560K), 0.0154598 secs] 776464K->583020K(1013632K), 0.0155568 secs] [Times: user=0.01 sys=0.00, real=0.01 secs] 
2021-01-22T21:04:04.302-0800: 292.869: [GC (Allocation Failure) 2021-01-22T21:04:04.302-0800: 292.870: [DefNew: 314560K->34944K(314560K), 0.0145565 secs] 862636K->661120K(1013632K), 0.0146494 secs] [Times: user=0.01 sys=0.00, real=0.01 secs] 
2021-01-22T21:04:04.347-0800: 292.914: [GC (Allocation Failure) 2021-01-22T21:04:04.347-0800: 292.914: [DefNew: 314560K->314560K(314560K), 0.0000421 secs]2021-01-22T21:04:04.347-0800: 292.914: [Tenured: 626176K->371968K(699072K), 0.0484595 secs] 940736K->371968K(1013632K), [Metaspace: 2698K->2698K(1056768K)], 0.0486444 secs] [Times: user=0.05 sys=0.00, real=0.05 secs] 
2021-01-22T21:04:04.425-0800: 292.992: [GC (Allocation Failure) 2021-01-22T21:04:04.425-0800: 292.992: [DefNew: 279616K->34943K(314560K), 0.0120345 secs] 651584K->463178K(1013632K), 0.0121513 secs] [Times: user=0.01 sys=0.00, real=0.01 secs] 
2021-01-22T21:04:04.467-0800: 293.034: [GC (Allocation Failure) 2021-01-22T21:04:04.467-0800: 293.034: [DefNew: 314559K->34943K(314560K), 0.0148460 secs] 742794K->544776K(1013632K), 0.0149400 secs] [Times: user=0.01 sys=0.00, real=0.02 secs] 
2021-01-22T21:04:04.518-0800: 293.085: [GC (Allocation Failure) 2021-01-22T21:04:04.518-0800: 293.085: [DefNew: 314559K->34943K(314560K), 0.0157257 secs] 824392K->629480K(1013632K), 0.0158181 secs] [Times: user=0.01 sys=0.00, real=0.02 secs] 
2021-01-22T21:04:04.564-0800: 293.132: [GC (Allocation Failure) 2021-01-22T21:04:04.564-0800: 293.132: [DefNew: 314559K->314559K(314560K), 0.0000220 secs]2021-01-22T21:04:04.565-0800: 293.132: [Tenured: 594536K->411975K(699072K), 0.0467302 secs] 909096K->411975K(1013632K), [Metaspace: 2698K->2698K(1056768K)], 0.0471340 secs] [Times: user=0.05 sys=0.01, real=0.05 secs] 
2021-01-22T21:04:04.644-0800: 293.211: [GC (Allocation Failure) 2021-01-22T21:04:04.644-0800: 293.211: [DefNew: 279616K->34944K(314560K), 0.0107473 secs] 691591K->496601K(1013632K), 0.0108484 secs] [Times: user=0.01 sys=0.00, real=0.01 secs] 
2021-01-22T21:04:04.686-0800: 293.253: [GC (Allocation Failure) 2021-01-22T21:04:04.686-0800: 293.253: [DefNew: 314560K->34942K(314560K), 0.0145864 secs] 776217K->577703K(1013632K), 0.0146818 secs] [Times: user=0.01 sys=0.00, real=0.02 secs] 
2021-01-22T21:04:04.730-0800: 293.297: [GC (Allocation Failure) 2021-01-22T21:04:04.730-0800: 293.297: [DefNew: 314558K->34943K(314560K), 0.0145430 secs] 857319K->657926K(1013632K), 0.0146478 secs] [Times: user=0.02 sys=0.00, real=0.01 secs] 
2021-01-22T21:04:04.779-0800: 293.347: [GC (Allocation Failure) 2021-01-22T21:04:04.780-0800: 293.347: [DefNew: 314559K->314559K(314560K), 0.0000230 secs]2021-01-22T21:04:04.780-0800: 293.347: [Tenured: 622982K->410564K(699072K), 0.0483899 secs] 937542K->410564K(1013632K), [Metaspace: 2698K->2698K(1056768K)], 0.0485583 secs] [Times: user=0.05 sys=0.00, real=0.05 secs] 
2021-01-22T21:04:04.860-0800: 293.427: [GC (Allocation Failure) 2021-01-22T21:04:04.860-0800: 293.427: [DefNew: 279616K->34943K(314560K), 0.0112676 secs] 690180K->498252K(1013632K), 0.0113637 secs] [Times: user=0.01 sys=0.00, real=0.01 secs] 
2021-01-22T21:04:04.902-0800: 293.469: [GC (Allocation Failure) 2021-01-22T21:04:04.902-0800: 293.469: [DefNew: 314559K->34944K(314560K), 0.0140019 secs] 777868K->573247K(1013632K), 0.0140944 secs] [Times: user=0.01 sys=0.00, real=0.01 secs] 
2021-01-22T21:04:04.945-0800: 293.513: [GC (Allocation Failure) 2021-01-22T21:04:04.945-0800: 293.513: [DefNew: 314560K->34943K(314560K), 0.0149453 secs] 852863K->652736K(1013632K), 0.0150546 secs] [Times: user=0.02 sys=0.00, real=0.02 secs] 
2021-01-22T21:04:04.990-0800: 293.557: [GC (Allocation Failure) 2021-01-22T21:04:04.990-0800: 293.557: [DefNew: 314559K->314559K(314560K), 0.0000225 secs]2021-01-22T21:04:04.990-0800: 293.557: [Tenured: 617792K->406180K(699072K), 0.0562688 secs] 932352K->406180K(1013632K), [Metaspace: 2698K->2698K(1056768K)], 0.0564033 secs] [Times: user=0.05 sys=0.00, real=0.05 secs] 
2021-01-22T21:04:05.078-0800: 293.646: [GC (Allocation Failure) 2021-01-22T21:04:05.078-0800: 293.646: [DefNew: 279616K->34943K(314560K), 0.0105721 secs] 685796K->488909K(1013632K), 0.0106681 secs] [Times: user=0.01 sys=0.00, real=0.01 secs] 
2021-01-22T21:04:05.119-0800: 293.686: [GC (Allocation Failure) 2021-01-22T21:04:05.119-0800: 293.686: [DefNew: 314559K->34943K(314560K), 0.0134657 secs] 768525K->559683K(1013632K), 0.0135590 secs] [Times: user=0.02 sys=0.00, real=0.02 secs] 
2021-01-22T21:04:05.164-0800: 293.731: [GC (Allocation Failure) 2021-01-22T21:04:05.164-0800: 293.731: [DefNew: 314559K->34943K(314560K), 0.0138416 secs] 839299K->635449K(1013632K), 0.0139356 secs] [Times: user=0.01 sys=0.00, real=0.01 secs] 
2021-01-22T21:04:05.210-0800: 293.777: [GC (Allocation Failure) 2021-01-22T21:04:05.210-0800: 293.777: [DefNew: 314241K->314241K(314560K), 0.0000230 secs]2021-01-22T21:04:05.210-0800: 293.777: [Tenured: 600505K->361359K(699072K), 0.0484542 secs] 914747K->361359K(1013632K), [Metaspace: 2698K->2698K(1056768K)], 0.0485852 secs] [Times: user=0.05 sys=0.00, real=0.04 secs] 
2021-01-22T21:04:05.290-0800: 293.857: [GC (Allocation Failure) 2021-01-22T21:04:05.290-0800: 293.858: [DefNew: 279616K->34943K(314560K), 0.0117031 secs] 640975K->452131K(1013632K), 0.0117937 secs] [Times: user=0.01 sys=0.00, real=0.01 secs] 
2021-01-22T21:04:05.332-0800: 293.899: [GC (Allocation Failure) 2021-01-22T21:04:05.332-0800: 293.900: [DefNew: 314559K->34943K(314560K), 0.0154895 secs] 731747K->539615K(1013632K), 0.0156481 secs] [Times: user=0.02 sys=0.00, real=0.01 secs] 
2021-01-22T21:04:05.379-0800: 293.947: [GC (Allocation Failure) 2021-01-22T21:04:05.379-0800: 293.947: [DefNew: 314559K->34943K(314560K), 0.0144822 secs] 819231K->618458K(1013632K), 0.0145771 secs] [Times: user=0.01 sys=0.00, real=0.02 secs] 
2021-01-22T21:04:05.425-0800: 293.992: [GC (Allocation Failure) 2021-01-22T21:04:05.425-0800: 293.992: [DefNew: 314559K->34942K(314560K), 0.0146939 secs] 898074K->695776K(1013632K), 0.0147877 secs] [Times: user=0.02 sys=0.00, real=0.02 secs] 
2021-01-22T21:04:05.469-0800: 294.036: [GC (Allocation Failure) 2021-01-22T21:04:05.469-0800: 294.036: [DefNew: 314558K->314558K(314560K), 0.0000221 secs]2021-01-22T21:04:05.469-0800: 294.036: [Tenured: 660834K->413467K(699072K), 0.0548329 secs] 975392K->413467K(1013632K), [Metaspace: 2698K->2698K(1056768K)], 0.0549682 secs] [Times: user=0.06 sys=0.00, real=0.06 secs] 
2021-01-22T21:04:05.555-0800: 294.122: [GC (Allocation Failure) 2021-01-22T21:04:05.555-0800: 294.122: [DefNew: 279616K->34942K(314560K), 0.0129814 secs] 693083K->508808K(1013632K), 0.0130788 secs] [Times: user=0.01 sys=0.00, real=0.01 secs] 
2021-01-22T21:04:05.599-0800: 294.166: [GC (Allocation Failure) 2021-01-22T21:04:05.599-0800: 294.166: [DefNew: 314558K->34943K(314560K), 0.0164718 secs] 788424K->592315K(1013632K), 0.0165722 secs] [Times: user=0.02 sys=0.00, real=0.02 secs] 
2021-01-22T21:04:05.647-0800: 294.214: [GC (Allocation Failure) 2021-01-22T21:04:05.647-0800: 294.214: [DefNew: 314559K->34943K(314560K), 0.0146939 secs] 871931K->672138K(1013632K), 0.0147922 secs] [Times: user=0.01 sys=0.00, real=0.02 secs] 
2021-01-22T21:04:05.692-0800: 294.259: [GC (Allocation Failure) 2021-01-22T21:04:05.692-0800: 294.259: [DefNew: 314559K->314559K(314560K), 0.0000216 secs]2021-01-22T21:04:05.692-0800: 294.259: [Tenured: 637194K->403056K(699072K), 0.0484097 secs] 951754K->403056K(1013632K), [Metaspace: 2698K->2698K(1056768K)], 0.0485449 secs] [Times: user=0.05 sys=0.00, real=0.05 secs] 
2021-01-22T21:04:05.771-0800: 294.338: [GC (Allocation Failure) 2021-01-22T21:04:05.771-0800: 294.338: [DefNew: 279616K->34941K(314560K), 0.0124566 secs] 682672K->500101K(1013632K), 0.0125773 secs] [Times: user=0.01 sys=0.00, real=0.01 secs] 
2021-01-22T21:04:05.815-0800: 294.382: [GC (Allocation Failure) 2021-01-22T21:04:05.815-0800: 294.382: [DefNew: 314557K->34943K(314560K), 0.0134201 secs] 779717K->571256K(1013632K), 0.0135218 secs] [Times: user=0.02 sys=0.00, real=0.01 secs] 
2021-01-22T21:04:05.859-0800: 294.426: [GC (Allocation Failure) 2021-01-22T21:04:05.859-0800: 294.426: [DefNew: 314559K->34944K(314560K), 0.0147513 secs] 850872K->650443K(1013632K), 0.0148488 secs] [Times: user=0.01 sys=0.00, real=0.02 secs] 
2021-01-22T21:04:05.904-0800: 294.471: [GC (Allocation Failure) 2021-01-22T21:04:05.904-0800: 294.471: [DefNew: 314560K->314560K(314560K), 0.0000387 secs]2021-01-22T21:04:05.904-0800: 294.471: [Tenured: 615499K->405654K(699072K), 0.0477027 secs] 930059K->405654K(1013632K), [Metaspace: 2698K->2698K(1056768K)], 0.0478911 secs] [Times: user=0.05 sys=0.00, real=0.05 secs] 
2021-01-22T21:04:05.985-0800: 294.552: [GC (Allocation Failure) 2021-01-22T21:04:05.985-0800: 294.552: [DefNew: 279616K->34943K(314560K), 0.0102940 secs] 685270K->485383K(1013632K), 0.0104105 secs] [Times: user=0.01 sys=0.00, real=0.01 secs] 
2021-01-22T21:04:06.033-0800: 294.600: [GC (Allocation Failure) 2021-01-22T21:04:06.033-0800: 294.600: [DefNew: 314559K->34944K(314560K), 0.0143327 secs] 764999K->558574K(1013632K), 0.0144267 secs] [Times: user=0.01 sys=0.00, real=0.01 secs] 
2021-01-22T21:04:06.078-0800: 294.645: [GC (Allocation Failure) 2021-01-22T21:04:06.078-0800: 294.645: [DefNew: 314560K->34944K(314560K), 0.0144525 secs] 838190K->637076K(1013632K), 0.0145442 secs] [Times: user=0.01 sys=0.00, real=0.02 secs] 
2021-01-22T21:04:06.123-0800: 294.690: [GC (Allocation Failure) 2021-01-22T21:04:06.123-0800: 294.690: [DefNew: 314560K->314560K(314560K), 0.0000223 secs]2021-01-22T21:04:06.123-0800: 294.690: [Tenured: 602132K->368729K(699072K), 0.0486249 secs] 916692K->368729K(1013632K), [Metaspace: 2698K->2698K(1056768K)], 0.0487532 secs] [Times: user=0.05 sys=0.00, real=0.05 secs] 
2021-01-22T21:04:06.204-0800: 294.771: [GC (Allocation Failure) 2021-01-22T21:04:06.204-0800: 294.771: [DefNew: 279616K->34943K(314560K), 0.0110551 secs] 648345K->453387K(1013632K), 0.0111451 secs] [Times: user=0.01 sys=0.00, real=0.01 secs] 
2021-01-22T21:04:06.246-0800: 294.813: [GC (Allocation Failure) 2021-01-22T21:04:06.246-0800: 294.813: [DefNew: 314559K->34943K(314560K), 0.0146446 secs] 733003K->530510K(1013632K), 0.0147408 secs] [Times: user=0.02 sys=0.00, real=0.02 secs] 
2021-01-22T21:04:06.291-0800: 294.859: [GC (Allocation Failure) 2021-01-22T21:04:06.291-0800: 294.859: [DefNew: 314559K->34943K(314560K), 0.0147628 secs] 810126K->609967K(1013632K), 0.0148574 secs] [Times: user=0.01 sys=0.00, real=0.01 secs] 
2021-01-22T21:04:06.338-0800: 294.905: [GC (Allocation Failure) 2021-01-22T21:04:06.338-0800: 294.905: [DefNew: 314559K->34944K(314560K), 0.0138583 secs] 889583K->683421K(1013632K), 0.0139498 secs] [Times: user=0.02 sys=0.00, real=0.02 secs] 
2021-01-22T21:04:06.383-0800: 294.950: [GC (Allocation Failure) 2021-01-22T21:04:06.383-0800: 294.950: [DefNew: 314560K->314560K(314560K), 0.0000243 secs]2021-01-22T21:04:06.383-0800: 294.950: [Tenured: 648477K->402463K(699072K), 0.0470945 secs] 963037K->402463K(1013632K), [Metaspace: 2698K->2698K(1056768K)], 0.0473259 secs] [Times: user=0.04 sys=0.00, real=0.05 secs] 
2021-01-22T21:04:06.462-0800: 295.029: [GC (Allocation Failure) 2021-01-22T21:04:06.462-0800: 295.029: [DefNew: 279616K->34943K(314560K), 0.0117744 secs] 682079K->492393K(1013632K), 0.0118750 secs] [Times: user=0.02 sys=0.00, real=0.01 secs] 
2021-01-22T21:04:06.508-0800: 295.075: [GC (Allocation Failure) 2021-01-22T21:04:06.508-0800: 295.075: [DefNew: 314559K->34943K(314560K), 0.0183629 secs] 772009K->565157K(1013632K), 0.0184567 secs] [Times: user=0.02 sys=0.00, real=0.02 secs] 
2021-01-22T21:04:06.557-0800: 295.124: [GC (Allocation Failure) 2021-01-22T21:04:06.557-0800: 295.124: [DefNew: 314559K->34943K(314560K), 0.0147808 secs] 844773K->641825K(1013632K), 0.0148771 secs] [Times: user=0.01 sys=0.00, real=0.02 secs] 
2021-01-22T21:04:06.602-0800: 295.169: [GC (Allocation Failure) 2021-01-22T21:04:06.602-0800: 295.170: [DefNew: 314430K->314430K(314560K), 0.0000225 secs]2021-01-22T21:04:06.602-0800: 295.170: [Tenured: 606882K->403943K(699072K), 0.0483818 secs] 921312K->403943K(1013632K), [Metaspace: 2698K->2698K(1056768K)], 0.0485141 secs] [Times: user=0.05 sys=0.00, real=0.05 secs] 
2021-01-22T21:04:06.683-0800: 295.250: [GC (Allocation Failure) 2021-01-22T21:04:06.683-0800: 295.250: [DefNew: 279616K->34943K(314560K), 0.0120653 secs] 683559K->495380K(1013632K), 0.0121591 secs] [Times: user=0.01 sys=0.00, real=0.01 secs] 
2021-01-22T21:04:06.726-0800: 295.293: [GC (Allocation Failure) 2021-01-22T21:04:06.726-0800: 295.293: [DefNew: 314284K->34943K(314560K), 0.0148986 secs] 774722K->576493K(1013632K), 0.0149955 secs] [Times: user=0.02 sys=0.00, real=0.02 secs] 
2021-01-22T21:04:06.771-0800: 295.338: [GC (Allocation Failure) 2021-01-22T21:04:06.771-0800: 295.338: [DefNew: 314559K->34944K(314560K), 0.0146665 secs] 856109K->652045K(1013632K), 0.0147589 secs] [Times: user=0.01 sys=0.00, real=0.01 secs] 
2021-01-22T21:04:06.816-0800: 295.383: [GC (Allocation Failure) 2021-01-22T21:04:06.816-0800: 295.383: [DefNew: 314560K->314560K(314560K), 0.0000211 secs]2021-01-22T21:04:06.816-0800: 295.383: [Tenured: 617101K->391049K(699072K), 0.0480610 secs] 931661K->391049K(1013632K), [Metaspace: 2698K->2698K(1056768K)], 0.0482004 secs] [Times: user=0.04 sys=0.00, real=0.05 secs] 
2021-01-22T21:04:06.895-0800: 295.462: [GC (Allocation Failure) 2021-01-22T21:04:06.895-0800: 295.462: [DefNew: 279616K->34943K(314560K), 0.0114163 secs] 670665K->473689K(1013632K), 0.0115238 secs] [Times: user=0.01 sys=0.00, real=0.01 secs] 
2021-01-22T21:04:06.934-0800: 295.501: [GC (Allocation Failure) 2021-01-22T21:04:06.934-0800: 295.502: [DefNew: 314559K->34943K(314560K), 0.0149114 secs] 753305K->553922K(1013632K), 0.0150060 secs] [Times: user=0.02 sys=0.00, real=0.01 secs] 
2021-01-22T21:04:06.979-0800: 295.546: [GC (Allocation Failure) 2021-01-22T21:04:06.979-0800: 295.547: [DefNew: 314152K->34943K(314560K), 0.0151970 secs] 833130K->638995K(1013632K), 0.0152925 secs] [Times: user=0.01 sys=0.00, real=0.02 secs] 
2021-01-22T21:04:07.033-0800: 295.601: [GC (Allocation Failure) 2021-01-22T21:04:07.034-0800: 295.601: [DefNew: 314559K->314559K(314560K), 0.0000226 secs]2021-01-22T21:04:07.034-0800: 295.601: [Tenured: 604051K->374186K(699072K), 0.0509984 secs] 918611K->374186K(1013632K), [Metaspace: 2698K->2698K(1056768K)], 0.0511276 secs] [Times: user=0.05 sys=0.00, real=0.05 secs] 
2021-01-22T21:04:07.116-0800: 295.683: [GC (Allocation Failure) 2021-01-22T21:04:07.116-0800: 295.683: [DefNew: 279616K->34943K(314560K), 0.0110675 secs] 653802K->460668K(1013632K), 0.0111730 secs] [Times: user=0.01 sys=0.00, real=0.01 secs] 
2021-01-22T21:04:07.159-0800: 295.726: [GC (Allocation Failure) 2021-01-22T21:04:07.159-0800: 295.726: [DefNew: 314559K->34943K(314560K), 0.0147360 secs] 740284K->538771K(1013632K), 0.0148482 secs] [Times: user=0.01 sys=0.00, real=0.02 secs] 
2021-01-22T21:04:07.202-0800: 295.769: [GC (Allocation Failure) 2021-01-22T21:04:07.202-0800: 295.770: [DefNew: 314559K->34942K(314560K), 0.0152290 secs] 818387K->620121K(1013632K), 0.0153264 secs] [Times: user=0.02 sys=0.00, real=0.01 secs] 
2021-01-22T21:04:07.249-0800: 295.817: [GC (Allocation Failure) 2021-01-22T21:04:07.249-0800: 295.817: [DefNew: 314327K->34943K(314560K), 0.0151153 secs] 899506K->702776K(1013632K), 0.0152102 secs] [Times: user=0.01 sys=0.00, real=0.02 secs] 
2021-01-22T21:04:07.295-0800: 295.862: [GC (Allocation Failure) 2021-01-22T21:04:07.295-0800: 295.862: [DefNew: 314559K->314559K(314560K), 0.0000241 secs]2021-01-22T21:04:07.295-0800: 295.862: [Tenured: 667832K->412575K(699072K), 0.0480165 secs] 982392K->412575K(1013632K), [Metaspace: 2698K->2698K(1056768K)], 0.0481642 secs] [Times: user=0.05 sys=0.00, real=0.05 secs] 
2021-01-22T21:04:07.375-0800: 295.942: [GC (Allocation Failure) 2021-01-22T21:04:07.375-0800: 295.942: [DefNew: 279616K->34942K(314560K), 0.0105578 secs] 692191K->495362K(1013632K), 0.0106546 secs] [Times: user=0.01 sys=0.00, real=0.01 secs] 
2021-01-22T21:04:07.415-0800: 295.982: [GC (Allocation Failure) 2021-01-22T21:04:07.415-0800: 295.982: [DefNew: 314558K->34942K(314560K), 0.0144520 secs] 774978K->573561K(1013632K), 0.0145465 secs] [Times: user=0.01 sys=0.00, real=0.02 secs] 
2021-01-22T21:04:07.462-0800: 296.029: [GC (Allocation Failure) 2021-01-22T21:04:07.462-0800: 296.029: [DefNew: 314558K->34943K(314560K), 0.0147569 secs] 853177K->656278K(1013632K), 0.0148555 secs] [Times: user=0.02 sys=0.00, real=0.01 secs] 
2021-01-22T21:04:07.509-0800: 296.077: [GC (Allocation Failure) 2021-01-22T21:04:07.509-0800: 296.077: [DefNew: 314559K->314559K(314560K), 0.0000242 secs]2021-01-22T21:04:07.510-0800: 296.077: [Tenured: 621334K->406043K(699072K), 0.0540790 secs] 935894K->406043K(1013632K), [Metaspace: 2698K->2698K(1056768K)], 0.0542192 secs] [Times: user=0.05 sys=0.00, real=0.06 secs] 
2021-01-22T21:04:07.596-0800: 296.164: [GC (Allocation Failure) 2021-01-22T21:04:07.596-0800: 296.164: [DefNew: 279616K->34943K(314560K), 0.0111107 secs] 685659K->489726K(1013632K), 0.0112034 secs] [Times: user=0.01 sys=0.00, real=0.01 secs] 
2021-01-22T21:04:07.639-0800: 296.206: [GC (Allocation Failure) 2021-01-22T21:04:07.639-0800: 296.206: [DefNew: 314559K->34943K(314560K), 0.0139871 secs] 769342K->563723K(1013632K), 0.0140815 secs] [Times: user=0.01 sys=0.00, real=0.02 secs] 
2021-01-22T21:04:07.683-0800: 296.251: [GC (Allocation Failure) 2021-01-22T21:04:07.683-0800: 296.251: [DefNew: 314298K->34943K(314560K), 0.0155513 secs] 843077K->646861K(1013632K), 0.0156552 secs] [Times: user=0.02 sys=0.00, real=0.01 secs] 
2021-01-22T21:04:07.728-0800: 296.295: [GC (Allocation Failure) 2021-01-22T21:04:07.728-0800: 296.295: [DefNew: 314559K->314559K(314560K), 0.0000223 secs]2021-01-22T21:04:07.728-0800: 296.295: [Tenured: 611917K->399872K(699072K), 0.0481787 secs] 926477K->399872K(1013632K), [Metaspace: 2698K->2698K(1056768K)], 0.0483122 secs] [Times: user=0.04 sys=0.00, real=0.05 secs] 
2021-01-22T21:04:07.807-0800: 296.374: [GC (Allocation Failure) 2021-01-22T21:04:07.807-0800: 296.374: [DefNew: 279616K->34943K(314560K), 0.0127850 secs] 679488K->495330K(1013632K), 0.0128794 secs] [Times: user=0.01 sys=0.00, real=0.02 secs] 
2021-01-22T21:04:07.850-0800: 296.417: [GC (Allocation Failure) 2021-01-22T21:04:07.850-0800: 296.417: [DefNew: 314559K->34943K(314560K), 0.0147376 secs] 774946K->576498K(1013632K), 0.0148331 secs] [Times: user=0.02 sys=0.00, real=0.01 secs] 
2021-01-22T21:04:07.895-0800: 296.462: [GC (Allocation Failure) 2021-01-22T21:04:07.895-0800: 296.462: [DefNew: 314559K->34943K(314560K), 0.0155778 secs] 856114K->661165K(1013632K), 0.0156722 secs] [Times: user=0.01 sys=0.00, real=0.02 secs] 
2021-01-22T21:04:07.942-0800: 296.509: [GC (Allocation Failure) 2021-01-22T21:04:07.942-0800: 296.509: [DefNew: 314559K->314559K(314560K), 0.0000235 secs]2021-01-22T21:04:07.942-0800: 296.509: [Tenured: 626221K->382302K(699072K), 0.0500611 secs] 940781K->382302K(1013632K), [Metaspace: 2698K->2698K(1056768K)], 0.0502081 secs] [Times: user=0.05 sys=0.00, real=0.05 secs] 
2021-01-22T21:04:08.031-0800: 296.598: [GC (Allocation Failure) 2021-01-22T21:04:08.031-0800: 296.598: [DefNew: 279616K->34944K(314560K), 0.0111865 secs] 661918K->468979K(1013632K), 0.0112934 secs] [Times: user=0.01 sys=0.00, real=0.01 secs] 
2021-01-22T21:04:08.072-0800: 296.639: [GC (Allocation Failure) 2021-01-22T21:04:08.072-0800: 296.639: [DefNew: 314560K->34943K(314560K), 0.0147702 secs] 748595K->549209K(1013632K), 0.0148663 secs] [Times: user=0.02 sys=0.00, real=0.01 secs] 
2021-01-22T21:04:08.116-0800: 296.683: [GC (Allocation Failure) 2021-01-22T21:04:08.116-0800: 296.683: [DefNew: 314559K->34944K(314560K), 0.0147923 secs] 828825K->629349K(1013632K), 0.0148965 secs] [Times: user=0.02 sys=0.01, real=0.02 secs] 
2021-01-22T21:04:08.162-0800: 296.729: [GC (Allocation Failure) 2021-01-22T21:04:08.162-0800: 296.729: [DefNew: 314560K->314560K(314560K), 0.0000221 secs]2021-01-22T21:04:08.162-0800: 296.729: [Tenured: 594405K->418803K(699072K), 0.0476899 secs] 908965K->418803K(1013632K), [Metaspace: 2698K->2698K(1056768K)], 0.0478273 secs] [Times: user=0.05 sys=0.00, real=0.05 secs] 
2021-01-22T21:04:08.242-0800: 296.809: [GC (Allocation Failure) 2021-01-22T21:04:08.242-0800: 296.809: [DefNew: 279616K->34944K(314560K), 0.0122881 secs] 698419K->512986K(1013632K), 0.0123918 secs] [Times: user=0.01 sys=0.00, real=0.01 secs] 
2021-01-22T21:04:08.283-0800: 296.850: [GC (Allocation Failure) 2021-01-22T21:04:08.283-0800: 296.850: [DefNew: 314560K->34943K(314560K), 0.0159209 secs] 792602K->602209K(1013632K), 0.0160294 secs] [Times: user=0.01 sys=0.00, real=0.01 secs] 
2021-01-22T21:04:08.331-0800: 296.898: [GC (Allocation Failure) 2021-01-22T21:04:08.331-0800: 296.898: [DefNew: 314559K->34942K(314560K), 0.0161466 secs] 881825K->688981K(1013632K), 0.0162707 secs] [Times: user=0.02 sys=0.00, real=0.01 secs] 
2021-01-22T21:04:08.380-0800: 296.947: [GC (Allocation Failure) 2021-01-22T21:04:08.380-0800: 296.947: [DefNew: 314558K->314558K(314560K), 0.0000233 secs]2021-01-22T21:04:08.380-0800: 296.947: [Tenured: 654038K->429024K(699072K), 0.0508690 secs] 968597K->429024K(1013632K), [Metaspace: 2698K->2698K(1056768K)], 0.0510123 secs] [Times: user=0.05 sys=0.00, real=0.05 secs] 
2021-01-22T21:04:08.464-0800: 297.031: [GC (Allocation Failure) 2021-01-22T21:04:08.464-0800: 297.031: [DefNew: 279616K->34943K(314560K), 0.0106117 secs] 708640K->511567K(1013632K), 0.0107093 secs] [Times: user=0.01 sys=0.00, real=0.01 secs] 
2021-01-22T21:04:08.509-0800: 297.076: [GC (Allocation Failure) 2021-01-22T21:04:08.509-0800: 297.076: [DefNew: 314279K->34943K(314560K), 0.0180920 secs] 790904K->583916K(1013632K), 0.0181830 secs] [Times: user=0.01 sys=0.00, real=0.02 secs] 
2021-01-22T21:04:08.557-0800: 297.124: [GC (Allocation Failure) 2021-01-22T21:04:08.557-0800: 297.124: [DefNew: 314559K->34943K(314560K), 0.0158764 secs] 863532K->669105K(1013632K), 0.0159776 secs] [Times: user=0.02 sys=0.00, real=0.02 secs] 
2021-01-22T21:04:08.608-0800: 297.175: [GC (Allocation Failure) 2021-01-22T21:04:08.608-0800: 297.175: [DefNew: 314559K->314559K(314560K), 0.0000250 secs]2021-01-22T21:04:08.608-0800: 297.175: [Tenured: 634161K->416053K(699072K), 0.0504117 secs] 948721K->416053K(1013632K), [Metaspace: 2698K->2698K(1056768K)], 0.0505577 secs] [Times: user=0.05 sys=0.00, real=0.05 secs] 
2021-01-22T21:04:08.690-0800: 297.257: [GC (Allocation Failure) 2021-01-22T21:04:08.690-0800: 297.257: [DefNew: 279616K->34942K(314560K), 0.0114570 secs] 695669K->506117K(1013632K), 0.0115512 secs] [Times: user=0.01 sys=0.00, real=0.01 secs] 
2021-01-22T21:04:08.733-0800: 297.300: [GC (Allocation Failure) 2021-01-22T21:04:08.733-0800: 297.300: [DefNew: 314497K->34943K(314560K), 0.0148440 secs] 785672K->590474K(1013632K), 0.0149690 secs] [Times: user=0.01 sys=0.00, real=0.01 secs] 
2021-01-22T21:04:08.780-0800: 297.347: [GC (Allocation Failure) 2021-01-22T21:04:08.780-0800: 297.347: [DefNew: 314559K->34943K(314560K), 0.0157540 secs] 870090K->675764K(1013632K), 0.0158485 secs] [Times: user=0.02 sys=0.00, real=0.01 secs] 
2021-01-22T21:04:08.826-0800: 297.393: [GC (Allocation Failure) 2021-01-22T21:04:08.826-0800: 297.394: [DefNew: 314559K->314559K(314560K), 0.0000215 secs]2021-01-22T21:04:08.826-0800: 297.394: [Tenured: 640820K->391900K(699072K), 0.0510785 secs] 955380K->391900K(1013632K), [Metaspace: 2698K->2698K(1056768K)], 0.0512060 secs] [Times: user=0.05 sys=0.00, real=0.05 secs] 
2021-01-22T21:04:08.912-0800: 297.479: [GC (Allocation Failure) 2021-01-22T21:04:08.912-0800: 297.479: [DefNew: 279616K->34943K(314560K), 0.0100104 secs] 671516K->470470K(1013632K), 0.0101262 secs] [Times: user=0.01 sys=0.00, real=0.01 secs] 
2021-01-22T21:04:08.952-0800: 297.519: [GC (Allocation Failure) 2021-01-22T21:04:08.952-0800: 297.519: [DefNew: 314559K->34943K(314560K), 0.0139269 secs] 750086K->545898K(1013632K), 0.0140233 secs] [Times: user=0.01 sys=0.00, real=0.01 secs] 
2021-01-22T21:04:08.995-0800: 297.562: [GC (Allocation Failure) 2021-01-22T21:04:08.995-0800: 297.562: [DefNew: 314559K->34941K(314560K), 0.0168170 secs] 825514K->625111K(1013632K), 0.0169091 secs] [Times: user=0.02 sys=0.00, real=0.02 secs] 
2021-01-22T21:04:09.050-0800: 297.617: [GC (Allocation Failure) 2021-01-22T21:04:09.050-0800: 297.617: [DefNew: 314557K->314557K(314560K), 0.0000216 secs]2021-01-22T21:04:09.050-0800: 297.617: [Tenured: 590169K->416065K(699072K), 0.0485941 secs] 904727K->416065K(1013632K), [Metaspace: 2698K->2698K(1056768K)], 0.0487224 secs] [Times: user=0.04 sys=0.00, real=0.05 secs] 
2021-01-22T21:04:09.130-0800: 297.697: [GC (Allocation Failure) 2021-01-22T21:04:09.130-0800: 297.697: [DefNew: 279616K->34943K(314560K), 0.0110215 secs] 695681K->503740K(1013632K), 0.0111164 secs] [Times: user=0.01 sys=0.00, real=0.01 secs] 
2021-01-22T21:04:09.172-0800: 297.739: [GC (Allocation Failure) 2021-01-22T21:04:09.172-0800: 297.739: [DefNew: 314559K->34943K(314560K), 0.0135442 secs] 783356K->576024K(1013632K), 0.0136411 secs] [Times: user=0.01 sys=0.00, real=0.01 secs] 
2021-01-22T21:04:09.216-0800: 297.783: [GC (Allocation Failure) 2021-01-22T21:04:09.216-0800: 297.783: [DefNew: 314559K->34943K(314560K), 0.0155998 secs] 855640K->663134K(1013632K), 0.0156925 secs] [Times: user=0.01 sys=0.00, real=0.02 secs] 
2021-01-22T21:04:09.262-0800: 297.829: [GC (Allocation Failure) 2021-01-22T21:04:09.262-0800: 297.829: [DefNew: 314559K->314559K(314560K), 0.0000307 secs]2021-01-22T21:04:09.262-0800: 297.829: [Tenured: 628190K->407256K(699072K), 0.0477661 secs] 942750K->407256K(1013632K), [Metaspace: 2698K->2698K(1056768K)], 0.0479133 secs] [Times: user=0.05 sys=0.00, real=0.05 secs] 
2021-01-22T21:04:09.342-0800: 297.909: [GC (Allocation Failure) 2021-01-22T21:04:09.342-0800: 297.909: [DefNew: 279616K->34942K(314560K), 0.0116147 secs] 686872K->500363K(1013632K), 0.0117195 secs] [Times: user=0.01 sys=0.00, real=0.01 secs] 
2021-01-22T21:04:09.383-0800: 297.950: [GC (Allocation Failure) 2021-01-22T21:04:09.383-0800: 297.950: [DefNew: 314374K->34944K(314560K), 0.0148963 secs] 779794K->583151K(1013632K), 0.0149931 secs] [Times: user=0.02 sys=0.00, real=0.01 secs] 
2021-01-22T21:04:09.429-0800: 297.996: [GC (Allocation Failure) 2021-01-22T21:04:09.429-0800: 297.996: [DefNew: 314560K->34943K(314560K), 0.0140098 secs] 862767K->657638K(1013632K), 0.0141171 secs] [Times: user=0.01 sys=0.00, real=0.02 secs] 
2021-01-22T21:04:09.474-0800: 298.041: [GC (Allocation Failure) 2021-01-22T21:04:09.474-0800: 298.041: [DefNew: 314559K->314559K(314560K), 0.0000218 secs]2021-01-22T21:04:09.474-0800: 298.042: [Tenured: 622694K->409914K(699072K), 0.0562235 secs] 937254K->409914K(1013632K), [Metaspace: 2698K->2698K(1056768K)], 0.0563553 secs] [Times: user=0.05 sys=0.00, real=0.06 secs] 
2021-01-22T21:04:09.561-0800: 298.129: [GC (Allocation Failure) 2021-01-22T21:04:09.561-0800: 298.129: [DefNew: 279616K->34944K(314560K), 0.0117637 secs] 689530K->500647K(1013632K), 0.0118592 secs] [Times: user=0.02 sys=0.00, real=0.01 secs] 
2021-01-22T21:04:09.604-0800: 298.171: [GC (Allocation Failure) 2021-01-22T21:04:09.604-0800: 298.171: [DefNew: 314560K->34943K(314560K), 0.0148590 secs] 780263K->579680K(1013632K), 0.0149541 secs] [Times: user=0.01 sys=0.00, real=0.01 secs] 
2021-01-22T21:04:09.649-0800: 298.216: [GC (Allocation Failure) 2021-01-22T21:04:09.649-0800: 298.216: [DefNew: 314559K->34942K(314560K), 0.0147556 secs] 859296K->662763K(1013632K), 0.0148478 secs] [Times: user=0.02 sys=0.00, real=0.02 secs] 
2021-01-22T21:04:09.694-0800: 298.261: [GC (Allocation Failure) 2021-01-22T21:04:09.694-0800: 298.261: [DefNew: 314558K->314558K(314560K), 0.0000220 secs]2021-01-22T21:04:09.694-0800: 298.261: [Tenured: 627821K->390253K(699072K), 0.0511678 secs] 942379K->390253K(1013632K), [Metaspace: 2698K->2698K(1056768K)], 0.0513059 secs] [Times: user=0.05 sys=0.00, real=0.05 secs] 
2021-01-22T21:04:09.777-0800: 298.345: [GC (Allocation Failure) 2021-01-22T21:04:09.777-0800: 298.345: [DefNew: 279616K->34943K(314560K), 0.0102197 secs] 669869K->468763K(1013632K), 0.0103210 secs] [Times: user=0.01 sys=0.00, real=0.01 secs] 
2021-01-22T21:04:09.819-0800: 298.386: [GC (Allocation Failure) 2021-01-22T21:04:09.819-0800: 298.386: [DefNew: 314559K->34944K(314560K), 0.0147257 secs] 748379K->546790K(1013632K), 0.0148263 secs] [Times: user=0.01 sys=0.00, real=0.02 secs] 
2021-01-22T21:04:09.863-0800: 298.430: [GC (Allocation Failure) 2021-01-22T21:04:09.863-0800: 298.430: [DefNew: 314047K->34941K(314560K), 0.0139737 secs] 825894K->619257K(1013632K), 0.0140714 secs] [Times: user=0.01 sys=0.00, real=0.01 secs] 
2021-01-22T21:04:09.907-0800: 298.474: [GC (Allocation Failure) 2021-01-22T21:04:09.907-0800: 298.474: [DefNew: 314557K->34943K(314560K), 0.0156298 secs] 898873K->704915K(1013632K), 0.0157238 secs] [Times: user=0.02 sys=0.00, real=0.02 secs] 
2021-01-22T21:04:09.954-0800: 298.521: [GC (Allocation Failure) 2021-01-22T21:04:09.954-0800: 298.521: [DefNew: 314059K->314059K(314560K), 0.0000223 secs]2021-01-22T21:04:09.954-0800: 298.521: [Tenured: 669971K->416197K(699072K), 0.0486100 secs] 984030K->416197K(1013632K), [Metaspace: 2698K->2698K(1056768K)], 0.0487675 secs] [Times: user=0.05 sys=0.01, real=0.05 secs] 
2021-01-22T21:04:10.039-0800: 298.607: [GC (Allocation Failure) 2021-01-22T21:04:10.040-0800: 298.607: [DefNew: 279616K->34943K(314560K), 0.0116861 secs] 695813K->502919K(1013632K), 0.0117829 secs] [Times: user=0.01 sys=0.00, real=0.02 secs] 
2021-01-22T21:04:10.082-0800: 298.649: [GC (Allocation Failure) 2021-01-22T21:04:10.082-0800: 298.649: [DefNew: 314559K->34943K(314560K), 0.0153863 secs] 782535K->588708K(1013632K), 0.0154834 secs] [Times: user=0.02 sys=0.00, real=0.01 secs] 
2021-01-22T21:04:10.129-0800: 298.696: [GC (Allocation Failure) 2021-01-22T21:04:10.129-0800: 298.696: [DefNew: 314559K->34943K(314560K), 0.0143542 secs] 868324K->663873K(1013632K), 0.0144627 secs] [Times: user=0.01 sys=0.00, real=0.02 secs] 
2021-01-22T21:04:10.173-0800: 298.740: [GC (Allocation Failure) 2021-01-22T21:04:10.173-0800: 298.740: [DefNew: 314305K->314305K(314560K), 0.0000220 secs]2021-01-22T21:04:10.173-0800: 298.740: [Tenured: 628929K->422939K(699072K), 0.0504173 secs] 943235K->422939K(1013632K), [Metaspace: 2698K->2698K(1056768K)], 0.0505478 secs] [Times: user=0.05 sys=0.00, real=0.05 secs] 
2021-01-22T21:04:10.258-0800: 298.825: [GC (Allocation Failure) 2021-01-22T21:04:10.258-0800: 298.825: [DefNew: 279616K->34942K(314560K), 0.0120871 secs] 702555K->516674K(1013632K), 0.0121787 secs] [Times: user=0.01 sys=0.00, real=0.02 secs] 
2021-01-22T21:04:10.301-0800: 298.868: [GC (Allocation Failure) 2021-01-22T21:04:10.301-0800: 298.868: [DefNew: 314558K->34943K(314560K), 0.0143979 secs] 796290K->593514K(1013632K), 0.0144904 secs] [Times: user=0.01 sys=0.00, real=0.01 secs] 
2021-01-22T21:04:10.346-0800: 298.913: [GC (Allocation Failure) 2021-01-22T21:04:10.346-0800: 298.913: [DefNew: 314559K->34943K(314560K), 0.0147512 secs] 873130K->673607K(1013632K), 0.0148569 secs] [Times: user=0.02 sys=0.00, real=0.02 secs] 
2021-01-22T21:04:10.392-0800: 298.959: [GC (Allocation Failure) 2021-01-22T21:04:10.392-0800: 298.959: [DefNew: 314559K->314559K(314560K), 0.0000281 secs]2021-01-22T21:04:10.392-0800: 298.959: [Tenured: 638663K->418216K(699072K), 0.0507588 secs] 953223K->418216K(1013632K), [Metaspace: 2698K->2698K(1056768K)], 0.0508970 secs] [Times: user=0.05 sys=0.00, real=0.05 secs] 
2021-01-22T21:04:10.475-0800: 299.042: [GC (Allocation Failure) 2021-01-22T21:04:10.475-0800: 299.042: [DefNew: 279616K->34944K(314560K), 0.0117091 secs] 697832K->505762K(1013632K), 0.0118026 secs] [Times: user=0.01 sys=0.00, real=0.01 secs] 
2021-01-22T21:04:10.525-0800: 299.092: [GC (Allocation Failure) 2021-01-22T21:04:10.525-0800: 299.092: [DefNew: 314560K->34943K(314560K), 0.0140152 secs] 785378K->579369K(1013632K), 0.0141097 secs] [Times: user=0.02 sys=0.00, real=0.01 secs] 
2021-01-22T21:04:10.570-0800: 299.137: [GC (Allocation Failure) 2021-01-22T21:04:10.570-0800: 299.137: [DefNew: 314347K->34943K(314560K), 0.0147585 secs] 858772K->658788K(1013632K), 0.0148651 secs] [Times: user=0.01 sys=0.00, real=0.01 secs] 
2021-01-22T21:04:10.615-0800: 299.182: [GC (Allocation Failure) 2021-01-22T21:04:10.615-0800: 299.182: [DefNew: 314559K->314559K(314560K), 0.0000221 secs]2021-01-22T21:04:10.615-0800: 299.182: [Tenured: 623845K->377244K(699072K), 0.0494292 secs] 938404K->377244K(1013632K), [Metaspace: 2698K->2698K(1056768K)], 0.0495642 secs] [Times: user=0.05 sys=0.00, real=0.05 secs] 
2021-01-22T21:04:10.697-0800: 299.264: [GC (Allocation Failure) 2021-01-22T21:04:10.697-0800: 299.264: [DefNew: 279616K->34943K(314560K), 0.0108977 secs] 656860K->461691K(1013632K), 0.0110030 secs] [Times: user=0.01 sys=0.00, real=0.01 secs] 
2021-01-22T21:04:10.738-0800: 299.305: [GC (Allocation Failure) 2021-01-22T21:04:10.738-0800: 299.305: [DefNew: 314559K->34943K(314560K), 0.0143430 secs] 741307K->539032K(1013632K), 0.0144553 secs] [Times: user=0.02 sys=0.00, real=0.02 secs] 
2021-01-22T21:04:10.784-0800: 299.351: [GC (Allocation Failure) 2021-01-22T21:04:10.784-0800: 299.351: [DefNew: 314559K->34942K(314560K), 0.0137518 secs] 818648K->614051K(1013632K), 0.0138510 secs] [Times: user=0.01 sys=0.00, real=0.01 secs] 
2021-01-22T21:04:10.830-0800: 299.397: [GC (Allocation Failure) 2021-01-22T21:04:10.830-0800: 299.397: [DefNew: 314558K->34943K(314560K), 0.0146824 secs] 893667K->695281K(1013632K), 0.0147874 secs] [Times: user=0.02 sys=0.01, real=0.01 secs] 
2021-01-22T21:04:10.874-0800: 299.441: [GC (Allocation Failure) 2021-01-22T21:04:10.874-0800: 299.441: [DefNew: 314550K->314550K(314560K), 0.0000215 secs]2021-01-22T21:04:10.874-0800: 299.441: [Tenured: 660337K->394158K(699072K), 0.0461352 secs] 974888K->394158K(1013632K), [Metaspace: 2698K->2698K(1056768K)], 0.0462636 secs] [Times: user=0.04 sys=0.00, real=0.05 secs] 
2021-01-22T21:04:10.952-0800: 299.519: [GC (Allocation Failure) 2021-01-22T21:04:10.952-0800: 299.519: [DefNew: 279616K->34943K(314560K), 0.0105976 secs] 673774K->478079K(1013632K), 0.0106926 secs] [Times: user=0.01 sys=0.00, real=0.01 secs] 
2021-01-22T21:04:10.993-0800: 299.560: [GC (Allocation Failure) 2021-01-22T21:04:10.993-0800: 299.560: [DefNew: 314559K->34943K(314560K), 0.0162440 secs] 757695K->556364K(1013632K), 0.0163425 secs] [Times: user=0.02 sys=0.00, real=0.01 secs] 
2021-01-22T21:04:11.046-0800: 299.613: [GC (Allocation Failure) 2021-01-22T21:04:11.046-0800: 299.613: [DefNew: 314303K->34941K(314560K), 0.0151180 secs] 835723K->640087K(1013632K), 0.0152170 secs] [Times: user=0.02 sys=0.00, real=0.02 secs] 
2021-01-22T21:04:11.092-0800: 299.659: [GC (Allocation Failure) 2021-01-22T21:04:11.092-0800: 299.659: [DefNew: 314557K->314557K(314560K), 0.0000219 secs]2021-01-22T21:04:11.092-0800: 299.659: [Tenured: 605145K->398823K(699072K), 0.0468884 secs] 919703K->398823K(1013632K), [Metaspace: 2698K->2698K(1056768K)], 0.0470187 secs] [Times: user=0.04 sys=0.00, real=0.04 secs] 
2021-01-22T21:04:11.170-0800: 299.737: [GC (Allocation Failure) 2021-01-22T21:04:11.170-0800: 299.737: [DefNew: 279616K->34943K(314560K), 0.0117963 secs] 678439K->490573K(1013632K), 0.0119066 secs] [Times: user=0.02 sys=0.00, real=0.01 secs] 
2021-01-22T21:04:11.212-0800: 299.779: [GC (Allocation Failure) 2021-01-22T21:04:11.212-0800: 299.780: [DefNew: 314559K->34943K(314560K), 0.0144108 secs] 770189K->569713K(1013632K), 0.0145067 secs] [Times: user=0.01 sys=0.00, real=0.01 secs] 
2021-01-22T21:04:11.257-0800: 299.824: [GC (Allocation Failure) 2021-01-22T21:04:11.257-0800: 299.824: [DefNew: 314559K->34943K(314560K), 0.0148105 secs] 849329K->652092K(1013632K), 0.0149269 secs] [Times: user=0.01 sys=0.00, real=0.02 secs] 
2021-01-22T21:04:11.302-0800: 299.869: [GC (Allocation Failure) 2021-01-22T21:04:11.302-0800: 299.869: [DefNew: 314318K->314318K(314560K), 0.0000330 secs]2021-01-22T21:04:11.302-0800: 299.869: [Tenured: 617148K->397300K(699072K), 0.0496618 secs] 931467K->397300K(1013632K), [Metaspace: 2698K->2698K(1056768K)], 0.0498335 secs] [Times: user=0.05 sys=0.00, real=0.05 secs] 
2021-01-22T21:04:11.382-0800: 299.949: [GC (Allocation Failure) 2021-01-22T21:04:11.382-0800: 299.949: [DefNew: 279616K->34943K(314560K), 0.0111801 secs] 676916K->483715K(1013632K), 0.0112841 secs] [Times: user=0.01 sys=0.00, real=0.01 secs] 
2021-01-22T21:04:11.431-0800: 299.998: [GC (Allocation Failure) 2021-01-22T21:04:11.431-0800: 299.998: [DefNew: 314559K->34943K(314560K), 0.0161274 secs] 763331K->561655K(1013632K), 0.0162364 secs] [Times: user=0.01 sys=0.00, real=0.01 secs] 
2021-01-22T21:04:11.488-0800: 300.055: [GC (Allocation Failure) 2021-01-22T21:04:11.488-0800: 300.055: [DefNew: 314559K->34943K(314560K), 0.0155419 secs] 841271K->643336K(1013632K), 0.0156680 secs] [Times: user=0.02 sys=0.00, real=0.02 secs] 
2021-01-22T21:04:11.540-0800: 300.107: [GC (Allocation Failure) 2021-01-22T21:04:11.540-0800: 300.107: [DefNew: 314559K->314559K(314560K), 0.0000220 secs]2021-01-22T21:04:11.540-0800: 300.107: [Tenured: 608392K->382055K(699072K), 0.0510102 secs] 922952K->382055K(1013632K), [Metaspace: 2698K->2698K(1056768K)], 0.0511534 secs] [Times: user=0.05 sys=0.00, real=0.05 secs] 
Heap
 def new generation   total 314560K, used 11579K [0x0000000780000000, 0x0000000795550000, 0x0000000795550000)
  eden space 279616K,   4% used [0x0000000780000000, 0x0000000780b4ed00, 0x0000000791110000)
  from space 34944K,   0% used [0x0000000793330000, 0x0000000793330000, 0x0000000795550000)
  to   space 34944K,   0% used [0x0000000791110000, 0x0000000791110000, 0x0000000793330000)
 tenured generation   total 699072K, used 382055K [0x0000000795550000, 0x00000007c0000000, 0x00000007c0000000)
   the space 699072K,  54% used [0x0000000795550000, 0x00000007aca69ef0, 0x00000007aca6a000, 0x00000007c0000000)
 Metaspace       used 2704K, capacity 4490K, committed 4864K, reserved 1056768K
  class space    used 295K, capacity 386K, committed 512K, reserved 1048576K
